◇ injected env (0) from .env // tip: ⌘ override existing { override: true }
[test] Starting screenshot analysis integration test...
prisma:query BEGIN
prisma:query DEALLOCATE ALL
prisma:query SELECT "public"."Meeting"."id", "public"."Meeting"."title", "public"."Meeting"."workspaceId", "public"."Meeting"."createdById", "public"."Meeting"."date", "public"."Meeting"."status"::text, "public"."Meeting"."createdAt" FROM "public"."Meeting" WHERE 1=1 ORDER BY "public"."Meeting"."createdAt" DESC LIMIT $1 OFFSET $2
prisma:query COMMIT
[test] Using meeting ID: cmqb4jf5f0001196qh5ib80kt (Screenshot Analysis Test)
[test] Uploading screenshot to Cloudinary and database...
[test] Test error: {
  error: [Error: ENAMETOOLONG: name too long, open 'data:image;base64,iVBORw0KGgoAAAANSUhEUgAADVwAAAccCAIAAABt5jzqAAABLGlDQ1BfAAB4nJWQPUsDQRCGH0NA1DSiooXFlWnUJGI+UAsTNWiZKES7y+UIYhKPy4n2af0R1naCjQipbawEKxEbe0Gwje/dFReQFJlhdp59d9jdGYgtIYunoN3x3Eq5aNROTo3JTybkgZlW12G0qer3Lax9XWF8m2rYXUv5W+G5elxXNsTzzZCvfa6HfOPzled44luf3aNKSfwgTjaHuD7EluP69e/irXbr0or+TcLuHFeVa4plylzIm7SwWaPKOWeYohR7FMizrrwj31CkyUgpkNUuRYkiOa059qXkdZZmN2BV+PMMn+x9wHZ/MBg8RdphH+6zMP0YaclNmE3A80ukRTN2TNcMpLgiZhfhZ0Gt3MHcF8z0pC76xyN6Nf71anBAB4tVUUbdpMn+AQyUTdocuQPoAAAQAElEQVR4nOz9y7LrvA4uhhIaI+//HuchzmmdShq7Ko200k9l555Udm6NaSImAF5FyaAMWfKQsP7l6SFTBAmCN/Aj8Pv/+c//F3AO4PnxJHz+/3/53/7T/+///x+8Q/ThCaD3iBh+en6E/+iv5zP3/ME57/g3DG+EFzz9hfHz+S9Qcgi/ucDo+SalJHaRLeVOXygFFp/8xFEWnD49iy8v0NpvkSZwPwAPKXYoYPgs+A7n+JIk61yhl0lZ/L0ClSlflI7kCVGqwO3+8/PzLIgPjez4f05KBdLi+iqlEtblbNoRXlbFLf1WvB0bCQFVjbIs6mmannLwUc07CRu1kGewULYVWq096nKjdiuKhlK0ud5SB16nZ8Wnn9/QzI8H5uZ/T8u1KqPlougmnJ8uHfWC8u+f5xAwAT5oUKtTOgXhgLS0JdQkgvTxOjtczgSm39Bzn+rvB2qiTKms75AMLYnGLBf6P0wkgKVxR1sRY8no+4iW7SwdwG+YAp5z8oPm7pShpa4ONC+vAV4y1zeIIulEaZDXNhYZEukqrRYNglLUatFQZWkN8Pt87eH/LVRfN8h8YvSAJd5OxXWxIjDBUwe8KACqJahLCK8nYiZt25nOOM8p4OcnrKIe/xDfXk7vRdo20Yoa6iHmOf4/H9AiuK4lbtbVPhkvekayXKTpuQT6CZu65y5IKz8tmevMgGB0BLLrDIuAuGXtc17KoE2nLCJYy6bMb7kIc42egvpPYcPg/ZYymc6HA2SU4XMD+JwB/ePhnX4JrNwaGI8e8PZM1+UMQfsnRxqwuPM2JVMxE70xLDyV/7kGfrY/FlsA62HGuCZoneFzBUS7ALsJwFj3d9gkxgx/fp5DQBgBHv6xXdXtZ2z9ouJdWQMNg7g8ACzwVZJ1Z9KRfkvy+1wAhRHgaQXzZjZes1QjKwX1TDJ/EEaAYMivDZG7WMDNyKo0U1SApxXEdqBBe903zlGOXYicwRSgXn3gMTNdt31/SAOeO6BgB0trALAtob7hrJtYkQboIOyZUrELMJ+zrWc6UKtgWgM8m3/68bQH7tkBzTc5StXartKjfJ8yozVAUABnbgfQz2FoK+rhGZHtAIqEL8l0Hhlgvd2++uwDdLLvq0zMdVBH5jOnqjcFU6DAGJwVLao0Lv7xgnYZjug4+CeMAI9Htzk/tPibswH1BKHUwhU8QDgMgDAPUDnA1CaPO+i0dX6CDMF1Yep7O5jX2Zia8k3BGjqFvUCbTjllq+ldVZ1nZ1TCYA18pQBVetPt7pABU0Vja4CnNSiMAH6jObzIKVe5qVEeVbLooHoR+P9inwXJCuIzkCMLyYxyIRPuc4iJ2xbgrkw9Glz9EARHlJgCv/n88guuQgQ+v//v/+n/YHRQWBr5jOuTI3PGBRJcDAh2BPw9/yK/xk86aw1gNP7NMysUjsUgGWdh/tETxAldLdicuD9jQf0JczVM+KnUFGQLcxEQgJg5dXjo18plUbplDc3lF2owLzXw7/M6yifOa9vJjWXL9RTc5SSgTpeOw2RsWZkP2oyj4BowZ52g97nGgthk0JuLehg/+xnhguQnv9gYIbMpaCYPAd15u1QLIf+yEkQwK5/rFhrXEWm5Xq3RalG2ayMhutzOHlgdkFuOO22HvzHpczTdbUAaaHL2AB562wDVXALqmhifOMYGVBCs/UKDEC8BnDGpIRq6imgN9vqlNw8kE40xXokJW81PqwxDE4mGsU5nZpKBKC181KXXIZlo8FAldFoCVeoB+b1OisEQMKFDDWfUGs2tJfPQZQhjqoU8+scJvEO6+oJ6KY/bJbMgK+22c7EikIDitOJQt4lO1NYAr5Etk+piAOLEi+510Amo+XqwHqi1op5Uqdzs5C/0Guh0baUmDJi8LdMNTFfLouabQkEez8EczCcm4wyVuKhx8xtvODcsANpXtMitAVbKcVWrrPNXYeG505Ae86zUmdGmUzBe/VU2wM8NoFIDlE2sHDDRHvQxOhzFei/dirEu4JiVTkHvLN1BLDHhcmQhOktRjwzUzppe5xjWALCmADuS9fGz3kKdu2c0bMIb0re/FKMm5fp3dYJ4Sm0YD6cVl340Asu9lX4aYetHMJ+vHgOY92LtxgXU6xltg8wXuuCmh+sMpF0DZi9LLenmxA+PQz6awha3wS1Z43X0U52t/SENmHx0tJK/OsOBBaFZqkDvjB6AwIdrub208FAwXSroE+rXjWpkAyXzL1OrG/hty0xD6ororJfoXLkGcPl4c0bWnU6rDNYr73WVDpMgwtAF36NMPfb2h2A7AnC9w76SrfGCdcQcairqWUXoYpinYbDyj6C95agdLZ3tDt8WNc7IeHDKHaVyMWM+ZZsPRz6m5wPShdPtAevlVkNAl605mG4lw7gVdrjDatB+e28smWjaguL7ZrY4kNTaHDpC0P4lI0D1GK1NFba3wg3lB4KSUueqTGW+BrAyI+LsT4Tk5+4NygYS6P1IvPi8GwpTLBQpIJYI+BeQ6W5i925sxALk80uPKQUD/EI7TmTbnYKysUs+FHMvzXOTy6wFbfVbIgIn2hL9N//xf5TlsSyQfVwqh5M+T5KiSQ7oUiUZUTw9CUk9W9flfJ1/lFwwrsEToit55hFxoAjIyaTiRTMQausTumrnVv/SfLqUW3rQNLQPcvMF/nFZxROmbp5oPqzAi+WKSCBivVxqrOYJCQ7hdc9b55UzQBqOqC2CizxqKHEVWKrwustEPe+SPSx6DWwelT6r2k+sXPbNu9us+cNfD8iyTX71GAH383xKN4Q9ytNe+aEWBLyqrXxH31Y1p2rfarNoJM+Vf2DNPCdqpUrw4RdNF4aagAYSP3FJH7GbVEWv1HSclHhtXQH9PCmyPbDFhCkXAXqohHKqG5g7396gPhfAkyNHce6h95PyxvHzEllucvSrt1Thp8zJVaZfSKZffViqv+12l3KcGQKmuPKnG9IlWt5p8lte2IKrxsGxEr6ut1YyXgNbnCYEngMVmqM9gjMfCHUZ6m+3UEUmD3IW6n1X3/a8qa8fH9bz042rK7+FdXDyFOhsd/jwSa9v4xkiTjhBXPCv56Webg466Vdb32adk29Gdn5Rriq0DbfDVdG35+KApOTb0X7AW7C9PzxdSm2qsa40yWagsQUXdcSxcVVBxuNqZcIbqT0CyLBXT5bWuoq2vcnsOulzBpx8mP5oDahjrUymnLKdMek3EPRJ1+LIU+DC+KnOb7TbvcrOeunRT/esdVCAR9hPReuBbU2GuqNZIjUFh/GekVHmumhG6ilWmwyzMYcuQJO7/M2mjx1cgikJ9VVeIboc4nDocrz5RGc6ueuXHp5s33Qt2MZTII5Yo1T5OUv1mlcx+Ml2ERPzIm2H3oaHzn5QNp7eDcmL/imowAHbkel6daCTWKNwYouHEyZSgPdAgdZePkaye2MrxF5S6RigeKbjqmVrvIMAtJ4S5cb8wyS3XcjYjVzWVpQ7gXxcudF4h+ayGchPOQavJGJP+eGQd6ATe+Mqq89TjHFRSe1h9WYYHqX9ehO6tovM0gULKIWMaJfBtqczw33zFVfLXSL7XOothN6h7pny/JG18U1PzHliSLAzAMRoDbYwe9JP6JRs3x49gC+Wx0lAOxIqj2IPnB/Gps6pc3O+Iv3C+91paRsNHLrUyy0kWOhzOmg3QnodVHN2diQ+nWwInNvDHGRuIrE4ip1Zzanbc3zbNxuoKR5Wo5PsuuicPDccyKAYEV8VRhB5cILodgOYBXKsO4EGAg9ZhPCb2HEfwbxAXGZEkBD5/fN16NGwAvwVxiAYwv/uf/if/+P/8D+lGMC04mNsX3L/J2eHmNF/Xn5ymI0KgrELlhaCnYq047Gjz2Ff80f+mQHaGXAgAzRUqTuEM/AZvgCfuTD6gZ+Cw2TsZo69v3CBe8urDO26Uuj6E0uYcnzvVedklh13eNj8G4mVSdrUi5+8lLgWdV2zrlQBND2PHNJl1Fldx/IPaCqGvdyIpNjQSZkfsz9oyLKt2FOv8PGOGOZXV0oADcc6UVUIbB/VZXPlcr+ScvosMva4Jo1Kl2RNs0ThFwLEssNwcDjrAGWTWruQsceaDARprBcBOAFGT6hVOmV+D6clS8kIxFrFdjHDEDaX5pdgCAA1JEDrH848bqbyAsHYsgx5iHDL4YMHrG9DK29NQuWJ1NZ9e1hQEGq/6QBKUQ9AUsyHBSUpMkS6S6Gzb6HXAo9UqQZONXTDglMTxhKQCchT5KTlZGaErcfsPplj6dbMFM9JENjj9YhlRpnMuom1w76S5+QJEID+Zei0gRnbWlf1rgRUNOPsaQ/kZ82vHX7NlcYp6f35BmK4GHRDpkCLDfmWhNbZiW/+CAusIMtlJvqKmK4B5qne7P3QecB7hXYVgcZNrKzywGpLSav1oDuHdOFxIHTguwvvugTuKJIVH0RMmNfvZZbIdG6yT9pJR4YuGvrS+K8/gdNyNV8DmFLoAWQx9LZWYFuybJHSxhPUPhhIOWoe9lK+JntnweYWkhVOkCIoGMXP3VgOZ0gDne5Bd3cpdORasgEx2850ztkuHDuAgLBDD3awJnwwmE6ITm9YcLb0Cu3HN4P9wDGY6VIB7Yd9dYuIj9gQRJm+vAcKHKiLcnnptLQViCBMgG6GZDOY8fCrt6Bru7rKLb46R0wnlHY4L90OAgY3a6/ZOh1hvb8Lx0QP7B8G6yri1GRuWLDhS+d44ZDJPH6wNiFozWXWJiY5Soe48cfFRKY0UkLT7WRnnQsBC+RC+Nj6V+VuVz+zK3uTsVcOzcSEE2WotANrHQTMQwL2s3Na2uceoQf2JQMLDgLUM6x2fFsoh/rxPN3bpyTiZctHFyFqN+y6ZGpd1eaoX+aN2NDxlVMr/SZWm9J6ZNXPI00J/RRK3YRQH1j+OmtSLqLs7I3AFgG1Eh5lMbDtm4me658JnH8PGM1la06Tip/lA/OfMpExXC6H9xUTrWNMocyefDpKc1Uu5ITRayAKOtDLegrZKeAjugx0AnxInsNyAeGXCi/N/3/+X//Pf/iv/uvoMYSgfg4Fn0e3qAQ3gQIIZCBdBAV6wQu6CK+JmCQGErqYncvAq5yGy8MwQgZt5U8qs8e5aBcaLNaZpPfoAOywfttPOGE6FivaqZM1rMHO5FF04Sh/uPmwiK7CDK5RTKrc1OGs8LmELE+G9LG60AKANT/shVhkWOnrgjQw1TQ2YccBYKcQM6ePRRXXRT+vTFy641JKjMhT8gcMlcgzqyANiiDegsKw+MYiq9B5hYtNSYJJtlkYrSDR1QraUeZWtrVQeNveFrMnee/ncpvRNCFjjvHhO/FzN9Hby7IZ6U6qBoLGtn8HXyns7nQ8vxEwvarSymroY92txXidPGvys/1HLkcp1wr67JQpdbIZxa/S1MkGwYV06ooYX+FSL6iVNqae6ssUsPFiBKp+QGt4qCkJItCjoYdwrTD1Mt/HFclz/YtTuvLRrb56c6UjqlUi9QAAEABJREFUyMPR+ivWQWpwtUziMFz+dm9mWKYaOGfSJTM9f36uWB4QHX6vvgDmw6D9YYCySVzbxHRzqVd/W2y0NWJMP2Diyq4GBBIwWwIZkN5m5SxpFFFM21ioIRHYSacgbdDYzWue5Y2viuZHfiBho2d4d9ODq3mne48AbPrIFPR+IusDxU90Kt5ORVVm71de3cROSxI4OriLxeUXdzibNN8kvjWuogACHnnLbWwD3rw5XUqll43OpgzR4meRmxsroSkNLCqKl8SW5N/I0Hx9btxHVtdvIXwmGYL8QEXM8V22qyN9nwMvRu9VTKR5xAB7jVEbj+avineQeqhX43WMhyPt9plsV+5tyt0f0XoEPkgT9GLBVAIvYlhLpyFlbZQO/vXd+K0WIe8XjAqNNnhT08fA5UBlhqbDUToVerkHVJpvqqSrJBcSNClxHzQM9Zfo1CQe1NSMNXkNNLEWQTWugahO2fmR6zl0MUCZ1LiJd1hc0gYVCgc2HyFzPwIDQcUbBhIxEptJUOlxwD4iii6V8S2WpymA3CSoamMaF3jg9MFcN8XxlMSjRFg4DFJ6A1GvyqqT7LU39PZVXTJYzYNuidaug16S5ZrHDVR4l1MhwVas7YXcUWRrSZknQtnzzF3kWB9qaMlytCR6XZEYPdhyh3/I2a7rzHOLKaOPPZkAV85M3EuahbyrbztA/hUEuxPxZ3n8ZCQZ+/8THJN4EYSqzIBpn568BgYUIH0S6gmSy8CMC6TUGdokjPG39BH4H/6r//r/+j//7+wJ0KVFspcjs4gAj+s2QQQ68jOHEN/0XtiRmZne4Zv4IixeechZDMle7FEo8ZBdnOkTTq2Sb/KHB/XapX4MnHGrizkV5xhgwd5nSETT3NhBdVU/Z4+E5cP5uz01gnVe6WnDrwM+4w1silXbZhs/MUk16oE4CvbJ3SP9DjWqsSpcr5yv+0hsQ1lf1pXsvB63arW3xYjo6+7b5q9DLp33pY/ASm149mv8ZNVVLP32yUuzEmDvc0BC60kqQSy/jZntywGYasROQdlLhmvbt+ldOlKfUjslqRNunMCAwrJ79BtvSOoXKbr8R+IR62hlU0cX42iYf6A+fPAOJkwdGZsRgeCmnmZNvwIKHKivqibbwSuLtNVYFuCw7Cn6UdoCBm40qTlpEhneUk5Zvk5BnpVpnaMRo/6CtiWZW6lkWfjsA7ykxMeCqPSGD9PzHmOE8qq1DOM6GHGHXba64awjU6NCVwMgxHHdDT0EKAdq/SLAtlWw1VWIPiK39TI0Hgb1jLXpltn6AIlmG9hjxOWhriJqnVJj6ZQ01unkcp7FGGs9UKtn9q0uFor1kl94PpTfYjrU64Ix49Wff9hi4iM0fozzqnkZFl5qMrOeIAaILgcyIJr+7Bdl652T5aTK0wXr1WDXS5CYuerDMNPznm1INZN0mgEEZQWoKefojStDMm0RVxh8nobQsPr1IYTc/Cigr6vzh/omVi6AVRUBdb9bHc/lRJKvhzlbUo9aaAuVGLiKNhEa7kX02IHByLYXS+fUpNSlmjsZYyMyzjfguhxN3TtJeTTZiQn8bdZIeyUJcKSs8uhKYT2dfrRUZjnoR+7VxDfi48Zy5Ld1BLX4rug/hQ/mfGofGgZk7yVIz1qRBtLh5Is92xzDt5heu/s7zC+dyydTk3iH6trBrYc3/bjgtGSxWUPgA9/BMwiFidW974N8E+nHInGYCtAOiPvSyBbHehfW5J7P3317sq7LQJVq4FDDuglAl8Q7p10GbDidWczWXBNG4fQU8C85jH9D+CMV0aT9tHmVncTsMA/rydxDt34DQR30VfjgHfZC6vxMj5nm2SNy9Nim+vbn8rbjue2iW3BNpnucEf4qQv2MM0Q/UQEs16WFLKH45GG3fcKeAuNUWfkITOjA6EmXty4MDXQMj6Mlugd2c0BQ7xBKmFSpwAUKAqzBBf7+r//b//6//qf/47/9j//jf/vf/08ZGIXpzhxi3Ccn4jhjwRWhj6eojKegc+V435wwgbS7YAygXEN+Mn48SidrmWG1G6U/V7pDtmDj/LG8DE68P6xbA5BE5LlSKEa2ASrwYhkCpu/GWCKwYOGz4gbFpzyTt6kRdOXnJCCuD4OnxP7+basJeEmQOewu9uoof1X+OrD4dPmz4tKvdPHzYlgcDGeiHgqn8eBcwwtz6OEoYKWKSEcuy+nK7DNVi4B+vdhU0dzkzkkxYmBjMaHORoCkJVMP08SePj2dipmMgcqBWt/JlKsZ0LdJfVZHoLCOo7ihYUDDWDuF6SWoOzZYrkg4B388ZBvotVGB1S3i1GS5BNZHo4ijdRw8l140V1btclAtalTl3fnluUaYggIEV5HYjEGvCbQLdFBOJfbWAk3S6YGPCZWIMG0Ma1Uq65o4PSI2mr4nTzYgAoV2PUUpFzPmF4Esj70DrfTixySnAuFcEtAYsqAfVs1dr7w2xYZ7QQ8e/V74CrWeD4eytNWt+WIBIiYMm8e6/JyaTPfusuB/j+vkxQzq/cDUORn3dq89NgDVc31FqLNz869dOh84XNCp0FFAq1l+4bUfGnma4zCwROGYVwSNpk70/8gI/BBDhxvIcH2zbX4/CrRg60FTMQZn+WHsWzoPth/fdBXx+oooqVeT0GMnuhZVdACtb1pbpJparU1bhO4jMyz+8TqtksY2YRqy7k2xiSMiFOPNgG1s1G96yz5C9HaGz2Xvj7gLdmrSrj3UQcnVqy3rZRk7yUFcD58NAxnqUmkjgBr3EYR5iwBEYNQWzrhDi6hIf2WiZdCyi0FzNtlcVtiar450yfTRatnOxDHzcHlG02oCDswRCvLWDvb6pQtjP4WOfVY/OhMwvqdkj/vUZ6dhLUP/S89biGqAl73JQDm+6RdR5ZGMT/4CZymNazLiVk2ZY/zyqvVe5BCU3o9Ud8RIqCHt4anxjCNGP4DoPWTpLMAdRlrBbJUMAREIFjpgCCrf1yTSH2po5xHTwCmEtgBxjWSRIRHo3tFvXVSpBi64SycO+AxeA3SrP3K0oEqrBY3r1wBvb59p7pjCUYhPmJt38vsywuw8aV2UxosZ87XRSIvUeAAkzNXcFGZ9WW4HnbEZMDm0JtsDnYKOcgHozBdRceEfDMLDoMA1qVa+/RoIYDtQQ5GeTA6QwgGj/MS+nOhh3Kfw5n0Cly5lAUcTJpeBrgglTFFBHDnCYVY1LvD3//tf/JcBC+R9BxFIiwOU9RHKP5h+IinQn5730siVE3hgRFrTO1N0NEhyE69tAsKLf0fXgsU9rbLVS1RYFB4f4UF6jBkg5bhjV2i9nLD8CwkT5hMqtmlaLL/iLKP4g8Aw5UdcjabbEtbfBHxWgv9mydsfpEFfQiBT+iixwMZz6MSypEnsUHOIsm1rhx2QH/brik1Ne3MPzhuqiBhcfXKI4G7D5ETzWmSCGIxdtNBjL5uy1G4lt7YizY8dcSaRZ9kmEcy0lyALfRXFzK796hZ1iSHFgaV3OGvBsqr6TYJ2neeUpGU8cIDkmz8ofvQcEqFcejs16ZLas11M68Np4C+N1//SePxOhlUqe6cSxroVJ5Ufx5CwhSOBAYvte8cV0Emm1+ripQWaVw9ALgh692gvxigIBq4CvyWZWSLLFglnM8Dx4xUqi5ZKaG8oHgWwhir/OPYV2uOhXfHrh1+dEWfkYpZyzbOYIV+c8XEFbIAyrJINmmbsSFNAHya/By3TX56HGZfvY+NqL6/aEEAbKDdfW2lRmtYVUa4BQM95MUfyPQ9y3UtfEfOb//BmL26eaysi4xvEzScuptNSmcXy/mAkmpiS70Z8EhkYfpyjjWCV4bvj6layBlqt79GceAp0ng3imnzTLm2dzCuipMGVdzAd/RS7xhkNbDZUpA5zab6F6K5wyEcUH4RAsow4S776c3TrYUG1cw9Hgb8EinqZ2NwOsHHbvshW69gvD5g8FAeTpX8nFpneoqFShpFhVamEi3UjRNDkZBGo3j6bO/LUsjYeV0OtgTDBL5Zy5ss83bAw0Oe2agIC27DdRiOY9YGZ5TK5z6HNKa4BnClpDafWS4BhpEQ4xJjo6GapKfUzrOWwYAr5IOqGiP9hUOzTvF7awfTbScuEaCpAJWu+GR++eW344FkOr5+M5djh8e5Mt1gEJDgQOQyGTqe1tD9QQh0c3Fr7VyYI8PHACXFoyin/eZ8GYmKrshvUQZTbocsXAPS92Dqh7dZgJuinAjAcDrAJm3bUMs/YvqrJTnwyIeo0Z7RF0CQztaVHnyM4toEh3w5cuhgweLjwMoX1sGpAEkPU6yGL9JZ1TbT56c86B2oDLz0F2i9Y9bpquiqba+HkKXDYNmC0szJLjrNF9Zz4MisQwI2tqAfIqCLbKIwAEzwPxN+8H7X0Rrx+kJ9AesJInWTFAimPOOcGWRFC8h04uQyVo3ELon8DchVPCHdfhxJ20cbtu7jAXydH4T4i/wgeIFBAz3jZDPILnw++VBeuU5EN3cm75GuCV5MYgYUhIIPPXgUdJse8UoQILZTjafpLgFAQIYoip0awxbodC8FnTBOKWqe3F+gnQAImgUW6DuysatnkoK9NNC/EMr1OMssNVtLInyy8RV653Wnvy1lOhBmlVsJ8Ih4V9MWIUFQDsOE10G3K9lp9DXqfvs2sDq8s0DpI2RfVkkfBU85zL5gdZfXXwDAv9rwStQLORFinwiofASS9kmEDlcA2vHKVwYzvLLeg+bwIfLCryLpQW2ho8WFKer4zGXrAmbvgIwKZDqVD5UJqZQcRMIEQxubgJsU/1AZM5TJAvVrQyVp9I2HsKJFqD7gSPlmtCfiec50eH1PnYXOFQfKR6Rjej6N81Te93htTevlpSaHTIUnYBXit+qv46hrO6weFd9bea+/y2scvTHw40Jt0pHQE5fV89VrYJz9NFDws7oJMT6RGnEDoUtqicDzSaRCCezn+m/J1Dpy18ithTGF0g7okFEF+81mAuQVYqQgWgNPnBniStacf6HRgHEX97eDVW1/ngTruxxezKSW9KnRfHuSsFGqgvJbKP8/Nk7/o8MU34YN12ekBAaanGgMRqVZ7CS3/PT4wrQAVFbedIbSq4K1HYFZ+CJ353/PLY7EPquc643T6E8I3/Iyy4YzvhAzuXnFrp1tOpx361RlqWD8H/n9y8fdlfkrSK7WWl27diMOwnmCt9Nz9H10ziTIbpyTb9ZvFxYBoiEXndDej5DVlKuuDK+tR8OeHdeaBq86CR46fjwnBrHYlO3/TMSoQ7c1eM04a0mnCwEXg1bYLNZ8IFdxxlPaWQLTe5qzFPuDJW0QturM8fuoqYjy6DY2Wb4weSD8wMFROdMB212k/bJlOOKHyDI63s3xr7wtZHxkMgNWhKIIEj+4GTDBuO4//VOnsL1wtE0jk5DVL+CLhq5+NzwLet3u0bPm0PVyPAO/w/ftR1i2ntaFv7r1TcI3B/aDuAmC+AFamU844pkEeCVSB7CUJImUAABAASURBVDP3Jel3dZT3i1Tma8bRqTOcBv5jUAf0SjNisnrBOh2260tnSCv5ETQ+QGLiIGh+5qijgyQjkye8uB81sOfUBhOzFqCesPlrCg84csiuZDtD2BUWOXYtDrSyivT1HY0QYlpMDh4ud0S7bDTsaneA0MmnfAbyOHcWiNBMR23x4O8U0YVaRxI8aJAXaCCI8x3yUge+cCgYQwnXuMDgEti1uMBfJ4ZAKBGB1D95cYByc+TBfz0SgIsiBUf0HwH9QNB+8gZl5Twm1YpjrICPPD8TNJNIybu4pqlvKuRPJ2+xG8AEhGpAYFzlDJNaoeAlKCAdy/MAnIeLjRnVUKtcLJw1+TrXXsoG27XwXgP8Si+llmnTFuXEuuCiT7QKqEEM0AgdO94Bi2JiPE9D6MwXTXFnb3cqq19eQp0au+GV86P5OI/hbgSyYVgh+aLktW40snXcyRbLXWTTSLXQ4bKUsZl9s1FETJ+F3ur22eEYnB2OlpigXDZ1M4zT3hPuGuPaZgDwQxfD2jlAac7z5kargQyVkUxXMnyECRh5PNc3ylEr1nd8RSxmiH6S2CmLC9N+ReZsQLea0WY3IECl6XmWjHxkhaZ/1G6i9McfmkT6ethrFipSBD8Jzf3I7dmNJdTb7s13TTR3TpNohe+fiA8cAsMbyt9hrB+MdGVcsZbJQtQPmSqUkhm5AqdkrB/fVNnJ2o2wwS9Sakk3LMBhyt8qV2h94JVQzddpSL951gaMMx1+XyScHo6dxPiRw4CjTjVsBxmXJifg7cGyBKD5923e6qnT2ENAe+hLQQYm/gmbXwzZOr3h1Fpn1jPlFRD4HDjuFWnvfthHv9UBngYVhgwdXPVPucrWLvOM1wB9yB1fzA1b4BITpsxQR+r5y97vpob1cwj4+QEVKNAaMbZWX1z98z0qrXkTcrCcftSs6aOOS4tU2sWHmvVyhuEk3Lt4rVtL2nFGPe5r62F9Wuyn5z6IdkDeRMvU113UixnTRcXctBWtANgeBpva6eJJhi6tggbQPy91hmLnQf9WzHYhaPc4Ay7BlLvdwR2TAMJwab5QT0zqimjHS/Xto4EBc0YQAWExZlQ8ibGjgy7PEGtNImDrJY5qzkqOynTWq0vQT4iJtawAwyIQOodETkfaGmsnCH2fe19nku1r4yS49s5I4azHGSVXHt/ooG3VR5QxX3MfY3oV7DySaBkelDcbX+U4J9yp4VSkOhSl8EleMyGjcoMPZiPqGA1bB9P6fwERZSRpLEfd97Mbp7UJgvyE0cEYHQ4ae0MfOE6xppHNmiA6lvNS12OHBtZZZt4UIHrYNgtamwG0ZMkXZB44CqUxZARTVMdpCeUjuIp8WJw6Qcy3KINAdugJ+VaIm26I6RPUKP4JMWSwnAek2MHsM5AXbBPKMZZACTlwcImQK3GBhPv7KXCBE0OWfuP6z3P8lBjSF8VHIKlFQgQS0g/IoQA997yBZCCgj8n5iYuuZ3ycZhATEJCZgLggTOsErI9kn28mL2jtga5gGDP4KYIa8/tsSSmS9Mkj+ctjREyUoKtyylw9lPCtXBiScX4M8zR14Qtc2SrYLmkHwMYhpJMp/cHqPgGbwfHxr7oaAVwJhkVmFXVu/jlWKlagTn2xdnn3sht3hdVJJPXxi6DGAKoNwIjgKS/1zA7lqMmvioV5SEPfCXmMsHC5ey7hTppWOIXKNl4Dq6brCyuEDnyQj5DQ/h5XBPrJK2sNZ62K6dcpUP8V4keF8atZ4iuX8qbeyyndmKM7RX6LnKew9wnju3+g/pK42mGJenDQtbG9h8I41pOvEL90JNa1h0K35d/Z/vWZW5qA58NO8I/lf2n2+1cD8U0Pd53evnqAZSFGTFBGz1TqqpK31uRtbkxhazv4B4cNcEv3g1FfX9MSbrju/QaztB7V1+Kh7ZtOTTrWtmIGIOfi+NLFzsgOUZlUbyKxPFrDbjmgiwpWDoN60Vhi6XBkil36AQgTT8Pfw76Jl9nOEupsPd7awDrBNMkuceW6ascz/bukniKUHLeuk8O9AOo47WGQrjcN+Lp1lr144PiDRralTOExBSjE48F2DWfHemv8kXf56gEBXD7q/hNZcRamAN1wRKOoeZVVpMTTdxP5YHOj1vfJDGoNCFDTDsu810R2RV4C+7cHuDG5HWZXKKPtiI+8B3bXdMqJbkBstnXWrwIW+QLdimKj70A9/Lt8t5F2XFWfXFF2FEC87yqyTqjj7SxJO3WqGwTmD+gQdKvHOmWDqIe3Dw+CT/NXsIQ8Hm+7HZrtH5QTk/04OKarYlvDRVCg3uSnXg8qs9TtmNz2BbDjpS/Q9Bc3QSPDuflu1zydgjWGmGmyDXiZn5LgmCC5GwzU8TTygbOYKSOkP4PYvl5dYAuql5drNk3Jr8tj67Ls9VGcFe2wbGQjUPKHslDkAVW1HRZwXKnXk82yCxpA/QAfc6c8igwPWh2Z3h6fAjZCHzVIZxvXOkx1tuQHhyPykskFeSyFDVLTAmts/rKu89sow2AJcWunge/QDlla760kx9eRIpVk78rCfgdR4wFQnJ011uAdti6m5tCBw/YXfAkTDetX5Pclvb1Rk5kbpPAC42EWrGGoKAvOt9jQe4VW3Fi/JUkh/pe2//QnCiIwQQP5rh2Iv7Dg5zLuOh/sRJDRgQkXiIILFJxQxAV6xgX+0hbOuwjoo/JxMMGICAx/PaSbcOBZMR0g9XcJKizwPv4n+OAXoBc/CfC+iNqLIYYhX0r1CRnHSL/c+2R7hnWHpGvdjcTnDj6KLGsQWPEXf/NYBA/FeR7lV4gwkpIXxlsmkpB8ODY4tyK3OgPMn1h6eqsStp1TapZr0mDqoga1SMmaJhRH2QLtbKrl4uboZa9qX4TFdyIKsixUVccaGFpULMulall0K6C3SNDItuEhqitqCt1sFnSpX+myj89rOptdkPVlTW5NSmgUNUvLxVYrwwEv0lPxg4OAp8YS8rcqx7yQOlIntCX1/IXNeB1C6D4b/oG+sYZol1vGvhPUmcH7OYbQabIK8vo1wFFRfhy+ESNs+XGYr6bJc/iwhST9R/PH2qtjTkf69t0IXgm+sr1AwkpNVt6SURsq9LdujN1yaNiGQ3E5E3qdXGm+n15z5nzUwc6sr48jW9vD4kcgQX1p6V1zKZtYO8ro66vT1bXNFcRlwR6H8vocVTZ0Y+QWAIeawjds4TO2WlXQJbNOh23KMALILrj5welIX0DTnayFHTbsEAkLwksAZ0rLnXgrIzUSTJnuuRv+mabHw0sYdfcuaZtYr1raMm1ULbnCN/tJG9HD/m6sMplagqhJgcoFAKW3nIvN0e8jOhznPBx/dSEvHVkv87Qqs7CSdyCQoFwB0+UWWrfxCG9FEnjaATbYejYlaFmrU9qvzGIR5DCcTY0t2Z9CmK4B9LScH/uJCwleu4sepwGNPsqw4JHCxbwAxJg3iLlktDNEW02kyEQON/cy5SbRGClh1iB8psKwMCVt4Y2bfmrSmY8enJJPolaMYOZNYmticurRo2vleHbGR/gPiznANPrtiGXBkq8wf80TBpwyatmKl5FXyY7aQbgsajoSjUeas+zAmq+pasnpo6ossMaLdR/VWz8dS2Jr3cTaa5N6vqHKEI//LOyAStbWvre38gXxmD67Hm9vfzBd5qlHDxhAKCkLuXG59S7ZWphcrKuf5JAbxU/etiwpsyV/w24LmU8QsPJLtAdEpIrTcDVbiRYFUZG5amWs0grtthdXkCnriOkonvDYh4+tZwEjzO1SjbDVHE3ymsJWuyx68bg0hofBsBGengPgiAMCXHiamVdSh/gPDS8wQf5BQhbxOwAcRFjAf6KrAcPXgQZOdLkTJfJFONXjIMJTXN0KLhAyLjD64+MVLuECf9kS7tlTILK3GIxnYyGuOkGmBfYXvnuf0/j4xaET54GCr5LbNojxoWPwmZNTp7jmQkELxpI5xwmjFAUPVi/QaMEKdTPE92eIrfln22wTCTGYhAoYX5FZxXlBwZqiYPNDwziygddo7LoyvZ/jJ2VU54eukgliDLIcHz9bl0OjoH9Ez44o0+IIUjyD7HqCq8CLNbSuU9P0V/lLrEwZ1jmGCS5hmtjPzcU0Ffv4D/UNchRHS+Hl7V+tS9D+iG21BR9a0uqOrCo4LI8zrmXSQEJfyLYszuT8P3IU5wcwYeukP+s8hDBrS3xCg/JOV0Mq2uGOw5skwUNpsEd11ADtZs16vYr7MKb5zeOynxi1h0KnXuepksmYbsi3o4EB0U58mkWwiq/2HvzA1sV4L6Qp4XOFBBQ9Cuz63qu+BIm3U5I10Eq0GkA8RC0dB+p604CqKsncd8KLBgmrAHQOnbPTAg3jktQIUTui9p9kDFzXsQGxKJMaN7Eaytyu3zA6zMf50smYLHM0yQujHzXEkfDBa8wL2Vr3Yu0aRT2VTT+e3KR5chS3nDvox1UdKRF3TkvbQxaGA3EyGdSXLmwd3aFz2pMhe2TeWsqAAwizf7CEqDcvujlR7e9TS/DerZgl3gEXThafx8CtmIVElv0dzNeNvXrAxPt+L8eiTn8G/Bbf95IaL7bYAuYtu7zxSt6ZDsDlRE+G02f7P3zXU6b1wA+mBzkDnW551IqW5VE0gHUTK7N72x1IQ2yOFT+Jay+pm1gnRv16VTt1agUz5xucxVK3UJsst5B6eNGpzIBlBl5tbQIe4gHuoTbh6G5wdWzZb9Iu+2Lx0uBwydukeUAULZkDArqpAhPyjuF9YSPWGcF0fEea7bOmj5gIKWam9x+3QlhXV0mYPsI/P8ga0PWShade5umNbysWnhA8mpcAO3gKHJAMDq/fbIgx0cD28OXsB5xPKMl4MbN5vfo8DOYjaRoDy4SmdgC9stoeR2lXCzQI9hwPdUilq8d5AR5ttynW23t84/RuYQHxRo/9oADDIcAkkeOOg/qpsxvIT4luZGAE7LBwXWdsnlA/dfr2GUOemk2I+shRme6ordXrnMJxyJT8xL0mazNAJ7/uyaTbnp9bzo+WwXwcNhg3Y86n8T/loE7KGw0oYpRCBAJK8uiXLaEDyVDPFxhaaCASHNCxy0AULBCIeUvQgQ0u0IcwYYFN+JNwgfjLQ79ApPJdWfrjEYLqiBcBFNxQDBPM7gAZUCaYQRBMoeMz5nTbgF5P9w+kx+V9F0PxZH2OMn+CvEgV9tgAvDwmaFfMBhntBQ3uyxVvYgUFSy3z3AxMzsfIKdIL0OXPqomjXsdcWMIVLyoxQOv6DZuM3Hyt1Sm0iwv+lEsC9rWeAuu3yjJmjvmreMRDXgQQKDDtF7CWUMO3Az7DUh6ut6Uq+RZPeqnq8mPXK15RmeYgry9D6EojvRG6Bx0KpefzNp2VFWfo0W61exV1VQlbXl0dxuRwEpuBRiqE6TMN5K+HQu85dJpjd7l12XDORUVjI7Am5QDzDUSaP1HrW6PYWk66ZNsNu8M5hhrTBXHEoW2Acq2gXfVoOb9taGeBAAAQAElEQVQpwIXXfepDSyLdWQMXiS2VGtKiDOeAgKclIMzanrDBNWtFhs5ACZscdaRP95rvxIsNZfRMNFH+Yj1jSnpV5baDCWW1NRY8dCk/VUIVDQIb3qEJwuUI7wZx8WhdEyVb207nn0uAh0P8BCy+JePevl3Q8ZLJxhzRcjgaIX1vX14DBC+JPt3hWkjVWwIrSmXvA6Kh5Wp1v/YS/gYPxPjKU6y6eN58WLA9jp0fZtMlw0CbrKADw5HS74X1GmA9R8RwHEirX69dRxnMOSWZT3V6oJWYn6TrLyzEtb0Y9IIxX/ZsbxEyUNGtsHQczkYXFZmfoL95JrpJsMG2MDlEfSzwl6S+CGSsCUrlZwtc+ktsnm/1bPtASbpk6uFyNT8gBZBYGVqyBrYrUTjmozTjITy69YuR+nHa9Bydc1Sl2joMxrCJM0dx2kBO+rnYMh2ObHfXfgTe/vuRYyDTkX9gIb/LHg2kqRGXzWSH0EBt31h3o0xYOXzwYtL+26aEh/CFCNjxr1PqCGcnN0vp1KS0Io5LJoQPD6tA6IUPhndXZXN2umR6TcDFX5RsgcIl0CmqH4AA4yuWOxFY9xEfs+XTzQUVsndcOkB7DwtsBXi2fYWLPTS0vSYz0+3zNMk6SDOGWK/QnZZ2OTUgKwAvAh4L1X+jwvgSMzOW31u0vsj3jG8Z0vtjagIDc/HodS98lUDJ+CPTwVYS+M78uXvANmOI+fygNOs6NBsWkkcwW0SE/TyiXA1qalGeF5A1zFHogKEOi/NlyRy9RAk4oqCkjVHbBXYDguYqAYIBwBfhgeFzIs1ls0UOKMyZsDUfJIovOyEMSOc1XCBMEdflf9kaHv2k0W0xXhPHGMIyOXrxI+jlefCsGJ0Byiue4w96gQNSDbzgA9mLOKPuqGICBBQUYLTEFM4MKX1wA+eTv0CX1m0JfIZNm2H8lGUt4nqQTRSX4c/aPOSS6IvkBUwrcwSsuTuHr4N7osNUr3nuLZBtAUHWlK3jQ3GBOWsT74PoclgTbVaVS+QLzQlct2z06XGhjov16nN0LzimH6Q2Da86rDMBXkMnWBs7YFPZlmfiud7Otaj6fE0vZNhrmGnicxB8cPCUxZcH7MS2d5rNJrpE7X7PewJco++YAmwZaxvSmmDllwQG8AEXpi2htYmkSAluJXtdi4yuZOCHnYUu+jw33XWGZMoow07fHsoMZxUEL3fi8N+GE4UBewHYGpXVRVWUECdC8XvE0eVjoH7+O1hSrElMwFNYN4aqP946WTe3aLxzr6ifbjEhuYsGFy/IWo/TAxO4NWfNUvAp6F+5GmVmulcuHq1n2M0JySDeQYUqB+oB0eiSWscKXztHn54//hAixOvXKNboRqfecBSYtrUjDqflGhCBfBnuH6ydrVgvAg4LG/SYvejY/uXr6c+bwnpGbGXaCisJXsBhJnzQhcbH4zBguzGNCFtGa/7/UtAfXX0HlnjKHYQ+v+2hrn3wEhMMAOhKL0FKMp+03zn23qpvEAyDNAgartIP6iNbdjEMCH+4vpOko47+tOMqvs0ZyWDsyBToBkjXi61hTOYRVGPoyH+4ivQC7bb9jYXou/TGuApirHfjdNjqaEDQayUk1xATB4wwHrfMRwVTG52Ly62nBemHj2oWbCD2WERzWI+SuqtBT4tgOQYatruraGCiU5rQLUtIB4V0PeblzYB3L492WDstqVhvkAstAZ4a8PC0H2xyQFDOxZZmSX2ytW3LwC6J9wD4toss85Gix2MfPNEkR+zL2Ojdrzku0zs7AwUJ7iA0f20K1h7oWbeItaN9TX6Ti9AETcavj4OZDrKVDa7KyEMQ+0l89NG+2xYBKy+9P75tpOWzgGAOg+wozpTzyBJAldabC0YKGT5WxG4bRSSzVZDxcquTjJaA+NiodUedHjkz1mEpSBcEtJvBPc5xdl9E4PIzho49XnkK7LmKbyQ2E0yB/0ufHhNSkNAPAvUrAYLI8EBAvrjPYWafM7akBCkMchbPFD80jEVcYHjWwQXGbTFdhowAwV+X7sgSf/FEJsg/3iBJbFXxEcgIP/YvnHxLCIiQLaooTtQYGQgRVpgwd7LiFKeCNLzI4BuOZh9xOHLpgA6xMXzRS60DwfhD0ihg/g3erEaEAUvHsavMZg7IuVUcVim+I3izGnzWz63emIgquOi5BLs8nHhFhIYvRcLFCniHq0UNcowXZIsRYH1zUwnUufnyYaHQXJwSrIllcpx9VsxattD8tlbO7ARQPjF/BjchwSLuCw+U0K3TzANlr021BLOCPlzj/bHziaSry1RWryOHtrAE0gQRQvTZ+VJzXlRM997I+dG+M1PoMuIqo2F0jKsD1C709A20XEII0wuyr1CdoxiZtjRc1QXE5jtqEirzW0/ItXnANPVQoeMZGuuCljYfC4XxhMNH+sZdtjUaRtmJlRkOyPl1L47TgdJTWsN74RVlfZ2etLaZIWI0sJgC3ZtkusMfML4pp5zFHIHdJvvRWU9ZkTHTjCmhIsWE7CnQ4bokRyxCqqQD+dmOqzPGYR7gpfN8gDQmnWTswxUtk5eqO8QB/bfWVTXrR/nOSnZavsCxI32+y9ZPp18DKIdBJVks81bze5oK8IetEg8czs5p8FjQ/LtK5pJZBwQg/qN18MPeGQ6qnAnZ42sHdJU/IQ7/j9V0ZoTm6zztzqDTxOQmb4Kn8vvHgOji24apxFSxPcetg3J47190F2lE2vMe+8sfbphQ/uuhwpWhYEdIJxkdzhWdusYrLYKMeKNRwHRv5YYW8topzHygnuRiwPoeSH9p0n75ZikZ6D0BNodvGwDsV4M6Av3AunrlO7B8QAgd+FBPJbpkys6Oxlz7R1Y9gqrJcUlQ9pYt65uxSuoDvAITz5ZQ4YjWOq0m9TBoulIO12J5F/ByDHlLMvO6DUh6RyAp159vhncNBLZsLft7gnFszUBSMhBAf2fdDQxcxgSmwy8R5Qhyqr6EejnMZqXmrWY7Sygx/dj8VDA7CBqiVf7BFn6VHQaf2d7rFAzf+PW91LY5QvxHPPw8ui/DJiTumpXOvs7vTxBBAUB7GDTId8Cecdi4SmeivCQ2KYO1HUBJeutgU0IyA9BgWBfpoPH8AOLjEL0SmlfENsPR3AgMQzvBdZ30qzrRPybGFBrY5RmzQAqCYAQTQJBv64phAoDDB5PjwPjixBA+Shm6L3150POpwgUGgAfhAgn6TrhABuGRs0CG5QVPgeLvz7voKYRSec9O1MPagC/PiY9AjjIpl0k47DrHb42oQbp0S5kFR3/oHrzHehq4BHHCtucYp4M/xRLDQZwIoIVipmbQhkuHVbhqNp0v5XExFXKbADzCqWjwEkc1hCKX4ju2QCksgVYtwKsC6zk3eyuiBStuC+VseVU/Y5VprjGWKaBOJ6lDGR8TTKH+7vHwcRLE6EmyM1quF2g1ZSJYqJdmGVFACbGIVIwvywYrZXv40ME8Y2JkTTxPmf9pmnTGd0U8KCPtotywy6X89PWxTcOqzr3Qwi7CNDQ1e8kQQMzaMuhIE4mKtGsKGjWbZ1NSgS2kf0uZUreKQvU7K3PbhOwkOwz4Xnc5Sr82GjEt6NIp15eDBD9ACHiP6plliQ4ydKrPmebvecYZ+yZ4onV/B9u2G+hzqEjyYJ+pOmusjrf9FkLHVy0Z6e3P9SAHjlt0FGddE+s2fv8ad7gmE3oCjtk4rVtESQP30ZWd7kFZPl6ch40Y/SzH80D62X0TId/CwvlC1Fz5VSXEz/W5cAPNU+U9DvgK3TGmjE3G2lx+cOKDEPGMv5jwQMkoGW+EE2G6GTSIC5eMNItGTvWGO7f3yK9zQ88b4IctWE3dmfT2UGPTcyyi4MEWPSWr1QKMB8xP4LG4+0cXQWMzCMLGTvcmmS/PyV/+uy5imhw1yUb46WQ4DesMhT55HgP9w16Z8bPDUcHXKUnb6ZYniBg5EHHIU6AakeW0ZCuZEb4TWYBXHcXZX5nQ+8LZeU1BZwvdEUCpWuYGDSVbG0TAcxQPpyX+gXpPgQbHzxuSqUkPnEWxA4TTmmVcrH0DH+QpsKuqFEmLnV9s9RDzkszXMmpS9RKKRkYnEP9eJTUY91GXrCVT+2qZiFzjhHBRwQyyldAYoGSk+1UmyyV82r8mifxmD/UbAX4aphqxNoYcJ3KTsOop0GlJu5XUzzemi4A5W2CXQnRYX540H2TP0JI37XQhbBA6rzoMUxuLlIsop6WdbG8e2N2Te28EGDlHOmZvtUJhITBhRLZ0Dov7bzkVHXeKrnatw4nh5VmIfvw9bt2jIQI/lg+etgDCxs+MgUct5J01vWw6dkrnEU2bzn4aGRaNblno2Vuq14cPXl74QZmIPlNaiL8GN33yhH3UyU8gJnlGB9Ixfbi2Tdg4IPQ28jsBI+hiNOGJmm3iy10VLjBkQ7hAPvBELhM7hESIsVB/nXPJO2AMofnM6yHOBV0ADAGhRYB9qbGYPO8d0eX/CEQoqML4q8Qf8snWEJ2RcA5R3AwrlBET2VtBifxCflEkW53ToXyyN8TKy5qLuYBfxLAF74Q/UzgRiHMASq7gXG9IQDfnXT3FiFqEdXWK0mieLZZznqjzO3Qzwn6Rg7Ao2rOT47BkDSk8JkYDAdZoxghpLEQEy2WrirPcGHUNF6ipDOKiNBoJ4lJuIRA2uQumfyG6aGxLOZPtWnsVIp5xZA2p6rHoHbDOcVaWxCoWqPK/iLhWQnpASAjChHmfxh/sqr85HWVG7Kkd7YP8mEF8nLT2DP1yy+XpZZs0wwQkHlJXIHEztqZHpwNkHsJE5umACaPgcW/nZ79ytDXKt8loAUQe0v7V22CwbOIBwWqTrqSD1T/7r0yeLy9o2OuK6I2VXy3DMdUKl+IircySCrb6QUiVbASPpcxwkZ7WMAogHoVgf9hpSd5UF54bComc/RISYN+NjZt46zRItmAHvXsR1k38oVvX7eu4wgmBFsCv40evs1jKfig5vfLWz6P0wMfkp+AlbN0SOsDWGCc0siDclEpuh9PNkPoHZ0nWYSTNDiswRFR4IDqtKVy9SDnI5D3Ml3fzeiflS7noJybbkz/3zrAAhAl4ngY//xOTkXNa3r6b37xw1ltL0/jytKXzbtlN1BbSXtXQklaG4zGsQ5NPnm9G9/TIeu2h1H11aC2TYZWXvmOAGO04o8cnKVNpTSm6ZOwh6rkKeliZgKyDG6qnzs0CJExMbwrYd+G9TNaqtc4M2RTi5VBc95I7hlD3XF08OZly7FxwaZi1h8od5n2txzcoP3DIMHtElHC13lvpNVWTkIDhlOur+qvrsdKXdhFxJrXVFMpXkEKVIW7WgAHDjGkT49sJgmcEuscR7ACP98DWPWbq/AbmbA2NehSkMH3iQGc1oYIsDcU4MAJvlMwkHlGeE2HjIMCpaKDPWCq/7UgyUQRBrx0DdHOx+UoB1eObMj/6nCReFjkIeHcnaFnngbzeNt2D+Aby+MdobgAAEABJREFUIE4zd56pPkXqiQTEFuRWN4MjV9asaeepMywEpo6nQC1X/VRnrVpGCANkX5lrk+AmtqpHO9AwFwqdR7fEmx+gh8BxK6sMKO1gBYbIFS4DEYpsw/RDmJzwX0IHIhcH2FMg0hOGK1OgXSQ3gdll4A8ht2pcIDAuECIukFBcQBY/mGR9EfKbflEcJHgGiMVxgDmRgSD5/0uuFMKs8WBPgfkhppDCHvPZmpcFtgQXdilAF+mbF3hZRDHRzsxDdIyYIE4x/C4lQnbuWQCzspyrTydseHxrfsj0nP8m+GFQlMsZdxu54Fs9gBKH6FDhBTAWrgWEdTBjLqpLvwhlUTrv5axdUSoBUEJwj0TIAM/+ILnx4wvdQWGxTrD8c+OprtcY2MZaXiYslIM38+4leYRSDAUrhz/TFNTgsewoDvO52fwXlxSmkm3khSUvOW3A5W1T215dglYasU+VvAqN6sBl5WWMmLBQfY/pvU6z28/tWtobgka4aromrmRUEerZKw9yBpYisUfBeqLlenmMfsIe9qvfgT3JQS5k5PRvArkXsOQoRS0a0xLqG0RtcGyL54OXzDg9l4tg40PMTwKtmiHutWT8RAh57XmA6Z5kgJSbHDWEhFeyYR3H2983reEj2qrKTz16GIxcEG7KRG/WagceSr764u0803XzQowxQ15iwvQtYr5aUCIMNiohUm/oXI4cul9pl/Q9cF53h4DLvIA0YB8PAXGKfV0h7fBm3CIT/OJEaAD2mu/eJ2sZmp6ezlULYwA5jM7yhY5b8tvSi/DBQLGDg58gPSbOtIn1o6U24eDqDQDFCrwUOtBSA4nUF5C09IayekKFhhEA42ZezRhe/M20w97KGRIZR36GHcW9IOM6ozogpja/9q8H6oOHdsj+3FuTCE36yNPC/EOaPwYL1iUeOEa33Vup6+LZ9uxHHMVZ0Cd5FTQ3RAEdEdBMuWkEsB+ojZv4hYksekR4tVio3lElM7/IulY+XPi+SlyRsP/l85ntntIiHdSL39g90/7XIU8BIzZdp991Gnm1LBJZZijuEMQOYEXw8gdMH58ncMXJGsrt6H71dS1iXw+jrqTbgMtBZvJco+IM/bzaB5tX1O8lG+4jEA/LFgp8kN88GJiYtibz8dSQT4VL5qr8junFYDuuEpoiQDXfaufWjKh4ZUSA1pKWDT4fgoXMPbzLw9SUqG6M97lShM3JuVFbqG6pcNBE51SrBS6cz13qo9ZQvRFsZ9eDDODBx+wkUVnCAz0j2pysAcSAmbZ3pJvi4dtZokGKmngYjJDQGQIKm3/1eRZf+B8ZCgj/h8X3iBEMZUjoQALzTU5O6GIQ4QBenMirYwBzFy4DH+xtMOICOQfGBTpgb8gECIzYQa4nBxH2v6l6DAmjwkWQX9okC7Yv/EngCS/qIgGF+XWGlBHEko+ZouvF8BPFpmCbK78B8QASOT1nnfwCMj6PPJdlzcSiRaAE8MkjyalEVckiNzcGZnxWRLGhYC2dTx7yqjzcOlHNYOaUTWrC7GGxc0GlJYT+pHaD1mKJxdce+Iw++w4KsfiMf8grnsJLe+Qo2jEJlC8UuSxLA7ve7noZrOSGHbaIFUax+JoAlK0qVNmDVAfg4QTYB3wExssMiMYwCuIdfUXO/AVObYkRErSvV+myKtJB6tL1FOUhbYqtgotmiwimlabA1MH64pzRs8Y/fC3Ax3JgLlRBMADwOoqU50zoWkCAAxmQtkzn+jNUra1l4Ngbiu9bCIOLNEFoj1RfWxNdMr0Z1ly5AmecAlgeGRe+mEpJyrZTJQOHQ7xfs+0Uj6fe4KG3HUKVWWpTGRt7tKTpTaQBiEoFs2zika5rLBkWTEDEArt5fiyUWVVC1DexuSIYbLUnZM/JMqsrN1fWunrE5BmQQB50UWMO01Ul+c3DEVAUXe394HdIlz/onqp1dY3rBOIuH/0WMxAofjYUqnUgaaB5H3yyAixkZ2/PM+5NoE02LwjGHWc9opn2BdrT2w4L6uKtsg12kXB98kGNbNrK1oOJ0i45AjLkHSNQ6MjFLcDIYlC5BrCWzBtDTDQjPK1m/+J2HdRrgBd/v3q+mWwRcs6TjxxTSJT5GuB9tEpBha7SyucnRQvZmt/ZJ4i1DIOlVYaAgeNA7U7o9OvkYP+LRuCVvM3tANrMwHjqnE1MGPaBpADbusCAAr6tq5toPbvnxu8HgE4o/NBs95rsjwg3aAKuZsetwuvHxTWA+ljeGdsB7Dt79yFt/8PR2qMwnb+9t6rIXBVMbYPxrATRcJ4FTYodTtGH7QByKVQCiG9euFvrqnIRqtRVOXnqE8XJ4ro/LOrRZKE+CzC3m2rzCyUMEfj4guTiWcBBmA/U7+u2iiZgofjor7KEmG9ijzIPqtgGXMVExyKbzwJmiyvznYH5WYD8A/J/93jLEKo39ehSeXsBLhIfA4kxXK2rxyxqbTKc5yHeUo2M4dYWIXsTXVXCEEQ9BpBu0rpDSK9bZhttYGCgceCULak/S2z8C8PXT7wgVJHY2KH3Wj/D5AQwvVMoeukqTPLlPRh7qIjvPDWRnPlBDPZLVhqerD0jpGjaIqtlGUpYWHnBAoaMfVQSuviBEyPsQIB2wRfhL6bTIPkXRSgUxJdGRgkTjDJSsrPAB43Tj/SUDcqMBAzRGJ0ECKa6eWIA7BrQCS/KXEBQ7KWI7imUy9b8XUrlIoAnmm5nTcM7O1rYMLYOi1RY/cMJIYQNCciYB1+SLdFW0GaNnQcxtLPLGuVcunGPFcf41jJOsEmfHveQbwVHiAsP6Nio41tYB1l+0mOa4BHKz44fHQtrKvB3SsKaF5SyrsCLa5GcS4Je5nVluhnlHtZA6zwj/eSz5uwxOE4nT3ksAmzYBlOBKwVHrgfr0s8CWNeNHHfc64RL9ZJfXdyTtBrlVttr4ecnt2mayD0G+UnMoJh5TgPLA+U+1o3laLoKrliTt3B2lFovArR1hl6unyHlnL2YzE+eZoPnCPBvh93u6Ajykqw3k9LTCVbvF/1FH3j1QysZLZB0lmya5FYYRU4pc3RvUTM8Om1F0FoTFI030TyOSl+htrZs/R04rQDV1jfOkH2FhllwyVeoXhNMm3hg8FAOg4sVec7/rsKEmQ7lYD93mtIkpmB8WJmv0Lwi2pQbRR32X7w0bC9DOA2ZAwJG2uHdORHJEE4bsqHTIGz+XSD9cGQ5uesxfB4eU9huP1fA/3A1R6flbZxOvczbaL7k81D65usMdWRu87Ze5b0oIYUNpPDRD+OFqPVEt0OOtLciL0Fktlhyle10ZB7Y0wT6NrcmVETRoihWSHKVW9mNzkmWCLlgvPj5EVDUWckaF+VyE4dAAQ+++dxVEGdK9tjo9zsdgNh+vd9h/D0IDTMAjn6EXRBfi1qRkvlMpxzerA/MsMeBLf1t/bWbNXOd0ZGRXZLcJ4Tw0aQDTsXZFNc+Ajc1nmJTriCAkPd7qw5LpyzgR5aXMDEs+IG+3APuImqr/GznEfI4wlGD7DAYShvYQJDXHVdl1AMegB1AjNqgcfJFo1tRaWB3uQ6Tw2wVLQ5H9SGLPkM4qNMxc5YPLjflwOhoWZEdaguzvwP4gCP7VV0Atd1YTcd0E511n+rv30FEdZZXzpjM50SyA3gngaM9doWlnbHdDkZ+LemMYMvFIzzHBI9HnGpsi2h93PO29befafTo5T5G5muozetkXgYHc9DOxhBtAa0P4BQcRQa2p7Hmq6PtQ9R6tkAj4cNFx3blL7PU63VPpyQMYkk4HJSHICjAmJVIngD69Dw4LuXGoNvr7OkuTNPkJjC6DGSsIp/gF/4Cg9cnYPCd45vPz7MOH94S1CEtdNgVnVQFg6dA8f3nOTsvsQSDlejBcEAnuD/HUD8nJ2cMBKSi0itiUcOItGb/eQIEdCEB2Zvia4E9u6cqBh+WVCm1JNuop5BPLhKQO38yqso3L6fMobdUDS4TQQqaXpyBz9oXk6e6tgy5JrisJPi6bL23eilTUdxCH67SYnqDMHqe4lDT7cBkEPftW/xiCXSDPm4Q6zDBmSdmUJ1PQaFX6ytOshDr9i1aXDKHVhqliz/W9Cgb6EsoroHIW6dcm6yzgcJ7X+JfAfiIB6aeLZ9YFnTGFEq1hzbp0gvzGeKFblQaUr4jj+V2IMZw3q2Ih0k5k6pnOkHYvk6/cX1EgMBpe/RM/VubRbonsR0AHkM3RN9dim4lpQT1gmYTAJnDGBi9mEhFanPaYAl3o9DRJ5kBKkWGfURtRCM99XVS6vgTKlvPthcPGGCVKdXbzmT+crKmWxgAdXxNW4Tog2eT7H+35zB8jbRRhvVkPUMoerH4po7XfpwNGY8eA0hXZbKmpiiry86yS0XGw6DSMA4OLJoMA8QEMa2YOetXLxnb7tFWZwYaZHKTc/Hu23KG1hUZGN6U2oCalzuJyE7g0ko7PzdfsCqNR4apXqclA4gXs4Rtf9dbgI1p0PSMERL/bknQuCr4vlm22cp2yhd2/RPfDPMDA+BIOvueZEqhDuIpzdmReZ1NLQuYE5Kv9Alz8Kx9Caw7icHMCRyehjzmDsxM5kt05bhqPsP+ina9GHCMlQPtEQZKxrOKAEjYrI0nYdZ2AC3sU8t33QdwuBUbtEp/K0APTzIfUJTLo7HFh9jm17aA1pYK7V7N+ky0m4qPQvLxljx1KjK3AyhJ3VVVvIG3Aa93lPbzg1ceOFjbC4r8/MQuUPA9QJCaTLfPA8WFtZ/EGujRoIlx9c9lOmypLHtggBhPr0+HjfvGOtN5b3I8AzahM+2PICwrYtxX/QTizcVwQDpKp9VrAAE/PDX/IQ6b3hCrvb58Un7Be5aPByN6Uq4B1FP2zn199WWIYIPDxuIDCRh8gn7jZTZzu+4BrSCbQZvAKRvyGHvFTD6SEfoYQroFBebNEpN2b8KYvbRlhJwduaOQmN3U75CzRTbJZ6yUAAp99BrI2xWgIC+ydZ1AQgw7SKHPQtIfdo6HEhCT0E2h5ORlkN3ihhX4D1uAfzOGL0wHMbxvnBXIe5/z4knQY3AnxoYzn30Eeu9cdCLI5yoPjitM1oXgU9BFgzu7Bkw8XdT3iFWjSL4gZ3N0TIeCXktTFIc6LBqphBCmT0FCafBNQazwQ4X3LieP7OJXAWQ1PwmvkrtkoR3SW9Cbq0tchKlNXKG73k71nf2UM8UKIxZC0U7sHYQcp6cRMEtvBrCLDRar6op3mnpVhYhgwaJVajBljTcsVyTY/cwv60ysy+0RQoeGS8IPh5U2lW3qRRqzxWKvQGWCqM8ljDK2aduIsidpstGbRLqQTeEksQFm2EBkL4hJAVIZ3e6kZqF1gjZgBKuSIoGtyU/YOdwkDATIe3f5HTDjnrYBfmAboD721quRDirhzImm4DDwTw5XXKZrK2Ls7ih9vEypb7rmb48SPrjyFAg7XP1X6owq1chxCqiSyGbYcOBTZmXcRwby41Ow5xrgQS6fH493QIEDgj0iSMwAABAASURBVIMd+rGKlsvowyqZfAXTgOCUZF4RpWVBLWxFL6EVAB2GcCD5ZRo4zB6Yi5X57bt/BvKTwDuQKj9tBk3CVcv7hvyWUtmclwH5yAuAgKxarwtgebjrtov6rVQunAYyPTe3fuU1+zXx252pfa7EKM/6CPCFwee3x2NLJe29d4yYWjS0XkCQKxGodpWqXm2db6brJpRoB2EN2E8Gx6wGR0DKy3ks/8U08dQXb76upOzRUXtG2xYJd4BJ3IbVOUr5dVUoSydmnIfr3otD40jNarIeV1d7cb57ObCIOiqUnnKmc0ry8PgJJvbHi8iJAw2iTGrdR7bmF00NOBswjSuiP6bWpLJZ/3JOoe97GgScSY5D6dB+0zkqmxhCaq4DZSpD0m/+THPsJnqeAnl2bLHBX/5BFbEePPhk0b2+HDuARdyiNBaKNtxJgEAAHD/X9V1HDOX3kpRNbLzLXjGc8kExuYnwAz0Alb9ZS2Yf8nxa7lYmoJEDOU2qo5bJHfuBR/IQMMOGG5tcrMlStQgN8gIdP0rH2ZPHqkBoKLbmbAwgXlgPrU8rPkV0HjahxE1SV0R7buW0tLtklkw9rsC0fLB5Bs7v9y0VogTPawdwbRMbTxB6MtNBiEJ4v4TbMhgct5wViQQ9jYS0H3yxFXohcpQ0dKqYbZlQvk7++gQZBAloBhNKUvaPNjH6KK3RUDZsEJNN5OXVMS6QHz1nc8i4QB8sneF9L2ggBiMCFQN+COUUAIK/vAeMUXYjXs+llTHGTSL5AaQzM0nkyLecj79FUF0MN+yzx0CUixcI2eGgaBv6CA/DZJDEBJjKXuWSfNt/eNTGFvyHy4rSPvfuB0IcZB/Z10kx4QHT35kvfU61V7kC7lbj3NxqgShvgZ0hVLNrXarMDXvBatuQtRWD8g/68myOH1oF+hoRkrlBKwjXAZ95xwGrswxwGZ6ITa1z0TB/zt6qmtfl11BO8mC5xVMV+hkhQ27ZWSbPhnRVCOoiJI51sRYf5F9SteRQPXoVLBsv/POQNs1eCVmqSWxR317wwha42epwJRycuNs+EGuw5ub54KhNjrK86JpTTBotCRvntlR5q5iWaUCAOuZ+7SdPQAjP8bO0ZL7iVyU1diYUiKZEmk8pfvg5UKGZxiqyhQSDjYWbtLd6/wLtX5E3yD/7/wTq63HKuhhXxH4vJMOglzsc7t9b9imZYTUpVRUB69Fj7X3AFD2W6mG6xf9gRWb0uiK0/eBLPn69aezd2A9gmfc9PQXHF5A2D3u4lrv2p+X81pKpiwxLjyEuQx/2jpLMbd56ldGmo8YPxwH/Vi3B+oq8VeXm5Zc7x7c5MBeftgvDDOxXwNaLj/VhbeI10MMP+AmzLeFRfSQlpX2vGHmWU1mSDtaTE78swfa5GNl4gRQ/GocK6OzbbgdZKwj4OPAIT4Hmy9rxlPmGcrcwlpGa3UENvM6YbMVTMvO6tzPcSra9SV+RX1IAj6ttPeKzzHQHsX+LgBgkcYYasayIuVlhZHm5lpJsvxOyt9Qj1gADPjl2ctENIAb9oeCh75CWifG2s5/d9IAwAD7A++oExY4G9rC4fTGzmfiUMLS9fznfma+NsHnrM1NkaeohAxA7B/Jv8Lc2IA/MD9uEXRJ7C3ZVF3iLsPPNjKzPICBthcgUiJ/RQZp5VWS+KZ4zmBxfD/OPTQpwTEWMKRxpT4BWXeBYGpw6Ue6GuYXqry6h5OjoWLJos6k4ETu9Um+UOK78Qp4yxTmTG89gnp824VHUFFDiRc48BaL1jGNKI2zhdQIOQrT5QHxfIQzmPlwYRur41mNuP1n5YO3cB2OaoltB/AHkJ4D4kMB87D4QaGkakk3cm0hDH8jhg+NipcQFEo7Ik29CUeaQmOF2vM/nIMIuwWEoAe3QfzEdBkr0GPb3Fy9Ou/hQvnt2qim3qhElanAMvEi3rILrhXjz3rMLIsdZutr6FmGAyDGBUcCDUdA5OcmL6+Nd0UqSuMR6VY9clUN8pbQEkn+QsAbwnutYbUjAzRm0LV1YDHFtO1NkUzvgW8q9eLaYqP4B61+FV1HfGcdnxSfyE0aQmCTqAoFWjYO4kFP4eEDUL2mCdbkt1HTpdzdr2YWXulIFCg5QPGrk9uwsP8+dcLweBZktLkZKbsbVlwBNeuWlNDADQynlo/k1kNfUt9UlLDIoHodRhL2BPrxftIn33v0oWQckbl4j/6nnwYSNoH82VrnIACMo8LGDo8QPVmQj0YT8CI6igiPchQKjdT3Ujq+cmrb2T/QT0PzvH1jMvOoMjzkTHdjsqhrv2fkFE6ZIbLrJsVd8tSZw4PgJxFOkH1L07azVeyvzKQdWfgC561IvO9fJ3GwEB3Q6chHOeIBXsHj9/IDGvdi6n7S5sRnkDVOw8QyhLgbv7HSEi3k8j8Qc7/qOXOcpO50zJng81//hTshq/T+zKutuD9S6sFGAz8XP9BOehjVA/Ys7hozbeD274CAlOElg08cB+g/2DrfUDQcCBxwBRC7TgPTMl3nbdZUsPz+CiS+NHCo6ru3sCMlZGtnjPr8Ffv8wu0k2rMfhorT/x/5i3+gFxg2nLYjFkBU2wBN7i/YjXkGNqwzuIAvMs+8/wg17WF0Cjwhaq6zuGIL5A+BQIY2bMKV2WXdic/vDenY/4ZCEj0H0I8BB69W9TC4QUHFu5SBQXRNj49YgsmETRU+Bzz5QHAQat501lk4/8ivG9GAGkmhR3q7eSntoh+FbZdCPMqmpQ+8PgbOQvAPMN0nOmHS2sg/ODxNy1EykswCTTrep9MaWnrHsaDvk0C1aAvCIHeIgbTRQgzgIYmD4btUcGPe1pymGnCFCHY5oZuOZbjiEA4+BdB7c5YADZdLZOQ9bAC8Snb1PjruA/VbIur5b8sP134ADlDrnz9c6A7S17Qi2xGFYN22FjiPDjQs5y3wDGb+jqHZvBbIE0iXh/v2QElHFD2ZP6r8THlAeVWsSiAFIw/mT/ATcBR3F9vXIWECGBgrCaGKXgeKqD34iem2KSDnkWy6E6WGUGxfCcweXIMKMqSNe9FL4/guYfhev4RgxUEA5IHGmH8V3oJjOEyLQIdedt9NytixidRFyzeA/lOz5D0EAYkIKYl5yRQ91EEVLMZeTKzN67KH0rOYbqBf91zyatRtNAATSwwRXFAYFggvze5Ay6QL78hbDVeCzgjG2X9EVoWmhLB+2yoU1x+jdJmNPG53EWX3TJyMipXmcS3iIFI0X0xuF0LsyobaI1+1dl1v9EPoFTX90w+AWtSmKMMstNkyMV+wEiwdF84ErBQrcvUigQGbxqk2xqG5Zfr5YX2ILyzpHEc/WZdgrcq1FWc3dK7kVHKPkIvOO5kfxlPJ7ttqDkcLgfNKrlE3xounSexdSGpRxtggADiF1lvDBA6sZlaxX2k7A3dnD61GkY61do4wZAsgYAujeWAPlvJTJtOmckiAPbUP50bjnMc6+bpj0nc6SrD2Hydm4RgIIpm13XPQIcVnrGA7lHPi3mkmPYzqoyitbXFoKpRHAfBhU13cgcLwZwRSXPC9PxPXtpjPFDlTDeEOOs+zlZuRWNvrVkXVF3h+NIKaQqzPv5rcxoTlnZXa8u5bIKcvNM8C27cafGe8GgKSzV9P8X+dhuh42t6kZWWzZOUK8HGxL1lU2n5rSrl+mgDcl8LJ8o11Bf46uE003v7DvewRIUF5XagVtv2VC+yxfEysA3ct1n6XjDlkLmw7FJJE7z/Pi2B/3qHL8rMGFT2ARxk6CjOE/9gmV2YVwGQ8xAa3lrW4T2ynfvo90tVwchc2eK7I7bLw0UpnpQQPgYwc4xBsT0xsZjlQinrKs34rqBZrpcz5EgIG29zpaBCJ/FmcfOtJaJc07iSmIJJwoMhTm42Zw3y2OEPYfm1DOGwgHwMea8+HsqDWKeoYdLGA3eYg1N9EFYUMFGJecqee8ERMTM4foKPD9Nt9LV/ciPgdFbB3Facc3YzuHdiKxFUxwE8jMNfla6upxJwEuF0EWwLhw1rxcRnTjGrPH3updkonAoXxaI1ONaY+9lbgrwx32HRak1Rn95nRWTSBT2Dmrv0hop4VpHNCtBLD43IveyH10mUzYOxAXeLiQCtq3lqc/n3dYkF4okIIMdmvQgYTrYoig2OaBkSogKku4JTfRwPsgXCAP2hT1yDGy0EUfdCmIcLT38nFH1H5g/BMV5Zfq7X30E8huAsmrX1oXxdC6KFcIyAMgedXy7A8wX7DzfNfw8SBsIOECOW8XZU1liPg7hg+6eBghFzSAAtrlOLpSJ5SaVDF+WW3rZquRUav6StIIvNhPki9/wQQIW3h1Bj5TT4roImBLQif3XsmJmp/K1BFgucwRaxRhAoQh6870E2xh7CTEQ1J37HnIW+/5fMOyLXJb/iYJFyq6xstAOP+yMjO04DxlbJyMl+nBDZ9pfgIk7PFIt0Pmn7PMncRazYmwhBHmovmCF/RlIhnEvh6VHhbmJFiQiVsGU7ZKkMhPOBEm8Fn9tBh0bkmkKrJOtwfVwn+OWpObBw+Fo4pozXZtTpwm4GgRMgVejHg6djQlr/gKtm4RXCrK5gyV69f56tdPfqLQ4RRA3I2S9aZuh5Ow1ykZWu+UBwKmyjCQmTbpmCJNYe6jCePx+NQmSMfGepu9BkZkp9G4Cy76ULD1awqVllth8GIbPNDnjKusluHGU9t4CQnnVzF0dFwTG3CGeBpsfz0aLMfpEdLnFrwDTe7haQtgUYiZdeBk/b+7p2FUvH+Z8ERkNHfS+j8YPZzeUyBYimZA6cB6vRWTx/9t8BIEmkQDSbaRMuPuyvtpUKPYGN4bB4r9FuJ4GWIK/zTrMxBfavWwaO9R0A5Leeu8YC2bsdip8a032W7KT52Z2haVLoZb2UAOuvi0eQETXBMAW8GuZwUKqjI5uRSonQLMdzhKAmPGKd8YP3psCnijNNotnfHw0U0UTj+852VAXpApOR8GCDDdnj6PwZ7GIOfygd1pqDiD2qtoHihWCMcMw/1RgVqd+VxTECcvYUPMVygDqnr8yZARKFCVg70i6C9StSz4UhBuM4Ti6YaNOb0WDTL4wB/g7OBA8XF7T8EOIm6axtaBmzutfZ2VGL5FxgTGcQJ64QcaMq+Ilu0emyt8L2zOJjKvx/bSQ4I6VU+dMdkfippd5wDkINovh8G9NAQ+xqlDiDk07nKi6p/4rbdZSc/ozhFAmZyvYsZuTB77BB3oamgguzWj3Ym4DJwCgKvFBXrOR3CB7ocQiTmIMLHoOgvkwvw8579fBguyPUTi52GMJ025oIv+EygBzRmeTSgP5+QH8QvIG6qHuJ7j7UUG/El8NnFJEL0SyklsZEGvQDyekDbB0l1bgadiICNEGNasvfISbyGeK/02yVngfAwRng2KLf0YDxLbdxj/tQyMK97C6jVc98bX5oYdaF0HBFZng2XxGRLvoruwSr78l29q2xFnxanESOZXi+LEDWf1Wf1BSiukAAAQAElEQVTD1APYiYzkU9QBXXtFIb9acolY0aJyaQMg2lpUDOsQz1PbisVfvfYqvmHJqy8TxLRImdW0bEWGOLoZ5bwFYlvWzmVpFCjX+E9wlEsjinNtB9h7RTBg3FJNipvLG0ZNNgfNQjMfRJ/jHGJm8EbgPI4Sl8naP1yU9OTJVZj/oMv4hhP0G32gPBslQ6r/I1PyhupbS0y7EbG9lUhLIH+It/SjLSmyTsO37WDqd3ew+r0LlZjCiUhymGnNdoB03E2HhecykNYA4TTo43a9ozSBORer+Rg+uCkRfFgewnWPgX8xXToKPXYosl5+qI3tsgHwsm91WloWqDKPo8Q9wyzGSADbroXY4x/wo8MCcowGgcTpWBuvlAfmTmtigxPEAA/Y5YFrr28pE5jPdG8MgygROk5yNfyQXRgHblVYgf8iBecgYfXvF/YAynMmpyWtlhlr40p2wT0OWbk8+pGavM34jaSWmQVQ+MMtuYrMZH9y5Wxpc9PxoUP4aC4G2G9ydPTZoTg4BZic6IDqDTDuJsdPPeIaYrEkGy9cLSc7Zq7p7+kICULYwA3hg437yCHwmuQ5RPwdrNFh9X17s7tSCFEAcm+xedQbsj9oUlmvk1fy8IAT2UDG7sa8rPJY4eBgMwTwIaCBSwiljdq8ulszpLNAhsZv2QqBO2qpYEtA29PRuQlf5anJ4vg1wHP6oyPjYRchX9b2K5JGicwJIxIwn8GU3XifIYa7gFHcAO3hjPHUuZ04bEiYDvflpB4wrdfJL6sVjAGEVDsKEiCwlSPY8koYaRmMSwZhaL9ldJTgkoocMf4pYCnI70SYoMACfXxzotQT9UGI0MDJCVxoinAs2cpAuM7nIv6PvZ8wdMqTd8AcRJgy47+mYsnv4lvht19xABhBUQwNEX+Avnji+Q92CpjOUZCCBpN3QR99DvLvHvMO0/NKowAO0lNwiXdYgcUAHi71AU4JERCV9bPUGOTAx65wf0gVXNBmrJovIrKeS+GHeAlosX9u5gwwJ4ICYlWh+TqmcszYvQZwVr/ZvhC/Yi9RBLrFerjy91n6OUc/wfSY6Di4cJKxXKDMV9zZxee+xu6J1JaAfU32r5jlT5yHx5112XluMKt89YeffggQlD0Fzvi+uj2KbknQtQFiVm/X1pvDinM0R1YvyHWg5B76ub0qX/exD1FzOXrwP7dmD9qB7FnpV95VSnaSQi5RN5XpgzLbyntRMs/+j0EJnnr1MT9h75BxEVN2PAONK4ByVacvyKdzIEDAQ1AR8+HvtGSqrDwm+HdhcTVZqUYibdG06UBm6mAKpPZ/84Y47lBnPes3KS4SENvZ/K8Tr6BJ9x+vutVR7Tuq/KBJVGUKThxWN4wOqfGQ9hnoftxwDq0BDrJ468F+ynQ+HE4+gps4Bkbp3lpZeRvbdvMmwDLHkug0LDzd6CVooLqWkjETiqfYqU/l9w/bdQUcN14OUTwCwyX7o309lGLWt8Y77RaGgGC8Sqehh07/RygNBFyUs10An5sqCxFZQWQLhOtpdTnapPxgW4DYhL8DFWq/t3pufiaOa2Mi9cMG/s2FBzkK3ddXKFpvEq2mWPIRJgOgbfc8/xpA6gF0M8qhx/V0ugy/bB6hMy85+UonDANv26U6iqj3+3jOsk7WNTkKPVXk6MlFYPQTuHkZdFQbbxpXm7MniO5BxrawqEpgLhhrfCjXOZ66WayEz76WbiUT0AOeb8Z6XEm3SH9h7xAWAuIHSVEdrP5ZpK+xAxDihFGh6sihncofWN/3e60HhqLEe8Jf0ngd2iQL9gnGXWDtTrz5qKA+t3KWNOfK7tFi6+9JZx0vgxs5jh7VHQT2LfZI7tZdUyA5DGyT6uMy88x+YaqH9nteXmeYIMFPGMYH8kji/3KKyckPD8H80W/kFHDKoYndxE+o2z5AODK62UnYXbryhxSAOADwELBEw4mDwJ9fx24CBUYnB6IgF+ejjz+pCZaoQYL6JRhFumaOcq6KxctAlpZ48MjeAWX/IQ4DBQtIkElpBg7n0EEEuggNSwczXjytcUKCVkaxYwMCS+3i8ndaBcVVIIo8KgZNg8spKsk0JUT55Ee+wzdpXP4KLnHshYvF+mvkW1SLnZvwZ/3iImLOZc0kN7kSjzmdB0CZKOW24LEv2xMyAg6ymNK/RajlCsLYqaljYcACgDLyFazcUyJTK6gKQFkofVUvrD9FbWEZwtjItqcnTYVSTvUPrTLOOCKmmroZ39oKNuda61tTjXlq8e4ZO63rtM0wndsgOu8YwMofjUG7cB1OakuLjGUB5OL9MGM6/Xqah0LnQxTlleBxsPr+yt+nJ7p2kBzF7Vb8c8vlKQQ6ETF1FfMlqsD3UfKC7c3MDOmDPiry0gyPbDY1b1s5R1PwwpH4XnyHCdRJxssJEPdFNb3M6dApzqQ96PIYb0c9nn7GtnekBRNI6Fjv0EAAO4hQ1c5vFB3i0uerwgcbEfJ1AODgobZDqzMm6ww5P+A9qAEkyFr3PzIcocSN9rjBMax9Hzmi14XWp3XgMX4KdaQUzAb5+TgFfMZb+EknWYnL8gUabZ7hRGZn3BBA+c8Qn4BsNYIpVZqXmZZklRtbjb39+vJrXK9SyCruBW8Qbv7xY9QtxTSJ5ws/bgU6/6ZJRSDb4I+7h9HLe08F4rhZ3tgM+DnaWub0noCC0aE/sKdqOVunSwQxpp37EKmGjw9ZFZCxQN+k/wNlVQhxEtdMpncDzi9OkYwH6fvamAk48PQN+uAEQeYgKC7Inbvx1lR6U8kT0MCtHgieXqW3F5C6ALkNdt9EhqUFXFSAfWUSc1fOdjsVhvBqIOvAZexEcWyYqbmlFn6TJxlEKIg/Af3FMwdx/ucEkltAA5Hj//LvYYsCzzMLWqhDCgeck1Ghn9Zs/GmDCIf0ECE+4iyQ7N6ToIUITPXrBL9HYSOiCDzjoxxfnEqrZHYlRAenPGd6lPtVfL+Q42+y06mwrRDXgC6BCUVInizPEq6Iswu+CrwvEGkCUQpdE2P04MKgkN25xCHMN7AzntteHHEy7OwpnMk/PBdmDghrmzjy52I1bgTnPJb4hs8pgcvcYrjYqhSYciz0MQHneuywD47kb36afrwED/Xkg47DV2e426wmxecs0UvBYVmDpYJy1pFDj2MJyEN49HiVQLuqrFCIPzUdgVHzzYCmpn1xNPUqKl/y9iWv0ndiW9ym4K9Aoj25FSDRor64LHIeSjyjc32/TRMdaNva2eaCdC4sp8InIHTWhCu/TDilmPDmnO2r8h71NYktAGuouCMFo0u6tY/Q/DttNIZ+B70WDYqfYp0l6K8ISdaiYYFFi7HXmLAX+VmP1OrCvL+FoJs6srC9GmUr8IsV88igpUs7kCPs2/EAoDQEDbzo9qCBM1aDHNlNkCvdUL8m69Y4ruM9B/8f2st99wyojsY2a2S+0/WcAh+7Vh/36i0vaZVtBET7peC5u5Mxzw1ChrgIdu+RtQA/M8hMIHaqDZjIv7FeAIgWyq/BsFhSaP2ICZj/6KzphDqD5C2YDLXuQDpKMgkVuj4GqkfWHcat3afOdDnYbaBvHzaAhj7P+HD3eTp+kIEY/mfJU6CBAmoM2keRj59+uGDmV6m0/E3ThWNHKM4Czkj7WQEgHXR2t4FKrgftb96aIFLVghpPDAtGc5X+goUyL4HTwfpKIls6j2QgCmHLdP4FKqPJECJsQmsLsivlYaOHVAIYGC1nIa+chFkslE44KMRT+n32wh/qI12sgpo3RD9Ta13gsKbbe28F2Rp2DvU8oBRPe5AAtHYuwyfqNswDOfKpXwwfzFiZtj/F9UN+kAKwFD8AMMRH8HkRxkRdjp4D+ZtjawxMFMGZkYJTxA+yv8BJsEaC/eGo54xh+yEYEArkyEUva9FZIIUnRgLNTRH+Lg4Fn99+XURf8bteLgowoC87EGBYH8QEjs+QJXKvKw5TIcQgc1kQ6cgZBeAnGMQMw2bV8/IyRpgbC1nwbmkr4LFCjrE4I5JL5OCUADtBGWL6kD8h/t2GxK0VAINkQV7sAM6y28A+3/RMBJxrm+qLWZIr47lUXiCl6VFVe8kGEnuIFU3NGwPXurJYNRuX5F448qs5lRjJqoRp7F2QSYclskZATN4CKFO793t9/RCKlo1xeWMvRfnPzTGHrmBelhgz3/xDFnTRcrEHgWtT1GLAXOdY87kOY9c3YdU0uVE7Umhfwehnkf72qaad6VC/mkHTZM7Z7zaa/BIu+hyLgB3Wjbj8k2NsO7oTnoh/agUthqAVT4F6yejKfJ79M4VOW9oD2rHFERlqyHQ8Cu4SnVMeCByEfHujjZfy4xWmQ3Y67d4fAC1LaC4YWEkH4jB/lzFw7/nrTZqyAqxXf4StsknMx0EVdQoXo8akP5eTfoLslyJrup/wwR7dMS1iT4UAX1QpRM1+7r0fYLQCPL0M2zrS/tWTFcSvp/wQadnaYDTATwwLpMiJh1R5nSko022iaBNAC0gQuuN0f7tsyPgRr7/uRaceE4Ltg2Jn43nxAG5PGfLI79+6FQLHjZbvC0ZMc7hHHx6Qy0EypN0vIcLg4WxIJ8PDdn/z3IBPAQ9GhQ6S1VrLB09xNAGor1acz1xW04BgZA0gqFD4lAKcSdPCEdTPg3wjxFhVzpys5y9jDYz7QMN2sbdzwl5bcxr+xD3MZsEO2EPN6d0ykwAeO8WMgaP2kgNU9HpcTaQla0uxbnW0WdBTDBvqt0HjDxvO9Win15UKUYPikaD7MB3YRRj9EKAa08phaHlKdPLlz2YSHAQbBJx5JzZfAww81RCkD/xoG+8wrm4sPGNhsgLsR+ftQTF8sC0osG03m1n2JY1nlsbAx8Lb0OwQoEbktABBKJ4n4Jv8ABKvm5ffIFg8cI9QDEa8ye++AESJd8DQTEAXWmh9IBFWw6H+JI7yMPXo7CyQXilQQ8LYk+9A9+tchOWheAfkOArAntOiQ3WU60P0r2cECY2bwZLoMYUf9I8C9udlZhUfgf7h2f1g9CDoMDuEQ/kjgZXCF/IdGPaoWAh81kZeIM2QGqH0I9gmr1F74fWJnWU9yiGgWhpiJbwCkvVo0petjU0WM74zQpcLXSDF+OvUVU6cwf6qxy6jQ3EWGDf8b5pCxV3uAFOGna0RxkuFbd1dJaqCYwbwDREWh7XEsQBNltJe5JvfdAV0Eku4HXWEoMQ+eU1n65iAa3NwZqwY1VzLHLtNLSpZAgvnGbmZJjdJBMCf69eHCZbF7P0QHz+V34tHz0eEwp6Pdl6aEJiYzgX/qJuElTUUL38c3w1SWwO17fFWu8HnlBEnmYGWOA4UxLbMuOdJWOLB3qI3QSIOGi9sw5zRQA3ngQV/hiDO37JUe9dRlrGu7q73cxo0B6uTHqdUqEojPpIvpv9M0wTBX3b0aL68lDojmRQzLfvQuS9SACtUeNwtFtvPd0k3N51I0kXcqHE69+imIZ9AIca1+YLOxEXkyMlfZSOcOAAAEABJREFUvAN6T9LxUmyzN7ekU6sC2R0nd+6zW+PzlMqa48VR0DvV/+alE1bmw9MPAlpRj6wRxLBm1Y7HyPC9/RuyPcidgT5iYyqySU7Cvi1qmAHFNYB83y988NvJd6Po64LjUu1UKuts7U0kVMKX0JlzNNrKNn1DAeMWIKqB+y56w/jWeQ+/AcO3E5mBTg+bSd9aBETd37HsaDxyGd8k6Z/Lrib+OOnYjhSOjWDk5Sl0/lVU6FnWiDvRkAJsy9wy4Q5kyXuHeuy9t4ouoraV/Qv6xsvhN1b/eudBRGkEwOZR/GOG2llpdfEX6ErfcY6Bf+E5X8Od6AHKw4DGmOiifukykBFFjsB/5OovxBFmXCDzoH5BQYRdwgPKZBudBaZIwVINDK76IHs1e/L7ldMgAYUIMC857JP6huNyTxF+MR8ecbhVdPGS6UOsyo5PluiyAd06kPtnPjkCjAUSxUtHUckgixluxq4Is5c4gnz1wGVQHWcx7HEBhFej9lzEJLp4IhhxZO22AwN4hB029pIUf/SPFlu+8WEZ7TWxKrmGGLldYJ+kzK+mcmHOJh16OVc/dsU5SFk2zJxLXnO+RbX9HLeIUvRUHNTgDSmdIPGqMLgO6wr0SiSQQWwEgDOZ5Izyn+wusciXffXhDHY441jnKCxd09QVOlLKlB7VEsaO9vQ1BF1fJmV22DZL8S+IIYwkgaUuvW6mz5H5YUC9qAgnQoRv3v1E/ACcyysKVtAfTPZQHUH364zekyaqHr1J3AumM2PCLIvUaa3gMJ4uhewdPtg0b+ueRKOrR7CTwPk3zmnqs8OEHVXld9VB5mIBBuMpR+q9KOwKJp9v8byZ2Rjp2elSgu6namH28zNN4a7Tw2O9EbkMxS3SN0CCuHHAsJWeeyu+FPbwpxy09x+Owh7Upy3AvpxOSAkQ4I3136i2HxAax41Dg7vRXzh4QoCEeYofOn4xGv7GUkGsdKdetdqOTlhmPMnd5S+FBL1dZhC7cPCWen6FVldXm5D8IrC//LMqgK5V3ms7z3YQtyOddW8FnoMmuMcFQYF0gpMCxr3nLHYIh9t/fAhVqNBBE/gXLAFAk4QdBSNaWsGsSZWjtkFKU48HcRZOCvCFq7r3ZQ3BS0SYAvbwF50wxza00zABHDcJPrAXHqfdSzRFUODeLvP3Wslb0BTPUl/mq15eOmvaq3Em6fu4dj/wgI7x0eEYInDHfyE6+t3iUuuzNeizZ1jnkTO7C/dfB4lT761e14sAVOx+TkNj3fP0q8uAdgMnB+LC5DWOcm4JFMfb+aBVnhOED3icEXQgCtBNotcLgI1QP9FloOACE66K3QHyUiVFBJYgwhyAuHAWGM07gtR65vYDgpErMUIh/9/kHwMLj39sHc5npHxSRj4Exc3fI24e5D1Sn4fE4OCNJTJwkGQcIw9zqOFkfUvYP/Yg6JxMSFw8jjtMvtx8Ei0XRaRfOvZg13VSsdQIq1qDEc/IZ4KcfMLcFyK6rER+YcZxzfGAWJ5VLe14oUyHGXyWOUUIWwnwwrrxar4VlAt7P2ILPuPiTwjs+JFaRUIed0CKXcmlT+lJc46ukV6z0uomkV8KRSg+Z4JckwmW/vQ63vtSygdMUz4SnvGdIUDrKrR8WzH02jQrq+vXtNcA/eZIGsK1w8wxi6cn4sg5+PoMw+BD4LmrDX8ImZemGbxRYkfufySszP6TZnk+DsfNJ+IfVZW95IJkDFj2lPYFQRV17dBL5b1M1l+3CFaRpkoTtbAFKOr7iJcBBo4CB8iYjcG4HRxvg8dmCXANQjEF+peo0BdSOd3KoaKFIXzyk/95Ln9oC/B3+/9KvZ7rnx/a0D68P/IwZGSWNWymAAmlLC3ip+9EO5cqtD45SPkuR3FqqeAqcmt6IC+D+aKl253OtJjksqTroB8r2lH9rMcXAyqeh383nuEfmTGixe5vOstfpyncdw6WP98FBV5gMRjunpNRKijA6Te7O9Bz9/sTL0kv0oAimOvM7ksA8Umw/whwxu4EvAsQT2HuADpQKuRpiSNXraABdiggLDw8QBa8+hVj+Sj/808QmlUKOEEE+y+DxL0n/nQaFCMFIMLWfeCXrxQkbuw+ZpDvkA2W56ddgi9v5GWiLSCtAjf5zP4bOyFPwAyvsob/IU1g+EqAiEykBb7vj818caScaj4oaZTG9wxJMfdIsxuZ5R0PxM96ILj3KT2fh7kBLzm70kh1LURDp+Hkf05tEEaDFDvSIHPEtBRcAkVUowJbl6H1AeZ6U6K4H3E8lNKum04+GAjoHPvtQwoETOjA7DKQOiZwkN9QsAkYRwgxfmoRRDi53MtgIMdYXwEDFZihiYF0CTj4y26ysMY5EXiRIHkSR9gVkDyfv2OuNnsCFMyeQAkTItAlJ0wREVgOOGSLdLQi5VJyviKrIqJrlCkHL5ZkEfbUgup8OmJa3GSKPZxbh2aAOlYtC9y5WjhUYMJgVhwxfboq9Zw7QlEsiF2Q49hHjoXuVHxrYF8CgRWbmAp8Voku8w2fnjh6D4yC9J5xo5CaFKtaZL992WtjXV9umZqjfGIXLFglmdGCl8dKkL13MaPhIOpRKl3+LLLgnicVh+yREHL/KXlVlekVqNAratTiyUqh80etUUlsr8CaHGkZxVdp1dZZJqkKmXIXK9vLLYv975Egpk9zRdh827mMMqSphiPGfwMmbB9jFaSpB5dmCmPJnEnQE92Iwo23A/+GyvCQSXcXVGn/EoURYJLDgFONAJ8sC8TplZl+l1H8TUreERYHQKU4NjTY2228raVKtuwYoHQRcTmCeKftgl5Skv7bKYC5DJVK/o7TMqyuRX4HDVR3tV7sJUvs4EMSeH/0+dyraxlCFMK7iBD8yrkTIer/ePX/yICZ9r/fX58NY/h3Bw816XRixZbLvbZ0fpGygyj2FXrNNaD7VAT5U56yQrULcH+C1IJO9ZWgMR+rv5LRR8pDjik2egq0poOWUMU28LwE3Ufb2yrnx1uATYvAP0FyFsDbwL2U/+OdarQvZRTQQlHPPztsLqG4RpOjf3dR8nQi7y2PAs6/J05HwHI1csEUbD80nk/N5KD8W6zBr8arTNrqRF9lnz0RPpGweRn8AVCgalyAz4wz1ZkIiDs5MwmMte6Bx+2U1keT4KpBONrbGxRUzqZYmQq0Kv8qXSydOEbHgSmmMAcUdoXLQIq9Kx7+KC5rdKYHEmI4BRGGiCNE5C9IngXdD2dSRMdGQZTJk/D/XxcxUMlPgNwTkcUh0q2hB7mS40skTuJsMM4vMA33a9mDoEsuBqNwPSkWY9aCNzIXXQJ6nngpNLGLGEHy1ZJweBjXpq37Fo8NWgrZHWNGKJabuqpR56Fp/QSk/0UsZBehd9jbbiAvnlxRpqZ8Teqa71II4By5DCMkLicqlKnkW2A1XZ0ig8BwEcT2rPLkMDdpVJJOpbHmVdQ3ZVxHD264Fl7rSoAcLoZ4dk3FcGnrB+1rWPLqYBGrPwJ55DvSFVLVRegjN5ubl81VZZuBNTNksygorm1g67aef0rZ2tC3rgfWbEYf7BXZkYBQrKAHeMn5MLtlrnGE/EN+gupusYwyDJdC2E8YjOwDlQm/RJw0GzhE/EMKoCWQlqdrIbtV3z5f2xwjKPxSCpAXSyjXgy+o/5H0W+uCDpLWAFvFLjFeC4q3ozpZnFgrDIqW4ZB4nqruh8Ps57NLvc9vC3XlAGglTvNqazPcXnzv2Pi0KYdvnzR4H4tubR/foXMPjKMEBpiwZM04gN5gS2tfQCjXP/glo5cZSQDZP7ACHBgt86oPolV0e7Mfpvg2irojGMC8J1mXMo7+193/FKvgc9CnC4KuWAH8CRquSsQFvycD9dsjo8LuzSKOOOhA6rLDAO8AFAqw/4Zka5bbOUYbiOVO8AtJDkB3XPyeWrR8Mr/JX+iMTCv6AamBnKS7eit0LQKtKfhY+ej652AZk4e4c0bP/iDJaf43yGAX4FpcClrQ9ykSQ4o+wugkVBeE1wBgPQWeXxEybAYUgcM7Q+TsSQscRHoGhaU0owMJ2+fEKV1A3gVwRoQtCXIvxxEm8D6kqMGC30t/ilO0OIz5wl4th12UCDM2K9JvBi4xsEg8pqIHCSjCqMngTY6fslM1TKkhyzHJqIhFl6AGyGiliCmLbNk/n+P8GZpASD0OfByFKKeV0YUflJ8J5FWK3bXgqKopMTVSqjmLCdrWbXU68sXkbHEGOJu/J9oh8nDp00VZkPAKUKl8phZ0CUoYwWcJRweygG/c8dXFyBnVhZbVXzH7YVn4LscSvydF5j+buanGVWY5N/ikpHuuI+nZw04anL2ErQCiSnVkkipAnYS0voASkoDb1RFWYM5CBGX2C9UqFRdLwGQFnWzrjwVIdDZVRceA0k/KOpWZ5tJTFmnU57GjEFeUaUeDT0/65VEtxtQFdlwICyb0U6RllbBAu0CCzBdW3lyE3C6EEf8kLvYjS04NYU3ueDqmDOQ2Hy0Pxb5lBI39/2NnQni+ABy0qIWMivuy+DnL1FuIdhLJDXlUZmFGsPrnOI2UNe3WKkzYWVTzs2sFLNbBVhRXsNZGK3PJ4E9cAZ71OHDvQsniFLeur1RvnXY+RLkRNRo+Fk2SBDrBbFOch/Z/d3+Z2OTkL+sk5kl0OzBc/XXXI5xcvOOMf1rTV+r2KUdx63TUSJjWAKds/s+UCcXgvjO3c66wyC0E4he4yYSdemjwVTHRSdPJp4B9FKjvL1w1HtkX6IhhkF0gOBUo8A/NkcnUQ+P/+SChnywMiAOX3dcAFpWyFgymMxpw+NGF4Jn0TW4In8NN2kGrQRAPNysSGBTOtzjYC61PwJSuAhy3N/oo3zADTCm45cfvZ+tpJx3gpeDHPQUeSVUTQzIFd3ApR5B+GBwt4GJ68RWkXAngywc70dt8+hmE0S8GT1vn0QnOM8OWlKxyKFaC/LmEPebzRx8DCjvugAH2x7jAYJ2eACRGbsAQCXbQSQ4SDzRe6hA2KCh3hALz47AsJTZgK/zlYwBgW2A0DAc0oPeMo0KZIVg9OLyCJ2+AZEkPyaJ3QHk1gguAM2JQoo/5hG/BBOvpEFLwZugSF8dzj6dzyhQDmB/7VNMCcOYjkKmCqOVmqBrGFeg2EcezJBNXCRsgIUIXUYUwh525DoitIezDvZrPhVdxDnfD/EM/pmzFChuwIEappaaJeeEStrAAuqFrAHldjinUdemSu3LyGDUfYBiP0hNn/YOrPAW6OahR2vfn+W0CfCRMELYtW8vkVYGa2hXcVwvt4svSDP3Qyb0T/bKYs8LWgNHMi7+FMcZP1P7/+FgcX2vyx+mt4kAvvyZH/xx3H94PK2HK72uJBgDyF+ofHs9ekZ02iTRJAR2Jf81qxirDoPMTjcKPxykOxHZq43We5LeY1jyfl8ARFSYqJp2HoCI+U/3TKH8mWWZiNfl/nN7gun3jGBwlY4LFOHsCdVkOkTpfbgr/Pf6yEaIFK5UAABAASURBVGSlZmGZPIUvYQp4QcN6dtjwpqWwp32u/t3D4+YV4EloY+GjweBZ/4f7U5QO/NYSPY0YFO3g+d9B1T9O6ZizmKoo6oO7HnkP8OOZ3CXpaYH5mabjMWFHEdIM+Bz9wn/ukhQNrdnoegQdJHx0j3AQGD79uiX2zxKHHkK3LYL86Vd5rwgm2gK4848A5hfWioV6MIP5893Z+wA96/1DS8DQ/6sTs8tQ9BBxgBnQetu1Jbtg+3mQKcxfBw1REkWoY0Cc9/uO6Ov7sSNlT+duwE4S3GfoPA4CwgcfXW4yBZ/QrruBJ0fPM7UFnX91FI/4Y+DGefVPcTj0EUIQaDhGr1SWmTs72q9B2GPyB8fAMxH1gh+klUD1w2E31twutJYt8GmQ32IOsijusefwMv77FPY2E8wxf41azPZn8grE9I6hSRFJlRwHOrmOQL8SFpAwQzUuMEb+BRmdwCVngZIzIQvDkTaf69NsXkUQZucnKTJG+Mz+BV0ABTpBAkEG5IkLQImqQgAldNlRGdWDvaqJ10LJ2WF0HRgdT5XDCu83cpRfL58OIqTRSYqJwgiTG7PCkbNgHLn20eUhRjRU+hTxY4n/aqe3VGCBa8W/0dVaMlMIkhpDMgFr6FUEFNb/uJpx8ZkK6l4DzqDzqnOucZmY6pPTYZmFK9WXPDJyyBRp1JgCSrBAKlxCqdEng+2gKFcEUHY5VsIqVED+ER+KZcUSxg0R50LK4DuHrZfTrBy5/YTJTBfi75CUK+lM27JZ6+pfZgVKpaCqxppC0yQrOL1Gt0uxFRznhMyx5JEeVzKpxVXeDcz96Fz01mSMrx9EJxnXWfcmEq35ktXfToVEJzaAL27+rX0k7IF5Gpg29fw/0WPQia+0I2pztAQRZX14th5wQFnQnXD6m5NtEWXZje5CEyCmERNlT4HXNYJUy/jrEW2H5UbM+RTgMwVi488l1Z/0H75l+bdXGbHaNW7P5SsJMf93VcLWNHAh+u7mNyp0XAY5cy34gkVFHPzgikagRGxH3rH+pxUte6+/dNhEOok5nRHgY5TPK1L18SuGLkOKJ5V2CnBuVcLmOxuB4SOGkPNpFsbRH2HvreBq5sdK5vPclRw/ZAh4YxX8dwZL43sxXzSh5vPf+kD+SpZBOQ5Zg2RsJhsx7qxQJSLkY3SihTdC0oHvoeGywnpu3AVMJaDPzFj3cPGPtfQlcq74qfM+tC+X2EHkFPxP3GbwPis6DgT5mXcctY/AgJ6i7wkOx97xYAIBBjHaDwAYNSiYPHCuH0GYUYOIAgITOKCLx8DuNzqI8Z6c85FZiF3HId2b8wQc9+JKJMXYCIjAh1iRPMFJ+WfAGHQYOYKwIP98dEknu07vI8rKSdQeiBGHMZ5PSDbyXdoDCrAXljsYaoniu0vrG4FAJo90DQbPEwoRlxwmY4VEw/w0gdugKkMsiqTO+LF1cFv6tgQ4WyhWxbiIHB3fSqC5Lt9pmsKVIHHg6B2sQMIixA3r+qaCtNi8mm9sbl8Vf7F6uZalnKMQcVkmyNd8hGPhKdA3ILz8R7CGTOAftae0iIL0PTEXdcz1KwB8hVfCxGNeUywLnl8uefX0qh9IeuYjsKe4OFOCcCnsQcYwj8MXI/7IOpFNgZ8wCO6c/QbCjIgcqv4xNdlL4ZBm6w/6zD+PIlDjT3lyP5yOKAKtS653NYqR8OE/vhv97Y6ytpPcgRm1Bu8ordGh7p2iQMTE6q6F2Y3C9vIbyDGt5eVOGI//l+wAgHIrZgc3UacXKE5ebkWeJGhOTR9ZZAMfhW2LTKcVmYFoYeWv7SwRcuS4I+gUOheR0e56JJauT3oKPyGRjyR3TV+JPkQMkf+2qsCXW0M4cBgCHqkAR3W/FD3WLIDst2kDyEEY4jVDqCNHRtojgry1KuzVSeKBy9evAbaUn/TfQzyEGsvKWmAHWVel9vgH1gBboM1UfxkE9m+BM3YyiAdsH1CAE56F8D8fD515HknIpQA8SfjgQ0pA6yC4mqfASJNLuItiEDheFz5ZAKDNIOKJ98J7i+Pc4YN3704RLHIOn9nGhdBkB27kmvifM5vJRqDZCxTURg2epWnlBgiQEoJAkxLaCpF89UH2T1f6CHx+mwIyECioMTDoD+OB3eRqOJO8LPCvEvEzyYGvFIQuwguEKEOmnvTLNRQIEUsBEpQu1qICRSXjcbxVhiAbaR/D24pxWWqIOSwtl8Jzxeh1L1UI9Y/eASmHnBU7P0w4SeQNXARylG3QIKRyA1K+UHy62DbywBX4rrqJE2f5zD/kz+rdIosiCXOp+CKB0bCfJ0pBubZzwBmrRqmaRQlLvq6oryRhH4HCd6IkPhcRUm417Kz0Dgg9+bj6MRRiS20VWwxcwQti6SPfJa+ElRALOWNczgKrRiN4buWyhAVfxKwYJXAToPgsJFwg7yT4t0i44AuZI5Q1LfQESwBf5fAxFxHLlk0SyrygaLSCYyH/2oskFwEbjkWTQo1xXSdYnl7AfR3BGT0kfpBGm+yoJt5pmZ7mtz+k0kP01+v3gtKkZ0nnH08u3upv017y+3y74Oro90W0SXR/tB8oqwXFgvgbNMC8jFj/9710jB5/iuuufPL2zZCuvKMwos8oVxr/LrsiSlawS+vsp6p/RjX7ktmfadc1wGXpHQnce8kl+iKN+htdYFv5k1+QDRL4K8ovpyR/YQwcN+mVRuDLzgKp+udX6V3b6Jo68M4Y+BV0lFZ/iTBzHMsICLvgPTlI3oROWPV5kfazWl17HoQ/cD0m0oZ6ACxC4jbmOMZel2ygGINLQay/NL+nh3U5E1gQZukTMAzYJztmaGBI4JOb7oxVyv4C+fUfGp9zEGGM6DWJ6Os8QMbIcckLt9fk+YqRQgJDLKpbWH9+qdYVJpS8+sldGY5D7GVm4IDzXJhnaQOcMiRmwaGP2L+AcHQogkD2IkjJKIXPvgNjXQj4x0HsyJeccE5rUxAI4hTbybvotG4G5fFY1sVVkxrOAGdsBJzE4SK9BZ1ZEHNOVRjWQpxYJOwSNqFpGTXp0ZVYxOKv7FoQm+wxVxF75XSuyjQXNxcfGaPpogNI9Cl4dpW85ph5YMWzlUkSvNQp17coTVvf3GZY19HFrw0EcFaMXOQkuMzXV3jRim9QZApYjS5KJXEMngILBJ9rBdHUtmjqGO/XF9i8QiZNNljWXIoI9fTses0912doJAwzjS5F5X/whzur96JRKzrs5tmM/nRGotEFzuIp7bPEQ963+Anbq3yUr19bBJ5fMTaWkGdfdxpPgceUIKzEwOf10yUIaLFE/kFoGeAv7Ckw3BzZ1VXk0Nb9o62AkziJweaayTfSlvOM4CYo3IsB/w3jvJbalnzRtIy2tx//vkCg2Vnyt7f/xtLzTtAd4yhOP+LgywfbeCRX2eZGQD0q9zDiGoPc1ptOtwL6SGn8RL4C3XRNP3mOrhX+To4vNF9yF4xipt0FHLd95PoUgYuGVzhkFjiY1DOAeqj+QhHGefDb9wCbKDoLP7/u2xeQcgQQE9jiHPitWDFVsb2cgkicLDdGf2LADCdwE+6xCTyO9DWhBQDPADvsBL6BYtPLgazbl84t4A+qwHkEgTW5YfoTQNJ09rwogWHJfIMRjD+QLcHhvPwog9DRhNHj1Vkrj6t/vk3iv4hhR6eUwEcKNa/+dWzDGWvmj4J5HClsFGtoNIY2vaByEygWo/hXSglVeoiJeXnlgOGA4qtPupx8j37KPPttLb2EhYyQncQxmlDwg07wRcCLeHHzxV5fSxdirrD3Ss7oBB0IyVHYL+fM+WLypobpmg1KiYGhg+x2LX1/5vzIyK1oVoFgW/ZxawVpfRnNTQxeEhuUHEfFIkP0NEgPJhIQgShdEdYBYltULYKIBfKrv7VFlkP+dBEXmKoB3c0vuhiaNjVuAd9bBJzVeSQ5JL6iFoW7vcjA1eitEtjnHHaCxmILt0s5xH8qp4dRdnIY4GLYDCiKWJcdumFqEwitE9MXXcmRJFO2GdSVdLW0m5pXgEKc1bdtqJmcHdbtnhuSYKcCPq1LwMBNTFnWcq4KV+oMu/7Mn019qyK35c8cGwBlJfScvNbnhldyNNlwrHg59iNacvzjK0Fs9Tup9SWXwIUZ5PTV36mAr/eB56etJU9xs/etPnYmlfMQxmXZZY2B+b8rE+a1kyXBqQWL7sKW8HoGPLcE3hpA12uWZsAr0rkHwM+UqNjGuzcIhpPo2BmsHWD5B76wCeo3NjJ6h8wy7WYEME10OUCiUQy9XBJuUQEFwdDjQfr9mX5+Juenf+7HXZLCnZiJI5hccRL4IQVAP+G0pABvC8Veqlh8edURXnJ/tj+0YSWGMrAjtQLalYlu7yPA+3LcSGfoc4VZczc67dhSGsEuugmGBWt8or9tHLvNIO6VAnwf5dPB7s/l02oEuKQC8Mmiw3zCty+dWcgnHAQ+YEJHSCfcVx4Dc4jGhQREA41xdllm4An5r5I/4AMadz6CEMAxXBOfBDQDzc9H084lCOawIIGgs9Ofr22HpgnCf1EDEp29E68PSytynP00BQWY/M8Vu/+TfmH6+QUvxsCVtWAzMrTCaoFkRWRU/oTkKRDK55P8BPRd0oCMTPL8B8RgAZRJaDHC9f3QK+FPfCryRK8Ey174QgPbxK+go6wmkDIABRemBL95AUzoIMGGCVQ6P4lexGjV/OwtdLFKXPY9peddhBUESfgHOnE75OUOJu20vee3yEOeABEebIbEuB7NDgLDwpS9DGaYl2NcXoZLzZoswQ7LZ55cMiafaq7CVpEdjPykSR3r5TC2SLTyl/xZlaXwulEg2kq+xeMyo7JcDWULoER4TY4Z82+NL0P5A9pKFL7jgEUcZOxf7QQiR3CFykh2rsy04FvHsAVpTVeWUFtfl70nYkYMVildBG5iBXETv309YBxN+8Gb3yRXBLMsMSqNcw3GsuQYC1TJOXsKjEjrGpdX17jBN2KlV2Xy1AVyHOJlsGb+t6iAa1Uw9E9PZXz4uv5/mmA2aGy/HfXdlCt+yeozFaagT0ngNJJGjLDAfU1h515d5iWQuw6lpUsxBrhrUiEKTfLTb5VGCojivhs/OPwVvE1pQ8PIFscn9+gnpbd1Dld+iNs++/p/gVUB2Vcy2UNPqAEfkKCYJuR68HaWsP4j9m6ObSe7puKRr2p9+KTiYheTqKHxl7rNy0tAbqPhl8fLs6nlwCqjhVzIfPAqwy8YzraQnAZh/HJa2qlo6BgMN4lRcTHVaajUVAMkG5uiEeVKajeBJqN3VxBkgvp8JwMv0SIALYcUs3eiS4E9CaId4IqbQDZ9shXorw7yr0lcTPw9BUgt+iVVO6SYQCdXGM+v/ha93njIEIDn3AV+iOKBYntQtgvBCQU9aAn8JO0/LfEyeHsXsBbZEU0ALkYOXXWW+bfWCOXxsKyEL7sUzD0fI7Ah0RVWhlJd3vBVSAkT2pJR/c7uSlljMI6n5XIs2MQGZYxn+9vbAAAQAElEQVS9fCl0K3xkHXA2guCKj/bDAqIqR4BSti2MJCVqsnMuxvvlt6IbvvjJfybEjheInuzFIGO2IaXHCBSEssHFhAvxJYCMKRR25EIwuf8rHAICuwwE94vJClZafSBCq9JOWVgKLkwOkPNOOiT3ESAlngTpsZMIuQQGgyQ7TyX37CdR4GIZDuicXFlOo7Or4FcxF5FNxGG1s3iUFEwsH3CFEKI4udWoIILscmWjsqvG4lNEldmX6LNWG/JnpQZU2vxZERatK/8uAc4a6CM1PNZ8q/rM+cqnHAiVVS/4Sh2hDAFc1HHGV8QWH1c+AnO87FRCV1VCKlZD3CLfujJN1bnIdfaZI7QNmxjSrxHHmeUM0rsgCTGVBQqOcRNRFQ26fFv3krAInSyyd7kBssidyz0VSo5FSaQBXQHWlIapeAE7qsTkG7Tqd9cgGlW827oT+nLiWh8ACLnpJHTNwNk3FStJ/vPiOoBqCZxbUOC20UUVgPe+Aof6tAS2tpU15QviZynRBwnjUdhFB8Cw3U832fLnOOHLHy0lPJjXYvJwzdF7CZmTHzoNmfWWjevvTfyx/U62k/DNXzJ+7rP6j2cfePx7PP65SxKwq8igAI8LbgWCAkwgCnDNSSDYQOmet38sAKJ1cnlbeoeIn2LyYLrO/X4ZtuQA6z/uK5hoVMSrbgPxstXHlw/+FOHi87wHvKwl5L31/7np1VoZiy/XjKHOhFe1A9zkom+U61I8nl36cfbtD5GcBNE+QP69HoW6+wn9Y94TDrou8XGuAH4iRcjmIEND14byvJ3DCD3guQXGh//n/Tn0f6gUFkUmhBiZRB9fZhU3KevTFPbU/X/+aQ56LA+CHeTfMmUQmADBoNxoxmjCAuBj1BR5/gsAQf4p+PmjtOLtj1z9If0ZvQAG74CEZAvAuok8CU5In8GzIKGVYGJQFLsVRGCPe+xJ0FHDA/5Smah0nqF3WDjEw8J5SHTBF0oZDCiUXCzJwZoS6kIOA9HLfCJ/hrcCXhAf0seQoX0UX1gcx0k+gh4EdJjBulICL7hNwamVJwyY4HK5EbDc2RWO1GZQM/IT612MdlzBsVxRBAlsDMl8nxCS+VGfMgiseCAeE7HAiXVQYwnUVe7VYkPArAugqwTiKvRiyxdZ7lNsMhT5Ywl3Kzi62Hg1X0zgM5iJDVL7lYDComi1mztXVq+ob8O300RlUmwFz8n9PMSzJA5qCcAiaDi2+ETXFsv1ClQAN0vVc3MFajKLDTtblPbHJaxBivxm0fiitoBtw2RRZd+gPnVwdzVCATa7i9Y9/3f++u9iqri0AtT/XZMCHgAuB4yFNJ2lIeCyFKoOe1yMO4DGmxHjiueCGpCWQ+2ybn+C0wy5xfh/ORVI294Tr392Ho7SCtBdkuRC4pbaHy0xI/5ifnHXVIEQ2wInjnDhrknBBhTWP49LCuBp/AEf2t9fdRcUcOFkr/VxKLgUpWvuV54GP2UGuOEm75F9+1COkNr/UvpfnDuIDeS6lhCsDl7+Js3qll0+4EF2gPMQdr9+huG56IMLwfPIIC1/Lm0NbiyCzfNtdP41T6qdT6cC7qLEu8COBD4ukQOagPEDEzLWB4vHx9FnmWN0Eofomx/OS1I2o3HGB1gUwYK+wBRg3izBDEYYN1yDhaJrAWczghLz5fimCaH2UA4cOQGjsQJmqHBcJ2F4U+wKT08nMc7gRL7WyGbLsb555wIYQV4YUoqDPkL/+RBcOJj5JkYG8aaPyuF9iJQNgv37zZUp8UROgHD8HJl19v8XqydIp1BQggmy77N01pV2mYJdIqSUbDolHgKhmOhN5IEow8MItEY3WMlMJe4PsUSg1VAst4ajipsd8aMW82AQJgktTgQdDBVXswxNy58R6IZzwFnDveqshZ9C9ttXutsrtiT5K7alaWBnsehFaXM2ecAQLpgd9okiiVe7XLqm7i7VDqLXwIITt1QXpJjqVfkLTJxcPo5uGmsZxIkZJ9k7VC0eV21d+O1jj3ouXo4FcgoIUBWDOTr2YVn58CsY1AVKVHApahrBuEXs37q4LhYHuVB1i2LjodC17YUNL25fghG3HIuictC02DToznNO/UGqOsvFCN0XWcL32lpRx7eKHPRlJFaAq1ZfSFYp7lKU/NsiXFMAmeJi8EMS2Gsg20K0F7iigyiheBoEdqCwMzXvawKuvrvm4o/o1A1m2ybwES4fIaMiQ+z+153+Lk9/MGTiEIE7ylfuKQhQooY1proLESRroLselUYzG/o6KcJnBoCzyiWjwS63DGiU/2LjX1vviw7/e4yBp6TrbnJHKK8C9hVW9s1xKoKrLoSdhO67Os0k8JY2fM+SAop54LqHAfG/YyVwDHdY+H4i2lswKCdiX7MVjtAO0/LCtywGdysluJmrs5Jmo/p80ogJoFjnCCAwQgMhhrqNkCNI70JCw0HG8GE21kHZ8vlui/wD8TGKk0CMoDmBGSHHC57Vij0FBmAo+4tN+JgIuyKHspAxgoScFAQxAZXobikmN2Pyj+eDRo8Rc0Le6BwCRp8MEZaIErhTfASyzx7CmJH7vuRMj50JZgTUDMeCzV8MKUOGIrZ4qig+Em9AXXondXLlajhBJGN6zC2A+alL2DbIELEF7gWgTOqRAiO7DvCr02gYQWKZryugaSTiGJq2Dj0c2RbHnz4gUYOXWI99SBj/DeKqMfF1ueAxjS84FnyxFUlCNa4NYgWb2JCFqKqyuVa6ncfYdJaSlafC+Bkwcc6xwzf9PGvgoiKzH2pVLXpw9hE4/yz7Jrh5kGVX27NraSxI2qMEAwcJ8/33KStsfiLDlrse8WAs9+RPT7jbMg2TGlyMQCp+SXN4pDgnXUsCXFW6eyK4sL9S/eF5DOJy5ZodgDcHR1T/DPJOl6NtpoDDjUnjJAt7f0n15+1qdJJ0TglYlaqvm2ny+7LQQUaFpZ0txw8+qPpH77uS/e+aI8Cz1hNdi79m9R0ZSH6m5CLiepRAgVcGh54BFHgY8zt4qPtU9c8oXjLci3uQy7Y/yBbokvXHdDR1BkPgMSvCi9wLmJ8D0r/F5cBLdoGgc9EKUglgd2GcSNpyen9JHQCsyF2TxHGRaR/4koPV+iToogqAyU+GnAu7I+hI4SdY0kkHgZ0LheVS8MyEqkcb8kU3nR8VsF/J4kpQ/t9Nw7F+6/I0KaHK0c2ggQu4QPlMKC9o4EMTCmofOyxo/Zq5tEWKZ1zz+YhHOnr+6wT+JG7wfJwUon835gyEDISYEuRJQib5ws8YsolN0FCQME6QA9QAY8ZkxIXoES4LhZn5+DokMTTTNJSgq7pVIH5g8ofDnzl98mAHcksSq4xj6NU5pK9yCJjLEN8uatzlDi34D0tdiXnMIH0JR7foy7DgGwWWfRBCZe6T8iTUJUrpKmBfgp1BU49U02p7JWGp+VN81BW1dpnHrC0LAGUHxFlJpu4hSQAF9rAqYSmTlDqLDUPcoPDHxPDXulmg5TgHbtbFmMlEUL25hMWYkNo3eyLE6pIO9sIru9i+rOFJz0XOM5nU1GjylBq+rMLFCIplkLsYiSGghBhfj66sAIHyTvAE1T9q/3xBVJiImqdm+u90Z6LbtGFDLWLrH6V+R5J4477q6Ff0+54A/r5GQC0E48zPr1R0Q21HEexHo7qJbyc4E1n1zBsSlOmaEsCrnIcvk9xovewOyF37YhS4ZAt3V6S4BgAjCXzdqhHOgQo9ir5oDXA7ctqd4OiVwDHci1Bef5zmDVz4C7/sJOigawfefbw5obQ/OBGcqPalIeyyh0EJclFK4BLSiAcBfM59XQU42hh4qOQT86vOgydQgAOJu78vcGpnpJ2LhU4Aaks60IaVeoURrOFrABHjNcMFxgDACflTOgkEjJgqQQu58tQSE4YoudJLtYlIprqIyewJOWUABRa4wrIaFK6YAdOQ/P05AdGmUNP0FgEGyQ8gh2DGlJyv3vusWowtfETHXIjJPU2yxaBL/gPFOZ0rbJUFBNAJp7q2uakwQrgacJtrA9HGBiqzQleURRCCSUCINQgvs2vkXjRtAXTLuL4CtYVzoFt00FiUR1ppvqOZZVPg6eaYNHBN2eVuhCtEIZ9Y8G3fjqnax1Gu1Y8tihLKuMu5FPEzFw97gDzsCaArmdwU/C6Ueh41DtwMXhsjJa8AN8uyFfBN7GH5BGDatHCTGUKr4WUDLNWr1u2iKRZemtW07Fw33XTTTTfddNNNf5Ng00833fRn6cJr/2ovfNNNN91000033XTTRelwXOBN+9LdwDfddNNNN83oQDPwPSnd9IrsdeQ7tO40pWwK8gIjGHE/CXuHa7hAcCWgLzoLdBHDVwN9BBwHNYQxJYsPxUWfc6540g5y/DP+Zh9Jglpir0nsOw/kFwFTCbwto8akpvxahDX6kNRzyah6wAGGpaiCdiyKNLkUu5WcFQIhAhOMDl1yhMbu0RLOKvALkW973tTkJYiuBgtwGy65a6vQlbk5Z6A6LgQUbJEisOFso5G947kKfSkoxQLDBsVn5tzJs3ArV2tmBXRLf5X5Mv40f7LAYwlrLGkBdGvBlDW8z2HvUKXxUMh6nT6Fl6hUI2+3BOJswJRYv+RyI3V+yCWsBeMq2GMT6BmxbndRlh5HrAWPZajlyLwBUPYAhegaCaeyIi7uYkvcYKcpKpppDHdJh1lPV97+G9SpH2RnaZejWPdvqP5OsFVMjvOvpwBhfPWMzz9H9Y8ogox+V1MAXmrmy9Ef8Jc+utn+RHNAXFVimrKvBA1DWa7FxeBfp2YZhewkPDoKcJck8ZNzzepj8d8p6LjR58va36i4PO8jXvZaVN5cXlMCcfK/rALIXUZ0eEkJ5HBBV9wCCl05bFypAEYS+L4tBF54CMx1919gBnM7kSyDL6oB4JMhpJ/C/XmqfCP8fWqP1vB0W8GP0yHVP6G0PyiEE60UENIR4nW95ncl8JY0vkWUGKe/s4cO3ZMEciD7YfdZOpXIzzoP7l2o4kDMnZPsyzXL8XwS+FhRoFKAGVuYT9g4ywCL5ClscIHoWcIFlk/iyiD6bU0BdimCMJ1btQiyplQYAkG7CG5bpqqav/yoREY58fnHX70TyIA4Fo+W45iLp8c+vpnRBaWVxSWXe/SHuBMUd4MBRSg5B/eEPkQNLn0EuujCzrtcSqkKFv9kj4kEycLGbVojgoh/imFysZQLNqg3l9JjBnOWQnN5JYGudIXnFlsBi4LMPeEVZcyl7xSoqlPhqq4NPVwb/UFsn5DAcK4DCEglAExvxqel98TihSL0cAumxFi0l/LJzDJfnPtrrPni3DchM0l++1pJFE0R05WtnDCplcjr2pYBpluPfZFf0w5V22GR0ZxXLRFXqmc3pDUUQ45Dh4sowqrqEFseP78Cuummm2666Rp0xnOyn2n6/fl5+EdY8cp6x930dXQ32tt03eXfmWp+K/JNN910000HELyyH99000033XTTH6B7u3UCoC66JwAAEABJREFUgisbH246N11FM+8D4KPpFv9Ny2SvHWfXt5OWr7SPQHf9iPPkBTSw+KFCAXKGziWgXUIUyXsREpev7mBvAbskNsY4TskNoDyBMpPw7m8qMbm+Sz7dkhs8iF7buITiUYR8AYID7yIKDGNc44STIi+BLiPE2EdgBr5FYBO4BEeT5PHTY+0dEF0lKWyCzyZ5QG6s6CKvAd5BgZIDymUqhcfODPNng7hzOWZzAiKmlsh8G/eMmPGhiPUyOLZxUeaKbxWFeJZnCQkDF+uOZdUr74AFkwlEwJAelc4TcckJY+JYQtFSwcn5nBRHGswlwSzIh7wDFj4CXQ1qgwiwqxuvKA5CJQZkpU4cWSaFtF0BoAz/Mho3t/Kq/hQix7JexDHydQVf7slFwStgH1Sf3eYte3pVtJmEy7ZwFeE8SyB/oNCDIF6J0uh8ybo7mhjgmtVnQryyAkDUgcsqQBrnLzsC5P+UtMGaepBsV0s6Te7nZ0LnvX/M1mzXoXpp9G30XqMVXtavuPhh+m4FeI/2VoAh9TyqCVqTxU03XYR4R36r/reS7ZrtoivAgs4sga/ppd84nFx5DVwuAi9OtwK8SvnH6cq74NsO4BbtYPtK5Rwyh3g6ecENAUT3eJc+C+BwiVi6wbkK3QrgohA+LYETSvus8+Du+1Pyxwan8ZbKpbCv9XLtwAna6yAJHC13hISLWClL44APllqIgDc8rAIUHrtmydClSMGFs8AmgnD9joB6UNZsjFGiP7EAjw0QhPDB9H7pK06+S9l4efRk9AhPSm994lyvLFXEOLLLv1AqDw/6CyG6pk3+2aP7wAiScpicljl2PoiMY/RUUV9IOJbAVw2WXR+nELQ+BjZOnurI96J3OdIsoJ/cFHwiFg2cy1b5b8PoIzA/ct0GxhrNFxtLSlYhxLBFfhU/1NUtcsqaiqm8rkQRxj8Kj309X3nof4LHRu/RR4eMuUnH+JaVr/zjtXyhrWJ8LTsGLOueq+Sy4HDO8QXf6C8QsuyFwVNVJwQvmhkft/DNukQuPSzknPi2XgOLImNZ6DYzjBXtJ6qeQlECXJCtQA1nwsoC8xSAm3qtNwqbcn7CpsOmceuCV2VocEdE/I7q71RAiNPoNQ0B5cx8WYLLKYDMLYAl6V4F9y1D5auSytAXvVtfsAMgpKXXiar/MSBVofrXbH9Zs3L93fUIi/92oG/BmDS7kwuRLP2uWn2mPbvA2Qlj0MgrK8C3Rg40WYritTuAi2L8CgnsVMJbB750BDAhqjVEa+pVCa69CtD3/78qomsPAfflwOrcb0bfY/bbTOls+oqWwGgBv7R/iD0k8BXSTEdgFzeIVKfBnxHBOQV9VQ2AM10Qsi+CLkeIA+HH6XihJ1jwog6AJEv0GiCIEZZW4AJxyVmg6xFWILGiIPH3xbsc0Zsfak4jfiVj8g4Yq0rMA1go/O1jSdhTIOMn4nd6NYX6jQAozgwmyufhxG8gofvEhxodwwLD8zBJUfBghQe15M6MgZNpvZZRV5DAgoVkJCFK24j/NsqKClW7ugu5OKilm34Wj32QahY/K2eK6PrO3CB9yoNYncy9dklXfMUa+BU/hS+UThKhcM2X+TrmC0V9s7/A+BvLpxBA4RUveu+T5i4kILCzlm9ReYhtLnwbf4HyOZM58y385VUyj/4CM98sABe1bCZt5itNkWQCSV1I+6Udc4FAnCgWrV8A7DAh7lhhXeFssfYX2G3SWlnqzGAO7xOsYH6rbN9U065soZYzFk2U3XlKSeGip8I3XZ5utb/peoTxM/+nWTQeTbZ4Maz/uyZh8XkC+qgW3grgrl19HMIEfcMIuZkuqwAX1v8Jpnx18VaAy9I7A9ufHhRvOhfdyrYnwW0NuemmFzSzqN90018i3PTTn6Fr7gVuU5irreK2eZ6WSgdHtw7soQCv+Z2PrqwAh+u/PevBHD8ugRPp2roCgKt/0AMEM6qqSIxVAoYsMW902btYkaLCL1XFpV9xPdwZUgEYz+WwhNvJvwwKZHi4j2VCl1DShU8/fkZoPn7uvYtw6uhmxWWXg+R5Lruf4D8lG4fZH5xUXlwLRgyUJKIyJaSSz4imlAGyjHyAGBbBZzshaNNIX8jWZR960SdiicRzURZQfBZ5Yf5M72IKg1twn2HAcgvmPztJc2mrMiS+qTEhu/mDymtd8RmbtMgScnPFpnaurjsD0rCue+WYr6wYzjkWMLqU+ZLdqeQQU2LWCocpBdavYcmrAFCWj0q+jZSDLEQUrkJ6ulpvsNafzNe5xjvgQgU7aihNKoi8mY6VySXbhfZtWS4XICfFopdf1U3OTbioLFchvE8abvoz9D2qfHe6a9Ddzjedl6pF9hVV9V7+XJaeO93f35/n579//+793x8kdccWq8A9ENx0UYLqVrYJ3SPqTTf9ZWoGi7vD33TTTTfd9DV0T1rH0S37m2ZkrxRnV7Nv6gZlWfUAQQH2Yfa2VtndExywTymXmAchkNrgzgW4y6E29oeACHOyX5ccjiVsERS1gxi+V/BKkNJH4J0YEtFlJ3IEcUrAMCicJHJOXvBdBT5JPKWVvtr4ESeSQMDkF1Bcv2WvZphcnolfQC45F4zKVbgwLJjmUyB6TUBekLwDZpFghKe1iLOqMaLEHLs4dLXnthlKMb/okue2xL0GfkX8XoaqyVsN35hNyxdKX30Fx+gIDyJstAOsRMwaWfIFN/MRWPlfzBxrvmWty0d9QGeBr4uQuBIx6GYFKTiCBNd2FaqueFcEGh03Yq4vzgs84+tmPh6x+ExCRjdr9xrYl4GpMzn3+3PDN0sYZoWdlz9zTGMLFJHTr3IuVFfzjh6b/js7gbvpppsWaaSDpMmx/O9qdPHqM1XLpIvRrQDuytWHr1r/7EZyE++SEri2AoCEtLhwF7hHAOe+Nn6wCd0rAHfxVSDcOnBvA3rG0+vQdWtuRrcIb/oThJt+2pfxZyieu19wL1Atgq46jsXAcNHvzqWoPD64uDHU7S+Be6lwTjq041tyPruCnbV8agVIqaD521UAQSwd/mF7Sht/wojnSZ7CIGGVMGK8MoZPcoNi4zorQ1FOcC8rxYcAv5iwQvMTYnYBGLPKPuZcOj9A8jCI6XfxuBfNq4WfQR+zj0/4b58d3JU+7GI2PrMM4o2OAzvrFUyAtvi1hvTV7F2N1co/RudvM+90yRNfLk+RSVmQDINs/QVWnvO4DVwFjczcsWZVeexzXcI5YBGzXJIcUhJIv7js0NFJ48VPqOpeC7tX+ywyLMGUVdFal3ql5PJnUfe6dj2Hhq6ubwHiLFhVpYjv1i9nTYcZiLOu/rr4q8LWylRkga6tKWptCkWxoqJ1+LqWoyubKCpU7E/XPhG56aabbjoLfRv49dvKW9MNNd5Ct9T+DP2hld+tlVvoXvvfdNORdI9bN910EO3V+d7J956Rb7rp+yj1+bsDfzHd6M5FSkfbN930l+lW8Zv2o1u7bpqRpVKcXcH+VAfgysDCI3ECln8SX22C0mmywhWXgbP85w/X12f4UvC/svaFAs0UYV3sQE5+LUBcHG5XHk4OguM/Lw4RxeVaxDqKFzeISMgCtgS5/ME3HkriCFlLDuNSBTO2q0chJfu9i1/RFV7nGtRYvA0A8V3IjZc8BUKRkJ0MpmJJQSbXQq9cclTInwVuLYaIhRKg5WITQvG1KIMA6ZivfKYKt74W82fxR+abpZdfyKWFAutaAs4K7jWgsPIXWLRCEhlGDKBzBV+AVkrCtnJOWEDcoGiLgm+F0quaKgPs2OMfFHxLMUXhurbmEDWw5psAh9BpdufmID+XHGs2kilEMuNbubPEhc1pqTPS21rutUzyj1VxIH7GEOOXPBvE4r+rEX5Z9XcpY+w1iNdTgdpR5BW7vzudAsDH+2I5e1yQrjwDlFRtXK5El1cA2RpdeQRwF6z+s7//TD/PXbz36K94Mz4R3z+8ZvWx0P97BLgo8eVef0kJ+HD/WP5zlyRg2xYES+4FRVAqwDV3wRANpf6SFwRuBZAR4Kpj4A5TwJeJMSrAvQbII8DVBHGCKeBgkV/+LMBd/iwgC8H9eaorGevuruw2v5SA24vOLtoLdYEZ4eerb8/n3Rz3mwXOr1L1GNiWNyGl+m+6OTQwwdjW0X7LEYTbF7GP/IPZWw77hWVgFGD351+pc3b3hy564pOvKKWVr5imzABI8s/DBMcQQj5VeH54F2cUzsiTH0D6MeCraNdFz8BHU3zyL5j+z5nGp7xaxQ5oScIzh09s8FpctdJTncixcACYhZfqOffSV8LaMIu0WEBGmNfcO2DxGV921S+4GFa4KkNE2LUpIDnlS0GH69DDLnoKxJlfPvYSx42MOHPBV/KtgX2Zb7l7mofETTVMSVzbGk2RXJIU5CJmiGEtlZJvxTGJxNUgvJmghSFK/O06hnHNqWwNVzV7t62rRirrWBe/bIxG06oXXNOesxDP0MEodnlVRYzNm7v6TTfddNNNVvSdOKurosOuTJ/Hot500yu6R6I9CeDnZ4JpQvx3VSOwK3eeN92kontYuumPUXPD96ZjadsI80YL3uv/m26yo+YY76bvo3tIXKTeqbRRvrfIb7rpE3T3tCPolvpNBd3q8FUUcWV6aCCKbaUKIixJIoyoTJq+zmGCOIf+vbIUrKvXPHP8zUswQBeBgwlyBNHdGhR3ScOXgMICx0kETJScv4k/N1cA1KT+9VP+ztVmIJ4UBgoAW+GkrgtaEoduEL/mRWX2ejJViC1oZAG5orWPQMGS1R7XMrxsJtiiEJEH1409RZaxYYsypEI78pjYQPqirz4Xa1lB0diGB67gW3xKElYrbOos/weQmsMccJaKnB0wuqQqdSUkNwQHc77CvZTSXBcz34Jjatr4boFow6xSgDOZ8yd0+UIpXMRSP0sfgZ3e0nwFt/aZMi00p6hvBdyEmZyrF5q8pa2l3bGVaaXnbfnn/i/bfnPTTTfddJMBgftG+s5S39SQvhnvuf+mU9LHRqJb/W+66cJ0DwA33XTTTTddmu7N/003ZbptIzfddNNNN1nQPZncVJClOpxXtf6e0g9CAwtcYPyZQVbprwL8h+/vwiL4KWX4qgUKp4G/tVez6hPZsR+VMASVICd/8pydrIs3P4y5Pp96FPdo0aEgJr9/+Q3xGZiW294zVEskVvgiRB+LslCVxmGaqzyoBVZTAmG55AQQGpgXcg25dBF55/LP4Nzcv2CnLCWOLz7IXvpKP3blC+VXbP0UJreJUEih/N3VFWo55DK0CRkSR2GjPP0bVafwhpgUod4ZzURYNIdIqeCLc76llFJdSncNLd+cxcyhIVaSrPh2WSW5JOEmN4ytd8D6lc7Xgm/NS4B3c5Uq61t8iw4ZW5n0ilEJPSEboRVSk7JQCSg4ThAih4WWv2bYEKLkCvOCEsA4hF+z+iXdCnArQF8Cm5doJ5AnvP4pz3tXPBHA+r8/QoMtubzw+fskY98fU9wX3KQAABAASURBVIBB+nD4VKV6fqI8WCnABelvDoAjdFf/GhJYHHVi3S/sKg2T0eWCVM0AlzWDXHgPmOt+GQng0hO8Yg/II8CFzSBijL74FLCr/p9btnjlNcCiIfRCuMBTjABnEPY1N4O3KcAVttC/LgHsPrpM9Rdpvy7wXSK9DWK7VX+XjG0zNZPAF+rQy3kwYf3QvYQGNj/iShDhOjWHwY0PI7Bo9s6cRbfMuB68ONNvBllBUaToRgwiWCa6UBN0G7vVo0Pk4HqNgwFHj3acTRXKtqxxAZZKQVMhQ7ocvwAJQAboA+7J+3ktnSQUh2kO6gfoJv4eC5S8yrnS7xpVFFLJXOPcrfDixk0kXvSw3SxIlrkQkQe6GL45l6QuQ/yaC1r7CwRxmFjE4oWEj4MZ99JXHSanf/SZCyhO4sRLImQ4WWrCCHEr/dhxCxbVKNWscEM39xQYCwiNlOK7OYxyz19gw7cBKZZ8C5kDdllJWZJw6d+ixTufC1RoESSOUChjGi/mvRFnxS/8FLYASufmOiPyRFf4+sufjYfLxK5IhJB8DnaAkzfddNNN1yDY9NPp6ZvLflND+zXmPfG7Wwifo9ONSnfTY/q4Jl1eA/6+AtxroXW6B8GbbroONZZNeGHrvOmmm96mu499Jd3N1qdd5HIL+6abdqZLXv04lG5530RkrAin1qs/qvQVEO8FNFDSFrC49AuBurDMrfIu5pQFKKB082SLLy3RL5fMVXNEui8TfvLRmxq7/Uvfkws7cQ0YEzDez8vfPv7oYjJJGi9luug7MNYgXtbEVJaYQQYaiku1HHDW1wtJBlQVT2pvf42MYtIiPHEp46Js8gdwfZLrP2laxCUwWfYcWJahm9QlbnUZMAsjVqhyBleBCJuM08sz13nSZBgdOjpMJUgN1xQcoUlVhzwuBJPrEuX8AnlWKUGUfOtoL7UDVsDTxBcTlhMXWGHzFeN/rm4NbFM39W0DPTuByUa2c/BiU4oa/ddqmosVddJRMseeB8RK210hMpxxLP7I3fpGBN50001/nPprIpSf8KRHx/d59uVpbxW4p//L02YV+P7h6eraf/f+m85K9+LnpptuusmcQP38XiDcdJMNNb3r7lrfQTdU7YN0C/umY+lWv5sM6Vanm4gsFWE/pXrX6HYBdW8Pi1FccG3PYe1pARjC6INvayt1kU38LOT5m/6EInRKYg7ZPxw4dh1Y+YhDchgY34+5SPFr2BREOKXL3s+gKGRZxArMRl8wZc/vO+cKL2eu8Egn+D4ubi6KZOuq0M3sTq3IOiHK+GdI3g8zlGrKEIL4mbzuFY+pPIX3uyXvgBjdLs5AZtl9HCLULVp76YNS/PRdkmTvgFGu0HwCETrBqxaAM8hycFWmtaZEvslLX+WrLydquadmldi3DaQyv4BllYo8I8f4mZlg0S6uJelNiWMG7kLRG1d2JJUeugW+KW35VwMoZCecpY/AwjvmHEDZ0/+CbyUkKHQ+8XW168DYvuIl8+JLlnvFdtNN30LgdqGPDAI7lf2mb6NbEW46K926edNNN71N90By003fRHePvTbpYYJz+nIrGtzKf9MBlM+j3E3nJrgb6aabbrrppgG6J42biL5JEe7FzktS4wIxos8E9dWL5Iva8L6zbBUPO4mcOOCbJf5NBcLkNiw5/2N4nXwvn2ekYfbg5tPT5BWwAPthAaurPQVGPjV6KtIMrsRgwRTH1/kq6iwjvgQPxZAqQC4aZLhdkRmhGsGDVC/yTn7UoKxiU7biWQZyFeC25Dwuec4rM4HEit3cyacryoBFGVyvDG21Ipgy88UqiStUMzqnCz4dPXl2TG01k0MhL+dqD4U5DULjvrAsWoFzq6UZfU86V9c9vucysBK7uiB8XV8kM3xd9GGIWUM9IT29KKJyLJQCZb41rwJ+12jPvGeIQkd/gc61biHbmmHEbFbiqdq9r7VRYIVyZfeemlr/TUrCuaAEsP7vmnQrwMUVgOnKCuBu/f+gBM6237ryCHCPfk6qD9eUwMUVIG768LISoA0g+osrgHkX+B6IxT0FOBdH/3sOuCxdfBa8deDNEeCr5XYrgHtbAb6abgVwtwK8VoA/flS+TQH+nkRuW9iVx8A/LwFcqBzeOlAbRMyy+0K6qgKAuf4bi3H/Vtl6UeWP6MuKAsA8qQ4XmHMocUNvU+K/AVOYs0CB2lEGvynWacJcsVNATlB7CszO4CinBHyiF0H6kjxtA7tmLJknB3XIrPgJuupAqucpLf3mxLEaFzn6S3P8leK3QoV8w+hJLgqvEBxnEL0FFuCq0nNbdq3GsYNzqrLA8bPyF5h89UFz4FaUBHJJxHucANrER2Dhty+BzFKbYJFDznPuKbCueVVacbUHJeAMGn+BubYw4+tKvqW/wNgirvFsVyouNkC3CHEr+MYGpu84ezV7CoylWeJblBYzZjBBSKHoX2XrLmwCIRYq/i26VPB1rklTFr3yCgmQP2MX5zDZhboVci4YCEdXcBT5N3KO30p/gdT8t6fAi9f+pps+S+D+AP2JStz0Pt2KcNO56bWGojrlTX+WLrwMvncAFd3DwE03XYzgHgZveoeUs8atZDfd1KG+xf6ms9E9Uba0i0TkIMzddNNNhoR3p/oY3ZL+SjqxAexzGjUqhEvoegTJ1Y+av0fjCK8wQxdRbrgd9jfG8zfhogtffjNPgchfXP7Ov+fv4S8v/7rodsBnd2zRO2DhGc5L3ujlNXZdlqasjAiUVwBcCR3zNUAPhEdaoGYXfJW6opu5VoNcw+RALzGO/yT/g1K47K2wCX1bfRZu96qS1omKapYMxZmbq55LmV3hOW8GMnOVp0DXVD5x5/ZN7uIkQeJby6HJOudYBz6uihbTIS4DPQsOjfzrppu9xqGrZ74JI/s+prTJrvVQ2OHV4dsGek7eAZNfRnTQaeA6m+QIEoo+VKcoClfxrcTZA4yu6rxol/S33PY33XTTTTvTudbb0zT9TBMiL1bucfCmQDco4qYLEd4af92R/278QFee+e/Tt5tuuukmohvzcWm6m/+mm25apbRjuocKoXvYvOmmm2666Y+QhVnUeE484xR7T/tzI3oHF7hgZxcvbG26V1b5OUM7+k3fSmd20d1b/F74+YtQLClW+z15PgNfeNrzGauUMU1uESjWRpilYohnO/7uiuJJRozaK8Kqlr7csvyQa5M/6UeQpI13wIQymwO84LV3QPERGF8qSlJ4ekNYAplFZ24VkK3xDphzFleOkiT5CKydwEHLPfgJJB+RRVNMWQ6l3nV8BPLj6Ksv/7jOt2gL8UrY8RHoYpUQFuS/xLco4cwpIUTdaGXuXA/Q2SMopS2Vy3yhSOPmulcC+5KvvvTpIiy21y8qvlDyLTjVbgAzXyg5VnKOrgLvgf2mm27SE7g/QOB+puk/+89+//375z3e+Iib3IVV4OqLgK+p/z1I2dL8Ss616F79/zXSjxCw9cWbbrrppj9EsGr6+9v0uYF/ndO9FjmaLtsFzkSpk9xNcWq6O0umWxY33XTTTTd9N8EpDWE3IvDjBItOveTX6lHzNy6FCV15S0UMllrAGLaP509e0W9ROmy+F07KimOT9rf8tEgT/QGmF57fvJciFp/JQV96VtYlFyeGteUa+ho3xT4CoSi6uP5bgHhJjaBxv1Z5qqvPiXo4sRrB15Y1f6aXZ+VJPwA2DEtHeTOudYnmZSh8BEILaYzPsuCgbITCK2GFZ0wVWxBnrkbGZHYKKBDA6uUo9Fz3SrglX1znmyRXigRKx4hl9SotznWqmr1PXb1qsXwJtzovdMWl5y+waowu3+xpEmtPgaL5gHNhNRwj39xdb7rppps0dB8d3/Q1NKSs19XsS68Bvqjy99hrT/f696a/Q4MjBN5jCgetuIeBm2666cJ0/ERwI0tuuinT3R/OTncL7Um3dG/6KEH8/JNqdx/1fopuQV+YLBv/jIp0BeXeANbT4QL5N5w7LVv4aflhpwAG1PEUyK7HMMJlk6dAR87JMorO9bwG0iviGBAgO2Ujn2QRsIWFG7sat1VPxTEiMHtHE9dm/J4r/aVRHuBKmF3hNS3VKQtOisQe1KD0oxY9BRZFe6acuoUrC1GW2SVHiFSv6GKvLEnl3i2Xp/IXCBIcthUPNtl0ytB4KxQJOlHQ2sdh7auuCErbhKYtyukqx3K5KNlvH3srbAuY2rFui04IZsifUUrs2bF4NTu+A5zJn/32ldXNRa0wg8RXiorLn936lnpV+Qssm3eue65o6yV/gazCVcOXmgO9r64QVSWTsga1M0FxFHgvFW+66UoEg8/PTSalvsfAv0jfqdA3XYRu9bzpppsiHTQe4G3Cvummm2666XBanwTvmWpPujck56PUJrfqn5Tgbpsd6ZbuTTfddNNN30A3IvAiVADmikfN3wUuUH7EAs/zJv+FXAKqqcSqjbVYx1MgyndyISde9cKBeYivx/z4AF2SyC1r9Ci/+JgXCv2/7F2Noqsqr0xsz33/5/32qrlVCCSArf1XmTlns6wihBARdRwnctOYhPhymvUCEwlSKJLDstaeOGE7tTA2VovSaaNSy2IaHVQxvHIxYS/iYWqemG3GwJnlSMmSFomtIJAZM0ORUhEf3UQ35Y+ZJLfMyNs5ziBRoo5RwxLTACXeDVY0Tyu+rpsbLvnriWPugaJe4xuOG6vak6ifM0iWZ/bZztx2342aT4rdrIBgy//kHV20XOsN4ZdSKvqvNLr1oedEq9O8fK+9MdAD55SJmvW6DsgfWS5DqUU6rIy2feFibLJ2oHioNw3uBn16QFTJFQHQiweKkZBMAND+8OIto9DwsdfDP8BPdzaLjzyxSJGPAOiz+encF2fLX8OWbnaL0XHvDdP43/H8R1S+vOfRbwsT4F+NB7HVY78BwDr493wFxM0bHp0gXgXxXq+C3gIEQPq/T+whAD51lswjQK/zYNLRDyPAZvFp23AKeDIGtnQx/wpeOwQ+ODh/GX0Og5gFkRkDuw0A6j4AXjwEjuE6TAUfb/47HfZD5y96oI+AuH0e5DLvTV7gI9WulAM0eTLhr65XFpbvwCoF5v0C2WiSPYukM840p/RhVJqXR5V1m7IyiZWR47wLBSKdPnkKDyFMdXlZdeqM2l1YX1gQWioDZcJTULZzummBXKg6c5qSGJbULJc3k6saJDbnZeb8J+rexZqyX1hq1UPOOwejrD2L6oAV2SuqNZoig/khjVmyOqDz7lDZEEX2qo/e1tqKlTogm7+VOmDsHbbFmB/a0vgpYUNxs+qAthvFkf14yRlU2b2wzve+xjbn8ClzFfWafs/qgFEjMNc7F21iQKjoa6cOaOoteH9qv+osmnr10DIWWnXMtKFSB0x+Fl4xBgEAsB0c9IDFOATcBAIE2DYQocCO0cftnk8CAwAA7BY4fAFgB1g6UF+ewWAEALYN/hYvEHgYDN8RvAAAmwQ+B/ANwMdd4iBcwEUgrA0q+t1EHA3OAAAQAElEQVRNXuCtjwjfqkS/VMuWcnffnqXq1n8P9GxZS7YSUu2ziSo5iclpDhF9m46M3NqcdRztmWeS30m7pJRMKnW9cyFReK1QCpTM/VNi2RBJT3Obg6ihZeQZJ0TFw5CJiYyYII/6mVyxBrUcKJaAqF/2dVZJJH9p6ncz1rCxx/plLk+knllLbYMlL2ph0Wtc1qrWWffEb9Smejm3prRZWquLen3vODMd61BbKkTO5WpIRcXzriMqfdOoMTUx/2p4U5xriEpCZ7Netzlq/bE4Lh/7IDNF2GJE2ZHl0erisG4lNWpM8S/ciDdXo/dzz9IIAPBtgNK3QeBZwG8AvwPbRhcRKjgSO0fv94v1iguHAQAAAADsDndP37jZeR+YA20cqYMQzZvD/hlx7zD//V7Yv1/3AoGnjwn0KgB8BO88tHCY7gJ3n5ksZGhxkaKW2v2diywZS4Q/abAX7+NMSXTOPBhQLTGjFEiJfBQVBOd8SV9tzh4ZjbkY1RBM5dUqaBVUDI1aSoFGk4+GkF1KFTf1A5fOmbNGpUCjnRaVApXjx5bXVhhqCuZkZ1492yZCXIjrVfZwZY9y/KxSYJvc5iTycsmq2JeVAs22bLTZN/QlOcU+151kRCBJamk+Vy+RUwpUvUAqfZU/FO1Jii29wFRvK1yWXOLSOhLaxdD8Dd2Rm/UWZErvV7J6gbPd7OuVpgKl1+1jbhEoqwM/1ZuPiKJLnSSgaWJtjvoZSoEAAADAd4ETD7Bt9BWh/X48dk5wM6ZroPs7BwIAADpH39ckzJgGAcBewJi1bBDolQngBQIA0BEwOnWJ4zICwQ/vAOLT6Q7IOXa9iAoDRikyCqvif3F5FgX0y2GX9D9ZzYEsClelJObrquljsrqc8goZ3Tuyanz5MU5WZXN6B7E5ZIXUqFTmyyRASi6Im5W75rhh6aO3bJQLfRbn5yViWZkp2xPl46gqJskAZpZZoQtnlQKNH24QMae14no8+1Wca8m7Nn34eEkpUMTzHKmBspGSerWsV5o7+3qNa32uFOttFMGXLSPfM5RirCJxEldOd7a4QsXWGziAzudElVJg7NWaVdtorxEDbLsh18gp5gEAuIcOnhiAqAU8BQQOsHksBqmsyHNsdD4NxCT4CMBJCAAAAHgeIB8cF8szBLwcDdAcILs6/qs3/4ENAKcQAAAAADgyjssIBDpAO+TO8TpI1fJUoo8i9yxKjs3rozgae8k3s5z4SglRMK4Bo6YWhNKSZB3nkqJQoJAq8AVi0+BITsYMU7ew/tdSB1R+VJYKFMexMj9cK7lMw8akz8dGJ7HaOWQlUqvi92OthKLKxzlCmZPCY6sOSC0bCqcPtva8WpLjQu0Dy6g2ZPNT7a5hsd6oEcjGQMn22D/mjssysdJpBPraiYpuuaUOuOB/ahZTBp/PVWalwudZIzAqBcbailDTghyh0GkE2o6pGX826ky9tm3i6/Wt8AKCxs/CuBkGAET8cgYAOAIQ6ADQCa4H++l0uk4Jxyt6JgbihgzQLfRKFwcB0CnaN4qA/sA9j4PlncfukMYBnAv7BE4BwDuAIQQAgE1AMBZ9FPBul3hPtyN4gO9D9Eq/gVtKgRQUATXD/FdSHqdu5lUATdVy0yzOu6uenFcKJJWck0CqIvL6cFH4jymvsxXEZhTKc9buoHYXyWnZ2oUpvZeGs3dQglRcpVpnfmWyl+ovah3GeYkoWDjKOyxmcUZmG8y2bENLYk6InKuTDa7kSo7PmiJGKbAy0JAdnV6gVeXzMRT3K3zVcEblIG6ni3EvPk3B17gtVtbofR4bp/p7nLrXBJzZUcxSFIWslRRbbXT1agByI6xa9/Ua8a/7QSkQODLW3+RLB84O8ZrVGAOAANwSB/YDROvLYD4NAw9DEGUnAPgJcCgDAPBDYAiifp2QPoED9IkcALW0QT9R0TmVacejX5/xumn0zgt8f/t79ygAPAEcMwDwZuCgAg6KW0qBHLZMpK95c5RIe49SoHspz+y+qBRoBNC8gB370hIMYY+jyBuRVwokVYnLKn2k35JtTUBNwxeUAp1eIFPtItMAchS8oNyWfJAYdJyYca6hZXtLGyh2Fxcd5G1gJvdR2lC7eka06BgFucJce1YKnNmVqctdhS5gpEWU9PVGFb1As2tQ3ArqXh0Bmt6/ypfcPbJYr6vR+Dx2RfCkabW1otQL1Hqtbl9U7wsxsPS5Z1PvYpc6ScBcY8Mc9TaUAoHDYm1s73uChyMYaGF9XDCucYCdhcBbRz1EP9Avfh39G5jA4F16AACAPjHK5d+/xAnE9VB30ABo9TvCAQCAx4GRAwD2AxysAAAs450jxOZGm2QQHikfEUYD7SaWlAKFwqqoaReXbygFSlojXtMs6f9pWqwxy+Te1tSKaeaMkRpKqlGXU1Obo4uJ1WWzudhuy8yvIPaXtkSy2tLnbj0zzWgbZrW2pvJcal5pT/JHLEYbKoWVXHyItmED5cY16GXOFVa2L/UD+QpEXRtWlbUbMUHTRbJ8TWQjRytLco2xxpyPDKWurpH9WFapFtKdYyB1bXJDo975Q9QppYJGSUbrr9Vq3yGG/Vf4ItWXHJkprElS0DAGq89MV45rOIN8vXg5GtgWfjUh+d2BgCkY8G48EVO4gwn8FBgHf4Vi1gh0BHF/nsLOD1zBuQ8APoI9Dg1bs/nLI1OPY+EoMsqFGW/Jdoo7AbAUFJg0HBB7HwBTsCI6fw9cWQAA8DNg9AGAt+DQhxLGCSDgPKeqNiZkhPmolF0j1SVroeJmpR9cKuDl5fht2VmSMG/LnDIJ+nNepy2kapIYm0Q17TRtEficmloog3X74A6N2GIu07Cx0gV0u1Ep4xatqsl8DXW3WAFRlhw0vcQ5jVmyOqDvksqGTCiMJLPcP5lkxs3a2bRuQR1QZSHZ1F7dTVkkt7WVFDMX0tRYuMTVwQtbGpEQAyp7QYPBkylVjdJ5Pu4k3sH6w0TXzHXUfnddrXtYth67TwnbtiQFTa2XvavK+GnVSLl/0zEGABsCU2/YRIsxEGwan44RdD/wa/Q38m8JnY8AXTc/sQL5KUfgwAWA3YPNwruGQwwNbwF/5QSFzso3goE+oQGwOgoOFy4YBQ4EDGabQL/d8P6WI6QBYDXwBYTPAt7tBm/r6i3GDOL4cJAqXYtz3kelw3Jal/sEjcjK9S0qBQb2FAVFQlaxOiKvQieqnlbQ6nJdUVcvppS4Ua4N5aqKnVXanz9mXCjkSbLNrJcmoc1ZRU17agMk/3XNjTlz7SJVrURK/vPGqSPJktBSr1sbWqJ7xtGpOI42eRsKMT3v0ZxaP9h2e/nBImvpklbbzbpGATYos4XSskhKs2xXVB9ftm7OHXyj3oZrSsQermpJcZjSopNym0yIiT9qcBcIeAX7jh9mHoYhnnie2Z8A4KP4Tog9Ff0A0ASGxd2h5wHAztD7Bg5coEewSX8L2ADU+HiP8I1fa4ET6P4BXuSjqI8VeA/YClJ0Iih/CfACt1wiAADAg8Ao1A3e09WbCxhE8OEg+v/zuKkUWIu9PfFtBc5ssdVKgZRU0IQLvcBSKdCbl7OmT73mnSIZyqkWqgqbpdVV9mu6oBRo9AJVVY6sbVzZ5ohl7LQUqSYXusJsp1jPsIjLmP4tKPBltzeVAkO+WpovwLi1VgpUM7nwnu7rvrlr2mvaXnos7ZvMX9QL1Jqq2KBmMSEoidInoiN3Ln8MmbxZTCYGgmJf0gtMyn4+4MiQ9/I1OnOqvSJTErlgNLHHqV7f6hR7eS8puitk1Ro5mgZ0BH45w4Ewt/V0Gv47n//+LhcZzeAHAG8GIgvYLO5NBBC8HQCzwV0DxygAPAVzIw1HEdAvXov+7xw7mKZ8CEzlR2+Ap3DjOIB7gd+AVwcfpkAfAXd79IeAemfj318iAAAAAJQ46HkGp0+giZtKgU4vMG61kWSVyVTzT1P9cKrRBZSQkkoCRm0zobxrVApMlcfyktCZV0MraVtSyKblZkWmlSjtyjZOGYG5pWK+dFyqA1q+Vil5Z9T+FnagnJWa9rgcnIT4MsusVEqsBPW04LZKn6shti8sCiWBRrZNSRQz8+nh2BPGwGgmeTLcAozHcr+oo71gohSm+3qNa30uTZdNSP4PnW3D1wc2RelJTkJ7XrEvNdpb5APKFESFRmCd+uxsOqupFOg7TFpu8AxHVxduAfQCdLRB5g5zQMf3bICPA8fexoFDf0ZzEOwhePvtf8HoBABdo/O3w/CIEQCAvoFZIAAcGbjF+WOgAwAAAHYOjOLd4D1dvaGAQeweDp7R8zLOD+Z381o2bDSjmjeTrKIuIBldwLiadCMlFUHxCnB52bK7bJohszyaSdvqgEkUTkoVt6FqllO5c+qAoT1GHdCz0oyFnG3LyoWmWqsOaFvjHaGFWXXAkMYsaomq9EUM2X5V6RNqfPqWKasDxmaKlx8k09dzvUxMpllWKdArS9aikolkmWltRrWurWi45JIbMbEQJ1SzNJ34XrTJMkxdHKoHYnahpBFIpo+q4AuEzuj5HIbaXlJaaIvEyaYtvl7rKltjbnXrWKiUIDt/GLRdMAE14BVgA0AYHhLdnAv55hpEd3fALPD3wGEHABHfPxjcfZxugRMBsHm8fXBA1APfQjN4EYDAl5DiDzH3G2CWCQAAAABbB07VQH8wnw9eC2kvG727meQkxRpWAUHKWVQHkGiIq5W8FpdjEdxWxIuksSggyJLl0kIqLhNlMbq0N7dvBxuSlhjWnpLFouW1TaZ0sraRkTgU8l4pB54sE1ex2DKxL2cRyVZRpR5nyW3pn7FBuYTGqBs2GE/6LNIytqVTqLKE3pJsoinCi95R1UUNkl/V9rZnXcrWzsJDedGZZfh+tXpf1BT0xUhRWK0XaA+WZislf1ta/GemiY2WYbu97rjIwQRsEng+/AvggOgMvHolAABHRWt2CfSGzvv/281/4TzLT2xc2mfg4XQarhdU4zgty20/8Koy7+x2J8e6UnnluhUlMZ3/+y+8FDjy8ODOD+V+oW0fxjBMYXC5jFc0M1y3XBY27R1Xd5+G0zUMRpEjvSUY2jUMq8LpfD7NRwEzb+gKQJ7O8ng38sBXH4i5FbcG8vCGdr53hZ3Uv+4XnRvMVy9cPTGM0ijoTmWrLHoE3z8U+ReVbhFfdsQ2/M6UXu7vNA56uvmDY/1ngOsBAPg08EQLAH6KbR2BGA8OBLEkJnorHlYK9HNas+x1AaVac0MpcKCoihYYTpS/U5uWolpbo/1G2U5U0u0KJwhoFemybJoS6spGEVVKgdpaya2ab59VgnrE9R1+a9sMpWWx0Qu0FkTVQ1NCtsqWbzQLg14gaQ6zm5WVy0SyWC+l/sleumlD5VyjFJhvKWS/uXus4kiKbb3AeY1VK7T9Yvh+y6qBC3FCzWLU0CRxGblzLE4JMpcZ9QJjG4UoB3veWqpRsiUUqgujXqCJ0pv1mn50SoEhNQqOjRutBHBQcgAAEABJREFUbLvOHgs4TTwBJmA9duEtHAedAcdwDRwEe8Nbo7jj7u868uOMmYu59kbwTIjznd+NHeL1Kb2KlSVsaOb95aff5s9jO91dl7bx+vzDMJzP/43jKPIXLz5XmXcny0OB5DM/WvmDLq1vn/DVB8M19E/T5e8jwcCPbfjZjGtFxZMLhhPxhcd27vHfcU8R164/TSHw7+9yqOdI18g+XZt2WpN3OJ1Pp/N1GDitHA+/5Sd5bvsj5oW8w+Su4dr/J/Lc0MeYibJ+r7KE9bssc7fXD/3VXcWQl/NdyHpzsT/fMPDRDQ/hc8G3icvifAP7+1VP/X/77P0Z59+Ipa8NyWyXOr4k6qX1qb9x4+fb6PEAC+H2zma/v0QAOAhwWAAvAaPri4Dr9ovIs2Fl8HSFs5NtM3/E3KfRLGGV5GWRvKsEfTSh+MKxRI29sEWVAvWOTlQKDAWLqu9phkBYYkr3p+byqJSkcxp4OVPaLG6bbw/rnS+fOTAaxXxm16euJGNt9mi1A+WsVJhu5eGELDsscsMsmaxtTy5ClGdXcgw90trU1uA3yX0ebDA5GzY4lcT0o/0Z3LL27ELb4U6C0Ibkcr0T2N2JtM2+daNFjJ2i/FDKMRFVGWNnUP3p59REUSOktIVMwKl/hLnQ6vOpiytvZvJD8egmd5ipsQiU8gctRUen2MTNUAAAHgKOWwAAXsXhJkOrBsb5+ad9wYTjezj3S+R61f2d7v9ubV6T5+6qW3sOMzFqHIfnqHrcWLqDv8t4/Y+6g7g/j+2UceeJWtmJ802Ihbzz5Z+MMysw3sJYxgOTDXlkvwcnMauOzwdKG8MLgn9/f+Mbbn/xk9t+imG4jgCzTuDY9sAox5QJPDJE/iaBx1UhLecp29+/f39/GxqW1x2N75m76K1AuVyHgXeU+bDxH5iDyUNZ5DoOTLfd3iKZuXp/3IdzuE7G1gt81pAnt8XNPBPkb5wIHjBAntpeb7n161YJsmo3s4FZX1G/f6ZG1ALAK2AcRAAAAHsCxuwOwJq+dJLe3Bl+/TUVx6uBp16TX/nsYcPg+HLY/OWAcVjoR77xq1hVScXND17Uu5Kl58JKVj5ieELD84MZXcmhc4Z50zBJ6gVD568cXNfI/HO+kp4zTH80D+maKUPYS6sgTs0+z49DxunTOSzXC2IZebpFOk4f9BW5rh6v/03L43UrXW+NDuHRybQ8DqcTXSby0vTxnSHylcZrOVkRMDR1nIyIrLPrvzF8RjhQBqelye/TCrFfxw1KfOnzqtdC6GpXEg+koL1n6U5jSX0y35INZVB6DzR3Mw/BNSM54UDFZMdQM7OWjveshUg3yWRcX7WvG0TuE+9cI5w9iWQ2REJmuAVzvQs2fTEjhehCw5ZIZnTfZKVa3nLhQpmLVdWrir5T7T/Jn4HWCGCbzjeCaLoNFG79O+adE1osK7kzskkmUzKVabvtd0rT9PauQpXbGl03/5s1EqZgGGR4/U7or8H0FIZ4N6xH5cT5eVgKgI2frN+PufnTEDif5Drs/0CJmHp9CgDaE94SqnMATGNgCADqD8xxBJhmeP0hDIDT/zIQHy8AVjC35ouDaa6yyf6Xpx/QdYunRsZ5Vtjec734Gj9C++N7GejOtfbCFn4oN+kNAHrQjhur72Brk6x9nfceNPY2T0Ac7mR+DvLi9tV48g4eX6bwv8zMSOoS1xP/SeQiI041h4HMM4e1XM7LdBvwcsVKFuHhMHGh5ltl3XqAKLyqPkcO9Qz+rQOefhr1CkKDB064nXHxl30Q1EK+wly41hS5+bSJqXWrt6qFSIpZ8N1ze5qNVzsvAKfKZ/GTCL8HwY2g798J3NQxNMyi0dNz38/dCn5/uW8ucYqAabgc3/BiwDveLgAAAAA+DjEL75kB7fdpOlcLfcFdx737HL5xn06kQOIzjf+7XhFMt0Sn9+Tma8Lp9qgM0/J4GYdAz7s+NZy3Tnmuh831PvJ8N3Wc+IKX6bLi+lsivUwu40zUGyem4WXiHF7vNk0FTXfqJLx7PTt7moRO9+4kEvkitS+z+gIik1AaHMAMT4JaOSGb+ZISlBsMgSyWyAvkqmaN1M5UQW4Fxj0mFy+n8e8K8mLYPH026L//G679wiR37F+ygSszW4RFvt3Uu37LBLuGkxxPUh4h2E10z5kUw3LrMiCvLziZWgrJmo6/4Z8AXrLT1su+e2/WuxBFuUIeTuf/aOL//nvLC+I/xZODbcecwKntp/N5DoADMmLu4nw+//d//10DZ3oo0isn7HQ603u+nrg/XAPgPAcA/3G3pMDT6TR9OOyyuRHgC/b8Nw0B/xHFL4dtPAKepXvd3Dy/FzGdAu4+Q39hhHhu12t//P1Nij8ErMcjMzmVu5Zxebf6qGBqT1+rnF89pzx4BssfTuYgD/StCfCmTjTy5U4CPgL0IQAAwL7AtPvbbu+ETAKffzT+5nR2fUQxvR8+ywfTy3iZVPLA2mLjE1WHDzqRfjkI+Byul9v/nVd9197iPX2y/DxoehZwmthgp79h/88CHsY53Qi6dHwncH/PAt5saZDPkXeQAq/3ra43rwjYAXDCA24DEXJoSPVTnuvzbd3afXZHSdcD9Cj2f6BM9LRZJCu/Lf7m8ksv6Ztgea2+niUUH1QMEwcuvrA1CRgGDtz80HII9LhZAW0MOWca25yBVExv2n0iuqUMgWvH8YIvRbycZ0tE458Nk47Jmcnz935nut9s57wcng3petM8Tcml8Vusoiwn/eJw2B55X7qHiPeSV9+Twofxl8rwxc/vFsp8TdIYZ1XBXK/oNqJcEqncnP9isDWFi6aWJLZoA1dif1JSDYvUbNKvK7P53G3hBu905YVVn6PVRokll9mv+dpSncxdtIHyc3RnZnEUGUablJ9m9oRHuvE55hwrqdBcu9hqpXZ6q14NjRxTsoKkKGI/b132jcYwVx1HZqN4rUW58dFnsQ0mEml0rz127F7sjWI9COxTyTj6H0Ii4YU2zLcCqU+oSkqHDshN/8C5fzdQF1B/QABQdEKnEeCn/lt3wIfsi0+CPtb/Tz/5/BZRq9eRX2GueVbnX7X2q46Ns+rV2Scx/UlIX+LnYzsOg94PgC8B1D0AALYJENR+MkA/Uedhu0n0bgT9BJNKGI/vYIT8AK+a/OhFwPHwtaP/yWvtN/TOrSL0yZwzrpeIwJ3ACR0/C1DMx8BbngZ17ETgl+j5ThbwHuzgacjb8LaGbsVjr9vRU/dXiMS0X00FU40fvx6pa7quOV8uf+M4Xi7XxyLT3/nxyDjJ/I0jXaY/QtPm6yxpkuuY11/zzMvTAs2/Zdp3nKQAZ3qRhE+xjpPyzLVEDp9lmXPPrh5nW+YPDwcqjjLU5k3KpZKoTmioXZ6klRlZhjXmWlx0Z6XDNrPz5i8vD3MbSyYYe68Vpa8gkDXz31WSI+Uftj5DvMxVWyaW1W6ImYbwTswof1PXl/uK0UlctKH94wbEE/PuumTBA2KJnvQEUjQEMf/iUzOLbW98vXlNq/3OtyDLJE5Kuow+/41iuO4km2v+XsB0mP1d/rq9hAkBIPIZWuC2nwPOI0AIgEuHlxKB4P73929qfpd3QkwA/D3X/G0H+B3EAPj3bzoD9vp+8MyJuU7l/jpsfwiAa/9fA2D51HxkMgdPOqmTXP42Bfk+f1Ta9yyAbeArB9w17P87n68Xqn+XjqUo5djD24uAawAAAIDtYP1Z6ZFpLacEs+EdohkU6MhHwF+J/8v8GI02hvQQ5HJJX5DvKHp+eydwC45+/VbwY3hnHW8ra/p88HwgvCEGQAoEfgGEHQCsxeEYgcCe8fvb8ee0ZCYwlRpZ5r6Rf4TmdtJU5u+bzunMbNJUZk1qSf9REhhMdUgkP0VSVlDbm1IOynsjWSE2MeQyciKAnIpNLm7TtiL3bhwrlULlISobS26quKUm3CCxzVPumPpCTNHO3cZf2QaxCnkZwZWprVqy7uQ/Pqs2yPxTdUIbjRTfsLYNNlBKH8mCQiElgUbdSdp9JBoEC1XdmHhLi0YZ0sHWpxJBIsV3eZ1xuUJ1gfO8tJmSORIqjcBsY0mONPXmNlb9LotBTa5Gah0j6kKVie3z7bjrBeAwnJxWVGeQ6QvvNMfzIcQiH0Ts9pF67f8QAHH06zcAdAykLhFa3qdUqg2Abu/iCasH+kSv7Z6xvcZ/8aJ4/mg4iF9AEwgMAACAPtD9eN+5AwIrknu+IMCU5yvY5rW2JIEUXUHd4Od3An/u66/eCn5zBW8rbnoWHMmRXd8VAgBAgaHgoHhDx24lNhCje4ajE/0WZ7HUo8AmSjwksdy01nLKEyhHmcXmWVKGxkeWZzZtUf4bRU5gLjGRwdKSIed5S5kyd0/LNn+q5bTOfdbWK79l4ponV9m2tBXvFkhsYj87W9hBpuI2sSw5JdtmssfvJZeycvlfdCtbkpnlTua0KDr31D0bqLLBtM7U63rN+aCSerzlnkYa6Zj2uJJmqixFw1Vs7eDq1N+Z3EkVhzAFqOVm8mK9Js+Kejl+eJqKI0sqbqBl1dqvbftjBJhIgaf/++/893f5u1ym353eEUNAALgbDPQAvrkGJ4D+UE69usOnmo4zCvBVPBFw+f05+7M/9H4J0P0lEAZrADge1h/XeDviiGh2qSxm5vp2MtAvviCbCETgsHsBcB4AAJ8ABhZgCYgN4Gg4J6ZREE0Q/WjqtKy8p1myjwP7aGaH6TInPtT0+bG4q0kpXFXk5YIlmK5Y05Wrp7qlz+fOwoNph/xh12ipppE4pZy0uKFSZ0vQdlOszFkTGsnBA9p2s9UQv2I5YUXO6glzSuoqqV0ml6ug9l8oPsn9afbUeb5F5nkHJ2ae8U/Kmmqdfe0bmW0wTp+phTEIAp1NTa5siCZIxZ80vRbrlvY9iSX3NNLSVxauL2ZDTRrbLVzv4BwxN0sjM6QpDnLcc0Xr1CLLei2Zkjy7b6neqtXuqKPy8ZY7XqLPu9VDugXG+R3YK5heAmIfAACgQ4S55/vnhC+ek4DvQQS9hRkQAABA12BcDQPHB2K8wijj//73D2/MA8A3gCEIAICtA4PU4fC2Lt1KbCBGd4uCdLYJnKNg+LRslAL1o6KUVhiRtyz4FrLFVekTtJSXo8KcGGk/yRVoGembsmYnU5BWJkatL+xgP6jqTDOrYuX5K6oSaIIxJcPgqsiDy5+4rT/5apF+OxXDSi0vFZm+LJs+Pdz6ALEl92WX1Mp8NSS2JqsVktac+j8qMkr6fHNtg3FkbsFKG0yDc695NTvbh3qIsAov1kqND8LUxU4/L3ydOmlRmuw22gyZUp1JyauZ3km+g6kswsUquYya3RjYcq1pe1EvFatt44ss+8Dnx0nT3zvzDQAE4Hk+0DEQ/gDwMfRxeNkpe2+QH3cyBvDfA1c/AAAABLrChLsnZZwwdo66h7nr7yaPV9DIzNz3hJRvrcNRD7wPONECwNuBY+ptgCuBJSA2gBex0VK/XtIAABAASURBVBA6s74dSWaSFuTjruk4p0xxWXR9ZK5RZiVZFUCrFWjSpB441xJWqDpdTCUqAkoS58scJ6cIaNTRbKbEhxoi4ZC0YZqy6gK6dFa/k6jAF3X4Yqtcx+WCJO48N4cXaHxeHdCUI035Oy1yToUpKxSqVe5LtxT7Rnc2pS8Ry1h301JihdYGs6GwwasDZhuKNNiQyZcFf9J2RlgsHc25KjICkVRrE9aQaISUpEYflOSKYBP61Kg3Nm6unau2l1p93v8qtBlSY2ibTOmOmoV6uWhSbru0DwvyqoS7ANP3gPM78Dt8M9KbQPgD+4yCnx86h4B0PQRIfLUFqNDR4dV3/yP64QEAAICO0fnlBOM06G6Od4zOnYAYaAN++Sy68+87G4zgBHoH7mMCwCIeOjr4XQV9CjjW94nUbxu933BOEmJuShW4TarvZ5eluazP1dIWXQ7UqJZSoFYTFQGtOiCbncWawyl1EnO5sEZTShgyllMKpEiYih8bdqp4EzL7MaR+Z7U/GxJtjsp8tUnJbUTOCM6EtmwDx7QgeLGzh/wGUp7d7ENWzUPjw2RJzMeV57KHfe2WZJaKLJQC2dTrfEKGPdckt2nW6AM268x3ob3bTC+JK4LqlMsiJFM2bWCmuHC9TpbmGB1nu9/4VBuRUm+vk7Uk18pklglVb3LwDkvZYdSsV5xnnsJGRzAA2DE2clS9NDIAwBuAEwwAfAArDywcf8BaHDBWMAXqF/duGnWCcFTjQACAfrFqJFwzAdjjQAJeqFnEmaAzrOhzhMVnAV7gRsoCAAAADoKHzgxgBAIfwQ767Rz+2MlUJGgZRUAiow54VymQ1ykFxlLDrpquVgp0Cny6IbDQ7tziNZp2SSlw1owPqogyS7OJNSrvGu1nU05YkVvh1Om8nZZDSEaSTstJ7rF+C8Un/UJmbeR9ezKxjJNSoPUkpY7lwhKF6UndKOS1+phLr+q+nnyZiXTGBif4WPVXrJeN/1Pt3ga3m2uAXQoeGcp6KccZ2fDJZbOtfbbTN3fO01asNPFMqhfoXkaVmtCZy4zxaRxMtpNL/7j2ujbaY+epUYkJAIAaODIA4GXgMAJ+hwNfYa86sLq/w9CvA6b4eLD1hxqrcXNNcPalg8TBE/3IK9YcHoxDAADeDN7tqLpfy9+K/tygd9l77n1ekQFHxwcB/wIAAADAe/C2EyoYgcAT2FOPTaRAmWlqYghlKmE2S/Xl5Uhn88uhufNeSaIsLVPW9yPOaxL5SSUEOVYhkthh846qtKdlkCmW/Crzfd55IfyMnKv0KdtSHdDyuETpXpJtJfI6cW63DEdOs4qG1k5TZMlKIyfuRo3UqBhqJTfssbU5tcK6WeI7UvKnbwu1QuOFwnFLVzGm8ZpkhcWGyGM2XTJFtPSJpLSF5WPvhrikldvTfvDkTstv1Jx1212h+kMZkTFtWOmCo/XR50imDJWq+S3Wqg8a9b7v9+qS37UIAACgMwgBbwROJHsEDoLN4/0HFjo9Xbb2AH5h61EhOAoILgCAGXgk3zPw9di3Ys2MAu7eMOoOPHp3YQBYgRQWcNVHgCAEAAD4HTAAHwVv68lNhATicm+Qfd1an0iB82uy+eOvs/5YJBOxYRklFhIb3pjhRmVOYbi1wva1K6bEgxOvARgL4gYZjrLIXVYEbLD5ZvW3ciKdS8mKgDmNWYSSZqApk5cIf0auLQgiGgpdMserGGZUFZiCozIcGdsW1QHJWFLakwiEhlI2BEpZJpZR6qgk45i3xFVJhS5zz4KvJFWrBjm7Uku9DZRtWFA0tH3na2fTU5UfqOwpIeMH2y9esnIRujn3BVMIDpOmhlpyp2l7qpdVpY9N22PGxneIc722e1nIaTASN0ilwRyrSki23zlXiHNKASagS/CKNUAnwLDYAg6I40Pi/Ar4IrZ0YPXc93tr+4fiRnoNAox7x8HrxwamO72jvE12NGC8AzaGu0cbYvZbMPfm5WaeEkfrIkbUrUOKBrjrzegoBO+MOD8rCwAAAADACASewv56zCoFRkgSGdP/Ux6KOcUvE+lCUgkUIz2Xi02Fc9Zqk2ZKSVZOF8nLu+WsTG5DbkZMmcpP2Zos17Uj8xDryaYZqpr55ZX5goxeTG2dwWapZ/XezoLayGyV5yKxLqUme8C8kyOWWSsqhcKKfRa9XznWNM9u0vbXnMwmua1pgw8IbaSLh9IwS+xr1Z59Ynl5NkRc7YXw4NXwYTjJjMo6t8SxoVKEQCiOpRYbzEsq1FjpG0rpD7L+p6ZeoCE8lvVSq16tXfsKAADC8z8AKIFb4f0CHd8nwmSyX3RLhwMCEAByhNkw5vMAcBe3pvhM+u42AR2j7wjgrh2gtEAMAQDwY+A4BABgFXAfA3gnDsGufoP5G/IADvD9YMd91VYKFH1flg31yigFcqUUyOzF30jXGIU6VQOc5e/I6JhlpUCr86a7JKVAS5AilV9boMyRLcUKr7HRXIv6c9o28V9kZfUGpV+1yt2cBoW2ALXQ6gVS205TsJOGC37LrqqUArUyrvQCa+pgaY8ltJFRCswlGLPECjpK6kGn2NewITmCWlxKzqqQ2kjVj0z7ZrE7VQo0/UXeG8YftgPIk/BEXcem+PMV/53//i5/f3/VoxEulqxSYB0b7JQsDbGPU6hqav0v9QegTZmc6m2GXvaPNrHpwlTv8leXAWA/YAIA4CHwuk04toDe0H454z4OdKx0PS/8UuMxtG4VuCpaAYQvABwAvLCS3f3X9wOj7C7Am+upu2eet9nLOM09h9prONr7wiE4BNvD9kZjAAA2B4wSAHBg4AAHvgOrFBhVxoRERf9UP01yhllUTZKyniQxv7BTSMKmqPU332qKwmfkd2XNrbKAWgQRmVVRw80oz7HakmXTZkm9zMKbluWWtpzOtjONSw1rbm9Oz0VTx+1yCnkpNXbacor6XFXJEWWl3Bb+c1ZRuk6zNhj1OK18dltsRCmlV5icfrSJd7TkHjXXOlhMI0VpdKlObqo2Fqvarfauv2FUcI3knNL4GHSh1ZcKbRmRw4Gy+oqYtvvac4CZKGh9drlVky+oNIptvUwgAwKbAe66bhMYIo4LHHM3IPH//g6Aa1icTqfrnHmU6T/qFj2PfYLh4Qv9v10XKxEE2DQ+3UOIAADoF58//j9XAy5dAeB1gIEUaaHdegERsD2gTwDgk8DhBQQ0H6sDO8RR+hCx+H38XS6jiIwjPYaD9JVVCox6ceEJgeiXJKLemIrMkf/GRNR4i6JlmtuospEVVQtUp3hzKP+RLGgm4hTX1EynvjY473NOuVIE5DKL0d6bUx40n1CdV/2ghDUWIyloqWNWF9De+zIsLS8/aMz3dnp1wBZyG/VhTotMllT1hKn0lbMnVDYHwVy/diW11AG1BC7T0FrRLqzUAdNuUttgVtxUB4wqfbUP9fXm/Hlox467cVmV9PdEQ7voEasOyLZaNvUGlqbYI8Ckpu1qLpW0TtP/MXpN7c4/6qXUdPNud1Md0BxfSxGF8w7wJTABAPAK3n8M4QTQKZhPw8DDIH+CKMDJCVjGMYNDrypwBtg0MDJ9GjgAgBmMWNgd0GfvwV5fDrhh9aNxwd2fbN/U/KIYHJ9doHj4BbwHXZzgQuy8p53vLAs4NBAkAABsERibfoJxhv2obFdYUAqk8KAg/I3LWU7NPETIuWxu8vJnosuUtAdDPRzXaNZUMeVikppawM3pseHEBaVANdJTxIKCoMhwGs6n0994oTE1sKKTeZZZkLCLaTJTM2lWZ1PyE/FS8ZE4N1tlLKTWTl5ETkwtTpuQjG+pZZVdLcnbUaXPZBGT1jaUSoEixhLjH2XeWbagtFyVJQRN36kNy9XmoHL15rR9fIdSRl9b8kPuoka9TFQGAZnaOTVIvx7tjC6iuqg9N1s5ljY2is5zUWBUGJ1SIC0fNABwG3gkCQDbAI5FAHgzOp8eYW54D4cedQVnlScPgcO4DSMAAAD7xVuGYjYLXQ+Jt78AAwCPYjdHFOPoBzYIBCUAAAAA3MJRTpM43e8ER+uopBSoAm1BYex6T2CY1QEDl2mWb4s8qWmJo3AcB2Gzmdh2zT/OO476xuEwy5uprl/UhqOp5Pk5BKf1MjIPc3qtb1SOnGHDhQ2eINdCoRRo+Fs5NUqBk0jKxAqUC418iUpt5R5WIC7r27HwolKg5RBmm2uVu1h8/pH1+VQpkGv7ubJqhhj5OCE2JDa27gzbo76jLZqTDWxMTv2UOry2wRrhSZm2A1Oqls/LYhtgZe5SJ9dKgVW17EvIEWK8H/OV0VO60fSFjYZKLzDmdqqWJaFQfR1bndNMrCwMsmFh6y22pXrZMQN9JqcUGPUCcZYBGuCbpzUmAAA+ARxbAPABPHJgyb0z4LERJqx9oBEWcnPrscEBfV8aPN1ynLyBwwG3CICeEW/69XgYTJ9LevR7SdvH7bM0hrsWPnQA1F2xSfd3Pq97X/N7vqr+CLpwKKIGAAAAeAJgBAJfxQE76hyYa5L1/0SM9p9oo8WqnIlRDRRJKmlpRyf5J2LWWB25KM8xr9NSQoW6ncnmIWNLZniZT9ZWn45d0NsjW1kwPJqvE1JpMsjI2UBOic2r9OVUra1sbn6GmJxSoKlzUSKvtmwCO+XCbE/iKlqVPsn/sSoFGpOzSl+LAFcbkRxh/KMdY0UApTRe4oeoxdhAiWEY09vtdgy5qhap1rgOMwZyw+UzI7AIPhJfaI5PMUVIVbuUBrmYdZ+BLsOwWW8VsYZ12Gg1cGg8fVsHjzkB4FvA0bYV4OTopkF7Bw6sxyB9uGyhjR3z4U7DcDoNl8t4SFLg2pg2b9/1ik5GAAAAgFuYSPLhXWp6Cbs7oV7nAH+XC/dFi2w1NIgiAF8ACEAHBzr4zYBDHwG8BQDAGmCg2D/e0IeboEsgFjePI3fReRaEmy6ELT0tEtbmHFzdM86ic2xYamzU5IJMX1THixVwzdDLxKm0zn6odpg/7NryPueUky5gSuPGWNwsuJbVAdk8/+D4/3XlWOu0qeLaAoHPqwOS8dUMQ+XiBZvD/ZcgwxjdXmoEGo9TLZFnrDJksoGVTBZV4kw52rvWHk42aFp4L/Sqa4X9EUzJX7ptKBTWaosF1Y2aNoSqpNX0vF+qvaVQ2Kqp3JtTOxbUAaNGoM1TKxq6CBnCRtP2zNNrkjuzPzWSc73ebVpvcjxlZzmjrFKgkhqBw4PpYej4jRABgEfxxAEHAMA64PACHN4fEN1Oe4ZJLH8YL8fTBwIeBKb+cAEAAG/C7m6nTK9xjzJ9Imjoas7NxS/OzwBwRvg8iliDy4+G1MHo2vfg+APTO1uIYRzoAIhxoHO8jRH4Y+BQ3jyO20Vzy6JSYErJLEvO5txgNANby0JGF5BjQVKL6KUKxC8H3JzMeUW0ghCWs4iq3KXlSjtQKKnFLSoFBtm6mNoGxEZaUworl23WH6UyX1vd0Pzy8nGu95QASV7F0NtgCqOTmyRWAAAQAElEQVTC/9EWUxNZkqZxtheyI+sOyinRTRvEe0hrFv/53XZXUxarNLVb+ttS9Jad4jZn18S2Z51CK/w3k+5sQGgDXJFJL9DGhnUQ1fVGYmW5WLpN6kZ4F5JRCsR10aYB2gMAbAM4FgHgM8CxtVX8YnaIaAAmIA4AAACAg+G5Uxtu1W0GSx3YAyeHN3FZgIPhOAhdu+0e5X1ckIAXCABAhOBYAYAXsYljCAfy5nH8LopKgWR08Fh5RayTZDELROuVAqPeGVFWCnSktpmzZDQEg+re6ElxLbBNOaVspORuKQWmJpurALaFuvLVO5OAnSGrJT28Mo3bueDf1TZHXTo2lZSKhi3buLQtMciCRqC1J/dnJLKR7W9K7c8aeaVyoelV4+zKkoqwWKgV3rIhOyymxs1UqxXaDidTea3AJ8br0owq1wTXSdreuXanVmjyJKVAtkTP1NIU1N4Dquxo9jVlGpN4MRjZNMP40GStlAKBLYJpE0CAAADQKTD8dYlJKY1P8/yo8wj4cvM3MushSfP1zvGjK4StxEHfEHQEAAAA0PeZYF3r+ehTxsM38DY6PQbYPuzBNdG2gS4CAAB4BzCU7hlv6L0fBwDib/M4bhcpfy/hrKp+4elITGbxOJmflWXRv6RQZhQBjTSbzDuEVX5XXUP6+E3/1/3UslilcsUkVzQrtHH8QK1+Inb5Q7FKzpLc6KzQZhTpJFimaYM1Zt0m5GX6pChYi1fmlxUADNa2PkOcaX3G5uA0K4u3xjbjFeNUqx6X8ydL9D8pLFEhP6kod0vXI+LMCUarV5s2mB0rxcTsZWqoG7q2Wzc0crCvz+XQuNbMTvVRHX9PADKvm4saQiew0eorMwq57vGfXbZdzY2mNJxXxEb2HC10FfA08PwMALaKJ45OHNAA8PhEYf/HDfPw33+nyzj+XS7UL8L1CT2OQ4yceGPmERzyZIkIgAcAAAB+jufOsBjA34ZVHdDMhE54Nwo3f97B6bV69OVnkHoUDn4ViNJ1gJ8AAFgCBofOgQAAbqOvCDnHv5GqFnTZotpcXBW19agUv8vXT7o07aaacyFNpeeZmd15IBrLSZu5DswkNFVQc6nJrjpqpSJgi0zmVNl4TjiqAPq0pu55XUBTpsmVFPh8qjZnhbklNb7c+DKda2JDLrRkMhqyMpxzYrLKKfPlforKc7xoD1f2mPLvENpqXUOnDqjxo+qAWnqyIar0UVktkVHpu00PvQXOkSo+ap1GIN2oNxMpmbw6IFd9IfVnl21Um3qjB+p6ywYF9Uojs6gxUKoY9gWmZ/DcXgCwf2BmDADdITPC+JEx4Dhnyrn10u34x1LMM1fvSMBOcKurJMd+nz1q3woDesMw8DCcpu9T9E0Ozq9qAp0CJ/QZ+3TDSqtXHOL84JUAcBBc72b//U0vRwnJRkMAgflRfHXoQ1++AUd2IgIEAIBfANdC+8AbThA/PsfgFAf8BsvsqHPKMd8WjAJmTjzQLFNL9MzIn0mZ5vpvKZvdspuokm6LSoFJpdCRwILinRiBuUJ5zubNtgqpVJ1wFkWsmltoFDZtbbUyErMMgayQEWwQ2swvz7aznaE9Fh1EnnGmllSOSCZmrUDt+iV7CuVC23IxqfFVrsw1vXZb9Ae7EBHl3S1WW1TWTO9AXEZnQwy0muyYZA9LIwJ/UFJBiS/ZcFZtR/TV/XqrA8fUuGRaX8CUDngI/R0iWwYO318Ax0CvyDMSHHmdwc8m0f0HxP1O7Xzkx4mvYzAN5/N5vFzGrsViFTgWegZz7zMAPvgcaA3RonsyxtMhcGPHHXh0IgXKZeKEDgNtFoWP3+5XXAN9D6B9vQHgBQIAALwXmAgAAHDMKYjcGuDOZFTkCqVANkqBHIXI5rfIOBdqNPMaSoFar2aI/49mzU2Pm4qsUp29eaUFySyyVioFWnG6ZGXaT2UCB76aZBT1ghpfYnoZYpxTCmwT+MhVZlJXL5FRCrQ2t+xs6O0Fhl1gnVFtlbGtVgpkciWrUiAle7JSnbGnVi4M8N/ZNV4wlqjlQYWRChilQLK9GdKg1VdWq0uJcKn0Oymipkmjc8XkG4H2lqBTCnTud6J8yQhHKGzoBRbEysIgExucar9Rb67KFtDQCwwdtEkwAcBWgJsPAAB0B5yG+x38w6xR+o0B9+ra5oBDE/gWpEM5eQBwwIALHD0IeN1W7nVW3P0YEO6J93tDjLnn9n+55T0HGvA1IMwAAKiBYWGfeEO//bjrEXkbRuicw10Lyqo2nSlJxREZpUAh1Qi0y5F3FRXI4ua5KtGtLlUOmigXkCjJlwnl48LwtiSwEZPeX1RIa37Mt1iTjWO1Vyv0uczi3FYJLfaqb+mYdQp8C6p4ugcXAn/V52U9TY2d23ONVDHsPIydSg7Mttk2+Gps+Wlj7ueUMXIBRSrKXRu5YuMr7R4rqljoBEoisIn3T1bLk4VqpXKG1N7hso8axeTgb6gSBj9QQ2uyLHQuZCDL/ssHis1ufFWSOx1jkKtuX1D+Kw4JG6u0XeD2+9aw5WgBdggc4gDwC6w/8nCMRsj+T4Av9GXH535z3QcAAAB0CcyFugdCYEa8AQ8mxfvQjKyNendP/V749Q12Ywyg74ZAJXAAAO8HzmbAEYG7V0Bv2H/E45gFvgfLEVqB8Plg+35g+MuZiRfenIoSZJzDOUvfiZU6m1NWFuA1Xfgsi52kmZJYtQCjdl6hPRgzCiUluUIRUM3xgnTGPCe/RrNYIHFUB6xIe1SqA5oyi7yVDygpGs6WRz28YFupDli5hu6oAyYC2cC6XHV4Qx2QSnuCA4TIqwPGfGz+cNX29CnnksoWFfKa9tvx0KrfBaXAm+qAzn7RLkmfky7qGNaMvJzjSrIYYrYh59J6s0agI316lT52eo3zXrVGoImNGPOmdpNDm1Q74ma9cdWTZx8mAACA54DxAwB+gUePPH1JAZepewbG2y0CvbJ5YOQDJiAIAAzYADCD0xvRd3GokVOfdfA32sVbdN6uh8C3eXSTXXNwwOdP4siOQ1AAwBLACAR6wxsi/scHzS6OWe7xbsgRR1N5uCPPuh+5haj2N68pl8nkIc/ss6yvYmvL1sJu0WKjUFuQ8ouctoYuYPxircrzVakxy+1nLc0agdKwOzwwVR0+bqm0UblSHKMwk/lIP5wrSu5LqXdAoHhJqRSY68rCgkop9B/O9da0KtBNgfdpyiMpzDcExFbbjXKk81iqzDnAd0yygQqlwBs2mKrJyTYu9N09iM0oZXSV6n36/WzbVFOP7aHAlBSrsGjd5CxwvirYg8Z50r5Cyi5M1iR7aQ1w2QUAQGskwEMy4ODIc4itAQff17Ct7v9Sxw8Ds75gQ8C7sYvDFx0/A24AEASdo/f5Fm4EAU8AYfMC2m96/xrBqn32auFRhOaegLHkSYAXCAAA8AgwrOwNb+ixH3c6Ym57OGKfWBLVg8hKgUFjLKydBeyiUuCsmVYoBUZNsznvoIqACVylLbDnE6Y1SSAuLUeTbEahZaVAK5CnxRtjTEFcKQUGeFKaUwr0JLnoFEe/cq1n417Tlkop0Dsrq8f5DUouVI944ppTp8skNqsUaHsjKzAmabzkVWe+ps37F1Ep0PMtrV5g8NFCxzSUAsn3b2GDaUPBGfR9R7YHb1xW2AK9Pl+tVhj9ZZQCHenTxg9HrcScxuz1J6FtZFb12hxanCeJuky60eoFrh3vmAAAOB4eOrIxDADd4XvXBDi8NoYPd/2m+/s0DKfT6fJ3uXRMCrzbdByyR4Zskw/+A8ANQOfgG3eKAABYwO050q4OKNb/f2iABUaj12Af6qzco+cZ/+/b/niHATPAC1xRCiGuAADAONAlwAgECqBPSmSlQKtjZkUAnSCgbi+XvWJa1lBjybp2TJHQFiX+JBLWJGnxzSSmpMgX5fsS8SoayWQ12sSbYGTTksDhMjtsFiIUyWqBdgvn1Pghp7F1QeQuly+Sv7ts1O8qE3xBbYG4BrTNqRQxFhJRoRvn+YqlVXEpyv2p+dQivS0hNUXLqm0wOYPLnX+svqOrdkkaT8pFaeRgH7BSZlD6XOx27YyGKmFdZOtYiEFcyirKjeyqB1npETbrrQqlZpzIjVYvYWU2AACOCNAegL7xnVPgRo+zzs//kifVnWF+Hwg3ym/h2KfGcH3dc+8j7kmvIwEAAMCL7BzVzc+XC9xVQG3sVPgD5/U8AGAiBA+8fwT8FsALBAAAAI6GNwz+Pz5/4PS1Pdzpk51NOiwj6IV5/Nksv/aGnPEfJ+IaUaZZeSEzVtk3CRpsZlteP3OmjK6e5pZGpfqbkuRautudRPHm5UxKmx+LhYdjxWdqo4JdXM4w1LVagS9WG6qa06iBF7JLocbnbPaSdIWdJXWMKanBqYu1RF6wLW5UTT6XpaEOWP+Ivpyrb1HZjD1cWOI6ydvAxszkmSBd2LCfjEpf9Tlpl96GVY6cl1Vaj3Pt3KiXSdtLBb2SXViL3XmB8RcjJERL7AYpqrX1konDWK/dSLYXDJV1HXC6AoBN4u5g9gbg8AeAh/GNQ/MbwOG/Gkfp8s6w4oqgS+DInwE3AAAAzOCuR8SuhcI+hds+3U60bbLvm0ZhzvIgai/KUj6MAFsAXld7Bn2fvAEAAACgAM6KQIH7jMA+YUmBrx020lozs5PmZVFqGRmlQM24qBQYyU0sRjzOqsoZITyOe1h6WJZ2swwyMQp/UU9Q7dI0aejVc2zREhf4aOKsczYnNT6/U3aWVwoU5wZjoXGlcbGxsFWBc4QkQlvevTA/atOZt6b0T20PFfboopSdlAtKXVK0n/i2Yp+vLFVJJl19MCf35j6dGY+1aGP2WyJ0GqVK8iFTvWdm3US+xdq52l77NebkvKCpKaXp3pEq+ljHAwAAAAAAQAvdThnmyf+6xh/xIlGFsnfR/XhYBwBvxGk4DQOP414GAAAAgA8CnCD6ugeWqsM56fuI76dzxzOCfo9/BqXsAEAnAgAALACj467whu76cY8j4LaEI/ZGaNObrlwKpcAXUE9FI0srKwWSkTPLH66aJdooKwUKeYpUXDPznaz8nBXF0woLelhhyVyfk+9bVAq0qWmfYdstKAVadT3VCwzZk95h0AssrOS8b9zgyYXalOCtbGdyaNpeuIarLrFafVEnTyjpBbI1x1hlyzeMOU+eM/bYVthOillL9btaKbCqnH0JjjPInh0oPh4XLpNSH2nPZaVAtSHmy37T1NTgNhq9wGjm0oehTZzYzq9CwKoqGifqkhMTNP4HMxAAtoI3na4BAPgQOjxGJSkf9wZesaYP7GSe+LHukZ5fopHu71j1fJ10Gvh0Pv/9+3cZcbVIuHkLAEDP2NQkmDEiL6LoKPjpcZhnKs3VXUIfP2wloPQp4Vcg5sHcro+oY46c72nVAboXAAAAAICHgPP+fZw9XSv/tffKxUidZVk5KqTjTBr+U1ad0f8TFkmSgJy0AJ1SILEpUafpqdyG+aa3fwAAEABJREFUPFomz5XUKynZYdF2SX+NUqBaIZlSJYV3IkOPvFxh2Ec/9Uutz9oauT/OdK0Gq44KS03NE5hLO51trrLU2IZtYsmGU0n5ydiyTJ+1irViR+YriJuuFdn5QfeOC0HDrNK3xGerQlWk9hRbrzUtMD6JAZd0D5MN5PvIHxrZtS6LFLKL5A8Q35nNTzB7tyVLqSW1aGJGQ7WsHQCADQCMQADYLnC67AwYkH+JTXlfOj/88e4QABDtRi4VAACgDyzNFb8wVO+KWAP+5Atg8AIBuowX+SeHEVPAiAAAAAB0jB+fA3EK3hIO1xupQW+9Yjk35o6qNpZrDNp2dn1YjgQxpqh/JzGddM3E6sxFATXJumy6LRKx7P5kWGwLbClup0ZmbaaexSJ0qaTrkZFnEyO2JqUqmzeiUW3SnCMnRFipA1rra5t1QybsGcIcqUagVQc0di6oA3qrvG2qk0hOso/LNNiUOveWOqBti5QXJlLq3mmjhRbVAb3Piu/sluw4GtYd99EncyzOfadNsDa4erkggLo+qlX6bIMXNAJjzMT2JmKlDQHyMoBpQ6EOSGU8GEooAAAvgwk4MjofLQ/X/IePV5wu944nh2h0PAAAfSK9QoZhEAAAAJix9Tse/MlzFvNny/8M6i57pQWd3fJKt/vzkxxgO0j98cGD8vpk53K5MDPzQbp/h4MYAABrgaMbODj2HOI4PLeEA/XGZ7iACeeGsyoZtkrqzO9kVfXE3GdOFC6RpPRnlAJVM29O/XLkNaWUs7hfEkeLhCgrBiilglre2arnSdnKpG/IRIls1vBIyUGzrD1LFLNigqZ1C7s2Py8rVHb9fKVSKPOVlLvKQucz9VxuSiRg2opkQSlwrl3UBuvDpFHXbkXlSKdXyCaGMv2xYYKYjNptrm+IHjjurYlCTimwUO/TGLMNNj8k0/AiX1Kc36oDx9mQ25Q/lS0mktRXLFzoGBgLNGxxDQgAD4P9stzMABwPD546jokDNf9JRmDPAbD3tr8wRHeslCZv6vgdnyDDXB/oHbhuAgCge/R9MmTW94W7xcyJ2YVcVrOT3mD3cTr/uRvCvPiJIAD4Mb72jOMgD1OO9kzobe3BwzJg38A5+nHAZbvCS931475GqG0D6IeHcW5cBEdSkpk2RRKakqnIz6kyRS3RuDKNzaTPKAVK43O06U0uLpbt4tLOZTtUtU0pWVaNzxEQczmullyKtWdJKbC1q/WS2WBof6oRSLVSYLYzt7TQCzSFGsW7pBQYauHcmVXfRXO8Sp+W4+yJgpDGngYvMAvcsRUoDO2t9ALZ3qQrmIO+T4katMsFFP1llQILvcDQm9wkgDpiH1sPsCd9Ng0yba8Pl7C+4StZcKfXKXx8wghORN84sA/4Y5kB4CDY6PH/ncOxa2LYpoDh95t4Ay1wpx02TfqHgTuf92LiO+F7340tD5bPEFK58btd0XA9BIYJEt5l/ETtt1f/GqfTMJymcWAcxw8FwijjYb5JtxFc73ZcA5feh9MMGaee2nZfycMb1mG4uvQ0jQMDjzLc86003lD9AMoD8is9gykoQHQQZlwRzDgNrUb7djvwc3R+0fYwwAv8dEEAAADAOwFGIPAqDtQPmW5Hn8bZyujFpah7JmqLLs8ifyL6LEnX6nrNOf8LazjvpTp1RinQJG5Fkl8Tr+FHyTOZHOZYYOVVfG5C9qRV2tOmaavC51el5BZa0T/W6g1rkaRFR1O9Q3VdYWibKEbNBpB+LDemqVVJ/s+5RzyjUmqrVHcuLiYv3LkVYtoiqWKzSE5Qz3aXt8cqKZKlki7dlZdysTLS+lLKfVo2xAza9Lhs9/PdI75BtgZtQF17kd3VXqoSclVfw6GtUBNVaiS6HU3AMuC3TQI36AHgQMABvT18+NyHLt8qxF41ZPTQYTwM5/P5Omv+u1yoY4CudAvutbqbWR4qL/7gOxmWy+ZVuVI9izlO55kLNV1BXh7jQCyUyQ/mX7Xvk/lWYTid/u+//7sMF+L2YPgirk799+/vIl0PMm/HaRj+++9M78Pp/N9///ffdBdmYHl7GKwrbFWumwepPLVXwDBcD4XzdDssMiPljh13i5TmYjvHQobnH9vL3Y047x0RzZPDg1194PkvOIIrwAvLnXhrB9/O/jxhc/MueAjHas03+h8AAAD4DV4a2398YsB5aRs4UD98tylnVj2yoEY28ZWi8lhibXHUuZu+rRCl4CbEHHFn1Vqbd5UoXZbUz7T8SMojK95XzljjdZjkyxNL0jOLgaA3m+/SmgznCFhGWo3Y/N+k9rm62DwkYJtKbp16KqUto40c3H2bh/R93+hkU6Sr2NRkbeMbtqWetJ2VylHpRk2zX5w6oGlc5b24WrXuVPFOfSHklfkaN2Rif6lC4UI/3b2Rw3WvxaYnx/onF0alz5D7fB9Zlb4FVUX/CWZTe6zeeMC5UGtPRcYPCVOVmr5IoQMAAAAAK4ATRrcIc5qP4e687PfAdInMfH0HHfYmOA3yb9SX/zxUa878GLPqfubTeTgNA/3RQPxeT1yPqb0IpMktMo37cyuLx1Joucx3ncOL17Wy+GPer8i8XM+1i0Yex/EyztRYuVnO0/j2gfYgLsNlwt/M23t3xEp+sQ94G64jS+yvN4F5uPwN418Mgw0PXO80rShpFsuUca1c4u1BaMXu91mDK0t6Z2/tcf4zab2+SXR25oaepkj4W7/TitNkzvtI5qKCZ9mcvHqnyzX2//66viLgR/x1RPRzBdRAfI7UdwQAAAAAhwLOaDsBGIHA8zgWF/AXT2XOqhMYZNpmlt/8pmzU+YtacFnzL2aQeHnPqg6oy7repLom1eI6jqUgePlfRH7ZrkgCa5JTSmZnAl0iSlndwfm7t0L5f2qlTQ5aIqhFq4TIq9+JSVvt8kqBWaixsGAmjOmLy9rg0g9O+o8qoytlvtI2mu6xhv5sKAVG9TyRlneMPa7Clj0qJ1hpK4pxaotHR2LccaOfVqKIJW0fufZot3C2PO+u9XIRSt4QE3Ct2jntxFx+YTgciSyNTk0WuNptbDzoDgD4GLq+vbYzYNwAHsJRDm47/+sWq5t/qCFd6PhKabc7zEZ+t2fr98QAuz9U+5Nbmept1f5uPfPqlbRQbF5xmj6eOn03ciIB+E2NYODFLXXG8XL5358c/uBagrlUfXDH8sdnHfj3xyeiy9/lMl767KtxnC64r+H6b+KCYBK8D1zHq/+FIetdBc59/zeJOl76DIPpftQw3RC9XA+J+agA9oLrKfy///u/m1kkJQvbtKiZFHg9HSR92bxVpLXXArnTZHYrG8XSncV7KPdq7cq39sq4Nvw6rvCbGJabh22mvefeS/sXwO1ZblqHwXETaEcvAKwGyK8A0ANwmPcA9DIAvIqzarcZfbK4EP9IuEicZQBVFE0lyoSiOmBTKXB+JBGeS8RU4nLihSWJPMossWQNrVEKtGp5wp6oZ8l0RikwpbN5HFJpsf+qukIa9jR2immdBE9pmnc1RTh1vdCkst6kERitpexkyt3lKqaWg9YpBRJnq4prrZrElghoVi/wpj1G2q6hFBhSoxfYUuzTjmz1L5V9dgNFLFmlQK/YF/629QKLZnFOKVHzmh+JNv3Cpct9UGdtxaV61UCrFLjCAQAAAABQYP3Zg+lY6PakyXkKBWwSz3eOXigslXC9vpgYYbMAvLmqWCjmxgpdd99UNv8ex0xXuLzxWJU3KoPVs3S79c7QKrSw3e/Ht+3l5uKNWsdxGCadNBnlvYPA/J7gpgfV62XTpJI484EI6NsHiAAASMDhsC9cT2H//vc/egeu84HrmTsrp64KhoU5z83Mz+xzk9r4KLgsPP+MM9SPHQbXiUeYe9yF1L9kff5mEXJ77+s1wRQDNA4y3Cho+Qfdddzuh5fj3mVPLWMmzIuPhDDcoUsBAACAO/jJCWPP5yecW3+NA/VAnIXTT5CVAuODCUlyevo7LYc7/WmFqBiaPgHQPzGZOVEzjctL4eUHIEL22UGqJrKdtErD7PMCd/mqxTdAV5ri4odnNU17S9TIIyumVwjrZVZa4yO/ZLbllkplXpMiVkBMmh4Aqc2mhZF3ZismV1dpYVMpUL2aOmvhfoGp2dmjVpWCer4VyR5ng+nSoJPHS4+QpHKMFJaVVi6g+YFmMhHrItF20o2ilSmZvUGtG1hCrl8csdLSKw2hMLuVSqP86qpeAHgd4IkAvQAjZ3YBjvtO8b2O/0ZNvGrz/OLF/O7FCmmM7ZKcuPWn8aMkjU2NV7RLKHZv1UBUCavwMkWQzb8mFqqIay+XUca3Pa36Zn9K68+KXaRVyvswfSxynD8YSZ3hGrTn82m67P27QF8dQAQAE45L+FgP+GBfGMe3yWYO80zgWt7f+M7Pc28ZRbTHmfEnD4HphYTzqVy7XF/jlnKZYWlToVk834Veqmh+XX96TWgmhg6lpuOCS6R8nyT/vu/BrQwz6RJGL4f4ziXhEqX0dotWNHcTHtnfCeBtFjNOf3sBeI4AAAAAAABvwnlK0iMhSdfD+eGMl6Zjw4zjzPFic5VklP/I6eM1rqT81XfiR+lvNWkuNkveheVbFD0KWoCSdAHVeopfRc5Q07LRLnWKgDYNvip1AaMCX6OKBXVA14pEFwsagZkuZh/niVrrbTZ1rVQHDK1j88eUE24f3FQHVI1Ab5UtgJ5UB4wlcCRlciaXtvua7sP1XfSAxO7lIoY51W74g0yW2NfQCDQNKHh/qV9Cyqb26A3KVjltQjbOsPXathtCYX/P9oD3IQUrEwAAPQDHOnV7YzFPQxe3PV/qwkOVdZ/m4rp+bi7e2JmXtkY7wsO500lkvFzuPFS9umj6xuZbP1nYMOo53CCcLQX2PPkcr1PrmRE2Lr1XUlxesPtzF7xy3WroS2nvQ9/z5fVXTwcGLpmkcyf03n4LjAcAQSeqa/R3Sdh6JPDBkfA65/73v781OeXuiscKWaQV5hzjwJMct1xKzQVq7Sv3atwBhmE4D6dwXXr+77/rJeF1+XIpD4MVF1YitzOsesVHbnW63N3dlHC7c6qt+hwiPc7YVze+y2A+8Cwo9LDcydLVqR8zXgA4Nh4/wPFY5Mt4wxj8s2Ec549f43A98NNZydnT2PI3gxPXKH4cOJK4RMy3gCMRjANNjzUliVyr/J3dQOxKnyfm/LwpUuKcVlqCYX5x8Qlam2bCmUkTbzGSz7RVlriWXgrLZZT1WkKYtbBBC7MfcnUtmdtYKAWGtpAnq4W7EQNTSRqzPvGksbKy3NJA0fNWWQJZ+gzyZJs0SWyLn7jNVnFqi7aIqO4M47eaVug+7iwmsijZEG0lrm2IApKt8ClsKbo3tS8V7jtHjP25MU0byj6qXeZqnv2QP2PNznx2R5VpAhfurEifKx+4e8+E6Jdn9j0AklBODvTOYFq/t+a/46wZ7gBxOrq6nN/Fk1enj4LYnOp27IDnD9/Q9Uo7v52V7pdGX1P7bNoAABAASURBVMNbqhqmhwIsl2GxuHe3SEQ+Rt9/2FaJ/f58JXw3R1q7GKN+AzcXq5W8kGU1KfDa77NN3DCsmjJ+Lq6/dsT4R1YykQFZ7jLtpFw61jkC7Aega+w0/t84aiZWYI8XgHoNZH9uGRiuP41eL4MBIOKzY+A4Tb03KsQYngb4S9SDjwacboNPC4P+L1W2+5cKIW5usPqkylyslfJGTnxYIdU+ua6a3pf+3BDBXrpGv/EcZetomJ16diWGqeuZ5GWFBXl21eexfBcmiIROf3u6LnZH7bXtU8R87P3PLYOnnp9uCQ0jSys4j3iBVLaJpyFgkOt/4wYOgWWPf+IAHYYhBoAMH6riF3isGcM0DF7/nb7Wehm3EGq7BhiBwG6xsRg6DxP3aDoBsgzzXHiYKXoDT8PUNb2IXGeIo4Q1czptmJ4nXa9LpiepwzSkDdMkYipm+o8u8y+ezivTPxqn5euZJs61x5nIFa9ZJh7YfAaaOVBxmch9xXjGSMXnZ4e4hm0OS3oLH3ZNhLPRybfNDwVPp2GQ09Wu08NfULLcuiJ9qiCqCys4hJ40FtPmBU+xm6/F4joLPA2nQeLnfcsijCmL9mh+JfPdtOSePa22tH2r+3NVvPnl5Q1rTK8Inq8n/6sDhjKD+GDSHzPV9Fbj5uy1UmAFrtJmoU2XGCasZIrtM0MLU7wMmI5e6g5D+FrGMI0CHx2bN+vbIdwHm4+STzIfPoC3kALnAJjvAQ7xoOsMbG6IyvF5sWXQDPMBML0dP01XdueAN5g73Qmaj/1hugty2wFPVneLpEWP0MrW1MWPFMbTfZDrFIiHyzgOvJztkdV38Pd3+fvIM6F3xu46mthjOdr32dNUZnnvhxvG7s8SrmF/Ol2uM//LKO0CjEXy+G3i7Y8l0JbuHR33P0J/gsARwI7AH47XBV4H0Ak4viLYcQT0dxOkBX7lvuqhcPCjYRJupCTcKDKe//37d5ku9x6/OrrN+5J7eZ+rSW5se6TE8Axq313tYvV6a+t8Op+GJv2yjWHmhE36+Q86QhZ/0MoOEXotJmTt2sVHUsP1fshZDhEHTyPcDZ9oYb15YLoXyufzWQcCWoiUg08PTqeJFDiMm+CF1jdHHd4dodcb4ef//guPryei2kGOgMeacT0EeFIL/ne6DPR5XI379/dPumQhvwk/C1PcJvgpDuH+7TXiLBSVIiRqRkh4AkbpbbFJUCKun8UlwqaQf5zeeou7zcsy6iaac/K0ftqsqdYxL+vUc1QxwrmGYNnMwCreVxNzkR74gmGlpwKmNE9uTDpGFuG8bYimRm5iqmnF54nVEC6qucHsW0Ruo4TPCMePCSc7oxFiK9YvJGeymrVQchoQKJJUEN0mRifPPE2pLoGt48j4trYnOs3vrN4Tb48kNl8x67Y/iofExpJoCGdXmZ3FFSVBBSdIVDr/ZIbh9O206+k4BKMh/9WF2t7Ijq5rF2cz3Ysi9vVVhVr3ONYh2Y58Hum4o1dL2iViX4qL9vt47Lpoy26dB0N/FHWIbhuecJgLwFuQu5ve64TP3z6Rd1QSzux6yuLb1T1T3w12/FzxinV5y9Ivravek29VnWURlu4CvuGZCNvFdYV9+dbb8y181Td5Qnszy8Nl0v39ptv/0/tNn/gu8MFvne4f83S/9xM/Jj7wwYxHT3IY3g6E/t6E+UqZwB7ReyTgSCB/OuT+pgh8a8XRnDFd+usF4PVKMFDCpk8o01PYrXuu9z8ul+CHXXexfyglzcdai0jP3l7khL3vWYp8uPxcDevTEHm48d8PmA+dpuKX8CQ+V+0JMrc+Pdtve+D4J8OJCMDy+gjwHnzX35EFkG6JH6evH2jITBdIVJiPo8On7iVeO9PSj4B++ykO4f5NNuIcOH8TLS9w//xCPD2EhelSaWY5XdLKQBOcGX4Xfbpq96K0r4QzDilvMM3WQ16jWj9Gzblpcj4aJlv4bUhdY/zmbWJXjWY5nNu0meKIWMplm54IXi/+xssVNKv6NzzkyVirFAGlkTaIhgV7cAifkQ0NKkpvsfDIh5Rvol+1YNuk+BiFoiPdc6Y43uY0el4ilfZwu1q3WSrjHdhwOzlepBV0OknXMHewyLCbS71eA5+mh8KXTFG1YpRqs6P0cYNwOWd8VC1S8oXNgt/E6ACKJ3pqdjE8xjWVlgifqp7vijz8btwBcI2v0yXcA5rJyJ8hBW4Z4b04mW+HdTg9HXk6BYzh7NZf82kOgEkuL5yqewwAmvt+oofTu5sv3xgnstHP1XY9wU4ageEtDrp/GtlSjPDKdTcwHf88zl90+ty7evVLDhs6g/RMjXp0xDvOiX/CnYn4oRFefiMAwH3ZB3GsUfBd2KlX0JkNdEgE6rLNgAcGA4pOYHtAJLd0cYDc+VxCX854GLt1z/Um6N/8IOyh7+1uEtH+aw9MT/ceua8zfTWI+CI7fBoiD6xtbhuvTb9May/TB+IO0fzHA/l6M5D1aTR1hmEMj0Fp+pZJL80vmylymrVCL9t9HPKxO7bT4DdzAK4BcKAHgo81Q6aPY45XDwRayBfQ4VCTAUYg8DDACPwgztIgTOWFelkF+uTmss0fSF6BeRZzptNapGNHbjal5fxXskkulZQqxc7Q5pRIJlWz/GOwYFB4FD5KqaKXCGFO605yWrG5lPKWKVt+Q2p+1Yog+WfYcFSS7SpGWLWZUw85C5Y4jdOf64Pw+bUIUq0U8b61/spltNmCpZvFstVKe259dVmKbm70/trZvu9H54cYjOOsdxmarVTUgnxpbHAhVlM3jeOaNsw7tULDdq94TmKKVV+7jROhpxEPTOrxEmhGJA/nuF+315Fun+pITP2iZ15MQLcDAMmDx/5DZX91nHiuDVl0l3YHWbnudhHzKaBHTjzwEI73xBQRD/QMe1F5LDwxVoEQ8gKO4byOeWF8d8UzwAl2n1j7Zi/QF3oYIFcPfMd2Ro/nwviE4kg3tx8cxq1CCXUA20hOai27a7w8uH45dwj9PkmBc+RTkuehLlA2U+Ij7u164HN2pZ4/Sgg804BRZjZKlyo538ZLDv5Z7yAsfoRDOH7zjTjXq9LFELeWeb5fkkTvwsaw3rKvSGdX4a27kJNV2U8oEqA4fL00FhA+9zoXq5p69rWrktwWl0OpjdQ0R6jJYuOlNP+IlkcDZ4tT2i7AtztvKAlqsV1JIzBYTqSflOVscfJPTIurtmAh5x5K1urXYW2zNI09khaMQdzi/hmrOKTGtjrSdXNhcug3DiHApVUxl+fu1TEw0FKPFqj6Mfoh2TC3JPccF5Znbl4iOMaNxg82xqSWWDQ2mHhwoWHTVHtudDZKDaziBNOXVeCba5gAAACaOPLwgPPHQzhcKHTZ/YENTyJ9nvjjpQiO/G4RrlP6xjbC/2fdsLOj/6N+wvUf/dQJBzwTPefNXzqCO50MAgFMek+4aywfBuWd2a5xTGekZwIvteoNRfwEvFfD28AJ7RYO4h10MgAAwI6wT0ZgL+Ct3RA7CiNw89fWiRSYnw2JUTyTpCOlGSKPPKir5GVK/PKYm7KkXqkUmD7Smr4irKuzWiDV8jVOHW3amPTSJDfAi7VJ/rf07VXJ5nKhJ1eklVIgOdNufnOXsj3ZKgpsyeSV3NyQw4nWld+sTeRCbmZhyU2s2JROmi+9GeCao0ZknzspRtMS+9d7q+VyJYXK0jzeF2mUAksPUmEDtcpa/lhzcLuIEaisa6eqZiLVCFTPVEZn78UI53aAZBZkSVqVshlkIyHWUdcOAAAAfABHfEpybdNpmL+V0LtOXr9tN+/2HA28IoNg+tQn8my/52O/bwiBErsndM9UAQAAAD6MVaTIIxNR+NHWgZUDbBYIzg7wtk7GZQYAAMAn8dJY/bOzOaYRP8JRGIF7QCIFZppYeEYoUREwqcSpKBqHZZawKCEzxWWONECWqEAXSFmsBQddOSGVjzM5pKLikaNSeRVAFWpryXxUJXmpupRyUDBkTipxXhcwpLfUAbPzynS2w8j3NchhxLU6oCnTGVHaH+0MLrVqfEKqohg1Al2rSzuDUuDMczNp9p1TBzTlFB5OjrfqgGxMNlY12pI6jROT8QZBk1bP/12fOnVA9Yy+FmvEKcna4PquoRFoGrBABtXaqbTB2um0Cdm4JDvRyxdajUA67qkKl2cAALwb/OD6o4L5dBqYB/nrlxwl8f8ezzULbyEcAZg6rEHPnKjwUlC3t3kYgkBvABxYYW8uwX3ereDFyDlOR653BIIXAH4GPuQR+ORbYmmnHbskK1u8q2uDVzBO/xjHPFLfguO45tWW4GoOAABgy8B5vDeAEfhVRFKgtJUCRbL62QNKgWSUAuPGtJaMVlwsOsu0hfq0oiyG5rT0jGCdyNI0UFxaM8tEZetkpv2pWUlBgu2uRh2wXYz95clhVlMvtYv0IbTqKrLhlJkWtKX2fDPVG4ZCJyYtmttWCizT7LvKtlxcoVzYtic3JVnVMCH5XXLFJFUvuvrXwfdpZUOsU9Ri112+7zgtqVKgbQBRaWjTBlUorAUlOdpQO5Qq15LRKTzwtS6u0IAvQCidioAegHEFABJkf0fE2+wNUzGgP7Sn6t3gNJzOp+EyjqNI18zQiE4fGUZe7BuB0RT4FfDcH3gZGMA698CjzT/cqNP1FVGcEk/o+HRyTCLjqg7l9VkPBEydAAA4EDCeAe8E4ulH2Lnjd2h+JAVyWymQODKRHlMKzFpqQRdNVeY40dYoStulq490JWpJbCSUFQS9UqBLK3IeF0y6BaXA2CxWRTndwG7XW0qBbDwWf61Q1FONQKqVAnPuO0qBoSCvzGfVDZNSoGuutTB2T1a+U87aLdt4wbamPYpaKdAaQnZRO9t+5dd6cPARIneuZ0yfWksKG1Qp0Ag7UkWqTE00SoHMLcJlYZCxIdZoaqccJlz6zbMDTZAmncJo5lbABAAA8AVgsHkvDnLR80BYTGf+gbnXSOI0+dsVK+hdvQWlNNzo6BbXwD+dz+O/fyQj9Qof/X0OBcVreZhWAXvG+ujta7q7orUi49j7fCDdqmPMjep3nrvBo5cFx+MFpnvmT7Vrx5yy8TofFhp4oPeifVN/o+BK7OEoWBPRvd4OIgAAAAD4MPY2ucCN8h8BjMAfQJUCjV5fpRQYVP+SllxSBJQIzRJ/kWqwx/xRYy8+fBT94KloIrollRpJVkGQLeSm9OzSaweSbk1ycFn2TVmCUn0KVtNkqEhBPnNCeLbiWJURu7tzoSEmnRGfw5rU2G/U4PK+omQwqj+q6+ycixejxWgJdguGJgdoVcY2J8tYtCTZ5n3bFDcsDV3yki9YU8lOdzZUniV1oe3lJs/Q5M4xLFWhRYtjEYs2GEFMG2NcBguzc2PDucXGxDq0HiV675jz4q0tXFQCAPAVvHeweeswCvwOj4XFMAzn82kcx0uXT0NPw3A6nS6XyxZIgV+ePQzM5/P5Ouu6XECK6hZdOyBdQeDsB0w3QNHNAAAQAElEQVTABVzf6Gso4OqeXN8YRf4uf4kPBAA949FjACzSCnBJC7vxylG7byUvENG7T6DfAAAANouXxucfDO44n/wIO3f8bs2fSIHhpbAglBaU/5R8FH6z/qMoAkdmOX4PVXNT3pOsAJ/oW5isn5VVwpNq/klKyUixLZjt2FLG3kCLIzJtmCtNqwrT5gZoM24oAnrEQk1qLVsmhM0SiaG96ozkmLAitcIp8LH56xUBw1oh1QUkykZlj5erZjvFaDk6QqTVBTStW1A95EodUGtKVkVlvkWHzvva7i+Jj7kn74MbvRwcIKUziLTvmXP4UoN86ULSdnbrW8hF7dHJyQb27lTvpSIzydIKLxbqgPZgexp1f6z0MXA4YOLTL14dR14FRh1gER8MjutJdBiG69n0MskDdDcCDnxtPo8X6nH0v86mru0XvlC/pMAHZtVHRK86OB5HcMJrQXy8OFjvD2YcBECn4OX1RzsqbowIuanjKPGLML1i+nLo5RJv/mJk7BmPHwZHC5k3tCc96dkT8oOqDxm+g0A59vB3s3W4G7l3TiTO3QAAABsEGIHAHYAL+GNMpMBACkhKgZRVBOyW8ldclix5FoQA7XIsKwqozakY6lX49PCcyaakSnVMYnxcOFsaac1by8JqbMheeZlUJW7+bdIF4mEoNKoMWqVAkxqVQiN4p/ffRaxZfgKrRlVSe77hkqvRLMs2LxDXiDIPz/tRlRpv21Z2RZY3zNmjVTdMSC2K9pCJmiJdjaKvU2OJa3lHEwHeMmMDFyHpzTGKhm0bGkqBNv5iFJLjJJpjauYDGqVGLSNmwSUsALyEB4eXQ+JlH2AcAu4AIdId9tHlnbPDOm6+CM7+e8cLY4x+zmAfwPnzQ8AQABRovLlKB0XzEXqnz9UvV4zj/Pptx8yC8J40xsXHcSSnve8bsvujBoYX+T/Ynxt2SS0VcETc6tnOh38AAAAAeDNeOqXifNwDttTLQcmrv2cEUSmQjVJgumDhqOsXlQKjxJ3K68XlxFB6WCkw7lArBeqaaIz4KTo32H+aLigFUqUUmJc5/n9bKdBfKc371kqBMS0JYdPiwJ6UZlTftNTA/tJWVG1JcMp8NruQ6gU6c5ydpqDQUlKlwAXbsn8XVAzT5pjmbkr2cFOlr2yY/74v++Kp1d8LqPs61FtZQkRGK9LyKIsaCqVAY4NSH7n4kLSxoVQKbAQLO0lAylWbrOZw0RRSJwAAvIw4KjEm3p2iz263Z9pOMc9gPjSPYNo27FtQnWG4Yr7KGanLL2cDM7bX9VsfM44GwTmQ4ADAor/LIF5Y2d1xMY+G+gWVnlmBQN/oWS4U6AO43QkAAHA8YGDfHsAIBO5g5718lCCdlQKFJOn/zVQjlT+TuELSS/UqqiZRZkGMHKBRChSjFKgSZ3FD0lrTzaVUoEiWRBPz3C7pqEXGXTsNCJ+jnQ288Tna1LBkBFFUCsxoSszduaCQbGmm6sWP9MbUtYUom1g8qYyrXCsWmy6Z1nZTms82zTTd2CZWIS+JAIppXbJvIpPOqfetls1WerHtKGMPNR5U2L0bFviMrq9LN0T2S3ZTDm1VCkxRJubmmLImVUPR2iDGcnY2NAJnKAmF2cW2UC6DVXurqv0NeGNRAADsGLgX3C8ePQ8cJFZ6p9bbWc8KHGqE6FUobmD+7//+7+/fv7HvjycDH3YC5hP38HMP4dUyAJhx68Wo4jg97kETGip5sQCGiz5g4qA32LfQe0Pkw9LbA8AJG9Au8OkI6PgQ2wb6PMQ7AI4sAOgUOOy3h5f6BB3aA9DLW8GsFMhR/U30rlgiM8XlpPmX7hX5nBSF0NIdZivJFnXoozpbXhOvEv3EPDGhAlpEPmqp6NlULaBsuLnUjQVI0nCLqbk57m6G1Up7VV2GtFd9LjZrBHIqTpyhqUW+XcYWjrqAXDU9Uw7Zmr6gDphkGEnVASn2mmhnuo4SLizMDTZdUXk4WFWrA5b3GLngD/Jif8e97w0blSVZHZCZbf/q9qgUGLUCRcynpTl+vnr2g9UI5OyCBknU2MCVDSkHFeqApo/iF4OpTJ1GIGEMBQAAAN4EfuScwgQcCP12Z+/fDqZ+0SslNEKk6+DfQtNxFt0Ger+Wxr2ER8FwGgAcEUzxlnCXGGX89++PpPMRrmOpxPCBsF7mpjiRZ7B+V6x7ryAqAAAAAOAL2O3Z9ojThKgUSEbwj8hKtulW8dpoPmdYZR4xOPk/I0ZiddHinl4kzaa0sH7x68GlOFusxTAQ028iriQKF0hp5teyUqBWJsknEnlmyUvZRLezMais3hUfbKlVD1uWi/sqsyvIGmSUBI1/k5220OoBmun3ZO6iVW3hQluxULunHT90HVwFUd+PxSj2ce7Z2Z+qFEjkKZcutCN3MjXAECCpNs74pKy9cGrUWawbEOOJU5qUAnHFAgDAMh68oYcBBZjR6Z1wBD/QH3qPenP5AdzFAU8N4bLvUyEAwt9OgCEAeAaHvWq63bDmuIZj6HjgdKe+M3D+21/rR5Hxcrk+OBg4vf3+duzCs9+awG3OGb3NXIsO6Hjizu4vTuoAAAAAAHwMmGhsC29UCrQMNCvP5pQC40tIVinQkaUyM44NgYoLVhovpexTtcxM9KNG4IJSYKtg82tBKdARvaICX2QEGjKcUXozxsmSUqAt30jGZb3AoHcYlQKdXiAbP/hXHks7mWqymrEwVjv7nxcOXWebNd9YVXRLylUwB2srNau00gVwsWSVAmNvx63xv6QUaKmMwoZIapUCmT35smlQ7kKjF+jDJ/ag9mluerOYrFPoXQUAAAAAz4EJOOgJFV0LLCK8DUO9Ypq6Yxq9EkdkBJr0/cDICwDATsG4Ud+7ExACwCeB+DLYmjO665zcYKaeVSIduj9EMUYBG0PnX7cA9oiXQhbxfmzsuX8PGpvnQG2ipHEXhdGIiLKGXlQKTKpu6Q17qwWYnjGJLovZOe6ji5Juy7siKGvmBRm3JOgmSdA8feZVYlZ2qSe+Nclkgf9nNAKjnSnXgrTdTZi20zCbzd6T2kIu0+wKQ4Ws2pLTSM2U5AD9scrmZGfcXWzH1xbG3OKL8N4uhA4zVfTGFEYqcwJYXZFn5LKQ2rIst5AX6Jg+b6hGvFKgqcF/B3rRhuwg45PChkTmK6xe05iKNbkyHAEA2Ddwcwp4DI9GDCIs4nhn1TVd2/Mtpr4/nqqAD3qFEfDv+SzwWvzv3HM4+AEAMHhuRKv32vfQMt/K65ETcJ0VjOPY89siAPm38T9ZyUbDLCoHfNO6LTmDe7wkAAOsgX07JT3xe6kIRAWwFSAWgZ3hpZD9QbzjEPsi9unso4fIOd4AUZU4imJoiU/HRoMuXSoqyUqS5prk9XGBqaRhpd2pSdUzRVXb/es7qn4XbDJpoaKXFAGLNFeW2+PMa0nbkSPDseeMaTpwoQhIBZZ0AbXxuV2uLWGtkGrvqR9sMxZs1o8Ia+rIapTtZO8UU7E2PnWH1bdTE5JtbFXxGheXRgIykDsN/TF92NeJPfrqG7jtBqvPF/+qDSocGLNkS1h7UNUBjf1t8qWLQ1e7ZGe4kLeuya0zwouFOiCnLAQAwLHBBACP4JmIEVBCdoU3dpaYN0H6Q3xHiXpF55PIzse9OfgJeAmHCCARhAIABOCiC+j7gmgc//7+qHOw/zRSl/hK4zfr4c7V4vqM/NRqTAMydh8KXY/iANAVcKhvCWAEAg3s2c0dhMg5Ph4jTebHhEaUzC3rkpRr4p1lm6FYczclSgZwtb3kEEZOmRK54gYVF9RiRNopNSsxW1pSbyHNioZETgVwpn6p6h6T17rzKIT1WhnqtmTLGoRKDv20oBRoJBGpUC5ku0ij93alIzOT/dQBxudE/rPI8RO3Xmgv5B9SvIXS5kWuoqFwPZntd1CEyXI3Bp/FxqgTyAZ7zFIrL1ontmoWZYZSWa9VVSy6X9LfSqlRy1jlAOBRwK3Ax4D7S8Az+FrcdC4KIRj/e4Q0lvpCx8f9MAwcxdWP5IQHThnxMqfzoT+0/8ZDo8NP3qT3CWrs+d6VsTAFehzw2S2kYWWPbup3TJwuh8aRJwzdhjjr29194ztsmu0OFH2zifqMf8YdWwAAgB0Cl2SHwQ+6EtHzFezZzX2EyDlLu810LhUoixyzpBQYJdUmsMqsEaUPszLrfFp0geNOSn6yMngtYpuiuZ2oIQdntNnisuRr+dtKgY0i7a8loTl25K58ORs1At3Hak1qWzj/qvUCHUxbXMbQDyktXDKUNtsaZ+Nqspp6OhDfhtBPuaVc9Y7tzFt6gYULjaWmXZbC6KMh3JGqfSh3L9XrMGl1Y4pznmM3bZTSTDZ6gSX5suhaE4emMlcvNWwwni0zZUHDlPb+9OLtEJMCQAtMAPAsdhE9fQ6AQtv4iOwPQ6TbM1+UyOo18HPaGa6T8/PpdE0vf5fLcabTDw8hmPJmYILXM3AkRMARqwFXrQXv0ln7tPqN6N4BD+No7vp2BGwo4n6jExgq3YIPOp8Pd918DPwFtnNYAgAAHB5gBG4B/IGZEBiBO8A5EY3C97SCSJpRldOt+SszkvXLksTaglJgVtaLD2C1HnaKe9EWrShSoYTN7sVHZlXEjQoymRPgs+qAwVL2pKokoRczlDSvJlIbExmMcx3BriJfym1NNM50Sod1W5ywoIhr5KI6YMNmoxRI2mDWB+PB1eLabltA2U5h7RvvbUrSjYU6YCpUF5xrJPdGwROsfejsIcunq3mG1iWeUKi/YtdLVgqUKGWY2H/N3jTCgrlr25+Tnsl8t21wvVRGYMMGAACAN8KehIHugK7/KX7KCOy078u5Z2fAfHJ6O2zrjz8+PDDg/SKc+oAJiAJgxsoR99Dx8oGzYuFWHG4AsG385vvJ3fMCtwFwArv3gcPueYK7bwAAAMB+sKvxFieHr2DPbu4pRM5mmc1CPSdmvyzVmmK9pvYrtMX2goEX9dCM4lpmneWrVFKVtayft04RsNEMjrpu4Q+1dghkuJjWxK+5jEIdkOze1g+kuoBs7THtde0Ka4UKdUDnXabCcluvUQdsydulIlTsT53bnETzfXXAKDkZL6q8oZoxfI/Xfvo525NSaviwtKoZfKVLuG1/luDzoeWzOJ1C79XCHKYcS6He5A13b6G0IbcwO7QwMKcfZe7grAgcFfyBnAcDDv9VOGJ8SMdhr3h7+O/GozjwewV6/kfYytjQVwAs3c/o/jAANRQAHgCOl1eRxmK4csNg9A/wfXQfdr+el+rzl75fGSPAAbxAAAAA4GDAaeErACNwN7CkQDELtRukWl5a49NmLr5RhiGBSakUmDKyxMKjSlszrQhlXFAQI9OqpRRoUqdqKMlGzvYalbuFCKqE9VyzXWU5e/ZCSn3u/MVirj4sK9a4nJptsYy4zdq21ATOqbNeLXQ6eZKIdmLrpPQNXCnsWZZqrGNlES2tvtSNxn5Jbqas3MimJmVTilNhlGVz8hu5JAAAEABJREFUjPsiG7O2IYSAsLBUQUANN9+NKwAAAOBJBHK83OdqHPk+ofR7dlnV7mP2/eJMrwv0Pp3qmw30o9jf0kCC6wkAAIA16Ge0jC+sdn166JwUwvM7yXc+P3N08CNRcDA/8cyL4t/cdv754MMm7Q+dj30AAADAzoD7WdvAS/3w7U5E0HwFO3ZzhxGSSYFK3qKoHpfXB78U0mxSrVlY/6BSYJbCi8txB3uJzqaS9UqB/lIv6LoNpBfANC+3djCEriAJOO/pyWdOKbBq2UyMW1AKdJXlLwkbHcRCKdDuYwTx2L3d5CmFjUVymnwc9QLn+4HSvixfULmrlQKZjW1V37W/72vsqXworVhZRK0UqHY0/BxEIlljzsZuVAq0aSZiNs0x7V2yIfZpVlvUaks3q5mFUiAA9AomAHgTXDBJayXQA9acVI8aFtL5pEIwpeoer4bArseGg4b/6j7B4S/x+h0AAODLKO5YAsBmwPEu7Jq4PGbs/pITyj92aue3ghhaeb2CcRu0ifSEEAAAAACANcBJc2fIpEBVxAtPy5xkXVzKf63CWhJHy+sd10ty5olUJ5y19YTSfxPhbn5KOeXJlUhWnHOfmp33zTlnLpoUsnjJOK7k4yI/bm5oxM3QTUVd8w2mmZwaK9Y3lbkqDCfJKfmTxHW7NFUypkjesEiqW7bZmaXKc8YIik4gKvu6tLOSO4xl5Q2yTPa0pklOUx/lSsu0/OX3uekSWSQURhNirEti/HHWZJQle/KhYXqwoVBYfXrYHTKLjRHv3To7ALwPQtsnh3z0RgWOrr5QBJPo/0AvyBEg/ifQFaTbwz5eblG36Lv9h72sWD+Ux6s8AACAZeDKoCfglDAjveHcd/SvIMZhePgMfhd75rX8LtE1IdBpWfR3cN9o8+7d0f3ZDAAAYJPA0HxI7LNbDXesQ5zdL/b8JGpNpLiiWgUCVMioZKh8Kc2c2GWsunSkWnPKNpu104KS2syJUibaKEF+bl72KoDXUkZS/bxkWstQWpZu41ksjudKDAFOuWEuHbhQBGzUSVkOTlOqM2atuJyG7EJeFzC70NpcpDNEPyKsaZOglosQe/HDnsBG0XOlnbkpxk7XRmOoURYMVqWv6taxY2wz1ee0gRUu8bmMCuNsQ+zrdAtgNtbqApqCvCtN6ZzTWHvyifoiNqJUWJRsUCHCaNUBcxYCPgN49nse6PIUC3wGCKb3oLfTC+ImAec+oGPU4d/R2LBvQiwG8fcBZwF4oHNc7wiN4wjt4N8hDei/7wKoZE34pVDc77GSFHRkB/3+MOAfOjje0//VIRB8/9PW/9T9PwXbpW5dIGvX7gjd9iewCMQEALwJuzqScNh/GHtmBHYMTwqUhXR9nrjG0suMrKDMVCijFBjWBxU6Crp9RlYv5JuZghT4gjklmzZpiobt2ZJxi0JsSSdQ1RG1WnJp/BxxUtpbnkkYc0uzbCaVE6wU+JbbFc1flsUTMamxn1KaS9JGcO6auiGFnc4etbNhTpIgzP0gxqAqduLedfUrD1Dvn5q/lyURc5W2r3NzI5tS6tsB1pVVzeSIpOUXhk3/ulCwKpxWXTL5xGYBgH0Dt9qBtwHB9BbE6dau8VIoSL8PguOspdf2m6lodxD9v3t0e0c4Xc/tEO87+Xd/CAimUmCCAReR8d+fW9VlVJiXaH9owu9dj8tLeOAujj1CbCMAfjUaIPz7BackLmCCmNG3OxAMhwS6FQBexq6OIRzwH8Y+HYywWKEUmMharLNlNpp6STOOY4a4fiAZNf9ANEYZtOnbu2FN0kybl0VF9SjpAmbJvqwO6JQCs8gd+ZtZmppmLCgFclIKJE6SbqQfhA2Y60tUM1Vxy8tuQjGz7LQBtKgUaFfdVgp0LUo2F21JlpJR4zPcPWOnUaHLxbHUSoGxyCxhd1sp0JsTcg6mnMzXC0qBxuLJniHblqhwnMl89+D9Y1KznY1SYKJcOpE/8kqBbOxZUAp0/cjcrD2msX8LvUCpikn6gVYvEAMVsAEwAcAH8OvA6nZ8ld2zAl60ve8za++MkK57v6NZZRnkcnNrL9hy/3+lT/Tlq66Bi8sJIIdS1wgvBjPrHSwcFL9EdX/sBybgZkevCKKhdOfGM0aIb4HBCwS+C65+4nDPAC+QAADYEHBI7hrf7j6Ey4exNwcjIAzOxhscbxCLXc4CeoGsFWT19Ia6mDxhK2ke8fp/UZUkrqG4rCWGrbSsFCjlMiVTDZmvlK0rpNnKGV20U7UCdZsuxRtD8YO3MVWvlLkDl42pKMdYaj5PXKjuNZUCLTtzWR3QIz/mMF1p1A31271WJEI7VKydya626GHSw8ud4ba3TDO2ubW5Sd5rOQRs85johmNq8URnj6sgls9WmU8aloizn4p4awlQsg83HxyFbxpuS/1lvQEAbwI3VkRSNwC8BMQQ8DwQPd8Gphe9opuebw0qYEL9PAA2MdYjDABBGACAwXYee+MB/O/QKy3yGnCX8UJj0Apo328/fFBGsYStXJF/fRyYb4fyzwegH/Iho1QFhl/gWIgPdQkAgEMAB/Ou8e3uQ7h8GHtzMALC4+woc5y06kSl6piSullQjOMgLDftlvMHrT9WrhvP0nOSFPCSwl+UZouqeMyFFqB4C/RLwbNtxmh/qWq2F2JxrZ3FSsaxXv/UXxgeuFQHnNNUpaPJ1eqAFTjp7fE6dUBr+YI6YHCYVQeU+gvJDXXAaJB6wLbMqNk9rg5oUi74g9yk9JkyDHFv8VKY65RvuIes0qHhAjpSJnEOHacOmCiapUZgrt+rA5Y9WPvTaAQqSdBvLPuroFACwItgAgAA2BowMn0fHc8tpPcHHrskxmGQeCN+FwA/7cZr5cP18p7zC48AAAAA8b33jr+NdKrAQP1V9DzTCi+IE3PzTjQC8RfgLzvePCnpDowLrc7BGOYAAACAdXjyfAFG4MEARuDu4T8fbOTcVCdNjGCaSsqJ2ap5ok7gvCko8IUlTSlrB5Is6v+J6uTpMrXJZFSSt/Rrw4tKgW4HLViInIFhLasFSXSPyfPCDINNy2lL6jnnqlYcqx8s9Syllk2XUvE8SdtjztCy98jb79mCkR1nO9Tb6ddWdjZU+sS9iWOCRIhaaS7J1LXqMF32VdHVGiNuV7XBbIwhx1kvMPuPaqPKDs7MzAUbWLhhh1pjXC5WKRAAHHC3BvgsEGG94f2nmn3EkER5auoTIt0e63GuSJ1ivuLZgg4EzjW/gV74fgDb71Lm8/nEPPz9/cNV1gQ4AQCATQPswO+BTQpYdBR8m+v+7zGVemYEzuibFtgQiTRPtY4Pvnukcden4b5bDwAAYPHkcPjtURSj9ocBBx8BnhSYFeskS7GlOwSiwnKcSE+aPyoFxtlSUAqM+SkVuFop0CwLtfThXFoqty0qBcY008mY46uxlTqgTbnUb6vJiLVSYH1bpVDg04JuKwVqmn+wl8LL/D41lG4qBXI2RNR52qGVnVZjzykFxl5u2snetETQ5MTGS7YR3fEtLcN1aW0Jmdgw3iZLvJy6QWIa+7KhF6hkU/JGlR0clQJrGyrlRfWO6UXtB8q1c+QHAkACEwC8G4gq4BaOGh+dn1z7bP41mIfhxAPJeJ1fjdQnxKQ/w8/GFfOyUq/4UADs6VQRr0Y7R/ONN2BT+OhRZe7zfY8nj4ADNgxcEdf3rztD9yGwSQfw108d/OOT1U/r/3XjAeBXQOwDAADcw06GSYzmH8M+XYuAWMA53xSOuinhaUmS6VNhPRXeiyqAUVdN84vEbaLlRF3A9DtQq+KOZHQBbSpO7E4kq7Tlj+TWrD0yZDiHxcc+2jaJohlCbLQKuTQk7VOI6HGQgRPzfEEijSynlrjXTnMNljEnsm5iaqwzJma1OW+zfxgUvSaSmsCpQaX0YWW0NyDAG5xc4rJJrblYpzYDN9NCFNLVWvlNfJGp7yhFsZR97XrF/pC6dmsDF+6tnE6NhjnWYTM7cATgbjPwPTwabZ1GZ+cj7W1yzOFjos/e5xnUIZhPp+GKP/nDHOt92E8sCZnrtR4R3oKb8YgTjjhahDbJza1fMuLxbQ/DvGQW3i8MawnoHPllTjwKnVG8eAtUeMfs8TnPhndn7xfyZL/N8+IwPe76pdw+rw4ygvhBzwf/NgOgvzPU11scxr1Z2uPe7aEDo+F2TJgz9n0coicBAAD6AEZ6AFiJc5AlmxaZjcwdZ4W4qHQWlf/i8kxgMrppKrEWP6AalmMWNrJwpLukK05ZuPoUIqPwRk1hOpPOuxgJPkfOi1+FLYlctgyR9Mo0LX5WbYUiIBstQE1t9uCUIk0727QqOrhFxAop8oIuYG4LV5YXNarOo1Wz07qNnUsKiPkHW75eJFda5ptaOGdlbhD3Fq/DeME9NtViSo1DLd3QNNnoSHKU6TM9EbmSzvRsD1e1B/+YPHEvtcTbEJ9JOkFGqw6YsxAAAADwWRx/pOWXMxwSfZ5iT8PpdBrGK9J7N/2hdyowvRG7Gzyk1wGPhmE4n4br1dllbF9w7RfrejRRPjhc8sXrv9befK8+XreWHy6i9WtF825nuQ73l/EyzgP+wMP5fLpcrut6VUvdDz5+iEq63dAzDYrsnRrgBs7DNINMP5/1liz+cKvk5t533vxu/XAbii3XEfl6iryeGobLeD1ZevLhckNlTaY9odPp0U10NCrorfZNThC/ZFSfh8D1rsC/v7+eT4G9D32c/sjdjAeMEj5qwwAAADYCjLAHwD47EaF3E14pMHpLzL2SSimQspaZuWPSVv5jyTdL0kdkzZpcn13OpapUn37C1SoFUknb4mxgvDujSnnJVq//x35NZrTdug9VCujVM8gszRf+qRdTdqnSXHdi9skNKTznZm1tvqvryjMVS/uelXFStNn1kdrZlGhkEvEuMKFhO9RauOznOweri5+2WCQJFXKOdne1iqmMDEokRnKWNozK7TU22K83J2cLSy2raA6sbKYP6DtuAH6HI94wQLhtHrhFDzwPXl4vncdWl2PfdaZyOp/l3z/qlRHSnAj3gOmO9zDMi7KwvQtsUwSI3Z/F7a+Udhr4/N955ob9yfQK2MoyZdwjX6hFr7MvlRX5eHUhcfEuYS+/QfbM5qK2u7idxVY0DHw6nUX+jRfqHF3z4BTmxljXwOPgVZhIc3k0edhprdz12CU3y5XlHUlvZdalS1lENfoy5ffM7dvh8f3ehWPEj9PSMmibaEqGX88Ok5j2MAoNt3a2TwDoXXCfZvktrF+6GxZ4yxcDnxynha5z3YFG+XA928T0vtDl0u2XBK5D2jiGuyK8fI183JiI8iXMmA0CAAAAN/DkSQLnFuDrQNCtQ6EUGPwW74vE5ZeVAklvftvbNOkGvbSWKS7ndbygDujTgqmXCVqOTDZwUylQ+XgpdWS3WURPdNa8qBRoVxnhwjtKge5BRe4NakjhLTDRlFBWtULLnJcLz4SuJqqUArUlxk6W0v3WznDzqHn7YSYAABAASURBVMlwLPuDh7af5e7llnXzcjiwdheR8X/DHvaBxd6egm/Y7N+4p+RSwrbY46U/bUFae1iueg1XZBsE0zGBWNs0jhp2m8FO4v/tcZDPhV2j3+FPOm68EHX4+gUPp/N5kFH+xn75oOnq7ztg9yetZGqs58aS/qhMZm7lazTNrDqfTuf//huHUd/okpbBZRGXyyiXv40fLbJy1dzua/hPQqnhXUfN1/QFCS9WWN3QeBxvDsQbxU3vWBbXlZj5T4AXACCAmfnuEXGZ5KTectQ8W4g0FxdyPIKp8eN0chznk8Thh4aTF32MK8/XWeL5ep98+HOc8fLk0fJO49Zl625mTSfMa8Kt5ntl0ocH7nAzlnrF5lvOH+r/a1hfZlrcR2t5DL+wYhst/zZmLW3cce21+9cC3gGAnwPH4E+xE0YgouQD2JtTEQSrUSgFBgjdVAoUoxSod9MlrBe/zHrpLlRe2avEnerdcd5dX1NhCQ8tMqlLCXRiirBlpkRblJZjVo6ag6TKcNlin9uJzcVlq7Qnvt7is8UklpBIhbBgVveLjbaSd2umm1be0Bgtxk21WJ7/K9nm+J9UdibmYUyNaS6XJ0/aysRYzLZri4yljc63hT2+lJJQuGCJtSd0u4oczj2Qg9pnT6tMfxafoi5r1YqaaoXeTLsh99397geeBb+wFQBeAsILeB6Ink9AOqff99t2M9s7Jnhp7fUp8CgXvdx627hyi87WzM+3yli74Samaf1Wn+vrNQstM87MJhOtxm/hspkMvdBcElIi9znRh3C5I+lPVW95aWIt2DmkWiC6N/wLrWz7sw76oWO7PvUBQAvKBer52Lh3uo2nj03jafM4Na2HEBBpne5F7/ff7OXlrYuUvYX17YJkaeN3Yu/xQWCeXQ+rp6vy4DZZdGlj7aOFO3BKNo1PDdPj9Sb/9f9h2NB54PumdKkWF05tQSdxufXHnB9MNPjLY8+g9u2IBevXDXydzxEBAAA2DQzQn8He/Io4eATnPLVxr4i610WL5fQzTJ7sMpmHGex3KfPHUrI4WiZ8zZvnRW4UR/NnWR0JT9NA2GoRyJI6oFUETEXrjcBksQSpN00bNliw0aVTfbiwq9CyLqDxOnlFwLKaKL9o1AGl8eVk0xZbTK0OaG2mpGaX6jbWVuqAapr5IYNhO5q+cOTI6OGh8DO1bXO+tWntqrjV2tNUB1R7VOrSpnNZ3AialhWhv5xGoMmh9bJL44Zyde0fps5JCvfABAAbAAIReBJbCx2cb/qE9M4JPHDr3z3G8I0V3PoTFrncxW4tWIFsC2BbFLdXN34XvyY9o7/rg47WU2j6HpYpBmUUss+08LiXbuLOV9/G+epmvFz+TSJAqy82jnhZ0vUAGIGrzQlwAmBQ3g6cgBDZGfjpPuN4S7ALjONl/FeKRsssovv3d50jvK4n/QiVbWvgx8KIh+F8Ps28QEWDb5mWxK8Uu9m/3rGwxr7cUNTEvDRlkzTPvGFbLmfjXfVh+7befOAjSE8Hlzv/gJExjfmXP6qvzW8ChwgAAAAAdACc7Q+Os71GtdeYtufXLxcpm60cL1zZ55dYM7vlwJ0rlQKNlF4SMMyFmKtmSW2IvLZCXI8p0+rCmjrQjYEV/66aCGdluPDP7CpV6ovJXEVe/mRtErKr2pjT5KbaWqtx6G3Om8T0VMtax5dLW4Z8O0Ko7AuzerFhrh130LLENlTb44rMP+ySlYnUt2Kjo3Na1Ry9YhdrgmYMzpn4p/KStiBvQ7KE6TdPaORH9T6OXu7TAhvHQQKR5/faw3lnxNPhbtFfz19jfpjeUCDpsPEBIj12/PNoktIW8i3cUufib2NHehSjTNS3h3Z5JuilsUINdvPs9K3VMP0ty7Bb6zl2TQUk86PhnDurxht6Ro0Lot/jHQbd6d2ghDGGhDpG34OfLCwDAAAcAnYugEGujXxD2a4c53nC2Psryo/Ox2eprfH2xErsotzM05h1y3Lm5U2Luy5lVsSLmXcGQbjpNLC5clhrTbGl+Ryh6TppLLV/21Wc3unv8BgIje9SKzChx54Puh4dPWrp8/AGAAB4Gs+PmRhtd429dR/C7XE8oxR4Y7lIyWwlFTEQsyZwqLTmtJwYV5VSIOtOrQolPXSaHzE56lhOnVKgpkWJ8e8soidV7a4BxSojYlgrBbaKMYZ41UBTvGmAaAOopKMZtTmnSBdNKee/RilwXo5vDy7pGnp/hXVDLqfi68XPM6ttQ2Fh7ecVh2/LEuvP0v8lCZNd00VF/+a/IdaiW7lkRJoeM1U6JUVrYaEcOddZtMX30S+VAr9RHxMAbAzFYNxfjDKfTyce+O/fpdvZk+j/j+Io4SIdRv71fHs+n64t//vrN/J7vl5aaHo58eaFTcVfNrl0FZe7rdp0q7LK0An//l0eJgVSnHm/iAVanazZ+lu8zYg9D5xd3y3p8aRXousAAICH0BwucAjtBui/R8AUaUEdgx+Pj+vN23+XCx0DHG+KvfkgmW86nc6nafkG61Fa6+3GfJ9cpN7E9mde5pIguEgeDA8FosWtzD9A+0nCp+vrE7w6D04iO8fzYxwCAAAAYCUwVALA1nHOJCSxgnmiIgsSf4SV8+VZXq/KdUJRbU/TsEZSsboilK/XdGETZYnAuCKaQEJW6qF4zFSp0YWaA/2MEr0qktOsAJw1IlZCSdwtvRqWG8imyoXP41bkREo0t8Crkxuye7QGpgfESswRFZbH1PgltVjIf3Y5y9RJNlBNj98fYPuYz06fuSq+slObqmupThf8fMdVXFzpU3kLwVRQ1JalDinHZo7WFJwSPlId/qZPNldETGOPjwJfbStQFj0DfBVweo/o/pmwgukTt373gXjfdz6h9hkQ0u2REF6UmCeNBHjc/nxMeJWivd7+Nb94uabWPm3IKJfx8npvhQl0c0tKzO/yzm89WDbmxNJYd6ON3N58rxfC12AfBmK+32FvAvofY36CdO0KxAFQYv3V0EGvm3BtDA/AA8XN+fIy4NC4yEj/+/eRz0dMnyhdfJFJFn80s8nC1vpxgKyuJT8GGPJt+W90+8B8Gk7NK+8bBousz2vWNZrkLn6Zh2FiUF6NGm2GfmaLs1hDlxPEx4f+Xu8fAwAAAJsDzkfvxt48+h57ubPZzfRs4By/WjvDCrZx5E7Nc+Ooojb94cyMCu+SxQ/fsuM8xe/hzs/frluDEhqncgKfKr6KGOlXhqymtDqyJLyCmFWnA1sVQMmmkCzNc3Mj4iNifTfMZ0nLSfstp+npcto1tp+S+F70pymuFrsj9UTywzIRzbcxlZlMaeoCUrLZKtglkficmsY4m61rjBpf0BtvUSSznd6LPlfTz/dd5Z9AV/aYWDKRRJQi0fVKSiV/35iNFSopGHLZ/jX2eOk/cn1a6AIaS6I6oPIft4nHrxIB4CtAaAIvQjq/qdVry1/qdF674ZkB6gtqwWJu/6eVzlY3waq3cLW3rrUFlpurRx5hZlWU0fLZdd3livmTZvQWPFGOe25CjQdKsrDPltDz7RITn+aarSvgbtmM8lAGugWiAHgaS2eQHQdVPydF3D24h/VvrR8L9uZzhxjH64XWJX5E5639fy3sMo4fVlN8g8X81tJW1cjD6XRaeB/PHIRSrRf7k29moPCEan4GURRpHprNF+HXB2p8yYdAKNlbd5uR+EHww0fmfYapKz08nVzFCuSFUnaMJ5rU9S1UAAAAAACAnePs1Pvc5UWlCLi8LESPKgVSXKsqfVkpUM3IKoSkWoLUSOM3XDV7ZFelOapdrjDtM6oAYourVu6a5fjCP6LGrvrtWXHrDVdOZFEp0ErMuZZSdlzVRt3mJAqrJktlv/ECJZsXaZepNYM3k5qajVRQGStTaN1FxA0aaNgeKaSVPWSt4tT09G1gLZ1ajnamcnnZzcZLOUcpNWmLoNL9ZJQCOZv8KzCu6oDd4Q23bB8YiQ6Lfd/5xoOdlyEHfvDT5LZxuO8bCGg8NHlobod2cdVGbu7C9EiUysx+e+absOshZnbsV7d/xJdM7Baps7V5gi3c9OIivHD4SyhEsPtCe6LbBU6n4Yrxenh1fc6Xzqc84SoZAAhXvcAnsN/JRe8XVGwWcFOsX8xaB2UIpODoISxYX6ffW2t3ediOMv77+2tTAhd3koW/9/PfzjmwfkBqFL/n73G9gjufTtZRd1stN7JK+et6A2OSSYwjgEgz903H37itQpUpm4zUAzIdV4PpMSo0JgkA8H3goPsFnvf6l/oLYfFu7M2jiIDHUJIgzkGEL2ooLCkFzlvTcqkUGBQEHS3uvlJgflQqZJTtLIkuVT3nKJTzrlctY00UU/W1uCxeV6/k+5lGLCoF+ntkebMRNyxE+mL7NfUvHbL6Nq3i4urGtZciU896h6tUL92JFpUCY/GlUmC48K+VAmsD9d2swZRDpv9DL0phJzX8X/T1HbQsyWndFwUVU7OUSoEapyqVSFSz/FL5NgiiUqC1JDq+rRTorgKZctQ7pcBVrngefGejrMgGAJ/Ez4IPUwhgI6jmGp89KMIb0dd/4zCwyFsqlXH85QHFN36Vm6SRrZayq/PE31ytXpC941tG1Pi8+wIpbCW/Tsy/+zmJtkcw9V6WOGWVelM3kM310T28qaOuz5NOp9N1iJJxbx54H3qf8Ihe4gFABC4CgHdjzQiDuNsi2FMDA3rrKu76HMl2SZrb+wiInTb0HWbnpyTfwPWi7CKPSCh+sltmMhzLJi8UOdy5MorvZWeXRnOSRfRPWhq0vHALR78NJdWjHM5VankUn+DkklgfdGmR4isol1qG/BSFydnbt7D6DhG9vaVvLE5vij503mef8UlzttD9K/r58TJp+7D3gMN//MB7g0eZKOmRLisP+UNimDRymdMzkQNhZY/y9Or0EDW7qiKedcqXwun1aqa+H6Z/MozS5UXQMDuAhmlhf/N/Y6/INuewm8bZyfLF++UUnRnX5+Ug7Bd2CPmdxp/o20UKMlvS5lCPaglm+UDNS2RN0q1xReSsJYO4TCntSmIeaDoRt7zMOZeNJGp8zrjxkVxpp3rVIG2pwDvXq769eZFjGhtKdVqX0GiLtdY9Hpakgbdss6nGVmINpWxtI2PLwrSqrGlRHbDYo9Xo2PQoaxiKUx9aw1XfksgJqETdP+3xwpJ2L0qrWWXDxKxqZn8/Op3aATsCYhT4TRAI5UnPK2gY37qoXuCc8d0iF3a8t+fChX264A8X/47JxzfrvYnr+e3vb+IF0q8gS7/81OE6z5mbnCaryR1ys8AbSCXQy/iCA7u5UGp0h3R8vpHddf1bu8peLfRyBNTo/S6J9Nz5EZJu3wAA8CMwhqJNgru/JTG//Y/wvAHwAreNV82OD4g2i092i1VL2BrGcZJUpDfAPPExq1g5hJfp7TG5X4JbPMrFlUbX1Rvn0zlIJz4Bubm0bqPPKevyLVZxZ8eZEjT9HVc/oKuMfzIEmi6WL96rUCaTGV8/AAAQAElEQVTYY4QwppV3afYxpRr4NPHBrndhH7n5+5m2fdtj1+C/Nn66NzDK1Q3F6NfJlPg0YRI/Ohgtcn2QXht+Gvj6gGTkgfrDf/9dz3hnmsgjnX5Q5DoInP87XS6jxsxe3fD393e5PPKmTXdo9Ow5qgPO8+B5OQQBJ52/rPAXNP+oUArksF5fr5mJZ+HXXI7M/7F+gEyl9EjrDGukQf9KeYIuYFMRcE6jwXm5ulzyUn4xh02lelVAN3PS1ctpbobT2ItcQFOOq6WoUvtEJRUDI2+BfGba6+TpitY1wJU6oO4qlEUAYwjcslmGZFBpMxXMN2ti4sLZXC0765TbqTrOKvOZ1Za46cT7bMykWr0zxdrDOY21C+n7I9bxubISUprJVMZt/jTzslMAYB9AvAJP4mehs/bOz/1iyiaI1HdVb9fDy3lN+Ww3mnNZ3l2sDWl7Ln06a0/vAgWZWtEXNBo2tAy+0VX7uXYQyi+v0Dvu6L5eAtDCRwYGvD32KWx+CrDy2cCxgegHAAD4Pe6eMb87WOMaPqG8I9gATqRHxarjgI8dAZwe9+wUjTsij+65aXw0/rZKiZAPvzY53RxjDnfJHrxRcBhCYP5kXENs55FWrmf75YyPU+vk7gq74Xb5+faq3CypWdOrASB3fm8RN2ysbmhvf1gNN4bZBsqanT7QNq4fAXwcnAVy3NvywYDf954zh17DYmvEClQdB+vbE/kJYeDv8IJQUgTQE0FwAIdlTbedHAO4Dn8ciz57m1IgGaXAtEx5C+W8ao+ef8Qs5zSQ1iSy0CieqtXSrJynnKxanc79rSXyUnZxT9nTDjlVQcFQAFGaBEiV+j0dkXFZ8s40uyVaV7e3NlNuTYMX5AQ5F2sKK2yOZLZBSLxBNmxKa2mxL1YdvHaCtazS126Xq4nNsjIuxfq/cnRlhZD7lLNZLMPKtdrejmgoO6b6aiYpAPwSiEXgefQcPY1z291bitL6sxq8Kkc713l6G2y4/F1WvA/9APZCt9qHlR/DTpr//uFEqEnW7Qpx5gkAAAAAwHbx0Jn6tYkdJgUP4uCssK6xTijm/kt0u8WBRoMnj9MdeCCY+P6wi1qB1B/YpI/verTTgUyKidebhA/k/yCksfT28gcexvFiv57y2P67hcjMtjUvS6/ec+Xq7ftnUo8ZiMarJ374xZsmvsJSG2Zhrcv4J1cXyKalcj+F65MRor/L3+YC4FuYDgEZ5tHAeODJ4PveIf+umq4xfxL5m1Xm9vI8670Yhkkod5TL33skmT+M5S7qs/vu4Y5PXlQKnJK4nolUKdDKq1mlwLhGOV8F8UvtZaMUKE4dcEEpsErd3HwmtUl4+2X+Zx6JJaE4KS4CzHWBU9rLmSulQHct4YqPKZerUotToYb1tqgUaNsYTTPtqlFI1eUWirFGbtlMs5RueoPGMwftywSpY+u+SJGxZmJjvdPQC4x5uGqd2paY7jbGOOos5jR3itYqtRVMPluxR05L5UKpimnqBRJh2AJ+CSYAeAcQSV+GrMqxNDGIVPmHbwAdA8d7E/AhfKnHMSRsDft5++9D6PuTqRIc0P1FBxyg/wMAAFhg2jaD6cG7lRaHGFq531PEc00/mMO45wDYs0Yi8CqePAcekRf4yGGw48Zb/ZKebw1St4hqLdPD9K0N/V+5beUUmjZ9HHzQriST1jOjqHww1A0jkGLbaZLKGDt9SJQPgI0fApiffwCVUmCS72sqBSZVTYraaDZ46rRQCoxriEh/ipK4hMJ5mCeOvhFVMxqBUqnoqSHcTqORhqQllBiJsZWUjGx8BrdWg3OphmShPrioCLgMyWleNOqAIpXOXJGKLy7S72LaFEmMq1j70BpjL2yqi5xYZeoBT19s2HbDzsrbhS5gJapIVV1lNaFdcVPSBWQygoimEUU3qscWP+XMlS/8libb06ySyhIAeDeeu5+BJwE9oxyNEA3AcWHO+/1BIjPsdvuPPADspvs/0Qk9s2Gb1yG9ofsLj3jLoW/g8nOCYKYLHAiPBnNjFAgveGOAeBE3emI3ng1t6DoQHqeGFfeAgW3giW7h5k38LeLdMccUdEG6xStN3/e500pdPLf7XhuPCwEAAAAAAA6IVVOzc/ybpnKcJeSCqlmQl4sKZ0FQ0HwrNxGniAyRy4jFiZWgs/smJTlW4pvRIPTqbXHXdgs4UbKqVBozXFvKrP5HQSidjRagT4WcIqBTB3SF5nZSrQgoRs5uJpyZtEmPs25z8nTSvlh1/DR2aTbQ2D+T2JKZxlLTGKPAN9tpiIbGzpQucOIWLxN4hfO8qGJb9dBZ5bJYXUBTkI01FxucU2ZjgyRDvPutJekG2qyNSS0RQ6uh6JiKAAAAnwLfW7lwcgUA4Ijo+SVIIt5F6z8zKPc945TuH9R2LxVJ8YoRl14AAABAAb3lTX1iFPn3v//Nlwjc+V3KF6OgmMLvzY8cHo50eiBw7+MA8Cx2HTRMxYOxzoCjHgA2DByZAPA57OH4whjwMSgpMLnYyPHV/6y6LEmRfTmN2Xn+2iylCZfkCovslkwmcd9GFKTsi1J+NzlpoUmU5AxZ8jqvricLKWVmV6Y83pC5y45LEohEZq1LU9nlt4TLNnp/aFcxxTYVpEO13xiY0mh/zDt4k0n1hAubG0qBtUF3UfizpdJHQqUUZOHbEFy1bWX8MDViip0VC0qBhfsL76amNLsi9LexZ5VjPo5tWAHUAFMLeANuh1EerXpF7wNgh498umjxreNeVuQ5MN7Z/7tzYc9fxcBoT9S1VCQAABaS38QFuvMDL69p+qKDE4d9x/eTNdzAj708XjG/F925WNjbWWH7opooM2hfVq9BiurldvFuv5z8Lrt7PvTf0PYdHzVec+Op3alPdNx0APgGcHx9HZt3OWLifXiAtAPsBw90aK0UGDhOejGsWmdRI66pFEgtpcCBaWQlVIXSJOU3FLqQ6mLkYpHTydPshaVq4bx9tVKgA5dKgdQoJrSvSF3BbH7wssydI+Zpi5fJZ0ZVLireNdvbKN6K1N1TCpREj2Nr/8QIJC9z521u2un6yxlE91D706VxKxuruMnKXFIxbNvGi1ZUSoHewpC2lQs9W7FWLkxKgdsBTgGbAxPwDYj+vw8gLD6Afoe/PYX++yAzMyq+6XBM3BsnuiWGTY55X9v3Nhz3ebwnzAx4THYBwUwKF30zpjsa8AQwA1dX98BdjRt9tRZog/mNk8bmEIMg+xHuHuD7PCO8YdyqP/3UDfTB08te3Ofpg6nXlgMAAAAGT47j3xv+caJ5H3biy2+Zuf/p7zP0hlopMKSqHxT+JY24WilwnkIG4l/4wOyckhXC86mSsuIqUbU8yWtyiyQrwCV5NUMFU8G4eQ+uNexSm8yne8l8BlfmJkls2LLgYOCE2UxUytmtIsBZ21IamxFTLTq7qkpdOWTaGHQBY0rO2GyypDRsGG0n1K2QMipybGRr8w7esqadro6Sc+g92CYXNth5ti6nxldb5WxzzrxL0GzZ02hi2bAle7aCbVlzMOAxA/A2fDCY+hsEponLMFDX6Hvo36hi1sdPGRK+ntlP56tHZ+UTM8Hs8+ScJ739IVxhUtcAKzJc7FHv6NoDHF/8wwUaADyCJ46YPY00Mso4yBDu+f7I8hsu/p5BHN877/xEyd1PGI+NdKxJa5PsNQBuNOuhInoO/3dwK7t1325bjisCAACAHQBT8/dhJ75El6+FPDeZOZcr0nVQlu3jKKV+TQemyzUVuaj0GUUlvbyrigmS51ZxNjFNF5lKEph/advqvtUKeVztseCBqOgW/knWBeTYNA6NpYYiILOJQXZENC5Tx1ObMPvvEUVArw5oiqzaHivI/eXadUcd0BkeFfFYe0eGVGZpPxWEuGwtlUTCxSsCXkq55cG5ZdT0bUn0bPuTsm2ycJGfS67UAdnoYKauaKoDBnt0eVEdMD2SxsDWA3B5CbSByPg5eBjO59P1EdDf9K2kLgGCTLfojxF4xWng03C6XNHtJ3TnOX3XBz1GPLige0j3J//rdfn5fL39JZe/EccDAHwQvJ8nDkKXy3jBkED0lo9o7h3fidymo7cQgj19QLrqan0asO+x4OkG8FvU8vaI+jHUi6WBF7gvcM+9BgAAsH1ggH4fwAg8GJ73VPp8cPoobqZ4iSncisQ5KT/zxyyLNFeXlCwxai2BKuXvVGf6VC3iR9Vy4Qf7iqOnjeUiJWj1RRFAWkqpkeYvH7OUqoHGCOe4yilxBTdSzxwspAu9i5Lz2LQ0b89t8WZmemJWChysf0r7qWH5TAFtVvsYFv2sf+uXVn3kUNOrZNb7XOTWVQFkVBWbXREVGRslUdEVrmcfdwzwcxzzthjPvCiOozDiEugLPIX/aZQLEUbl7vCxEW/TJ4v5vZ788gJtDR923nA94ofhcrl0qJbGc/MJY13fECqusbuEfYWrW/QeBPPVj/CFR4yJQET3z4I/NS4+Ue6POmKcPx0zDNvkA93141tN7vVwuF4ejpfpXcEf3rH9ue/7I4V6OQLzVGzfB8FLV/w9DgHvDvyd+dAIdLyhqH1FD/OLLe9+BgkAwDHw5EiGAXBf2EN/IaZW4aW7+2FPoxRYTYXi7CYKp0UKGKmqHuXVy0qBLFIK75HkgrkigSWWXyg+8qpm8TvJe2SlwFbqzS83Z4G58B+HV6JuKwU2qjKCe9xQDUxO5kzMs4s5XVQK5GTsklKgxYKC3V2lwCkdQoah8I81NCgF+lbxkK01ldcEvqKbW+DFNP/y0/V2ock2ky6TC7lZf/CMlB0b1sdOyIqMpuZGYU4pMOoFYnj7PvjmeqY3XQPvCczn0/XI58vfeMEp91n0FzfAQdD5Mf+BrwdvfTC4Dvf//Xcex/Hv8oI65m6HvJ7pUMyTMOq1/X+TTiJ1jO6nOvktqo7R81hA2nbM+gHAg0EL3MgM7xUrXutCc8Nvd7Hwzvjt9ubG9SbtdZ5M6Rbwj7BU9/eCsmO1yAOeCOwjnPt5O761yW8P/F1F0/JjxqcK29tx9OoMqPspJAAAnQJD376A/joM5JWJS9r5rD9FHxWkEFFJu3m9agQmVSnRPKLrbVazfv5nUt1XhfriXxZdQ5m1JdEKFWVLlc7WazEcyYNVKgs6f7mShmEcZQNTpkIFsEFEu+fqbKum8WO8U6rf5W2kZn/rcP/ZXPPx3FpIMTqrUBn0rcgqhlKbnOUN/fePbcVS7+Sds2jbojdX+tl7yLS4sifnF5tfcmTXGooB7HZvdAwtmrxoDwBsATzzgS+dX8O+0HYwAo8AkQ6Vw1QmuXPUY9/Bj2l9ytVv13fbcs4fDu7UB4IZOJBvf3QeCzgUZsANABCAC9oj4EYvYrBbi/meMEdy1MaulL92xw7jgYos4MDpEO/td0QRAAAAsAds+2SFU+k7sAcvoqdX4Xk3FXsGUiC3FLMK1hZRVFZ2a8z/1NrkqWvx+irlNRQ+u6YoKeVvLBrNtnaa33qJK9gI+AAAEABJREFUWnNOEZBMmj3DbKppqAByYUW8fZAU9YqP8zYIcE4R0BSZzF18VYeNKB9rmwqbanVAb3L+EVhBs/ljMM7z/YzNzEXqbNadmw2+LexYenN5S0WIbHvVlFOYUvqS9Bm5pslj7gVRbWKpwmhLLoQaS3scPxB4DkwA8DEgvICOIO7PIfDAESxP7bVLtGbRUm/qCR3Pw7pXCZxfWqNuIb1PdLp3QASuRTPgCwAI4EOMj881QV7bfQdY2TAhf0+/W2z2DaqljnynqRyfLvQcA+XXq47hieIhxnKuzcb/h/Ghs+BejqTOR/2OkZ/sAgAAbBE4Ob0D8CLQgFEKdAvk18RlcTnt1mKl2SRmTV6OTKqcMlXLpuByjhooaLrcktrLSoFWnU4SeY04ieBxaJqhjznFOC8fV0vJRdfEwjQhI4pYp5E9Jw0iXaHqV8O0lK3jCiaetrEhdCjmQjcpJWZzfZ81bObCZper3WByPXc3zSy8SnQwF7pkIZUVVkYsZFBWZ+J2NrulWX4zDL09N0wAfoS7wdEBjnkF+GircB0MAHvGg0ew9DHsLz476vKk16UmaIWuPdBt45n5NAzX8WAccQjgagyY5wCIAwCoAFJA9EDXjuDp3ejqXjewZdy4DH6iF7u9LTZ9P/pv+n70dJ+gv0NglPHf//5NQhG9sgInfCT6d3BGeXu7d3kWfcnovc4b8BwE2DAwEd040EF7wR56CtG0CvLceXvJu7eUApWwxpSV7dhwt1L+sJ4MkYvyXlbTLWwnn7epDshVS12rzQ8xSnlWRa9QCsypUFbRC83MJbK23KRcr8ppdq+SxwybrGQS5nzqT07aexR9pabLglJgS5JOW5pbYdsopclR5i923GxEMMUzIks1vlxGw+bsgdolbjWvSvMvpgU/G8m+0qtltQ1yIbUs0hZK7vawzcUP+xZJVUzyjLMHd9YU27ruQK8cD+sjjB/MDxwLvfNjttf+Lx2LW+z4rzRdqoWukN8m6Q+bPN6/inCFRl3ielFyPp1oIgX+9cuMpOLKHQAAAMjQG339nSnZLTG5O9Z3cChn8c2f1M9Eknt+jSQeAT3OlyZSoFymxg+DD4HCG/uPDvscRTFeQSPP6PQI+KBGZsvjm0F6mvr2YncSRuwW++MFAgAAPA4Md3sBeuowkLdP187xKZkkzSxdkKR6l5fbSoFRbC7sRWbZrY+pGOE0K6mXC9Mm2qL8R4iTEFsmiFmyWE6lWhPsDq+AantEOVsrFAGXkd0idtFYqkp7c9M4ZXEKc2T85Qs3ZDihZrsyGU5XBd27ogQ1NXHV5j52woamAfF3ZjVGa02bqfiV6kuh5OteSr2d9/xsWYHWty1rarlBNs0PqSFu1tfBhQxgZVHZDKMECTKgAx7IAWuBWPkKOv6eYtbI7RKba/q3GIESqP9bwnearnNsxHyPEL0Io37Re/PT1W6XOA3DcDqNl8uIyzJcl86AGwADPMoF6HN8kJ2hbwJ9fCv9KGFwty8R7yWiOMANzxxomKiaokd/j0Mhmv6JcnfhS2Y8egAAANgiME19DTvxH7r5Y0gMsCbO8V3IPF9T7aTMc/LLJbiR5wb5655FdvUklxeF6JLy32oVwDJNDTPlJ7k8IlqlCKgujd+XtelNRcA51Tq9F8tm5Eoql2rbfVsaLTWbzXWdTaMuIM8agSIV4ZLKVqg3bBRInudXHW2bwqvTVi95QmQ7yrwmX8MgB6dEyDaV7LwF/zsqYrCnlm609sRVBxvhmADgk0CEfRGYf3WHz5yRdnDUxrff3xX0+xuneuYAd45+u14hq5V/gANi5gSeZBw7f1dLyeEAAAAVGLOlB53w3LRiw05WbkTTC3dbe6To6XvGyBgNbqN4WrFnVJHORliiH3Dx97P1bNC9n+LFbX8gwd0BAACAbQLz0C6Abr4PeW62cne3pBRodzFrpFquq5Ab+VtpqqdYKf6hlZjCw2SyVGuLSoJekU4WUmqkYkxTTl+8CrqhFKh7ikuJigLjCiZPFLQNMmw3anzh1rnUtN1s12J8Sxvmp0/omusQoWy/d3fRilh224TaWrpxSC/2Re5jq3tIlSOaVRV+pnum5PJFcgGe0Gm7Rel/wpXoYLbMdJG3Z9kbGwCbhZWG4roJeAyImO1i06MT8EH0eLeX6XwarnO8WStqfPUmJca1faFvXVDqHuL+dAdEAAC0gCMDwGxuApwQ8CX6AuhWW8b8Alk/1wzcWsUb5i59AVEHYG3jD3Y8d302WKZEHxo8q1l8rOd35tCXzMXZfV9AfwHAc/jGgYOD82v45cwP3XwL8mkHPaYUyKuUAu+ltp47SLtRU5CN2Cm6ZaXA+VKelpQCk1IcZ0N44LSKF5UCPQ1PmXdBKdBz50LK7dQ1xTRj6UMFC0p12qKqpQ3zU7vZNiUoBQYqZG6Lby1FmyvLM4Gv4Z6luOU7qeufluebVdV+vk3HM7HAtt8XrKqUGuvm+S6ySoG0VfCKNQDwKhBVwKYBxZyIHo5UHoaJFDhOYlFhBXUFCER123zJL/l0hyEIhEq/HlDgZDcB53wEAgAAFRiX7BPiPeQvVERPYh8vG98AzkCbxjgKT+/OUbdsCX028FDb7fOTnWN+4hHb30//i0yR/71LhPYTpQMDvEBgq8DUF+gb8sRBgCFuL9h2TyGO7kCeO0M95NdZKVAMeyoJp0kqLC+LyspRWh1yyrxF4nMnXZawPFOjZvKb6MebJK5J/3GQrRHJpDrR/ZXglZXblE6XOXKZLxcuYcOVrFHgy0yxTOmLVrtWrXSveimmsZVRJo40dasrocNcpf+l3nWf9F1oiuHy2c2yTMOUoimijtd+b3wLubbZhoAtr21ny5pivxX+F39EJD/HIppp25/axNB8jdKCkumtLgptNMypAzZt+AAwhQW+B0QbcCR8fnzeETZ/cL/FQPNORKfoOOjzRLdPzNP7PgNgGIb//jv//btcxgv1jr7Pe+IU/QEAAABgZ3jigujRcx5/9KpwD4QJXn5X/+gYx8soY4qA26FwaB89F6iFw/bnIV78ceT+vrbsb/yjkaNg3pdausHB8IMmbXror8963fE2AQDoD98iLgC/APp115DvPKWdlAInhlSaoyWSU5PSpbyq8JPFcPI4ywhOy7qbk04rRAdZ0n9a2vx2ZhTOy6WQVQFspFqvaVjWi6Mi5ZQG8YiQerqZGhwJZDYt+HINpbpcv5OeU5eRlTf0MK4O3rTKedoI0/b5boVTBLRtDD+MhJ0sKAKSbQtnXUCq7adEqWyER7h50nB5lXrUW3KhJtwKPUrj57YTizqMJ23jOEZvtsBHbkxz6VJvNCEe1AHTAYVRGNgouFpGsALA/sEr88mD+X+Jt9vY5WAn4f2Gbolx8Yqg0+b3fH6fp/kD8aXrSY70ftNPmoudAh4ALBghwfDBDLjhmHisXz/6GclYxc2tv4/Bz3tgu5hvYMvKbygfdcTgt0nG7dFD3OcJMUh6zJ8Pg6T4p7DZyOp2wAcAAHgQ3xjFcRZ+Gdt2ITr4Dp5kBD7h13NDAo3iw0P38/ZKITLqgC4N+dKy8qtmLqAETbmZFRgV1jLRKqsLGlYbNdMGfdHx1gx3T7y8XgSV+hlitN6ikGBMKafZDU4lLtdfkueMjN5SZ2UvlcS4tD23PTelSL0/jNCfmAZk59RtaTEffS5qp87O+2mMheIzxL7Qhaqs+dTat15piZ65teEpedVRXtpxwTIrEOliYKF7W8A1CPBtVDEnhEAEgK3g48diPBE+cJ56FhsbVr7Q4k2j7/Z3rhSI4KfOj4BOlSIz9tb8T50+5cPlbx+Sb0Lg0ifgm37o/Vy0bXRNC2R9QZqOh9VtKl6V/wXW1P7pKO3+1LD6KNg6wfP3+H/2rgPRdVSHSk7e3/9658bWt6miuCXu0pk3XIIxRRRTxCGT0F1EUvsW8B2pR8J/Aw7MYcaLcSIca8be6wUyBhlKuaBQKBSKs6BfH8VSvHMVrfCzqsZVdbRvYeCzI0bTR4lLzhTotqaZPWMKtAR91j/BOFNgSEU00S36AiTEeZgxBXq6wHS+limQMXY9jHp5RfYK07Hu2cmFy4Y3ayA/D0lNZEx100yByPPostSw8BOFSKwXqRdNNf1JXclElTjjYtPNQNICSIOuRoUjVY1G5hoxTmQMiJ4psEhbnSkw1Q5kFI4JU6DjC9SO+Ba4fTEhKBSKtTDXxmsvLQ1eMUhkwZPUjEuHK3ep3V1s9KI7fG39oEJwUBkoFIoCXgsIhfcRuq7icOmKsG/itA6EPZQfB87Tkrxo/bL7Q5J7QZxrYc/9Soj+/h3V8UkfZCgUinloJ7E/VMbPxLXLVWvdKIiZ6wZk9MMI7k08XmeJN4x50/+INAPkXwoBUPK+8T1MJA0joLVHPjjr4ij6yCnf+Zg8oV7uAowdEJwuYEKKl1PnAST2AsRQPozZ4ex63NlEbHn1OKlcYlrvyASWKZYxTUnLmWhMYHJIld68k2P0Tx+kinRYRgcpU2AUhDUZO2CS/kImXEzIakCholcxw3u5WwWU1u6EjY+KNKXpTGLJr37GwBE4qJsS1dJWyW6ecIpOZUp0Qen6qJbxnaCVTPELblz174HLNlA7apmD9i8PA8nlCqMwrRAK6QpxsiFQIRi/eqRQKPaGNsDLIZxxdT8EfzIP4Em6AbCwLMShottL3yxpDoJhaAx2V768ZGvbtfizwC8nAPRUH7P+Ejyk20TwnCMnxQ6nidKV+kFpuGDbr6vCnlomh0L22E+hUCgeAe3HxeHHIn87HjSuSEaOOI+pP3nNNKezFvyBU68KfHbkOAANw58n4HNsf+gZ18gxAjIFrdQeSNyIUv42KO0JvRsmJlHiUiLwBAZSwmjWb9BlZsII6EIDn0XOCxhEGEAxD1gwAjL6uWASpOyAgCN597R13jvkTIdpLnxBujw3LC8xFz6gqiB4tnCxWXfzoiF/obAXTE3mxVvMrKQIHQGiFZWXpJ31BqZAivUfqBp+SeNo0+PFEK9vVihWA0FxKG6vE6r4FlroUiG65IVXey17oXBHgIRXAPHjHa0GHioBhaIA6o6owkCrwTPWo34px7h0LBZ4VC0Yi+bERoiu9I9JwiU7HMF1P27ticSRKnAXqvrTW8YyoEMfhUIxhyM6Ce2IfsDlhaelW0fQxvvmzR/HLm8XTB5spvsVOevIPafEM0F85v5zq++WERCCi3sp4fwr7MBcqgp5zEy437yOIiItYAoEf38gIyUMJkQTqmbCWhdlURNapEhMZewTgdEMymd5Tr2UUq67JO/xjSTpVLADZoJlRVAo/yU5rgtiRLSTpebV/mrjT1+Nlsmcv1VzxDSjPp9OQzLUU6/eZ+ouUlZgTHmxwgfJq8mdjhc3Xh1StRivgFOmoUlfLhJa9cVicdHfeYUIf/bwLFD2VxLiAFcY3NkfkAw7vAfBkP6pdzNb+m7NX3breSB05KtQVHFkX3ehZth/HAxFwU4AABAASURBVLqu0+UghQF+3xDWvrdvjcPv446H7QU3ilNzf7roD5w3ZjGdXeXwqy7gYpn4AedXveMT0H/9zRjgWK3AC+oFjj79LqH3+oLI/t4pFNKgzV1xMLTKbYqtxGmUApnKk7FgoRCFgb7Nc6iFQYNjbSuZAoExBRplLG/C90yBFRO5GX/gAqbAYZ+wQeyY56AvxnTxsK7WhoVpjxYRQBCCs3uzhgr1HAbvPqdMfOZBRokY8w5NEX5xpbJ1ZmLsnzVeWGRPxrmEEDLePshepqmh40yp+VrF3OpBL5J5kH2enCJmJyuCQB2IbsfYOzvuRsyZAitBeikl6bmLVmCf3Ner6av/p1XijO2BoFAorgwBF0SNd0NSdePIjRekgh9gkIMX4vv9bnt09PxWX4XMgo8g6QIwHwPSkalOdhQKxVWA1+mROur+/j54qTSdBrY+KhOmHiBWjrTvEtdpYp6KW0dLgOcL4Qelzt/jFl4Ffs7+nXtQBDw7+UfHT133+XzgDFyhpqD2+QqFQhR0SUxxMLTKjYLOHYO8I3cIBaozp4zlnAyVHjODshYVfsBuuAb/yN7FhHyv+OHpBBN9sBAdQlDXi7qCNUW3BHObf5QyBbIM+Yt2yUUMnkWvYInzZpIAL4joZvkZnBobux7XmAWlIFKkTPTZLR5U9PJGBtU8d8zR3xociy9JsTN5XmL2ktQCTKQpe29BZ+CDjqnnpeACysxYKd0ihq1SY9dA+5G/vUkqbhPnBZknPCY/VMoyJXcBNtgMWoFde7ukb4kd8n6/WaXkCiAYlN6SLgC42PEa2CFpDRoteAKJynEksdInENnV9xW+aV5d1/Ub3yAVtWmAJFwr60f3QWzmDnccom6Ep9X/pQWJ4W/fE7rJrz/RdlxtWBfRnsnqp76vV9MLoaPhv69rxUCsosxq18bw9V9QzV99hUBzIrQ7dpDw1Xj05zpH4+7DBKHpm8Y6ZRxa6vEuEK8deegoYVVkGxcKzj+XOW8CT+twYexaOKfmPIv86Cq4Wd5DQLdqRHiVU8OHio+MXqBZI2xOqXI3qCNfplL2YEKhUDwHB32MFN/iqsLTQp0CfTHu3laib694BoFCgOtOjZjOI1Naw0I3LdDYEdRyyce5yZSTn88MylwAFXI84PYcVueNKYdxk3EI+rAzpbFCLI5Fj71j1c+YGd4GnjefrYQFMDVjpglSRkAospv9iGbUOYQ8v1WlPUYwGGgdWaLJq10WL1fiHjVTjD0hrygZ0zZZFkU6mcyR/fUEgDajTLbMN5rfjtOSLc4yJc4amWPZZHRj4IlAUCieC0r+PB2V1nxQzq/Uj/Qbn//+/ft8PgNrmjzYESHIRBj4ioR4SmTBCoH+3zVwXhvUacolJYCrH5RecMnbr1fz/vev3/YbWFM7eBGfVefe02/FfDxY8YDj/r7wVseinGfPselHQf546fd14u/vj9pLNypt8Q1CX9Y4N/JpmtdwTLL9EK1UCqSFbvPvTv2qPP7FQ6HTFxZ2G3OBCnXYRY+V7GAWEI7pCY4t0VY9XwXjl7sIwaXnCWsT93VRortIhmrVWwiuP2McS+EGBYZum+ACZR9yeVxa7FVKsBWykHRosg5WfEetWZ6kE3mPfvbLVMr9iCgUiqdANQIvDhXeHUFXmGy9GXtEoiDA3QvTeRxxj+9iymsHqZ8wPorXBgNjyDOKVkYnyym3JUyBOM8USIzHzYdEebqhsPsUQaoTRxUlOaqbkMvC2Wo0g4kyXJRYPaPo1q/TN2L4PAMsvwAV0ypNeqZA97rXgmMBFS+PlOO0af2O30Qxns68LPK3ao5FzJATTYaMEtitYkLivIdcoCNFx+KqZkmhUCgU++D3wRP7Ou6Ki62po2UKPCTrV4QdCoAs9CX+soUuUjHOj9ZI4OkNNLRYdpzaCW30pgumKRUFCfii6a8QFo45LApjVk/sC7W58sn7/cbmNTxq25ZRxF8XCxNY+Z7XP/HkH3UdUbLwU/FOfIEhnJmjMm7iT+qqhNVXR4Dwm5rkAjQNtM1QBUxF+P6jSJc/WbFcXs/rGcP6Xtt287l7DcdFurbrtmAKpOXOX9WgrOly12knGg/OoR8lNH3FhuVVe3Fi7oL656gxV2tk7vO5pHmR136vcauHNpW0xYWDT1Bl+DYH6d25O+qeKfbA7xUXfalfqQ3cvz3eBY/o/G4HFblCoVAoFOuhH8/b4ZsiC+9su3C3H1OgDW6GKdD5xNzuo4+cflgyBSasgSUoUbTzQVmmQJ4+gBmmwGg6Xj3jx3MEmv+d3ZvV5JR0c/NMgbXsBgEBm7FCqguX5jd76NbceY5wyAPPV5Rb7WWqlOOs6Zf6x8qrWnL16odufwtrbakWM3imQC5J8LscnikwsjnGhOSBVfkCjci1I740cNwRt+5VFQrFYpzX+L7otJ/VU+hHSwj6Acv7PRwB+vx9ZJa63KqO+H4NHEifv7+TLk++QKdJs7vkj8fYjGkUuMxpdGiNNT9u8oUVnT/MvYx5SB5jEW/9x4DX6234wBD/kP7+nnGV+EjFHtEdGXQBu85fmTs/b12g8wI3RONm7fT3aSVP3p8987X9XV/Vu89n1vO7a5v+K9l2wu+DHm4N7PRe7KJlmHHU6/3K3Smz1pUjq0p7hT525pJ7oLByXfjHLBb3vUyLkClvLxsKRKKw21eF5T1dZVHZLzl/E/S9JRfWSG+ajd/KBt2/y+U/y9Y+ifNZ3yv3ZdlcSe8SL1rpD+uPzxwbFptw18OX5XDtzymeWuqKMWA5mFMoFIoM2keIwH7FvB1TINt0IU/AFi5m8Zx9bkWDIFLZuaUPZPag9OXdQorSBY7aMkvFQ578cQJBjEmxSZg0/f+Uiy2mJ97p61gBoUYvCFyXL1IiJg+4mpxDMbhMEsLyC0zEKeUgMEGzsLjcoqd6msfNdSA+ByHODljKN01nEoQrnCrPYpE2yxFozbwARzM2mrZ74pZTAJ23KBSKo/GIfid+raSuMchVAiA+qpMEiiN1oRCefVi0Abjw8djK+YQWHaZGHt7I+xNJ6jpq1zBamYn3z2SJFRn6MFN1vHS6nis34GRhFGqG49LGeW8c9CZs2vbTDvxwIB3Se0StAQKwpq/DSqeyPy5YDS+qDnEgKiuZRJ/hyvWpby5NPaD5V2hJyLTAD6TL+XOeJ7CpTlAf0mugW2xgOjG1rjlZ9aXaizQW5oRgJiIKwN/0OO7cmIxu1OzF6/fFWMYo9SS2P5S70u6VqkEkbJt3V7SdmxLxQ5EjodJWKAThqq1de6GvcG2xaaFW8M2S/K6CfCe3qRos1/dK3Jm23BjBIPlLgs14O1XaAm7nYVcRH5G/BtezAHKzUAhLlcOAcfB5okTHnGeTYOw+OQCwiBEwph1HGQG56dIFNXZAlqja215NzTMCWpW48kpi4EyHgSPQl2Lqt8IOiCG7M+k3pcufTqOIJE1tUi6VN4rwrIRd5WImk631x6JBI45ik49GiB09t6JjB9TjGydgSdVSKBSH4yZN0yfTLXjJ61Akf7HiGFMhC/Hoh1AkO9Pbt4FvQvzina8K0SqF0vKE4JS1TLXvUjihXZxFRl/jj4qYkD+pJLhtu5VcTkn5b40qJdGo53WPN0t0/8VvmqYdRKezNoXO3XU6nQNlD48PxO81b8+CQuAr0TaytutakIJE+W4rIDbNq0ceT/2bT1Urc+Eam2yp2J+pB9fDYxmdX0GPawEskcy3i8XWhjE9w1ng1IOl7aCqCDnhtgnYKFRStxi2GXw/cPH85/sXsAV8xvG47McmDJfBNYv+AEldZWh4fAEguHvqdCioUCgUR0J73a+gYhMB2nlk9g7rHTzKWbPik8+X/XICQsLCxxjvMo6+SCpIaUDjTIFxi4cSFkBuJonJ7VB6QfCMen7JIDgHk9HljYFYej21IKW30qZ2cmaV3w7DEodT+EsGySxjnquRoFJkTnPQBRe1I32QfM2lXuqJCOrpz0QFWVonRVWkFnJt1fKNsSBDHQsaj8mt0bEAOVNgEVetGCFjCpxKiGIBdEtCoVAcB+1xyI2exH67iEBg5tnYTiBmx41Phh2fw0rg5DOsecHiR2FUtO0yP5WgGNq2+3Rf3fuabAcv9TxqTbNK5QTK/JmOCyc3i6eRTI6XQKcqDioIB2Eb/eMQLggdEp+KE8WvzV8xBnPooDM1ZLv+0bEt5qqVM6HTEmda9Or4mKl80AH9ff6gtgy9iUj6MAYFySbTNxxJVZLyfOxHFRuUua2fi5oeSGJQXZTVW5RzkStqrNWxfWEdXfznV7e78GPuJalL5f7w6rA491+mTOdeFwVp2SgUU9DGcUFcu1C0yuS4rkTepebWmF7XjE+ME1CManXuvAVGT+69jN5veBztBlOMLiw5I5p0XAuMKYdNMQVGE5kCmecFNP9n9pmkQcEUGOTG7EEuFaZAb6J/D5NNNQp6jEXe8+RgMySkiblzJsR82bxVmAJ9XnzaeRqmmQKxyC/MlyjUWCaDCp5LyniTYul0VgoizFPFmQJjHot1JPSrIpAyBQIq1cAvWFIxFArFvhjtUC/fQH9IIDFTHvSzJVECkvUCj1GCxdnnOP3i9z3atJLYKo24HFj9hXUvbqSd/gGAGjHeiAvWwvUO3dfluFkFIMg3X6d8zgT0zXtrEW6AE9/vE+m0w3eGcbquEC+HuP6xEDqEvD9GV9LwFuX7S6NdmL17CGIPWB5itIvGsA1o+AB33U0k2g+oW7Ml0VRr2vLaN5ZfNAv65jJlHNFfjCv5fIul9E7JAD983f2oj0KEUK5Z41SCMdt0+AG48CZiKsbXC97ZY3LbB9pXVsvWgHPKkxdDJudvUt63UzTnr/CUjY4NcrBtCi6LfT5SF/v0HZOcvrnjWhr5L1Mmd2ihUCjOxzfdj3ZZF4RqBN4LdOWx5dtz5UUSPXJT9+ge+PQIwlEzCnbvJ/xx9kE1zfKweVfPTkMUfHhSPwg/QgUKL/rfkNQuxogX0srs4bend0NnZ1ZPEueo4ph7pjFAkLqRZ8Wzpcsu7UXHCghQMaGuxcc8Jb6KUWNtEEkASa5tOSV3J/MbhXm+kjxSyBchZzckliOAkfSl0lqOpGkkDHyj6SyrQchcVTsUggJfGXEofkoOUFYymWhKfpvbh0N3lxSK22F8ofPaDXqL1LGPlyiQ1IwPuPR4fFe4IbvIGg8AW2sFju0TYk1ZjuvMMTti/d2KRl0eToo+a5+/TzvWmYdZFqwAVWx8EkJ1z94BIbAT1qP9rhl+3X6tbAS2/b5SvV+vvq61bSv8QqQw25YL3wB0Aqv4Cbqn+QhgzSX82wq3qylauy10WW8DjFQmMhdSWx3JsYH7hPOagcwuOnNr8TJXR489jdMKbuNr/VTMOPhUxFIq8Ifj7y4Edd3n84HaTkzFM1wZ3/RnbTeQheK3rz8Bt+n+Ni4ghO10gbfDAbWQ1fk1eFz7QEMuAwrFydBKuA+uKlct70dlHpbrAAAQAElEQVRBizPHlzsYdNRo1DMFGpY6f6HsAK9ZNbgjI9tzxHJG6cyR5oH1Y2jmLF1cIKFzjIB27wvDpbzGE/kxZzyIBe6e1zFzQvGrNNNUuzyZhAMwB/Qm5WYMrwLvxbMAcjMEn5gE44yALD21t50sTSgEiUyqeWdcgFBS5OVyShywYARkNHlQ8ALi2lvJ0nRm5QVpedVSW5RDTKGTZ5CwN5Py4hGH4nfTH6dciFCYLG0h0drbMdxm7qxQSEStgZL/ho55OBjHJ0FsFy5yuaexRAVylUKuohCIY2444QcXhTPShwyXdPVAbGETTHVV1ckbsdG33bwyI07PW+YU6NAfNiI3HuVD9Cz2NI5lNIEbgFb4oF+D2hhiu/uh3+urf7/hIX3WQivp0EDnNgrFCO7eNHQJZxT4dOngYg/ZaqRMPL4+jMLpx/w4bRypbh1RUPFbiYOLY4O+nqq3F5cOyVQmpw0slt7ziU9N//FLWZHRCxwGz9jMlr8VUDPwPuJIYFMReRvNvVlPyIIc4gq/Li12ibA5hykwQybUA9Izswd4Nawu38nAMJpXwt6lYQlrGrsruKrSP+kLeYkGr1AoLgXtExRroPUlx/czkcPwtpFlTIEAk0yB/nmdKRAWMQX6FylGFGgDR02om1A1g5c4tHf3vcbBMznNCCho/ZymxMRMMKMWdCbfdKBcXY+cGTUWMVVwjDprnpuPhRUzxmQymneuRVjObfgbmQOVSoZQzUU08+Cnh8fTaabK20Vqk0dpOt39ydkN0lnxBm5B4PUyE0PKKMnSNpG3uyJmSbfAFIpn4Yw2ff1+hIR2duT/ScPLoP18WnMnjjD4rZYzCj62s4QKL3nOXbgvf6qjdCrs7A8mYYOhqHi1bQft72qBQbtvBCm9RX2pnqDqXPRIa3qo2jIugmXQ8BMakAuBPV4NlxTDkfVSLGOkhdjPv0KRAYufeHjPcM2WuLUQ9hDq7pLDci0SJXadtvAkfzIOUJKYbSFUvnBUkaDrF3+Mr+va7u/rqXe+8H5ofVyW+aZp3u+X0QvMdlco2OLfEd1HrhNZs8YdGRa+rT4LRbROvQ7d7PxiXV99Xr19DDfs8TdK8vU0Ai2OKJHv8r46ZRetXCJHOQqFQnE7aFd9F3xZUgcXcJ0pkGCSKdA/rzMF0iKmQK7I5cKLSmwVk2t4hcTAYqbAaGJUFLOJdkkfYwrEkRKpEcpBZNobgInphAaRKTDuaXozvoF8eTLJWCoTqHlhoXrWQF+0PunxQuBccFhJezUX0Ux8Q2EfQ5nm1AwqeJjUlgRFOl3OKYgz8eGKNNZNxhSYbtpOMAU+ohcuC0u/LQqJuGW9X9K/nodrpy5Abo8nMufohlWXzj1OPMExbzj6uv/doL25yR6EpuqiJ3eigSKBuo12wihq0oXTFzw7fFCF1pebKoA7d4LJixS9jgglu/qGXkM4fYaO75uqEsSlvlevMY8Ge5M+eXP0g/dXg/7ImeQuXy5FqkKhGIHUD0MBPEUWD1lPOgEbFlb1OIUbZuYF9EW0dy7g610ieTjCQvLVynGsZDZOp6sCP2tG+unczWC3B5bkvp9imNtHx/y53S6qP4C6HuG43KbvhN5O0K6aNYYxsa4vRZUfNOmPil+zIdFY6vatU3e8SXUDoVy52z+gLz6qu9fxn0KhuD5276Yu1Q86rZdL980XTtwDvmkbz/pWB0NJQo7D2w7NI1Mgp/2L9H/WHin+/CPym4xEjDBwCVMgoxW0AkhoA4NJiT1MJPzFuY7vrWa65FXp/OKrPlcuESOmA7ELbx0rIAT+OYx2SPX3nJ0pSSb35iZv+KgKNa0kUUwm0YO7X5kc/SDLaZGTws1L1jMdZmlKTV9Von0NiNfxrNTcc8ilP1oWsQbk10ljJs1YMkwoWb3MCm8sbXfB2q7kypNAheLROK/xLenUntk1pB9QObjjx2w7+LHkFYGpkTum2n/o//C3xhz79fzX+9Xn+h/44z/mGRbRW/TDn7///rrt5ESlA1Wf1qZC2dBvPV5tn/92YAq8AE7pTW+3rbEV+q2s979/A0fJ5yO1zwsoNiQlDvql14K5/AusE8LnvlhYzoWwFnqM1NcJVVaLGF36x00q43JhXq7mm70x8ZcJIp5fNLOViJZ4XZ0LG9YVBHAmlmW/n2R91lDRX0OiWW2hup+BO6H59+/dm5n/Yh2NsR4CpGyHlFgR0ufALtpKeRTN/1jG61M3n4MvYXhRbskE8XuaLz0G2K9I8OI5VygUCoVCsSs2GwfcafRomAKRMQWiI1mzCleMKdCwpUV6OMRAexeYAJ0CXAyAbUo6XbUQltdhq9ECgo9kigWwbppMOYY8oDCj5WZMozv/hZNTXhYxFoyAPmBuJ8gYAUOa/A9M0lNJook3YwR0ufTqkIVMHCPgMGMj5HLP/FbyxfQAs7wUOYKYI2B+ppFFNVaOY29Uw0SeWiZVX32tH+Y/43QEJiHvc5Qd0JVIuOL5BCyRs0KhWI/TP9gnNe4hWiIU17UY7qhhZbMbjnQLvEn23hpCOOaMYx6cQ9M0fcG/ugZassMaADbcyf64H5iHkqIfJbdttymjXlhNj44hBTHN4RyDG5HlA7PwijX6gaE9w9O2LeXP6ynp7lxJMmSbE0vwmG6RwJ0VAsGYJtUQASOCZHtLZI2QXAUWQCeaCoV0COwFcIF9Fo/8uAj/JKD/JxBGy63D7klzwS+wF1VkWakuIOZKNt3+CHV/fy1irvVIyZ9xt7FHVPwa8XuAcF6vV+N2M3EgRkT416+ENE25YkbTSea/qO446j8P/2v8VGOv3+OFFO5WMdYLEHdMzd4YevtPCzdfH1YoFDNY3b61Q1Asg9aUHLR2MHWuCEeZAt02WsEUaHxZL84e3O3tTMRY/ZANiang/2MOqQmFPTdH2AHj5AF9akrtOQBO8RfoB/nWa4JxssHUh7e7uDHjAKzfihwOTFFliJswAnJ7TSYmOKZryZNJSbDA04oQr5WibEjL0lTLUep7ejC8pBzH3xgLElnWo+grBW4FSFZJEinWEyed+DvKrVavJpKzJ/abnsXaoVAotsHll1Nw8ufTgYDv12v48ncfaasfX293wYx2XIG9F5ZGSe6SB/wHDlqB2K/wNjxpgVYvBJPS7CUPisiGC4O6vw1HBjThTGN+aDa44bDEZyiStmv3r/JX7FCED3NI/DjvBhI4pt0I+9xbJB34JXCFxIisChE69b0mzqqWVf2fp1SS5UKtiqHEo1tPykN1WFbX1vwDxvLu2JTovvIWJ2oWNVgcezCGfsII5kCdaMLIo5gSr9HQkq0ot0BCwynBjj5wffA6vlKaA6/8+x1DQmje74aMVmwSVNiKi7tkFLaRoh2Zj2RnLUXcRotbmEi5529qRlKUM/6SE7BGJbLF+cOEmyTzgnDMOLAaq9vwVb6ulugUzUopSAV6UyeHimdCa7ZCcRDu19gypkAITIFOv6xgCrQEgmbM6uyeNtARmWCysep+2BeCTlnQXouKXKVS11dMgdGPSx44RbBIFWfTaOn+/D9APxovRsAZwxw3PdKNdpd2SHn1UjY7btrnxSBsRIvQMgU6L0wm4JkCmcny6y/bjaMdgve/vvSx6yc8bUdMWHP54iWb+ZnHXDkGbUakmOYqYvwlC2OZwpLlEdjiJ+ZB5kyBuLWSwxJZKfbGrOapQvE0aNfjceuGj9NPMPMQP3GNwfBhbUs9N64Qx1/F1Fvuo0xM13Wfdhf9MzfgST/HlNlDftiDzix4tW1+jWxFkjjrEOO6C4sCO1HyKCztz4hWeH4WyM6BxILuUPH1u7wn7G5f2w1QDWFQ3KRXUCgUB2PYHf/7c5fhrMEv3/Br9kXldFAcwu05j/1azORtL6K8myDZIzgkugynij2s/ogo/2GC8PcXfqLRjyKqLvKUSoJQ9zOjWkbBYL8PBQ4Uie+miVXvPeBf/wX8fJL6WF9DmiTNGOFJJKgGQ2MKk1OrV1h94zf81N5Xt5UrNS7Zd0ooFIqDoeswK3FJgWkp5lgtkSuIMGMKhMAU6Bn9cqbAMG5jXiB6Y/ZBhy0huItjX0ZH6K7D9XbrL6hgBa489B5TLrfcJTWNEqIJAZn2j1cSs7/tASAK6oz2lUQpjRMLJmZQYks19xJPFtYTV4eLwJi0DEQVM713mcI1zYzuLzP9eDpx619ssP8Pug8QE1aWyjTF39ZY4kPsjN/RPS9MnmYoyqXQlnSRIFUirgnIWZE8X2RZRjVJboPLDbq3zd6tIDjrilncZHr8bTJNr3qDFvBN/go1toAGnS6+MZrFOz8rUsGHVEcAJ34BlKx6ZqzjlelLhb+ShS9h3KtFh/nvOB7aHsvXWLnPfr23z1k33PY7d2f0M78Ks1XygauB6KvzTyPYu8ORmQvNvpvjfYdHtAm9PXlQhH+9if66uhAe2PVNQuc9KgPFEhzTM1yoLtrxOy7ztw0u1hLJrS4TXv27sDB5P8lXlQQeIoKJTEwdGSJwrFmCcWoFOE9jyC/t4Ilp+A2h3Jal3hwZYm8P1CLNcBtEd/fqP77PCOAuSx6OCgeHfnOwsabbi/OhpPePBVeo9C/uHjTnHoPwH1YCyAK3vCeVhHPF7P1XVqf5Ed2a0lIOxdHfqXNeQFtmktY9cCtmd9ga2A137fB+x8XGOkcXBLLNoWdi8lMA7muAJTPEfvg19E1T53KPC1hyH4pBNQiGb/86CTyoy7TDIUMgNpalmT1XN252tmx71C4tYHRC9MMfO9pGDI6uFAbL8M9VTGM3FgrF5f0Mo1b7ljEHP64yo2/aaI7JBw+OHc9G+g75ieM6ynaAuaRiqef2Qo0sC4FXGB8JMSY2rt9lg+SkgYaekIcVzaAMVjPzmEcTlzPJcbMarUsYuYkDJPx/iVcuo/wBUsKSSIGh0Ws85lKlghEQcoI/SN4YoVv0px+dSdV8sZH+kr6B0ikYSzOPHLlZT3Ola0lSy6Qd5I+8OqQR5wIK1z1ngSbsgEmiR7u6JWJRKBSKvXD/PggX+cERr1gfj2VW9uc16Ae8aDgS0dlzD6USXAgBR4JNUlXg02PnJRVa9sO6JAt4hidvYEzi5w1mSmGmiLCSPJK9qHQxRMUovMLU7bBOqx/Tvf/1Db37tHOaoM8Gib1AOOn81gnhSeN77YxjI7hEH3ga9CpxheJauFaPdPR376L9sVv7PSZp38lce/K9gf7fk7GgluNCfw+E32g5MQXpzyPLgC2H3bn0f0r7w6u9uTe2XyBhe2RGOfLv7+/TtvN5p/hntZh+eXcivJ8x0dqHNaWUWHEiNenec83LeIrHV1AX6htO6VCOPfI6B9TMpCEL7hvB6+hlFXDnfgjZhjnudqR/PTb98uLscwyAOwAnfs35rsIqg1PTEZxzjfiXcseZ3wsx7A6+mq5rXtfQi65lY3myvhHCcH76/Wq75kRmk3NhKKIba44IYbbZYWELU6ihfyWmFOjnF0ER0Oo0IeQOzgAAEABJREFUNcZbY7p9p+1n9fmM+fL6go3huXnh4P5yuoP9T2MaDc8+nJdRDexN+1ZD4Dx4d+tnCOfdh9aZnPdbxP0f6vowehkMDtD1kUFnTso4sr+u31CH4cJZeln7sNE4/ITXoGnV7zIP4byGr0n/Onh9P3x1fuOd0HgnE2afrc7xCg6KafZwZuf0sKgZonLlYdzZBcSD2eXqbjkZ31yF7tu+4Q94vUzKIAvOmAT163oTk7waHZSsgUHnMXsPxusZN0vUFf5SfdaZcGwN7HPfF/arG9QjGs+dY++JTs2MjQ8KPsEFyIVV0ggtyTuTArvVmt1EXdMDrATpyKGGwsdXXxdfuVKFF6h7F6dzdkcMrf819ALdy/QvIsfnQwUw1wNMFOJT5RIrwDC5fQnYKKwU8sscCBiy3ixqxwc19g2jof47PK6eRbfpv0IGcMmjbCUmfh/dSoj9Q8S5j20Q/rtBZUiVOUe91ay+dWpjTMZuBlxdF/K+8C24P2isvJ6DqcZM0Ty5zR8ZvT3y1XlucmmwB8HIcbE/CyuqESv5m47XfwLd6EM/gl9TT3kIEuuBQqG4KrbtkX752ocls/tsCeyTUiyJi26JJcKtzmQX8CGJgAAhjG44RA0Bu9huXUEWrlUBjuua7R5l8tvihhXgq7RjcufX3THaeLP1wA6bzpwbNtSJEveGZhbT1hx5nvFJtcVm/nj6N3cfXedfGkh8nq+Mz3h/IvCpGZtAXCWW2egN7pX1dG1vbqVvQd7sBtiJdWB1tPXP2tep9wwKv20abDNk/HUz0StQrXzLZr1U0JmK5oeE4sX6Wns/LCHRqi/9KNIKSvzHWAqCF8fdwr7F5AeldjeP0CYXXbkhUKjByC+BBXcvr30L7H/ehdAplb0NSTRZnT3shiWAzmyLG51Bwg6awRhcOmypwa4fLfZG14L5MzDOQNeQ0SmmdthqfnXU9kE3bdP1sXRDeF3/YFAGhFcv5M6E14823Z46WWVA6PxGPXqBuELxu+9FtQnfr6jAlyirzSoFNu/3e1CcbF6YvZqYSYzzntaBaqpynilwPFYcSwHGLSDKFAe52f/3/vdv0AiHvybRCF6ZL0oV/gplSpyUGns1445cmITJT+BEOZqfg1bo+4UffDUtjJXrQ3eS+wb++jc0/97eNZ1MVqdBJ/j9HhTjuhkaoedJZ6gAJu99Yxg6aJCIVzN8AJv+U9XN80jh7JMFQy/86XHpfeaFvl0Ppz3H6+8Vyn3FwkO6Pofp2wszORx6+AzV/jNU+30UJq7dncps7AOenPPNK/EFYtoIJLXON69+kPtuP5+WDidKvE4tkdvfBdxaBLfrbxQKxd2ACyZUt8Fvy5K3k8LXCb752GD1bs9USCMP3d1GgkdRkgcg6LOPfLkdf90GvBUu+FmYOBx7RGTAt6fuhsVpx9T7U7CsM0fPHAZ3wqja4zfB1DHslvU74AsXVFYnhRY8XxTod0JwF0kPeZR9t8b1sPeuAr86iK6yh7F1Kmab13B/FG6kDHQQaOLXpNcqLFeiUQrvlr7zA64m5dZw5bTUtl1L9KVa4K3HDPQaqOf67PcbByvegp9wNYl1r25oBW23kimQSqfZ64PJXx8MyfXBhq4o0AGa236NN0sZ+LLXB9ufhu2PjLeBCBAaMlSCfcAvw6U3PB38dDZAMsyCxsWoa6FLxaB29rZKeeZAyGCCvVRuMIdBT2ecaGgb5sjIYLSDD8M0M6gGUmdpZ4z//s3W+ho24YanOLiTtZvw/YkUGjQHrUIjgaUp7QZb4P8zSR1CZwpnRt5hlDp7+qFWlsQvs319WuhL/dMa5YAFimtjLIBQVYwrzG+RRJzFtTQIr6gXtQIHeszhOFDf8o1yZ66XmF06uDIvU4IbB5bBOK3YMpiQE94KQ3WZms5YL519jANvevvZpqTuA9PfvYyubl8DWic5ecC+8RsRTPh5pGAMSeTw/ehae5XoFXJ5+MCA6NWPAoc6sCj7CPulcfXC4xLvNEsRtXiJ4YL4Lt0E4SSFn/hJ6vrcUADkwQ484eLYuH8Z5hANOiZu5igGtsxFDm78+g4cj8vUMNvPP/Vsz3Iclf8bdC2Sq4JvDqBQKDI8a1z0S264HtCjMZ3FxwkAFz8k54TpkUeJXw5J06URoL2nibtAeovSY4EYzStjp77K9QCjod+5i5xNO9o9N8EdgJQNsQomsr6GJxBWQudmp0PuUOdiOKEIXJSSFwyTm2VkaQQOsDslZs34623xHfJ1nKicihbQooXCjdJ1tZrgqXJXKQevycT8zjOx3Xmr+zYMRX16grZS0LIis7Nrw6V4QRRRYAo0QUS7b+rgtKhMvX+3VsNvUIsz/H+d1QO0anJWWWT4MbAAdsZ9UP/rgxl8tsanUSo0/v2ddFZZsH+K9mph88BcG9z5DflBGTukeEhOa9th55kBbfo6rwpodLgyLkB/0XAqZP6DxvX7BrPrXn34n8+gFDZeOLSFuliiU0fsXt7AjLjEbPIUVH0tSnKfgA9+Gmz+Pi21HyIurBUgtmKyMBfj6f865kqQBR9pjCXY3h9XeT9dVyqA/lDcN8BQAz9/QwX4+5gmDQLRmI7I6ISJOxSFpgtA0wNY1e0L4OjFl8bceW8vSlj6zvMWiES2faG5NpCb9UNzfo2eAvH9emODn78/28tJW+F++lBuIcZF8PgKIb70yRyxm/MleOtLFLQzVCjq0D4ww48CuUNfg6POieKThZjOk+WbUwXO1ofHCQjtyZqr3XB1HHxDwMqDwja2IXNruINVl68BO/RV5qwyTpOF8i2gu2Em7U8dD/B8PbBX+7GlblnqN1QwE/ulU1wJWgcVCsVd8JD+6h22zFiGOHlOafeeCj+l6T1SEU5g73DamPGGY7N94RIVTCzMxOcIQvzgeQBLE1xQBBPX9RIzo9JYyauH/gJniLc+N1G6xATH5ERZYkvTBG30B4vrgCtvVB3yPEUFUujcxc1lHqGisleOFwnq0SbZ9TIbeXu6FL08jQBCkYykM5YvjaU0eCFmJumUgVDppWRYkYJuOWVVbAWSuwlGAit9g/h6NQNjs8TcZ+OwhwAXevCDIYntnR+4kgZzGmyKKE9AhSDpPIFoh/qyhZAcf1YIB4Hgj4JCMQGrAjN7rYcIFCuWkjbMMflTHypKEIbURRKGkilwwTuPqh23vUo14LvEowtHqKYQ8ruoxKBfI/z77+/W06UfdzbOuWBBoVAoroJ9+3+dXi7GJUWl5RexWhaXFd47jPXZkD+cioJhHxlaPy9ADBMEZ7cab43lwcu044Kmlr0W0etxuaCD0py52Bi9y/CfmX6Rs1tXiO7e9CGNDdi5voO7S7YwIZpI/NSby07NjPkfMdFnEf19kBjTU9UorCbZex9E7OTDTZuJcLUuJjx/FV05n2ufHl+U7hSY1TfM81iYUNjHkCYBC9Mr8PlkjbcQlmZWMXkdTUxWvkgjx6H8C2kViCnUxVCFYgss6SqugfukdCsQSF3nk3qfaIP4fv8baJ0/H6lagV8vjF8R65Iltak/Tfnj68oo7xs3gH5p+LfAfLnSzM6+AJAzdWqnYNDqoFAU2GxH/Ltwrt0q1+bpzn1MWL5fnItp6dxPFmxjwJzMB4n4tvz9D0r+3A8YNr8Elj8u7vJGNlxugdG0P37GVFGf68zFcI4gVWqntyVWd6AqcoVCsSmu1KloB7cYKqqL41EF9A774/Gm4TgE9Hsp8XlkVyO/2ZLcAgzM7m8+JubHBulcyP3wfsJJfuvkw4sr+dz0vry+GzD1OGc61j4MrHGFyRLPNRn9Y7cGgFVWwkzzjmNkVJdkIuaOeQhcgPaOYZeZav75Hkf6HMiqC4LLd5JrppcIEIuAnC7gb6N/4hOohHUvLblMWTK6FOXINCcTdsBMFTQtiyyymheXQoS09mrvq1BshZsspohu81IzL7K/9+M7uVX+yhnfs7uUPa550pr26g1pmiYKlAAd1dvJICgUfuFGoVAoFFMQSRPFgBv4yA9k31Oggq8PHvDj/bmiZXcVhKb6RVHInDyYm8NBOu7MGfyVhh3uUt9v1AcqS7RC8TBog74lLllsWpciVsvi4sJ7m88/umHQYG+iJloYG3nqNUawh5F2Lj4F5gKpC8V3wSt9rRolZUpdUTssZYbjZk4JZ+3kJ7gJ5RyidSdvTx5zLTaP6gPOkGh1/JySHxHhaCa8ybgAK1R4pSBG7tDFnBEwSytBuCAk5JGSXH1VFEw9czBdbFkZY/5eBp5mJgYkVkbGpRIxZ0O06Yz1skIWCUHO6FZ8mL6kQqFIsaRvuAxWJFbbu0gIVY6TqxJgDhxEvupLYVeNQOEdnDv4cjpOqnda+nD1nn7/mqE6gdevBYdB7hBAoVBcH6uPPsA+wE2CXrioelHg7+MTzPUCx3BVKYi/SxLj32/LKG5EGBDcZRTSzx27rqPiZqf7YtXGG1Fn91tWFn4o6xtKLN3pQxHD5UrpIghlR92ru1/Rgr7SZlQoFAqFQnEEnqYRCIwp0CTVsQCCT3lwh+ge2GaCn/gWeBf/duJSmESJN0pXq/NAUpdoBjK9xDQ2Cu/xCQoG7S+fZ4hUdFaXr7gLOZ0PekbtTCkOmLhC6DESmsiEy4rRIoxRsuATUDWuRCb+Zb4ZRKm+IjgzlgOPanr4mhUOVswYWzGnKosWKml0IgGmV5lKPGF8NMp+VNI5UrRh1eTlNJlnheJpYNrMj6n64je/FYoxCP/MpSPOHXGtTki4WqBwjUDxp1yurQ12RM0wEyXR1SCuPUhHts6iUCgUEbiJItih2G/5Ag9aG7myDgBuUBluqAmo2BPuAP8NCr+j7u/vD5xa40N0pBaq7PV5/bQd48b4Iu+3XltGvNu38AcUJfUUXeh1X1dHRAKP2hZZDL6Nq1AoFAqFosDqscEtBhORKdDM0TBS7jnlqzA0iiR8jlmNMQUiYwpM3nYyYEyB/ILfVaBcs8+bWDWR4tk2HhVGNbVIkxcU11yWcMp04cRpEuYH4GLaEo22evKZCYwp0Jt+7uwjo1S1rx5QwRQYXo8SwJiJoIII6Vhw4bhwJF9YmFn6JwJj6XcppJja0l+13F2KvI1RJqasl1ESAk9EKQQDJ39eCRdO2k3RDD3eIFahdHmCe3qnBQ/PwKKuYajt69YFnwbJI5stu7jbfYmIVAPoQCWoy9aPizKkHgmd3SkU40DxTUTnmffF2rJbVtXx2GYxm4nTGugxjFET+T8t5x1R236ISHAPuU/HGFbk4dKnFckA+0UEaJ5XAWbrdF//0WX/68zfuuH4bScRTb/Mp+BBkeQRsY6FdUKkUOwDbVfLcEk5aeENeKZGIHCmQE8p4YjXwP+Mz8OTwU6RA4/Iu1sHimfRrRgovJWZ9qlPi42cvIJhTIihOfA8cE6p0LLDUbBDxbTMfwSFnh4Fk5wmWEb8R6OqbglG9pl5vgqmQO/q0mLZAYP6YMJjV4ROZQTeyqSRXDxugwsAABAASURBVP88YpKZ6Jn4bGGmWVoFnw5M8uXVDkqzkJgv33BxdcbRWEg/V46sCgug6sU+cClEX19VH1AhC2fP+S4z55TZ8F9N83q9P5+P1J5PZLb9qEyURmCPpsF///ra3rZt913mb7xE5obEUts5hDkJg6gVT2UKPEgEF61Vdn4ldaSjUCgU84iHUBXPF8OCHV9zyvhakphOzV5f+HAEe5cIlmkCnrZD33Xdf3+EkTdB5DiKdY57VoKgI3g5ISMgPnQMzfe6pnzhL+WyLJILAn3Wn1r8OZJW/qSBwMruC3c5EbAuEWfUOQQpNX0eKgmFQnEKLtnzaHc4gNaOjG4ktrcf7RpYexj/BoUqTJ+6nxglQ+xIJabiKvXruL0wGesbYdQDdO7I2ODs/9GemwSREZCZZnskMOQhpCyAIWsRWDczDbuEETBVcatklPHncaa6hAqvKqBJubnhHDBSvFIOzr0xc1w77G0Qwq7pWE2nKRVDqPEC4vjbGYqUsxJxHIFF2jDjhqzEVSORLFJb1FeFMDznI3efaqwN7mwgOvI0gUvcLsdytaSunPFdugZDbd0Pc9oy7yK6IiLJu925QpQkSVy8te+KvtU3ht+i+6arf0gteQ09X0Ndp+eeVDvWQqXgoNdJKxR1SBgk4bwHhJutq2zbo1E/cGiBurN6Shz5laZm37TZY0XuZgW5Hwy3fXBUbJcU9dMrwET+cM7DFpFcEcn+kLgeYLtivxsE71Gg7ooqFM+BLnMoNoFWpAGrpXAvsb2THTNrDy4hKxQ2lzgLIMVHpYVqLqW9YnKiPEpdmAnu6aTOIVVMitqMjMUvY6fzKn3uygQsws5TTgkjYCbH0oz8d5hyBKa6c+Xbk3JLX+ZygCgBlndDoNHns/Pep8f+U4WWcwSWIRW5qATvs83uGx69IdnXBHRMkWVcUTBF9WFMgbE6KhSXgir5KQ6AxK1ysT3+GRm/Su9AxcdeTr/1cJWg6YK0eRf6kSIgocov/STi3/vd5777/FkHkIdXj/f78/fXti1Ihr8SAKQDlRffIi6xKBQRonV/FAEIQSdwZnwJ18GmKe29f9rOqMNda+yUNtFq2rYvFBTcNfiMHyYAVuMuM1oRpSidCH1j0rR7NSNMmr6ULiB89p5GkLkkO66+KxQKhUKh0EWRAc+XwjsZIkWVK8uk5h/F4yKcKdB7Bm9BZgmg8Tl7ps1HkBK7Mbq9xB04tSEmawMx0BmmQOvH6ISlvHTWtANiDHaApp7+oGHH77sNKaCRLAI2xjRZ4SbPYhRHevNtDAgzuQGwsslkEiQQ8x6YApElde1IOORoxPQKfLFWjSHGz4kBE/JEbjJhYc4UWAk4lS1nClQIh37rFDIhWB9a7L64mIznH3eKi7qiQPB0osCZrBGJK3MGSnm0FRKh6k8GqgunyIDaMAz0G6EIuBtBnmIpvuvuyFWJS/WUWfXcO21uYVrkEKKfQ3w+H2eVKgR7l7ic3POtK/C7PLAZ7jfwiimWM2i018noIPlMqPSPRRj9qtQViq2hrWoZLiYnLbYBq6XAFejugndkkQgaAnYXESj5SX5ngSD+cz/tCfxIkOfsg4nuf7ImoH9q3Mn9dXa3Y22V4PzT4ELePaqauTA585957Gdu1p4EyvnyiDqilzEBctXIYA/SKUDcpGhGeQ63DjD6Qad8F7T8IiUiVEwmYh6q48ZrgmwTmVRMcLqA6WSWjFiMuYhJhAeaa0T6OGA2L0DsIt9UPKnJ9B5HEkFZBFUvSYbL1OLqRq5QfIv7fBp0P0DxaCQffEkI44Gfcek+okyc7KsCAxP1HbBdzQonSsSWvR1nw9OwsIog6eKuAcn94jkQW+GQDdLxvaKA8MsxFRyoVDkeS+Qw7eFijWoisY9q/tV8/pDDq5ElHoh+9vgxE0i0bAYHA9kuzKlV1E8nRX4mi82YDUJ0uLQ87c6kuTQMYlJ1sHRnLC29/Y7S2oCXViGtbUdCx70KheJEaG9/QUgplHdy/CWAU9RZtfn8afADlonC8LU5bj9mD7+cW/CJhCykYMeUE46YC8EM85+z+x9x9TsNlDPSIdrTX5gulBMGTUOjuOYSYu3RhClVvMhIx0zwjIBMmNW3RwNFcux+wOQ2JR9WldMyRMRgsqync7WyqEMxBRNyFHlJ4wUm/1AgtggSsyKeGltkomhYo5X0VSsUv9cLTRQEFYo9cdWZhq39vKVeNaV7IGhUS4PoTk9q5s0H8vbV/Zv+iR1ZEQg7egVhaABfr1ef+7brJHd4gnWhyLV8wRrBbidLJzkKA60LDCoJhaIO1L1o2GQx5P5SvENVyApql8QKZ83ytyadl/+zhS/ybiHcvQO4bpvqqPszHJnVrazH9wT43Cq/pPQktnYDRIHrhRw6+FWIBQnu+a4A7XYuiNWFct9SfEcrzwTfQC03U3N3/5tKE1MXCD7NM4LozwXCdMAi+R53yU3i+nsF21yFhS7ql5HjySN2Bsj3hi5yaw0JAeJmJozStFR4VjnP099VdAkrb9cDRecZgzZLqsBHIybUTLJMjtT5YkijhancRemOVP4iL8mjJPPO1XM6Oq3LLJ/OdOJDwpJAMdqwarrwCJKkVZOoUMzhVsMmXOCo40Bh0K5PIGiq3G/QBXyXRD6Okwmisxv88ZULoXk1fc7btgN5iAd+blPv96oiwr90+qH30I0OxMvs8l1ntHH3qc/P1VrnfhboDO0xPcQLY5PucjqMywi4mswhdejP+cNdMFJvR3O4JEDtJc/vDjDdoDk2ZskVYOdh40W/M/2aUUttM4yaGyxXkJ7/dXxytzdaegRdB01DcUd5vxTAVauQSAVoheJpWNe90BfvrA1dMY5LSCjv+qUX2+r831pgTCmQVwSvNec0s2CeKdD4cUyBzB7CYaEF7sBKzFWmQKNUN2ZGpsDAOedNKlziaTe0ds8UmKYi0Vur3m7rmAIr3r058OwjY9TzHIGFWX27EigG6YX0A5fhhJQglaorrUBduGT0lyYHC5OPsJPCLkIq08JLh0IRVdLMBIcJ3SJTLmT0iamcWWolawcoREFndnOQ3Becril0EqySuUhc+Nu3a18lWiPw9OXr8z5DJLWXezX4fr/bHvcgStynikj9wmVQMYDsTwCYeXXfIfSWrm1Pl8Tp8xKdGCkUigsAL/1xjqv79oIcuAuyHn7yLNyyXInXk7BL6Jeorrsq60xEKhd7l/ulu8HRxF278/4d9j4xeCiqpUfD5RKfli6V66fXM4VCsTmu1Gdo/3VLqEbg3i9cDG/HoQIhK+QvWyKIFy85XjnwXgg890jim7gZnqLnpLNb8eE/ZJe6RV7AlPkPGCMgRCY5F5C3g3/BZwshhl1VufP5oI7IUwUmIG5S1UwCctfSuvuGmemyB5QGycy6GyQ0d+jtVapBLgBkJIeT82Z7DsZlvu6N+MpKwg44nheX9DwvPo1eMDVNS6ZiaOHFxnJZRgZQ9TKdZoUixd3mvbqppVCsBA6LXI3/xghREkh6Cj9wuVz3sXuCRKqEmDPuSLvu5emX6JIw7Aav4cz7+RX/pCpCqgwHgtViU4gXw9AfNE0vgQ7axB1E4wG7bVuV4PJwntmMwnFShcLgqNowFs9V2pk7jR4WhJ/W/hcoEKK7PFgsHIfAdebRiGHTCg6B2NJ3isGWQGLfpYRr9izo/1H94fOnFSIyGdBvC+OwU4lXyrasIlAoFAqF4kZ4wBf6HTWx3IwHHQub+z9QviFGch1HuuZX0QI3YGKyNbZA1ee2oym6J1yA5Jj/Igug1ecKQfDgSnsyaUO+hsHMIU8+q2S3TNFr8TEWwJQRMGidNVWFvJQR0MbO7NbPuCIf1gP1rybpZ0R4MM0ICIUdEnc74s1pErMksEQl7IAhcKorKBaxhfQ7fkJgpivrrDBDGbGk8Ccxrgr/Yplm90BH1YpLAkGhOA4y98gHspymwebz+cj4FBTdynnZPrWHiyclRKF5Na/Xu/38Gbq4b3Hfb5PALs4j7JedLYDT273sMb/MD30NKgMLYqMA0dMOmWOCFMI1XTKI5wJTMFglmDPrBF6lf8oSkonkDn0oX+Je4JcmwxCKy1RHDwS2p7R3XJYzTWgdQLcXtvcmyuWqmMWMdthFU/0r7A5hst2n2BwXkyvO1naFQqFQbAztc++NZ5TfO66LRia1wLEHbEuBbyzwR+4nMW/MHhTfyPPYxXeQ0e6Vds8UCO6t+i2+menvKrbqhF5hLNyC7NXY/H4ZWro88pyEUQ5UMAJmiU9NxkgXkxIV/gghFWn2dsUZ68p2jikQUhly2ZYmxJxzRKZASB/N5zFuOI69kaGaIicqmy3HtVhJf+RKLPY3KbEl1IrWTNNcTZriydA1fkUdjaGMIxCrJ0wgskM067pDt3DzzH/Ts5mhz473Jl+2tzWqQXe6+moroDuF8VMQd4VjLJc87CM/I9sPl64f+dxGHkj8zKcBbF4N0NPk8EvDQ50MK37A753+leufzZ3gFoIAqAqSBu7I9HmVYawUDk4RTn0ybqVDsCyx2flzXUk0wOuV9VHpsX0iyMSh34LrqZ4GDouJdN2qD1wOyf2e20dWiMZDG/bVoTI/Hirzs6CSvz0eU4SOKXCwRpq2wMpGfm0o/APvB5iLXTdJ2AEZjyBAwWZHzD1nCowz8ApT4JzpUuLt5I89sJEtxV+WLa9xzIh1TUPLFOheZSJIFdcSpsDCtOJ0fpmSolfnwyS46DERdZQzxGKgUrZVEyr2yBQ4sexUzyNgorSX5KuKeop8jSNfdLX0MwJAzJkCK5GkrIGcKRAU9wfCXXCflMpE3zf8+/ev7brPpwWREK4sc9VPws4dx26ZvniHp6phFTz+I0WqE/a1AB5ROXRRH6SfhsKmH+m9OzfS03mgQqEYhU7cw7qtAthq5MW+HBMltHFKnSbYtGIQ7pqEjbGyNH0VkK4mizitG3oW4naJju52g3S9QLHnaFDyaABVMVBxwdHfw6HSVigUZ0F0//OmsD3umQLdiXpHIEf+AiZPuRG9UvTjNl/Im+ypf4iMt427u+iQ2R0o4Qo0XHi5Ol36tU5LEj0lTlHA3iFjCoSqyTnsIv+foyWMvHQ+wGgvTCe79AkZDjwbUP9/Y0zLioe5Wl7F9KcYvxi2RqZAqsvIlhU33QOYyldw8qyNngYwalrW1Q0rsUe1QyiSWAgi5msktYoq6DbyUY1AxbZAYJ8qcRDbLcrLeL+09WqG72xH39f2W/dqUlf2wgC+gICPFEkeANKdxnZ7gPhsVSxI7PjGwd4BCXTdb8CxPfHlZIA/uC0IEMvHr9cwGurHQtR12C+6wNowYVFqti5X/PLZlO/e1rxeuGj386uaQwvdtgCt8FH6fTWvpsfrRYsCqDvNPZ923kYwut6l2BpPU4r5QonMHcqXfMhCFzalSkB2yXPOCsl4oHbUeJakXqKLKFkPFA/Wf1YodsJlOi+dkCrug9W19WHV+230tBwcjtBhAAAQAElEQVShmnHxIyHvVHEPD6O9wrI3xi8X/CR6XZDagQXqogmeUpMx/3mCOKfP5g73OF0+zvznlNWwiLli4igLYJ4cCxwJqaYNx9jvbGLcsgMzbfAE44yAUNjHQPkrSKMSqJRbERJNjKiTXFgGR1eMPC8u6kJsCd0fizUUcO6FpzzIk4Jmo+K6WFJzr4H7pFShmIb0PvGc/J/Wg/QRv9/v/lPYfT7fZf3WnR/J1fx1as8DBH6/Hndn6CpM5l1IbZA++icVgcehveCKaCb3IHZRZLxShcBFTu4BLvMGU96wwff7X2/C59P1v6nzx0dxOpHTwY69Vfv1bR3Erx+O+0Vomlcv2ddMXfumztBPj+dfmPs9EwKlbtg0/b/+f3OtB42+liNZBKusiPEVrJlAK29/0f5xqxa+WUBLY7sUEOIiJn2lRnYSqoL8KeG49tw5bhLtlRAW6CviFTHAcgKQrDHhL1eSyx2GQip7AVw23nuecOyZqtj/PzCTODYWW/3Z2xtHjUEkqwUK/r4pngNd9FMoVkObDbyNDAIhH2RrUBV3YkbxmJvg7QgVxrncjsFOfikmMvhZtrmKmp3TC2TpTaKmwk7Bk+MnBJaFusnS7invCEeV/FzY9ZCqzqlKmzcLpkDiea5HazA9Zk+9TUigUm61kKaj8nlJyBbB3QpdipCCGQgYsVicpWjDqkmJJuBEAhUKhXgI7iEkZt1+heAEnL/Y4MYmczucz4TIdm5KXGgPR3a4KDf7QSNS7E4On45JxmNbwZKvFTrNDkTA6gvxyFrmGHzjSJi5f2+d1i4be6+Gruvab/X4q4grIBeBv/0hcRrzmy0GVAqmfD8PDbt+AaKjDrtBuO23G/zLNomPwvdRIb5ewxpUO4iig61xZE2bK8mZx03X9Gbb14muhR9TAsXC1VHYKiY8dtwwHFt6DUyNsz4p+5s+oNEXRlYEqTZEMG6NVRLtK0bT+bVoM3mkkRimUns6fizMH/SYLzz0WK5kIVhLgkG2CKRXADyyNV+o40DBzV98nT9EAIJXaC6Ji9b6yympKhSKn3C99iyXR2F1vh8pqLcZjdSYAu2P0h2Ze7R/yRQY7TEE/z229qAjiDyRDTMZiGvJUSVNecricH9c2W6UKdCYUJgjIY3em4te0om5nCmQm1DYx4B5FJkIccSM2oQsM2MxQCi74OCYAn2JR38mMG/WmQJ5XMRSn3pnqdUB1AlYUvuuAb6BdJ9UbwptIFJRvzVeBDbN9X06jrE9M4bn9YLoRxsPn+mMlZzgZj5A9hCQkpmcRNQ2/B8InHmE9nJQWP06Tj+ugq7U6Oz8M53pxhm0c8HsldIFKiR1o7R1OKJMWHedBu6wKXXBBvFtktao5zB0Xdc0zXB5MH1dW2kTL6cDfYVvu/buX8sfU9/XBjT6okRCvhuzwCPFMHykZpUCKRwULjpGt0BcKGOOZsKp+VEWlrlNxn00zboz2lVLVysqweH1agvCiKJ7hgXpxgYHXlUa1KknJVkH4RJf14ftKav3Bz8kh7O4PE+gTd0upUDDcKGDSzb23TF8Ejua7Ex3wJUkffGKvw/6Erd1XmatD/uth0R1yTGExEHwpVu66gUq9sFetUpr650geK8IVuKponrbhY6wCEZhG83MfBN3KNyjPZoUdgW83UVAgXduWHRxLp6BD9nL4CMy/8efyQ+A8tsYV/KcSXUzvI7umhCXRMQR08TuteEAUnthQv1JpLPr/2+YnavXjZuRKXArmOjRiz7GRuN5gHoeWYA+nEinWJosX/nbuaDzFEOqmRgeFEyUgju3M3EzjUCFgbYVkZA5uSRnSMy8z7Oczq/fz3v/e/cL2p/2V/aX62K6OKWvIUnNvpvbyC79x2mF4kJ3r002cB0NO/oN+D095hvZT5xSa1ukXzCgj+Pz92l3oBz7Dm4JYvhnlX3CMgbzUlSR71TxqgL8FdtWYKHjnjpUEgY6E1ZUcWjFGD4cnxbbbs7Xd4v3NPO8hhaxGdhEB2WgJbrDl+pPGjPxqZ+ohsw1FRCzkQuqeb3e9jPaxfV5/hYm4SQf11CNqFi2vRvsTZrGSmM+9KvyULSmF3DawsIOm/UZN+snjnVB3lE7LKnBJaDt2o78wbBY5lJ6OXfKQCr0Y6ZQyMBeDV07kDtBbml9tajwULwTBj1/vtAqoGHmbgXhT907P94ewrFMcFaXDj3bHwb+wcgFGLTd7JA7qHqx9fR+JyMKP9Vb82+QDdzfSuuU0pwdppXtgJk1FkBngs91Qlq3hhGQvYwYdwyQiZMnxkkQxtkBl4MtytTy7tkendTYILiitJdkqYIkXxg3mjw7IEFCGpiJsM4OSPygacnL6Afu0XQP9GO0IW41L7pVYhWnQu4eqeD+cWHWn9ePSKzthnyk6YySyu3XstdXSbkd3AAhmxej1UIsTyKaTXE75UiU4UY8135g3cP4CwHk2RXOhVd/M2fw/G83vbbPMKrI2Vl6fJXY5ndxON3O8qsyPZgmcHlcZHO17JXlmRjRupB7A8ex+G6Qhu5FCj8VsFIOV6zfI41R8RUObxYdXOuae3O7eDvQid5wIO204ZF3dNUslJ8qyhQE7fDBPaD4IP+/iKMSHeaR7wo7CJyOjOpCKYKyYfV/khfK3OJkwHcHiv1cGjILc6W4yI/LQKPb9wRNI/XTKrHa+zqPRZ1/fiMQPisoVUEVCsU98HOr1ZZ/CFTGt8Szi+2dMOgBs5fuULgze2pSfME7YVjwIUNQ5w7tG9VBe8cZASUscc4txs8X9Sks8ofoCJhT9LjQtNR2nrmQMwUGZcVCL24kvJEIsKYtSOntCsgKARMTZs0xlGsYFPQNYxkiRH3G/K3i7YmofL6cOIPOKNPezPLvzJQpsIjV2hIywWim6Z9IoCIBMgvN+TkVunGjUGwKiRojcXQwjXt3N1hzmdoYejqutdm4BFtVQMeSBTLBJyIPxURFoYRdXQasOPqJxkCTg037+XR8WoORG4+z4TE7xnBG7Tw6TCI2+PSRfvbiJaUF7kbtzzmYzbzOch1NvT+FtZ3Rtaqc7QJ1VqhIMLuYoZiC7hooHo7+i/n391feJn8LmMR/YAs0HTbY9AEOKpIm7Gn/S/uFnfuPfqz3er965FFmeaDKs9Q+WJohpJfdqRjURMNd0uF1TEKkMGSkamw3hFEIRLxe15+nZscEOl0ZmZc4Igr96l+25h8E8w0USBB50YXg3avh0NBF3petUCgUh0DXT26JxxdbzhQIEJkCIXO34sDUD9Tuh8WoE1YyBYJj4rZHjhrjv+HqajF1mfijNln1VtrEtEyBUARKLBhgpk/iGF9gwVHnae7QK7YxDTjI9PVcEDYqbodkwYnp6c0wBY6Zq8BeTJgCi+QHVbvZwSjLF6METDgCEerprzMF0liKU++cKRAUy4CTP6+ECydNcXvI7DFIaLMiShQ8bo11GRDLGzZxzOGa2K5iksgRETqOkMaedIcnYHWdMHuRSzOPy5/WteOg3qtiGVR0Gph4diodsps4VikySoHva8QPIAUuHAQ/bTQzrmqOpvM3wFALnQlK7GRF8EOa7t6CyP/bBvcdN+ysHK/zNFE4rLh1TedQDN/lv09HHcoWfVD3avpl6rtJYsPkkmOMYgfxN8He1atP8DDCnPTC1P+YI2Sqgv2f4aSHuUmaOvCMBnnyayqHFphEtwUGlUfPg1gPNP3UV9USK/ku3X04GMf+11cQ2q9uCR/kCL2ICeNfiZ9Emdm+cD8nfGi2L3Qeq1AoBEHux2RdziXI6W3nt4G3jyjy/Dnn4A5hVYAiMWBgIrHn4YKLv7WI3PtsWd55SYKPUcdNG7uhyTZxcqZAqPATsoT52Tnn/MtZACkEHAgKF5shz/yJ2WCySnRWddCy4GGkGkxUCEszsgPmsX0HHgGDJW50JI1+krckv1mgqWhTM/qLu2tUSVYaPI2nnxKn8XTKxH2GsjroVlwAsrsLYJ/kx2Bhz/KEXH/TiYpVmb9yvnf9GsbBuijg+z0Qxf39/d0w7xtViK8I0tgRJa79h3E7ENjeYDByR+47iyA6tX+f9rMNmU0Amz66s2HpHJLbqHjtiQ0ly6lCLvgsWedgirtg27qqneEMWuraT9dUP9/yYMczeDutwC3BeYPioYlNAnbYQbh9kJ+2G26lnvSzFN0HzYi2N7sLqIqgmeM0r2b4kY9kiTuGvQ220h92e9wvM1NwJWs3KaK3cNYePcBucQhtEDLp8iglcRAF5IbAxRRniMy8QiBuyQ2tUCgUCsVPeDu6NbTTvGHC10SaPWzMULAzH8nGaLh1doVkeMFbjA6Y8d+Qo4WzU0zyGmGd3T3yk1B3AAM93yBBuFnWRu1coh2YUt1CM0QCOfOfS4LJn13vQKvIFzGusDcXsQ0I2QQKE9O6GjnVzS+nXpQusDA5MJO5u0E+Jrt8tbxXwXIXdwYzk+eLvZklC6DMa1LWJUejZzQMSaFES3AldJqjUIiG0C5ArIIY3WfKv1VCyf+TB68bdc3M718TZTZzgkMbOVatiY4d/5n9qP2ESgasQzfc4zZPRkfwDT8cU5tjR3CIsYVkqXfuWUaDbUQaBl03tV+7Ab5QinwQXti8Xs1AbUM7y/n6EK3S4UG3GfYojsTB38oro/hkCQfqAhmoFDw21Qc8H19khC06w7kgQ16Ibbl4Xv6gcYfsF43Yhv/74fpwyGofXcB+sOoUHJOUVXOTZiL9ejFtRoRKWn9KPkr9OASZochrkzmmmv5TJSP2cADa1Ri5338d+XioJBSPxI61WhvMOC4jG7mFtC7ncuT0difGPFMg+JuGrAgM4x76J4y4ryQHDF4o8gci+TCA85VQoPbzb3l7YO7L7GFiusIMnIE5OyDnC7QZiDyBEL7+Y6HORMyvAOYmQXadMY2Y9feTpI2ACvuEib6AKX818zsWVZm6KlNg5TJi+7/jUKyFk6TAawg608cT3iKYS+y9cZ/5mC6mK+6Jx3Ye4zCfgHvle5v+5YYZ3wgUBm2S4Aeu5+PY72PU3HpKbV8uP3vaxZz3sQPd8tVNhILJH+5aav952h12hgbCH0xUArEafPiD3YCJDISIlueRFj6lkTeuV8eePi+YR9Nvs/77B39/3UewFAxmJ7T3xPovCoHEMUANKoOnYq5kceoJTviRWWXE74aa0aSKwQ1rKf5iuJ9ovk+xO7z/XQDZ8fvv0a/cf44ddQ+3MbetZQqErdE0+H69YlzhL8ui202CEbpDSw7utxcGB0yTb9yDghOlT5YC6ypSk6yqo0dSbtFsYiLdhFrcQn+4eEwsY6xE6jT0lKDyPv3kmWF5byse4oeACoViA2g3cgOI1Wd5m5EPNojdwKxnaPOwAWodUR9aDkFLDeg2rMjuXJGbINhZkh01Ertfym122dGFMThToNmcZ4pwY3fQOpRKdYm9ZoZQcqbAYIadQ84UaJ66MDC77JdzDBWRQXjJBZOYfFS9nCmQm1DYg1Kh+wAAEABJREFUl2BMPi5BGNn9/NPMbxX11FX4AkvfUbSu9qSsgXmMxCgWM6bAaP40bL1yB32ffuk+KVUoAoTvkN4n79v1L2ZYc8GM792D1rT/nw+xq1r9kP71fndt/193r3JnI8dk0MysqRIdAKSadGjy3pgxaJWOjjpq27b7VSzE//CZQdg6jY2Oir0UlkWsuFd+uyHyHAFgn/33+zVoDraCKeLcoTLpCzAqgQFEurWhUCgUS4G6DWoR1i+ly2JHERwl3V8j0Su19ymrfpZKf3/WPho4ldbsbFLNC8S5wEbIq8Bwi3NJc8gTxeMuhqI0qp/I000+rINQiwhl3p3crxYMFJnulywJoPi9HWk1fmCE/XxAoVAohGK/Ll9n1KdjXRFIK7A3Y/Zze1cJaR95FkEiT6kHfppD/o/3AQQFU6ALFHKmQBd6mOawSIGZfO4Xtzcsz59X1OMsgIlpk2c13bgZQ3SJ5dO0NEZibpQ+Jnfjss2lj2DxNceRHRCcLuB22xbEB/Lu+FxqDgp5g5xCafv38vwCy69Pe0q5WLIDAkLUusAk2GoxFM0uFRYxp5D+sVfvAFX1U1wF0j54ioALbJOf0L+QU9W5VsU/QhCBD1oYknHbkTj16zlcx/R6U/fnkzJ2wB8XOU0+oHzfYxdEZcF48sg7xb0694sjCcD86XB7bTmacSsUkWnkPZr5PYtBJ9KwbrSClQLDVBEU4rHtJyBTAt4COtE6AaTTnwdhi6JEZo49XQutYg+A7P554IibHkmW8llf7e+gfGFnFxuNKpNjRHeBnXltTpjW9VVslVRpAx+rgY4zNK+qONBy51H67ExKy7FieO/oqRHcGJORUloOBPd4Q6RzZJ8sm6q0RBrEIZvUNYT1Wet4wm79FTSVs20MYcro6aInf+fFqkKj35wVNIzra3hrGWFVAV6huB10xqlYCPrZg+JxeAMEajdzq146EECIXHJIkJJbeIoOitdhUfSIfv4cVtri1GiZ2ty4iYwlDkdNp54GGXkfC8lkz5mRBTDRbhszDVFiKgpm978JljECQmFfAkrXFZh8eGKxavq8BzZ8nr0Kkjz6sjVmLHNnBn/h3SRZ5XObfsYEmRII1nMRtAQVv4BvcGWy1BmB4sEg/08oSHALP63UT5T4xqfl74NZZrVdcHbb8mO88JMN7CtEe3HghjUPMcAiY/3vT9v2/2AjhO2FZDDK91Uo25HJYUe1/brm5/OpMgXCIVqMPEVwMER/2ixkXvQU4fp7nSENUCkMIJ0wK56IC9dqvG3no5fmOgjfHO9rQD+QPkIKe1a3bQKu6oT9Hujd9ALPTO6ZcWM2k7ZoB3Ktv2UhRJKDLbxtgNdwevAF1RRQsA+T7terGS4fwI6S+5uZH6TyXRjJyQ2/K36tpEy6fiSfCOHffZmDv2zhVKG4E/RLpFgIoVVlXbYFCmlQCgwUfwDg2fsccvdkLuDG+sGd0f+51WdkG9HFLGGt6bT2mN2Y40yBbm5SqvTFFGHIfIyMz2FqJgYB1LQFi2uOacSEWXMJqLCPyK3CFAiB0jF/byyqSuoMRyB5E3FCLoFVcSR/vH4UzI55+mcSew5uMpCsq2XqOFghDXTBTuQpuGpvQqOcaXvjVInYsRkIxE6Z9iuGFSW5kR8jFSBbehxOpcPvCk2uvClxQW8jp+znbH6sbgZXGEax5lCGCwEpGTzHHO1XsWiZW+nUp7ltO0Q0dycfXOmv0O+5WQ1Ixnn9/GVAYYQjuSrslPcs2CU9/bmQXg9KqDRuiz2KbrdGuzzgC9VIRKcCpa1EOMgt4ZLhDlo41scijGcA91EV4ZsGF4etBXBOUs8Wj5/0Y3rp7ynnDrcBxT2W3B3SdYhs34VXgXR3L9mV+qGmTL1meftg2etUf0LTjzI3oyNfuz752R/IMXbMB+Ge+dq/QJZ/7Z8F3QhVyMBerVvnjCNQwZwLlf883m7vD3KmwKDRhYF+j8IikX3JujumQBsGD8Cxj5BXu2cDjBC4RWmvmVjYZ5gCkWqcc4y2btCLw8G0fqNU5qJ3AQCkClZOLCGY5UyBY+ZyjMtwlCkQDaEKL/DJYWY9dSlT4EhebM0xBYApAWA9QvZylSnwkkPVs0eSZ8evUNwLulO+W0d60c7Ib2/sW/bX1AiQWdutytqXuceqQ6EMiGEE7X4gezD+K7yeKwX+/f21v5eWXexP8+5Wt4HXh1I2X9Tfy1Wuk+r7NZq+K3rpHzgULQAHumDjPBiHiIBNwK87E9P2oHgApA3ezwRK7zUwDtyld58/iOA06W0bK+7eQVy9miHTCrw29pHk427VbHvMXA7u8CLCBluDhZL9oQBmXm3w9e/fq/5aTmSY/B+fpbqQzo7WPdmdCgcjsdwle/43wS1uwUOhc6JRCGVKxCO+8wrFydCe72CowM+Fyn8R3gR1pkArP+tOwZ0No8mfAYoh+B1Yvydl2Uc89SCFhXPP8Gc9O24/FhEiRLulmHN+gLPHBRef1NxMeAqjGdLv2fJc1EypjtBH1v/f+ES4/wE43920CU7/j1MRblc1eWSeRc86lbx6mTmQ9pH5nz0nJ2AXDkFgjcFAv4jF7coG5QmqVBLVRIwKLv8B28tuOe4wOtQRrEKhWIAGm1djrgD5UiPw9n3NJh8R7XF/QqJAgSMPmQvWnmC1FJwbDZR7foj6XZFTGSrE8VZ4EsmMjR6SHa8C+NXlalaxCNb9itzNv4JS1m/2YO5FeADYgHtnXLMneEQh/gI7AQXRuC9/yaYwfeqvkphv5rT2hVOgVWIA6QiO48qVQlJ9XV4ntRUfB9S+wgLZWu76l73luKq7cUwHaQugtu4KriWS53QIdittkU9/tdR5ezERBF3bVt35n9Ixe05VZxoLC9PW+a0Imh5zNIe1sN2iBk255P5/H9q5Pk9stySTMA8DrY9+jBQKheJB0E5dMYLh+uBCwSuZ8Sy3Z5pd4WEgxvPXOQUmP2LcfhRcrBdmt+9iElMMfoF6XqbFxpPoTWSZR3d32pgJhUkwzghYimsJKF1EqectId1LufSCnJOY08yXwozrX0Wu/RDRmDyP7N3RxPEddUYSWOFxBF8ffF6ijiJsOjzFyZ/XwCUTpVAo7otXg//+9+/z9/kki2ra16zA7YRFp6/p8REh+8FsGEZXjFMPi0fZ/2xMmQbZtd3f3982y6LgB5LxR/Ikt11gHY38P7HYgSnvNu3+l0ubHgPZVIm+/HX1B5J9vxQ7tuij41sErQ0BKgoP0np5O8wW2AYSVWU4D5VD0If5fR6ZCXP7pr9fZ3JUPeBr/5eDubZ1EbfcM4GIpy+n/IyvEo/u3wUy33bdQoLDrYBZ8/9BAg02//vfPx5WNkHh7CtcZzHoMBJTTDTba4kDX6jCaIUvVwVQ8gcQ797Sv0PYBtaRuUKhUDwH2qcrxjEoBZZ7B9/ZS9NaKZrBhXMBBhZA5wKMKRAcSR/UFPsyku/C5Ceaql6Qu7jxMxJk0QSTmHYbVRQPq2Y9LIvpIdcSCae5zcVUW8Fhme+NpkzBSN4zpsDBocIayJgUA6kjFpvoVMlX4j3NS1lBFYqtoPVKLORqDex9g+4V8eqX4pqmX0pcnvHLLoUFJbksjWWC+xXs1+uFDVLXWXpIzPxi9cXo0G2y/JqteHqdPzYUiKuf2eVEczSB9VKiwH29CWHYHVdFBZ/xtazeMmH6dukkcQTieQKBgAR+5ytQEQSoKAaoFBQKxRKEs+DaaZiz+rArfpbz3umTqx5jcXxzuGa7uyeH1iYrIfsX/lUFu5Gybkfd339/3KUWHtUeud3Mwn/1GCDBlotAlWJ/90uLk5SHtWTVUkTLHb0IdkYfeTw2L5IwT/qXTjp0yKtQbIIrtSOJbXpdnkn2t+8wpkA+qpphCiyewqTp4kR2qS9mF/wSQVWbjyUdE0a69Jk3U4YbCgsEJTtg/f3UhMK+BAQwopiIk2ZQrwuSMxqBlRSM5L1kCnT2kXdGmALH2ucoU2A4qbN0UH6T5nyTZCoUT4WM0RFOuJCkbujVvN7v1x/9BRW32czj6gcJNltHShX/cOxhwq7n/jQNvv/3r0H8fD7QZ5xSdTrkgWAZ1/B/2/5w2fQIJpf2qP57dQLckOWXhN+3fZjLfuTqBQai8Z9w1+In6Sx5W1WAG8PphoJMpEXv2sP59WG2OHReqHgYdGfpDCzsSLRwFkA7ZQPcpbrw9ezvozmoHiMcqxZo47pQI42bAWJx2zH1z+kmz0KHe9bJy2oE9tXe1PyfE9j1uBPX5pBvLJRBe6emaV6vF9SX6PiuXfgTmVXSZpQyHfoIuCcXHFvkJPb/5ujXD9q2HfI4rKHWSmuLqNPTz1er+zruEYvL1UWFQqE4BpL7vrcbggVmPgBIB2LRnW8Ll/55OBD2IzHY3XQCKXIEGhoDzwzH/wsxuLV8FjJEM6Ynxp/YS6ZA8wg9JR2h5awhR0cYWe64st2ESYX9iPkiiyJh1MvlUzODfNCpMoahrctHwQjITMgUEMuBQyohypNbemHmTF4eBR1sKxTn44FdyyI8Lt849xj9mp5b3bIuNW81BTlk/9ee1aLsv3/tZ1Cng98xsnyWpgATTTtyTr3v5tNSg+3nY7gCjXsl0aMipM01Ag9BX87vYb2SBh3Q79J/8880dVL7Nz+W/a2nu23x/5rxJ8BXANkQLwALbQ8WVToReaDCotgLKuLbApUWTZEC99wtXhfyGR1LnP+j9mwH4FcRb1xKljzMU07cANumsl88+vv7gOTKL/V7GDu+ZPdxaA7LbxFhW8bls7mZyT5LkBNhNoiv5v1qBq3AbAmUai+P5Y7Klwpv/lk8pF/GVqaVdm6IOvhTKG6Da3ySdVSsuBLW1UetvTAoBdopzsDMB+R57iK5inkaWPCQkf05d/CPvRXJD20ia57Zg7dKePbQiY0rIJ4VdPEtUskLynhrvBuNQLf737iIETx5HrLkeJPlPzer/r8HcUksylDCqBdkOaWoV483pj1lBOQmQWRGZGYS/AQ7oFc/HGV8LPLC7pG+xwD1DmlUKBTA5+G3xOq+pvoClt8EnH97w35ul2sucfwXVRyT22krZHveFyZBYiaSQij9SKOFFvYHVdeovFOfsq4bFrLb4Xjy6ALT88bDfYE0rwaG875rzmQ/5SPuT96ANCD4Q+2r8/6cAZw7USUSVv8bn9ejrUU8UfcwLG2nribcqlnPFtcPuYmnBYRDZbAJVIz3By7wILyc0f8TDj8zPk4P4YIVzx0pPDZp2Vr62bhTU9i4qPo1lKEvaBq30yUJA3caUeMO1opbXMDqMt/zMejDdSPnS7vuRnyHOeanWji09MYoBfKc2kpA6RqT3cRMAk2m3wh+xzquHae7m8SYEbnVhVX0ZHzbd/PvQtwMBn+Ufi1oh1VmGv0x6vQVLCmonipVKIRiy2H+zSbR9jjgI0Y767KQ7PF6FpmRoluychJsWDziSwr8p7Mz1ppgj4/CU0d347L11lkAABAASURBVLSlggcoPYfRgt0gA69wBYEmx7j1g5AtmQLZFj9Zu28MdaZA5weDHZJ9jIwtjpg9c0mdx0wMiXSpwpo/CD6YnUZMWGUuARX2STNh1ytDqIVUfVZPKTFKwCndy8iwaLnBPQdjJQ3gvZRmLS/JsPjauEMaFQpFxMJO+XLARU6lH/SmGQQ0YZW/EpDVDU/dghUrLiwGKIMdS97n035og3WlsbUC/j0ju7rVkaXL80lOZ/4jX9HvevdrHCiPIzKBsPletLjzuC+4zCWt16vp/xtOsItmSpSb9ZdBXwGoPUIn+8p4Yi1Y0U0PZLH/3r2l6yuD3AahUGyPp7YnXLNe92DogpZFWKGXDiuIsxvGufHzVRGhQL6ltBuu3P9ajotLJvGYNO1Z9Nf/8Mpq//286WNu0TW/njMyms2G5UHsF5EabIw67IJl6slJ5ogKG1U9LZPyEWXR93Xv18CYCCtTUBdGRZWYZn7bhXRaEpRtnEw3oQx4PMXhif3C1bzozOAAqISPgdc23jrQi5Tf999pryPl/qzIz1icdKFhw4KEIMPXgeyH2r719nE09uTPcJkt1X2M/8qcig1zNFxowRH9dnvQxhy087zdJsNYBiI7O/tqDE9bYy2DaeyELxPYCxr7c3gFm8a+O/xsnE+z/2+eog0ZCd15n7cr9f5nhxTiIzMKJOOts1HSQKMMrSXaI+veDD77lxtojUvTNdD0wyhLuNyQyUozyNXY22aIg8zJCzBmZ9XHenfAfgfP+nQdyxBT55TMhhR3ueKa3dmfYwrE3AVjgaEZ6ZhMpkXIS5BgPVNgxRxPYYyVigd+jBOSVMsc1jNaDdKbGGb3pv4X6bVVlYkKl+QUWa3nSU4EmufL2rHIy/7bOJ4ecm6tC+EBqOQQfU0Y8/B8hOoodCTqmzVNetgonpFf34byk8fX8H0c+r3XbMn/IgIaLt1YtoC4ey+TfXCoGr11NZzAfiwU/rowkDgPLDln/7VxPmPobPkYyyQd1+4IiK8KpH9guge4de8gtGsDWKoU84jvewayWrAgDsOMp2naRQphTyz4oAgLQmErQKcagXDIJGp7bNYqh5ULs3bRlbsvt8XybNTkSJJ7BkUJmvypkAtMOdRziKopzxworgUeLYh8Dfkyde5ErbDzF2sRUHZ7yDY4roID68QeC+bX/qCMrWAKgL08t0nUwu799adlfvoNaujMDvZwmHxnTsSrSTRSCHTgdtkrmJpYL1p8GPEzpjtI2e9VgS4TMsL1CkOh2BZaw/fAc6RKs49PHgptmYKKcjmxB3uU6pIP2awfzmjjtt8t4U2kzKNgR78j6PNmFa/YZ9U9e1vdP68cFiUdTEwVZxozRgj2EFjDngZ7CKdhJrBYmqiiRszusuVn3m4ORkm6fFBWq9fo3BGSu6jYXVbsXIyZXlbrAh3UGtvOKkDCiOliTOxOxpBmqGqyMpswgyeERMXOSoQlCBnL0SJz/PGQJaMw2pdZkuuZnKzFaNP12iVG0QSKfO2/8mB1ZJFoJq6Tu78NUPagGNhRfZW7fy5XA20doCMq29VgO0BGJTvp87eoVoUwtRPBn+Poo6xTxeI5DJrszev1ajp/GAKrAY3+WJijjujv77NgdvyrjBf1z+ZrOhx77Mx/aaoW/pgtlwmUPrZSWlgkPoqKgbIgmSWpmncZnb3MUqeY8WkBPLsSyOzpIiipCTKRKMHfBDu0SgIS+Q3MJn0kvUtQzEBrh4IB4yJk/amM+oL+n2y4JcIz5EDXqmxhwejEJJ0WO1tiE9MDFLjIzZJn1QC3oiqn8P3Wo71pTWC9dwpiaBdsdZy4NS4pUdvM+6R92hb2PWM5o2F/qHgIxpdNtOYrFFO4Tgv5PiXu0sutFtHvN1Ikh25qf/a8bC3Y31mXuIpSIBraO8CuHe6Wq700oTGQO1WYAgEZs44nBQSITIFgLvOzem2DY2Ms5vfAwEduecYQ6SFfo6DGaXaB1x8zindeOW4g33N2G4lhA7S8eP3T3ngHlUJiArIfRdYo+P2+0TOl9/7W7EHtiwDCHkUMksJVwugvGCY32TT/MY4lGlTyIu+de8v7jDImiNExu88aJIqMZBQiHZEAuVtsEcItyBTH/7x15HXIZbRquoIx4SJEmXCTeSRI/EWTglkHiys3a/BRoOHoo1jMyZXEicRWYSI5zLQXdltewLD+uFNnUwl2IAY1lfVKY9Kj4KXtZ3mPzOQMTOtnfZMoOEXc2PKrnmC6ZixYI16zgMaiGzubxjvk/LtcHS0w8t/M//AR7NGOpaR8xb0HS+HJupa/sT8o/Pfl62sfrPAxjk0keNbp/tNBIvt33/rSrF+pLe6B4aDHQM8Ncq/PzclZn17kHjgw4A5TQJEckQyq/QS207+gHA5ujHfUjNwMlU5wXBxSesmQUcIHV4yFGRNT6AuBwvVdMuCUKKbrznMEqG3EAoNxQEz5Wk6I97x6RdR2rVuKP79+n6iZ5e6X2Yst8Q49B+LJdeCsqB2TwKPHTg6j371r6IQeC7FDIpzYi5ABaatJOt5TPBp7NeeHdRM/Z+eu8uBKUzfEuoRXfTt1NCSBW8Zv6oAcbZDZQrX6oXY/cbAOT/uH0DnN0eHZQKo8eO0fBEtnfDrf1m9ntPis1QZpa1rn4nH/A4CL1+/lOU00r68F7ierqk7PDoPd6hVmynVuKJPcdsiV0rq23z4dtEJMlsHrHFKiyzena8c12XBCA9G3NO+dm6nHqDWJVXOsLMfiTX2EnA3FBg32Rdd2HbIMWx3BEdZA9CqeCJHKcS45QTMUUylk+dqw9S0b1hH4Sg8SEbRmxerKYKyBEuHJZH84DrBAcGtku7Icfii2pnOEee3qewF0zng0NpK4yH6ObB8ntIeH6ynl7g1s8P3vX9+v/XUfEFjucWwtrqPuN2ve73dv+fv8idWLI6cOp4qBpzT+KzY6rQkOk4dBvpPS/TpZulOF2D+lyEyFIuK3OvEYLQJtIB5HXagx1JvR6oOl32NAA2dSv1TeNReqDOeoBu6oN719oNuLKPIoHIur9KcS7tUZkbXQz4C9U+gRU+qVedixq7syEAAF3p+loz2F4ivoIlsKlYfilnibr5+7gDcc/sGgAOYu4/WHBMMts+7CXntoxvEQBk9GZ8xf1gt+WAUxdKuUBlVNvTkTnTYaRM00Hyg3OWFjamcmOoNiooMJ9XBrg4Yx+xKMiwEnzVIwtGDwWs1HcoGmJahEX5L1d9hNzEhYy1P6m9WOpOh4jjY8eaYDOsUKCN48Fw0CkKkN65l8r4HjemsCqZWeZB51lavtHlXjxMFkW/S37Qca2EfgQh+3c9Agvl4vd1xP16ZAen3ov/19fTDE2Kor66BSUCh2Bl/avDeEqgYoRiC2PrQdwd9/ji1xc6rAuwjU7pDsXwMuKQ++L7QJrpfLWoraruv+PsSv1pIEs+N3+1XE1cWGbitbIQSfru0+dBU6YIViFusqqVZpSRBX2toYfsXbkipkW4jxNtlw0SA5XjXm7ggZnH8fDjA/LkRP3eDCj35CMuIjw/CHADFqtG7GnaIdgktdSc68OKNhGG8KjgnizODHDApYFBkvYHy6xKwmNrmO2F6W7FUgwbFpEFGQYS/PhkspCSlTQYRJ6VS8s5Kp5W4RdHiuUCi2h5SexX/ML4EjhR7GHdJgv/0gB/b4gTVElriFuCJ3EK32YmddsrUCk8msQDRN836/DVdou7Ug7jRMorgAIRpolET7WvH3+YMWtsXmwj2ghtFusdy3qklvJAGq/xWxVSu5u0Ax/BFcL9D/2wXfCjYZ+cMRwOvdH3qc9u1wKVQ7HDsxmwU3ahBWRBukll0cvG/2ryvZZzOIjcjdXCnT9aNoEPohGHq9W2f8h5TrvqMUdAYiSRIHWI0A4ceqFQrFDaEagRtguGqqMuDBYt0006er+pzwU/UZQ4iTrCYy/4Xbae2hrNKEws5Moy5Y8P9xFsDIh5cR6YzZl4DSCXpmnzMTRsAonkoMtHBigkwqGKgREwlgOPYWZnvOTKLCxKykJ80vFi+VfIdBS3AhdGSu2BrilUbkCkBwzo/I+gV7a4G6Ml5JSAxYtSOZ2lFR7VdI3tOexp5zAbkQ1+RTmOzrfF+XPMA1A0E9oWIe4Qjl5nXippWMdGUlQAXBsaU0+FLoDaEVgy+1HxXjNSuLWdO+ml6gxWEiw8uWzv7YizrsFuLcVDX4ejlekKLbK8d9hYt2eIvxXdoR/NVs0sB3i0WiVuEfXhWoo8/nT3KhKxRbQNcbj4dqBG4DoxRYiqdUF6HF7kv9eOU8Yq5RtSzzXSrRQUURjdsjU2BpgrMb5bZAEojjMcG4vQRN2ifNhCmwDKEW0ixCPhr+ilU6DDyPhhE96kdGCVAwHSej42uEMj25zRE+RrPCg5jIVKFQHAp6esMbzZ39PtCkn2fikItFr6gRSPbjJQ6GIfihyxmT9UwqYxoFXZjHYb5feWrOF4NA+vXJJL4OWHxXDZ42HNKaEHEHWeydRnSR+MUnhUJRQlfkApw2nFw1KIetq8S8NNeJHNcG/yXscvlFwfdDdozjgnyJh0H6haLbaI3cVSNQ7rcA76oK/GOShbZ22RqBY08e3PD7deO2G/bq0fChKhQLoQspV4SgUlGNwM1wHFMgBo08d/YCzX22noXOvuNuA66GVZp52pFFvIApEEqmwKmYxu1LMKq8mGS14NKDUkkxiAyX7XjbqBpmD7bAFGh/MNP68WVizEj6hzlTYC2/7Fypf7VkCqQkjQqFQrEZtFup48el3PuKVSyDGNHj1OOW1EKx96iKpsojwfdfPFcddBWka0V63djVYtAh03Oh3YJCsRQid/0ZdlN84WufN0BYB5ZeIQzQC+Q4UXwv911KDMOWxdWxc4V1eymKX3EzKRptUPhVPeyWGoEGUlWl7FagPOx+oFp70SvCbl+LXEjCw8d4ijtD68kVoRqBm/iWhzdUiYOsC3enqjsFl5RVjg8fLTlP8EmWOM787653M5qAnrSOvPqe+xHumHWE/cwsXQZdwGAHp/8XqADzb7yLf78N1EStMeHgS+3O70KTF4OBPfJOXqcSp2QVYrVnHQfBZwOfTAURY1RpIqreebZibDiSR92BUigU67BVr+GYYqXBfWdB8Xw0OIAeoBP4TUsVqxdmR9l3z/23nTOBSD5QA9UJjLpwsvUCZ/IvY+RDcbVCBzxu3u0m3uLloRVCoZjBrp+Ju/VC2msO2ExFYkUgP+kFro5tQah30YfbTQHX6Q3crklsqu2wBVXiPXuUBynGrSwADIYk3JYiUPEz5BLCKhQKxVpcoLfUDrsGlcoSvNlJyExijhcOuWJbPC4yjBSCFlpv53fTZv7BU8WxuCAQyVGSArOF7acc4UpbCO51EzzjXbAnSxeY5go80BwCwcV3AVA6ycZZM8k8jpmTsdHcxBtDXqLpxAHMZBIDJ2FkR75GEo08CpayqE3TF3z5klU6jHnDLmsMAAAQAElEQVRkIlB1FIVC8S3ELcfsgWoX/HjJCtQUaV7N6/VuP5+WOrgFtq2FAoscnFbgzXP9fT0gEMsPOYDksiQGENxeCXoz1MQgaRD1BI34rUCFRaFQZMAbKrvsgv1VP7IIVOaXx0aNY3UAV2qRNxw/7SC+GyuGbSENDNs33wR1655OuEagXKrAG1bbX1Nsd0l3Zwu8IhDdFrEOyxQKhWIBtLNU3Btvf+SNwrffK4LRyI4qjZh1eAWy4JMcV5ElqUvsAO6GYW8Of6LdswCWJhT2lBWvpl5nGfD6vXIKpIILQAsEMWK6FJXmZIR1tbyRpJW5LDkUDWkgermT3UTlLI+OHRBp6npiCqkLZIK5mebRi0ChUCgKqLbfLqiL1dPFiMOKT/0TYI88wF2wUUrRUyR2O7JAXxp3q+abVlHBg0xT7uJH2ZKpIiNCH6AjK+lgyoDaLhSKMWhXeS6uuAHddV37+XTDqSrR++PUUftpieh3OXz58k/Rbqp+Gg7g32yStVly8faqUd9Lo28Cbdu6UL5i0XqCRiBalonvJpvXEMAXqUCxY4TQ3MV9BOWWuWyIHu0p7oIVdVSrs+J50Fq9MUaYAjFoCZbDIe6/ooVW+M58AptSJyFaa+CxMz9WMQUWJiUqdZjHZTbM0U1tthr2VdUQI2feqLlYoKOo5zJlCmQuYGf23gxvMro/rJR+ni4KRIMwzhTo+AK19V4OWiTCsXOjvPBsmp4/1396/laDQKJiOl1HG+CgGomv93sY1/19CG5Ckbgp6LrsWLvXgJGzTFJg9QJBMAToBM43ojUn3R4NlYGBgNHuCmilUIxAW8m52FR5awu01LV/XWNvlBG8U9xBL4iP0QVqvleogt+wmfjnV7anX7/L/cEptmtcZtH/5n1lSP46OfRz60/bDtsmzToBPKfjQBBLIYaWPE5g3u/W3LcuILmffoFw3ze9OllxZWjdVIiGNoDt8SbPGQeMqw/8BVze9O7xWiby9mBCDMFvTBmGP0cbh9YN3eVWxsWFZsjr/FuB0y4wBXoXF6a3g/XDMkPJ0vd8dRkSR9+yyWRRIQt1hBEwCI6ZWLhEcyTaeBdzYh9kCDlX4gRjopVdZ8uAmA4o1TcQyvwy7yN5X5QjhUJxCmjfPZCLLiL0i/uvZljh6Dq6Xc+0kUxl9cd9ab9er66HRJXAy+gEntAfSBx3XKa8j4Zp5s3QyDuJmqAOevhGcBNg0HowQPRV4iXCco5CoVDMAM+exfPYT+24EHSH2OJk5YgL6Gb4JIhWE7m5RuDPCFwIy+rAYypK2/eB//3Zrbi7TrN+102W3vQlZl5UtvvF8r+/vy7sIkuD6M+b9G+7Yjl0RuRxDUkIKo8VWdVauhxvBEMiBxho9by6l9M5o5zojvx8OLhgpn5mfnhaOvayp6cDzyPnVdc855+52ZaABU2Q8P8BFPYkO+wXzQ/hMHAFpj5pVP8tUaqr28cZAUMSf6mgnr0PczvGs3sVPsXgj5n2wJMpP0b3ly/DufRW8ouTeU8eaJNUKJ6B208Y+gy83+/h6nj63Ktn+l309kvANPhFoGma97/35+/TtR8QiAOK+pK9wv10fn+G28U9mSjwnNowNPP3v8/fn8hG7uAPT0lEcjLrxvi9+ahGYIRqBT4VX7cTTC1aPxQBQnmAboBzi+X26x6bwK01X2R6sWUi1gR6d448h+/l6KninoEvRwF2z2TJSPtJX5PhbK05gCeSORURZX4KHPnLfRVBvwT5De+dVOOuKsrOAO0OuVglUIVCoVBcDrpCszW83tubM/95i/0TfzIdgjAuIojsgNwOkDMFOq0wN7LAQA4Y5lMpFyBXMHRBZCqHKR9doq7HtRhdSvmsJZvBkOUKrA32qLAvNvMcV0P7AVRTU3RSgiixIMna9cToypWcpKKyXzHgp4ocwou5mZZMmXmFQnE5SN0EoZPzffCsc2DSer+oo04kkxYJVJaxA5y9a/kFV09EKsU0MDBiwrCi14oddkkfdQrWBxu0Ql/vdljNbkEw/N3BOvVSeDxuJ+8njUBK3lclMEUCrRDgGgjipRRnq43+oKSh7hIPCEfcL1AjTk3FldrFj1gvx0AjILmfXJb9Z0oI73m55hbJRWdIUo0j+nzaSC5y+axvlcB+sfyv/QDRLpm+Sw26YUP/Gc/ReVcoFIoHYd3HSNdy5sFWRB1TYGAYgZzQLkz93NOSKdDbf2QK9Bpsk0yBIRGQJtebGO1sFMe/7qm9zhS4UoaZyl2e41kTEoHPAqsmJwP0HIEAU7KK8jKyStxYzmaSkLIGpkyB2hgViqvDNlJxMyCBfRPaW3ShbTupXbOwbFPyZz1u2yv8mvGbAuH1avohddceoBR1zcrh9KEEooEwDRDauzc4aAXSH3WXFsARDecAVfBbQCkTS/wikWfME+zZSe5yjXydmYrDdZ7oy2e7YThA03XaYXig7osGxLVS4Z9VhF+4NLdfFOar8BuHCBNBP05DdL0cHWfapkV65vRlddxsX2wUT+0sUOCSsQNGTXkxMNQp3VDojayc90PCtm37kVDjLtmR9fU3X3uUOonW4a9CobgPdO0ihcpjESj51jmmQEsNbZ8npH+ehQ4gMvn5fbfgQm4PgiILoHVF739Q/QsvUnyJMLxlx53k6AF5zG4JdzADp11wgYLKbo0oRpgCS42/5IdzovSNr00o7DZt4f5dc62yjzvwJpamU87D8auK0/Q7tkYaXeeiMU3G/AeM50uhUFwS0uc8m3dTtxBo/ICLAgn9LNF3Kzr37hvIDyDFgQ3Ads3/JeuHu+JGYsH35fF6v/uV634Jm6QqNoRJq05AhDaDFKwzRJD5PUjxowh0k+R5QHk73GPoP50Dh7rV/tLu4jaoVt8dik+byQCrKvp9A9mraR3YZO1K+9GxHoRFOUL2b/v830Golk0C6XKq7cdB5Ecy1nyJ7GkgEzv2dReHyHMhKDTfCoXiC1zjs6ArFoot8GbqXn6ay0n/rJnpn/nBUWDyc3fl+ktpHTud9wPZJ5Zx16U2A2LE9PE2YMgo6QozV1wzCoc+yELHL7hwFvxo4og9ZQEMya/afwSGBLJlGEjl6RkBmRneieFA8cuFZk88YVo4/jbgSWFnjID+ByVagjeB9qSKJwNnfUhsAWK3DCj5IwaH3KJ7RbAs36OCbgMiWfnl8Od8NsHNhCiZGKwZzrM30Mq9OXqA/8CdKoTzW42qBFrEo4WHA1c5Lwgo/7vsLWPtOwY03UNDyxOA0w7rMkJd11EHW2KTViZ1lKAo0NdPJMsJc79aMbDkNk3qVu/3FqqxvJoXNoZZfsGwKj2Zva6/jcd3vu2na+9tuBbrwtN9Yojrxr8GspdeIOykpJb+xAolwYPAd0vqGJSnoSW4yj3S22E+79yr2FE22l2pe4ng96QaKmFPMi2w/NHuRV58mWWfj4tAJVDRED3c22sopdgOa6dZ58avUGwDrXcbIQxjU7xLZpGUKZC5MBNKd/t/cKHII4cJU6Dz5tyt7p+9a9a95VwNK6AjI3S3Njg3hNx0wVKabiqyz+1+Tk95ZhebMGn/GZQqK9Zd/eIELbuwOCr7Ucx7zhQY81gVNoLjGAy6o7xiaINVKK6CuXkNAYmd+kz2VE+Wirwu+lEMYmuqJoFfv5PWzO3oEeSB4oj4Z9xNIzBOQSSCQC+3G0AnC+EirUYJEy/YHeCkph1WHqUKGKWLd4T8oCXz1lub16vfzxsuhmioeLnqMJ1UWFvPP5+/7rOtUuDXQGZKh1uaw4MbykLNNMVSvN7Df6nbqCDHH8Qn73/v1+vVW4aTBjRKOF65ZiVZfaXUOX+SVD2seYP094qP2lgD/7p+fX9t7qOwRce5oyBXqHX9FIldSX90fRjN3kCpanYe0G0E7BBzwDkSni/aQUMKBXcH99IK3CKZfRifroVOsoL41Ut8p8Qpn7YwaHErHgOdtCieAa3Ju4MzBTrMMwVyn5DcXTvA+1nCFOg01Nj8GvkTxhSIK5kCF0xU3ZwG2UvgcgC4kRlyvL4uY2GWrgQpO+CcGX+hPewVmQIrCYykjTDOFBh4E3ULSqE4CDpjWQccsYNMUQrsqp/xeVpbWaVq/ZIdPUqDPVSzAs8SEZ2vEXYuxKrCehAcwQh7/VYznLM7ph4skkWptlb4wHyOm71e+zv1C19Ng81wvVtHXdM5YbSduSH0NEx+j5GyzGTT6rhKUgsYWIEP6zH8RcReAn2NMFv5PPuVxGD8M1W2mHqdBXV0qYajyxUZFi5SXfK8gZbl0L5abEeewcIwuOe+0xx0Xvouo+34uGJEWa/iRHU/uVLgMh1F2K6UEbauMIaKtel72QUhl9mveqGRp9O8igsK50cg+AV7+BF8vX0X4C5B9wXQflobPjquPHhuF1TXzjMzLWoerhs1U0NF6wkhyOROtcrxhk9Y4rUEps8TV+zurjaRZIEoVwFWd9kUCsU0rvFFEPFdWpFJXRKawfhy7DvsogSmN8/85zYYKfD1kbdbDxSZAimw+pkDpfZYqWP2C89CHGR2LJwPG719M9jBhQv8fKrf8PTpjOsjIeXRjqNLAlEWbuOEIAkGkiB/NaGwF8mJWo2F3SV23EzYASHPZNUMwMgUmCuBRpO9kLADjuVUoVD8gIPnIbTX0umVUMpUbJelGb8EjmrlZgwmsszt6FMg/HBd5JKWm6mAYJDk/PM54Pe4fcMxh/dOrAVutzRV80PuEncakO2tIveDyabr1KPkTwj/f//+1+/cfT6W1MZrBf4HhykF0qRzZcN5rsSmdEUm4U/+Yfv5dNuPBxa2lyt1S6Q7Pg4qhmegNYANYbQePp+/PthN+gyqWs/BWK0fTZhhBZtoK/h+vZv3qxJI8ovK3j5lVkwGsKnWCfH+n5xqRmXAy19CHs82QH+a/g7IkrlJNSbom8RAvjt11BTg/Eq+OepHCHa/Qvh8rcvKYA0XNIQHL61aJSkQCc+Q+PyV8wzITGlARGGlPSCUuLSs67RIoVDM4Rr9oojeWd7X9yS8w6E/9DfReuY/HLhWyC4oo7ueFp07OHezuGrp5sx/ZPza+2mRm+Y98sx/aIfUjksQRvTiMtOv40Z7VZEOZ5TqWPBuWu8O/M2o0Y3Zf0TK3pfb/W8rZm4CpGN0zEKdMmPUyCKbI2FkvID+gakq2lYVCsWh+HnOJlN3wivsi8MxDFLLcOx6g1TqMKEciZJHY0MLD9o/AvGVwtDTcLHebnrPEPMZGbBp37Rjnaak6WHufKRBEy751vf2tm27I+Tj+t5FyhF22SAiz9UEg2BVVP4ti6YdtALbcJTxF43AQz4n25aOTzJhdsnDprhpn6MLF99gw1awXQFs2TRvyv+0G0My+iVXCe0Fv/VAn7Zt2MelJiyadkiPYOde82cE8yEe28c12Nj7puf04dO019jNq2d7MseFWUu8bavdIJI4KgD5cQwpYsBUL3BeL+58hcbdIHF5xQHdNqg04H6TRJFfnwAAEABJREFUiKvjkrV9/54XEYNOgEIQHvzhUswCRY3qFE+C1toZ0Mxo5k3J+fN4TURgCgTGFAiMKRAYUyAwpkCIzIBWe9D9hz58iE/IMQXGt9lyAWcKdOXMlwVCzoJqIbdHjxNm5Mqb9AmT9p9BNRXEpOCMnbyJY8qLzLQal5SqOyYIj/L8em3KwkyYAiEUvUKhmMFF10/osimbxCZp5t8VIRCysVMiMhlvghu1GTZgEgJ7cMS37sfkfXGdk3xKI05UJMIN9cXkHr95hPOethsZ4IgrhofM7ndYuRJg+T8W/mK4aG4x/Pe/f33q/z5/1PnvvfFGwz2Q3eatg5Y4U+lK0+//iOHmYByudPz7+zNMgfFbcOGv975JIyJd6rXwx0cVZ2KrAti0QmNhboUbtju5N8dVMHFd5nClbPfZlKfxorCKUFU59F/b9/sdxk+V6p7cQM22Gbxrxc54FLEcVVTGEwsykKcKliAbbg1DLcSuH2hANxLO5PjyGZ9hK5RjFhn4dsiZKGYQMjVm8BfG0AeMQmV+GvcYF90EF820TugU20NrlUKhUDwNC3Q+3hhI9ez/BVMgMaZAYkyBwJgCiTEF5hyBjCnQswO6UMCyCfh4fVhjmm4U9lE4U+CkWZED9wGejm+aKXB5TIFtcTI5GeqrkJj4IBhnB6yZmJlpeG6Fhf+LzxhFYcoayJgCQQ+OKBQLce0p9AXa8QkCepK+0CqI7bdFZpzY/0LwMmRZAzuUPM4416tJHpuJzjs8TOsba78wtTKXgakGLVVepkEXvUC+tQs5uo7MhYkbSLI+AadsUxwcfb57Wom3VABkz8KseECfe2v5/P2VTIFEB92cey7s5BVyU6EwwKvPyQ7F/aVhk79hIzfaDpuvcaF2RPeGbSk0o+wlFl3b/jffZKbPBUw4wV5T2WXt8tUkPIhoppn9gCre2Z2O66xTsgnhSA1wIiPl9O3KtcqNsA9O4qX6UbctMufLmE/qIPjm0Vf5OrwUN41Q7PgR7WawNKCdgosrdvRZFwabb8RnddoroJMVheIWeH47XZpD7bFmQItGrm/D9xdY+hyjTrS5vYT4l5z3cA+hc2SG/2MurWG8gTZUFxVjCnTuPg3JSj5FO0KcTCPLZTTjy0gTU+vwDsYsFWGtNAGy1DoJoqfay9j7cLG6ofEfd7/Sel99YxzcoxcmFasQlGpiwnh+FQrZuPl8iWTesSkcErvwRF1GQJ1HELqkYZSCXl23AynWrzik2olkCrSb+FiO+yXBTzfmgWue4/z7yamife6nd5pvGOxOwS+xO1VAc2/siP/K/xka7Dak/FkkinIruOYBFqDfpu47wL4EPp8P3aQr2K1bHGaydFCHeO0hRUzdUTXiLkMsnf5wzErjwh3K7yW5f+Z+TOMZ0tcGYqGkiRF1UfQTLuiOY0vcsjHgfNBmUInBd9MgvhDa/g+FFyZ1vwyvAltwQz+ooyKmqnLkL8CvNDuo+ot4oI4LgipVYs/OakF5HQEn1clifzZ+0p4/fH0KN2xQfaYlLrDJJUjcQznu+j2HZEJM+KVzuzGQmQpFFaoHcgloMSi2xtuP6y0dIIbDX47Lj+x80vyFwBPoxkhmTGyIAtG/Ap5W0PsHZweIfHwQCQOtbh6jChxRnptTpMPSBZHqtH0WNg+EjghxaeMaS0Tdb/y8YsWEwiRg9IuQsgNCYa+HkYLJNmH+K5Pls8IYAf2raHU3ZfLkKxRPxvYt+vrTCX6dnCzcRVNga7hci5np9psW7/e7/bTDlZGSIHyAIrN591tz739vy/EGYmHG+mPFn00ckFmRPU7p9TB6YO9hoTSILAmfv0+7PSMd2elRPPeVqdKh22SlD3QG9WAwNaoxkdRv5PNwUDHeYFQxHMA8ZoNHzBBLIvDJAyytuSXQcQNJ/yAmo5xxL5N4hAzR82g+GLVeru3a7r84qhzOnr2pH2d+3K3R84VLi5x2qSWvpnk7msMQS67yR8zGh9Z+yB2H324pBQ0vNQ7jbUy9Ho1Tv0q2Z1jSQbJZ0iNg5oe/6TXdWC9QIFzPf+3Of6cSFnsoQE9DKBS3xS5fO/2EGqgYDoAKeQvQiuWtN3iquMgPCAVToPPjGf7cnJHCFNFxBgIFZ0tAiNEOvnSDT/QRgbejd3cu7B1K3gd33s6FldmdOcNyZ2IioJVUAtOBVnxXtAg5P1fhg1LlPJg0o0rkxMVh/BElkVKQcio38yfEAIEw8JHt85GZUiwCwVjL0ZnQl7iBRqA1SWLTf0KO19cw+60XVdoDr0HTdNg+9bM9AT9G/THft/wEnLUvczIGFo+G8AR2SFzhIdNGK5Zb62EhGdpLmIMdz48/HUuqGep7rg9/tMsFaA5OkZ+uuPNeXsb+DaaJSLRl5aOFOfBpheHGcKMSOFYNqGJ7EihOt7fHc8fEz8oZfvVIoViCE6vQQX32AgWwBdghsYcmqqN+9tCqOmAAau85wKkEnq5dM1EYGySsCL2LWxAmiq7D/r+Joea1kA7My1F6pgJIEH+Orf7T5M9cgt9IqcEaxSHVfmHuNprcjWYoZO7L9lwJ5cMpnN52fkdf7YevA/yemfvpBSIwug5hn0eMqxjXzTledPR1VwjMufihnryu7UbQktkT/cx3oD2//sD++dVgtWaWIgfN7JyU+Iop0MyCMqZAdAo24KzRP0CFKbABaOcU5lLlOYRMkY67R+W4aI4wBTL/ngAfmSpe8jG0ynGwQDuPvcDFi1WTry5NswPOmfUwGaZaSnwtk5srVm/qsqBCFiTNCGjp5/RZQhHbp9GZeT+vDsksbxKYca8XQz+ta9y2t3PncMTBZvvgjGP1J79VCv1EI/5wLu53mO0k9iTIT/vpPh+YhdMKpPHn0RqnLL6+UOGpBpx+QMHYHpJGZb+AQDAT8uWhtfgKIG0dN8TebUfrBEP7aQe9JyWKSfCLNGbfvUn9u4ViyOZIS8/tG9wEw30B3aoDMfMfSHLHhRy1why+qSwN4r9//0r9RZ6TnOIwTGcoUQ2srQakM+WVqesF+kfkd8Ey4PJ51E1bUDtUKZv737uBw4XxY5LdlilJ6wJj1y8OtrtHaeXtS1xeoV+dEFOhUOyC4X6tfuarS3UnQzUCz8FXTIFuupUwBbpXgILdE9FZzbpc8y9M2dxEDln0TtXN2+17w9EkDJfYklXkY3byd9wOwTq7SV9mUrSb8CjMMrlP4HaaNX3WaOz642mzzg6YJmTs7TmMvOqFFQQQi6nMokLxIOBiRynQ4Y8QnNmfn1HJ+g/dqzGaMh0J+5rtxxh1TcTqxTY0pHRs6GkVumddfoqzj4xyXdM0w/9kLrSq+6mER7Qx0YcNCv1wOo7Q3aQmaKq6w1KQXOMbbZj8BL6fNxn7cGALVmJl9mn1g0X4tZ02hhgVQPwRJoF938h43s3padrbsTg1CXq4D4aLFF99T0Fd+Erq1AdUCAFOyWELgWwl001b7YpE2QVaVQr0QHu2gx1+kIxNlIH2wkSV3TbFu7WOarDfp512GBivz3n5xkyS+iS3bVvxR+F54jjJhshPy1HNw2pYkfZTz5f/bNS9QbmdQ7kHSNkZWRyFz0sgfB027QUO7FJ+iko/inDl/n8PSNWF5H8UCoUASNUEtnCqSTjj5UzoUh6DCqMO+rIJv41p5zRYrJI692AP7pC4k2H+6/zFUw051jk3akT/Dt+uCFfeDvaGaaw1THOwZLBbYlrqP0f/V8SbScrR8y3Qu5saA2MmltS0zwgiCyDBMl7AMvxxXzG5PIupDKPpFjQcPT/nBUQWjEJxIyAoliEsbcsUmcz9UTvY/WEpDG6HfsX2/e9f17Z/XQuiQH5uc13sUp/o98X+e+L17vcmGvr7e0zuMbMHZTlE7tibr1fT/+t6C72iT+8rjsJDkOZv92n/6/7gB9CoI6WPd6+T4VgSXBG7fzmapvnX9/Nd9/f5SGcB86f6pONrCTxxTOyG+uJrxav/Trxf7V9rtQ0U9QUnmcDJn1/jxo3Oj7BQfNdxBHPMkgiuUgxaIzgheAXbSwePiWYF8MdWkb2b56Wlrv10sCG2lpbdQ3n1049XU8ZCXN+PX9DMaAz9T0zfjgs3fBKJIQC4CtD2jJstNN1GL/DnEO4JdCSp7Bq2K2LblOFeAW8SZNjM2QVSFWB1QqQQDW0ACtGQyhVplQIDz5/5wSY1zJ1vNNhpCWV+3O9i0kLBZDpx0b137Bw7oAsXYyjObrTVqOQFrDAF2vDRXiBXTUmhJAhpggoTCrv7jSNmDD31ze8ipowXcNJM2AdrceVJ5DYmw2hOMAWKm+coFI+ADuOWQyal0LUWFI8CydwQl6cROCBwWYvDNyLFCUeue1f5CVAhuosKeF3XtQs57kZA/HALxE0U5PsrNgltv0w9XJHVflrItuoQslyGH91Tqsmr35Jq0NAeCteHozDvuxG27grdVPtWYrjM0PXJY+hda8RtBKf3wozgjmLZTfXmMh3ohqXyQ4a+TsXDBiS49x78ggTMYse0Decu/vsQde5U+93Kd1Z8K/ODo7XhbiOwr4Gb5XV/kW0fw6Ai1c8827aqvMgVAWsPuJ/UU6ZYWLy1PqF+npgHxWfTScQ1Z+YZDUH7EPJo1r5O6VEt54eoEOQ0cYe+8//8fWyWr5/3nb7T0gpdIRCW6kmhyKBdn2J/nF/LRHZ+dlA/zhRohj7O3dgbz2yH5PbZepeO3OcDrXYfsZNjSPE4jXUMO1ZBqc2lBXN7VIKDGlNgw8wKU2DwT9Mqez7rMOp17OVETlUTMvtydsCaiZlZxDXaiojRFXI7jDIFgijoR+4m0CGqYkNIbfe2fxfXmMQpy5D/tx3uUWnoPoW9iUCzBflfCj0MDjH85x64QWL47QejXCmQDS3t47bfKPmV5oFmHe05oD4uHLTi2n63Ul7X3m/1vN6vv7+/7jctzK9wnW4hOdu2Ny7bG2abi2fgWNlMxEZzHp6MqN2EmN/zoDBAXQC4OXapzP5OxCzwH9QHtsJvtfWrhCD/sz7+VXFetzFiMG6AHbu1joazPg00T/2MzI4mmMc5EiWcCWILVJNwXDtys77NItyoy10ew++R9BPP4Tzad1Nd2sDHQiA2A6H+y4VK9k+mlMi1GLmD94npDhry/bMt0gh+N5JFy/9uL7EiqoWwC6koaWmRiD7DQssAXzlEDKHDoqKs8raw5S1ypjTCkf10YSRDfoVCoVBIwdvNDeyla36eQGxGQI6Xw9sDnZzn67DuYC6ehc6+67Zn0LxH4GmZPCGdo6gzPoj5CXaICfDTluCOfkZDMQF1k+ru4O1mQsOIZaIZKfXM/8wO3ASa0yHkpkEyuioGF7U3FmI0Yl9g9oe3G/5vx8CYSVKhuBh0eKoi2BJSuzsiafWI/D9ppd1/07sNNWTuVW2uxRWII/ZUqQ5Sxbp4Vy57nr5s9O4+YTfiqyVaylbF3Zh5+A/zXbA0sYmt8uhI1jqXcuE8eQo4opu/fu4TanYAABAASURBVFd4aju4jEagXycQiSiXl8GgoE2dkD28SehESjEN9Ob1WsrhiQpXpNIR8V+9d7rPRcpLerkf8hFvkBQErheLWM7IlgXxIJlZCbgjYvetDD8UCvp/+8W9mdYn0XBML2U0LLafih9FsdJIcn4vfrSD1QbzuCj7P3+Uu+V/U+8/o19Z+3w+/tMoUE0sq7WX7tR4p/01uq79+9CO37sLi1DufEl0znWhQKEocXajeHijXL17paiDvv9+vYPC2KDo5oe5aO+2NY/ME3R+KD1F61fPzLERy9Vn1eVMCO59FxraG36dCxALx9uDH5uKqMEwNeW0Sa2bU9p5kyILy4KAhT01oTCtjLiZxzZmr4VXZNczJ0KWLRwzGQsgM+26jjN1M1VxMuQOwJdgc+kE7hCRLT9odN8T62sD+sVbkFfi5LUCRYGiZpy0rtUOkRDnRjW4zHWv+0hTmj2MpncC1miBD7jjL+yqC+jrQAvdicY9nd++pN4ZPWCfS3Pv1G9QcgQsh6gecNOtix0kd1RhUHIDwTVxRPKaHq/XQCH6K22rQvF4TCy+7dpaF3fav6diZVSYEqJtIgWaiXO78DYDXllZ9Cv8npPnyGI5sjkYQnGwaun7KbYU5GaKZJMwWjKdi2+fenBMRop41sSAc3yRO8a9Bn24vzP3J0BwdX+ryafZjEJsmIPdI3QEI2Y/K/KERF9+N8wr7No5kL/g3L46Oy3i5TDxffI8eX0kDTaGJ6Xjb81FQ4t9Xhj5puHDPwRdX8Zt29iip926up8C3mU/p29sw+0TYUtdEjAYV8MuRX0RiF3EVSgUK6A9xSjopw/Xm4cTbHzIGo/iELMDG5l7//ZpNL0zd7f6fZYp0E8oQvgU7ejYA2M85YgkHhCiERPqZsjAqOCquoSJRqGbptR9kzcRJ8NCJ7yoTpnaxxLHy8qbkdwwM73QU9MoZvpfCsWZuOTIe3+cmO2X2Sls2w91Mpv/bXu9rypN/0F5v19kqMVAFmizJcu74QL3SB4HTK1cs847BTU7YAs+VXK+JKzPh7HxfYU4akyG2cTtwUOO8S0HhEwBSDAxFokfx9K22mB3A42qhQobXJYT3a+xteQOLgm6eNkfLw6d6SsU4rF8TzEOiDfe9ce7dkZ447RXsOQbVM2svVJQ+Ji7Mjf7vnIsb5VfYuN625f9cJcoHI/9G+DiGNDpscHBOEpZEuZSsWXm+xo1EFp3+fZW7ql4Uvsx7uEH9Hl9D1yGDdgesGmI4s3RjLEwWYrJmQv9ug1Gq3/vDssYli6m6P0v/VncsnPd77t3PRG2pkGCPIRR76OGe4uB56yd6ALFtlB5Kp4JrdnbIV8ZjkqB8dvnmf+sg9s5Je8+wxTo2P6WMAWiuXF4cGqMnYyfZrkiXdAw9Ip0/kCDO88xG9AocNJ0mWZ2gsgIyO1LTD78KO0ZxjUFGXXhMqZAheIAXLSuDTP6U4f758rFLGg0XXuqCM7DJdSljqwB/begafrPbkuylAKpWKG7PDaqFlZNatOM43IPqQ2XBETQbaLW5E+TuEBDZG5cag9zmEGaXYNlw11iY1vnhFvWHvrCw2KREF32Y3sELtGlnwdaLYAr1pVf0sTbqewJTtmNbiGPG8r06qSJR0FX0DioXAZTKALOaegbxrpQn2WRr2Lhc3U80wH/CPoysNVJ76jD1hzVFrdkUslwXOCW2o0OHHlt2/kdDC6GrxUtR1/eTMgbh26yDw0erztRZmTryBfHgBtvp+CiWEfePLg5Ytwf3CbmjpYw/u+fSxyPKq4nom35ua5f4jcqKYYlqYq6YIhpi5z1C/sjdZJSo/6U5h2tQnhZ3Z7+PcBdqQJtFNcSIRkckO9rgWgY73WRpgcUiotg8YYAKB6Ghxep1uzf4Ial8CMypkB71V4gBvQnV+w2a2Dyi+7uFU8GSHYQ4Uz7gIjiBjX5zWoXkP+P0r/2cXgLCOKAO273UnICp+QrBP5CNCONHjHxUbj62LMAEsAak1LFu2QowRQZq+YajAaTaEGmvIDuPW6iagYqdsd161iD8O/fv67rPp/t1aRu1bTEfWGJtiugu5U0hQ+lHNwpu1vWp20LGqv2Cv1eyb03xcYXrP1y8N/f39frTnxhlpIRIEG5MLsYd1oQSrQhZYH89ANE4hlsqL/2fayhy0W1CxA51XMnBEExQOynQaFYBXT/aXsZEIb3VH/2A24l3/bTDrvEw1wG5Y0zKyWNycl3kNZciLq/j2E5OKCnmG1oJ8oeAS6hMLJ/MVRLIdCm7RjrinyN64LtA0OTeEwj4LGmP/eMGfOYPl1rr8xujPJdR9B1EzsIbCPyEBH1pfF+Nf1/NkIqU8O2V8PWafQQ9lSd4dhV+DfPksSOVPlLfw5+TNxB02gbzZfy26Uh4glq32diaObtR/omuSoIXBA6KRUL1Qhc5U8xj7osM6ZADHO8sBSEds5DaBn+HFu6czfvIfmdYbcFTPYEESevQ4xDCnQnbKL6HFFunzedahtkjIAsMyOIaxnpPjcWJhSmi7IwYcR/Hv6cL46YJeLD2YQFkJt1RkB/lDGc5qIsDoXiW9x42Ihubvvdu8+A6I1CkTmXmGmCw7SFfuoYcIl7rlNXccEGzZrgoCXVNdR49bi2++mm8GQQEuIqNwMo5d6DdGmlsIXU0888gU3/79WYcIqBzre4UYOxK7ggDH3dsSvggnUCbR/HM3/ECOVqoyBJ9ydXN+kdRQRF8oqnDFS/hGOFFS+HsBEIigi/GgWKKISjlQoujPvugW5SpfcfTmwh4G9TFt9bkAQ7mzAsgXqU2sLpQsn9prhJNZkLGNZPN6+k5vdjn+9uiILzB98H6ooV8e4pgLPyNQ+8xPjp0G6IUZF0hG6dDa6D4T7jPj1OT7HeM1Gipsh1AsunuWfzwyuCTmBRoZgLi14jHdDI69Ulx8rrY5lfnLj6i9cfAOyjFyjsU2+/6eY6scutKgkedinOhPhap81OcUlsut7/DkHGAWDGFAgwwhTIWPycfglBygjo/jEGQReOW6Rma9WBTxAWmlDYWbamGm9QthubayXf3Gwv3A4RvAkZL+CkmTARglfnm9zJpKrNEx1mZsYOGE1gYlMoHGiWMk0XQCtQoTwZWroPAy1am4KzgZk9qPoF3hKIrsitCUvf8Kd5vf/3v3/twIH6acJoreu6v1+XL2nMJf2T/zwKr9fr/e/9+ft8Wll3ZDuYez5AGIaT8e9BKbAvdgFD3PHydQ1d8AfsgaW/Zg9iaAjvfhX78/nrt6sAdel4YldIEOLCjiKCtGZ4cI1AlYniQHw9WjmznuoagVUGwrTHWCKWp3UvdiZ+vt7AhOy/TNmaEC+qKvujsuOKiMwqDBYLIDthtY7gvoKY1w87AHyP7qioLjnFooHkrIXdF8BwmZ8Z8TRN8+/fy/UfbI+TT9z4JnTY8I1bvmYTi8L7xOwhDVQoPn5ZYxDyr95usOn7vvfeMoVuwfkSmt/HIS66Xy/X+1fBK/TqigtBF9JAoRAAqxTodqDrTIEAI0yBgVCPrN0SxJi3PcG02aayXINudAbIWAO9YpxnCox2EwSzRy28GRN8hkabMDKzdM/tqSvBHC/guImZCYmdY1KlkdEYpvZxpkDtzhRTkFxDcPSHAAQ1bCEY2HRwYNPpuq72GJ4Medug4eMI7DubfdqRu2Wr25g+zd93/eZwsRT8CspWqfyyGDqGihh3mg2eRWd7mbFT27Xt34fikYCLHWjeAX5IGeyyENdMZWGYUPATSgJBgRNtHI8f29xT7wm/fjjh90HN4MdqqzPfPXDLviQfONlVrBvWkA1T/OrRNP1saHJweNNPh7b9XxCWKBFHl0ynsaf8t1uywnVe/GL2lP6PjIr3DWnS4xQH7a7HDguoC2W7SCNs54Z4iduDT0L/5fz7+2/gjDM/o8LR5eUxVsFWJJzI3Kneub2mS9SBA0VvhpAosuIv7vlniqMfeX7+ZhQYK/N6yh3rd6AtO5y8vMbYPe3360XwqjymIgH8b5KqImXsXeIuWAa8EJs2BCVIznGHLv4HaHkrFBeChL27Df3JAX3XWU8JkjEFOho/yJkCOcOf82zHNZS867kAbTjxLWDu7j0KT2I45ikxLsDUzjLiXnKHS+zGebT7LAeWPM/PV9Mh9Ax7MK9z6NTsbPCTI4KJkOYwlwhw6WU/ErsLIzMVihS4wEUcVASPQr048fV+ITb9Sh7N8WQ+Cp6/d1vssCvw3coizj22BxqCV2sw4j3u4hwZQ1/yFyFR4Bs4+KDbQLQ04UiFFxp9yZyk+Ova7u/zAXFjACJxWQ6DXqnDPT9dgXsDVz/gEM4TSAAXavn5d+MAUDYPvApOqJIo65rHtTt0gic6OPnzJsDtPnWv5tVPiGDgVn4eufLvpbs8hOcOvTDMeNbm8Qv5r4ni6+L9tqz8TDFRJMaqx6UJuW21QdztIkW8VWtCf5PmOWleVAZjmu9fJhlnfl8a1cR+X3Zdv/zT2kqQ1oENdO4WAreNYHlV7r21XYu+DVym0W4skIloMNyivntsF4IZDiyfYLG10gI06JV+4Gwsrr0YYH5WFf68tWIPG9due5b4uzXYlzNZEyxM7ky2+AL3TEBYvyP+4ZV95sN+r4HKCnw53lcoFHvg4S1xafa0QzoGkSnQLXbwUQKm1HhhIMTJ8uxAITDTOW4/YOpz3h601yD95IzZp4AVW5F2cMyHwAj1UtMPby0XIcswFZmfiquWtjEzB+f4sMx/c+Y4IyBedF9IoTgX+LMHxZ2wTI0CROErdalSuyGzRQ+ZV65fV4aFkBWS/dH2S6xtt3KzZLSw7YGBft2W0+RRNKhIwUiyit9soatfFb5aRbKrRovXjh4DcmdaQBheTdNv7vf7+nUCVAmIrfpRWDwsEaXhXoFp97TDLvsPUj2nQC7VCM4RwcsQoA3dIT27P1woXvzinQfiQTnfLCvpktaNaG92S+nUYt3cWw8ceR7baA7Zivw6EtyYMee+laaYJ28f/DKcLDz0/y6OepXfqrUh2wkSCac9skQCu/dwG0QwVp/HwrVUkfjI7980sObyfCm4Bg8PAlvRnYFZoM7nlflbtX6Aan/yH8WLNe8boF8yfL9eCwuxn033JvYZb6iSoownlkZWnnM62Xy15nrtxjKByvyoiV5OvD+EjsR2g8pzJ6hgfwCt7adpyTuRKRACDyBm332KembJCQf+VmmyEAjqJkzaocwP1uwTvm1wmCjeAdedQ0iYAoPJVe5ggRn4CJGm/I4mNdg8AaK3V0zy5ZGbFdkqJELHcwlUHLfHxkW4+7Lc18/nMzrhw5LtwpSHr5BrwvmfzMGz7rkfmZ37qQWJ0QulDt8Dw9YFFbdNeBQLMzTpA+71cRU4EJC5gmN0AhurESgv/5aT/Cr7UbjQbavoho3qYcWWJFJkDkB/fB82F8AN6eaMDLZVjryfEBrTIXaVvZtTcCUB6lzoAdivEO9SPfb70CF7eeTlAAAQAElEQVT8QDO6n/hO/LIfXCd+iW6xlL6OZGN+PDZRnsGC1eNjYTmyztaBOTt+uM0oERe4frfagVXr8vfPR1U2qxKPK2ri77GdFAHO6QXCFcG3/jYPGissnDdtBKvwTad3Dx34qUpuzI6G42Zwc9hxbnWomzfkvpY3Rj1uuBSnxjqL6ctx+T9VDzR9BHMo+8zd92X6jCwYcAVFiN57Q2j1A2gkSJoOZjoWiQt2CsXNoM30ErjAZE8EjFJgPOnlBO+14eznMz6tuTMNvUwLLiB7CuP6clPFjiP2Cd9B5wDLtPh8B6bA4ukKEzNz3K8FTSTa+fiCKVCbjEIkvpihKrbfRN8JO5Tuhkok/EPDXMrfXFXOfiow9R//1tn1WDDVGPop++fTjikEeF2Bdfn28+PKlzmRYCrO8QXo0bJ0K0a0Zbm8/737RH/aj6zvIt2naW8Kd5QCxMEtL8m+PvgKNf74cUjTvN7vtyOJFFn+/Xxo6OeHE/xt0QJ+KJA7jil1/pfjHImMb5MrzobU0dEo3PWXt8LepIYYtzCnIaEeoXZiHuwG4YNL/mKru+beTGQ7ACcmZYGf3RLobg/GZ3QEeVEuLFq2svWg/nBFvUavH/Z99m+ye1M2Nnt18k3SvvGhMVfw0+HepGTX4fue/wbiCJW81PdEv3B/dB6+jHL0ta6jv8+ii5uHgXA35PkzLLBQci/yPJIF2XMLHpvm3/s9+50Kynp9ll+vps9uZy4vGuNwZD+SrKbe669jsmpLRajj4c2Ne3SCq1AoFD/iWcM3HNFM4z+tUiBn/gPuwNwDn17uDlMmZC6RzW6gvfMukSDP2TH3DUjhit9g5/cVV03H/AejJmFQD6nqJRYVYiK8NZhJlkvcGCPgtLAVAqCrtBEqi5+wuPdKdbrWSR1XuC55CPNHFcncGgvHgHh6qZ748JkZvm/2k2Y9utlhoLPtP4x+ka34C1BTfJj9ChD8+pGgRW447nmLRKxCOOfXgjTQVU9t7wySypdGIpUhHei3m2NvrTg2bMk0DXad0BYPpp9vGpP7Nm37EpUZJr+xgsSRzulX5XwjKem0RLFvJdh4h/tmtz/uJtoVc1w6rJVvrnWxeM5/p35sbVq/2ma3p7JXRbVN4S1ZRFkX09fpwji6epwy2Eo8bJSJM78HZGoMuDiwahgXRpb+SdWv3xVDS2ltKaQVeVkdNN6lA9hcCMtuzsZN47wGvDL0F/kZV7q7Ac4jht1UL5DMBgksgCEKNLpx919lIncLoLHDhDzJ7cr4dYRSpY8qQVcDSV3mHOqJqWLnkdcx9dyuX15qGPlqXkYZ9A14va2jXypMeGw4P2HzaBV74Mmi36I2y4QVyj599LvuPDb++HX0H99Hpv5W2CHY/W28yf2E/ryG+W77UXnF9GqENdP7waBBmKSyaodkHaQ0S0SVQeJj4VEWQG6OMwL6HzQ5rlE8FI9ahJqGoKzuBFzqB+dew7FXMX+ezpsxdcTySRpO9RdMx1Gmqh/1/v196Mtp2ApQ9jf9gRUfY/orG1R2mp7m7vutuFxjlfl5JLtAIVBJqF+3kqkdR655Sx0LSh8D04NnArOL8P45LfT/VNipsk4HB7jmkKycLKoXj6w8kjXGHwz8vcvX+fUIlgnmQPHhxo14aeVBQBT7SS3xnSS+eOuWSjaXxZJ0fqlwAZKJNE3vEJfrVmj74F2qOANO6Wc4wt2tO+kqNohk46RiWv4B1y7jLL2rE+syvUqWv8Z5CfBdzx9ysKK/OAWZMifi2bTaXwrst4Jy++n3Uf0dwbAltGaJ1HCFv2i4g+JTVass5EGjP3bCTjP7A+t50+C/97/No/pFLP/+vZvXC/GvaRu4IH7WpOp3Sf4+f3T/O9AVd8Y9Pib3Xzolb4Z/yByBrZTbR2NKgQTr3NelL0traWLFhSvuEdsKipcaF3bHFBj4ArmCnXExvaIzfayFaXUTnb3QVqS5+RVVbZ4a0dsr5ihToA1I7A6wAJw47TgagrJ6CiaUxFw/En+z3dNEq20+JP4817H2jwn4kVIWibcWVaGqDQgwX2ls90mTyT0GayLbOWEENP+1goe1yMrM/fmQSpcHACIJ0yg0bgGobDyQGw3v0HPdojN8cMVfJH+nEimo6Y8c0IhagXf6iP+cVqy4UPpT9jTj8IZxZXHj5M97YfPE31Qam1XwG1XcDcOjWT/DEeRq/Lf+5q6VqL00F47AlzvwqxJHP2TFqEE96qv6ncTZPcpiUFuoc3siYQlxwWD8bipkA+ppxoPbAm4iqs3U04z2DFUThTf/Qkygz/Ln05q17h809m8oIKLu8/lQWOUXuOJ2Ok6pNncjEy+xdpWM3OLi9GvPawDHfcx60bZdu+moem6jcg5NOySm7ZPV3ZQpcC4M6lR9RHEqtPp9i/0ldxpT4KgOXjyFkrpgqSJC0Zl7CXbiDjUTnVJ8GN/WTMzs4FxKvxw0I4bgj0WwjCkQFDeHrCWkCaggTkSiEgjsR+mG04HMOoVH2nkdiaTYmHqcrGYnTkOO5KoFln2aFDilOIl5t3cHr8y8Dj0OxO47Zu76aOHDC3LnyW7YD2xfQfw+nTb0o6ESvymEjh9yXLP+7pkqlHKiZAMcp2D+XTyHFSQ640E1Z4nEKX8j6MEJbkNWWZZ3IzO36dJIMGt8XwO+GSRkefsneHsN7S9DjNrBIzpD9ynUdVqSHXVd2w0MatgsVIPdItrz0Q757hqT840W3I5qNT+AHY/ASyR39Qfnl1TrnE4gjuCG7IZu9ON/XaMHIGrb7tN+2vZiSoErxKPzua2gktwcKtJL4+1vnrLl5Esr/o3ujoyE+2f2xHR70tZuxsvOJHOmyPnx4+jg7l7FwPM3/Aku7ihS0OHzvHmjpsWY3abN/XN5nA5pGQhmkuU0+5ClInkAANOmQnEX6GTimhCqNVRXfJQBcRqZ/usuDwQya7hXDpIGd3fw1XO+y2BA6ofM4QbacAeMAe++I7uRiGhn3RHYB3o95ZYohEnjjxTS8YwqsWEu0O77evssHjL4wDFHdHpwuOK9hUK5o+hCxXhA3fg9C+5I/fLmd//WUuYV/dWKcUkfxMDwpX1Ge48x+AH7MyQljiuS49usX15ZcOmk8u6Tzy+B+ADquFVou7bv7jrq+FfvzPwfVfNQ7hxdaOOWDL9FeLFy12ooDeJLXKt8gqNOub899bc985F/Apm7PwlmKfisOwZ3bpIJ0zEWOMY+52zCGp6a00VBG868agda3u6DAebijp9xe7J6l5jEczFqx7jgNRoS1ECe0Q84bT5kbH9jJrvCOOUCDAmjXIlQcRfIXR/IoIK4AaQV0o270p+KStwnRCr7RTiWIQfsgIXM64NpzcbcOdgjfW7TOmnrsr5n5HSfj8IF14av2OBPkxJXEd0lEbjCVXENoNixkGIW2nSrQFH0eTjqjuHO3DUV5bGyCyPOxb7XYAuZbRwnTr94vmLEqcDIG8X3TlCOSMgwhyGsv0DXb7pQNdDS62j8l0Ca/WqC90/q9nLCRaFsennylRrPvJovepXQzdJ8Ut35AlsPHeelfS66HtB5FXCHk6vrapl9lV63Ey5xriB6fiRoIKNQKApoD3BjfFlyb5ihoiueMhZAbmecgsSYAh1HoN+pJqPt534wpkBImQIDsyB4pkDvEnQHARinICQadDMmhaUdgsivQrlfi6k2kdIoMlecNROuw5T3MIp7tEwUimtAdxTuiqHkJOrPPOh88loQSNsbFqkiBjbfkrLeDwrf79dwE8HVCP+PwW4UiVf+vvdr8a/3qy96s1QreJjcwfov2lcFe9XaQEIJQnMMk0tap7awDrfRCLxydTheXNo6FJNAXfz9Ggc051sWDG7ixYBmHY6BuyQVdsMZjfCrONu2HUbdAGvJor4T3uUbABY6xGMZfWwnaxXDvlhxWVIlri41rxo2qQx96id2z8g3D/sGSqABVkcMdubMu97wzOZ6n3RdejDq8s2K++rKjDm+ES/uOvC5JKymOznqIZr0eN6IdJ+5PYre20Vm3g46jVdcFksrp1biBFYc6zqk70X4ZppwUPu8YWpaSjv/ycD47WCcgsiYAsFy/gFjCrQcf45B0MY9yhRon/qo0hMLFXtmUtUded4w0P1V/EJht5gSt+UCtC+V9pQpcMwEpQa8MAQPllI8QhBPbGiLltkEXyB8FVatg5LR+KgkFrco3Tg25BJV1v146vV6mb0qEAijDFRRhHnoSMVnC7FpXk2DNOxPktCBGcFqXe9HHvjedzTzq8QOkrg5RAffR/yQirFdRXiCQM7tGS8qwfktLnlfE8w7jx9x0yFoWLK7DLZNzXfFslJvdMMk01ahb1MfnWbgXnrWy7N20lfORNsN5HD9+NtdG7RsReX7BH9R3sd0PsNxlEE5khY3jiwrD5mm47adFE46JE2vGu3xUkVcoBV4cmrXbWQtDAKcOiTAWv3gW2G02aLXCD4vCWcBceWgYFXg3nK9GuWUQC+WMiuwpWlal/ywxy6MPzusNM5K63F6gSIXUxmk559D5Dbx2VChKyy+WcD9adH37Qj6IiuddzA/3W1EgcTPuiXuxEOg6EIhNKTA/EcY/Ft3dN7RBexZAAN1oM9foHiKn99iJk6j0slMC2RpXdYEKR2sYt10YSEERkCfA266MKqmQnEuZI2JntTqzlhVvhOMBs0Fsn5QC+ujsXxa7acVSBQoiiuwL+v3v3dfyJ9BOU5Y8ybRgyee9Ud/u4vMSWfBIs/XvqzYn6kQeOkqcIzI2QG9YyO+ILZRin+Q+E76ON5WgmJaDiZ/Ng/7np9mfHQFWFksCCefIthI5WIzlUCsLCULQsi2O/GO7gaci+GYNLVdR39/8P3W/AaKWtdAL4AGqDsi/bbipfGcKzWnL7NWM+d0bNpI3HnUnRfcJj5FB4o92UZEfPaAoQ48SDvugh8Xw1ZTU4HlleCcRK+Q1leCFTroUQiCxN58HNrcT4AKXfE9fq09b34Dr4Fj7HN2q3rn1PTMKAhTd8uwG3TfHNsfCyFh/rN2dNcA2zGGO7RNyLa2ghld2LZXxV41k5Ay09nQbaZkX4EYBN9tI8zto6bL2ggXoA/IqQe6P4qjQVBdy9EhgeKq0Lr5G8IVezvgomXTDCf6sQVZLGrhfIMgDNwNzcAa10obTjznvuRVnQgObHlNuC365h+HtcknN24WrA8aT2VJHhjQF109zvw+HWsSNHziG+QbVSAdtkI8Rw6/5mRfOhP84sk5COnRNuLAFtu2lQmdWPjf1PXYfcKzsTx/yPVG6axd79/Lg+Db6+9qA4s9KZIWY2F2dkgk60Ixc5mKfDbBGyf1i+nEWvTDzpZoWF5Bwxe2wRy03Im4B47WDsXaL8ccUS35HVPWUYdtuCnr15mIwVFyXNRypzBwZboLGvK9t0cDR+xnxA+niByPynjcdIULwG9cXxWb6wX2Dbzv37oGREL2LFFIZ65QKK4C7XEcThLEF4pQVgAAEABJREFUOzDwxYRQcPAP3a9gcnfiIXgywTg9MIyAgR/PqAs6P/ZKYbuj4/XiKGooIouWu0R76rM07dvI3svO8/mkQe2QH1VsqatL/JSZsQNGE7jYtRFcCCIGgXj+pFaR4oQy0H5nQ1y3DYXPqMDylqYXGMduokAPUQJd24m8mub979/n82nbVuz6zXMuy/5KJ0P8Vzww018Gh48FXq9X83r1nYDZn5O+kvu8oc6P+1DJAcntcbvpI94wzQdg637jTBl/kxcU/ykdw+2/KN9XxZL8CplFdI2xNylPXRu6XOx3FqTVCdxn9nmSGu5auAHK2V9VDEYB2vHiy37c3XXbHjU+u29ZrKnYV/tP23n+1DP1Aifkv19qEJxC8MlNdXF5bRknHnyw5iIf3EW5PlOTcUXcOOuvf2ZunmmPLu0LYBjaLP2oSR8NKhQKxQiW9o3ah/6AbYRXYQp06nPGbrTo0H4b3eQfMXF3zILuILqdG/NVAjuQiCx5PJigqQfezo4t5y7kkla3V00fEosB+IFRBGBMgesE6pKNdbs3R5gCAZUa8Gzg5M/bQ9z4/SuIbYQyVcQG0KrNn2c0I6lFLfAja1jjBBb46Zph5/QUiG4k/X/23kRRVlTZFiU0Z1Xt5p73/v8v37m7qVqpxpNOQUEBAVEYa81MU5Em6INB8ICyHl9C6walN8BPPh0zEknqa+UMYpIigBL668hRcPNO2Kp5OiKmIH6leIJ4bXHEw6c1oeldNLy4SAQlDVblY5BF+ZDiVXKRFCKAPfnrSsl5ViWEpUTAokMWp+FshLBNVwHpdMmm0GiC4IVESuZpVNOK06tA45WXA3EH8ccVsMxEC4W5PTebfvAFn4dGrQukRD4oWHmBO2ZsWZGHYurJawBkXfTMG+ydOSlT7ZHsF5Q9cRZF5PbtfWjieRGKGsy0YlUPXpjXjRGYAdGE90GURvdYv4+4rjHhYjQQuR0WeW26z+8s1v6EJ8odolgERJSL11zPxA8BExYf5E6jdcVvuaPYCkRFCEtYyrX6ZYNmKRCJts3J9skBhChnJhOyuSabiOw/GxKj6vUPn8TXXh4zpb/A8oh1Zj7isuxTF6rMbFIVxHCpxpq9Dv5uwO1NyUNWH2MDseiVqJRx65iRSJym7zDUyAJewI2yR5fAA0cHWHU50JGoCyy6VFgi18qEgluHCUWiak2JDm2VO+y8bf91QSx+LbE+CzEalBJBgCzHB7pQRuHdPXLEcuHkFd/+RMqrLnDfdpSbmZRLJB6wKQUst1BcLQtfJDyIZekqLorhg9p5lYImbYjVCXM6D+wRv+yzoeCXwYlMl2aydIX5K/0S4mPUfbfFGBxDPXe3bg6pb6d96YkGhXYQ0VPZsFWX4be0agdo+orcuG8PbcvrhhBgxOL6WccrbDwPsHaB3B4ggtCP0fvSjVyJEWo03TyesNXH2X2rVT/Jmlt1KrDMxmRI4tNyh7ter/FMSCCvUdoCXI4sXoghuEbB8VO4t1gBlI4AVn5jik67oaGooUvDk8DbwjpRW7orSy+wY1Xn/nma+9xpqij1SN5zlKoP1n0dQXhwN4rqFpzKIHK91PYtzxoZls4FuywFsD+Avu/4+X7TRGKWg4RZl7hUFFEScjeo2/BQKHYjj3CvJqtN18ipEMDDOTg90F3RkeH8Dzvi5W+CxhxsvzIWk8/Pp+97Qinm2n7gIoBuP6IFxzSBAF3fz589mfsUfyrGbjjitCCLCjnl+F3XlKPH3RPA+h1N7leK+L1ldNF6E5NEbLQjG9D7QRI4ZgfuXruDCbbq//fIJzY1BiDOEKUjUZv7l8/Q+EnSD2UPw8oL1H7rOM1BYSwR4fW5rWFZ+jos/9sXCsBBYfWInzxBvbJcp4AKpzSioQ/M7nW1nTwOlZoJbJP2hoaGygDKZ0N2+LFSMW5OfVD6SuTVOrBXLAISIi0Fku1SnMFSINFcwu5TLOFK23+7f2zez1e4mWtA5W37pAu3P3F3rUZtHdiJKMHpp7AypVwbPldxqYE1xERrrZoIisEjcwIRX1aCnJKDy0dNUPvrGjCvdELX4fc7kcqApE6KWDAz6tGNIMvtDPldqJD4BCIXijicdoOHE0KvCRRIx9r5YRj0+dzqIBfuLxlyYHN7cbiDEbgLE/20KgYv0yCEx+YCNI/wgNvyKKqJAO3rxCGQc5nB4dtb0GPXoZtAmDmBQ69333aXRCcM+QKMl4mwhND3cwvaozypw6ugpC1U10mAqH0Zfhjc062+s0holek6k3PcEJJ2PCk8syBnioJ8A0+6L/dpnElH6i/FJQKx2D6ihgT7JrZZZ8YiOFCbA3BkfAY8xjKJRWC/kZft4NKLhtC6AgF3Wgo8RRzu03ko95gNiwSw/Eb11tlUS4y2stXcvbRvajPkwAfBsSUwlpNHTmRZTyC7NTzs3QVuTWbUuPDkqodG5wVocckd+CXzcVn7d1c5HUZKsH5JbeB0cefMLnLg5g/UFCj15XpDQ+2INZhvrcfD8OHdnRjQo5jcLT3CYimQKJYC1/vclclSoOqSSOuAyzVzI34zxp94R15LF4qlQDBaCrzWBYPyHxcThqZr+QmwrD7ZLQUyAbaa0HAVj1Wx1ISWSUXAlREIWF2WsVRXSRQj1aEEVkg2rPUYxZJ2jY1xxSNNvkYcWwDgdft+JGvbH1CbRBSRTch0SdTECCTLZrzI7UHkpOWSlIsMTvkaBp6WwoLYvw5AjMSJPWEAdhRAsD82RW2HcRzGcdzcZJSvz8RAioEYgJ9nESp/VgdK+6/L0PImTjDLQsrEuTw6kQKDAac3UoEZ9/l+h2kuPDGVVldXm/2fhPqoOwFp9Wscw2oNuj9PPHCDw1vOgYt3QOg8ET3f33r3+Xy6bm+n06HsKU52V5vajjt3Bod47HINUYpAfC1WsZJlIB3KbPLvJKzEZckEbi/JmR6ZG4ZIpSRRGfv+zfMzlCdEP8D7SASw4QWeuH2qrcQIOLGU+Sz4khZ9TMcV2Vr6Y5zGqTjj0lkAkQf9JUnwqHDyJXlSDXCa6HZTwTso/dzkiM3KPPH50n22b2mqakHkvKpqLUni1hS/UNyuSWrtjICmcrgHHz6sk4evoXoWGS62+uSHsqNYXsv74h/qT1e7gCIM4CEsdgAFf04NR8pF+i3vqH8SelEy6YBlz2b6RLL+X6wAyrBXp7otQO6rer37bAU8DqqdYFNUnfisOKuub8wJfNKIP04GwKKyq619RqxSWVndpEaMyOo8QBiry24KOdwml/DgxuGqVvqxDaMyUzLg7lTFCx8cHqGD45gBlwk5iTfDn2jm/wRO34Ldr8N4oeeykzjbaT03OCQTbUcigsYNBJ0qYrzDLw9JgZZ39HB3v/YRHE0cIOj6T08GjMQJjFYjYvbTJqYQsQcBE3bzcg/S/x4ReenIou+6ueBMI8VJ+/E2mFM619UOp1lPOS+MzWWEvAlg/WF/hbfQIK6XiaTlvGOXONAGutuGvp2gGqsyqPzfvVHFXWSkjndxIbQe/CHqwwdYlcurX7sT86jGOgvBWpJTtcC3jnCXuhOg9mV4cv7uxq3gBaJyw9mf5AAHF06dxrk3UY7OdfchkhB9uU+HfgEplyF6BWC4otAr00qRvRMxM9Q3YHF6snrLLy7g7vQWGEv23I9MfCzpQRsqJqUXIjKPj+isA6CMCq915qlDKtgu7BnOc8vugu0LIdWAlu9potlt2MRSImLVxHmUO88H6Ti9K+yUgYaGt6JVtAYkJYwsPnJOD/zMXoD15AJgWwP4rkUxEqKcPmZEmJnOk6ocMSFC4Z4/FS65el7OFqWOyTq8OBCJkdmniXF/vTVhqH+qoWpWAAkcfnJKICxOm13AhgBUNL4uE8uq0MFo+r2Z9JAVoGgZwI/KohZVcKqqva5pqU+ADWjCj5R9Lp6ydTd6s4rVzqoqHnyyXUUkVBf/8M4dORXWkPb3jFmclpiX3VltFhYIMN7b0M80Q3gqLe74qe5yv8K6v6NgHObh2kCc0VHTeJ+JmfkKbhfRckjlUsBAKXX2RsW5FsLRA0dfJhOBSbzL1SRXK0ebrb4bsVaUnoLDOT9UJ44z7JjJOn3OHcM4wGSk19iAR66cwrf4gCfud3dxGAaQh0WmLR9APp9+7s6swah9kHKHbOl7pj/xFHVX8hYaAzAluORTcx3hxGg8pVHklkOprVMhDKEs4DmO6g1YThDeoAqZgAMv1qN8lFiU9gmcB97fL+8LAeHhc1B/kfNpHxSkdXxeC6QWqkwEXgxxsRzYV0sLz/GUEU6bsTQ0NDQ8FCGtN6bonz7SxIpiKXAJEJX7Wzfb+5t/KDXRKHwSv4AolgKX17VrNcGbZX3NkKDqznotDzI2foLqF0pbgILlx64Nn0ooa9oagnHPmEtsV74v79oaS1moLT+KaLWyCr2DrqOGMUZSGzbq/SpQabdcoLWXpJWc7+MEUl6yswCdaKAv7NvmPJ9HcGQh8GgieP5SJcM5I05fs82Fa0GliCi607/jB7/hzm0e6JdgfxkOXiemMj0nepqm7WRYd+aRWotTNHPTkMgTDiXzjPHwRSwXagHff7dc76/AMo8n4ikhfokA6LsOGSPw2vQOXZ+h7alz4Jc6LrBcnzq+EyXEo03AJVYaQ1yZFD8gg6NHoumKgqcOTakZpGlizTBuWTChRUYaf/VuJq0eknxgmmvs6IyDa7AhVSxw0V8Te1wML1l+7N3hwavbXLZ7xYyDicMz3USwLTAdNUjT7cLGze890F6E8Lx0KSI4H2efDSWAKCcpkzxF8jjWF2IAIb5S20LUtKo8QvapLZ43NNt4YDcyXc5SQ6qIuPYEHpTJTDG/AmQ2p6k6giydgi+SdSIB8I4LsxoDRWVOhtiAtIz6zIYulBcoJwvVNO8huE8+8UNued3QkB7vrGROqWrtSygwkRbz3FIgt+4H61YYYQtwuS8XA4SlQP6PWwokwlIgiBUED0uBkYoKX39QJuzqNZGdnkg6W+vYXu8/Gw0wGpKUaRfME7ifn59ppCfnkJS4LYUNC1oemHFvO5Y7V4SuskruENZk9p8Cta+KkJgcV1oxmkdqn89nLuDDONRIBEVm9bSSdCuFr+8/fd8xs68jn5q8rJt3SkwJWX+j1HeEuJugkfpg+6HakbH+WtwS5Zn5h8Q0z16+69Hh+8ZPnef6Y61QuPnT79pwFrpLzEItUJzF7S1wbSSk45J2At3eWrdZISHn5/0FA4spcH4A5SJW9J8pCQpk+rEJ4ptOBJUhHo78xYyz4EybUeKCmlQcPahf4TT24weuU+lAaTDbvh9iD1ij+C1XysAApa2A5fHyVLXd5cAUtMBlIHVtsBUdmSsFPUF1+HKG0NPNpQVDHJ8LZmIoWLmtmZGmaHCyUNgZ2q7cv0K7UZAcsctdgqsgcsAtLtJAfGlZE3sdeed9ojQnjrcpJGtgu3aMM76fO5gNhKVBP3zlBTLizXnelFRXtmScGQUAABAASURBVBoaXopWkZMioXj3lgJXa3zsWmzr5G5wdbPc59dEsRGoPJW+ifdWS4FE9ZaZ4VOiAet6D6pjbVUVA6dyEiniL6BC/1uupdlr+al4cvzZ4IyCFCUqgG/rixG7QlPYwNGy5x6UKPc6W29uxIfUhGWVoBKAsJ3GRlHTdODsbWC9uBjo1QRqYKPvxIDbNiB+E0C7YqtPHSGjzPdix5npgBiZBusf2cjJM62sgvE+P6qLWwmFvu/piYRGl2D0mU78xmmMtL+LT03lD+AfYO6E2H46GQm2fipjCLr+XY0wmgTDrQTCGgeM3QpcEg5rk+H4uYsfb0GOBuqYhFnQGLBNykpCkgVOIGvbViqOkxxVJrEZl7nAu8g4mrItwvzErR9BxeyqBLcHpbpHwSnkVaF+G464OURSYchyYGpoTHGiBo93waJ2A/eXWnh4+JOQtLKcx5+fnx9C5+CdHjTqMdBvotsP7bdHGlxKpKdIwOYHX+yhY3HoHn+IajgELc7UJlnJNLZsSinCXdzieBrJeBqctj0lFi9QWO6R4gcFpdQalyQjg3iILEOmN5hbuCn1poCS8p4CoKaj4TfgZbwZA8qBektZw91oBU8AlM90aOJe4ScLTJo5dIse815ojOWWF5DXsFjhWM4IkHYLQF6vun+QymfQn6pjeXGtHMCwnOS7XvOnoN/ZfJLjT7GvQVwrnzwWsCSXPuB2DXcetXLrhLLnBYe4mMEPTvlrEJoHNdfty2l/asHH+vK9Pk4giU+QKB6f/gNdN3y/thL+bnG8vV7vuFJdNy9EzRrK7zCQ5wKcblmAhWd62honKIE30wKTANQ/ebFSE2BZju4YFRpJT0+gWx0qb6o+rKmDaVbtf5GZmbwK4wquZT14jZwDwME5LlNrxFPHDXchY66A5Zq0siHRlDp5UDwl0JOnUQ4geyEu2AJYUHZdSY0wFBj69sMaIJt4QdIBryWJGjz+Nbm5vbhLIZXYu77/+e2HDkeHUTHdTPRBIC4fRCUpKvYYlngCam/zX8riBSmJoKAPOB59qmZCwPKhYDt12LyQS4jGGh4WOKymNq7gJEZge3AXpI0JkfR99EOjCFc9iIhdXEBW+LIRuSaN4yAMilwbB5wiX95LHcLJM12HUg8e1J8d5WS4fw0Nr0cbsmpoNT8f/BarMXXmfIhYT11npMtMBaUhwMUNKm5wdbPWJ/W+8qlVOCTKs+Ua9GvUr42fRPHB8LnY/4PNJ5HXAKt9RLNHDQ0MrYksFC1jPNEDtawzzSidUxEbiMXTSOKDMQIRy1fdxMZbsxnObmJVjaK0TE2qAxDO9cUqDTOgvm6WHqXVKWWOcwzYXm34ccpP1SAQ6CdLGk6wBeUhwzhjikCzI6j8qbeX7fnCLCDAOBL6MbJNXUq0tB/EsBxH4bgUHYJFiW4O3t0PZ6eQti48pkuJN8K7muQbRGYJ8sndYzoptqnjHrfLJGNJFT3J7jaQdctwvOjETliUnHKKlDxErJC1Ud+EYyyPlLfgWm/rEvLtonbeugDg/gKa78RNbG7RTeM0fIfvd5hG1fi0mJwt10R9QFBdNdlM4ba7fVD/uIxu1gF++p3awDrmtv3cRBw6+g+pBWytrXjw6MMHlC0UdfvtQYUqTaRzuZjLPxHWPEjeCBbRMR1rWC/TGAvpfHXAUwbRSaSXLUseOvB6D0LYn0VWWC9wDWBi5muxKGVzQ42yLwXPr8N3oYnNGX6iyrG6+9lsR1CbQlB+gkJCh10E986I/lNNx6pCwM0t9tZyDBQq1ySmpcDlk/V7whFW2fP54JVjQqdE1TsaLgFN+lHRdV3/80O+32kwrt+/WdwGpeerseZlZb2bckjjqwAnT6ocxAiu7wuS7tX2cvZLqcmGS49PIXbu5OJD+kQXPO56OV2X4ARvYZf3cOCVSuHTr4Xqj0ii3cadap9v74V6h5/JSzxgSOo2TfYF0jnIkYU7r8VOBVf/ZQ6bFG3+WiLa5KU4gGg8muKSQbROXK1Wm0z2HSasF3GtjT/7UE2mJ31V+QjL2aXtqG+X3R5sk70wY8f16OpD0wt56JD2AXQajONIfrEtMYwUGFLR847eYNYB9h95KiLRJaMy/VD5x28ISwtyhWhp1cQRUtKGFlGOj1L7Wr9kRqljeSQ7h0LPFZXnYrkFCsuH9MNweRM2sj+J0Dz/mnCkxjIJpOonjmLkF9voAM85XpCE1JXVW6FrFdKbzIuCyNKLYhDTI7gMuQ5uGygqY4kJFkTIeO+O8fLC0ojoW71oWoJ6ka/sv62ItSrzbHy0pUUUK43rtWLPDxXrf4uz5b6wtYc7l/I+Weh6O/f8gfqWwDLsgvW+8mmwAiifsmtlPcn4KYc3WC8jsNVfhqbhKxQJM0ZtxirD2s7XNuqtK7vpqYp9N47ULiSpCetZPUUiVau2jncqAlZqK0+knFSa+EvbeJINKxaCHf+hrvpop9iqJvmIQrLTFxe0q2Ec6OqjYueDteq4d2y7IbBZ8wNm3WHXdJjVoLBdyFKRv5fh0c9c/qHE6YKvDN4741FUGQxHKU0rhdtlfGl+0+bEdaCsfC4nNj7sDmcfo+Na/BxjBLvPSOHngLvUHZk8kgThZhYsVECO0b5P/ojjOBB22o5lg8oubm71KZlOKpXHCxfwAlPEPlhPgHmg/v1+7fwBVL9x80i/icpN0m89MP3ywKy++vQfc1w2EVEWe1C/Cev7GzOHacAqw9Widva+sbikbAucEiQoYnk0EoWprsFzWvi4ftQAnuZa+fGQN+E5OKFnvEBpNLomABTX1pyhujxKgmc1ay3Dn4nGPKoWpYqAzrjWTcKqmkNa6eND/PV6b6WPv6X4gMonUT4Xht/GzWr/T/WfT7Llfl1DuGizAsjdyEMvVi+aRUAFSIQdRW0IUen4vuE2tBKXFSAkjuqdSlBdy085gfSo6EVfWg0KPjE5SbTAeE5RHeDMuGcgbubfWq/vINusilFlu5DN3bGW3nroGWL4JiF1Q7WMxBoaKAYFQKMOribRQfFFjxpMclUeYG7W54yfphGJq1IeN9/KAzxcGbyA9C1wJJOwYLx0e+FeCNMsK63zrcM5sP5QIczaICFa9XP2+EFwrvU1DvUb3NFKhQo4/HnF4wQjNYyZeQfxEypiw2pjQPjFjtU9OgtwfMM5g9JwBxOKGqlptIkbh5PRcCgbsPHD7LWL0ILSloR7N1EraTgrW0gwwP4gwYIFNek9epn0dgWoHDzjc1N0iM03anqOSxXFcG6ZrVjIZwoLEBlJUxIFd00XXMt1yYbSuDpAjTB2c5izzs1LJSOStAnAPmmzRSkxL1AFmt2Ik9WzNPLWGLlENXpEso2jtCJ3L2Ali4l6VjyMXVWAL7eZfk5bze2+L5R3eEQ+N0RAmxs+Aq06NjwJzymvNTaAlBS4juE1K33ivnxiuqPf376FhresbmC5FscQyGsi6H9+lgKJeK7faoTAatFGNyXi3lypsjWotgnMpqoqC1UmG8lKk0uNYnqWGk3G4ZMKeNSSwg0k3pLwm0o8bK6ZPQYzzw4WVqBOttMPvjVu9Z7nHMN3QAwyeicV48tsZp2KgFw22qVF/62yCDVMi9kL2IZYNfCqELyLc0lziZ4eBPcZqTXg8b0HgLoxApdn7hn01GmhIyNQXVhuaNhjqTBtpW9BokYhgYTjLHCvnuWicjy7pAE/ItPNaRmEnoQQzKuIsb9BFpGCTNGOCpbVHkWWF4U1ez1+86AWv7+Mj7R9W6eX5OyuPzqAz89HMaMhSIHQd/Ml5VyiXOBSp4LrIhexaWwM95zbeT/SZQLcaUrMGnL6KAH4niC89UD/+ZhOA4RKZVVvPEYXdzGid1qQu4sXKB7WdoIwG+JUiKdqRy6j2oTXiqb6iIUmyUTAbM2SsBRIpDk9wHV4B2Q1Bs6vibTkp0VTsRQIFkuB4l321uqP2VKgtPa3WgoE8XRdb+MEQJulwFYujwEOdxoaYqDskvXGlsJD4nU1lOuhyZWhpjR3hLDN5ZVZBEaCWGs3XlxWZ8oGTGoiETbfpsebD+WhwUrf1h09/XZyyDrbOseGEgna5AT5DfFDmxvgYsOPny61UeZfK02ofdmfoPkpOZG7dvP2cn9nc9NRkxyg7PraAk5vOD+8FScxY7ZUOnpw82MWY2II2+6FKA6FZmibaDc0VItY1R8T+WoddDArMcR+YK5n5+MV49I6NpX3cpwQPHeiuAUnV1449fKybEFwJIO07vboHSzC4+nLG4eXI+NK0Ul2NgFY7hY28YWFHCV/7oHm98wOqUXDgvU4uJ9+gGwdcOUAqq5w+TB877GZVu8c6jc6gF0ZVKJ3FtxBtA5zTZu7QuZDVTdQw0bjg3TFSSXHXffLnRfIcVs1gZ3yR6D0CemlrJKHhMNd6czMC2TGZdlG2coYgQKlnjuUDsrhJg0NDQnwtnbUKT31dR47eIsg6+IusxSIqzk9XMz+8SVHXIz1rY/EgpyYtUk3yM/tkbelD/walZeZe1i8li7lsT9yqWv1lKzhEqJ+4u5OK3CneHMn3wYw96DJvRS45gRWSo+rjQa5/q8E/aefMQ6zBuPS+TjPa9LScsRKxZXDXpMgFyOQXKvYbtG0cf12Nvhge2Wy0rfxeByH6TsQjwgoWKYY6/yAANHN8y0egIfHJDXZLoqaDcmS8Doxt/Nd30/H7Xw949Ln7IQD7SsyFqVEkchfHGsb/TU0REHhPUeaFWGw3me7ssHqJm0DA6W1YHJkG/UAQccBeXkdvYfdxEjhWXGraCQjKmMW7acS904KQP6vABPi9P1ubnYAPd3ohuMwuGSDP2/1iA7eM7Ph+xB0QiIuFgwJ0S7lcxBu5f46JLo5xINY0eOTZ9GU0WBv6ZHL3TSRg8im48zRP3eeVfRyTAC2ZxTlzj8uZNei3rq1ueVIEgXQvKYHaIwjGLf7vhpAxHbi0LfJDUUk0iikMQIbGlLhbWq5pmZMBMw8p2KWAkGeOwSy/wNxm09zkQhbyatVP8KN+IF0JI0EErqjdLXwh6sJP0YDFGYD6S0UG2vkfRqb9RrlhoT1WtowLE5HVCYa+a/BAa0qPQzXy36lK4W4qMUqgiDak2oAzHYSISOan74WTHVbVUaTru+4BRMyBR32ejX8LF6DdrX84lYBoOt6numSawOmtxbMCxlu5vnMrxNpNRz5TEBpWMTKARv9syH7qj1UuYGaZ1P4YuK6mLG5aXJoevDkmoJEIYWmS0iJjeUSJ1r2Aab1PlidlosIUbyrHMPmO+jlJEgokecNHx47Isgg6qZF2KMcmdxZcJXGrdj6czGnvNJ1diYkkLDj1Zxfck9slvySO2POQnOMtl+cXTyNJ9jTFIKwIhkZQdQ/2O8HOsI1KW3fLsKoDpub3ToqPCFROInSy+FNMEZFbMxMuD8TDqJAJ/b7LVIKJRDVn3IDnXJj/55297Di8S+AHZOkYzO17e29BUNDQEg2gRrsHjpW7LfJAAAQAElEQVQDVF5goB82zDoVMgzi4IE0Y27nWp2x+lPrcfNi76is1z4OIeICgIxSPkeeyHDaMK/MxW68a4gHUD7rQ63pxnqT3tCQGN7d5g3VUVgKFHFV7U+oNv+kG2UpbrUUSBRLgcRkKZAsbshyDWtgKANGdePSOr8ixGQSsGFFdVs3GrKiSTwfmqzTYbF2Ww1wr1erAsaRwsurFtuMUVFmA3z6D3TdMHwxYbJvKjWrmn3RzcidM0y93kHHGYEA20fr/m31fYZpHH9R8waujFnzygfn/2mrDblLXblKyTxLg8uEqybsmaWiR39kyx430imbQBsK3UjeFARPR8Jy1RazGk4A5H4jMMXhTBoBVfaZ0r3Eho8X/BEwa9kVPLRCcByTxEIphRdok0L6zo+xv4Ckspe4T1d5jUi+QrANZ5ymcbM90k08MYVId+SCtisRup/fPkIqS6lQJ/DLQWFEsfTPrYCgsiBJmNUQ+TOEg7ZlA24EGC6GcaJnq84KmaSGQnl0HXzfpjMRZt+HaYDTIu8c75sQ1FsWpmtNFZtt3i3JbsPj0hEjhx6pWbuIgwHU69GqdENDMbinOhotBXJTH9EsBQIxWwrk4fL7APcsLjYUiFp75DtQtayrbG3wnhXk+4ElKa+zoJ4uVctYucuhqtxeN2BUhahEX1AvF+vV67PlkNz1F38Gu/cXhxPdTj16k9hUxp284uZYkDPyuI4dccJpr5W1nfKBkYTl4kei2td1Xd/31N7hVF9pl8BozXopbST4PseSe7asUkVtt14gwHjp9kJZOJFCm1wG4A1CY/1Gz23lkgYOtdpDUfY/8hc5Le2FEp6jISB5sSXib1/Qhw8RyT9zCEJdHQmncfYMiyvo4/gITk6ecn6wvk5+waPd28CPDiZlIxOTw5caZRTbI+d2hZkQc4Qq/0uRXw5WV/yZBxXf7yDrhj7CQKKqONSwUf9ef24eBKGflQidcQ+kUmy3JViL+XakJBY6AdKPo3wYf7kKI1sBfrI6xltQBbb0uRp3UKvs+yGPBa8QTVfS8HZU044lhKsMa5e1X/rxrgaYWwpcVxVwMQm4tRSobuZRHxPFUiAqb6F8R16LINbrrReteh6hlg66DURuQJVCX/YfZkQRgq6zqWWsmuo4U1WSP+safspVqrelGU6fCit58lpXKvuIw0CJUQ3w7f4RopnwW8mCCmdQ+jMhO7HXIzpo/rEe9MOCmxjTEKeQfH9wfz+r8z8/n+E7DNNA8qMMsgB6q+CLznGl6ngu6rc5o2ZiIxDegi8YrUTEhl/JgJCXcqDv546jH4Z5FjCxNVzSsAEYqNdZUFylbYVDhaA6kOjwFDMU0uGXXzrOKIFRCQRxKZJXsE82Bjghfswb9S1uJG9fVcqQj3GcF1VvIDyLZKTIm5pZgpzvHFjspOEvnmtZJw1FKpgHW7OqwiMG6dF18PmwpU9xQ+EaruudhKjbqjc7r6S6Sd6A9e8K1XxLRDz45UjljNrSW4JYWr2jkNyiex8CBAWl6V1TZbb0F8RYkNSFammBlU+D4O6WqimzGhregYcwAgknBRLt0DFuvg8X44Fixi/WPWEZG3BLgXybIFMYgWJysKHBCU35ehvqFj2f0Le2qibQpcC6MhxJwQdtOsG3leI7EEhNoBZwum6cHmkCB7QrRd20GL9bKXcadwig6z+fjj1cEi52oxMchhH9pcF4w8u16CLYpbLuBfqHclOJneInRcx8mTXafU/H7dM0kvsy/MbhA655lBkljZk8En9/tMHJhUc88c6OrbChs8PC9/mT5+GcNF4ftqmWdSSHNMBw1VA4Tpa7clkfKWEmvmhBYXfzCt4wGVEWhb0QP+3uMfBnFHl5I7gvWWiKZxS/AP/spgQ9vRMnAZmYgSWUfIeWBU44NRtY3YLkBBpWQYpo4MzYZlx4PKdxGvDLT5NiIria5PIYf06AVRHxSASLXe07Cy7x9Jxl/H6Pm6utjmE9x1h1tN4EsB3PcI753U/fS43XsvdTD0+Z76qaKXln8ztjWwzH/ck7IZSQ0Qn2l5GWFwik7JqdEBeSfYfEKs2laLi/OWvZ91a0nG0oGIwUqOyKIYulQFFyly0z6raYhWsgXK5WAFt5v4T6BtYNedBknQNNygXDpNV5N3DRHdWE2kYhHTtRlRLj/HkyYL4Fbs60KwwzWrd6sDACdWt8C1lQPaQXoAMBcXLT+hphu1XG48BssKyPKClDs9tU2MV3Tmzfd3OEpnF0WO+KHn4RQMSEpLCyt0IjsVX0ssl/QGLHMF0FLLoA6JHjNvZxuyD14KFoeNTXsweqgZGZrkBs7GxoCEOmsnMYTPwK3fSUXghcYoxNIvShBMK5ExfsvZEGnUpZdg1KqJ0SaH9iC9wmCA9CXUrYusUzJ8RVcijvrxNXw5sFM9y0TWzhxZraxB8nejJrmiMmHSR4u5BBmFQtwoSYlq/bG8SjBXRMCd3+SDdAov0IXfALOw0mo67KHCPneCIGT3CFEoufaIyKmstQhugdboOFXQhiOuenobTaghq9cFcMnKIEYDYcjXuXc41HvnPW7kz7XUrXuYEmtWNMynarWsaSoH/4iOvpOBrmuHpwAy/wimltNY+rwly1YapKh9TQEAzXilJ1hXpU4j+koSElKhxVFAd7HrShT21Qyd1Vocaizqkzxac8ch9R5YTOnQqp0/kMfDudYadsgNac6bcIGWaMI/GPttRXKwbgUK66EVVDqqWB6z/nyA7Dd5qQ6PrmlxBDjiqGPNXmrvDvAkZMNDjeKwuIJrMFlTECkaRYd2R4ECNwGc69gxF4Pd6IjzysICThEMVJVWjyMAMKX9yMnm8njYQYAUOMqfLFuBeSKXlqTrxC6OBT2Jq2WBTnvIz3KRXsQrFS/5QJpIPIHyUx51TpE+MnlwqehENKz6kXAIUcq3lbXlzjY+SCs3hU1coBxnn0/esrPD7xvLxqYo6RXzzDbAXO+quBjORYeYb26a7p0UXh9tB9Pv3WQ1mnlfCQbVLtqUpikOZhYB8t3M7Wk9CGo+A8x6dpGjycvwicvlqZgj267ionwosnVHps8jiOjzpzqa7K2FASGiMwBfDeZreRAu9C0083REUrUJnweEHXZUqFkG7Os64jSY1LFQm2l7SuNKPQP5WVaDDfAoMDMN7cvszOpJ1WFl1Yko2DT0qrAHYGklj3EuchkUUZBIvCF8T+aOHZFaD5FpqfUhYMTuM4R2qih8GYl6vIs+AWX17Cd4zAq4l9kLDiEJ0faD4LaD/W8ZjnPBhUicCpi3zxuXxOfHEFABwfbomByBvEgpE8csxexTzQu3dwCx53rzp1ARa78hYbHoJD/1eqQVKZFFQO1dH31oYNrJfaXhMbCt2XETlaAHmsX7mk15PJcugTnDy3+Ixyx9RpAPfjIJLo8YZVViCeOaXVPzJJYEmho1trsZBniJ7vTLDJoYxGcr8Jz7nmc94ISQ/D9phgV7GATClBOCuwKF6gRQ6OdD83zGPvOfEdtzF37mHUsKPAHCO3po1b+3N1vUUsGkosJjySTY1H5W//E7QH7Ft52z4nc43O6hy4IVLLa9Zjk7dVEfWH+3DOeYGM+9wVVHolIFmcYKu3fj9omzZxDTMUmNcN0cFPobnQludEK5BXcIf06suxqsuod+Lx9v61kQJvwdtGVTWNEm9FE3RMBPRWz88AsZuvop6667ufz0+YJbNnA1fO1o3IGgXO/CypdCtqlNXUnnYwLjEcmLv8KZb6Vv/GcRxQ4Yb5JFnX9YnWwKxmA+3LCNB9ygk5fH6gsuZilUAh7gqnWyj01V5Jh6sCLwRA+k8/a6LHYchf3YpSBzNronChAhTJCISjh3YU3gzkEHXXdZ+fn1l7P1cNchOKXC9pWuOGQlDoOA30a1DuOPHKro/lkiCqtOF6OovEhX7Vifr1xLmJDWC998aScYhDptkzrMT5YsPzO5p9gJhw5ZVBCTVtzvfvMDByWOF1AvalVuCs0XNwRTyt7JbXSG7T6RJDrou6Od9dCYznpLfxFzrxFClHbwTGnRptSolYuQvdrMnvO2C7vww7hcmiEeVfC21xMXEoFaZss/xWDCrT0amkcyu5Be67T1ijIIgy+1jMKoUvy19m/Za8sGe3AuQ+hzqVCNWNaitDYwTmQNM/+uB+RiBppMDEaOS/hnho0o8KdN1d+j7U1VNTDV33Fl6ILzJmdQkCZvoeerGh4W3u6Cy7/Z2tp8wa3QVR8lcBhbWFRVm1PObW+JApHlQWofKn+TdN6lke11UVh8o89H4xB0AhxtVUt1HlxIUk/OnC8q6JD07wplkCaY9geZqk/rkJ7FaxbpvQPYqk/YU9PACSW9nB5Qh5sdMRxzcS4FdhJY7vGsi7YlV2U4vLZ60rHTcjc/EIy2JJasmDtOu3XjDHozyTyo4RuixWEHNJwwM6TXM0n3aBeJgcB3Fzi5iycQ2BwN661NXI5JSPTRpOcZimEXCnbfDy4sp7uQEHzQUEjZ6uw4HIk1a8i76k62ClKBUKi7Qu08pY5vsalXXIulsAKi+QA+1uuaHQm4/OjjKgcC+9kluXYxpKqYcjYjfKoE1BrsoxXX25qo3Q4MysQj1J0J7/zS3W74ePFu/3lg3NQi+Hd5h3cFwEpN24GmeNoievLNVEJrwm2ylNIdLghVZe3olGCoyF94+T6hoJ3ogm6AzA/Wy/oeFVwOUjPcqqRYtaWlBolJ/rJ3Oo/ONvLh8rZq3AdxhDzUyidoX6ZZTcqWn7opI3qCv9CsWlimF5GXPW7LLAaC4H59FU0ZtjhvWmwuk9JzWgSCIDHD0MA0pa4B0osIhEWJkC7avhXWiazIoQvpzlXvsjMO8CmppWjPNgnzVi7hjrdLGnr7hKm3DL5wJ8fNpcwUwIcf0AQMenIC9fTl6GsyYlBsBTpmF6eY3nKZXAY0rAju62u2F77YgXGCsyt2ObTnsMgZCYG5PC4dDw8kjGEnKmJM96n2EcSKbzfk4ZgevnehPg0/dd32keqPoq5Xp7aBM72EelKqK0daiVuXvVntxyXC1d+wrWoteV5jIas5tQKQu0ocEFrVq8Fo0U2LBFWw25E036OVFn11ZZqsVEuiYiTQ/Q9z21bzc5nQFhA7g8EluD15/aVsKtghiW6dbedxrfcbyUR4uihR+djDr/Tt3DrnzpkQGDp9fEmBZIsDZ1hQDGIIGkRJreHInr1uE3jiYQTQtRDI9OrmvkcTUUeanog9Oz4kQ6a9xnUMOtok0uJYYQ/PAikjSAj6tKokU0Gqzwtm1QyyyszTYb3g3fEg76RXzLUlCQL3tPbfe50bwkHJpkOM36kCTMw45xGEBOJ43UH09/D+J5o5CNsTpgAe0WzSV5wN0Xi8/XPIgApzgwW/+cImmgTYRynUpI/iGW9C43FqNK9+HmdgokP+ztShljqQZ4DinUEc69rTg3+m5jgSTRAMEWkizy7yrvZwli5XzTxTHa4gjjg8m9pwAAEABJREFUgbp4a013u6UbDSsVAfrd49h38wJB1x8fCo+bb6p76fpPP19M2MmoKsNC4y7tt6im21S5oaEhHG8fDe5RX4oV+CW+IFE1UmAA3jw8aEOfTGiCzoFjKdfYZ6H8Xxnwcam+0kL0ff/57Yd8vwNjTsTS1wiF13ItrtZbG7N7i02+7R15vfN/nKYxLK5A5N51lKbE9H2YZPfrHRDJfSctEKx3waA7uxMROnQfWlh9kK2IPLHlwQsPgTHHddd4pN4MTn4XiG5WTP98yHcYSurRl97H9jBFmHGtPTwfZou5m00KdQDkKX6tdDQ0hGE/bYrG6DvFeTDubdrlKDOSAxRAdbgf7ATDgfEB2Lq4YQfZ++gRC/YpExNPMKY7FaWtBAGb6cL8IGVRTUxOYozZzEHfht3YV+p4nlUPIkqVD74e1wbsuJS7GwdvarTQCKxA57DzwMB/NFRlXBvD++EQjWgzSKmRCRoglDuPdcnJLSkw+EiZ6DiI/Tx6mdcI9rVUt2lIFoUTv91R9KQn0zhR7QswHjwqW+43+b+evCtvKH/BiTKo/vDk99Fdl0BZi37NWOBzR4XvHc82NDSkQWsyHopGCvTFC5cXqlsxuR1N4jlwIuV6O63aVPvctFIZqQaX+yrxTv1Tvgy3FS8+n58ZhM9mkUyzqmIYrhu727Ps2F068+ePt5pQ2CmMyTYlG5+Cq2XHdjHO2oqxZKt+aVDV+cGEcV67vptGagqTVAbRlpnpL28GdN3n01MLcbNGstrOG6+pU31+l4Rt3G7Mfwh4kgBdB33/4dXBv1S8pKlQ6H6g3cVKpljmZNK1m8+8dINTYdY0GxoejotVybWhjrkQl2RRLyMnMRWubBnlNqFM/a7kxwV4avKLxPEpGrQozd3LMAzMYFKoF4EpScU3vATg6pbzqhGVBlPYmr0gBJbCC4wqatcQlz0Z9UDnBZLaIEzEESipKubAPMcYyLBU+6rWVeCx+T1PDb/jYNrRsLnaJq/rRgpkKjhNDbmlA5rfvwZ2OvPnlHKsq0cNgzQ94mcOCLLR3nqabk11vKkOGl6GRle7iCbAQ/iJx7iB7E40UqARrSNsiIFWjtLimnxro9JwcOLVW1gVLiUAxJRuO5V0tuyzYyQkNdWl29JTN8apJEDYutSec0sG/P98q5umMba6ZrND1nCTkJzFDBgrcNZ11GZIjW+8fEuSnZp0tmG1n6ZZM3UfKzBC5+7nBSyb8HmWK/ffj7kh6+juZhynkYzPmZfGzxyULHfvUOHkeTFwil7qNu+I/FeA/GiF6Hu2ZX98K0MYXJ5DyJuvgH0AS9dO+pFMpL4NEg0NBcNjGnaFs+bn17mPV2aP8JzRmoozXh9NFvi+GoMPZwvjFiHjPAmjypVuIYWcRWYngq0loXDE8ykoaMEGs6kfdrJJkPD7K5rQtZESzlBd4d8GXcqc5x+gu0u+gwRBGhaT52iT2JEpoDxt07XShGZ9FG8Jr1kUy481CQGYXxtpwokwnVsTWC1/pOY12KIhDISqXdfjeFYvSXpw/WfXwTZgPSqsAiq/UFeYEq15Q7V9ka/p/biwE6guxKRLrTKaskBnbp4O209ii6Yvfs3NQbKhTZ2n0zQ0NOhwagfqbSyen/JGCnw5zqamradPhodrBYpHk28gHjq8d1r8NdnY6xidpOuxZxPAjQt5ub+t+6hgGMch9IwAo+y1advOgr/qbPuaSSog/Ri+32EYiOSRHOMd1Qkr7NJEgako3UIXcmOKb6ktQD4fuk2W79QlLwcYL12asmIQu5QwMv/puVRnjMDC4RDRtRCkKgpHq/2lSPJAAi/ozN2SoLYMZxrygpGEOtzQcIY2iTYhrVQCfEcXX65W+fOlzmD2QEx+492A9QI8NybsJAwxEw+3SVKQgNR9Gs6R0R0Gl7ATf/PBYccIPK3IhwAENwPjZelTAPL/y+BYboFIw1rRZ+rF1xwI6BVeAUmDrYc7xG0NVGUQdJqmL7kTEzdL6bv24m620OIyJyt5Xqr69EfEDHV9yHqHaHfQfHuTHNWlMH2KlBTYKQ6R7HzaRo+8BMwAdhVjtYaGhuwotGGpmhRIGSK4bIOqC00ZHA1NlGmRRL6PHuhdkYiwNTWP9HGnnzb98GQY6Fu4puSGSnAbJPJZOm/bV/oQojCvBMi3poN0wRysO8sQQFdSo8kcQOTi4+gdGn6bX4Vp7OZ/0zyrc/L7FW0Yt39Z0RSuY7smCd+z+bx0Xyl0nBaUXQN5tZ5ceh+kAdBFKfbmoccubbgqsoot68kzhFn5NZHDj24VW0xCIsZ7c01/GT8qRZH/DsArBJfDgxoD0L6c3LqgqN3sRWTHHX1kTgQ2IMHvvhrZBFJ+iZTtfykxdW0pz5fsTr2w3kwnE5fUFVdmJOdlE3nPvXcYl9xplGQW0RmoX86RscvkWtQ9syYCBCdIXB+Ebkny5ShGLU1B4PbShCJtUc/h/Y3pBQn7lkduVOqxZsS2UJIPLi0cLB9pOou7hWqIwma+/cSx5XXB8npfkQKWM19JqYgeM2RrOvwQorv24E33GL8/2IEZPyh7HbKyAA2OlssdI1B73RIW4jSisPlLnFFUZeigO7G5ePAuNUdp6sG134kbOyffY0aB+0XPYaKiK0WhdkNvCrTw0G8suYFPhZ6CJn/qp+MKYMPG0VyQphoOLXlFUWmWAt+DJ05EHoMm3HuQVO4PWzEDn0eM+KarKvgtNlKmQ51VY7c+li/qlwZvTMGR7YNhHKYh0KLeHuhwn/EBt3MgGMc50uOMoHHJ/XrWABwS5N7ZmGWcthcCuqfw8zMOQ7DdyvtwrQxiroyOWVUi+cX5UO/TvZ5uucbH9dgJQDmBDgurL4Zs55OREx4iSszYDKZDPGE3RuAG6oLAG+Er5DaHtyHVAr49uJKLJS8nj6R0pKJBSZoDI/vsnuYQU2m5AfL//r5PPE1t0gMtTUU9MTMSJdDkb3K5Sk5gYDF4gZExqmUTvEDQGfgskTdRSSLBOVuhPGJ5BMApfXWZQi1nbSZIfpm8QPGA08Tele/nkDzQKrUzRR2ULpEuQsD7+8pUcdksQo7TOOE1Ag3uflm63dMc7Dpeuh+pcO4//afrbU+P09MzTuA0dgecKL/Bms7jTCbN6x5Tym/fdxN2hZwIn6rmHfrLSYFXa6KK51SgOfc/v/1086oiNwx7UAfcMOL0/X7bEeSPwIdS/hkleJq6idYCpNzQbiLzD0YdmSsOI4uyjV/TnKuUej1RN2Jpktlmml33jGgyX9JaNN+jE8P59+wVbWUmGgTbLoZ8kwHyQcVi8oF7tfJSmd15xQDOfmMCnhXVrYNtG8CNZnXP7PAuYs7Nvu+ZKmeoMPmUCN3T4UI/0fyP3e08QZ5Aj1TlJKrL+R8kPnC65fHY5wW226nrOnTs9WcRzaque/MV7Qnat3SyXVXdMH0FbdonOcpfiXOKqbzltmWRHCw5t7udX2DG8GhSp/BW/omNI+rVOtd89k5glJbsYVgP7Sg+4THLIKeHFV8zo48q0NSuvwKuKrek+pQA5G5ZGSfQvDRP7oiPM6JW/2slAA5+lQhrDDnrq7zGADzuRkMGMTxqGFVKsShIaE0lWQzSlYqIzKTnLnKvM/fDBLimThyJaFsIziQnR+VHDqymwEwPd3e8YxiVF2eMZUyhAcgDKLwjg46uI9Zq99DDQzDUCNegY1em9EneBsCaio6RqtEUnQKsBl7AeZFcGJ5vPEn2PO+oSZhh2XOeKPmxG4awKBg7w9VC5uOy/lKcwXKqzjkeXEUeNSWMi0e34t4A5TM5oqnzcfmoEXNPNJ5lGZp+sXd6wo46M/fgaPHANaAormNmrLpWiF1HJqCJnx5nbMIZp3NjftLcMw/huoqJdNyIjq38+/o3Te9fm/Wu4YUOHj593/OldLbXj1H1GD8EGBmQTms66EZCScO0gYWJnko4f9ImA+n61Pw5UWoNsOKDpKP32U3KDkR2d5poBZs6Ri9ktxjnj/MABa9wSwoUlo7WknSdFLgFMxEKjOlYgWVLFZQFB93nw/U4iFmTX0LbMBf7z6cf+fbWJPyC8gkLQGmRbNcPLhbUQpqpUKoeGO4dube/bHV/4JiRAhlTbLK/vwLH6df3ftKRY/BmZ/y0G9Zq71Ly5g4b5f+KoLRqtegtUI4lakLxZTtR6Uuc0YGxTl7V5P6FtxRy3+23T6CCpgXfLEXqVUejOBM1CjHw0YxANncjpcO4XSQ66m4ULLhfKI0R2JAZda1VniIee+LQdGIEIlww7spxcG7fPGOo5NlzSjMEtfaH6VP8ewq76urJoezt51PJ2KAPLLbDHs8L5FAzGvdPuAheuYFPfpiL6byUPLIzRrPk8a0FCYw5f7kRuBOh8mT5DZWNvMTeAJHuqihydamfgOc1aXgSRgYShL6n1qzmruyGNd80PEN3j6ixnJ5yAsfnnUB1ClehcUuBcUiBT+sZ+KnB4zR+h++GdHX6blO+OKBcRuCMzzhOlBLHOKETNZs1EdoOToLMx8jClC9Mb4wonIyM+DmXmxFHekHvjoILSF+kh9FTZ3PamSEu+lyQAZlNQsb3m6SlQLxgKVCTrDcpEKauA8ZhLbUkJ1tSn4fwPRvOjuNwtwW0vFj28Q3dXGjnbi9N7j+AFMjqD8wyyEwK9PInRowMflBLgR2wo+6ddrc91IC2io7Z02YNeGUcaELeqJuzQpRnzgElNaEyRqDkxtU3DseUW7iKrDPLmtuLeHG+gr59296dJaOn1q3ZlittG0OBhTVxlOSs0RGw+SbFdopB1eE2wKXHSRDcFb52lHShfLQVkGoAL2MvXCm6VRV7J80HCUNWtoYtIeVsHDpwfciKw0Sm3sAvJme+XThczzV98eitey8jeewhBDulTH8cuwSfhBsvHJBzVjTH4g28QDNm/erwHaiFDWp04LXJPG7i4dxJjmjkBrOZimWwuXOGLyiwNWGu5l9WzUlZRTA5pE3gqhJdLaBldMNb4F2Ma7dBsKLJwQ4/2RTNCJzxmRiTjxH1OOePnWfPWH4r/4/fn4RLxp5WXkHuhBIHOeMPuQNULAUyK4JIbZIKUiDj/3Hen0oKVAzAoL74Y9iLwX/B5rfy/JQUSLqJHWxcZIFPWnDEliYgw1iBYU8VUqzdvMJKSYETeZM+3BnA2yYgjBas1TJP4OrlJWTNBKBbAUhVNkLnAv/5UBb4WBspEJdD6usBGjrMVwMlRa4i8I0SBaU502CXMbQhcsK94559ZI+GnTDPQ6juWEwQsuu6C0Hf9ZTT/x1k711mMcgRK+8JS12rFbcClo+8qLH7b9ABzg9bg8ABXAcgrzlaJVrxnvUwuaUk4L3Q2hKXeBYYg0ThwTUmnE84KtJK74q4EkvjKdYTQd2+5fyOBsxlIjFhiw/ynzX6r+IFapKkS1/j0NFt5/07bQUuMCVPaCj4H9dQpY9HSbxA0Peh3ROx/KEKPmQ1mLUQwzhQhufafrkAABAASURBVBx01Z1gAZUxQCkqnTRWO1eusIg3NDRUjg95Nl7SbLfeJxOaoDU8n2FwAbWufVSZ7rcvFxuqcW0r5NyEVk2pLo4TmAsYPd0P6QY5ufnJOX5150CVG1j2P8pB7mjh8s8KuSZVIqLGK7n5as/Y3sUIFDCKotIJji6LNu+td7DkjfcQ4aLAq+68W3DcpOTmZuFJvsOIoB98uJPKEY1pEhBKQow25jqLgG49MfEk0Nf7hRAYkw/0xPYYXMrDq3iBe1RiT0tLoGIhILP94ULkvBya/Nx8D4t5EE2sdAk5xa9A4m+q6Eh/d6372ycMvHTXSRNr5LiGhjDUpEhpSqN34NGkwMYIbLCgyTQVHi9ZUGzdV7VIVG2fXaERGW5Vq6o0V5jLpBSSVL5OAaiquWNquBhHyYZE/IYecF0DmxP9UB1NjGhj8h3Zpch2jQdoptCR4N2DlrtFZOYEbs1d7X7cgpQxQPk/FSDAyY0iN/WElTMCnzMaahP2ohAlOx47Fr/AbS6aCnApZozjYTL85ZnkUNZZbETJqXTNluqzmeANOVp5X55c9PJvKi75rAbac+H4NXpubLjNRS1QKDeZx346TfjexgvU52012NMSOcih5CM7ZDRv1pZRkLZc0EdyesN4geRVcGQEMpXkpQY/MnLEoypGIEeV3DiQlo+rXT1saKgerfbb4SebB0jy6ZYCH4am+s6BJuUGO+bS8fn5zI3zOI7V9XUFcApuwfvIYqeNXIVH6dXFgiTSUtTNqc7a3fZdT89An+bG+/IZ6A8ZJ+jRfGIZhyiixkhEUDuKZgQmZoA9CXoVAMMVeTsjMCYJPjSeRVQXcLjzGjgnDZX/5SNXjrXmMyueupQE619I/Au1LHgtJIOFQPUpCQ75zkLiY6Jv/zJki7hFRvfYpDKEphrHSxwd3fMchDlL0BYX7AvcnPuF/KTWFAQlztHxS+0F3kCLuwdgNuh5x1D8fnGvjeF9BuRuCRaAeJT3F1WKoiacebpCJ0Owb8SF9uWeEh8h1CpZgTWej/1yNPVPGJrc7HgdI5CUSgq8pKxpqAWt106FV0sWoOs6TgoklaG2NnQux10HnE5CXgQ4fDQXbxTsoSoyHLjtOJ7kyo4Pvs8c5D19BFW09x1M01V2s1/0S+kQWWY/rZBfFt6saqZddnxOe3HjHFCXVnWgtJGXNTolAUAWA9HoyUVYzRG5A/eEKloDD0SoijfhaMgzj/GYqYand/5xhXurLM5U6k5J9fTj2Pk8Rpxbj6nD+R+5HLYjIPBZJvR91/f9PJiSEnn8IvbFBWk6uuxpNzMh9oRMENKm4Mlv9RacOtXuxhGUpyYbyTRNJJyBBifRMNmZug/72Ga2jWcLZQ95jG5uxpih0DJmF2SJhh46s12ZkRfIYamniLym0HE8QozBusq0xLzivRgUIwg5xjgLLzB368IMiFVlX0ppj7j1tFvSDvmzesHcAshlBdB7+aew/6+As4cKPE03AD4pyLg/4Bh5GlDO962QNHVhp9BzUSM5DpTPhoZA1NRQ1NUocryREUiKJAW+pCluPUpMNGnGB3jefxVqIUzVjXm1+OfnZxqn7zCQ58OlZs4Ln5+fz6ybHoZaOK8dwGfOZZrkN+SyB+ZFCEYMJJXhKv3jUV0ckkXXvh4Z9gDE0ybNCsjPhxr3/Y7fKuwumJGZE1hcJWFd2w/q7byJGFgJJPM/KTwFiyEvXYrEPMbrmeXvaRwfu/cjfvFNIggHjhu4PQGLI/UG7B+BPWDL1YKeomMl5GN+/dCHs99HAKe7NzRh8+So73pCvhPdR3Rr3XFg0oV44+ZoXb0HMo80AChJcoIRTKNrNPpywPxDuys7q1t5gmqpRCeGoCHSei3yEPdcZYbhK81eRcQuGmWxAxcYxCWsIoHVQRbAStQkBG6rwPKEOXKTJOAWWqSpwoua0iUxEHdzLnsCPDu0xLzAO0olSF5kFdhI+DZOIAv8ri6EtgDjZOoXMkXp9sahqIN0M4AW845SwMndyEephhopgXVajpMmIaGApqWh4TlojMB346WMQFIMKTC3NqhTbQvFQJUDhlxowk0DhWRQoYgr7Mg4l6amGbs4wuPZxdsv9kxL8ULriAcAqYGs7Pxg1oBnS3IRlUislV7hw3iko5R2A+m5yRTUEsUjynjUJle24VEWxIrqC0D7OgQKgkJhLLC02DB2aDlA2ubpz26I8p1SYhYTe2JtAuPFLdQndSkseWDCLk8CnjgcPljCNt7Xb5z6ZHVgArdIdNIBRm8nTmInuOu4fwkXB5prxU9tyQGkCzP7ahcPdBPcLDAqs4lvpCDmgO2MK7s4g8qt4aUbuvWuoxuHpnEax6kwtgkGPLkeAgJM/TSv8k4Tr2FoJwUe38VDJ2h3pTiyl0bzg8MG4YLYpGHe+PNo4SEb2yqeu8UVyYmYDxqe3dMDCbMGZkcL1HlwcEv91duRGw9hBSLMJeWPguw5MXPyDWsWfNfOLIdZAYMkuvkoQ4gpoRUt4o2FN8uHAA4+CF5gcIjFAbQmoh4sRJIbFa938gIJYcuL2dlxNxYyxocecB3W552bxIR35Eog/uZjBKoAUsmOdG5kgalen9OYP2X/QLm4v15bEC1jWwlpaGhQkZ8UqCpTFuRummb11g8zp/SNYU6p2K7jYWhyjI9DmWLlMq9sRIQ2NXpDuQiroHVxPxkqTDJJPvEvsXu4RG2GwGe3g5o5+vTj90vGqfRyHnstABceaOTjg4uAWEI5B+cokGohl+9l7b/TEMWdoGdcfuaZO450GSZBgXjipIANbcN54ltSHmw/Ns8ATI9g65/yCLZOyHGQuyiu35TC9f3iGQcovLEILADodMvwGF1f0Z55x3Kkohvl+W4NVJ5TP44DlclNHUukYCN5MzetAz2LfKIymUZuiJs8Bmi4ioaE9kLmwe3n09uemhoJeQOJid23XOpNoPURomLpZ/No187IsQfw3WgLG+3u1WK2beYuS3JUDvfuvSzq1EpmL4vUi4JGkHdmQzXadZOQBSn0PsNxdzfI2wjw0hA/SiU0NHTHzTh1bEd65hMN7sfdRgeyCxtg3adbBaZp+jVNi/HTB6Q6WhShom5sRYVJbmhoaCjx+OAcWNT6IS82pECTbEM21EkgIheWTZ8JsQqAymrAQ3ChOUSCWMkGPonqktxRXkiPVBU31ZXXeCGvnz7GeICl12S7psPrd4G5DoarM9BSD6+ngJ2bI8tb/MtsMgQXgZWGpDE0EVYlnQ30mwY6m8m01Pbenhy3AVIiF+JEznChYCA3UYPqHZOD9Rlw0e+XRfYcQiPgivoBGc6dl9VT3F2V2p4oM+6lr8QqFXHSMItiHAaF0vOY4iKpamdOriDZiug0ToOLmUNLBba8iofO0PERMTEPLUKIvErOTQJrNhSXKBnFoEZyjanWre0TYDZIueV1OKVLmoXzeysaaL1VQ80T+s66AXCKJEkEWM53WUJMjl0az1zzFRZx5HhIHB/DvrABVhGQ3KdbFwOx0HbbCOM2sUOuVJdWqk64Yq+rBDy9NxoLrLFZuRHcIHJNtMCMJbsgqZo0X+nRKnMSNLEmRI3C9UszlrqOYEZSUiDoFwVspmwoAU+qII9AuEBbbawKmsq0DlR3ZHKFxqTqSzJdLPp8pnEcp3O2hK/fpGAgp0QQf4D3g6KA22XJorCxfxUbIWq4B2Srr+IpwSrDkxiBDE9v6S8JnDPJ5HIjcvLKQi+7tOMDjJfrLbOtvCVesLleKIIqhVC9Nvq7DZQIEvjkYNztYsFA2z0zw0AQAwsujY6FoU3GG14wPzKuRIekCpkhSeDH2b5rWnE1QekEws6vdnD3gOXYmEKipMCenqwsbxwQGRlvfZkiqJQ/5UhWRKmLNxIBVZ9hy2o7HF2g2HcJKDUuR/7vBxC6ZxckKBhYO05/pnKDhz9jgA+s0DIsyYoD5s9cmScudRD5mWB4luKduBAUWSyjK4kcBTx5OrEmBOF+6/65Q2dW1LiaCpNGJn3CPEMA2HcwT4NvzLmFXEyQG0dzs3zyNW8/YBNgxnx9bk77gpPdC2nN86GE47EbGhrKQ1UNoYA3I/BhSEcKfHzP2TrChoZXomR6RTowHV1l/Cme3kfNWyP0O5XZg6SoMcmc7lpbwoMM/rxgMBdOh8yFlEJm3CD3zusBXDfvKMbJ+wdIxgrMYPM3onw2HDgTJW69A8ZHRKfT8e+u639+PsxaHHTryhOOwzjF4Iij+RZufqIaWzSxCrVbumANToygaoTTROEawbhl4+06AO/0NaXIKwEv0NddKJxo8Ems/pUoljjU70CPb28B7FSye7AvIVs2HQnFNCEZhmkdFhx5tTd2uBsw4qlJRTwgepGDeE7D98sunaQBAJ9PD9Bt7vNvbZyxM1i4xnBNotTn4RIFla+Pu/EJSaYFE2M1CDMEHBoiQ0nNFC22I8DE4vSCniUc/Azd6natUoO74yTIubcXgGQRsPoKkLIJeKQS6AE1oLQoLvEB24N8UVBAN3DgINq0O+2AZgc/M7n89MbrbwCON26+GNDUHQ2BqHfA26DikeUgIikQFN3iU+aB4P2gwRFNgpHRBBoTrdeuBLXp49CyIPBioFg9qK1Op6C7Ft/L+JHDGN4yyiusKYODX9GBTrn+GMYbnDtRHIsVBsCQGl9aIfeLz04dzkuBvUrD0duHjsU9QT+NUdcO+H/G65170MiBsF7x8tB101IcGEcvlBHosJKDZw9x9Qvt7ziHHILGCBQwC6LNIBuqQjR2VkFImYgjtS23UAb3CvEkghnXyudBwkQHCrxTTjD1FET/YJL/Kf8vIubx0jiOwMxr4okhHbH5YXYM/FhkQeuTb2mH4/IR0j4puDD96AcKS03MOheRnixMLF5yNaphGIDI83Bt4CmYpTBLArGbOv2JkfhITrxzj13IW1cAtuDm9I3TCOw8Az8SBRyPXVw9KqGlpzNWyuot5+hgPxkeAB0cjEhrYCcmObfTIhPkwaF/YD1E92oulDyKASI4sFs8YOh1JYog2L+pVNAaOzCHLA/DmBu2YRw7ascYatuTHjqHfrKU6tQbgKjVFZ681XAJ1ZSXGiuGR5qfKp6kxwc/Bk1bHhlNoA3FA+vs1WrDQwb1EZvMwg2KJQBWl2ROkoqc5gd021hj8aZAUcbZ0V6kMKSP0Jvy3IsRSJhlOHpW+DBOOD5cCtcYgdvlYlWQsNAWFkbdyqJTHJPVgW6ET4KqvL9DjPKmndwnb63XRruACkB3s4KtOFN/ZDwXz4PifKnyXq35B+tmHj5cGsq/cbKKu3GvOZUVTdSRVGcn3QUVCeSEcWK7s396r6GWpLA1CIKwdX9xOSUuakgVXcRp+CJZt8EfwChS2yvxyCLmeKXmyToVkWnCYfiSU3od2ZDpPJ2h7ma9Hc4K7D/9PBrfBKB4zTasdPNo/TOyQ5/lcE9YNBQDtPWOfk02lhHtwjxarC6hljIwCiXWuhgfsBF8AAAQAElEQVQwTdOXmc+cpYCkypEHkGSc6QDkqxdiWpmg4BdfiMAwp345I1CU89TFS+/iUjaqjsmor123amROkLsCRA0PlM9qUOmYpaGhoXaEkQJB7yqKmYU2+CJKvrUeNBqaKPMAq2yysLZk40bpWipiVnt0M6r1JsiDdElNiEeTelSngxfpkE+2/ySrNd6ZDDi9ER3ixGi8ziBKCqeY+DICCVO0Ux4YjM5VPlAmsPk23IX9fbIw8kxvrUAyhZG3Na+U903VAFFakGHlhS9R8NIjSIKKXl2l6JGFRBizHzny6iQl9pELTVc3UmLCNIb3At5lJF9FQ6+wxYrrgSBqnFWtpzs1NDRwbEnawb5EnmuUv9hPOBMJQG9O74i4h/hTceD4Fh02MAN9FBHoH7mAI5Lkiccx5QPckp6bvSRqQ00LLnZBOlKBhBZgqU7S7sirheQHKhtRoYPh3vEmdE8ZHHEG+awBtmNe2wtooVUevKgZYjQ5Aj6kjjmcPsm4olrRiakpOmo9EwDLMTgkJjnEHyHv0LTjxXDjIV7HfeYNJBh5Fz9IEFVen6+T4nGx86VWcvlgIN3WVTy9cRXg6THus/r9AICYjchj0JQIteFFOV5bZW1Ig2rKUV2WAlvfdhVNggnRhJsHtY4SsEJaIKmLEcjRcvntEISRylJN5LqMR7Lf0qlSJpBC9sWqhguYTt0aC86MwJBsy9Fzq9bz5B3QNkeDcke/r9ICFzdku4hHLdvNCnTiDFHIZVnnB/tKe5mgL2XaDaeAIZUn4eYua/5lAq81/wUzAo3AM17g+rlFbesWRFTG+saAZ8AmlAaBq2wo91YFI7goAWZjODetkAYyTKLEFjUPb+1eSis5F0gCdy21e4WLwzjAaEuk8KfDfhbENI7DMKzPTnl5dg/D0HXdz8/HTKQT6gNxrf7b3IPFJZCNC1fkqiBltqLbnVSPRYB4OTEOAUrNnHTgZ08emI/zkMmjZAegbht4OyNwxqzQmKZJ0ONinyCcUX6rJsWhvUJSr0GgpOdElwheoStsxCvHKxRnrcwGoGnJruPBC3TupEBQPp+BylYDGp6Cogpmla1/xbTAytJeND8uRUNQ4conCtZQTYnGiycmP29w1AF0fYeCH+ab9BcMBrf5vfxKn7bbpAf0MC5mamHalPdCMvRKNHZsNdhf0u9uFgFD3/cGL5SVWKTW46awhmFZI1ytKVEDF0A2GlA622Ub45f7eiRQOUBoVR5LSh/xAWhf3JOFCufoFexifzuiFN2kbX+JraUtwaA9fv2kH4IfNjQ0OCPWKpjePhnw9GnLQaNTYNKMsT2Np23DAfuLYAXMg6OaUqYmApnf63ChE1qHkCQrXMPlBLnTzAZctq5oVIu9Z0lB5wLjJAfmWqzR8nPD+cPDt0zYSZIdnWtwR01s9otpbvUNQhS64hrw5g6qpxLziOnFriBNZ5HmtBTJO8ChYliC2RJoXsEtcUqBmAXjkYO3bBjQUBEjUPjCzAQym5hPLttm2jpY3QEjvdbEkIOQxjyvcGIbpK1Wo7DqHt9bumuptzlRh0xbybHj8bLZkwJBNoTL5yPR1OPhaLKLgCbEslFnt1YXc4rzxbDMzE7YQNRmQ66+A5NJEMnm0b3SvIzw+fxM0/j9Ds6Z/Z5emB9SZizmdw7TEwc8Kx4//Qc6GL4DTm+q4lvmn7TwtTHFR/9RMiClw/YK/Q7I8qVkAWUEfr/XOvn1ZTCsClrTkgraOjVVv/ukrcDqHydK4UcWPpMReABFEq/W4FLA6Y2GhgZvmNlQkKVJeX2rlQx+zJYwuNKgosJaJLzTmkNESmhxxPGGGnHKCUoNnKbvOmMKiwee/D4DI8ya7sM8l5+ndd3q8RrTZUCHu3+LA67wEbcWWu4RCfMmcLZQqdSZo9YhTnQBdhUhb5O0Rb7QBWWKHKgmIa3w8wPWEl+bRjai0eCSBMfjYuLNQ4ojssuGagXTCblzsk0k4gFuNgOeGK2oNDQ07PGe44ObejwE4HCn4cVoQ4NqUCg5LjGCV8+TIikjEAlUktGz9qnvqPWsCceqSjce6hrfDA+1/0sm9T0lhXWU7zVZ8zwBL7Ag2VEq2Jr0kIjB5psofDpQ/viT5ddKwiNGl4RJfhzGOW+IUwTU90BZ5Vrv8j9QSYOEDAAjPXp3VHzTIi99imkw1bWWJQBoX3QRccacX2dyfi0LUIdYFvUGnPx+AsymntDSLzwnhZH4FHxENK9BT5Xt/3HBkUSa4sNFAlWUKUEG9CkR1+RyGlIZYgffRWBzW02KgzGeJyM6+Vqi0zFFlPZDxBCEvA2+XtAX+Lg1gjhMLAQvYAD9ZzOuD8UsBLZ3hZrZtg7TIoV1EIvlY387OUAPapsV8+Bk/A5qc4JEV9UtrED5EzcOFQ83bsPQQ88Mse/nYpvYKXxFBUjMroFzZ17cbR4mjVLDvPrR8uGQlfMslW5iRKFhqEpT95CiHjmW8tDkCGOBG+SHji60igxVTpnKTXLaVib1+cEVtZBWOMmgCaohHVrpMqEyqXBSICifj0RT6F5CE98lNPE9CpWyaRhqsyFHAlfPkyJde8FJLFhNEadL4J9+zuJpGOup1UId41eXX9BJMSqMa/v9nm1+XQf9z4d8h2EaDpwtQrmWbp+3ndwCiRUllaIX0MZtCIHLGvfOUJ/6Tw1dFiltbRz5kb0j8YqASMPmh7oMpTwcWZjjMIxaMG8fdqr5Rdv5D5XJMJXXn9+F8PL/WJjTYFn/FnefkO4YZBv+hBrhoSMi1la0muKIaqfwvgmH9xcqubxby84qL0SwDVN+EVqWwB2YcClbjpJGOm65Vk476k8JjAexg4mahyMVd8JyfkV2pQfJNEwW0q1dXGeCvCToruvmKcZuLLkaJFz+hCnD5T5zDOJEY2QDTkaEQ5FoCG0jgiuT/8RATXBUWCnTd9bP1H3QXBaGcaRDcei81BSPbyrk6SX82OiqWr6L9kCfICvczKdfbkvNiFKTnKj8CJ27yPfKhjI5c7pNNl+AlonvQbUqwWdaCqw3uyKiCbF6PGTBLAFqXViuLdVYXpLT1bgO6GbnOb3jOFZFfJVK2irQMX4MEblcE7CynFaBb6FzLysk2sG3+qm5+o3Pz2fWrhPaaU9Etp/Map4LEU8BqpdrSQLUjZso9gP1byW2ur/T5Gsm0A/IqYdxPLuOtBEA7WuD/bitwAFsjih5G4R82EE/nrE97BMwThjBiB1OjXO2KGle9r423ccVpJNeeeMbOGQcZ43HMZ41NLQl595U7EMHBwcx2xN7p34ak0PEWc/NLQ3p53GgiQDBIU4TDt9BUa+e+hAelj9yhiU4YZArsCvhjNOIv4yvy0qpE+eM3cJ69PFlzIn5dH3XdbgJAfc/lh1yK31jHxuXaEXPJrnrDkhx2ovkpZKzxM5SXqBkwsEMgMrkFHpkdpIogaYg8sBtAgoJGJVPIg4PrukE4QqTPGtZ6Rk1bSNubXh8Ic9eYuuoItU1BDXt6eB4HimwKXRD0KR2FU2C70JNw1xQrCxVkmxYiCVYBIsoR/MB0PX9PH/zpss8G1hZZYaeaYppLp8k+219FlbJ5sZ1BcIp8XJVYJv7YP6xv218W3q+HFAbYGNIY9hpJMDVah+oP+eLDijoN5m6JWownh/upkV78638QtPNJcbXcchyc/ZAlPsba3TGoA1Bbda2im3ZkkeMmp8Qa83OTeG7GYEUIcaR8VkdZJuAXoS2pNVQIKBlT8GA9G1QUAFwZF4JJChgmL/Y+gsqS91KP9DIy2kLChFxmlfSqTKm6zw1E29jBy6TueB5u38pD3qPHfk6od+k0g3ABMDP7/B8k9qa6+RgH+U9Zay7qdSoElHRh5UFhJhH0KsedQNUXzXcJuwocZBm+NFcCPza7thI3SYuljKPQsGihz0+GYRzJZqr0Nh13ZUq/0w8ihEYAjTcEXZAT3dTvAhl6lKSlSS+4ZmpYOucm1WsdqmJ/NrQ0MBRNCmwtUlxYJdjU8G6oZXEhgeD7jr9+cy1vR7rYrM+iiaZUIbc7eqJ1nwkA64G5KoBTy7Wc0o0A3LNuFNdftexFiiym7iV8j0ZUDsHd93sCpuDc+Xz9dne42EYxnEI4+2of7gqw5W4KTFWIoP88FycFFsNSdZv9DgUAc4IFMdm3xyNPGHY2aiFtXY3lBBqOPPTE+im6WBUAwe/SkKkmGG4gZbjd9zil0W+noGUNya6vxTy8UPTeJSNKOUkPJOVNwWLI5udq2s4lluEBDBuSw5ememmQ7DWbIoYZdh5CRfnGhciB9F8uhqB1TIUpz9l4frkr5Z+IUpphG1YdA0rhhQgfU5VDAhcW0dmDh8YJ8My89Fu46FXLsHZ0Hd933fbgFG/Yl2lnNrza3p4LnQ9IHaUHStn725xfgdO6/97JLBNSXW13uUs3SKyO+JE2Zpk3LqrDhmzOr1ibLWvURfqHro0NDQ44VUN4yOPD244QuvInIHKp4ImwZejtrEtNS9D9TKkIhtyIsk44s1JztuaYF2lG2tLsMBhut/afznzggoQANjubfbdg+oY9m/Mt6hKnu+9JkHAhVq2fqO0IwCSdcb28rNrVHf1q9GVwyU/8drZKesqwSZpazbPgU8wzrGcxkSGHDaIXHSOiW7n7zFjESynMivkclchi6DE7/0JXjehhJZlbgw6/cRqa2NTDFLFhjeM6spkRNzfv76kJy8kGXgHlaThMbCWjNv5V1cRsdjfUpcPDFUdIGo+mTxT9tP40eASlKAby6gcpDE5IMl2bqRTkqO2+Fse5InjlR+ZLKw4afNKlwcGMUylhBm9SJwHdC0qfvUxHXCaBjG99TaeNhFMXZF0321Cw8kYjWWL3zLFx/U3/7UqnHG73KLy77c3LAA24Lc9xdPv63xEn9e4agfsb71nJLotRsB7gvJIRKkiJLvABNsmYg24EpR4NvZxsSEndYkNCZBtqFXh5Fmc/07ehtryscEBqcfkDc9AWaTANmrwQ5PXJSzzNbXfbzKtATVajMD6OvXbk5ybEYirqq4WcCNaVZVsdF/AfBEeeXjweg4urB8LO3D9AdoHUc0L9DM+n3EYiBtwv1ymkqro2p38FlEzegOGqztqGsoIp0eauhPKCCRsCWTO+lkEA839t7dxcPiM20a9UwblNK1Ll4c1MwLntnNuGaGDaRhVM6IpglJ/YMIkkRjQV1+joU2NGx4Ba0GNw69JRaFJiuPK+7xxtXUzb8T5r4M3ukVtpwXE22SdaXkTblo+thSJJMdzOnkZ6fi1nMKMGdY865wnrUAW45EePr9mqjNOwtoflJcox/gM0wSTdT+eYb+WspYyze8C40PSA5rJRUDX8R2SGt9PYyIqKiJ+ud4AhGXz0HLpky3e8QfSzckGB28KLB3OMKcHsnHDnZF4hgiudvP8gNtwHos3UAMByiKK5RsZzG14cTU6Ld6q76goCxtcUfC8tSEvbiMFGhvcVuwacgEO1oyGgwAAEABJREFUfza8FkJpXBstMKKu/Bmo48xFFVjj+WiPpIpdgThD11i239yLCQ3veWYDMQpiY6KP7E7I3Z+YK1+ZA52125N3OePvcn84t01TnSOzn8AXrdh+W1DCJXoi/KwM4PKxjZC6cX37bfDD+DxaKXPyiCUcUpIRk9Qa0L6c3BrRAUzofG52OG5rOsD0ZcIty8ylQdbfEhmBNwSsHFd4sXj4RR4j+hUdvPU/bzHbnLehIvhUh3WnRh2qSq9ut5AlUWOcLxuTDmB+HP3kXt4+dMkXATBsJsrJacsW4klY6v6v1GFFRbTazY+W5SO0nfZR32iWCnlCOQIfi8FtTFkzDuOhCU3n1Xn6hULJ0Tvt6nOQD1fEGOKjHGO802rgxoEh3M0bZxFlp9ActrD0V9/RPUtk+iJ2SgQUNZBeIx65s9nICAw9MvuViJypB+XX/ZXAkDRMOA0Daxv8uGKyEjwQzknOVJF3vWoqJK7OJbZ7oF0mjqGr9y+bdb4FLVuqxtuy/x5SYEHTo6egDbLD0WTXoKEyw2IUykJyLbg3ybc0OoiK8qkCCHJvdQRfVNb8K+rdzs8P5ksx2g2VaccpJMtNAFC4gus1bN6dwx2+38nn7HVVAb1R9/qSWLuxm/opysnvVxVy95Q1vJvdHYoY4srSi93dhjgwKDE3+7tQRiAF7/PwyEl2lECEC0bkyKO7jwnE5jYgapPihrchZvdALWOgXVUpTZAlCbtkyLFycQmW8QHtl9er/gDl89jZveLKFAGdEVi7jv+xzJjoeVc9R4hpGkrQv3qGH6EkgLCihm5uyUGIE+IUQw1yEcxCed/17CBjzpokS6xxucFOeOhxmnq6qY9tDBUO1IOk13dFCXlDs1klKxDEDjWef/ly0RZS4hwYqUZyDKW9P5IaeC3JkZG5N0mW6NpHic5ogmpoKA0vrJX5SIGgXLTmzQ9NgR+OJjszkFsfalu6qgGfRdTECsT8Sb6xOqHYjlodQ6624QQGHH2SFxuLfNpNUH8vf4Z7G38mtk38sDZLDp+6+1svHeLn5tAv2MTXUImnKdwGyW7vuufrc7pxulDMi+riPSIjjgqiib9sACY0DuG+nwfiFg3epiep6DcXDINBTCuS2sAtmP9nAYa8FAtFiYsdBeZmPjYnnBibkSNlZKi0+R3p2LFzc55Mac+YfjQer5bLHnv3mvVowaqbatSj07wNLCWDGgFwc2a+4R0wm6oguIR3aFjKMThyBXKsZbJSFQXzFOn76yvs6GhD1vzkWdXOi9VEWPywlHAYZXgOG6KGu5NkqmY7Wu2m7wOcTdvx/NZVBJCFY4df5+gDeNrfk366R3QcwUJPVLU988BzbhXHSdFDiw9Dk+QrHWawsAewhG3o75AoJEai8xiJbwTw5ElhK0tpy944Z/JA9ZPchlwRBT1LJPg+6tAUP5IayPXV9iTnkLusyZkAlakRaAs/jcDWHOrsuB+e33WOtIKBEVy8CUjQbVWCvBGZSIFNM+2BJqxANMH5ozpGTbXIPI+4GyjUH7VR5EhdQFXJVQM49VOm2K/L83CtqxpD5CsWoUAn/6n/hNW+5YOoBMHNMVSz83H64mTfF6slzuBKNaH5kAKz6GL8m7GjrA5RxYWPrcLf7Du61X74DiQmJzDLKDEqI/DNXbdHbtTH/jaDH0Su3Kh43oMqE9yKYgSUMCLS61ZHdoAO+p9+XrYj0/1mZhouIkMBhwAKRwTSV+FYLWoXkzp7PI55aBHjv8xvrjE8jEhF90qTfRODtJdUEkBw9DLRJGQ4mcRQUH00gVOJTxbZsjGMswWkhwp3Np0RyMTX/FjsJGYLMQiu4dINag4GC8c53d04jvS84xSTV2awsJux6Ae0P9Toh5xBzKZL6uGn3DVwd/bSCefzK1VfR+mKQCY47oQzInngcybP/V9Xo31EwreKXLC98DRqIBhHfPmQOdxVb18T+Mk8xQ1lG87RVGBeaIxAE1BVLteFVKRAkCK9a4D/VLQ+qKEhNao7P5gluNmQS4DS9kNWt6XjqWeLhsOlXItiCTszfUTR4R3dXPyBeaVnGAYvESNZjkJB+QOkAhKVKILxkhBNB0EX9fteDNPN8XjnsGlW+LIDaNDTTuF7pCHOQ49QwZPLBAxX5ufukBYGYrVvtxcMvYFxjg5GNoBbVAXxjAwq7yVXWzygJVHKRemxDc2u0BLSkBCv6WThQWl5TNHW1gzdxVt4+pYux5GTni45AT6D6b1rZJf1G1Y6hteremQyZT+NbCoSKycF2qeoqcK1A8THQn7JEqLc2pZuDSQPv+0qsYdv/nNuAeGlw5e62QXwpDFGFCC3nPodCKaykUjPUh6G0ViwlOYXbTc3Z2iQQDBu4keNxc/PT9d3QGmRHW7DxuWDmM5QJm7qzUKwiyiUYyjwAjziz9u1GEX8SdRAOsIxd1XJs/62slVz/9XQ0FADmu40ESnwrRO7JGh9rR+avBquYj8lfjkiESuehwS5XHADVJfZPGmTALFUKiQYfsORA5MbxOXoTFBvEvewxbLIukwhP8XjdS/g9i67QAgY0u00jri9j8TR0w7pfmjkkjAp4shLQXdc9z2SaZxGhzLuJwdXhkqIdOPkCEpOYFCTlrVU7GotiReBK61bQVUD1DV0rxdh2YEfpZl/MiNQVNswQ7G+eE67WmD3bxEeujp0fm4MotLhvg3RS3LTQuTA3UX4Wi7v33bay1M+L5A4xzNFcvw9XGKBB88CoWRyiLEcjBoZD2wZZRGDBpUl6eA4Y5Ixb3hiwp1aJbPNy9IC8jQzJPUPacV2lezoF5hpfpgB8RJ2idgKITqaSyFeQLRwqYHAcVy0lM5eukaAeo8xz1AIA7DcpQYLGej8tIOOYepQ0MMFB50fxsmTiGQ9Zp61kbJpBnBXDe4iQ0wcZOThnfmIwcEuQROfvu8liMp3fgA1UKT33kzOGzSIUl0d6qrJEjXmdDCanq1SvDbjI5ACVR1AdQOii2itb0NDflR4EF2FBtVS7s4uESj4cTVk85wRH7o/FcZxQHK/amzBynzh5Dv9kqwqcvWR4W/xbZhTOAxrAG65LM4LURRdygEhJhU1aF/qj5WUeCNslfn1G/Bldp/V6jRyuFe6yEutdUW3EJiqUyxcYTzfXjXg8MrVk77v50WGiZ3DRLzxbAqgAYixE/WUJhQMd2TTWFbrAB4u0P2lhhVh0sImZjvukgye/L4HCRSZTl6658Ij5nm25ARE/lp6rW+HkDe1t9mMzmWY5uBvVq6SCHDlBZIooXvOyaKF6xQUglILE5P1BB8IkmflOq8vsk0IPHwwPZ0yEwRVqV5ARcOuTYnlnLlk5gKzwRp/NisfR+U8ZZrcCb/fYaInJ3Plo51vd42Kt41l11F1gVLYNr4vqsxFJ7q6QtmGKu/YVJ8WZeTddLGrk0lftneidq10auDNMXtFp8hQfEqYTcg3Lak5p6TpSRzw+HIRZdJaId6sSLxKCnz6UDcrWjPrhyavVOjY9KkMukdDDsSceT8BfJZPLuMRbRCw6gwLi6YGADMgNaskxrVgm4huRmKK6ab6GruLTKdFgkHHjbjsimV6QXYNyGzvSa2U3BgLZLmNaxyIlhJmMwuEBTW3KJh+4/Gj4iCsxe3j9vIRwkIGdD6NKx4uLexFhLAV6OY4a3mA0xtxgKTI5BPnOID1iYN3wLo2qpojbvaOC2kTYkdDXecIHMw9urU8jPy9vVYkuUbRM1Uy+CMhaFPdB+DlmRSTAXWb8jVGwI5+XA5nv0zuxMv0WCxhTDPnKdlVJAjENTudHIGY82KMqOZMbPSwxF4mS9FIRTjOxSRdcBogSk0G+EdQKk/SJktsfiTJAMJWHmRqJBjSVJ6dx+etB0jidIBGNnnW2MONRlQL8u22zt0OK5t6VpSqPwe2f2/+xz6ypgKVTy2SqDUjqHEC9en0hSqKOkmOccI7/bn5LXllCdnxoGd0cWRH6KQqGd9ZTUNBugvWkBvjk7yo39QiAEmyuaG09m0Laeo5ZUxLl0HDi9EKn4LqVhetCCEFemhXqkWt5SkemgQTov/0M4ZhRGWDV1Wor+2qjf5Z01m6QM0pddANw7c2mi+q+wq1P+VUXLJcqWfkrn/6VnZxNY7D9B2IJzS1GVc3mTVpx5vnVyLNmqFAPh9qHHEYhsy6ttshNxwrt2rYes+ZUJlrdDFyLXmLpmw7tBvRgfisjRvgeM8TcpnZaTm/BMSLxs4negITZFP554dPPDH7ON4pduGixljVpTgUUfyawqpILMyPWIjkWYYyawvCNQUuUYwmWnYwH8aznXGc+AsBoE+w6OJIOE3WgLh7nGaJ0kmn7xq0NI5FLiNVYk3krCRh8VVlx8FrhMCyno/sBpCkgtCYFZeiAACvFflSklVi4NDkCmLggzSy0XLrbYqqM6mMwzjClMlIqg6cpq+5hKH9XjRGvEyyQNf1P59e9QN1jxQrikRVFi/uxA8AVQcEaIr6dTEHcfBg/24SrDr+e7GuLGyRSQQ3ALSvyvCG0UdNaJnVEAOgfFYGV1Ig3Ldnp6EC1DnguA3ADW2RihmBNXGnxCyyPlqgY4Jf0PoIrWv+cNev/dxx3Wpld6Pdp8b5PA6J1DTtuKpLuMk9cYIuLlvVmY0+rjcn8hAhGSHYp2uKQbxDt8j7vV4f71NU5nWGXsuAARVdYWGpTh+Zc0JkboHA6Y3YODQLd2N5cAs6UgRNLIRy6kKymOwZgewDT0IsvG2MGT3euWfpDnOMr+KFEF0kD+9wJdGomcYvE1Fr8ZWyWsZAK6Y4jtNSbHUI4kuGseVdvdxGaZ4hjsMw4UT9cM2y6wKHBH4qfp/wAk/DhajVxyVEb1gyK2ZYsmwsJwHYwopaAY94galruo1dC8qWy8BtHHqKHteDC0UTZwZq55emCy8HHNu7iVofEAfoBkftAZlubg1BWEoMspL42MEqbfeoThp1QlueoPe3yDW4vc8V2WtjjziNI9j9kQ0Bmn9uvsnup6lbcYjlvPJHz16wOjDk1/4WV8eCPK+HdXJcO0ESohwtaO44pO80jgCSDVnb0kMxTXBdYm9Ij1aiTnDQQ5JX45wU+OSRaUY8XGeeEU1SDXcj9AC256KWU2UVVNhtYd5US2N8K6lu3Uin2OlTrjRnRPnBL2clyvT9us08WYkGYtotqXBIHjOJ9egWsbqyzVRQguRZ2fghm7m88uTK8/yGo5OPw8saLNotBRZcEeJGrejGLmpSHTwTG1qe2gEkKLTRx/LgdCs6ohFo4+MNfW5jAxpR32DyGKq+89Zibww8flYVpd91iYkpwhdTsCNoOfpHd7D9msSiOJnuk2QaSu25l4Zwl5NSSanYbitLk2nTNP76NTL6xfFSOsQfvdxTDO0Br1qh8F64qHYqCOv+07cMRXiKThJDD5Gdhk40ksHaDLU9eZr4wg9YLa3UO+W4cArr1utHwzUBoKu1CRnnPkA/WDkM1sITWJPg0xiPKJsAABAASURBVPddD5o3qroclyt5UygdZPaL38j4hbS/n7s5cYS0QttLtsimhJEfILjdOUt2EVXoDToATzAuJBQh/YaGhhLw/ubAQAoEpdd9w5guAyrsLxtegapq91xNe6ako9bIqjObV2VLrlrdJw8GqJeg3uFcO775jx4irBD1yCbR+g26g5OS8C5UBLn9V7lDpIk+lf9HyFZfYooe99BVY4pS6VAZt7fOEVmdBn744bHS0EBkgPWH0xs5QNsXvDMC+1BzcVLnFn3W3M7f06pWvrcHcw4dwl47AW7XcvPj5hHErMinyveVJVrsiCZzxGJRQgy/kiJdUM+jETdUj03pvG/Ap89c/GrNE4epLglce1/z4atX4eUh2N+7FDHPl6VzgNUe/f5pJtwVujHcdB3N3mfvlG4XNayLHBHCYoSg04WU2Hmnr2QvxXR7Iz4MCZnnL9/voFJKSCikEDMkJDLGWc9GFHoQTcmTWW57wHki4A3ptMKetNq2sa4oJuHhRc/3NaHnjqquNPoVzlVC5Mc7b/yHTTgblavRWCAAUnYh4rp3df0IhljIsGyL0WO1+TZFdfvz4poByFHwq5uzhhW3N2OtnBWJli3vgEc+VpHlW1Jg6+lO0PTqHmjCKhqofFYCOtnoOvx+p8pYJnKv1/vBGx2+P/t6gqNxGshl7K3xSXpgx834d5QaKB0QOakGjUaoqyLnakDw0hni6g5D251EYLP7t1A93SCsI1bUdLFjscXhFPUkWxYMzgqMbUjC8uPE7T0opM/a8AQyBEhZgXR2RkmB9wsBwh5elxdnib9wIuGfpG4evPYdGUZ6KF2bqQugtyh9WsAXoU3GG56EMhq4wprZg0qcPppiKCoYLRHD8/fqOm+qmxee6Ua6jmL+FOytEK+4ncB3a1dcE4dMnDBOP4Xv4wqKnPdLc8mi8/XJy7ZzVLndmQnKjlw6je8QI8xlbkrQ1WBVjkuOkzZvgT1z+SmjtAeZnpts9H7AzRB03cXd12WVFYe4UNpU3wFTXxTTD3jHw2+nAqOyEXbcDRbe+V0E37s/0W5tLtzcwMb3+6XNewxQSdINkKLB3CxdqZLFlWuurPYAqq8gaCdYszUD2HgRFk29gDiOHtH6wzmkOwCiD69M65RmB9RteHveZUzfs0VZVSWOhVqE9nnerquGZ6AtQjQ0FIO329oC5aL/UIN5dHeuXMVwexe2xLn1IBxYnwMxGJMAxSvYejxrRsZhuKgTgmWWyz5WWgB9BhPb/DeHMhmTbJmxTpGm8feAGSqsaNyC17c5Pghiz+3n82F1eawmp7Wqyg9OJjEAJ7/9HmeAOKaEXmaNDGwub5DEwgrNL4FoAV3wCPTr/DU/sbRdvTe4k13+ja1hSTO7o30B4HgvKWIHeD6YvavZbHiCwG3tRonLPXdS4ALlEVYAYqQmbQbCvLg/fEclpH1Kw4L3eevc7VGRgQ4+n1k30DE6IDXfNQzztAJ//TlwF9/h6x8iYfvxGPGrdBVLjujxwwoYB+YW3YIze9HplsfbRnTiZBLEojUtGVpTusuJMcKihZW3skUgBS6WEtFs4Soa7muGrCFT+vVcERCfTJ7G5cMdjBRI7f1Pl9iQDyMFzsV97mYJPUK3HMWdXzx8Y82pbHMln5P86FJugUaAm/9+ZsUsgd/++G3+8cfvv//973/jyxzf7ziPo66sLMzSG8YBxm2oO3crDdD+SLtLYnQ/sLVhSL1kGzZ7k3NDVDatP6qXWgxR3tMVgqqDXOsBsWe2z6kfb1Gi+FGcn5fuBCXqZZxQgdcl6AqaMHb4kIZjvFmvjpGS19YeGp6ECjuCImcOYPo6diuBdpYj3f1PFdPT6HNINOy+dQqgZnBvJQuqT8T13l+ACJZ9dlvM1htU1zZNc6SmkjZmpoZKlHwIrnaUlAKBUEUG87omz8Ue2e5b8k6A6RYwCEtpcQJwKn33juVkTLl5SF6/02c7WL4zwhpkicUegh+G+K6R4XMgO4/L6zUkTZGxgI0BTA/eOSV1TlUrISZIomSTTsMbcdw8XJx+Is6DcD4gJ9bgvcJwdnwt5nOcPz/9b5+u72EYx19//vUl1N6uuuZqf5mcxweIPK+18IalhqbvQhp3KqYYocATxL7Q1VKGkD6QlFALR3ABg21zk6Zo3FfgjvP46e3Pov/1YgpwEtFFfkGM4hcLPhU59lG6mRASZU7QEnvU3tfVbnvH7/Cdy/T035F+MhZk3/c/n8+n7/7+j/8Z5sff719B5gPp6UVjwPlF2eb8hpONhbrW5FivAvQKNqxAstap1YwhyhMygKyWDpnVQ8Wvdeipehal5C0pYmxXtvMFu7Xl01egNgjemVEcBStpPS63hXin+swPTQavx+tnw0FopMBDtHahoaHhBYintHYj722M56m8FFCeK9fKnGozv1IpeBzzzGgYBnq0oh3uq+dygqOeiiT3YOlhW9IOZ+sxyakd2naySsCnzY8Z2EXIHTycij8csL/cJLWeMTxbyJwH50w7dqHtOG25SsIaRWrM5fOZ0z6Nlw439wl1+50RVvpXFn16GJP/9F6oXwYk7T0T5zdEcLFADuJSF4tHDCTEoEsyvbQnuWJwtwcWvLSjDBYXHP6sChD0KCecCm9K/hvJLgrf4ILSB3Hkcshycs8Wt6hci3D/6X4YHXAYp7/+/HMQg8mFCwiBwejpf1Rr4kJyvB4IM4sW+Yxpj+D1n3jsCA+88aCL2r15TPnwIfsUgIdFV2BXqt7GC7SBnz1ZXrxC4M3wgxJzJDmgrBx3jUlYdOcCQdcj3soJ3IJzYwk9jolTxxCH8Tv/ny///PXX337/o++6//f/+Z9fv3799evXvFhDkuPOFRCqq5yc6Y/qItOBk40diLyMua7rfnrKD6HH9fz207HTg8du2hAcZdTILrpEGWlv3fOvbXJQe4ts5GNJfGqpQKIBXMntA8gxfENDA0VFY7dGClTGb60NPEeT0WuAVbV0ChIPIkkcbDky+81Jp0GxfUT02Aa6v4hiPYKWmndPvDPYClRc4DK9BFy09MAOhl09QtjZgzmhCQQmDc238MgBv31/TaLMiarqcy6GRDAS9JWiYrwvn22NmSjUmfhR+XBSNub5OD3hDGHE0Svh4HTL6Vl62ENnFmlgTGL2FDbfJL8YzsOT9N+46Q9K5/koI5JHFtBxQQTrqOnz2CmEa9HADB1e2VM8GTs2qu1gGXtlj3WxYtor6BuaOI7wOqXO29dkQ9N3nUopzB6F2f9Zou3w7rX8+3z6337rPz3Ma9L/+79/aQwiwzTZX55guX4kbAkIzgMoqQLuU4ebx3j8aiBLGfVHT2mT1IREjDBXQsYXQiixN0qYfsHCMUH1PT2WIU8WNvlb4M4wWxSzsQr/g4pLaRl+ngVXxMpWWOjUlFQDpqZCYAoasYDDdDX//evP+fPPX3/+7fc//s8//0mtBv716zt8SVpg8iJHD0CfgGnh1VEwX18j8YAnv3NADpcBR3oQlWjINMsEePQiIUZG4J48aHxyHrX04OxvW6vBNFBh3ZqveYcIC5pgeGZe2eTpmqzGL98PcVITgakj5qmusUzElBYYruLgvCx1DHPJp5+vP3rOmL1zFeh7Wv17tLC94eDX5hZsF5vYlrm1cvFrTvMAUfqI3FnHCBzsZkf/i2O05uueFdI5mzhhu6c3Scfcd9jNkRfX0HE38icIr1YHzFsREEAjBTJU2vT5oonpRSiZTpMMKOYsqVIOHk8F1U/pOgBsT0H9U+/B1sftC/Dz8zN7LO3qiYH3d/4ZaoTpeCy03wWExDyuskXdOR62TNRMnFcCxpwg9UCwSGsCLvO4N6QbXKt7fZ2UAq5YubBg+WBgQgbUE9pKxOiaRgdA8MML/p5A3c6QOeiI/l2NxsKPjoGCy7/bULDvP13fTdSYaMwack0uBUgV/fuLmGgqgscBoKxcixMZiy9o/fEweEnJLaGOlMFLjC9wWLi9tLltVob//tsPkOnXn3/+R6g4BHUcTyJ2GKVj2FYGnz15CcvojRarQBHAnhfIccTZIseOzKEsSzzPXFqLmX3N7sxJOXgbNZBsyg8URRW+jv1h0CbMWndMwq24W5hu4V88NTkBklczMX+tZou+XHECkWTWwtEfTBD//euv+f/ffv/jn//8x/fX979//TmmPf3jdHh51fdxGElhU6YUUG0f/hrEScKME+lfrk2vPKp+mBu7Drqfz2c3sjlLF545UpYv0e7i0Acz28/RWT9r1jroST/1ky3A0MxzEo4G15oGYa+Z3wGaubSaT85D98gtAmhfkX09wVwAPp8ORr6l4Tz5PpG8aQ3hAGjwfP716T9cNWYxnwQHvza3QP1m80K6fK2QAkXrurID+Y2OOWPEY+wW0h5l/lGXveQLdoSTAglnCjLuIOcIzj9pQZ7d059Ib/aCNUiEA3mfu6H+fHgsYWFEc5tMIJU3IFSGgteIvOvn6RCvgHTGBgLSn0XcoEgFyVZ7cmmp6MyB3XMQPGCip6kqLMXwyMHrce9M/DYRS13VlQiAkwtwfdHLsTVEOHw4N3gfmnRqzDxJnh/PSHDnFs4MZC/jQxDjstVoHiwfym8FrEnuYB7Zs8959XRaAsApZvLX9QLigd0YM1qUxKi7rkb9/Ts6FtBtLEy/OpWV5oTNOZ2ldcze5/SCbPbQqQg10+MT7V82mHXE41rt31/eO6jzCB1PVSd+4R10lElxl8CDwk3Kx/BHN6/wU3uZXtTIxAJ3G/WmgdcJMsVO3yD44cYluO3SviaIJ82C+75fjIKThgZ3AKlsukRx1hLhxs1jJeTeiOGRHyi+Q+G4IARhnswP/vj98/tv/a957fnPv9bbEWYPYA+TSDXqK+vPPuEnyaRHUExij2LBvZDnOu7mVQ9eoEq5fmIhuSAozReQS0apcFND7SmfjEVAXYW7D9vVvnc1lE6pQWZKDSCukrsAHKQeBZ8AOTmsorHliwcDVuh9Pa3mfNSlUAP/nP//7fc//uf//J+//vzzP//9K2VXsIzKEvnOkkZXIHIRXm8qTYsagV/Mqy4kmm7hIRXksCrPomAmFHmBJx6JQu3L8BANrs1+WGLm4djw9ryw1uE0oWIJM9g3PwR6jaY73i3A+g61kkcrt8eJepGFclhEwuDcL81FeqKgRvIK0SWmaM0P+gkqAWYrk8kgraVA3JMCueldQcVDFNw7ZLQ/wjabdUw5hYzYxz4F1RAIN2PbCRoeD0QEIfl83NCtmJPRRn05/4FZCgRB8Ofx6Gg3x54xxhwzHcl6PzawnS9GyqBlyzTiPplfYXZGaXT5T8kDZKmCWUNAX6GfwvLHKiEUlDx+Ycgy9b7RwSEOFFyw2Aflm7dSDSCKBQgh8JaixuQTcrO25hahi9ZAWBAFcsgLBPWdIwdw+O72idG5MRAg4Hhzfah/bwL++fmZBzy/fv1KPSNxdGsfavkNMm3gfcjc/v76fnnflkcrdyeQy7XQkiM1AAAQAElEQVSuNg35DLyOxeCeYfh+yZ0UuawFbE5v96FJnpdcHpnHYfzzKusykel2spX3GNn4RBSRXG7N7COQR+AKtweuOylBbLzRG7/DNDluLo8a6xDP0ootoe3MDLDPI8LhsAh7AU9qO/iBF/TQ9WH0bDgKS2bS6FQ3lDgEWK4D8IxmySmRiwrzkMXyyqkWnPACFzfHNDmfB6cPd5EwuP75dL//8TOrOP77n/9+h2W0kHpFA06ibpTSswvOSZKRjtUwhWmsDHAllsVhytWF1vHK3sS5xXgZgeyVdCm56OqQrdETX0BZsadpGifhoCqAWzV/G/ZGUBVqIAgVLqMG/veP3/74n//555///fNX2tOEE+qNOd2CFf70uVxGOVqXeivbcHhQhihhaJhIGFylGEHaAV50E450KD/en9kZBaV7xzr1yWSR4qk1wCnebO0JO9KN0zgMw2s3GB+P12h/Rlu77yyBFKRA8X95Ln9qxwd37OliDlBYCqRnAZPFUmBHBPuOEfCA0/9mJ4yeRy0F4qwXZsRBfk1Pg2c9MvOJcQ5xDZb69sFlIyXKS3HcuVySQrnhg3+hel/0+soTJMt/olxvb8o1TyDKfaKZhEGdFLgvmhcK6xLfLPaVSqtUfLhGBBW1ri5eAJXPG+OQf8a01G3W3Z0sO+NSVo43K1iScWQPCgy/XaUBp5RA23uwNnV1QGS3+tMTD53UV9WqsZYcn6qJv4Lasvmh/fWFkvnYLRvXIo3LQDnYu9uldiHTidZteYYEtgeJETkwtI+70gXq7GkuyaL2lTt0A+4LWmv8C2wTIfhhsL9STeG1re1NwyQzq0uc4PREJIp1EaOmnDmSPcHvWu8XqgI9UadqYCPQ6/b9OG7GpebaT4USixEoIrH5/fsfn99/+v/8+7/DOKyeZrLiItTpxoiZ0/b4muJCdQTTzWLhkqJrAQjSxNPphG4l3PyePHPK/a1Q3CflU56WEARmjNRpnHIiF5UmP46bddFxvlBlebyPgJvRek6GR2ieMlfvAmAvAiL3F5OB8/8/f/31N4B//PMfnz///M+ff5KEwGRzrpcdhe6C6pIMoio3FI6kWVRX/leRWnR0gvKAxrrwISurjyzHleHye2UESu275OopTMGVYkcUdiAfCkjviEoTFOEobyxvbkiBqJMCjzMIT2+sD5ZkkZdOUU4gB2vV0gIFbucF3hOurHPEu055OULnV3JIQihud3ua3o3K5qcUnCRH6gCba/PtqnVR5DL2XPevrysbKZ6AqPzU4pvryMVDeCfLN2wfnLz3BmzmAi64OfVxgweuaL1a8N03ZRSM3daVSHEP8eZOsSHB4lQUzm1TGtSzyeU+NIHFQZpBwsnzc045rHwNcnVAHZTEwCCTNoRi/TJOGPAqatjZFh0wvWL7dVkAszLnj7/9AKEGAlVGYMYZA+r/jQ607xPPngpT1HPO0WODq1SWn6HNlG4QYfeYlIyIsVtWf+7QR8L9zGxpwEOUAs968eBmQYKeGSaM70gJvA4HrQVKoyxpe6b7pGphwIojVgvV4CWJFSyL6ffCYzQeYW4CRztFgAtkbzLwn//4x7//81/EUHNr58AkM1gQ64ikHlSY5Kb7aNijqhrQUB8+pKGhoUo8WGN3FfWkG3cXFC8f7Uq6cw3o6CGL3ThN05Rual0YcDVpXAuw5PY6YXOCYrtOsXkdM+3ann5pAQv3z05ezY/ooSNaFhQhR+jHSB0cfD6fWf/G2vMpPNxojMBbihbbtbQtAdlicvv4yBIBIZHbcuSel43QVpoePZ6NF3mVyBCFdFSQXK9FRZqpMD8J9VNaf/F+8bpko+RMN6PvJuw6cg/8l+zQ9tpZYffhZoGwcAMADq+e+whet889vWswjPScmqXgu8LSEl1LxPz2p+v+9vfP99f3r7/+Wm/jdiuN3QOv0NbvzZvCABza9prCiZ8bt0+d1O6SCZDNWmMyaIkKSAxVy6wWEfa5aywbxYgsXmmU2ov7lXKWCUXqeAkzS8jGIL773VI0C5kzYsL5H9dpgDwjjBRU1JOCZ7pI+Etx1Mk/1XBeWKSVtu7WVHsEvptI+272czIdDXuTgX/89vv//POf//r3f8ZxSDbZ9J9kOICN+B6tdvBGhUmmiK/bJo9AfTntgKf2307xrmM01nCCRgp8N1rDfgBszWBtQO3rnVDr/DKGRzdN+TuAXAlTB9jCXk8ZJNUYwEy/37zEilKoZi2ZmqADWBdlC0p6luV8wHWDNYR7kwxpQ5f2xA0rjctHLuSW81zk5xYdOhDria6vHfy6FB1yJy7X/KeZAzwC+p2SexVg/VEQHj/iAfsDv7YOeH/J+kx6jYYVnqtQ1tDR25RrlIAzhODWPx/8Onsz1TaCkNfF4adZGxayVtswQiXRZ7XKg4PwYO/OtooNsXrTC/UjJz2sAzgfxrPhGB2YdB2r/Mc80j35SapeFjYIOL+tkzJ5s/PTd3/728/3G8YIJGcCxjUkJ68CMgysvEB7jB4DeOFhc/ucOU0gik1tj4Ua9SvZibtNbmVhk0Xx44hks4nFM4jYEVSGcjkw0fRPHbBx6qqpfFcjscp0U22ASJPM2WJA8sOQmVB2DqeJ3JMNqu0WyPh4+GQu6UwXo0RJ4MRg5hU/Svj//J9//Pvf//5+B3sIF4Hx/XXiQb4LFSaZ431j2TPI6l5rjteHWrLZNZ31FvtGCmyoE62rqxOvPU3XPulB4yblV4PtSasJdRGckeBr67EZXKd8d5Lh9EZEUAuYfTcOIzOZVlMDBts1hAphSr0fSyYGCqHEnUUjwoLDLSk9JSJca/Tg0uP08IsA3+qQYhHD8R7JLbLz0AprIn34ZLtFFABr97qv38o6jbzTwaf/sAWpeYFmUijVYCG82e6f/56DmPvlcRoLqERuwLMn6OBUYjcW8SmGHrwl73h4e8CMi+M0D7Gy16TwAGNGFU03mNE3JGsH7Je/sQD+Tw4DNz+cW4z+03ddT07epa93Xff5fIZhfmfSvURyXIfUjgvXT9y9MCkqmvV7rTPzxB4+n/7vf3z++vX968+/lpOv+ZQfiDl8EwxEG4Wtst489UY23b4V8rgRwK3b50wIRE5IRoEJz0nMCmO3uE2IaeLCyofrpk1DsSwCF0rgRCYc5VzmVhNabsJNUNmQjGSKNlqKF8G87cqeK+zT0j4FeiIXtUVGUd/UWxhylx0gXC6OBOUzltDfKZ0N6QdlbMd69CWN4turVTMcJfw3Qv75z3/+61///n6/Kfh7DPH9hTfufDhGXYYCgWRhcjc0NGSBByOw3or/NFLgZgdOwwrvQiw2bDTUCJT/K8MDW/tL8WWZXBlBjogFnaoM59XGCYyWuU9Z1Y6Y5DDkniAzo0c9sFXCW+GX7Iuu6Qpj1y3rnGZHWZE29I3vNM/ZYYaivOfTQt0lZDDeEevmaHZ7La7lpNQBeNaPn/taZgvvEStWJ3ilIJcATrc83r4KC/kMzE/5Tb68xgzjzVKZCOmO/NjeNgD52WYp4E37tL25nbeggagnRvprjRGOcDmxycxlgyNiA5h+P25HRtzoxvCtDD+Qox4j40YYmYFPZS2h70OuIjiizaLiVND01wLjIibUruUa87YxOpvEioefvv/73z7/+dd/hmFcoxieW+GH3LKxOu2E5g9KfeimtVU2trTGX9Z726b3xO+iyuv5eur+6UOboP1AAzcdeYLh+k2yCo4LH5zQ17uijM/sh1nnT4IgWxlhm3dnTM4fu+YhGJGTGgh4bAtgwsp1BKLOSfIl8T5eIAcK5Q2UzpBTYhzVy3cV6BWy+V5KNrBZud92CNR5gd9h+Oc///Gvf/2L2gtMpfWM6W8+bnsxxYibjXtrqW54JlphjIAqhNhKihuKJwXGHxm8Ek1MDT6olRMo8ZiR7fWKzSZeVTHGKuM611mXT8kiTnhMv8mOXcjCcy1rMyDig5dodwAnN/Oq57zYOAxDAdyLLIVBCWReYv38/OA0zckntWG3TpSgLj6HEQhKVx4e6xtbs2hB933/+XxGajJ19AnHnReXAWC8t6EOsCUGMD4EZXFt/qZ2ZKl1K4RJ91wzuAfKu9uby9UwDtN32sbsFKHStJE4lr4dlqer0/MJy5xualUXYJo/DWf7xqxCghzU1A5vQMtEEy9fOwPOR0R77m0ALngA/g/nnoWMkyUeWlQYfxrnFmYYRxIA3F0cOVJviZtzo//HH/1ff81rx3J8KAiBvsVYtmEnOPK264CZM+/pPhYg3aQoHpDsLtHySL2POycgHa0tupnEA4Z7xl8ZIHtuLz1bPJbTzYD0CreSFJjm4mh2Wvh5dBnEGrmUewjfw8tEQjizrZWAnnU7QLnIfXr2ra2E6AEedACluWr6VtiSmua0wPUP/RPNeIGSOjqPKL9//frHP/7xf//vv8dxEL4nmZpc1SgtyDdxKocXWNtssZ7KvAE97r78vK4zb7zQRMTQxOCMskmBTV1pRQzRYJNwvai2kSwk4RlrHiMUkYqANTVtqCyZ1AIUxm988PDygHlyuSAp6SqnDIAILiK8zDTnNyyQJcx694VqnngkSTXJ+Qu5c94LApPjivWxT7cgari0mT+Vwhtof2fBUItE1GSqNB2qEuRUkhsYXlWYdOvfztkhhZAeF0tZI3gSTV/g9u2Dco+oJA8JO1OefjIbf6g7XD3UfN+zBfkLWz5MQkagC9Dx3t4RS/pEFkPKKqspvDVp+rT3oimATLgqlctLSZC11tnt7O1IgSgbFzTy346DIWFYJj4dwN/+9vP9Dn/+90/ZYQTMBKNNpZB2Q9zgDaVhT2j0WW+Jj38YI+hJoIwKYBZ5TbMR+y82iGUsyVlCk6Eo24Qk3zbiWb3QbjBFOcZxk5CADpYcD+hujFHEWNIGI00qXlZG6jgSli0nbpwy0H8FECeR8vjtwDHulSSI3M48oLkRSCasTx9P1O0M7o08iL3ubIAhzhH+x9//91//dx5LeXvmh0vUQNmKQz0FmyW18KPAX4Y4om4ZFgdNjrWg9pwujBTYVJQGNKE0NMQBsg1K5Fbkrs/1HR9cRDbnQ4WcQELM3IHXFnRERfESC4VvBeN6oWJKt5Ow4kkUC0p6DDhKhhfzBIW9BFgoWRq4PdBr5egJjEA3t2e9+HsZgVsq31ohBGd4eQCKYZ7lChTOIGjfqjPFHRBitag3MiuFh3kRKI21iUPTo8MQsUMeMXICCxlQc1JyV+gYN8kmVkoKqRTgeb8hm2QqmatclufF5bdoYgbLHVB/Wxvxa/HZdAB//PHz/X7/+vMv+dh/jh+VkUGNJjKLiR0C7YfmnuiQ73YbTgsjWl/sur7vYOfcxFpUaAEdf2d2pRypjCs/ct0BIB4tfRcepOGpTYc8MvYlhMcTWFh1ZCEWPDkrJa4kIXHyyyaLeh4l+wZ24Bz1ESn5CSQxcNNiZsFdkoTl44bAQ6BPtvW75CwFbPvcKCbYT7KSeAm8VPOtzyHrtgAAEABJREFUIovxP8dXN7zAP/D3f/z97//617/F80vkvVNcYR2C4IqjucC8Fi/ovT2R76jo2KgsoxoaLqLVmPKPD25oaGiIBcaQS9fwF7joVBVBru8oRmo/piZOIFaTwQIVpZeektj3c4GeJow5Zn2CcfjE5RoMV1lhDvYyJ+xS6Em8g3MnHChooLHyPX/GgtOtMziX/CISmAiSFZw0UCMRDvQCq3zB5qfehtgb1XlAMk6ja8dl9mctFMt6ulRISzIY28rNNNVbYySmM+02Cdo+UgNGJCUNbwXlYLkuG+XHMDoKSrKoLE3dZ0L2fLqxYHiVgNsLcHAEZMeQqsAf9BZwECPjXVsc9yPAP37/TOOwMgK954BJJxML7836yIJEcYJYIVLao2VTKWpXCiVwBqUCzmqnSTebtLlCk18H8OXUAczKoIMiqb23KR6mH2h+6gAA6wwo6UynmD4PJAEDCoqUO0xEO9M9B38cBAC+3p54FsOPPcJJkcxcHnlkQbiGhSX2zFoQhsdWejMc2YHVEAJpzzlNI78UGY0IFrWCCSAX5aj7P3/99Y+///3vf/vjP9Qa9BKE9D0+MMRfSK49L67KqFtPa2q5K9TdNNSDKmqyayKrG5AacTcpMGRi9Xq0bqihIRGwtkEt1XZCLUmm/Km+n77fiZzaj3kJuGWperYkCsKEWGx4f185r2v0Px/yHSYcQirxA8h/Zsh1oygFO4EQvL30euGZWxMdiIEZkTtE9azWK2A99pNbNte4W93B2tBbZKro5vHS+tTWRzVosjfCtyi7NXfaIyPNcBwnwPFynd54sF9bQ+XvOsorhNvFBiCln2iTXYb3y6NpMJ6DivLKYxYMG9L1kwBm1oo78NDzbQsc7Bvjru+7NNMLv33633/r//f/+8+SIz7z3bR7i1Cjp5dfVMDxHseE3ibLEZAdOcy2EsTdyWYG2NiYHaMFLvHaPF+GSfwDNM4fKIMogy0gL1KTwghEQyz9ayo63kvbuHtmKzAT19xo4sNPIYRrUw5A94YiRg46rbLlyBHgM66Q5tgpDQ/Acn6wVu9zantyDvhwy+eCvYMyoWSN3QUevc8aiWzCvk+Qc8jjhBvFB+8fnamBwFRegp/369evv/3978Mw/vp+tyGRFOUXg3iBJHVVKmw0CaVFKANYimtMOMcTZ78NDRoaI9ATt5ICc45OGxpUoDJhqQ98Nw+pD0zbF5jwhzZXIsmty3stKspdQfpkpwaSOoDy8zCPwev2M4B43VRgKgGkYwQiX8OMG/Fovrmx/q4EF2b49AbGYcogN6eFP4pPCYbfsPulUfCWZyC+ur77fHpxIl+HW1GAco3TrD6eF59JUERRWwlm2j+UH2RdN15jRswps6uIxV29LfMUL28TInfyRfUNAZHJvL3nAV2p5DI4oulfGhjq4gV6uJWdgMtbRU3BrvEB7c0qyGPxXNveEycGZoRpDwD8/nv/69cACiNQeeskBpEVXTt2CrPhzha0+XjELzjHnHrYBB+0fDSmMWmuiBDogRHrRoyjEE2EwSUr0eWNMxwtLbPTlo9KgrEQC0KjFlXTqyQRdjXB+5UHY5eSzcjrRFsDeOooM7zH0tdq9cWhO5QlPDdQQiAxzuMemZxTzE3PJPS0tjPDy084HPMCOcyMbMn/rAV8NKeqVOixwI7KzJUX+B0G/Pd//vjbH399B8PxBkmogXjZxyQlefX0nS3Eg1BtBrSS91y0jGvwRnZSIJyNpOrCzZPklgO1ol46JDrXubdosBBfk5RzVEf15QTf16XZwrAA6D49pYCMFWXzokC2LdW9sn5LE5iGR4fJjSqLEM+uRuDa8blXQwdvF9H1c6dteMLifuJ1FgN+Upd6EYaomqIPtnc3jjGUmLbnzSkMO2GrT7lDv3pKCvwZhmFe1AV10ggbfuG86hBme8Kcj6h/KPfZsHGT/lytLiqfkXBrhxGjAeEEuFxjgCf0ryiF4oQkKVKqeEFYySn1TIMcsTSraSQTWD1LGNlz3kZ1CyKw8gLts431cw+0XJ/hoC3/4/f++x1+iYODtw4Psyj9piIgEzUyh8IEGjHpWl5QhHxosduNE2jzMbVcqJ3CUmR/wAkEZkGPn3OsuFDJFbAzwkS0MbPgNJjsFwIcqQ4cI34KNBYR49ydDdfB+vwRMIlEH47aGZPcUuCNx4tao2aPc6jfG49wYX5HSP0j1xHBNmtZKvgREfl5mJBb2jpo7cvPx/OuyuAicwUvoEE1ismLF8hcU8fDOPyOv/3jb79rhwhr/kafafr4iGJowY/gUgY+7+YFVjZ/RrKMH6ubCHLo5bteNAk8FC3j/JGRFFhps3qAyrrYhoYi8eJ6KFcJq2l5kf+vqaepazcim6TUNk9BWaLBsHPyve0X3ly07xKsbLX98XxG4LlRtJyMQDh+nC5wJoew8CTxDrbXyilmm5uwYeuptxZvp3GYdbXEGyhYBvtxCOezG3mK9Ny3YQ5vHAdLI7CuJbAj6g4cWH5fBHg/uADeEp62CUX1BOB1OwChfcOj+0sHlgrVtID7CzFRhGjBfr+pXDaAm8RyWHeLUBX6yiSiDO9N/LK8DIcOiO5gtzAaiRHY9x07OPjfIjhcSYv7CAnPxPe5wW0rXS0EcPQkGgPGhgImxGoyAdZb4CvoWGk5EFpmcYHc2WIKF6mtSXJo6vrQZuExLk2h5xh3XQdwxPXaGNsmKm1Rr9h0S2fHCLQoJwVvUuTAgbXAJaWg/Coj+RljMWf7SMs5Rg30QaXIIarvqhMcjFtyuoer5JQ78QLXawC4JTW3itBGeGW8UHTZeCQUn8whP0T4r+93HEa7a3ILJkSqCgO1MX8/Fk1hHcmldqZnFaRIcD3JfgyyjVpIw9vR8nhFelKgohyoHjcNYRoaKsZOZQykjqrYsbkpX3kndQAPFxheho4pWSVh4HGpDq2ClXEgKVQLAO9tudbFxrlYzwVblmxweulakDe9bwSzFOiiQg0HhDzLVPLQtO4bBeDyPNKSMFhoObb7/A5dgetAHJyN45Wmbq8yRaHTMzlTXSP/QI0i6NqrOokPlw9CzGpkuk460Y9xCurQLzACk1WsSyiw0wtqRK5DDHtImExu6z5jBHzcE4LpsjaA880GgXTSCfc5V46h063MuF1berYnwyV3nHMQj0YC5Pff+r9+fReqosPIEPgmKhcJaoK+XOSOGHCOnj99agvKJ+HDTVgPe3ZNXYbyn5qPuAvr0Dbchc1veOlxuO9WtSLi9sKI4DwGpQXy9yGx8kinSYPhGbMxNRVWz/Vom+5un4V5z/f7QbfcTkT/LbEZ9ZyBKrPxh3cKgkvklI7Qap0DSo64ur8jIb7RjBu4pY9jbD8XXiCwMxmo8+8wfP769bff//jX8G+r88i8QA/vJmT2oTsoYLieC5IeB49vk1wxd9WAzIpzJQlmYNz9sbhRioaa8iMQaacGDW9FbFIgGJaXGhhyqTkb3NDK5uthrnLMNk0Nud/3fdf31L5P2eO7yKgmqR07Y3EcxiADTvcimBGofL4MYPmBVdAg1dTTduvzM43UUFicvH7W4AvJtROET+C6rHsPMG2JT0J5FO/ujfOxC7FSKvYVCx354lK7//l85l57HIfvd6SsuBA5LItyq+5u+YLwFWuX03AiK2g3B0mb1ticES1qd9SctUGIHbrnUlUJEMOecZj1lgRvjpVz8OD7gi+KWU9rio6GU9xeSOwVBeR/8TO2tsDJsyjyCYv2GZdnHcGoAwJweXsfytGRm7N6+tP/fLr//d9/840L8sC2vTdbv9GZhRc8GNZDXthweKm0uMfEL5Dc3QK3DASbIdxx6pzimCEhKYLgwxRM5PnBM5cCdRynaRq8+GEHvknN69U9rLN+YNndpO0vWm+p/suxs42Raby8DjCHNS+3k9V0WgHjtQ2MJUafR170Xpx4nTD55UmVQU6hPaNntz/5FEge0QVtRonAk0eCEX8TrKvwacbecHIkugcvkNmSnS/++9eff//b335+fr7fLznyl9wD2DMCIUWJXaf2xUzyK0J9+oxZ88xrHFS8u/ThaG1EQyCikgKhFcUNWpPaUCTwJVQT3wpWV/tEDQV2XENbC7iJJVIJeP6OpMSdW0n6PuQZ/MICbRUXLol+IEILAT1maBoBj9cME0cinUc29F3PdyVOOF0J93JEcw5cFxYdMPOQHodGa0QbnVML2yfKh3kdWChA5rCnaQyrbtygp/Rn2SCFGzfAt0OL+2J5i/+YqIlMGMc5/93NBLqufxPb+MdjOTZjwRCxAu0rDK4v36ZdPn7Mcy5lB/CsiSrbuj33DvTIvbtZgU6AzXdK3DtOKDQ3ml6qQQeoq2z7Z+wxQJo1x4JLI7o5sZwi5pEwzik8eeH3n46ZCbR7vo+G19AthPG5jktWo2icAOBGc4mW+37SjuORE3BWSUyEHxIbWc8I1iATBnHVc7a7R1hJS1D7j2hcjjggfYXQmCxg25z4/O4CWwZw2u5xxu01bm5ZiX8XE8aOCd0yNY78VOZ8W+Ly9rXCND6G3jI0gig/reXtIqx8qBuxTFT81Zd6cgoePVhATaohwcIKdHIghpFAo8fj5DchG6pe4IBXqtiu8wLXYfevX9/ff//tiBSoOI4BP7+40lAv2fDEKnoKpCcm83Oct/3d61Fdgll2N0Zgw4PhUV0rG5ec4TIpcNkh+c6u0B2tAW14FJ5fW0OqHNqs5bwViDU1zFhZglEkN0+CC+jj8LH5a6YiOaEaa/0a0Et9+orxF7Xt+unH70AmEowLBe1OzDqI/jPPR3AcBg/18UL/k8kGIuzwwfq5muvbP9KuCNCFq6+vib4t7U/75Vl35wgMw3ccJ7dVIciY11mIeRyKsUy46pcjCmUEcpwXhfDoF9JYFNNm5SpwCXC6pNHUFA0NHHD4CIS1s/X0U1+g1e8UMC31Em8vXOgUcRJg69sXfD7zWLj7z7//w5xNVvfaPefRFrpvN2Cc/EOPvYbc0TTlLiE6hRQtRkuY4zRB1kXFyEmI6jlOOLK9QlDsyXvHVSEWm4dRAseL5WL2Y0Tf6XEqmc8Z2n/6DacSVX7g7nB0uiGMoaNnEy6uyNYgHCmsrBhHxWElAy686x+Sjhslen2VVNKu7CTXArEqZkLiquZgaUmVtdfyYNUv6U9zJ8NBhBudlXjPdYAkHcF5pWbDrvNZ6nKI8DAOf//5++fnM3yHU3/zw1Kmk4xG1tJmLXcJQUmBwwALDf5q6JC/HjT4AvL00g0Nt6GV7y1iHx/c0NDQEAkRx/k9tcHTzcpKnC4QLh6JqjiQ7FiKynb1kGrASJ81nYVNuJXAqahtthnUL4L6KdVTJDfu0DAZAB53owbh+zpsLk2/tW/Y+dB1Pz+fuX8eh+EopO0toQ4UVvqU1lC127cGvlN0bgwHepqajVxOcCU9Y9KADhE/LPB/gqnUqjkRL0T0Dee2FgyMl3FxeB7cGSD44R3wjNBtPfakgY0AABAASURBVGbDQ3F9rbrBCPB+YEZg1ni+5jjeUA4P3rjx6bBd6C4/H9VMoBMDLt7Abe+VQwR8eIG+CO/rXHmBCcIH2PClUuIgCddDj+C5EAbCfdIILUSx14bzscKUACXi8l9xGkb9DlGDMAfGUj4RjKXV6ejJCkDsg2LjrjXcu/Imm4XxnY4MtCatxreDDbausz0V+T1h7FbhbMS9hBebe5t2wnLChgS4Wl0WZ2Wc7l6Tm3G+f/31+2+/nZACSUReoI9H2WlT91f3CieLyyEyj8J7cylfyl4pw9qqb4MX/EmBoFzUW7iazr3hwXgEbSpuHet6Cvx+R1IV6mqjGSewqsY5LH8fKyJxDE95pRqsP67j1YxA8+rFVm2asMAWVxeOTSRaVHOBqVgNza16D4/CpkZma6KPrNdii/t6DathP3kxL2t8Pv3Al1hsBd6cyt0ajJKKB+50VNT9u6v0yMBDtfhqVJZHCzh/NQ8NccuqA+Oj4pE4rmoT6RHUs0Y+vvQheFj6siGwtLweTRblw03TCqc3DmAkjVgDYv/01VBhwMRpsOVCiZgHiL99uv/9339zbx38jTJJCvZEDG3TnA8rArgQNTfEjjg/UrlQ43h3IFXhSB8+HHK1vDwFIg2wPh9zKsYAkToZS/TIrNm7ruv4tcZKRKJNhllW8X1yci+d6g7WW67sPsu3EpX9K528YG3DAVKUEOMkMy/i2AvdzAo3fXFZiGQhdUlyUSk0E44L5WxeEOGiG7SzA8HpaGA3XiB7TD/++9ef//M//89//vPfCc+WdjDWhMbJI+7itlNWbylZUsFQ1YiusDrshEgRfmLSGxoawuFDCmztQ0PDe1AKtybnmPoRbMho4NySygxAF0kZSwOsrUAz1DcISVqgC1wWZtonfPtakkHworVGuwu7JxrDTv0jsLDyFkqe8pbKI4GR4mxLrhbhlYQtjkoSW3x5mYXlQ43MLgH0ZtfNC0X08FxEoUV2QJ7CmzUUtJ+aGzeghC8EvLpdThLsb+KB59D+nL2Ejm5m4bZiDY8jhJD37fgosPviKDZilQK0rwaBJg8T1k0MZag9o+QSOt4/s+MEqzvcMEhOF233vZg5pJ9P/+dfX+HSRf7O/Bn7m5d4SmJMDcTBqGFydl+c8FwDx8PXSuAEBkY+tuclrKfbYnspVp5t5L19zkELkBMuMlP5Jmi4kqAHSUyW3e64/YFmN9cKAEBnIcegfk0poR07R3si2K1t75bVZmKZw5n/JYPyR7G2Q4oY4o+8ixiTHYDqsMbRk1grkClhF0Roo/SB/O+4NeSsRCzGAmEcht9/++2/f/11/lI0Ncl5UIwPaBveJCyiK7HzHl4gH5M/pd2NgXaMbsNjUH1BdRVAq9FmnJECYeHDVy7De+exDQ1RQddbiyjSrV4lRXVtdi1jd745dGFOvL8agZiDw22kT/C4GytAAJnR/lW5vDJxqmSRF0jSlOskIjmxzgT6x+aBfnvWlvNCbnB+HAcTG3A106exAWFxoL4oUjL5imhH3kPdMoH8OJ1ATNTUAayn92oReVH7dq7UjN+8gfEyOS7YLeOFyEMSRTICL0dqbhD6vp+maZzGKMWiIEbgBc+0ZqVE5I4W6zTSmAl8QdMLu4sGFfAiycTqPNk60GssWtlhSd3peq2Qj3XxdC82r9XTnw+MI1h8cgmNWMIy3pyuZrIYXDvWIiAka6FyDc8l+r7bNEqvPdmiCGWvLF+Qw8FsFbe/xEDlYoiRcQNNENaTtQ8cmX7sSH6EkHXWfB/2FrMUfg6qGx27+R8I+jQsW+BAc4POBFpQI6BokM7A9RRHjKy4AqUT+2linMgOLjLQDVCn+Ltadz+iV3aPnM6INVZ8bysbQBKvSOZrFi+IUFQeVXm4+OmWADZsxOMxx+Lmr79+/cZIgYScvaO8eRkuvMUDF8lzEu7gBcYL8AGjQyKmOiSNbqVogEdtbngMXp6brbBehp0UWF0beIAmi4ZXIkeP3yrPXfCcjb4Bi5KMVIJqUtp13efzmXAax/GGYn1HKyaSPLEke6b4wYxAjoeU643efmHfLY9AMvws5DzNjzm750yfxBm6Hlg0j1LTjWwJahEibOKpRVnzx13uHkUMXF3gwbPEyBLK2VEjdGu0nQDsE8UChHaN9bVb5srZpMUIy88PewUlK0k6jQju6Cvg5PcJMg17HjN36fu+6/tpnMdHUY2RVDR5q3WeKoYq15NfxogtikrjnWXByH1xTCoa/TI2w6i5WG8frp5q73YAn777z7//IxaFTd5rty5Q3hC9FpDRP4RgpzErVECJRptH5rJATHeBFNIsHMEmm+jtSBlmE60wyuFadPX8V/hbhZeLtPG7RIrUjOivftwrTmoGzzLyRP2b7eulLieymD/XYm++PAM1VdjtjBXuvF+rn2A0IW5iR1A6cucleiF72S+krkGiiJTZlICkQIdEzlKKkyFUhJIaGDhcZhYHj50IY4HDOPz95+991/FGRmEbH/geZRh/4stZ2t/IC5RE1yh+PWF8SJ4Tz+h450y44Z1wraN11mVXWEiBdbSBqHzqaE1hw8sRvX4XX2dQ/q8GTL9RSYI7phYiBWyZ9cQl6sT7D1ldMOdv38GI8ZPsTFnKDGBFGmSRfs6gxGX57wj+h4eKlW3TbaLw3tZLILs3lFv0NJ4ptJypeqTdZljUFflcMS2c8nBd2y84jMGm3d/8Iv441d5d9IACcWElpi7sCfwH6w8fzALwmn3d0SpAwkDZQVTdbgZ6NyMwbfgnRQcPpqo3IppMyuzZiomVQ0ToMdNdRzstaXglksdPB10qFqMDdKIl1QXYfF/066SBytR+XU4MaImBvTVkA543CwtcB56ozVrOmnDwFMy3beDOP5/ur79+ifAMTvA4TLvHGwSoCsBOlovehsC9peogqY4eCGtoN6cjGDHjDcpnEvpdKphGo5c8AM2qfbi/qZE0dtyoXWgB208X1v1CDhzqBECPxpSqOEBq4n3tqLnG5vjBUYCgk4484ibmraYAl9/Az4KYx6XI6U1oj2UwdpG4t6YhmRgFNNkpnLCGVBDUJr/4/u+CCBHFDuRJWFz2sq+Nx+MJlDrUcRh+Pj/jr79c33RycSmGog/DiniBotNKqQAsFPWlWM5pnjp8rxJlaGAangxGClymJ1BdCyA16Gqaa2z+GyoDxK3mD6gz9XECLTqHd2JeFP3Mk8ZhGEZfM1s34lK9QapfqymPg9G69DyIpSwIZruu6w2rzb7tP6Ld3b7FQI/r/H5dIrAorUS0xQ0UHayu8t6thGzFNY0jdN0U19pTBDgwAmNo3xRGYNI2LTSuzquhgc/E5mkkTkHFbtTA+0GK4Luu/3z6acJxHNT7kcOK6isEP3SGf32Ai88vIHmB8ZFGysgUNa7gp9wUjdzR61hrMl+MYlLQBoIaJDUhnn+FImQoyRLjPBRJnfTIAyJf7+TAeJzXfgfOk8TdCZhoDsU76p8P4ASrUtoSGRHGftuNE4I3Dx6P7oDEVLu4lKqEQ+WwQq0r0zkHDA6JOsVqMGwCCNpWxSzs2K0FQsFyUBEvnmD6VYk+K+4UxO5XgbYpJ+T6DaGAEZy1a3Sx+W03tYmgs7sSGIkrgI42YbFViDsvuGoI2OnBE2VQdUScn6y2gVrM4lUz3N5Qkbh8UKbYrNfiZvMgT39VRJFfjh3Fa0Yns2ZXkAhZ3Z2Vl6yEe1EC0UFnzAZ4f/316+fn8+cvbbSHp0OUcxcusPgCjs04ZMi0RHZNdyFBMmpvqYDnDM0aqkYrow0R8CENFMVqMxsa4iN4qPzoelJbn4nVaNgYqI0hzsi5Kc3ZKwfbn1tNDq/24/xS7JctmTLRabWHWU4rewZu47iB4UM+Ue31bZQq9AiYrqNXPKfP+b26IBcNLLB/y10U+ldB2mOKaJBRW2KzsLGofhmPQjzMPqF33jvarX9tw5gQumlvKzBbw5KHFwYH9+M13hk4c1GXdbitL7zl2FzIUsScOZUgV06D1l5dnERKbpaKqZGKHSVy4zg9j0wKkkM5cyLUjZwUhnsiNY8nsM4Nr+XhvmIZnvVvXAILTw+bcWJHHJcGgZ4S6Y9PD//9a3Br5fE0Bsa3EF1LYxABPWdTU1yzpkhhnYQd0usOH5YI7wgL6sP5aYMeft6Hi/EUM2g0Ft1Dw6z3ySJm1sAqguiVdx9PLKpUcR0I8I5VKwAXRRFBc2DywINrw4ylmTxUv7jFaiSKHvPA8K4fOmGG0BS3NSBUb4koaS4jxWYTPGVNEpjqGoLro6Q4lb3MaYw8Spj4D/Px8BW2/YSlmO/v2rjHTLxAc9ycPc7CCyQ5UKRuIS0qTHLBqKoDaXCGMxGdNByiWlIgtKa+oWIkWm5tKAxYUSfI+VPxkvuA8l7hAEdL8qUsui1/HQNmJKnysvhcE8I0Q7Bn/wmVpXy0mvJbPP18+p+fn2mavsM4IY4+Vj9VZSfgqtyUy05+gjwXfIriIzTbt+T5ISMwWmKtHilnB2eHZ+og4J0z9F3/+e0zfMdpHHQe2GXApceR4BHKwnX3KA2gfTm5vYpMjEC9IYL8UbglsKMIrGtbPjr5BiteLp3w5L1DME0LSuGVl7KHB892Jp2so25AWC912oITbNtdTsNyQwf0jEVHe/+GASMYL/WX0IPk4zpzgJPfToEFAnIFFAY4Zsuhy4vPaMROUiq3pMFT0pMIsNACzY8tryEpTHAXogPL+4nT5NzQ5QdsdjyZ+5US4rqJmCFKSISpwuPo0l2v7ADlFMdBdNR32MRKuRIW6/ilTqySfH+pj5NMwZjqKCAdPUk4R4aqQrit/LBIzNk94uYexaVYnRfH6/APg5v9823OnIwFEjKMQ8f2zY7T5M0LjABbIOCjzk/PC/TgMIeHA9UdH1xhkinKS3PVw+YGKxojMB6apcCGhoYVbx37iJlwVZgn+VAXK7CqXp9uoeMHCNcB3BjRKqypih4d3HNCnCOiqFi3P5XpLcDmufIK4Vufx3E97YV4JHJL8OIp0ezzrYzB5Y+91U0TPQZ82q4L+vGKTm4cAnxTexn9rO/qe6oqntCytz8iwHCVMpRTl33f02NHaOq9tMbFEdouBcH7L1TuRPI4XxIi43DNf/mdKnE5Oxg4uJ2mg3/WSF+PLRrv1gyQ/S3nHjTll8SyFpN8Uea5aNXICC6WQ9qS4ZVohSxjaXWO9mpeaD0mDs9de2AeBo/D6PZ2gP8hG0/cV33FtGE79bE6P0OUIpAtoE2wQNxM6YDbQ1MUC2zQD0hY3AiebxNxIJ6ikn+Q8L1bv1Mm1xDQK5gMCOHnUHNp4yislSaPuimGFnOM+cTI24bTAgC5e0EbXGLhv4ctMqj6xN7iSv4/bu9tO/FwNTo1VcgP+tgFPT9ihgyVU54Pwn3JQB125jDTBKP/TMURdOMFimOxPZmBh1UCOId1Vgr3/WecfslXyKqpPq5SGKXGoVn75IEsvECSFrGbrgfbT214AAAQAElEQVRMyyudHoP8fElrXDtaNvqizopfCSmwKT0bGvaoqpuojRLIJjH1JFpjVOzxqi7g/cN1U3bxEwqCcrKg3HeKymJRj73AdUuuK/2wXsCyrgnrF6hHGclb6w3lT5C0Jlfp4e4bLU9s6Nm+URzH7/Blju/LuLxbA7uu+/x8hu+A00ByIR9h7BCzpOeV4K6D4TuRuPvn4eLzPFBi4aiQL643ixshLgHc0DGgvGRHgz1l6OAmZnj5cBIHawMMomdom7e3SFNW3MNPhtBQYRkpqz8rAzg4eJJk0Ot2IARlIWCOFU2SCQnhhjAcoi1XRdd9RQD2eUlgzDthJhBPY4WHDALzDPI4UmFZt+zisDBdIDwXIXkBSAoQZQaus9TBQm7askrKxDon51eRYlp+8YAzMqdnEgqjBIZhboZGRDixl5gIoH9rgUO+3SRS43TOC9xlueMcOSH2pdCzDKeJ/oQYusoRJ0JAbRV2upeyd6R0QSBTRzqZgWxxAtaNBYtUcd0VGxYvOJ4KldBeqLF6SPvllCkQtFHjZP7BBhE4DmO/pZzirbxA5Bu4fQjuOXiBPJAUwYjFgsheFz2MSZPkh6BOhUlDQ8VolgIbGmqEttGmBuC5Tvh1oLOtSpJ8wgl8F6CDT/+ZcKLW1N6XZqvm94akXmkhFbt4+h/ZWcxb/hYnUsXWIc4fIwNxgVSyret1VGXB/ZUrKUvYWnS3U0Cq85jyyhxlLU4fLDjeyxY+Gq4uh5GHFnfdF8QT+4jxswYOfiXBSRCofKbwPwbCg3B7k3GRcb1Ok6TMw97w4ERL6Fcm7hrUR+UYO9WVZ+H5k61nMQJVD4ped7gXjyuWlryMmcUAq4YEbp1WRskdPA3jPIUH2+0M7x+vwR6Ehp2wNOMeIVcRHZMIw7EdpxiKzIVcZCOiEzfXU3QawQu0RhKVCKd6rH6TTTnWgiug7Vcn9moJvxi1MikvKrYxnKYp+mF8YW1NAlhVVxbXUJrOMpskwxsF2HcQyWXol6+H/iz/SUF1Nc7giW4iNqyx0DuULDh146xPHDcqRaVXvhwFRj0URyibPBQqFu2RDF+7EWWoAOLfvW1QzsAhPLl4OgiZM7fv+4MXM/MC58L+HcaFwlpaO56ka5E7XxoaXotFEf+kcl7asD8jXJNesYh88G5SYOu7GhpM4JyRmoAV9glR5tlFY7tt63FDuTBQ1cenJyNxJYqVg9DMQUbpPWT1bhdnDh0SR7tT4jS+AD4xbKLFOX9ApLKIkOUH0UwDytixM3bY/VnPNbqbUNsptJBsNV1xDRZcwl6FFXRmspvv2yeZmorzYET3FLrVGzbfpmcxkFReiJLEuiuZJ9lIHtDoO7CcUKXDRfY/Bq4xAs/fVlw8d9gCJ799gc8YuoLpKw1yscajIpJEIJKbtDEoCvDk1iQ1HpebHOB1O8x7OvYGzxM/H1vQHEYnG/eA6otgde3B30TOHoBffw7s+bXxxs73k9AjQKyJn8Q9xVJtmSVPSiJf5EC9wu2PW4VkmdxEF0/p/R3XpgDpovEWDusaWJ9kw17FIR/A7cUSdr92sUGj0/1zP4hiGlZarRLNCjBc7pRvOlDqqcvjg26TYHhieb4+wQNFKUKHOOGU0jIDYyyt5sFxW55htT+8EAfFh1D0ri9e67uY+pYdmEw/lXCMbg1Pokkpfn+grboQS4AYdXJBTYp+h+Hntx/T08y8QOkZ4rz+smjpizuKLBkvsOzxRXQsrUV1qDPVDwRGcNHQwNAsBTY0vBngcfftwLr6RqmfqCbNVRmC5OypZ6X4WrPD9E3o7rUymYM9M48oyiONsEckUW9RNMyT/2EYJ8+TTRm3DVRKHqgHY+jb7cAUcXbiBlWzUVWa77mq5zyqQrFww64BTh8WwwikQKmS9O+j3sAIDDKt4r9jtWDmnFCnn2Z+0iRA4DM/j88YCFdrf7YGDk5vXMXa40Xz2tMj/3AziP+GYU8BvaZrFArv4G9Ek4wRkFcyT5ymucnHe8HsoTPWgx1VuHN6sBCuvicWbOkhg3yydAjfQQJumVhOLxFn8Dmbwic4dOoZeQhygsbLQJxGYc8lwnnKrMxN8hd106TaYYydIqJ0Ei/39e0W6+OyrWweltXUcGULylrPkCCG9nIHd0sERLdbfBdwFsfANEA8uwTm4x1LFCw93IWfgFoAIdSCJPkNjK+Xepg50V5ntDcoePYjTnZQm3Zd33fzXz9HZpSsvx0tUFIodQIiJy6a1EHBDMUYvjiGJQlyXto5lxOEZ+yOD1afZ+MF4n5o4SPSjG1+fF4gq8eKJfX3A+T2sHgePkJ2YpGMNDwetVTVhhhopMCGhvfgtAtfNy5Vd5Tuft/Ya9ExM/oEQwycFYCggSjGYhM9AsuO05JwqPOxHBljO0lGvTtr0qg+XRZnOHB6hI3eQOoh6A/+x9dzmLaOu1BfDcNO8bTcQLuCigmSLo7NCq4JA2pxiVM551zyLNdnPKacorgUFk84Ovl7fuMabiHP6cu2EaJwG38u7A3Jeb6r8p7VJL83/HxSUZZtPPB+EBfBdlOvxi9343kObneBK1Xzlg9nSlB9eFCim4J7D1A+r6DQVbFwOPG7zO+lwy1i2wcqugZwXLT24vfNuothGK7wpAwjy0A1iEf+0yAmZ9dehSQ005XY31DjUOxZZHZ0yqnxCjfQ6iTB6ILpa6g1Kqp9vVRK4jIFSTEZQzY6HxIL9nSfTEFTAZSr8hU1aLhH9gorM/AoGF7PAKIsRRhieCcRWYmOpkVEps3spHWxUtXzdlrd5vmhq807kKHAy17H+7XYYHlNFdcL0W/HCCQKI1B7cX/TdssN0OnaNOugzW7l0fpbz0+VSMT6u9h6ye7Aw41+38VhMHQvvNuwJ/MClxljoW3XE5BeenFCKGt4ckuBawW9YHjkTMtEVzRSYEPDS+DSg/dd9/n5DMP4vINHr+JxdtXC0fXd5/MzDjSfycMQPA7F/az7tcjPCQRfJ7rdPfZje0bu7s5qvE9Vqk3T9zvQRRfPncUKB09uSN/svgR79Ld+ZS1Xs+7j86Fjs2H42nO5SJXyNfDjc91L9l4F+1DgkvQdlnqk3ng4QE8ULFq2eFrEdFICx3tewCwDFFg+3JyGBxIK3syfreJfCMLj1TwV7Yx1iIeOQvx+agMCXffz+ZkXWsZxICEA42UZeF1fXkSK4OBXA1+nFf+PEblnKiQnbp8tesrB7PxCKjDUgZETGEQWCEK2jHPJIDp2o1bxuE0Rk1ySR2GJiPVV8HrTPwEW/1MIJAIOuQVwRikwXDqGel0a0YV5D3cKAA4H+VmWzff3MirVCq0ZjnBr6W3pk3obSDjl3elNKG5dAnhgbrtF2afbL1IIkenI/GDZaVr1LXaVxnFwESLTdd3GwN7iKWoMRKqC03mKi7Z821aD5o0aS1iS7I8Tst53+P6d/I24+ZCNF8hHff4tGUhP0oNvyog/g4voY0ZpVIPrOXS1isREYwTa0GrNKZqIPPBQUmDrQhqqxoUVW2Dbbcbaqg+WNcRJDW5ShU9Hy0HCHGA0uYqsX+4pRGC62t3c3gHDwoGWTUi3O04ugtWr2HoggM7yEifGiIkq286rUIRQXiq3CPZ9Lw7RJRhchs72XhZVdvhO4jPtWtG4kFHo4xG4OoyKmGFJPRYSg7+pE5VBaCb1vP4b2dnaIatsCeHseSz+HEbXsp3diud5PCzcyHsbuKg0PH/nwG16nyydBuDBo2C6iirsnIe9bbi8FzEjsqzgPDqPo+MRet3bAK6F5emj0UPYKQ2PIG4cxzBF5ONJBtHo9QEXkb1FvMIgaQFS/bBwAm8qM+HBbt/0qs545jfjWkHY29lxFk8wXrp7zwkVF3mBG0Rf/M1DVoDDcIwZkTxiByU/dth8XmwbzxZSL9zKBhx1ogdeZ28s87fMoP/gJCtYzs8mpQ8v4hDm6LnJwJS/SZmgBWE98gSA3Lg0wTTnZt2aFimdIbhebGO+9Wfnr1hXkBNSQwPQdfuTpLnmH/a+L50tMIJjt1/Vskf0aBiDsSYt8IiD4KPEby5KwzjWtM5WMQS/N04leQZauW6oHk8hBdbUMDU0HKJVhlBU1OffcZrurQUTiWXm+0KgPgMGhcwn/4g0uycYd3zKTRarfesVLO/yue1muj6N46/v11GPg5tf+tzd4sdJsZn1AD8/H3o60zBVU4NxUSrhmqM1gDN7LXrnN0JhvyIhOx3yAwGmr2OUp2aCg19JgqBwFUIsFuJdXpzAqx+/VRbp/J+7ZWksdjCShSOG9Rjw9fSV+1ZUqm+OjP9g3yfCDy1fmdrtpwMcEoWPTPcpX+nkPhw6uxp8PITG8JhkZ1o35Z3RamOSHKTyLFaIYZwDL7FmGVquBQZEUxw+uosTkVMY2JgerjdvHjxmlIhjnucjZvU6GZDsLyXslYmk6jyiyzBtplxsVRMiIyWQEAJvWnH3bfBA9i85WYEbZdoNlLxVLfJAXaZbZ72le9EPyksbRnFqctG0wCX2caLIKWMYmOERIoM4q/AnV8fkGmTLDmz7PsrxkO4EOqDsvjVQWQ3V9lDuDNV4i3SnZN8L1/w1xN0oFBQvD4EXOyGRPghvx08G0DHB13WurQlOE07TIE1i10HulctiCTbolo8XjU8aGhoc0I4PbmgoGim6ZT5irm2AUw1nbEFFJyYjIdnG7BbezvZMTNAcHP9cSHkUEzt94DA1iIpdRDkvZtV6OwkX02MQ2jclehvei2ViixheijavXW3Kqqq9QqvxlPWSq28ybQ9T91B7kDsfz36nRA4iFUqkTFpMn09Ic/5BnTUzSXMcgh9e8pmBakhpyUf/ltYzZn7OU1exXZWmTQDTFE/OUohKlfNPcGIR1WJTwQ3q6CqSWOLlXyHKU/doVMAIXLGQEFptCsZjV7HRyZUGOv8aiFzMhfB0nwdfhkx9MxfIxuR8QDIMbTjcQtOIBTiRRGE1yC86x30AngygAWG7X1B3YPGWlAU33hNYbxM2yk0zpjPK8EpI0T3UPJdL7AEtD0kWq8xhixHtYXmJEU5kOEcMjgiy8vSRrV4yazozUxKVYEGZ3d1ZpjMAdDb1TTL3R7xIPmcif7HRoZqbSaxc2MQ3K7nomT+jfo+Hrq1B7Cz/MUMX0zTJn9shhVzSXJWo6D95nbXQs0ZO83d/tUYA+q7/ULVVv3ONhiFPAauuj6h7DQ0N1/Hamu6asNbUeYBboSmTFOjbjzc0vBPpakJ1jWVbXr2E4tpknZmn2rtzfy1okranw2iW+rjeQ/0nH2p3+AfsvGWvT+zE3oMSy9liaJqvLvPgzftFrLaElaJlqv/SKmyiY5bNCXTKR6/MppSgTz+nd6D2IPFWFmAawMmDxPqiaAIE7SuCf+DdascF3Fi4gJ2l8vnpp3Eah4F4JBUc74XGKzfmcvD50GPix1lhjNejUCoj0PG97ULZixtAw2MXmkACiZQs5HXYaAMCeexpL4mil62FnAAAEABJREFUvay5A4nRptSNB0lPaSf8Yz2PxMaRWbWhq4NBrEDNbMkRnGN3aXAYQIw89kc2RiDu+QrZYN9l8fh0Kr9OcYlDSCQbFHnYXZwib4RP4RQda7LPRRLkbTFwI3St908mT5XoKJfts5EyOEs5iU/dwmXuCeeT/2LrwiGPyCY0fqQp62JvTpgsigLZ9pULbpx7R1YaFqH5Di7Kb9UX+KTR7gVESPNWHZAHvtGmVglxGRxKvb06J2X3GCF4NAS3qYw77yeFFHgcEeLIC9w97qgeWjL8UGWz8jvLi8z8McG+p9vZO2mkgTfkjC4IyuHgLBhmPREWBysuNQJwMlRWvghZuhtyqRiBlrhoKLIxZDu16zOh0/AItGLZEBnNUmBDQxFwUdA1XMHVkfCz8PCE/v/sfQfA7USV/5zc+z2atEVFBMsqKhZEwS4KYu+svfe2uqv4t6+6rG3tbV3Xtbe1FxTFjgUVG2JBUEFEsWChg/Le+25y/plMyiSZJFOTyU1+77775SYzZ8709ssZEFzVGHjJV0Df1VqSCMOIzjOTyRpwHqszTeD+xns/qzAkSigfDlTM8ICbDpLqZJJULCuUr2rravSNONICIL4ZgXTafKFvsbWJxg0CXyei9hmBHISR7q1vNApIj84VUDtxlAsVhbZOx7aTXNBy216G0BdzF0Ecd26xz0V2g8YTC8KlvWFjK6dXrJx4cC08XUWWrQUgdUsfvbHOoO3miHs+EF7qA1WHAmszqbLc6nqGtY3YjIEw9Maz/fB7jxE23uDfddOSXKZsGm24SwbVF9UjmfubZVV7pLwdDDTy4Ijo3DX5QW1DhP1Jh+4t+ZJT6JiLWI2YdSJbbaXKRJZFWqBVxZSCFRZQmeCjeIkvVBrcDxRHZ8jIUlBjrVTRIw0KSO1daifhaDnwMstVqjA7eHRax3AmRiFhrLSi0k6HvKfMOCLiUO+pSfMCy6BnNMVLkdAV37wM0zONY08R236qLWCXdh0tc+gAFotlAKJ+oaxGXQn+B2brbnXNBXYnGJebTOU03bib3gw3CaOAjrcaa2Hi6zLeR39KveiMvuAJKRBqFzNmuMbcpE4CyQA2sQfuLc3GOuhoXerl09Lf2oOOH80Scy2M5g1Q+5UZBITiKQRBsFxSS0uZSXoQmegrrksyI80eB9tuNVnw0wUIgkKWxY47TAPx9jRL30gbO8tVLUHYYaJkYIDyA22ROQcm59j2AZ1QQOFZt/zk1FTafGG8RUA04JLICFKujBRgnMjCLmpvTCwn0s2CwkbhazMxgo5HCtsLMrd6gGmobf696/MUaH6DF9mBFFDgffqP0agNEjfXphG1C1vJ4lljZR4tyCgCTaKw3bdtgHoSY85EUssf7FCEV0hNqfqCANQCbp8rYeZFIWDor3i63QOHvuuZTGw6NTJbR0D52yNA0qY0tyhW0rtdAXtJpy8qIY0wgtB4szJBPcNQeK92B0mUONVlDPnJEZSIen1YJrtS3S7XEvjAHBZOKNHsq8AmP92OBoA0cyxZm5d37g1KZYIowcU4kGhp0iPqZN/iAWlWHNVWV+2gHGiE2cHmcogg3nkKEguGhtmh3NTEdSlgDL3KbfYMC/ofpLMYxOJ5NTDkpgn5+c+cHVfIZLFfkDxUH/8LI1KKBJR0quoout2JMs9byTs9uiQ1Gw8ym6prBadTGd+wdjm7tkV1UnWwd/hAChz5nHDGSDFc/z6prnZwJIbklquQgkwDbKjeTDEgOT2u8kWK429J3SZf5X7mQTicp4jTfLXSTPPKbAO4yQo/tyH01S4I4nlZHhZmHgqvRPyDjOGVRfF6GDrnA/rUTKW2+ccxTADJey3AdSUwtxNg+s5inQLubM0KtRZYXNZRIM7kl/eBkVit3tDyy1iikwTB/IAKYPsQjcGrw/UWtVXnXKvn/lBnyyVD43EHbFcMUzQO9HoEss2GoRTwlAmJ2XtAPo3aegDIuMg2NcCbiuQPgPt4i8GyjY2AmueIFhNNLo5gkhja2goGpqBPfYPWgLrFIi8JZd1aYrf5gPaIDBGFloxIOU8tLUy3wiB9Gyt/B0Zdw8RmFDRbjpKr4MYlQJaEJAF9vhY0sBNsQF8rO4FLk2GAOEwF3+G/3TjhfJzCmJdrY8w1ulIDFZ2nUewNBksdgvtMvurWSYvL6pngKFnW0UKdEMuzLZkDi+0Q5hAjjFbhikgep5z+xfpNUs1NbB9I5RQ+W4WP2vXIjmwWActfLQ+Elg2x7Jpr0OvnAjfTB0ds7VMfA5TqGnpJ85kROBbIRmyC42kTFMk1CCkQuG8yZ96gmHjiDzakHhITy3NIrGxDJDN2FnnveAzdXmpuVGUmryGpZVu20tIcFHY9xNQFpu8IAbABdU7JS/REzAfZgM5KOTbfQqQvdyUQznL8K+4GqQTJDIqkPLkBNoicC6sh2/AeQ7Nla2kAh1ophdIfUzEqTtOWxVGslSOkRf6zwArsgm0iI+mN6+NsYdSh1n2M2lKeO8eGGwlsky/9aeDtZIEhI9AtR9qgpxqSkOcqQaTi5HHNRLfajaNNEnEwsN3BxAG1C204fEvJzt6n3/MH6TjaSmWUf1TfDIP8iyhphC03tPJHIzWwXZxJMcnIXgDDTVdhmJIO7Q+hWS+bCoPv1Zwi2/9o5gUKIR0xrUSwy3zqIB1SI3nFYl1vmSZPa7EdVBYgNLi1oUqPsVNDi2LNXYguNdZ+tF0Eg3TROukoms7glN0e9SzXO9WB2mE9XT68gxohyiX12aVgw4CHHALxkOMFOp4+uwM9g14vmQ1H3r0kFzuAun679KfivHAkEy2UuJOhr6pGN6wDufTF7rvaHKqAgp7DhsY2MEvBtJAwxRikiUuJr35PKNq0U+ulyh7To/ZyG0AdLblKWzCSZhZYJYS4FkAUNQ3bG39VbpXGPGmxgtLqG2Q/2QVAmgFIMjOqzMQyO7Y9Pb89L6TZPRZOkFwE9ENYLOjP5G00Zlg2Fc58MffpgfDJ+3v9kwJHMW2fMcMa/GoGkfueBoxWeUmVJ1Nq3ZvPqOWvRXdL8oCUe5AaVqvNSMnkXmp2Cmu3Rc5y1h8R+SEtJRjaf4/ADp91OK7tcce9XC7jdI2LBPECPTRvSLw4S7cM568GYm7Dn3gOSymRZrIH0a239e6QmANzuIAmHRensW0WLsNulu6AlADaD/UDE4u11FE6ykF92iUoOkkrgp26AEq3bQZhC0rtoenKTP/TFOUQMf1S2Uq3F7pj2KBluQYYPR4K83pTG8DSGNNt5ptJV47dkC/kmEGFOqSAkmvOMgooqGEnURWkdNAtxACJoIbfOGxFewx71y9Pk/ZhvMQGp2RonUSeIbMIMgpCOrsnshq15CoquCWu6YUSopC+5hxme11DLe30XleFw262+Gt//u9FS9QJaFKzupRMZAX2E+189U8r4zDCEFIjBV0KjyMfG6CuvEqLOCjkFc2PTHYUJb6q9JpqbUkABZsEUWmxHG3PJeR4gQawl8FMu36oZ0VQqpqnvBViDWEYRlWjLeqJ0LDbaWtpFZo7K02JRCwuWAQbCylmTsOQGUmbnqKnIi/LBQUlry9QQOQrvsSPuN88qm8HgVBC9YdkWUONJ+nzcgjp5DYnY3kAveVsPd0hoFQypF9B0ohbSgIbYqTbHc2osy9qSCqgFLpg0dR7lRkb0O4ASMU1Fi0okpyACgUpEPNrStpDdkGCjAsYxO0Ey6Ds5yL+RlgkzhaUzJi4oTkYBEiYy/SbZI9YThdPk1D6JAX22OHNmCEF++29Hz1IM8prudDpsssh1G8A6fApaTlPzhXS9aWOVxnSnWa9vfdibEkVqNierjiE7D5mBrYzUxWA0GQMCMQDD351WupVjbIMlbii5mOUdeganrAP3Vf+jObf8YKIi5DJcKhbeV9X0EHZInmrwx47piEgYmmQbs+1zWw2njo4mW2J0ZDX9lJWrie1BGXhHdQnKP2xhc5Bis1AOsWr1XXH2jbf1g1YyZ+tRTzXcB5ENnIsbRkO2Q3bhGY80I6wdUnF2iwN3A0Z1ifNZkwRKuUX0tl80vb233tZgpYu2HmDIls7lw6kwRlwj7F6U0OeVYBiMEWi+AzotZCW1xs7XLrVCwRXFP2tYmF65gfWYgti526gktJ1xbS1grKUZJE0GPZMvkrsBlEE2AeskhgyybZFWgDUfmL35uBARVYuNGXxjCoFudU87AyCyLgjfhToMurKg5QZOfBCe2tYs+iUUe/MxjdZRE2l4w59tQojHNY+tCnUimfGXCH2gBUzf94hH8g6141SxoOuc+1KEybhw9anDdL4RxEEiUFbjOpZgw1yGgMoPZBIQSStTvXZfxJhUmSH4CUDVS9KI1Wit1YVmYGO9Esi/lKaWVmcVCg8muKZfT4SLRLKRjpf6/SjHk7pUjQQ5KpLVuGyv8CImkk+pQb+kuyK943pdRTXXvpN2YQRsGsarwjpMYNRtnCTcGKixG8mPJbilBSYx3OtB0SjxpwtVjGOoXC2yw6kdSNYSN0T3yQlufVLWQclZ+Kb2a/8d7QKt0ebXT23JsVG0EgL223S28qWVBHLjE9No3ozUolzW1teAOuDd8vwrw3DHqtXBdB3asQBLhf0PY/V5iZG3tTfXpLBHidQUd2Bi7ywqdZiBI5vKY5rzewpP0D2g9QtMbDr3U49sfJoGQhWXOlKl4Q6E9oCY1FK+CDIG0ThiFgBPUfEpZqssoC2/x7QuxpJgKjQio6wn3CFOSkYekgHb7gfkn7SbSDp3a/upeMeoJePGrplm2TQTBrkt3a6iA2WUkeuCzGVB41SmTER37eH21PJruY5BQS6JbePolFwZQNAeqqbdHwbhiEz9WBzSaMlP1HNh9z+nzXN+0t6fwEgx4tbS9CoS7aWBnw3h8WsMndWWpwtXu/Wm/tLcQT9WkNkPEjJ9ywMcrxH8FoOruJgjUhpfJeakvZnDFQMQLGlt0Sd4XMURdujKD+70UaUe8xELiiltgJ63xkZHn3FOEqKlK0CoC2F2h8LgzCKR6wqh9TZRy8VobKtn8C7Qi49AzJMsojFP/0jI0wqQAsZKSvCNKg46xNT5hBGEUZChi60/KrcElgKTD/5cygGSCQ/PjhInrJyGCS3MflPzTcmAoLEOSYWBJnI5JRgQphJwZTjE6THBSchRYl9wShtwukByemKRbbS5fD44Hm65zu0hkAKoOYsFwviJRZBsFguyWq1MujwxjksypnvbbNR4UQ9ISgLbtYpCdWUkXUgfihwyzmJG21ir99aH4z2pSVVTIcRSJHQJvIF5fWemcWxWywWdHwWxzjqnyI3XOoisbi60HbDIdTCSt9J0ox1D1QIp0mH2bKMgR6g48kMNsQK6OtGYkH7oX6QpmIb6LC95Jo1yzZ2xDS0AP03xc5DlAggHah73HDZg6mavkdzvYdqwwFa7jH6Bb2AQDSo6sqT2oTVXs/UPBfuEYvlIkiWDCPosk2X8R4AABAASURBVExgH/oDXFR+QDQoOHRTJGDGEkqSGgUxPhhRB5b+KPgwdKIZUDb37LBzpEruV1MYuu8JBKrvfmqANTiAY12BsZw+kG06GG/UkK5lD/0NUNEPjWZGNVDscmAcuGK6yznvrmgyQXFvpbuukpKwEi/FIKGqArS0ubqBWJZnCZB+aSmjXrB5OOQIoqxmafF3nBUDlOlmQPEZ1EJoj6AHWQVIRm5JTh7AfXMo7zYbFXvUmjM55AWmGH/+etIN+wivxinSmHNTH9rtwNBY20zvi3lIFOiXIwYjANWLuUVSYN5qwty5zCCUoBosl32eT62AINEtivSXwsfaZbBX2TpN0zSMblvv+lzlx9UcGRcuJF0ZvE7oOH+yA2OryflZ2MQU3sccYJGYzYs2N52XZT/eCsJ0XQKJdJm2zILSTwZNn2xpODkxmThfKDTR0REwI/rKQ00dzxiBHTsUA3AbZeEmeHqMltOSb7mBcCgGxU2A0xP5+i5Tsv0MpEM4ibl0P1FQCcWORiIpKgbxjIN0xCEmuhAyYdhLngmQ31CWZ7yV0d/Ghq0SBYLf2XIU5Huv+cu4dT/dijTXWhAE2+WSNGoi5VfKk4zYRUBJgQlnx20bgp03JJ6UXalRJ1BWhWLeHCSgr8uXaBpFSmFdFjSF2rzZmD5BheqgcqKxXHJ28qDKrilfMm1yusNrI+IWK0d5Hw/leiqSpt9AQeVvGxRDyhkuueyOxOmtmdVAY99A1JGuzqjQZRoBbcGMZt8hL+A6yqrHsWPC1e28y5N+sqdW8jzNu95UKlNmRfk1kpKtCSjo2gxqvZaSJ+eoDANbh9Nm2crHfxylA5XGORUolo4hIFCRvtAeIgD0WIU9SKlsGKesgVQBMShFbgD5HNPa9Fl/iGASlEyWASneCHKmkHeVfIrGEROs99ijDRPN8Bnrj5Ye1FPO1ow1QBSGm8O8OdHdlseL4RFGSnZx16ODSDmBZFKYFkUuxWQsBRJmZEwvf32q1fKbQpMcpbuMslfzvQHzdphkgOVySe1BUkvdkpEHnccKsXOaENV90bqFRIPg3WnuRDIWjEitPLXlXFaeo+R1QnXKKDHW4ayMsXIAZdqDhdDctmtO2hXMB+q9NcqWAnLHCHTcN0LLL01xAiGCxeUSV4Wji0H1WZ1MtqCgr7ch0v8Sw/5KIFUVw3Dw82JEQIVn+WwPAkAOhQso07iEBt7KvTTKBt5WbMolYpjBVoKCjBWnUBitxK9HejzJUFQNW341ISI0TWoH6KAWs8tuUnZu07jLOSo5bnG2LLcEBMJFWH+9tP0VF/4FPmG6UibmIiBEmGk5f6gjisjGlUasCWUWG/A+G0XWnQvhZ91TJozFE7qQRJnfHiIl1FAv3EZRnQ13V3hgZkjSOI5aWQEdvEANZaBMorCYd7agFy/FMDrLEwiGKFbZtcMkMj1NOwqTGlUh0zhvK/qLPwA32qo/69tk3rAZT83m0axm03vQX7T3s3ssAMKJQe9aD5NSdcYYs5NoFag+gSq8tHnWEEyyOPteLC0BKjPZSWBi0U0xdKx7qVFjqrYTaWJqmGq8naExQQ1JgTDVpnJGNyJ6tGv/p9JIYZFMS+TVW6dSPrnWFblvj+CwTKXGpyaT1djCCRwl7a8VOvk61gYsmaEj2jwgGsaQGNUSLady/7wpGyKAGhUOAmjtjrv22tV8mLpWh5B1kLw/DIQVcOj2ISt5eEgolUaebY9ZZj85IlVaT+rM2g4aj08ERCNHBcOB2MTwUCrbCT3SIVyQfJKa0XMSgMYTXbkSu6D18gyFbaqGl7Y7SX0ZmwR1p6Wg+LiBycc5KMeERY57yt0WiwqCxcZysVqRMMQASIn4BqRdLeHv2kmy46mKNYj4gOxB9Upge02zQe5iLxaskqFmZzwLIyQBRiF9G6PZ1VQRURO+1FIgDsXAawDXHNRQ7j4xb/LU0LBkkt5gBytDsKDrv7TkFJSOdPcXqnS8dIBDR7n5ojGykS8pIsUcZnvKkIvMfpVfFcCKjuW2r0op1KngbQndICK128oNZeoiuyDTRDQSTQapuNAcLK1BNEPjEZ7TBamWhLUZKpiLg/Qz6AGaWgQ8N2k84gGGMSAf83V0MjUyV7WFNVXDkiQVJOxxzBrMStjqKhlEopa6VpEP3VEQRbATnGbke874COmAIZ3eFrR9gwwbrgXtApRH2mSgYT/4nEY6QJMewyEvcFrdmPPY+lVu2bRlFFtHFpF3XEO9NUB6wNq1jhPGtGNvCbOlwBkzqpjyKsX6ga1JT627mI6hQLZdgNpL8H3Bli6IOK3ibM6YISC89BECGxdu4E06pBuQbM9QnNONuqo/6B/NOgIsNpaUohKGuqYCvSR+tcSY+0HPLlwuo1VIjYkYBWmRjdX4wx4KsQEtAIu4yCeGvog8quwn+5o6rT919YGeYwkQhpHByMWyzmrijAIvFzsgi+UySFKDWn8jtqClorInUHDD/+XbBij/oNQ3WC43CN1ViutKFARB4R/EEpuYcHH3ugpXGKrzAjU6mxp1o8ZO44ykQjZX6RBaDjch1MYxWsWdSKm0aLJKsWqyZcxIqcZdseg1loMnKUiNp+VcrTfkiDv+pFRNDeAZZqq+GyMVRtFmjDBucuKBa1R12NaBcw1c/YrNAWgD39g4F+OkurZQu0PaFTEH1H/SUf1iQYj4PTZsUyZjOUK+XgV1N3z3UMS5bm8Naw/cooNlNiQHDsAqebKbXipBnrPeaNjgNRkoBbVfYrpu1RWQDnucNuJlDU6U4QxCqxDgsOmXkS5DpDBYDtpYkqtUKFsNTA35o93QNKX1nPFmplJ5QUM3CW3glMvnIANoO2Qaqc52UMYL5j2MqnhXyFYwrBvBGSDvJILM3uf2ufLZBYutL8WtL0wwyjPGiqk0Ra6hQQoE7jNnw4xRIj1miVuhmRAmxBdLMTSJqr/yBfSV7CBdkZ5CPgOjUZV2hgdSpCdgR3Fep8bMholAGF2C8EyBdqhEzU4yOErM7MyxtFcGBQ00NeqR9tTwDFLzGfHyaNjlSUqyARxR8lpJdvHuaQARXR0min2VcSKABRcWAqaEngDjIkDzX46oIdp+8x3Q7YBaHgJIbFYRLeinw5DVTiyalor4H6kR18RZ30JWE9U/qAkQVc30gr6BEMm/hAB6bqotfr0HSIxT0eFA1H6ybcalQIJVXiDyKYB+1RvMv8q3un1henIwBUb8oB8MBk62U8d+aqtLHN840B2g+ULkyiN0U02GgHlKOYuMhmrC07R5Bh/lZbMGp2hzBGQ9bA6ANNK0ItJqmnGci1fdXMDsEpucMxZgY+wVSUXqSKw7BV2uylHK+C4JcZ0O8ghHIcUuITYhIPKBvYAURKUEMOenDepK72Y8amgAjeIgp8SpjjB9aAcsKEPH15FW91FOVHvp0nsKszN0GznDzYWnVWYJ6lFxlQppOw0FL9B+OuvzAhlcZ3zN0LtWFvO+/R0UQD7xHJRC1WvYcScfBVgJ140GqD7ALby0eVYVDKmB7BFvrpY77E5e4PQ4IFrd9DpgWtmcYbLZ7RkmWPScoXvyrUgKnGbTMGNNkXEQpsYITFZk54q8nog31zeWy3i9fnMVknVCSy1F0sWTWyPgpGKbbO6j/IrxOrTlyQlc9pZ2R4F0K6xhs5BDuoNgisEYgQIn6ThkDDVaLtk6yUplqMZdMe884f81AOsteofhP+vaWhJoxtVF2emlkbag/MAW1FOj0hoKTsyF6lf1T16SclskpfNo+XNqS3+4qyjCzdUmibD6QB9i1kiFCIJVliAGQTygxdQeHu9Wsbmph1WDV30nyDhABfdNMuzClzScJ7pdGNfeDggv7QHzr36hFxlsuDZDrTeoOSjnAkcXJKLLMlDidmdq9DI/0gwEw4gxG4XpIi9G6pbQjYvlPYBgsVg0tRSlaoOkNKMj7C0HSOjrQXEzd4cVGZUezU1tFM8ktVdWhOWpSVbVgK27GEoo41CMKFGALypJcUoGoqhqSNKrPktbGYwwou8FGlKGuJI0or68gGulDWqaE9XyxgdcEQNNML4i5LglNUM+8R6WM9ZfGtGjP0LBWrzNcoVS1L5Oz7YAGS0wMRboZGbSM1L2ctvzdYimPKZ2dnCGacaawau4j29YN8NLdHR/naRAmGDrP2O9AQ3XM9YWfczFPClK9Cy+ZOVtjYifDUlLD9oLkuMXqb2CPqLrQR5DmUOy1g0YQj9H6Q6CpmgluStcP5FOCGsp1lvS83tInXuSGhiGBSizt9n9RqYTuBAr3mdrgUQXZaanfs5YC8lMkL96Wg6lsJGDJmJNoldiOkDDQyh/Ce8IJNLDkjAM5cco2PQbKrfyHXTMNtTTjcHkN1uaz21x8mZZuNrK6UnKl+WBlWzqWi9kGXE2RSk1eCqCBfTW5clAThnMvkErFezH2Ks0nDFDHkX7yWyj+f2iEXCV3wxabAleDfmmClt6N4XA3c/3FQPBxIQiJFv/iDIm7jV5f61wlTJZ7LIfnc4Jp0i8UR6wMx1IMeov/6lcWgQlJLbMtkt/oMydQIHTuoRGtaHRt8Qo33ZiNCszANjgkiQjYu0jFy2xHu1AWxlktEhAG+drZ92Xnio1WTbESAQDsqfJDlOGS02CA7HJYboEbYo3TShHUS7kQxML1qz/gj7LhRL82UbvJ42Q9ruk+gKeN7zAmgxDAKwDaUwue+Jx4GoVxt8+17cZM7rRSnodF6ZdD+dWqBtJZ9fd4zWRAiH7ntN6xhpi/MM3fUyuSts3juh78UEcZy4rpmsAwXK5pAdwbOIEynU2A0bkf6492rZX1vJIOA1bkKNOhmSvKGPVtO2djAs1wk0VxQap1K6SRUBfTlrRXc5VQlBw6wXTji0SJwwnRt9q45RZgrFAULirCKyxG5TFgsHjhCIHxa/8N/CP8ju8g9wOHy8CCjEJwjDcTAwIEWlUGoZi+zprK5OfFYHVs7gVR0WgeF8PoPwcuhwoS+wftnXI5LEcx/JNI4nTxWRTwFHExzgp45tXdkMjcfSbYEWA+s6mhkKtbyhBTY0WjeqzOc30kYmyDZKNvPjk7cTYS5DajOkMvYOppoum7WmjVSFM7P8QLQTJwcHsmPtWh/arSjw6WwSLgDv4mE8FrLxSUBk9Ifef+yo/goKa0DGXybrolAZFhjPrZhCuMVWs4BslL8pkQ+qRLlnaAmTMattNlrVUdVpW+xp3DcMqbEOarLZyXxwCgy8VDDoGVGaZ5F10swGSR3OLPvudalhueIEOfKoKL4q1vlrDQyJ74lHc9mg7sGPfyWQw2iydoYc5w0eCSc8crEPp+OB1Qsdm7Iz1wNysCzDBs4MnFOWsZRtdjI3qqoPVZOIXYn2CxSKeiSWn8EylPMcxbX6ndGSte6e6i8Ui3j5JsjdS8Gc/GfpJ2CKUrLUqmxsx1cJpLED3VglJxNGECCUHRbGyzg21xSqDyZPouxfIVonZNiNy92zvkqheAAAQAElEQVTDo4hXF8X533SLNN5JhyjZPWZ3SEG04/43CKO7zaG2xZFEAiGQs+2zs3szuhW/+CnSjNQUzO9ll5QuoNprI79lVBXqYAQARo9dQ+Z0eX/hihHos0QfkJGVpk46EAOyz5w2NWR2AvXqhc9pWtNNpGmL9lEYrpgpvMLCkwwJUsRbRoFyzfAsSUGov1GNgia5VuhCvreC9mtNXDrpgkn59QpsdJtf1h9y/xsedQEEV0l5iYe9IJRauS4TFLmnWPPTFpWqCi2uOmElx9KCaUjnsRQjO/CGfVYmbpipYphB3XK1PPWXvHYzNV7nAzYphHyu592wwVE5TqfLUxp2tvTsawlWcrDhUWsqoEKTkLpV8WLssw5Ii7SLSbS3ZQamM68G7v3fiSAeNm9uruJ1y3l5YMYwmIvdEFhyA1KSd20zZqwB5qJcB3LfE4EB/3cuQW5gM11xHYuzKIEAFouEORHhdEiBJcMSa8cCrCAIFovlEjcTk1ItAtaNEJAcLEVwHZpb5YUpP5ovHd6paW4lUS9Vb6KEnpiLFgS2tVvFRrn1YqCkJ5CGTcuqMyBE/aijgloBlVDStTaGAAIMsFhdBe5f4T1bXef+RGGYWKIxyu1iZxVrT7hS6rK6ZtNwnmlhs9cD5QdWQ+l82AFxsRuw2zAO2rLuazNhsRORZM8ib1p1ZK5Ngg6EodLPXiOtHwOo/FVE0QN0O1OGvE6CASplWUURJEymqrWzLnUQOrk7ffR3zaHbCSE5Q5jYlZvcqg9NFMUKFe5hPQEkh7jt7DgN0IEhsQwrB70CKyVAz1kMSFDJ3uwFOb5uAbLBIeHfDOGXdPn7mZ5y5Clh7sgNPQvFi2BVwEoGQEF9BFURDWp5MLOWg3Fz0S49u/AyPYDoU+8zAQzKbaGeP1ugpMD87OhiwY9VJxc6OSL46QHkamgLtcyhV/vIc9YXtXpRo7ld02+dG33qr/40+lQQWWnC9JURC/ev7QY2v57M23ZTIgRSRAkSk9ZuhyczZsxwCqXKO1lLgTPWEBPrtXUxwe59QiQqMtrDg5WRkhNcLez7BqxdrDuSdWIY53HJuur2n7m9JWzDRleay+ZRdxoRkLqlCI4TZ1d5m9IMN7dbgAUlThGg+UwLagLlXGdbfnZ6MNJaPjlOHb+yBYR7DtVLwVuxKVsv1jkMV0pbrZjucTL6b/lJ8kWXnwiEogN2edN8ZV2Kq7Qe2S+h7poUaLmNTgIeOSOQ8E2lo2ZTCV4wAue12m7MadQIkN6dnR4mnDASkWb9OeMzyKRRwV/i7mGj7DEne2E/0YHs8k9bpqXEVEFiCWz/WLe762SR9g8oF1FllXgGQVx/wigkUVc0227wbDxt2mhVgQCEFgyZzHTcnv1ko/DsFiAR6MLdqI3xa7esMLasCDGHjBq0zehBTUspYpdeljUPpm2mbluo5c9W2RJXMJ4i6w1sdctgW6D/mOI424zqqwD95RJ9nzOyAj1PHme4wFyoeMypIcScLPKQTauZFDhjophsczK5c5Qw2XmXWnFYhxlCablucDhN0YxRgdLrSb5m8Dw1rYLZjiJ5UfY+hcwU5ElCDZYgLafAYFxA/jezD0ZUqnCnfKvo4gJqBl68p5tE2+7CCpg46bGeSVs8HU/rCKI/tXvZJaQHcAR0RwjaixpiS3JB5z0BHTC/lTEBq39J5Tq/gyRULrHYdose/0slM2t/Alc9tId9BiCxXK6/Q9bVZFlAd3mzHFZ1h6zvNt+pP2Nxg4/2PWXjIvetL3A8vY82ZM142YazMNcgzyD/koJ2f9HtD7ruZ6NZ1A+jUbYleerBGJM9mmwK2yz03GiyzsBSE1ODbT0t1cqBmqo6gL9SWVVFEuWzvoQLhZitYynCbUJA9c0gLBZj2Jt83JOMD5jrBOkv5Fdw2GAOIfeUPCiTaJvpVtDOM2lLDZRgWTpHOdrlu330WVzKNieygVAtYLZCb+MsSl1lDCJh2h4BETcg+eTcodVADTazlrcykG8mFIIl+gOJoXsMzM27psXFD7UcqlFfOLInuVFhtN+KyouElAaJyj79RWv5APBnMDbDHaZJ/RxV3V3DvJnbFUtQTciZFDhjxBj9mGsA8BslU8G0bB/7c7hsD/XTk/M3jSCbTJM5NZgmyHKxCBaLcBXS1+gnAsRGM59j7eo6GHSLxTJYBFEY57Je2R4vI5Akp8dYpOhLawMtv+SeGCGPPjUC2t2mdWthXU8pgdB0G8pXkF1nVLzcOyXELgJCT2pAKEnk+HoZVqsVhmFH4DyQX50sU2PS69wEa20zpku8REeklobK+wSDEbBsiO0ILaGFdxvWkdW5D46be8pVX/av+0gty+Im95qXLCq0DTMR6w7tJBpZmPKA7DMG2DviSa0bzl137RtVn5lo20e5acp3ifFqu3qulLfN7ANof5NDRVT+z0rUbcfUAhRsB0bx6G4VispJJV5qg2zb8QeMolW1kuow65B3V3cPGdevzgHMvtiTAEi8IgSiSGMRDJZ+51TF8vyCj1ZJvT7Az8GyW8BbzXevDBfI4F1wnGUrtsTnw2hASwdDxTu8r9fhjXFM4uU+Xbuxuik9bNFKTkIQdVt+j3/NwFrvlhgK2kFtoPY4HfMuxnCgP52ZIkPSp04o0iAxtLcEj9oEmConcESYGYEzWqGWmjMpcMZoYHkAMs2tFOxve80T0OE+Nqw4rR1Sg1uD5O8QKYqttED/8tiGRutdeXM6TAAQBAS8ZgSaZWfVN/KdkpOy21uFALkfNJeDgJIC/bD1CVIPzLiA7DoI8qPXsA/CggI9yTnHDph9SGhlBFqgPNWZdU33uRtQ9RBR83XYGKru4jZLBJJa0sBklJLTCbGwHyl431onyGK3jCfiFY+g4roHZCTJ3FZol1O3ijgTqy4+KQwoJVzmrg4U2ov+gIYlU0t7m1F2knzOaBY9+nckFITXwxZiP5ETMHoGCgbBeoKIOximS18TtqYtOmz+LVIN2h6WggPS/jIBlu/z4RqnyWCVGCwMVXQJh/LgBh8GC0J1PbW3B9PRHoE1Xn2U5Oglr4LRcX3QTvdRS2oglhM2KTdYuWEssYqsXMjQaCFdzK3La2AEdmqhV5SDbjJERkkUtb1pXHJxyc47QL8771wrbyncWiMvh3SuC2zibat50FQm9arFC9QLT+5cdUdFQ1Nrg8SliJLpLQDopvT4OhC2KyMiP48yOgrojdJqjd2nFziGYdKSleI7jDI9Iam/6158eUDaWk/LxsyaYkx5OJe3Gf1hJgXOGAHcDKwm2tROMNqTijJaNT/VBg/mO73FdXgMyfd0j9rKWGI1b3rEbRbfca8kKDHNkPvjaWY3cMt0ZKQ/4v2g5SKAIFyt0J2JRLD6RBMCgUEQLJaLCDGKo9/mUFZgxQHXlqR7DSnlId+Aytxk3/wDUm6MYHO1irOJVLOQNKBYB+T2qBj3j217YBrkRry1BKwAYMfb1Jlg1dwBzWdaAD0XwWIRF4YwXlINQ0Ic6CWlhblUm2IRy5uGDqHUVluSr4WMmKvDlbTl3KkUSxhOGWshu4jCuEdU6wvovKEpCC0MKQGstOsaIiTVNh46QrvsiHSEj5xjgf/yj/Z0GNFMr4PTB0SX4AMtUrUhYPYRbQCpDUqVpIGzjG4ipA6Cyqs8wgE+SHBr1CIFbqPN8chsCsj4YF1c23gEGCUm5aSCR+lfitFJXlYNoLFjYAPVdLjKXHELd+kcsLSUl7wfhqR6jHJPAIu8QGNFfNCDkP6SA4hE2S9KDVknsJUWnRLfL23THiClrWH19uC9lRvKKQxjSU6VitdFJ5SQF6/jhQPFdkjATJKbsa7wpDYPWbk86DObMLc5rjCTAmd4iskNsHoBejAF6Q3J8s2Ckosi1NlTHyOwryG6N0Mmfo7tXwbb1YgeK7iGlRdaKDY+zjjNMrU5shmITfRWJ6DjdwMyEnP3sqgbgO4tZbHlx8k6lDLrdQAul760EheP5Kw7SEiBEEYYLIr63dAICA31tQJJyeRevmqV7sok2y/ZLeCIemxvpLTvWWzpdDECZZKxvDWU3YrEpm6dzsd7KkUywSQ7YoO1UZakWq9EiN0NiJWAxoTCfKYYgzACh4etNsKP9HDZH82YDoCZlGpb7fB4JgXWtDMigLU1tkB0Oz7BcG49JrWQbyDbbHdslAVeH5sUIFVJ0FtWg0+FSmQBDYi6XbTuSQE/s3AGG+xArPyWAj+R428TI6hNtbIlGkb9a3QlfIolI1L5C5GYnC6qCmawsDkvRO8Qi0nckM99hYLUtBKEJuvTuhVRfWW0iWeO650T8lZ2oZpf6n5K3hl1Xk+AV827HKBF63XlBfYLHGzCx5r7pEUGgpXT6Uc8CR1qUd43xB30KowXrDW66ZFj5n36jTXMmLms2UC206ScmjMpcIaPmNfy3WHdm9yi7EAQLDeW8XhuM1qR6cA6rYjByzpZ5gT6AIfJxBgu61ODO7aU/CQEOgCXDLguUZbcGUtYcZ2RHqLp6SlMtF+dQem2g4CBZwPyxvjSB4sFLIIFZKfk1pylG2YkIcytNuPVGLUzxLG098EVLizr2YWCzOiKoGWJ3tTtuycWoI4Ybm/Bak1wVN4h/7IvNgMmdFZ777GA5D2b8m2D5/XK+rGj1+AD31YFMP8enCbq5QxhxmQBpT+Nz+tIRyXA9U/9Qz5cN1OGltTDshNsdtH0XC7sFpldGGoalY5lyy+SWOX0ESuRM0/hXBKIZGBDkND01AHsp5oBoFwc0KBpkSJwwNAR7gBUrkBeYxCS2iwoJCWEnhQZqU1IZQQCIUoHqkJicT8GKaa46VgwpU7mc2tuGpzsEdJ1xDzoQhwvo3ek60VeFdl+eIEg7Y+lkcMVwv4a56zOm72zQKHO9STDFXKA5g2LtecF9kmPUw0rdW+oIlu29MXcqWMAQI8ZOjDiTeTt0fakgwbfdhxnuMAoSvbMCJzRCp0ObcKkQJzLn0eYyuDCB0yG9Z+M0QedBfYOdLG97isyq2rWNs99h38USAN05JjoPefhoVvMpPxZZQT2UyGg43c3WiLtNAqgcNdMphAqxVtFqfJeS77gzG3I1Y/XhbLHqgeMMKHlSb81WpzcB9xGRboiGt8LQwiCMIyijO0HNTFFt617vHKrhqb+bJTMLGGsCSS8pAHqTvczIRgveBwUcJdEwwTBgu7zxWW+/lKy067Hc7DGUmuzbQpoS5gpz6xxMu+V6CLnvc3JxKGcHiNOHdf8gWT0CK0UwKoK+mYC51JqB73wf0qZRY1hJ0N9enewbPSm/CSpUJ90KYrgMRTNREoNCRmgWjJEvEADHZqk9g0+PTs0QcpUSM9TFj3ML7GhQcYmFUBiBZkewgMJH5E0t+cIleCE7PFsAgzgNv21NgJ6KRGQ9aGanNiRYmIGqLIR00SGMdT8KbaQP/WTATseDjjjZX1ZNW7D6uQQU1xbSAycjmIbztq6ed/ZPM/yZrRjLiFtyF+JtgAAEABJREFUyEbUmqk0VVLgXKh8wpT3LfoEFEm9HhVgLjgioKUh6zhS159VPOdImBMw7rqrMsNAz0iQ6pkNks+Ba5jNqIFDVloNPhI9JnOAlUHQfmgPyL0v3Qjg0rSNRwjCS0IyBmBqqK+4k5nxy79LLjhhlMMXQRSiBvOkpHFSrpPlslhoGNLDGJpNAFrPAwWBGsVYAwVz0nDRsKfiaikYkZiMFehAtC2BNmW3yVrQg7UXm7gikYRrFcmWouC6tEHbfVTxoR9WP7AQOjRct7lTEDl6gKVEmQD6Tw2/pzGQ7/AR0nq8feu4qJ84SuadPWVSQhNk18AHApzZlZQYkodtOtRvywfiEaCsj1BtA4VtcLGIgCZji+PFXbFCkHCXIAgc8346oUC6cgs27UqvzDWB4XiBxqFxr/UqeXYTtQHLZzoVl17/oS/rEReQSANKClyUly8wf3UHeTnATXUzwVwMc8tLbAnCedq395Uo9tFDiQA+fbpcknWwFwj54MBYDFFFT1EUBoytT4lnIxl9sNcagVjI4xpaV8yK4adO0JreUgD0TqEaEtOKLZsUjoMTaI0RmH2vSas0Y8aMVszHB88YAIOPJHB6nVwQBPF2Y4QYhdFEIp8uNyEhE7L4jGilenk/2E8n0JN515BOVtP/kwAyO5DeRNc+I5BD3DgvlsuIWk+LiD56q7TQeEtVBSRlez5OowDKD8zE5g5ybl/+N85xugEQr6wnNZo/Xbe+6coQJ1IUrgQlpBw+954+5A0kt9SF+dFm3CI8lL9KorHxPHrFZOO2DxCJaF3bYu5rigKNJ7rIEsAKI9AlJc6WazEjkCWERkPfV5T7YgQydLIJdCTbicJwg8K8DQL9BFoz5FHvGAJPNIlguYz7VogiLNjoM2aoQKbqrK+9m3aLLM1vpyDvubPerV/apURSCWeW4u6qbbMhF3LGV/KLVhZPmuKi/ySDIbeQR4yVaYxO77xAsRpNoAvSITcTUtFV5Nw8MQcrGGVG4KDls8teYIgRrgQPRe6bu8fa8p58/sdptUhMFYrE5H0Qlm/wP1Q6bXdVCEliTy09QoF4oVMvqK1uGckaSVKk3Z+/+jrQrJXm7FMyoATRsA3gcKrtY3GB7I1yMh1YtGY7psZ7vbJYPuUHjvf6TY27ML0Ye4iZFDhjqsBptUH03b7lgoRRs3ke/2FKOVljAOOeMBYHUcd4Bn7pyyu5If5ec3eYZKIZy2ZfIy3KWlNHfxiflhmBtYeUFLhYYLKDTeyGZRPQcUtdEcYPK1HTbEP0ripULoFIsRoh7VFQapWo5jsPgW0ks5N7geMC5tRA7lbhHemJHFXNW8GVperrjarr4nVoMgKz4OvDr+F7IK4YOAamBUAzB6DjtzGsMgLbH6PeSNxllPtlAdYhQZJ0Sl51XQcUSxek68+o5ZsMA9NwJVm2bPcTGz0M36gaQycKQI+3WwRB3GmGGQ1lDZJineAoOyxPGWRsYdSdVAe03Ur1MNPpjIiiDiCc1aFgcIL5sgSUnZIqW0M/GVpi1/8sEuQCreusq6oBgwja/FU01FIPyn9TGpw/CxnDKFNM8krhmysDQ/MC1cJMVgAwnfSishkel1HrNdma+5mBKgukbbkwbHoeuI5WLV4A+IC7AKWumWv+WKfC3rRk97FGDUyaINDnBbYNCkQDzXpHxz1L1r/YYQ0KGe28FW3tFuzIt6i/Vx3KqOGEFyisambBoASHDyUGvaqiW5HtwFnFYAVbqhWeGGBqcQaLBq1HBs9zeqod3tzRtwGNy+1MCpzhFh43rBNjBY4e0xuBqiAevC03lnGJXoUr5cX1sSVtrO9ysYyjvFqtImJiXG0cWCRYrcIIo7G1WZrTKGw7LbVXWK4cY23G7DMCE2B/jEDguX9Q+Soe5jcz37w/yqlfrRStsSLjJaQxRcbxTU7lLR/L27oDnUhQTi3rqaolsMIIRJ6qb1dDfWlcJldvW0I1FYwZgc50s4huwfJvbfRSmI0CcZGMKjKVw++/N1IMMR7WLulIL4ybSmUzukP1tb2EmzOOsMvFdJFuDc2Y0Sf4isfoCRIk72HLqUroXYa9pbtzxD4iPnjaykOYnr6QpIw5gtBwTYbOoCGUgZRWW7NjyzGc9EUbSrACFTUYJ5C5tFaGx5WS0MxTG6gFa+UF6ktseZg66A4zTqhV1GzdAAW/TWORKRVnEz3noR5A+S8Wj9gqEpYdIe+cjKqXsgWwyT30P/2K40BaFV2nggD28rcHoIXVn1HPuVF42QhwSJHzsciMPn/1YNE+4owZRphLoQyMUmm6pMC5cLnDvBfhIWxMi3vGXI5UkBxJickrnCq+yIjA0SGoJRDoabQ6fBrFsSX0sIxwfMclqycezdggSBlQQ8fXMiOjwQmm5yOqnpfcQ8mEjgcKKpScprmcPsBs+Qi4/6RM6SsLQ0IJslaOTkxcJZbbkOlCrfKxlgXzlfra6+ZqKHnC5NSY5FyN/HBDdl9q+0QCQ5OTOn04qde6sW5c23LFukN2OpMRd9/vnltaO+lXc1wyAu3ItiAF65tFfQTrDqYcYjrEC+KhTxC2vfvhPbVRTwooPfOzHMyTOJ+xfrljHiO0Kk1OEhKVsPqZE7UT1PINfX4Gjh0+aveBe5CNfvsZu7pMw5RMo2j0rF2ckvMcPq0WQE76EUQIfNK1J2WAD0vAnvAqTUwgExFweRC7eUr2kxf0rE3iHy/QtkQiEgpAFMzlIUF7ikkLypVD5E071pmAKPGoJJYdeyOz/JObGE2b0xKwHKYI2PG8qpmzUkdl2631/jeYkhquTctP7LfqpYXYzrGijBs5b52SAPL/o9ul0UC+/u+gsHqbfOnpPuhQQwuS7SrnYj42Evgb9XVrYCbQYPYAK6k4WwqcYRkT7kLGgEk1vph9ZvCYq+iMPqD5HlkQBMuNjXC1GvNB5yK0caS4b4/ghBHIVjQXi2Wcy3EeY5zLyYvXQLiTczkjftkNKAlAXK02W0sIdVZayanZnqzcqNnpc9pQUvOBLec+CiDrEGzrbcrsqaIwFWhFUzMhIHXLovQEmCyIExUx/WyWm4nQkyfmQrtkATbcMBVoDsROO0wyD6146E9+l9d8J67HwWuPo+Re+50ZMypYoz1Im7BJ/EUZR0L4lTNQHrYB950q2qBv7TaUzJL0/rZbO+XRhnSwLI+DCotF0YcKlLWCfENVzAuUleMe/SjTMOPEym+iq4Y/SdpRGbrSwbkCvUjoCoC+JggDKjA87Oe7fbCjk6F+KnHZVcuzGqCJK11HAJmZQqyEl4cI2d9seavETMxZPNnxw91Dk0YX86hRC3Ik6bXiBZZumERMdtFQ1p0dbwwJr3lSk3eY3mKF200B4hmmuhQ1L8HNGB3QsP9imEmBM0wxN58jA3o727BflOSPplsHrC8JUlQy3JVjD5s0VpBHlbW6qQiQHuY6HrOIYO5EOrK2tiohv6rf4a55+h+U3afXUYRR1EnfLEarmPllmRxlBRuTjcJkKRMyU33ZYmla9DkFEBtSDOoBix4L/NbkYYtYbQTBIl7VjZWPLJ8E7qLV0q7DDbcTc7Y0ny3UbRvxhdIfe2gTSBf1kwIwdGdtmxGoB0TRYdyTZAQmQJkxq3eMQJdASw2GAuwnFyg/6BKYtqW9DZNGW4RM02fMdUcWFuM49vkn1H7KJI5vrZOSPurKC7Y/dVMAU4FspA/jYIZ0wrOD86AHVSS5DirO1xfxpJlEKUkHpdJNP7HQC3Zguw50zQfVY6ni3DwRBk/GYRRwUFOrEYkHsWEUDbTgp9pUd5gpVI2EUpdHZ4dR/SZ/gaVbpEoNrPqRUjAhcrOF2RLHC9tEYkWj0vM0sxMm7BT6AaRLnVnOSdWodeggHZvNw15nZ7KhWcy4HgsACi8bESbr18hspk5klzWfnxhGdxqppQXHSTOalJ+LSB1zmvSBmRQ4wwjjXS9fU/ZUB3yKdS9lRzAbXlsg9xFgrfa2MJuh2cpcr1MnnXONpiCDSXL6S1rWRjcjsJnk5g68Yb6Gf1lWpjTN/D9HpoJwtZIgBRKu+EIaXXaMbhTW4i35uqVyekHpzzAIqI3ExWpzk7QdiFnGMApbZgQyHksc+cTKY2hWy8fKCCS0AATL5XK1GdeaqKOty+qbJbgpRmZSuUbPrnqg/dC6N3mZCUEa5dwqiLUNY+Eg/9jviOiEZidQalB5sUG7z3BF9LEGswJovY+tbtyE7D8cDjWdJkq/Q+SajZMWp52PM0mKURAKltpRbocFpmyZFygKsXHiWiETFK/8DFqnNNNaIAew3P7YhRYdE/rhBfLAjudijpNW7FxBrKI5MMKQhAnJpuHFNSQyd7sDqgrxcnVFuGLUFWPdmPiaCAroMQoZXdtNeKngKFkCA3DYaNqBy4SQQdJulDVoXESwqGja3S+CoLo4l01X+Z2WvEOnBad46Y8nDyE9IQQYFdjuCcLE0+KDJAyjWMEg/eUt7KYhG0NDuYAYASUrS7FDpDOm1PIGw45frUAyj8IEE7OMaAPjGnoAkP6yeGYEMox9dOoCc5r0hJkUOEMN6zIEwPWJihomRIbEznf61gr5mYyiCI+2sDcpLnr5cI0xAGdMH8aFbSSRlYsntD0Azk08+QogyB9y6+Tcj3QWDhXJkBhTimfpEUpTzZhZPuR+0kW8fCMUCB8SHyCnOKGWAqVD5DVG0mwrTTX3HbVujsRicXyuHVT1ROFdXWnGvgXqoWbHbC9HoPTHxnBQTQA2HJpbSLNc+rwbAUAQLBYL+vp8z429R4xAAXDg8DvRc0VxN8Rzm6A9ZBc7dWxCMzoFFA37jEawgRzMyeQclhN4qCyr9dSVDX1DylImNKWhdDrsBWppTQ0ChWG/+kprOHBNz6euSkp40jz5owaDlDJoLMEB+Jpdp0PKamWmvWFuOuQeyVmOJN4USHNAtiuRtQ+AQ8QMhu9kJFRAwe+e1KbnJovXrUr5hdUrzL6wXtuVAMmrUMW0R6hkoQ/W7pZ+42AZPpUBd3nV2Baw9tNuANYFeg+DATwjC1vdrvGaEA5TKxuTqwwZwN+Yr1XnMYme0C3M9vuqmEmBMyYJOvCbW6Oe0X8fOx3SWENc13VAh+zQNPPojSSB0viOgilnTglk//qgikDlb5ub1ifcSnupIsokRjrRxOy6aqyPZIb60il48U34WSpGEbXYJ5dqWF4nw3xg2ZXqUPqjDyR95bGPkI523+2Tc0ZgBh8YgSX0uRaItVXqMiwuPbmMExhNR6mps+XGarUipmYjM23Mnpt7MBebmYxV7EFU3CnCbaWTl2/QVfTchgKx10ua6DAqOFG4xmAiM1JA608N9DSQG42izZCJgoSSnaQ5uYG8ZuglOZ0z07quxXwJ25lLmQ9ugiUTRKtbZYC8ZPpqFobpSYtkqHqBbQ5R0qk56pmW0pCrmd5BsurK/J7gRo0mQ1nQHg50qtGlJQydnmUAyCtkQ2/Pop9BxW6ap1EwALVV8G8AABAASURBVAx6FmVHM9QJgykK4DBUSAVg0rcRi2b9MONeSHLaAYL4X/4qS5USmW8JAOHsE9Lr9DWDfHEWOA2Us62wH62eEDTggEDkfWZbATcVJlabKpScCci6sxkwCDoy63o4gU4GZScITaA0kx5t5unDRUaMINp2MUHu54xxAot9GDuYSYEzOjA3jmsCzD7TAeMWkekAlQlJY8aYjOeZIe34p8RwHQSMbseuoPhVuijfrNaxKIxW+XF+khUQSYQRREl5juIFLCwtENbZf0CIiM5IbVQ4Zk6AgluBvzLQEs9VkTWjElGryMmbtswEdiipTtiyyAhsEKV/TLZFclKjKK2lOy3FWDqQhjfnLcTV274fRNcm7YBcTO00WeboFIuoE/RQ2hpKWj9GYM8hZztjWLs5w3SHd8bEAaWBtjoMil6fu2zSAdUb4fKLtdjpXjfkUphe1Gk/tNDDALqnpAyScZ5AP/MZ1oUdqMKEE6nRTE4lphJ6QdpJQ7reIkURsqexYT7aHGEgMzCqLHbMDVEB3YWltQAX60Epkf0DcoadVKRTwj2l+NU9VFZTSmy/GkNLPsyqvsEiyFd9G6iB+YHKWNclaegCpKu9ZAropXnqXLdDxaYlda/kLS6c8co/MLN5FupxL+UDhZdqoFFek26oG6bHJaPmMwvi9TEvKPWJCfX/cpgTpBHZyMJmDZ1JgTPaMPcGawTs/aQpD4qPzRfbvAdWXsleZ8RTL7MB+pgSKGHSjEJhHSUFfpI6W2MZ1fO7+YaYdtOmBJSugeMF1kmB2f4G5zxFfpZud0pky0RUHEQRpgoXtgbZln8PzZdT5lgzPywy57kqagMWXGiB427asfppXU/3jEAGnZcTXJOTCqDjykBIzRRcRdRY+iVOT6zekPBTeEai3wxYZwQOVq2STgCqq8mgL1ALtoXLNwsNYJVFbqTXZ80BpdtuQgfRzcHRoxog/WgsjapbRV2OJBV2z8igUErhvKL1r3TnNmercyN9QSbc3GK5YlANL0IUT6FNI0x/SXOeOhXQRluKA7MXYzK0MUJXaRigRCeDm/ZCraDVIFWS2FYjpx03yOkWL3ahopM/KSmFdV3MTRaqI0iXg8aYgzaQLrJ5QVRV8WKkMRq99dQrbGuptoJPEyqSXzxykKTpSjAUvwjhOYps3Tp/jOwW5JR4wo+bJIiJorpQ70VlqV19l7FknSsibqC4UtdHwFGy+B+MwZ4chWyxaUNxhJElbjzxHvpW5BwzAmdYxSC1GC24GBHmUu8fZlLgjBJGMpyZ4T+8KEpTsq5GMLcUOI1qPKXDR3UNbPUKnekSCEUki6NBELB7UCLj5WS9PDyoCYpXXKLV5kohzZB7rZT9yxSp6lmd85d+q+ZSHMfFchkvdYVhOFAOD8MyyU6INtpTIZbhnBGYQLoqg/KDOrrWznpNw4wQKJnpdnWTbZ0kVhtNFeMKvu04+ohmWnBKj1VtBCzyNl2kmI7M5DDlJT0AXkwr7yFnvWMEjgw1mixxEm2ohDLRhbVpzHEcYwjSG6x5ke0lcnEiRh3P+9Cj2hYVkBviNnT9zdpbiJejpPG5WJc5lfm9IfUVqdS3BCswUiN/9RCbXUgQR0oKqOsxeEoCf1U1O8T9cqafDg+s7JfY0Q4YzVp1SrQOfWpGloLxR0URiCHh1hmnFH3BUfIeg3Lcoqiibk17FD9KfiQr2oCy4yMBAoBFsjAuUKPUA3Ckw2ytiU9q1O4uFBAva0cDT9XS5TzsR420DTPanOqlOthgBDLYS1bf2wHgCMETAfRUex1nvaZ48K0/XquhwdSGeSPBTAqcMa1ejjbzQZC19JNrllxG2LtyxCZFE8nj9KW0ySCddKlFebRNXbpM6DZ/gb8s7+iDwFHxQmRdCiW91FZPFFBaFkX6MiYTm03wMV1MQpLaqoDyPrxstW9bbcY8bHaRxdNuLUu4jxE9+JcX21tBVQhIUacu5/qcQOXEAStOlNEi03D7QQ3N62H9syrRlAiqCbXFnNYVRONEcxX9gXu3UgNcoLUW6KyOW2QEuoBmkAkJfhHlJ4s719wxF9ya+KQ7R8FN97DADdbai5DykbHq+5nFDtG29BfmRJZAQOuRA6S7dK3wZC6b7gvIpk+Pg5tWlfhT6K1olDbBuVDAEo9Bcu+kfSuycwaU9YxoxOIRCbeSRv43IwK6lVlKaulQIicIVBontFS3WWTAeG1isNSn6x9BM8sZ+mlYDaNvhbAMpFZDZL2OtuZwAO5iHNEx1zJfuvf8IM5MLes9hqN+00lK+vByPlau69xDIpwYNrAVDRAvWkBTGNk1pNz3GtkXGrWXBDe5RtulCLW5hA1HB0tK6qVwtQ/DVcBIkGRGJ9xn7KQ293vAXKxneIusb7Xe8c2kwMljPaaS8oDEIEd8sVqtphVzMrGcTsB2zsgUkJijXz/jediwhA9TKswp681ZlHl+X7oqma9PkpKBPv6o3MJ0PMmfp9dRGG5iJKNwJX8ZmRAIJclFEb9MDB1/65It1QX7wy5xIP1DkRFoNRWQ6DXNukr0PcNrKZbJkr9yzI0iICrD9lJEaVWom8diMav0RdUobta0wqJlkqbPtaH3tQupALsdqbQAWnEEzWdasCSw6LR81bBduINAaINpvfsxgaIiqCZDWjq3+zNiuMtV2YTxplzN4NFKJu9JAYnVsYGqX2ewUN3EJ508PD09UBCikZnAFpR7mc6BpIbkFLY4gsjr+qynPe5617tmxdEb/vt9Pznl500ijvqXRx504AGVmz879YzX/te7mrwccdgtHv6Qe1dufuDDx37la9/JtOJ11FlVeNyj7nfrW92Ev3P+eRc843mvlPAKrTcL0qcK2sp3v9DTxEIHxMJ75UufvffeV+DvH/OpL3z6uOOJAmCQZIwXe8IwWT9KztWsaJD/fPyjH3TorUsF79RTz3jV699KrMEDXqAgAfoLfViUFxJGEB2b+vk9DnWSEzDF0beIH6eAKIoUX7d3V4mofZX4nzAkfp2vZDsP8//sjQQoWjtkJaKVvKixHK9P8FMHJMbkNHenRskInBAnEBw1WRby3VXRgQmaR5zhCcY9mnUPJz3aTAqcHObmnb7ckrY2MyvQBP4XJZR/xX/cgBLXYM3QwAtU6hF9LwZQ+kPy9bGAni8bYGJKDhZ5pKHJF/uD/CmEEkjtSiS+izl7eVUu4dcmyxkVUmChUTEVpnw+6cJYe4EQUwhdNf11BefLCZgagcze/XCOgYNIbCMm51+ws0MtidVF3zKzkj3MvhGx/l6nGiMwbUdaxBFrsCMKGd/ZKuwdBu9jv8bHrEM/qVTwnx5njRFYfFtGL4xAZ3A/spWOgq2srgkaqCaPdH4kqzaKknqGB7CSKQ6bBY6AVsyDJMKTjFcPU3XRayDKI0+ZUKB58oLia/Fmrxr0GGRyMBcLyc5wLode3PQm17/xQderuLvooouPenYjKfDxj37Alo3qKv3Nb3JQCynwiY99wME3un7l5ubmKiMF1jUtmkjJON/1jrc96IZVqmInKZB7y8/bXOsf2fsOBornXu9x19vtuOMO/KNrXH0/RVIgGYRkyQa+kNYarD1Kcbc7H3bQDa/LPz30lodYJQWS4XmBRhP0MVaBKvw4UrahRXS47AgmhFCncEgrqwyw7IsXCR4wia0tSvkAWlizhf7yCLmyBkTf66su/ImGovLD7MIDS1HacwQBtyXBNjNEAvMGlq9rdZfYPCbC1nyk7ZdGNvfHCLQYEqRGIM1ljr7bGhBz2rlCr+OpKWXjXGR9xUwKnBag4XrGZKDdGI+yvKy5ncBKnniwlOIIgj0HLL1j1gq/i27JxB67gvwdrMVyY8vGxmq1CsMV4R4xxxXfOT0vjN2rkAJJOkUvJrvZz+JXawxspnFSZ9G3siwogXbkItdK4Vp0yx1RCIJgubERUWOSmyqZPJaU6dQTUa1bssyTG7aQ8e8L12A5prZEoR2h+VqkeUftLYOo6qKtsKFwXbhRlDH8LF2pwLRWWBuu9s4CtBZgrQghWn0b3UCUslcFDxrNcldZ8azHBIW75lDeX5oxFoDgykF+C/oyd8JVgupSpOOdC2h20+CzqVcSNstY2RAmtckT6/aNkzOV7agBqa2tGAog8KXjT6yTAut3ctzwBgfUGYExNjYWBx143Sb7ggdc+xr1m5//0jdIi5ZO2KJVJPaNQmZZpqk8ZRfmq5TDtvt8sZdzqw73MYSek5FbyRqWFjYgL9B8pAtDF34j5AeUeBsHpww5f2ItMbkwVZYr6g1nrlqAn0XJs6mZLuJVXP5nw6IeBADs9B/S6VoGwqkywHKxXORmC+vGGLG8p5ER5LBKDsT0G1IpeWiSizOMEwhiQvHw+W6zMliLzZg6LCCe0NZTjLiz9xXpEGRNGmn/MBdZjzGTAtccc7MmAE6xVUIrm9GjxFTiPJHcXVBDY0EYUet5xABQ/tP8EyqkOyCNG5yU6hSqsfFYtRQsZtPNcBIkpwVQqWE+/a4oUDtzI56rq+rAa6PnBy2sZ8ZrB4vFIj04ePiy3BN7ILMa1sOSQQ/DAZkg0uiqED9daN63zMTq5wIlj/8ot0c2UIgyLmoavmnVpu8LR1Ftcc1JHH0SlUqjh63Q9i0y4355O6gXK4YNzzA1mNiwkmxZF39nQp7sY/uBhiJkz7Smz1CuCXOJ6ca498jdY82WiIy5XJk3LEuby1AdlcmxLFDrkYITDyDithz72a8+5/89ruLwSntfvknGA+5zl6ZH9z3yjkJS4B577LbzzjvV7x/3xRPI0MAKm7ctI80b7XE1+95q27tikK9jDpsm5rxAosskNjxflIx0zEOtjkVRsezhRQx081E3MFRix6ULr2NFvBASErpSPY/RmzGOtOlQESzGomHxEjEMV1ExHG0Yl7J1BKGxQOEdnU1TQWTjxc8AxDwj5P9i9qdQp/6z5AnrkoTAThcayA6XNcrekTEClafMqPnMH4DbZshxIqxF1zJJxsoMMZzuF8+kwCkiXa6aMTWoNbPjLiJrXsChfpn89akndZQFi+WSUis2N8Pya2pKKvCTx2wBH0qMQOC/qw4Lr6VwgKxIqEXIK8/1iqkfJQRGscgo1Of5jQaUNLVclhmQQ6GN4NLmgigyAtl/dDXC6xfyUWBxlmytxpIyHXrGxXtjY7G5SUi0IlKSHFLcei5wcTMa0GUxCCkjjm/KHMax/bYGUFNklp3URuZytVrhSrt987AuSKkkaDmR1M4PtxQ7VzMc6zIr4wfz4ZszDc2caHszsxFoIzXAggv38KdZAOHlDC8B2ff4V2BFrHOLHMF+0VJzsCO/FMbU9QF4e7hiMcjrIyA01O8AVoefsgmMDRq4h0ZBqibmX849/+9/v6xC2osnBbe42Y2++/0f1/3f+pYHkwbc6hY3Et6/510Pr98899wLtm/bTrrR0+sJcodkmivTU3SMFWB76rLleF33yoDUx+3DdkwDhW5n1DQvKKZIAAAQAElEQVTKPj1KGTtTHDimDHs/GIH9FB365ndEGz6AYL2PdKpDJat9r8tdyoHTCKQDYkoKDNtaTxBcmYbaGRT7CbCg74MHWJ2S8ETA5JLd4C0XAuYPkjC5naLEmAS3dMSfnIVClSUB+VfXqxvADrTSL6KjqvVY5WhOAdwapYuITysxZ8wwQQ+1ZSYFrhtkxjsBfW2Bmdpaf6LJjBSYv/6+/qAmx5aLOLaUNzaBOC+Xy3h0nhipG7hGi9qfqmk9/nfl9FsobSkCEf1cbmxQo1OJ63C1irRWE1Lz8KR4FYxblcVcOU7PQo/KFR/lyP7SBk5rHuJFI9XjoiSSXo44dxojNeEoIANZEz6EQAWx6WEVHTW6pyijjCM5UXJAth+MdqRV0KsoNGFLpeejK1X6HlskWVhZWtWlWXZgVIzADP4dKj1wqVskCCmPeLoT1fbX//0dF3rYYs2YwUGu7njFmxxCB7ttTKMw0N/IHCBzNIP86c9Ov8XNDqrcvPtdDquTApfLjX2vfMUmOVfZd58AgqjWLR5x+C3rjn/wo1OIGhwmqDrjx1wZv9mBKnZ2tCJgGP1ucoAVYMowKJOMCQw6xjEse5pJBxaCtiIhAeZffQCAJ5p70u32Bx9GzT2nOFvYB+zlRM6hSxPdIEhsGfQWY3eQff0E0vcAiEVgy6ImKHrRCaYJXFy5/STEFTXswA6IqZEC+d/1leEWW4Ao1zYrlrIgCJZ0f61x2JD9pozE5ZIe/7KMF2iCKH+YZnXdqmFpMsHUEr+c5Cfi3eSIHfMi2S+tTXs2RZr+vIA1w0+g08I5kwLXCpIlJT3GDnFwc0wzekQnK3CNesHsHFIJY3IjQ314Fk9C4vocfyeHrqYvHWfPiPmAzujkNqi8+Qv5ilf2jF8lTq9LTzOfBQkvBbU71Tw6lyJ2lH9j9RGSwVcROBbR+oOdJolDJrpCXbE0NFM7RlcLHjECM0iW6LViBJL6OsmkUG1O/WQEyoLbthICJLxKwsOBmaFKyevFkC+Kj5Ubaiiw8lu9lx+4NXMtls5Tg4Xcy2sOdAapW47RGCISGHR8Cp03BsW8pDt5VJtX8a1xonnjUylSCnyhGoU9P9LdlLnBbTJqA/rPzK6yJIrNV776nTop8GY3uWF9q/jOt791C38u7hlvc+hNvvHN71fu3+B6+9cdH/eFbxBlOK0pGrxAK2rA0FW+rgCy8zPbuW/rPV3M5wAN5X3wXOsR6QKYrTjbEdM7S2yAQFsB/VAjhyVCqgdqKaN65AQOD2obEYEZWBtzjNXXKizSu6tL7+jPfC/vw8rVOIr4NQxb45kuaDVaSUcc8LtyZTnJFmPSR9FiHCRbcQFg1ETSLNyT5HT0Qlp2nW8S8vRBE7ANQl4JgV5NT5rBpjy58MG35XoI3sYG8njh1sRpGaj5bHSQisxkBvzKcN7XzaTAdcC8/q0K5L6ng1ZW4NoWorXJZY4Xl96A9E9BkwuSIT3Hvst95W45eVDJdcHoL4yi1WqTSKM+XeNnvuVfXS+NNzynXM9FGK5WqzDEaO0r8dA0uZ4x6Ea3KqwM0BgVkowSmrEvNhQdCPdWIGK+5m9HoATUSK5d3ozUy5ZhLPLA7CaXbmEWSGmm8qS1XWYL2dshmali8UBluVxmB75YaUXHxAUUQp397wd1T9a5dk9BCOkc//RTUzytjy1J40xjzxmBU53hzxAhLQVT4pYoQzVxkITx9DuISlugnWcHp9uBbfQn/bmuT/kL3DePTx/31Rc890mVm1fZd5+ab7zX3W9HWnHvux9RIQXuuNOOe+y+W8VZPKT4yvEnElNY3MaG7q22RgfmeewVLxCjMCL5i7DO9TIh8VgsAG2C8oqD1dtD5ZpJouUSZL1HyaQo3Ym3sxQ2wm7Pul0xK8D8yw3Ysn3KkukKyHb6DJrciX1QdFdQ55GfNWh2HrRC286CxmUjbHtnBlod2EB9X61BFZcw2FGIItyU2/Jj3NYAyCpcJRZJmgLFBrqfq0RIjB0ua+FgS9hl3iOptrDczCUWThKWZ1Gkuacl6UCIyPgjB/2maS1aNH8jAb2uaU2GESiFubMeEjMpcKywwEUgU8ZkrG81wtMtLluoMzA6IgyC39DoBsSeBHfLHLlkLElU0a56OoSFyq1iApQHyKZm6awl5ybk5DuhZsraSnvoqoINjwPKJKB8gqhmQAbyr7UBO2hyQm3VUJE1pQSp+0+rp8v8dVoXtIXL8FzXjRGYgI06+uHlWyDwVSjjxARpX+ztqMta4mPbm5XpSfVCIuFIYEFXZts4ikKSHaNslh4jZwTmo68BWkUzsaD5zBiOK4xo7O86PHX0+bIISN7zCvPi4oxSGaiU2KppOkF5aSCpDAKUew6aEoSRbBmvYWL0hu6QQXmfVZFdyP01TeQh80nYQkJFpwsvuvjiSy7dbdfL8a42NhYHXOsff3HGWbzPQw6+PmnFzW9atTh459vfqu7sT38+NxQZ2t1zz90f+4j73fmOt95n7ytsbCzjnc54+LF9c3XJxZee8O2T3vP+T572y18Te/ine9/x/kfe+QbXu9aWLVuWS3qIxyWX/u33f/jTL3551jGf+dJ3vveTqodmXuARh9/8wQ+4x8E3ut7OO+0cJ118a7UKNze3//L033z6uOM/9LHjVpurJjX+9ckPO+zWN+PvvOSV//OTn/48vnjA/e8eJ8h+V957hx22xD83N8M4pz73xa+/4U3vuejiS3gvt7n1TZ76zw8/4DrX2GGHHeJ0ixPtr38971e/Pvvlr37Lr848m3QDrnedaz7yEfe57a1uuvseu20s01M+tm/f/PNfzv38l7757vd/4rzzzidWy/JDH3TPhz/0n66635W3bCzj4OIU27Zt2w9/fNo73v2Rb3/nhzIS9ttvn2c97XHXutbV4wKz6667xEK2bd+88IKLfv+Hc773g5++4b/fLXkqy8677PSYh9/vbne53dWusk9cGOIEXK1WF150ydm/++NpP//Vu97/ibPP/n1DS6yQHve6++0f9bD7Vm5u27b9yU8/+oILLiJ9Q175ZBZAiRYWc9+P7ksJhV0xT5Rni3VONYH+I+tFsYBsvuWWcenVKjpkxNcxVUyfdMXqzpqr+WgnxVBPpkuYlXS6Jidna4OW4QijABDlXvOvhNMP6oy92mMR/4+70R4xEeNQbqHbIScSWhehW+5WHyYdcSwOF0EpHVDgXT8+Aq7o2EYsM9YIeeWxad/WBoBjczjCTAocHywNfdgkZ256p4TJEiFFr+6UCGRQuqpd51/5f44UCJxAaAgnw2q1Ga3UTzQWTz+K3IyH5sm6YhS1H7TGqy0dsm9A0vJGkqOZ4WDAibXSYzabpwXMeIEjg34989xgnjuBzERcQ8R9JDahuOc0kIe2pHlEoKwLaSIKtxYAsShvYDfj8ldozUVZgZ+i3Mm0IRA6ftsCFmSXfJvQJfgxvc/AblqgTA1TiOqaja1nrAX0uxEBR1DERnFh5sRPsARRiWuySF2n9DeKQMEGXMMvPahHwQmgWDmq6PKTU06/za0Orji/x91u94s3npX/3GOP3XbfbVfSiitcfs+NLVs2t2/P79zhiFvXnX3vBz+t3Nmyw5b/PPrp97zb4czkCacy7LBlY4fL73mfe98x/pz2i1898akvOuecv5R9K/cB97jL7V787/9a4UHGYcV3rnfA/vEnDuukk0950tNedOGFF7eLuu1tbvrKFz/jClf4h8r95XKxXO50o4OuG3+e+4wnvP7N733Huz4qlHD4oTc/6IYH8Hce+8j7ver17/jQe163z5WuwN/f2Fjs9Q+7P/zB937w/e/xhH954QnfokYZ99xzjw+/7/XX/Mer8C63bCz3vfLe8ee2t77JW9/5kde84R2kGfvtd6U3vuoFFR1Iso+74447XO2q+z7pcQ964mMf+Jnjvvrcf3/NNi5ztXGt/a/2vre/+opX3Iu/maTYzrHC8efnvzzzCf/y/D/+8S9NEjaWy5e96Bn3ufedKjvNcWnZe+/Lx59DDj7w0Y+4z/OPft2nj/sKacWzjnrCYx/1AEbl5JRZXn6vPePPwTe6/kMfdK8PffQzR7/kjSHWVzJly16sz+tf9YL6vviFF128detWogPzZgUUvdttyMCDNlEWrE/hNB6T8qZIrG/1sxHt12a3e6aUP2BDA8/4Bo0wV5JNqUt5PKoKrbGvNEjuDpWo6gsDbjUVWgzRBMd2Q1IYUClZCmz0qP9YG7GG8eBuUR7bN4fa/VIW0je/FgEEUfocBY4FBGeRM+5W8pUNcsrNPxSP6hJq9zoeEyka1WTGF8Oju6v3YZ0RuCPIhfp0KslvnUHZH2Sf3CUUg4L8JzMWDvnPfHAYsIPb2dnt8dwR6DVkP4H9pN8ku0n/pzcx9QLZfcDUO1uzgIDMGAOgVo4sYKYETgt5a5Q3M9kHmj75sbTcJ+A/FIvKZ1H9LOlnkX6WMp8EsU/QLu+5MapsAFL7IO8I8w9FxKhJyVWUfEXsbhQlpv6iEsLkw77iwWj2s/w4/Zgcd4uNH073Nmcke6GHRUrq46dFzQZOEbAB4Hq1ajIGhNYEaSEm/cNCv6qSSWzoBou4iQsCNyRIy4OFmnAjNGQyuFHbJ4GNEbcFy2w5tDhOtFbQvWYEtmOc7AIHVM7UbqQ4OSrjlg5RI0TRzOXxaDQJPApGoBNgSqFFjhfoiHMJjibZraGYBldfiNUT0vzhNBxbhUPuu0fAqD78vrusF69gO3/LkQXu9jqgko8m2YqZhPwG1gIqB4GCFmatkTebpeT9wle+WXd6aJkmeL8j70Q6pQPc7U6H8ncOPuh6dWfHfu6r/M999rnit7/ygXvf44gg6Fj8v94B+3/jC++9wxG3JAZ46dFHveHVz6swAuu4ycEHfvdrH3n8o+/f4ubf/+3J73rLy+qMwAp22GHLc//f4z/10f9ZbkiZPLjSFff68mfeU2EE8ogXIt/5lpcdcvCB+1/zat/+6ocrjEAecY486XEPevfbXtnk4PDb3vwrn31vnRFYl3Ove9z+pG998sr7XJGYYY/dd/3Mx99eYQRWcN3rXPMrx73/WvtfXfh0332v9KPvHnvfI+8MrYuxO+200+te9fwPvPv1TQ522GGHz3363U96/IMrjMAK4lAe8sB7nfydY29184OJFvbbd59Yjbq227Zv3v2fHnvZZduIPgy7AVnvtLm0+jZeJlUN6bIy6R2szYTqrfVGsi5PV9yT2DfHN+04TRPEXraaDgsFuW0dvg01OBrApJDG2FZ2oPIDjt/lBPT4dwwjymgH6DGDsbzh2VegNLLxlicq1OCeVERbKKer1PZUdxSNUqBdPNu1Dhs+/GZ0SD/FznTlKe+MXhBu3xuj6jZ4vllc7DA3pmaWpliMMLBhRzt7j760PZ/KqYssSyTVX22fJvRRg9d9HpwDJauGFx9OU10haPwhlUItutnyk5DCI6m4IWX3JF/AmUmB8hidbgAAEABJREFUI8D0ho4ztNG8mg8VJzXqH4eE/BeU+H856a+g/S0Y4W+xDBYF6Y8x/zJsLDc26Hfts1H5cNjC/sQ3ITBroLB0WW/1+bFFwYRLOICVoVMYhqv8s4o/KTbzz2b+SbBd/Ak13l/pnD1K9bXrg5Q5Vh2dQ9lN9TNWNHIF1hM4mZJMSYGUAU2XyEeVwebjkWw2Z1msENbF6gtMexvST8TNUW1RTURhsitM0Lyc20ou7e1woSgxqn1QR2NuUSUrsKVPVU42G5UtDFyf0KWSgr5guwyoi+I5FUU0wZlulgSCcIphC1WZFtoMgeRyKJbj4TR96mE5BLpWf8aMVrSvvNpErahD/rX+4FeKgMi/jamyGUgqAeVeLWRkbbHLi3wD7iL9HPf5r9XdVahmd7nDbSoOhIZP7n7nw/PreB3uCpffs+7r2yeenP/cZ58rfvkz79pj992IHOK1vre84ei73fm2RAuvfflzH3S/u0k6jqfCz/l/jz/ynrcXPn3rm170iIccSaRxg+td64Qv/t+W5CDgdhx84xu009RIMlV/11tedsyH37xFgmh4m1sdcpNDDqzfv+fdjnj7m1+6XC6IHHbeeacvHfvuffe9EjHALrvs3Bk7ktj8O/bjb9tVxN382Pv/a6eddiRyuMXNbvTwWjaxhvorx73vOg28wzp23XWX97ztlfupx32XXXb67CfeVs+muCI8+BFPO+dPfyUDQ7JVAoWG1X7ow0PU/6x7R4x00yHegHAa0YntFfgM38uz1aLiYhqJHb+HQLy+F28LxtuF9EdfOTxgxNlmKDputXyD+uG8ai4MEefI9iZw29EC8Dva3CfJ5DDb9052wJOt8GaIzOPwnEKMMms76adui0ZI+1u7Hmzuinn4khrp9gQieqCRiBtYpxySMmeQiIiEBEvkF5J7JBw9cJkYqkmexHt2iXnQIG7uohCiBS4iEqV0d9rmA2B6VgRESB2zrYG4DieLSCGBBb0OgLLkEegiBlLThIQeOk+/I8b6pYdxxL7YmRwZV5FtliHkpQKTH1yepO64pOoaEzTnJ6UzLReOjwWx10nmknSUFfhhdC7ERZJ9SBwmAgMo3bYhuvY8+0s5bctl0d3oyBQ5gaYHKRJemSWDxlqgsQXgalGxSFtPBiQlm7v0smyDt7RcLkiMtuSA+gMQKkzbDKIHJD0Ua1GwwwDzrylgQhy5dHQyIU4g9jwQ638uW2OCuJNvH0bCASibPP5b2+JypHNGK7EWgJmYEifMepTtChRIw5Zn3aKy0b5mgXceu16EYDPreV0X1YTx0mnl+XVHzxLLTB3WKiKJptPPK2BOk3Z0po8cwaehboF4Btc+fQORINJSTQTi5KoUNN9bJis8Sos8dMYZRhEOOU/vHWyvTr6W9dD0ouCqTwjSQxDr5PVIWYpPDVKTWBT/Ek33EUlDcpUfYGPwFQEyx5+x+gVSJyzTdWVRkKLr9UH9eOW//W3rBRdevOceJWbejjvusM8+V8zP6j3ggGtU5Jxx5tl77bn75cu0vxvf6Lr59W1ufUh9q/IPf/xz3potgsUxH3zTDls2iJL+AK97xXO/f9Ip5553gZLHG93wuve+xxFEEa948TN/cPLP/vCHP/M3n/qUh93+dsoGC694xb0++K7X3O+hTyU2sMsuO8s7ftNrXnjL2z2Av3P1q1/l1f/5HFA8+WSnnXb8yHtef+gdHkzcY8vG8rUvf+4T/uUF/M3XvfL5e+99eaKC5z/7X477wtfPP/9C9pMV/Wc97fGqVg+Xy+XHP/DmW93u/vLdcdwgf+bjb99NdO72/3vOy37809OIBaSTWaIPcwlu4YFm0DxHHkK7or91mHdMKIi6jAb4XpDk4XZM6WUKeb7cYzHNkLJdQ25rn4wN6uvH2EcGY+nPcGDkkG491mSE35axjqM4cAraDH69U8oa1nNWPMNjJKTAuDkPKNEvYgTBiB4hHsQLOFEA8R9K7EssaSUeaNuPEeCC8fgw5QtSk4MIIeIiiNdUgb6YlTSdCPHf+CthHULCOmTUw5wUmO6SQk4K5IcOPLGntuZlQAqki3kBXc5bRNqLen2jFn8FfxXkVuCCnIftEND+RGuDWV6CgBS4XCySAh01Ghvr1gkk7+XAFXFMCuxWWminqKlQYdOKdKdPT4CE4MjpYwp1AxObHtNAtSmUinhDVfca2aoP+l7XjJFtM/e86tdzKSgHp9ujjxfUBu2CvsSfvBGtyzGTDo1YhqFANiIeRV3uiKnKkldarwGKl5KGxlCMwNwyMU+v9LAjUh7cqonKIF0T2vipjS5UpOnCTqLEU7HlYoO+L7taETvwrenTFqs9NVVsn5Tl2k8QlZgm5AIAmddFWsl4vDNhUwQ1Yl/9Zp0CCHIvfrVxJBrUFmog8gpksVwyV1EkbcYAcTNO0ZBMBkP2Ps1F11ArG0MMqNBkBTLZUhJRB3vRS9KpaCsVy49abmbrAkJSIJbvQPo/uwnJDQE3sOAfQvLOOCQ3QMRRwJIfUToKmgWiDhDeqIbX34yrdZgPJ//4tNsffovK3Xve9fC3veuj8cX1rnONOnXv6yd8/6r7XemuZaN9e+y+2+677XrRxZfG13e5k8Ce34nf/XF+/bIXPX2vvfaouzn2uK+9870f/+XpZx100AFP++eH3+oWN644WC4X737ry+55vyeTDpQKwFve+B9EHXFYH3v/Gw69w0Noo51g//2v+q9PejjRwo0Ouu5jH3X/d77nY8QBkpesxWX1Clf4hyvtffk//fnc/M573vryuo3Azc3wTf/73k9/9qsXXnTxrW9+8Aue++Q6c26ffa74rKMe/+o3vJ24xxGH3/JqV9v3t7/9A/u5++673vseAsONp552xpeO/+bFF196yI0PvNtdDqucQ72xsTj6eU996rNenN+54uX3euLjHtQUaEsyXvEK//Cm177wKU9/EZHDe9/x6qtfbb/6/f/6n/cce9zxZERIaNZkiHcT/FibaNECBtGxtyBB/S2NTrhX3k4IjrNWND4ZDC7y2Rrs6hQPNMMoDJITyND6EKxxLRLtzm6waR1KGAg4L20elZuUyOxpYbYLNq9oLHFriyEXCiaL9a9OM7qAvde9ZZhY8STFyeAhYYeFY3KGeGLQOgpDklq2jtJjx5NTywkJ49vsvE16QefxUfIVJpyr2BdJXvOizxNLgTSOzGJgwg3EbH2JMQzps2INLGUIFr+JRVJg8iiiuzDm2zCWssxhzlfTIUisG0eJmVd0vkvttkgrSE+68iBI1kipkedNi2TITjW8sQIylY5mSubk0uZyIsABOsoBwPacaJdM+1+y3qBn6SYbbFEU9mUp0IsiZLWZchojK8LZcI/P4Z7oJsYMRCM9g8RAMbVDFEbZ9qgV2E09JRJ6u7fSvcUiSCyIY8TshzvTyr0cUyHlxg186sl6ZZJJv4w0WAl3LqpCEbf2glav+ehUrKtxAE9aK7H8KndKz6rOSIm5BuWfNX8NNzjEI59VKMVHiwdLCcMAUKI57dyFYVqzQxzqvlHgvnxWkGSJTal6zQ+770qWwzQk+nYq0DfxVKbeGEWTMhM4GMYwoenYtY0XQjdRY/1Qmg/Y8hPFzrEpLKz7bFcjF4ciRbhVWlLQCLtUbEhK46IAyWvOZWqRYBKpuiGNgri3RwoLV8kCODuBB2r+Pv+lE+qkwMMOvQkjBd7vPneph/LRY75wjavtd9faSb5H3uMO7/3gp+KLmx1yg7qvYz77FXZxucvtfO+7C+z2PfpJ//atE3/Irk/+0amPfMJzH/2w+/zbs59YcXbd61zz2vtf7fRf/ZZ0g0b3//3ro+pnGcf461/Pf87Rr/ve938ST4TufIfbvPzFT68fTXvFK+z1oPvd/YMf/Sz7+cqXPEtIGrvssq3/+Zq3xSn598u2Hnbrm/zbs554lf32qTs76imPeNf7PtF55MjmZvjvL33jMcd+OW7/4/R/8fOf2nLO76c/c/yLX/nmiy68+PrXu/a7/vfle/3D7nU3h9z4wOO+8DV2ffhtb14/CXfrtu2H3uHBF1xwUVxA4vnR8V//zpeO/9b/ves1t7jZjSouH/3I+5qTAs8863f/9h+vPfnkn23ZYcsdDr/Vy1/8jJ133qniJk7n/3r1C+/9gCexn/e46+3qcl744jd88CPHsuv3ffBTr/mvd371c++r8AIPuO41+Z/vfMvLKw4Yvvv9H7/slW8+9Re/2vVyuzzh0Q/85yc8tO7srnc+fPfdX3fRRZeQLhz9/Kfe+haH1O9//ktff8N/v4dYhlvKBxuSAdiYDQhkS7fMgwBJmJoUae19h4Tb3Pc33m5Ad49J+pKw/Zj7mZDAfXsD10nloFhX18/Qn0RlgxZ0Vpx9YgUmnMCJNFkNVVc29pqpNHjiJvZrp9UxzbAGtOBiguAWdXrp1pKgAna0d8YITIiABfuPnf7NIUzPCGe+whDTX/R+QhsMi+swPzKc/eQk5kJDZI8En6jhvsInFt7woXuzCdmxxY30J7LycQmsfdJcy458R5cft1AoD9lp9+x3cuy9Nay6PpHNzQYQfdpcJ6/peDYFcY8R8wJBrRfgOo91RlqSSX6wPGh3lsh9/AStscsFJdO4WBv0DNTY8CJgdot7CK3HpYPWJtpmEfSfEcjAx3kAuolWYpvqSTmvy4DQPQ9/2xtiDTU2R8AovzBc7Ace/NB962wIhvk9kv70oEzYzf3uBlYiyhZbabAhTXa83SkiuRJJMyoHVuJYEVUTKA4hddmKoPYpPw6Y/foUeVWRLifduQOQfVJfKWMju8fucK6ySyDlWHAxKEUmHpxygQSCWFPPQTWuKWIfRA60N4kbVObeuO3gRsLY8WFHRuQLO8rLACGbdufrDh2z+LDyUZmLr5iPaCU1O88/vb2Rss5AiY9LgNanRVpNaoK4VMflTP0jiajjoehTX0bFbLU2++SVuLu6l05aqOVcSrFLX/HWqDbYcE2ks4bzAHzTC4K+iDbIRNDx5M/rMkldBvcp68pfMhOucfJnE/eq8C98+dv1dub6192fXdz20Cq36bLLtp599h9P+NZJ9VXEO97+lky3fa+8d+VRXNR+ePKpTKsnP+GhdZbbl7924rdOPLmS1O/+v0+e9dvfkxqe+pSHS+cHPOYR963f/cXpZ93mjg/99ok/TApwdNwXv36T29z/kkv/Vnd5r7vfjl3svfdeBx14nbqDX//29zc//IEf+shnL7zg4u1bt3/5+BNvd5dHfvLTX6673GmnHR/5kCNJK+K8uOM9H/2xT3x+tbmKc+2jH/vcQx7zjCbHb3zze5/xvJdfdOHFhNrMO/3WRzxo69ZtdWc3uP618+tnHvXYuoMX/MdrL7jgInrFJegT/vWF2zerPOMdtmzc467KBzHz+PgxX7jTPR510kmnxC3B1su2ffbzX7vpbe8rzOVY7V13vRy7vv3tbl15+tOf/SJnBDL87nd//OgnP19xdqD+HJMAABAASURBVOW9r5BfX/UqV77+9a5Fanjn+z7+kEc//dRf/Cq+jsvAa9/0rrv/0+OEne8D7nN30gF46IPu/ciH3qf+4LSfn/GUo/6DjBBWxvEDyDYGElIY0/daUzdI5yLyMW906fn6do4oMTnTYjF0DcFKuE9zDbeqFJs1HmRx7UUZF3BRltMht4e1Gsh0Gmuol2LHjMDBkWbvWHLYXjIPeJLPvA41o1dkBU52GXqGdSive82YoQVKLtpYpifdTKOrGXcs1ZsDJKKDodcOi8Viy8aWIDnmfhIYy7rODC1g2Wier7A5PMkMEzt9zbpLByIJm6MzzGgX9mAxX3RFpdQdvqFqEaXUR9klOVkRoi8nCMhyYwMWC2zYJx4IdhNZWlTGTTCVU/daFWIeOwdTtMqCMebf2q2Ds6YgjX1CkAgKYhyHBf2XfOJrDkv6WTJssK8N+mnAckv6PPks8nM57bWYOculIMDxPLf0MgOWKWsZL21V5piteJTZP5ur+LNZ+Wxfbd/OrmsIw4GOre29KeqNNDYPnK2jt7zzGr4t2FlOdJG4pihLb5sY6NgZAtZJxC1USjHvWAIoAs+1zK39Yundj2rUt23bfu65F1Ru7rLLzrtebpcAgqvsW7V4d9ovziQJCfV3fzin8uiGN7h23Ffe5JDr162s/fb35+Sd8RE1w4QxXvGadzACPvehhPW3v+fjdce3uvmNJcdBO+ywZccdd6jcjNPlUU94bsIGjHLu9bZt25741KPrEg68fkoEfMgD7lF/Gneu93/YUX//22WV+89+/qv/zJ3Ym+Oed7sdacXnvviN3/++lLAnn3zqWWcLOHMXXXzJm97y/rIym+/9wKfqLq91ravn19f8x6tVnm7duu2Yz6QH2gKjtCaXcaRO/N6P6tIecL+7El1ccOFFz3nBq6sKXLbtYY95hnAEfsiNr88ublAj8336M1+p3In9H/+1Eys3d955pyB7w+FWtziYiFR62SvfXLn5y1+d9f4PCVLy7nc5jLTi0Fse8uIXHlW//9dzz7/vg59CHMJkXtDJRHcw7yjJ973LhpYupzewqQLpFR0sPzkfPepsJyhwWNq9Q2pTB+Uj7Cpl+mgBcumOItFXWVdYu2TvFBatrGm4zlfNjdFKglzreaHjmK1d2jmO0GgSayqLJTPGhSWZ0RemMuAdAcbVHBsXnGQTjy4ADbXtNATGwLaxB3bUzbpHmW5JLwKIIrsxdT1p1cWEdtkw/a6Yp7COPnO4I6yUlGAhsk4jZfMdQNUDvFSgpqNElbdKhSTpK/DEGpzRgBwAlbumMcVOCmwMFmFTiz5EHzRoyjQyAtUAgisvAE33oHaT3S7bH0obXpCSnTlL/zByG1GAUtrFGVc+9jo7eBZYrvKxTB6lBkLTA2Zy5nD5uEdSEVlcoJG2HcDSJZQfYJeXyoO+h2oc70QFDmuKR5WQbrlZUGciyzauo+n/LKahqYWsoSrFAHVtRSgBOOlC9fRC1dWVV4e7V04LkZ4YSerSPBtqiz5m6x/8o1JjLBtj+7mYWA2EuuQf/uhnd7lT9Szgu93lsPPPv7BO7/v8l77JLk741g8f/uB9+Uc77bTTPle6wt3udBip4dvZucAxrio6WvehD6Q22Opx3nOP3eqOL7fLzkQONzvkwPrNE7/343PPS3iQmIwIsvz8wUmn/O1vf9+lLHyHHbZc9zrX+MXpZ93usJvXRX3kE5+7+KJLqOHHWof7tOe8/MPveW3l5gHXuQZpxQeyo4p5nHTSKf941f0qN7/FJWmO4z73tSc+9oGVmztsbDDlbnC9a29sVG00LpfL5z0zPaM5t1PJZkl7X+Ef6kFcdb8rEV38+0veKLz/pz+d+5WvffuORxxauX/QDa/79RO+H6vz0lf89x5xSeDS+JPHprYY99xz98vvtedfzj3/wgsvPv1Xv6kL3233XS+8kNpBPPig69efvuHN7yEivPF/3vuIh/xT5eYBB+xPmhGn3Tv/95V1G2Nbt26965GP2bZ9OxkhkvF7PvIFN6TvLrFD99hNLSd7mHz3oWJzGOBKAeNzo0fHCKRgJhLRXqr6POREah8xJY7J5rWjdqAn5BaWHRyoC+qPnAJJfiCBXam+Ii7G2NhY+z/1UwSktgId7mZk8CXtJmTEtQZYwyLcK+bU00K2Wt53zZtJgT1huk2qd8DaxYz1QzJgGx1JTreZUHnnbPRAZ1UXvWqoMWXJTQU4sSYZ/W+gOEagNWIg40LanWmB9nNsoe9YhOW89pAzl7OAyr8zqNjEtKKS5XgZC4GUty98yKGvPkglEFB+0Inygpr5ey/EdrLZkCZYSSutFbOlNmatB5MzZXOGIOe7+FGWV+dDpn/DKFx18HClY5cWRzac5u5iKyOtrKdGUmK+IlKlzevmy9qNj1kKSbWpI4y7/EaZDTEzUszppYk+OIKeADOWd97tosBNpxAFx8Yo089b3VlXRizzM184oU4KvP3htxDSmD5FrcrROHz8mC8+/MH3qjw98p5H3OwmN6z7+sQxXwrDlI65UTs7OIbwkN8mxIOT3Xe93EUXX9rp8qaH3KB+M6HTZVQeSHeRSfKyzDe+ddJhh940c0hvRoi7XG6XxWJxhcvvVRf1qc98NTVEB9yIJJH2w5N/tlqFlYOSt2zZEPF6C/z0lF/Ub/7qrN/Vb/7yjF/Xb55+5m9JM65x9f3qN2MNH/eo+xNp7PUPexJdfPn4bzc9Ov4b362TAq93wDWTv3DscV/Nb975jrd9yhMe+rR/edROO+20ZWMpv0d83etcs37zs5//mtDxBRdcdNZvf3/Fy5dokZde+veNjeVm7VTlHHXO5Wq1uu+Dnnz++ReSPpCVant+I4wYIc4xE6hZuBf9lwMGkWWAJynFY7xDD8heK5sIUmpR74VouBTuI6p9b+I0hQdGvEDs+O0dBjxotVcU2yGqvdPYG7Zp5G8JE4yybcwrSvoYJu1mUqBbzI2Kh/CefOKg1EyvaZ6WpcDp0ALLbAIn4hMMnpo4qTLMuGJu26k+s7Q7LCxzK6zLNwYILw2hQg6ThD4jkKG2quOEXWTjqGgPuYCN0kqpmjbaqCrEoj7Dyck2fop/HUCRf6sYrHODxGIiIbzRUE1lQHCV3wDh/bJJvZIbEMrKnSfnyirXX8FggmU/ZFLTd1ci7uxBYKuNdNc8c8VpXo1E9SZhAu0wAqUgWhQvBa7d6lHuCYoiqyFJ5pbHqGrb47hwlAmFopszhoP1LOihBrRs2spHx1xPvZa8jzlyoQJ0kO2w6htsaOiiXsvyB+WENWp4/Ne+Q1+NKju44Q2uQ98LKOPCiy7OqXin/eLM7ZurLRuldfsjDrvF1a+2b8VX7Oy0X57Jrvfcc3diAytq6bobB97gOvWbv/hlhU7HbCTRsc/Tn/OK7Ga1mOyy8451UT879ZfZMFowtLjk0kv33GP3Ski7Xm7nSy75OxEh1mDrZdvq988774L6zT/+8a9BUKWgsZFhJStj/Rhz8cpX3psYQ3vmuG37Zgud7pSfCtiQV7/6VbJLWkmfddTjH/HQI3feeSeihf1qNg7j5Lrggoua3N/xbo9cLII49ZIzpokenv7sl/389F+TXmHSoGUzxAJpIwm223FRR9bjWFINnbrV061/2E9AZjFeMW6A/uajHCAfcBGX8KHM5ID+61/fMRcMFt2EoiQbHelSrPiAlfDGUKeTWgsIGq8GjRKQvwwlC5108CrtFOPbAsfRGk2JW8+qoYs5NUrA9KuXdctaODMpcMaMweG88icEI//ZkJYxDkqVlczH8sL7GoImU1qGe1n/MCIsWFNiSqYCc+tAk8G0eMsUNqhxDuBsAJ4zAs0L9pgYgQxcqnZmujMan75gi4xAnhOoDHuF01kiy/sEWC7prHNztSrocUa6lMmBkJMU0iX31MYegepPpg3vlvNUCSPOt3hzNd6oJBIKsT9VUmxly5gUDUK8SxoB/WJn/iInxBK0pIHmMy00CzRpNtf9zBNB2qx5jKtoKh2sFk/JfroUUPH+DE1Uyt1apG9DJLSrGFQk9kRrUGAFOMzFMIz+9Odz97nSFfibe/2DgL130smncr/g9DPOusH1rsU7uP51969bbjvz12cT27i04NW1ZfquooOGL7zoEt4vZI1zPDEIw0bWWv0k5dh9C8uN0HNjBaYWd9l5pyZSoBIggMWiRApsKhOJ3eeAUoptDEIuo5FSKLg52JCyCeeLyHnhqhjlfuDdr7vFzW5ENEEzecvGRlV+KBkF0K5x//LPjzjuC18jIwPU32UAq2tEKBmuF1A5WHUtoZIta5BOUHQKU8n1dA2ix2I+ICMw53y6CUZPsKt133QlSV34uIv+VOourP3KUhV2jg+eGYEM83ILjzk16nDVMclgJgVaxrwI7Tum3ARNJ+7ZcY1rH+MFXXsMomRPmUwBUzpPd0yUQONZA0pQh3TRR7cMlb+tbuOthTjBqIkB5XrrNC6OhOfcOPD1FN2Ci+OGgIWpKUwNrw23dGGPGSYhiU1uUk4kNouypVLXDR0h+igTwYScQLnQbMwRdQVU/VUaeqgWhOJ5hWRHr+LhynKxwUZnGMT/sCKADmQktg2FjW3yZgTymwuZNZnEjgKUleZUBU5zYTJh1/aqpLpNwOqbDkMuCviAeEwbd5GRnxRy+9DJazOiuZ+la9JlfjiMcTPHvKjIv6agQ8cp+e1OYOvpD80BtUcHK3/lQtIuQiMqeJaryfdPOuXe9zii09lnP/d1/udXvvadCilQuGH39W98P7++4IKL4lGVkGBHpLG5knkjguJXvz77Rgddt3Jz//2vesqpp9fc0iQ9/DY3u+nBB1YeHPeFr5/2yzMv27p1xx13KHkA2Hvvy//5z+eSBuy5x271m3/+6/nEBqhhQ+7NEGx1Sg+BJeRHPzmtSRSRxoUX85RKscd6/sbYYYctQcFizMeY6Z8b3uCAupdLLrmUWah75lGPN2AEptqed94F++23D39rY2OxCBZhJC5OD3vIva98pb0r4+03v+39f/vbZUQa17nWP777ba9+9BOe3W/zwldDg84i8wtG/U4JXSI8HQDIEQOtpZIubCpASdIRs5EpmynoQI2BMMaBqAEouQh6m+AOyAhk6G1252D1JBUpKxnUKIHY+GMMKFbw8vo7pVq87pjsogxbDoberfCuT+WZm4ERYiYF2sQIW89J1tqOLWrXGKSY4HTyOunLva+LlhRc0BW2BdKXp1dkPTGk1QVsUKKfsJN93zFUWxvVzdnIu8esk0uH2FVcawkEUbQ5qTUwyJk60xp4AHsfWMc6ScMtfU1syZGWlGY3Nk2t7anUdUNHiCaqclLGM7a7khCk5gwaf2Y7CB2tLoj8pjdyCl1qgo+7BMi9JNeQXTKyF6V6LTK+V/ms3zAM4w3s5l4PWjQihGtbUHyb++2s4FXudjICMaf/u1XJwJ/1PrRDYFxOlsvlKi4NK8lhrZAm6g9cqtW1r081AAAQAElEQVRVAKcLFDMnp5A00u8fTGwjVgmuR17Y/rjRtQ20sAYlbtVlAUcnLPHbldQG7ls+fHWAnuyOXKw5b7Mp8unPfa2TFBg3YF88/kT+zseP+dJRT3kE6cLHj/0S//Oiiy+tsOX+9re/3+iW96mEJpalmPw/+unP7/dPd67cvP519z/m01/h7+Qd9ote8K/71s7Y/dVvzj7tl2defHH1LOAYNzvkwM987mtEhC07bqmQCAk73tfWG7OUshOVfjc5TMKNL370YwEp8Lvf/8lDH/MM/k5cUIKAEkQYlbAV4hZbyA2Nb15n/6v96syzi6F29q50/P/GN7xe3cvpv/oNc/noR963/vSs3/7+/R/81Pe+/+Oz/3DObpe73NWvvt+B17/Oc5/xBCJWFM78ze8rpMAY1ztg/5+dVmeI0gOXj/63f61H5E3/+17SgLiC/PSUXxx0wyoJ9bBDb/qSo5/+whe9jowe/XTQHg4DpjgyoaTA4izythRYu6Tpc8/Gq6LlXBk/ogrpcMhRdMV8PRxstkejKTW9Gn9Fhkk21VPD5BaUNE/2mcEwJ50WBk+2mRRohHndfZyYEEMuAdYu1hZxlVwslwEAfd/OxLiLU8wNhxZSC0PTqLyMRzKCqFpiBApIMxbQZ01TCStbms9/2A9CDY6YBbkAWC4X8VpnGEYETZrlvukphtIAgsWSmmrANqqT0LfrHWkDaYryREZ7h+Y/2RfSKqdu9VWHEQjcf0JKpu2guCl8yjvidsTDcBU1DZM6+HdcpiaXHOWXIKcPLzDe9iPUnB+uVith54Zt5nE9HDaB4XMH8LyFVAErY6M3Fth/Ag5eU4avqi63g0Ywf1PcprEeI//rrEKUYQzxsYT2uFYf0bddulISm70PD8dZ27It/O0TTxYa8OPxx3P+uirT4v/8l/P+/vfLdt55pxZfW7duO/vsP/J3fve7cyqkwF122XnHnXbYetk2oYS73umwa/zjvsVvJD855ZffOvGHMkn13R/8tH7zn+55h5e+4n+L38lbUnHKbGzZUjlDmSQ9/ue+cEJ8cdrPz7zaVfetPH3G0x7dRAr8z6OfXr8ZpxjpgHYh6Pa4bfv2ODsqVMUDrvOPLdIe96j777jjFv7BcV844ayzfld2yVCE3jSMf9ELn/agRzw9c1saSz38ofeuu//pz34Zu7rGNa+2w5bqyb+f/9I3nvL0F+fh/u1vl53z57+ee94FQlJgEOfxAk477YzDDr1p5dEzn/74xzzpOZmYXB45/LCb1RmBfz33gq1bt6cvFIrwoEcc9a2vfmSvf9ijcv+hD7zX2Wef8/Z3f3iIZofFQrtQZVfGrZPiGADrl4NA/RWfdeuiqQ25SZESummQ6wcAx3wqD9NyTXNYOU46L9+MABOqvY4Inx7OkbiVZF9hNdXYAnVixnVK5XkAzMlbQma9oK/KJgpqJgXOmOEaI9hCWB/EK1FBvPWcnKhLPIPDgrBOnWsLtYK4oY75CSTo/QHCtl7vRLsv5vjKBcyQDsYUjgDsmw5ISvQjU8mQWEKIG+aoz3ZZS3mDIbnQVAMJFkEsdBV2RdsVI9Au1BiByQEpSRuBqnZx5MT3K0SwVwEtzoobENAPiUhcBdgtHcJ3Ke25lZrMrgC7BQV1sEwC5E/LZXkSqxA2RL+5YceGG+X4sLa8tmwGJAxCag4hDKUTAEp/iHa2Oy8toOC25MJs7ck4XsYpKyldA6KUgZZfw6E3BhrlmWCrC5fwtmOqARNLDRT99qzepFCrIkm37NA4iyPJPc+G2DFg7BBD1RhJqApK/iQVME8iaBVXf7sDGTewxClpFVG/2Tr1a4q4pcIgYFjp+VeTEk+E/vjHv+y335Va3Jz43R/Vb/74lF/c6uY3bvH1y9N/U7lz+q9+c8MDr1O5+YJnPekFL34jdyONyO67Xe6Nr35ehZ517rkX3PJ2DwKJ6P32t3/AwtgVyWTu+sD73fUjH/88Fxp18IZXP7dOi/zLX8/fto2yFT92zBfueufbVp7ut++VHnj/u33kY5+r3t9vH6HlxW9++yTSDR0WFxYe23DuuedXrOXtsftut7n1TUqKQVqH7nHn2z3vmU+sSLj+da/1z0/9DyJWOx9+i5U/5MY3uOENDvjxT6sGC5951ON22WXnuvuTTv5ZLKheWmL829Gvq4fbeMRwPPMlwQ9/cmr9yaG3PPhKe1+BngGdJF62E0Ze/qJn1R1//6QfZye4iZN62/btRz7gicd//gNbNqr7Wc971hP/9Oe/fOZzx4PIkCK2/sxu9dzjFMjmcX0q4AsvMCsSqKLFoBpbDb29TcFurwOmgwFgrIrrQZ1rM57MFb/v2bAoZCc8xfG5xoheWlQc06h1p2rNinl+Vsj6V190+5KqpwkIfZpx9QJsm6r/eK9JDZpSP75mCMhEoV/VgfvMGCNwgk3W9OLsXXTdtBcprShfVxs9upJpOq9u4LRqrT26Z989M2QcHBV4QvfsgxGYA7HpQD9JgWp8NG2BWvq1hYdqiwm2CrDFgaqmqGARLDeWEARZcbeij4Qysrkv6Q5SdmMKAvT0b5K8fZB8FkHySbBcBstl/L3YiD8bS/pZ0u8lvWaIL3J2oAKQR5R+0U/EvqMw/oTRKv6s4k+YfVJsbrIPxfbt8Se+xpLZTiiia4SWtEVpNmSDEE3VbNUCi241yQStQgYQ4F46NFy7Vt5DZBFOtqt7f0FmLMkN3AWQedGmhrib2rLcWIxvqb9//mvvSeQwQJ3WwoI6jSI8m93aSXngr6B8p4LvfP/HpBWfOPbL9ZvHffGEdl/Hf+M7lUCFcu5/nztfpXa0a4x3/s/L6pthH/nk54k0zjr7D/WbL/33pz38Ifdi10z8s4563J2OuHXd5Xe+92OWeCd8+4eXXXZZ3cHLjj7qOc8sWae7610O+/Jn3lVXO+4j3/KODxNZOOklvvL179Rvvv6Vz4unAVzANNw9dt/tpUcfVXf8uv96V+tMvUPnj33gjQ+6/z34O69+2XP++fEPrru87LKtZZOE5ZBK9M00xAeXJeegb/5E4Xe++6Ptm6uqHIAvf+Y9N7j+taNkzhK722GHLR96z+svf/k963I++akvYTbzIQ34wx//8pgnPkfo4PWvev4hBx8I1GJ/CQF3FSRYQPFJZnWQf/iZH1GASUFKs9VEhPV1jN6QFJ54WouK6gyrvL3Qp0fCIH0P0b1IYHdKGO8dGKgmCjiuy6t4baqvRW/pYMz1EaR0vBy3CjfjtTgQOUUpGWMDlP6sJzC1Idd0zomxeC+RzoNVBz8VjJanbhmo+WzGDFtoLWeTJQWqYV5TXiu4bXqh9hkaE2MXJcA02sOij1KAZAQG5TohlUw5IYKsNeJUCJJlySlU3NSEXGBrKNLzriFozIURJdtkp81Ho1iz8MA22Y44SAGLAiUyKG2hiQVRaorZgr6oeCUh3nahAuzQ1lmNq1D0KOjmTY5F8VfwSXaB9KKEgqvST8bV4X/EKtPGPDmJAHNKrFwXhs0fktKKU55thS2YfaJOlDpTOwVQwr80m6naAipvEZlHqUOIQEMpt5lz1tGrDWpsxKvYc7SSSkQ08TETWCojmUCL+qoBuj62AoHqpyEUe+NCkP70AFD6gPhDeG3BKAT1zxgACV8fsqQCBx+XuveRSYk5W9pD6uargTJGhcpC3OsS6/KxkNYsE7GqVDvUGjWbcayKNAIvpW0r7VOf/WqLlM3N8IcnCwytHXtcm68Yn/z0V8pqwEk/PPXE71WNDsbj0i8d+45HPeyfFtns+6ADD/jCp99+0A2rVuLiavA/b/8wSVuLbjzlaS+qD2ji1ubo5z3lu1//yPvf8ar3vu3l3z/hI0947P2F3t/zf8fk169/0/uEbh7/qPv95Huf+vgH/uv973zVd77+kTe95vkbG4u6szjWv/vdOUQZpiWAx8te9b8XX3xp5eaee+z+g29+nDezd+S97/DVz7931113qbj8/R/+dMaZZ0so1fg4zuiX/cfTf/SdT3/yQ28+7pi3n/rDz93nyDsJXf7nq9/KLr4tMq/4P68/uhLifzz/qQdc+xpCUZgQQS7buvW1b3hH/emOO+7wiQ/+99e/+IF3/O/LP/Gh//7hiZ++ySEH1p1t3brtG9/6vsxs4cTvnvyK17ytfj+O+wfe/fqrXOXKpD6BYtOn8tS0/Q1r9UFXnil0khrUPkLmYTq9ZcxE2pUGGk2cwfjQTiNoiGyurDqUsKy5eujWwjXuxkYFul5BshdH+8HgSeR5HtlUjy1NpTXaSDAqPhlgAyUuyGxtrYNHzvdGowWdKCXvJRMYXaOjgnyEkLx/nazsgpQHNfFrifFGbr3L9LBY6yKvDjtbZMaYjw/uxtwmrB2m1xjlPJQpYYDoDtJYTClbpxDXeDVwuaRd8+Zq02sCpJWtPyDLxTKeO69WKw9P/JaCejL4Tmx10Y5pxlhdFd29E3XI7S6nW6MNyz9Q+mMJVqRByy95YEqO0y7w/Bm4kP5mP7Jd1+we/7T6NxcAyR4nrlZ0EVpKf1KerwEXMSxcNaQPZQRuBIS+OrwiWJDwbDQAtspMkb763qWB2DT7BRshmKeJlgTo+C32FASso+86TNle4wCNP7xCzp2l32s2A/crOl5pI1drJFWGdGsU5xWcIWA4OXA8QIbO8WjKmGckDbfoVqatZthMKGwJX/wM0pODOyUQfscfyzHycDKUq2eoWzG8Fwj6/kmnrFbhcrkQev31b8Q227Zetv3ccy8QmlUj1NjbZX/+y3n1+095+ku+942PVo5YjYN+/rOfGH+2bt22WCyFvLoYXzvh+9u3bZffITvjzLM/eexX7nvvO9YfXX6vPeJPi9/3f+jYn512Rv7zXe//5CMecm/hIcu77LLzjQ46oEXUtu2bRz3rFWQwpJketyRPfdZL3/PWqia77rrLB971mvjptm3bd9hhS9OLkW98y/tqInWw226XO+iGbcn1l7+e/8GPHJtfb26GlfJwi5vd6Dtf/cinjzv+wosuvuY/Xu0OR9xy9912JV14+3s++vCHHLnfvtUcjFuO+Gb9Po8nPvWFEcouCr393R++0Q2vc9c7H165H5f54z759tvc8cEXXngRf78xIbHjtyKSaSjAIggEliw5NiKbJ+dzyYCaoweIMJ49EnaAMu+6tYWy1KCCNUkj1YDNjNUWLyypTPtVdznrHeJmkA0k8gHCVKBcXjo8eJ50Sbl2Ua2xn8msQjAJubvcbq8hmPE8ki3ErmdUm1YrpccQquK9AqzdIpwK1rVMD4s5ST3FbCmwEV68LTXDa4Do4ysm0wgjGch03kCMwHHOOPRqDRL940f10XvGZhtRa88ITEURszTus/ktwgIDxRnjgXQE5AJtCaWbgpLpzwyaEUWxtgAOBHYjXehvijbY1cqKNJGQlGDBWQLK7fPlZg+oHb5F+uGOZuLPbIr3IBfZR844aNYMIm+AjxlWw8xQXtrftOs2JgAAEABJREFU5yfpJhbwwtQUXkgP1A3zvyEFe9FTD9j0waZP+pAkakXx3+Rj3LRbLDO99nCY5iUI1OB+QK9K8SF3uwB7GjKzIL0wAtvMzimLEnzMdKtLG4A4D80fp8LtBiQfltMaBuofCZ8SKscdUdzDxF2TjTZ2XT9J7ApafZ/heoIOVTGxdMU2MMvuB1DGauiaQUBCrxU/bi5I2CgTuSvrLb2jpNNWgzQp8/s//qnJ89e+8f2mR98/6adNj0459Qzh/UsvvexVr31Hk68dd9yhiRH4u9+f85SjXkwU8YIXvVF48m87fvPbP7zoP99cuXnkg/9169ZtRBHx8OGRT3juBRdcSJxBomClD7/57ZOSM5EFiOdBO+20Y9Ns6BOf/uInP/UlkUj7ePbzX5lfxxXyeycJFN5778s/4TEPfPbTH3/fI+8kwwhkeOK/vEBjNPfhj332m9/+gZKXpzz9RWeKjj/eeeedPn/MO5fLJT81a5yzVed2FlAy4h7ln6gw6s6ekyizKI/IrXamtzJhRAsBKR2RXDsuOfmQANIPtKC3dlX30MKhGvw89EH9F2IGTAQ10OEWo8NCnzoPmURJS7DWfDEBYDQl0gqS6Iq5vWuU72l/NaWstWhBbjQFQTPGjuPnsirZLtEjJnPLYr1ath5gOKrXDq8J60oKNB3qTWvgMkMWgy8yamNupx3Ag+LgPSdQbeOhHWVySE8YLGN9ht2pfUqRy1ZCRwTdZMjYcWhZbgdAyomDwPMTTolTNG9aEnMZVVdyyBb2seldQ2uwtWEsuAfco5wSGPBn9i6483qXCRFwuVgyxH834s/GcstGhvhqS+ySKCqD5VNy8zNwKecvzD8JVvGHgf4NN9PPin1WYaRcFHV7rtSQjq2ibz7a4HphAANhOppkG1w1TVrVlFNDLyZa3gXDGQM1MP+2NlJKtSyd6Em0YFElaP7UXK3HjMVufnLwPnG6Km37ybNyJaUJ8SZ33O0EpmNUS1nlKfIGoedoygbnzZnFmcFh/o5XMKssYki3LyC8VAXULpxAK40ctN683G+eeHKTi48e84WmR8c0nzv85a9+t+nRez/46exkYVmcd96Fd7vvk0J1E/6bm5sPe+xzt23flPdy2WVbH/Dwp9fvX3jhxfe8/z//7W9/J9KIR/hPPurFJ510CrEP1UKQZvTj/uUFv/7N75V8fv1bP3j2818tFimHCy+6WNLl/3342G+Wjwx+/FNeoJTmLfj56b9+6Sv+R2n6/8szznrhi95Q/JaO8n0eJC4qV7ziXp/+2FvL93ptyZNZKnspbZV9imlrMotl77OldEGM8pkuWxZLeFMk0uMsQkI/Ld7Jo5/szb3kRb5sDh//geTDnXGccAT55HLZ4Va0hp6zyRJMdYaGmdEaj0qBfa1xDMugr66GGitRfcL+oMeGQKkUQwsu9F0Ttv4CI22+1AFGy0wjQ9oUT6apmk4xrsFetCfACJyhCV8YgWS2FJjD1crPDM+QvXlHJoUpRZd/3dMlvGkmBrGK2DPiHb6NJbUuhf3SxgbKZMxNTBEP4WgtUCeufXbXQMob1mYhCzlyTgcg0P5MK1QFf5gZzZOTaTER7IpS1a2hM9KcZkNWDvOX9hNmXk7O4wzz0YX/EjbSz0b2WW7QI4ra4wVcRNgfJJldPrpbwW1kYLq1ESI1xreKwlW42lxtUqxW2dVm9jd21hVNQxRCdHZRqqJ0VSDWemgbMxQ7m/ganmMPzFZkUvKx8gg0Y9dH46+rmxQwpUkS2+gjZexjgPy0lbfQ9bGFtE3BtkDtAtQ/rZ5tKigKnf1DYqC/9TSckQOcfRxlGxhHwa4yrkNsElX6CfkdlvCgKpOXll+Mne0s8tGaIZ/6jJjed9llW3/3u3OafJ3wrZOiBqLepz7TRvt7zgtf+7JXvW1zMyRdiAcl3/neT+5y5BO2XiZlpa8ey5+c8os73OMx5/zpr51+47A+94VvHHLo/c+/4CKhg7N+84db3/Ghp/78V0QC55534ZEPePKXj/828QlxMt7xHo/+3Be/ITPaizPoAx/5zGOf9LxGF3Ll8OiXvOnE7/2o3U2sz/++/cNHv+SNFfHbt21/yGOeGZfDdu+XXXbZJyq2DEV49/994nFPfr6Mxcc47q987dvudd8nVuMoF+VLLvnbfR7yFHagYQUHXPsa73rrK3WEWoZUE83M3JOSU31tE8O3GSsxIyeyl+jSSTtjJSbWy/IJfUpNTE3bc7ZdUec0noCeobwQfQKOgwjc0kZyly5x6PVqYCd/jUI3UACsRMBpCQfL8ssvoE4BbC2PqKHRve/jJ3Cct17FH7jvHL7u6piBrUasI01OnF/QOtucKV4zZjRhPVvAtcHakAItrojNmAJkWiVYn3I11kNmNWGf9+lrWSjOmhge4C6ZguRIsPhrEoXYz0g6ejtYx4bcoJXQNHBIWTG91lmQcuIyReVy2WDpFZoeqwnTfChwnH8SI2DpKkJ+AE/FipeCcCapdL5PspaekAIziiB72Z8eDhSkZ/guA/ZJyILsJN/ECkC7+gmwsNKa23zMrPUln3RjITXal5nqo3+iTWqoL1ytsluJ7b74E0VhS/ykUqEt2cyLskEvxvvLjh804CMCUS8kjQppxsm0W4/LJyOqQk2iSgimashIELio3rI0zilsSJr0BZwami1KTY5hvGREdTsx7B/BaoxEAutNuK2g2nToGd0hKpv960G3tO0lQ6TYjKEAxLp9QeC+R4dSvUMrdRBJvd9u2Assjfax4X7+wG272Qz1FkqpNYP8S4yfnvJLIUWvnQAXRdHZvxecO3zxJZdeeNElpBXv+b9jDj70Ph8/5kuxY6GDeHj+ne/95HZ3e9QjHv8cSVNzdGaXshtKiXLOOX+5zR0f9rz/eP2f/3JeU1hnnvW7u9/nSU991n9u3769JYhLL/n7vR/wlIc/7tmx+yZC5F/+ev5LXv6WWxz2gF+cfhaRg9LKw1/OvSD5W837eDYjKeFfn/HSw+/6yO9878dbt4kju23b9g997LiDbnGvfy+z9ASQKIHxROvhj3nWM5/78jhl6k/juJ/281/d8Z6PfvUb3i70/rOf/fKGN7/nBz5yrDDBt2+uPveFrx98q/v86U9/aVCuhK+d8N0Db3r3937gmEsu+ZswuG3bN0/49kk3PfTIt7/7I5LNgDD7zjjjN0975kuE7g+/zc3uebcjSFXVQdAeLqb2Akk+45Dx1QY6T8ew9onyT3GsMaGf2knLBfResovXJhaLgEfyTmP2ZiO7wZ1lzNY0Umtb6YuQ2muQoPXhfKu0+tZgJ6ReVTYBDKPqsOmjVZxFCvu/OQKkg05lBlS8L/NUE0yoZls1MrC4YtdQd32QFOGmnHVsf3I4aGXtmDdsR9NtzhgrPKwecKdHvYK+BkTfEQrjPT4SsYt4QhKSkE1L6MtEJHGRTFKo4+T1IXqHMMd0KzD+EzvL7Z5Tl5DsGrKbJJ9LJBMdTO7H3Qjmk470ZqZaNhPhfpZTsDQbBCJI38YEp+fLbCxjteMlCTI9bGxsxNtzq3gtKlyNuc3WAdubjAtPvGHdFfc16RBUojx6xCO15XIZR3m1ubJmmN3jgrBIFk2ibPloUDhMJspgiVvsMNrcpOfROIqqJ/lMX6hdLuNIrlYrX7i8zua28bR5Sc1HkZCe6Sm5tt5nRkH1yixwSsUKAnZYjPsqCwqPFeKlkQR0eZcku1mi6muQpqBwV0dSm6h0GQSKi2zBIHPA3nYnyVkhuafqJiqQZJS9IipqQvkrD5/7mapQl8BuYZIdgm0VtcRrc71IlveZOUFiIEfarXnLYCyhLIA15nEix+2bSmMOHb+1FbJYM1QQp8NyY0tcHDbjTi2slTrZEAw1AU0XFnODFwKwsRGXjbij3zTo5ysV3liOBYChE0ZjZtZMiCMFzAVaDkS6DqQTOpJM6FTLjb7SVhtd6xlUYIMaxF3EE8BkWQr9GEI7jK8G4vnUxpaNhKrP0kgmidZ38aBaRIpfjKoQSQ1grCokvpZwLulIzERHkVtschGPbuO1xPg6LkeYLAWzR4VNaaHEMlkQS89xj113vujiJlqbPIMLzeZWKp6b3S6SYzlTC1yaCrmtdHtfca+b3+TAfffdO0gOYTjl1DN+esovL7r4Uv2g2XsOIr+X23XnOx5x66vud6Wddtwxbg5POeWM7/7gx+dfcJFGysTpesRht9h//6te+UpXjNv6c/7817N/f85XvnoiZZv13Uqhwt0yDrj2Px544HXiKMRTv79duvWUn5/+s1PP2L5tu3KfJef2alfb97BDb3L1q+23y847/fFPfznzzN99+avf2rZtu6T4a+1/tUNufIPrX3f/uFT/4Y9/OuXU00/41klEFlUVr7LfPrc99Kb77XOluIJs277tBz885aSTT7kss0kZJCOcxLJd1Bg9h1yOPtEeYmIlj/L5sK25VhSqg+YeQR4AQltS4q6I0GJASYTJEIXOAgyadGR2B7NhGFYV4OqbqMOq9Z2lh7I6EGmk742iyI485l+qcF22TeUDHW4t4j90b9lcW2UB/dd9iiB5L7dYHlSDjWqpGIqec8YFXNDXlCE5M7lxON3CGtx9993OO48ZHm6aT0GNykva3Kut6QtdY/lhEXv2IvYqeUta8Hh9kM4FaJedEEjIOkFcmOnL9mwFRsqDgmzvAHSVciMg8crtZqg2C3YcP9fJRw0bB+w0JGIBPY7WzBBX5C3LLSHlR22q2muRiMwYSn1yMmFc8uluhTj3O3dV+I3jSkdUvFqSDCXTU+Yx30Fk4+T0FC/2VkyQTAUYyTxgP5M7QeI4/l7E1wgLejP+GSySRwt2zZ5S4htzkLik18kQO7kTXy+SF24WoyYFVjOh+0aGuKovlzMpcLKkwIAaxBcw5PxauLeF1iivG+IsTEmBKy1S4NiKADtwgR30QPpD38m0XATLjY24AG9uUuqMxah6mOFx6V0ulnHfp8gjcaIKcQw6DFnGYxegBIA2UmDPGQWtV/rY2NgSz55D2vkmC53EBfzhAibeIB310tffI6xF2pzvJIwQ1J6QxkWgbNguOra7ZTkJODJgSvaD/Iqu6Adp1OmyfpMG9Hlc9ikxSAq2KgJ03tARUgbtnhaAyVTCRI6cq0EZgQ1eg2S1LL5QaczNm93u5VAFCfoohCSkwI14+knf1qBTxcrzbgmGCqi5AClXKhCyyuI0YYTRlVzRMM9WC54VROmGI0EKtBiFVoF2wrGpbQMp0J6iapKsZ4Qp/CMFepdEy3jZd8sG5QQmG3TSC79TWy5K6loQhGVSF+oTgVSB3U+leXKybrDC05AhBa6SYyajkrNSqeKk1UmBXNL6QQoUy1R1S0mBEEScza8BNBk2UGwso2xWmC77O8IAL8rqNQ3pc0jeIsPIoM+y2RqYeTAQEDCGQXLcbZtfJ9nrS5lJ0E4KbPdrOyYouHIKjhRo2kTEqRjPKer3K5x0vgpeXK0AABAASURBVOMoNVzVVqy435kW6iPq3GO2bdy6+2mBsWUHNkiByUkCkRVSINFTqu/qT0mBiVkH3ZD7qZbKg58KOFJgELUu9a8NKTA5i2W5iug0S/B4fUCjRNvqJSUFinhyY0YDKTCOLHvTW8qDgmzvEEd2S7xyS2Az3IxbZtOGwCL6IQUSehASsYD+Vg0MoU8KlHI6hlKfvK5PSYGb60IKTN10kwKXZHrwboF2Rs/IV2DWcYAmApLapHKN0bQK2Y1RNg0pe3q9URxYYRXeZjg7rIMMi74s36cvxHrUQEHrlSGKtngKjECSGsxYUEuQpeG1OfEJ6os+bEUJeGpeNtQGfkmnZFWvsN1H9yHiaQAtkF3qsW3P4pogxP84jgYkS2BAsm33ptxO5gYuDlZWkmOVCMI9RlJKFTU5XW4dp4k9AYjtvZczOqPVbDWRkNcU7Har4MKJ934YgQyoNVz1hRHoCm6Ge+rwjxFoJQjQfKbvdFCMRc/+oHtM27ApOUB7kC/TljouEM64WeL0qaTdJSwsS5URDsUQuuwYGgMAH9p1LahonrilVEBgkYbxr9FoZVxSc5hfFD90miz9F7a84CuFC9xFP82Inp79hZjtm7GS05CPTrLXs5TpaDra/FpOHuC3TkgP6ZNslSbrNuaMVCQdRse7WyIhJ1ACkL66L/aH5S/uWZq1dF0p+5kvOo23F21FsTa3jrETQ2w+c02Rn6Zimr8SK7TOIB12/jL8GqOYNazbWcldRXRC1ZaseykWwV6Mp9GZoQUXM5xApbccHSmQj5lsCQPRnek1cTNScAS5qZQCJD5RbpyDERG6sDaZzxVoq/AtgTqIFe0YV24PzwjsM8GwvYHqTZMGBqDd8DMOb88E1164gOVAsl/Ja/+LxJQIAiC3j1jyVVlRiMqmR4SBYPVGcR+SXoB7Vv6Z/sJ0gSr5WUhUi3Wx0osVRRMxqaEQLzpgkLxnHkZiB4S+6oTm9dptA2CLOtYImbbcLIrQeaNPQMPNbNMDGx05pd+1PLPf3MsKyXoCqHUIUPnrVA0LcqwXOWxq3U1gvab0UNNECxhFdyKxEC+l46BNRgHrasC8FrkusN/EdDsRcAKT23J9CZHq/U3Kp3yaqIQCpT9VEYUkekpMMZzv3kUr/xXyLDQhnARYR1NqixlL7NW+5NhKu7RA6A7dCbTCrZSlogwlVcspWxLS/0MwMkv1QXbfgvFhTLosboYr7UGWpacm2ChEtlrAUgJIPk8XCrOklkh0/4xSFNzyh1IsKNRuFdN9e0EA3tQvMYaCiHQ1SuS1mRFI0rjXF0azPMiSv72YBlXKWXMXhvVb/J/itrMsB5IfvmGrXCkX0r5rvfToSUqUy6zxownqBJbGGiDtuA+MJAn1sV60wBbQOSEYZedoykJy1Cez6u1RM9CPGuNp9maMC94Wq/W3FDiVPmrGjBkMOcODYb2bADkC5BrACZPKT6BwicY1BnvxyTcbCg07YnaAhuRWLejGSI0RyC0IAHcGBAT0NWn6snRASYEkK2klN7xf9idcba5WUasu6YpOaVEV0yfA3az4hXahpsURinW+rCob1GY3FCVNqQpMrji3F8slPU5iFaIq1RKMHhtKt+ubmrloNRJpRxWrGWpHgmCbHhW8mysg63zQ4sSfplhrA71Dj3q5YlCMDC3aY9JtWkmncaeREFYGWWu7x1EZEal3ahOC2caAHGmXIyy4SlvpaHS6Kog4mBwWBtyoXiGt1uhF1a60ZVSvykKNzR5ukJQUluyud4D4P9D0RoRtVCphT+1XJX26A02rEWbzVzlfzbIkZRiHpYyOEOnrgGGYcoQE4+Pe2IEDp0y6TCJVXMWNr2KTLB1OIdRp5c0aC5oGFkMx1lnRxik9LBWlswLTIKLUZB6WaYQodN6oaQALykpvYkTm4iHbNKmzEDM3Us2IcTaBgzKlJrDH/pQfOOmLQPEPy5CW3eoQ3ORwL1CkECam8yA3fDnCCMsDiL3ViFEAhK8qyMZ/ROkUq5qcf23WStnFdIrZjLWFp4XYf1Kgk80unEAnPaMGjzq1Ga7ArD+hmA6yTqDnwC8W1AZVZNKQjSaBUOJA3bXJ7Q7beS4wRNrR81UDYG+FkyEVAlIJz3LgnDibIw9o+13h2eX/K5szQBqZMsmzKDF0J6Nz0ehC9pJ/ep8u8mNxiC6yI2GQFGTAfAk8lxbxRaI1onVFSPNUvTyLz9Zf7QBEihgL0YQbNmHnA95NaStOWh+3jEAzqC0JkiBYxP00LekR8lugyrKcwBohDxqfVGG7RwPNZ6qunKEwh4eGmnjVbhiHiPks3UyUaWwcpYZ8jak4Ygz7xG3HaHiQgj14myYJycQmaw3I0kE5nn2ZLnIdhtwoptjHrMPVSD4TDqKbjb+0QmmV3xJAShRA/t2e9Ct9CyZnCfAjbjFtJf8F5U1yg9i2RNZFuRLnIDfzQoEPm7zAatDEb0DajMAAqg5qeq2SVVUGjvMjlU3B6+9I0aTJwACzkQ6pq9BzEuVNWb8hpoQS+Q66Rz2B5wUSF+FSLl2YvaVpOc+NdeY43u0ikPsvfCgWz51r0d4gtCdMctxG1B1w1h5i7Q5pUV+sDskWOuh0BVpUqwSZTWuAUhmDLONrivWBXluYfNhENAF98QKl0aBEnKVhshbmTEtUGUtLPtUEVC69yBhnaNpIGCm6FleyHF3vTE2RdcFK8V2TZDG2lYKaz8YFie1BMiNBNqrpq7FUDMpPUmAPs865iK43WmYiXXOs9cPaR7ma24iqaykjxGKxWG5srDY3V9Gqy+3oE4KOSvs3sDYc+js+eNCdz7gMB8tFXIajMCI+wH1iYLplZj9/ywydwg5f/j+9BdBirq8+tQ/DEDcjpUPQKkY9o5CenxVFYWJWpEN97pedBhwMn8uGIZCDykN/W+XPCjkGlB+UgXlh1wxH6rEEDCSYeAVYLBfxsvhqc4V26KeQf+l7d+S36znrvMHoTFgtXyC40oU9CSVJWLsjJ8RcDfWH/YBNWaT6yNGPbSkkR2Gxs2WwiDfaVnGn3LZAuxaJwgF0elHGL8J1Sws7AC6VdMaiPc8bpmObUD5hh0uTKpGpZAQPK90ZV8CEbVZrLMrONcvqcMgmVqXJDFafV2Anig5Fq4SLrQ4pOy+fcmLVuUttB7AdKJEyjClZ5Xh0+ZIPGSXdSbm2gS7NGms8NPpyuH3Uf/sD4oa001fZpaskqeae5fShFCIM8yUqN0lvIDifzLnZXoE0+7s6yFYFMMLQQDts+UXa1aKU3kW22liTkgwFssUATO9ni0WQ2seE/EGaTwbJ3Nxg2PKgiaz7M5fiqh42hNLttuYweb18Td+2QmE2AqmQA8c1gFVBvn8wDaRrC+ubnyZYH0agWd8+9nSQa/BVNgdneI71OT4Y6r/ncjhDjMmVjAEMjw2IZPOZTAVTGYWzJeP1ji19RXIRL6TQyXMfvEAfpnCYfSj60adhGcZO4CC4Shb32M8gmThTez8ZxQdyt+k2CamrSQl1USgQ3IzUJl/6n93BzERCHhIIVCSl+9TIn2ZJ5IV02vnsejXPGuyWseYXyfJS3Z16tlQCpdsyQox4WDKHzoDyA01lhgFA1xawvKj8a0Dohp/4w9SskL4Eybuyj3tGSZu4ow8Sk6qRH3x4x5DNiYCOgBYJmzjSFmJRH1WxLktctkuY2s+Bpo0I41B8gIkaUPbuVyvgD9Te/B8A3HjUsm0vW7JMipaeDqokEdkxaF2+hNjsWmTRq3HgA3XuF0orJGQYqKIljvYrw9z6NKNKfxtul3UIvhfJpuLcTeAetfgyC9Oa60rZtqwZG+q0bcvaC18WVR5cDyFqHcrYr57glo+Ukc4dxcWCzmDUEzVzW6XlNuW3nG8nnMbkgITud7tKOYvpQiSt85EFS4HFQmtNRk0ucqpgEYviucOqZL3aeD2ubyn2CkA/xlaNKR3SlZ3NyKlhxBlDALwoeH0jOR56Om/nzZgxZmRvXKjCK1IgaPfxDZv8M6YDheyfVK+Wsj/WIM7SORzP7SZmHmIakZ3CeBQIpQoEEG26IQt49iIXch/rAOElf1MlMbhlDBVlOaN8JLPNlxrrC1IeXsbGK5nugyJU+p87AwS6teSUxMql7PK6OUqMQJCpu8b8sJ4KNwiumtDjmedd5V1ViJkEbHoRQSoEa2o49dHlL6m5hL0Cr7uvYzAlMgOYVUeBI8VFXJC6JX4wRPmpe2+RAUCt5JJgFa4aOhQrzQJoPLEckKIcCILlchGvpG+G0egm9io9g60AfRwUT8hewPgx6FmaCrBaqKBrPFy4I962QdIzGG4W4AgShYh/3NYzErWALcesB75gVxAOVQAXQo1ChOqvSidaOcTSFSojDfcVJg81Dy+7Bw0PWn1phCklQy0sNdndYTFKoHwVr7k0Syq1sFwiMZymTSLHym8Gy9o74wWCUfTlAzFjtBL79gIVFij5tR8dNZwUiliRUH0ROz83GW0MS4N4QlkMHKHSrid0rfxcE2DX6dQ9ZSRyi6e5HHtFsTphtMpNddZCmevK+jhnVRqLlMU+Ru/ilI4SsOX+yZCpoOeecUY/yDakRrJYYBHum48Z00G2g+xvqRq3pUAQXM2YIYUp9GxxtVgsl/GkKIzCiRgkYZiKVcSe1i6dQ6b9xvxr7YHEzcjbv27SGSUQqhwpbmUofRsfCpeQuyr/KI0x6GU8yQ9XK5SncSSrTMjz8uJlAkys72XHbLWomiM5dsE+88VBkRAL1CdF2XFtjbOi5Do5xx6ckX4s04bMxAkLPzGV0Jt3O4zAmpS02Dsv/Pb8phIcdRXS7YAJI9AcPXeU8xIqQ5HsaGFgYJqJ0HnDDlwXtp4LM4ERUAL917AHAJcOPieIo+YxHWp39EjZrMABoUovzVF4aSMUBVJfWSw75BB0SUFQ9tJ9ZGKL/zqG7lzTyabHm2nQeyKxEFmigIzT6qVr9J0kjWSOVkX61FKnauvqZzInbaA3OUmqhrDsgS4UhaFxiGJf9pOkxAsUhGggtwdY0FlXRHOhTU8TV9vRMIiJ9UKhQyBLrVjYUCShZTWUH84QYRZUKUhsvicPaqowCFoyMB1cBsEifXe08i4tKiZFY1cyAJrXPoHojodQuz3AxlVKqw0M1NvZaQAmFNcJxTTHwI1Jjr6VcJLVXqSkFaAFFxOB/4xA4gcpUDOBGpfpZqw/5oyXA8AimZNE0UgogYY7+/l+1Bp2Q9WkYaaY0Cf+o8tqKXEA6Yw6Bt6g7eqlk3kkMHBeGiSlUCgKGfGPkw4c8y9Xj7fWx28BVs/UTV9jlZv0V1aa8lcGc/CO2iMg/bsTTstDIyNQ/K6kgS69Fmso/ZEEW95zdo59BxvNTJwd38jOjpES3XszpRggaDkRLSu3CDBJBH2/kH81PJMS0O4iMY8qI6F7i1jxQRfMa46hhIwbbqCB5D1jWBHa0c9z97vZOvYg168qhOm8QUMHsxwbo8XeW/Iw70WsAAAQAElEQVQO+LKU7RmAu5h0+nSV+WTukAxghY9HMyftiCa3VI3tzoSyQTTSzYsWzwxIrzvWLdq1VaQMWsqiFp3a4wLSOkCH8K7nunAltytEyApeG/MNqr5K9ptcQdguOKzt6aJDNhoHbt2grELNl/iJQrCmMuTFKwdiNK1pTipiN6YO+1B2hiqzdoamITYuXVnTvirRVsr0Oarkeyt1f4lXMK2NXN1P1VHvQzQT3n6h0NDBFoe+7fziXuIXd/5BkqR19nvC9kvWgYFbWkbW5eXUwIQhqcaShDovsLSQLSsHW2/JVRNRsc26Nxi0jBkBW5skKNH6p2EpkBk6oDOladiSY8zlERfhcaLn1AYCc/62YE4cP4H6Q+bxWQqU3j6aMaMB02vIxhFj4xq9XCyCIAgppmEWcTolOZ0jr3+EjWePILz0AMW6RM7Ro4TleMK8CAjPySO8sRmeQ5Beh6tVcupiO0rDIiwIepiusaTTOREbIL0n2BYwIeEugkWwXEbhir78LSUEFH8rCzSGrEBpRiBI3eqGvZgaECXSl3zFmzua2kjea/bvTI0aWpsyczUMJCh6BaXbFaCw24LOG10wSUA5v1KupBwFCwo6LIuiWmIMWhIGDTktGfPCShnIfRvCYkFXyWunBbK+PewqlEFhUYHB4+IfxpQk7nSVZeu3PDLYA9PzJp8aWvI7Nroa9nh1APptvKJXGQUdd8JgEt1O2WMcQjBmQDbTV4sDFJP3wlc/HI8emIjFGQYp9JopXVaSztKEkzSBfCkIVZMiFdDmy3JO6mmoFEKlp7GZJvazE+qkVl2SGiiwqu1BjvPU5BUNo50ve0JKDdOQkxEaPOgclBKDNzzsW8emrFK84oGkuhuFdaGM9cuvLxtFvcoLTGyDBIUCKNAISWmhnBR8mMJaIXQwBTt1Sft9l5mL2kNSA+FQb1HZb0itHmRJ62GhtoG4mG+uNklae8lUzmqbEJJyPDG7LGaVda4CM8aH/kmB2ZBAfcwNlau5xk0IFgZ5tOQF2Usb0yo86NcgzdmIneZuPPOhjMDRZbBWolgaormbQpkjqbZ0Njutaqu5YSRPG+NfHYSKB+ikwSBb7NDfDcvXBdJszfaistclUyeJfQ7I/HQvPpByNLgAqwpk91oeyQUlDUjstmLYMrGSyD6tkIl9yDGG6EpUutrV7AlMg9F23ijDVE68BAdpxAuh1qArDJyUhFIAObDt3fZ+eWBgxYm6DyTMSGZtbcE8H5T9g/Cy9Z6UMDnE4+64PkQQ8RJAR7xJwhn4rW7TmgrKoNqFQssvSzAUWul5tVDbrzSTB9oPrXiwKrDDMaj3sLbRZ1hNGnADW+tThuHjZwfQ+EOE9Zx5Wal6qPvaSOpNZRKvx/9QF94yRkDCN/KY/mSnHIJAFOnUEGsXINaq7rXpNzb+aFelBWjkm3emWpdahGOHE1NigWWJisHJJDm3LZAOplw2VZXBiO0t0qQipV9YInWUftRhk/VWG6LK+dHayukIAbKzHNzkqV517BbqYMzRZmxKL0RwW1NIvRV3ktyOodqjCfxpikgPkzWzbgCFAurp7iK/uktdOrbowUCTZsaoVRyZQ23ilbJkh8PcIgCPavQK0aLRUY0RKPIoEUqjqyxf6R5ssMjKVlTnQEKlkyX8MCcRwMq06rnKzgENvECoThDAL72tABNTgcWZT2sXQR5xPTXZ/xol0pmZzExnnZJFu65OoGxIRXFKdaQZtV7OZUgydbQZ47AUWJv+z5ihDiDLxTIeUoarVYTTsCQ3LOYK6xJstrn2ZsnjCrtcxv0Ubq5W6/+aCipOdWX3o4Bzy66BE8B/FZeCZff8dO4o2lxtxpNAogDuMNXs6NwwhABJakGK28kl9UtekKgccCsJ3rY7yH264XFsQNLJYhEslhtRuAobLTtajKWuDOj4rQFqGm0ZxPHGKDJrtHQIZNB5w1xk622KUkl3poCWK1eh14BFu2SomYn3zgZVzq9R6PRbQOuHTo8mgdr1ZLMMJ8khIdLPrsypVmgjNM/aAbUwpPkpcqO/PsuQg7AGbDjXF8nuGnCNM3Z6MMKIJ255QmGjA0PulULaQmX3dnAAV47yiLA921K0mjbQumOilbwgIUGL5qGsCqtp6ay693xrH59rSrTNompMF6H2LRSyjHhQcu4yzUFEbzMNDyRuKpFuVX3pydCk2HQEDcXLq5jektKmJqjZl41Eag7Ohjh2umibKL3Eb/TlMElQpx1NmCYwShKGQbVgR99mbHvduOfLqlYaJwvoThFIhxB9wXJ91dPAXQGHZMEeSRTKuUflB9IIgmAB8aIw7ThDynOGuvCsE+c67mxTJPZGTxZiw8uAN76XSdDv7Y3JFKkmVV4gFH+x9IB4URutYwpnJccRXK2yHQ1Yz3ysQ66FWsu0mEwe8wDzeE8v0dowjtTohxQIGkNj6Phtjrm8egtH8wHI32OYVt4PEtse53Q1+Jm9DpowrM5A1hGQWq0eZaWFMhGAEDF7reDoLYKA/lqQAIOKm/wqeU8pUp16pcbaEtt7mFl4YCLYehGw+/RPaVkG+Fl3condb0kJZvv1LKTEVoxSa4HY7V4cQB8F30IQCYVXSAmsFYfqEw3YTRNFaVBcQFyKw/paDTT+0AzJHFZE5XUGsmMUdCWIfnXdVnQiCzUlEnO9wBoZS222aVzM/Ov6Zk2lhURQU6CxACnHw8Iiab74ybfuYxiomOgIZm6g24kpDEWbd0sd0U83AbpD8q39dyQtlVnMXq2RrcUBEW+gpwqmhIIBMYZGLoOZ6VrsfuwiMfqaD7ofaykzOVT4ZfLCQeQX5GRCPtzh7nRCj9OjIQTE97J31Ig0OmPVznTIrjrcSkMyd+xCWE605KTlGBzq3OsetWlEKA0oCukiATswVVqYrSyxAeVE6BzjNUvUS3Bop5ZaTTu7lV2GQq0RVocvm0kC/IBAqW8adkBlnI9l43dS3ApMCfd22GLcmq6KNKgoZQ8NSQoD57QE9GpZq0RwStqs1uChege63A8RYBCXxAhrWxgljh/hRpOFqYR0pwAqz4henICdZVO8zsKqXIOs+nk3opFFtZYDpK+FDNclz7COdAeNclTHyVbXQC/2W9cCqPnMQ8wN18TglBQI2bdymeJ4ExnmcmkbPtFsep0F5OPLKSAn/TiJsWezN7eR7UD/aYF8XL2fSJtgrNW12JbM5p35i8/AW+ZLbybHXy8WbBLJ5r4l836ZsCgKt29uEglks+xits1bIkQyeGuIRocA9FToLQXDYtpKj/OyGpvuitb2CW1FUl0OKD/QhlblAuPElnai5F1FXtxmLZfLuF7TlymR6CrTIx3IlmioXmVrjJpS9DXQlGEj6OYn5fe65fyahCvrUDt00yKYDd28afQdKyIpvnF3BDp+e4Ns0OZEQdexVpPvT+HlMLhO3pbMMpgJIiBmJsxA+u0dq5CQazSxqQ1bvYJgjTSDkLJHDDO5Ko+X1dUGYNURpnPRahS0NATj+WODBC2pAll9E1rkmIItKmkt2CtLyZZBFPNPnf8GovLpiilYmcFh5W87MMIwCqkNpM5Qyv6IFPR8tcoQS7IRUCaKFo82ErRhUkiMM+0UFDASpEZD0gsL2nmBPIySBMohdstitBoCxAcbVObdjRZp00q88+UBv2gsDdEDGGB1WqGi8XXCQoVwTIYsJbJ2SWyV3y2PEgHDdBkoDEPxmT/NQ9sosSFQKy/6kYhbFnqkSxBkQebEQzY6KQ0T0qO5ip/pzaIVwzolkGSWaOL/UT7szYLn3I0VlXIFI7bqykOmyQVrDfMokIzEyIwZM9YYfh0fXJkszJgxwwzZKHXd7TmnwHVoN2THXZiex7fu4zRmXU0ha4ulfr5LgfqT5p+5pILQgE2T2DbVscqIQJKd4wDZnJFTIln8jCB/i65hfpzku4ImaivT+lAuiZhNpXXkOt+Oti8f22kgRgFa19aGQKxUXCtK6gqBxh8GaN6Yzdstee9Qv2WmRn8SoPYTDZZ0QfK5gybAvHSVFotVOi4iHzoY+LUI6SBzg4m+Te0GSDQGdJgWDlsDOdFmCgj7C32RdrPYy362P7HlMAarPS2AhusZFVgkK3mSzvZb05S5RJxCT7w8/QWz6aXMrFFeLO8eRMUJGwIQ0i2R5K/IKcP16FetXFUaIG6sWtlTa7G7sf7rdcmKSpRcss3VvqPcy458NsRTHOplZuaV6nj1Vh3Y5csrxGtgEQnzQy2K+22eVCMl0WRZSyep5lHoLT0sxXlYsr7sFZ2cWNEoLysF/swfK32fjoBK049tbvOnxuFqKVDypuRcAVXJ0FP77A3A7YoAF0b1FhldIqO1CQclGYareMuFW3KAqouqF9LhoJSc1c5LCYvFghEWKwJrOzo5l7GkRfPPlptmYAN430cWdpDQ1IHYT0SvMWTe9h+wpXZmXIiiaDPcbNvstraMMAmUmmzHwZiXWOukQOA+ypOYmYbcI3DQejvn9HgwprzCjIdiHT6mggfvTXZAJ9W49QEkykPuMsmOvwZSzFlSy3zlX5A7JlD6Q7WIdE7sJQLb9m3W7ikdMMhIgWQU0KwXucVERmxtdZkHMu5eI2mYEJ3EpseUAdUndkca0jEFzWcqaJGD3Ssu1jLN6p6oUZOdQj3LW3PLeek2KVTQ6LDYhG9f81cMsHhmki5qfkH6l7Iwux7BwK9lj50Nvflioopu0kW3V0DzHZ96e3A1AnEUyWGb0wGxznGzCr6are0CrlFpKFV5aKk1A62Q62ScRt3vnPJC4y6guoZjfF9A6rUfZvWoakClOYHaZhZEByoC7QTeQUujNB8ME8MygZkFsI6AGjwJe3TB9o0FAk75Lylv1jd6Ut4/qQO7HEHZnT7JqTVkaHnWAvYibtryirhRDRJNiC7QtDDXEp4u5POYnSLbT1iyvrpyQTEc0siuoLwdzJdvfesh7FSZZstaQCTJ/K4UaPG8tuNGfg9C2oNhavRTtm0N1Frk55Dogu2Ua/3SGHcxqzDsWqgRBtey8FeIz+92rEYL+xyARUBpgeXb5aFSYaKwtLGE/J1kzwEBoconhGwzAkUDH3lAzn1MBnMBQlQ2e7m2Nml865Acw2wMMk40T2/XFrRVXK0yE6cz9JHx9MZUeoa3FKg8+poxY4Y8plavfIqv0x4VycBGukuxq6yx1uzyQeUZKU2UeJf5TbYmSFKb7fIriUwSNylK5j7VF44rCpJq6LVjYLAPCiY/RRsB9At4sAiWi2Wcv1EUyQntYXjqKoi8LCVUz7SAmoq0DxPOTSNRyLjSaMUUOn7rQkUOtuz4GB4VYh4d80rW6jSjRKKed96Fk0rpvDwE9B3fRRiFpNa+yXiXeGwSBTW/0PJLDojmLzD0F9+egIZvwal4Ns/CTqG2JBQjLRn5VqJivXi4FsiWKb0s1VLoRXMLK7njTWElDBvNId4YURFpYVcAiJspnSC+zeHIElAEN7BVIGQHFgSYCwAAEABJREFU/clIa5HTDTCWoIeWWKgoL1qvsZtA3kNQmNxwXvQgUs9++neIZGelIlh5aURKBBSrEv0QU3h0h5jZyesmqKHgXu1JV2havvQgUlzsCjIKh7ZKcmEZ+DIuPW1Zlr+m7RnBRC9VFQQlzWOl73BSRK3FxAh0oT7EiHgC6Ck5emyBoYkXyNBP7kMWor3gYOCSK0A6S2ftdwIkqXG5usOq54SwuIoibi2dNKHhDXTxohvyxEBbCIJ4QyfFakVtWwjCI2L+YclORs3EYd2TRxtkdGjikz5OkdqX9bCiuYLdg7CnkmozSkC5Wb4vsEUKhOxbq9j7MRqd4RhjqhhrA4U3ndYCZl24NFOhX9QoLhmHH4qXfSquZOkGJmQ34U5zolb+Vb+RLe5Un2ZSimugr4iGKSUQ1XoHrP7A6n0kw/c35fcwivcyfO8HLVSCAOgkkhpEjNJ5RkMIPVQ4y0FA5W/2i7Fb0XSI6ChBZFliEsFzqxhIMOqDTNtLu6wWRkGKqxaEwftacxXaGYEs5gq5zq2a9QAweC6rZbxGFq+OJdZlO/zK9dQmqSPlt6P+64SvrTNoPJF3YcEvGPjNwN5U6HKl1Nyq+9UVLe1PV0JXrTHDGrwBm6xGjxL2kr6z6fRxoOUHoHQ5An7pYIUdjMYLao5SoNQtVRjs5YCEwNygF3EVgWY0t+f8nqKboFtzFovdb8jNqbh7O0JPcmvaSbolvi01CkORUZHPUMxutW/Ia6AyrkbhQxuQ5Q9Bl3u1aCokP3QrJs0bbY6tXr0DhVrgtoXLO2krDYi9pKg5qkNxIYD7Uc70hBvq7aC3sedT8C0WAK2WZtp86ilQyUTs9kMsln66dhQlVKog4UYPnuOyCWycGv1NSltLm7W8bJGUZypYLDklab4wMSAbUVSaNileYBRF3tBj20GrKsR7OkGQfPG1ljKaC1pftv/XNCZH5p5dI7JkYW9lIeQL6vywyVr5gco8AjoGQJDENSIRNM+fseHKUqvdK5IxiBeVqi/oRXZEWaqFdY+fVfSVWPb6u2EsBZZGTzAXshk9IdmHIxODRITXpaNXpY6pos90KpMBSpb2qA2ijSXlU9FzFQi3dsmfilv4K0kq30eMVpsrvYk37wnKxsuxWMPKHZQBDfd4+Yl6hK0LrIMBcmj5FWNJjUsF4SoMMST+wl4lyGtrZQzQUGbdwHIQorX14tcwZvO0RantqjcsCCs3yupxBKlbWlCTw7lGNoEGUUPnWo0O7zrCFP2wFhvFfh1mFzEWbafxqewQKIkC4aWyXwswT4ECyWlx80wvBbJ10o4Ett5E9wKb3bfVdi+/qym138637icfRZABMWBxUwka1b2MDKpRq29CAbAtq4EX4OQiYk1NDXJLnlA9hVtsftVumQVhWmYaBLLEiUT74qCuldU6y+0pkrJmvSCfDqZ66AUvnyJD1mTQixqbJPVz6AWoT0XdsBcEAZV+Arg4cqq+wGbXvYS8Rl5gcygAemlf014vOtLb90YlpFO3xHakNTt50pGy4EvQfEnzh9NaADCW93h0m3hOAJTW1bM/2NdADezQaU21gHxoOvgANYNLRcB5CAqw1+4LIhR39GEYATgq096Uli4IGtPR6C5AFEWbq814iW8R0ROZw3DV6LTgbXbFNttT7CdV6OlVwYK0KFK6gwGJN2LjXjkIIUzd8JugJW88SZLwphqh6pDUg/KjTYD03Ywxl1I16Ez6Z0bgjHHDhBRoNowZxQh/hhF8zGMkKmeRrhnWsdKV45QdGNvuEES/a85B9Agk9Igip/vfyF7JCakNLpIOrZPQ2S9mQQRZDIpz2KCUMpgukdlSEwW/UclBE5LJ4/jZBBJLWpDkKwHfGIF2Wo2aFFZHsLz/1UMLZS2Ixkam9iAx7BkQVpDVyrL1BIH2Jyrhdbtlx4Z2xVgxjjJNsB2oJUZpZyN5/4Av2T2pYdu3noj8/E/BO5S9DkJA44kVZO2aHDnFURMr+Sx/rqmGTDuADZs60PLLPFxNX45bmIC+YgzdYsFIVwmYN/ZOQsdmB+LWxChb7DYErXXQRlBFxzIAQPuh26AFjnvtZviA+wlHi1lUfvPGq31IGVjrJSX3olL35k2MbLhl1xK3pFw0tBYyyggmbaTK4EkWF8o1rmIBP3dG2LsyJCM8ZcccZObT3RTE2tSyISEblwWN1KK20gmkh6mxoyBr28HW4t3Sw2DHb5E0Ii2t20eTp4L/BnIeDKEainCZsNxA2C42kP/nRTvhCCq1SI3ujdo1rLuo3AIrb76Iho7Sq5Cc+w4nOYzyqxwWXUKJ0kNkwYfdC9N4KpS8YcZxhqi18Hq+k+vs7GxQaKkMi0hNfWEmYLsfY9AIp5F2NjZQhWwsQcYRj2iYOZ2UnmapD0JeIGlcETJHacA5OCKMIGob4kKFF8jgR3mXB83RCEOI4p2OKApHY+KwDJR7mO2wYj5EK/XWJefYIqchwP7ynm0llwJtGtoHwSJY0IFI0H72U9v4hF8S7wbW/g7UD3jT/YwFc2r1mAS2+7reLQWCxnhpxhgxysnc+qCU/A1rbmsJjvJZn3VktvQIKdve4695j7X7ZWENv8JVDFNql2BkmcUrnmTEo27MX8ep9gqNOS1ekfOdcYdqQ8nBoTvX1TgleWSoJsz4oypZ7yBYbmxQw56r5vfnuqTbAN/e9Qb5pczu22pClCG97wrdTgxKt250Ovc91QWp+0x2eUk2he971GFSnEx0rW+fEwGXHeT8agcq66PHEDNg8r4CsQYzUX0XyxIWCcIoHr9FTJlB1dFODav1pe6ij0TRCQMUxtfWYSUIB3qC1K3h4JUyFqAVnwptC7KiXKcp+Q8TTaH7OXLXIDj/S0sZ1UyzlBuNow4R5UiBWlCsszDuAr+NLwFuJzQJNCW9QCu1zWkBlRg8qiqAya4wCdNooUq4VUFWAaT3yt4STbENtH50rKilTpYFkS9TxXnbkuxGx16rXiiKgjTSSlEku4VlB6567//P3ncAyFFcadebmd2VVtpVzjkLZRASAgkRRc4gcgYDBuNw57P/O/t895/D2efz2b99zhiDTc45I0RSAokoQCjnnMOudmem/uquzl3dXVVdPXE/tWa7q1+9epXT61dGs869wCgSfabMMuqTOK8b1wJTQUxplYifoZKVVDx5TIuRAj1U5UCsa1UYqhOFDt2yb1B0UXxQKg6p07l83l6cxYXPZi4lRxRXy9U3sAan2TSFAGdY2LUmy2p4sFAXI0ad1+wi5lFoKjOStwjjs5iwy29yHXai0NbjQnQZfdmhHZOsD+9zxm6v3Vox9GARP+PCgaxD1qSpFpBDcJZAkErV1GT0o9ushW1WXF0mER1/A3+CXcD+a/MEf5Au4JAnvjdtsCDVCLWlrIXkkwKrb2sllALFpmjg+MVl2VO0gROln7uWxk1VNFv2QNPXswZ4CN+Gc475gigitzchYC2ATIpy8aZCYDBybHtj7FWTsJQVUODES2tlMcZ2k+UYhniUAoElAqKrOKqB3feG/hhmvQ4u3mVb7qvk4EEjS0tswUORHzcFjSpnyxQDaphz7BaFegdjgSvKap7ypICI53jcwki1L9BM44jeNX6FiMlNeCgb4Ml2IrHW7H0KH5YaO1lC5VMCsXWzIjRjcaqpWKJByJOBpDUCxXkBF5Va6M2A1Q7IMEDyKFG/uuFYEMmPsk8EHkaOr5b5PfEKoIpPYfXpfTD0D5y7LHJMVNLF9aPKt5eXGgtDbN5lD7vxwe7HJKFmSJD8rAEz2IcFGCVMUbeEQOKN+Z6xxcPiYi7zAo5epZZQvhHyK80hskSZS0B8UthrM/T0Bm2zH7inQspLRcikRWK9CMTIQwDhx8OCmlAEAFJBMHzFyV19Y92jHQLJx10SXDUnZhDK1eGczI0fkZ38AC/KfdhL2bpdIpRsIbA3DZAA5HyJARgjlBKtDg7ETRmS74aeCjBGJRzts9IkcpfeAGEUZRCE15VCFLnYEBFSP0whxUutHPYmVySdKvHMEh2fX+SYs5jQl0J1s4gAws1q6bdwboDjtxyBQ7aF2cQYu5b6yyzDNEMVmhVzlzKe71YDocprR+CRn1yoLUTsY8JMO+eLcCr3LWYSsN/GhNpiXG5VuQ1VCh6lQHBcAgDkW7tuqxYVhfLt+isF0Yu61oDZpx0CXlLw7n4B+97t2f3KzQMgPAgLZKSBW3EO81uctvl4tOU8S0e+NW0c5CiB+EvXbYgGLklTgQltDldM0YleJyZRzZe8lUoH4mY4Nq/CgdXwx2LGj1QKMjUZMoPMZrNYJWM1Pnl5cYXg7jdTqdqamtas1p9x57ZIRIDLKQ47AbrAElaAcg4hT2J+VXn0LpN7tBcKkU3FCdHjy+E1nU5n0jW5fFazahzR2scIkcON1288MLaugmBYBk5m6VdBzJQVHs6xEmk5MxltRSK6y1AEDsGSGebFgfXhEyjuCZLiVLohyqFc5OREIdfm1LR1yWeALSc9GNeyXqd4pcAdFheEJYiV4CLTXDA9hI97/fEVkLDIOtkUXJ17gEfp3CiA4lVwmHy8ZbTg6HKi4xOJSK8FmG7IBeGZjwTTR3NyfTUipofjeymCAP689Jy+xAQBY5EZhMujfKhW48+jF4g8vgR8ILHGL6G5AjssRaqxov79sDn61YflE7PAkE4ZrB8sC6Zp52CtDcXhBvNzAicYksaQa4JWArke0TJxtxJFMBPoCl7/FVivFZfVEYRhKDA5iPYXmG9slyAYPZDrueRBRy5Gf10uQseB58vDMot1Lp/PtbTwUBqfdiPcSlbnItqoxFKg4Emr6rPSaqgJbagMZPRGDOi8Sz++QR9+Ggc5IPp9Ix2o0HbeGKhZ7uaCGR2yYseqDTa/ArAmc84RB88SB7AclaHIvX85QVlSgcxr4PUB4R6pIQpIQTqfBsj7qaL2WEIDY72DKHJN6z6XS67DwHQLyfhA2RUOy46Nh8BecoKgyRld0kMBAN4lXBJWnnsuBOGcClixi9fT63OpSreeB7pKASlE9PsUVEJIpIxht8JqYSHVNMdjlmT5lc+g4E4oVqZTe3k4gLUSgPXjdorFLx4wskxfhvQg/IgvkvgYQ5yc5nKoqUDZiMQuhxYX750kG++gCNIpMs4i7XXC1l3jCK6kDET4V3oWPLj+cNEWDz4B6DCwYkYrjNG9WsaF8CXsFyIdEgtaqV8Hl5JQMPGAZ+QEZkfPU6OSjqOivAjhA6HNNTDcUum0frIPRnkev6JRiOO7aEXOk4qZTKampoYuiWBhq8YOCO/qFX3DAHN71ZzT6QzVVEY5xG2PAAc94XBKp6NjMhimBhEgC7ZfcZgnwZh7+5FVgDFdGrYU3CFYKp7V30TrCM/Csxq/npkYmNMgwByeY8kpCogMhT9LZMUqwb44JiBCFTIA2DM9K+awWS544FTkpOAIwBjvROsbKwPwlHzM8BX6PjZ0LZrEQ7FCkwpIvXjWhNkA4vMAABAASURBVMtU0HfsTHjCKnJ9CQdnDxvm39PBANd4Im64/GBOEnkHTWqCLXb2Q6wukGq9lu+X8iKCF7LHT6RdwCJxMFYbuPO2pFuyUEAlDubYgKqJqQDKtNjGR6VHnCt+VZv7NhxrL8mHlEADlKH7elg/2sDQBkR0uKn9192pOiDQz1XMYxAovTZR0y3j0sPxwNAWNEgdq0UAdgyM5UlmbLijqOCoUSiNz06Li+CxR0KJY3zxJOKDeYs8u3PRr2ylQPIbwBtY/sODQBGhswgs5HK5PJ+5LPHcwOacDINjgTmQOlgIDt+qIVv2iiBqMVAlPS9AOp1GqVS+tRUVBQXvIPQTdQuTuxDxLMmGl0hXmklo+UM+14Q7Jz5Qdc/EV8VKcDzjaZBjCRi/hEIkhRi/QGCPgX1hDiD8ghuCHELGOSxisolOhletrZoeN1IJxhCM22ecRAsZ9UX4MguBaOhR1RgEXDlDFKIWV4fBnEcpRwcs4y9OuwFBL2QRb9pLiQvezDM3ewovRjhAfTOuEsCVcdFV37IZgjiDdaGIMwcIbjbAdQehb523AZTaLD9FFqZSjvhCMDsWF2aYzMAEypHOWH254+PopspkMulMWpcH4igFcvhLtMi5dpy5Q8KevyF+0zqww1h9YFDmkI+ldYgDAsIsGfS/YPsC0zE8gk5OjuoRNhJlehYG/Swcuz8Zd+sl0j/ADhjoMVyWzEEWsXC4EDxU0QA1JRYYLrpdHAlrT7IheiATFogyggjFFD8fqx0FyY/mMJKQUxwSQQCbPiRGpl4TdnMJWqNnswh56SbhQEAUxHxhflJ/YHT7yU3t9pTIyopAFII5yC7ss5cNwPgtk0OldSgUD1s9Q0Bb737HoigNgGRx8jeQRY+sQK8r3kEDiMeoBKpDREQh5J1JUNwoOEuVmCTcohtzLAxIOL5WBxk5MGB4Sx44eNFIOwBewBKkZ+U1aApRYsDUYAkU1+SlcgTVWlCwHFfiXbgH5SWtGlRjnCXQlkYFhHAPyIsMbcLNLXqrSdf+aYd5UiUFavUjr1uyxpY7po/G3r7tly4GGXwpL8crbN9bljSwm8yIMzY7f+NRYYmzooyqHcEp4NjRVFn8hMxhWauhpmeXINbaqYfK7d3xpCkFojxkNU28vJ8CgmUIlVE+bTBnIYyR+tRSYFmUdCVlLLAwVBjK6XMyJSh4dIugEWj2pAVHoaOqQ10RlhGf24+atHH0e7EYQtCTAjEVlgIwtvqsJ5kxRHx5lJwPKSiGddy5K/4i4BiViLCJk4wSfrHQEE9duEGMChx9ZI2Z5fxCNG9eV84QhajZ23KhsOZ4HhaCSLaP4uWuRgow59nioUq1ouJSR0975P1G8I3fSxZkOGO0LOB1dd2Bm9h6B0H9OOOjOXC15NqHbQBkAovZVSqwASEeNLP0OM8MN2E4mkRGocfBT+DUcsAeIswOKJfTmhsyyycrVP631i2ECSsEAQ9ytVE9dE2aLIF+qrvcUFyyj1M2wYnNCHv+st7plZVUHJJUKJQsUpzAUHCIj+CxFI545n1HYdcz5/ZXeEl16aaAMcQPHPSm0uRfyo6R9d/6gEa/SafTKV1d1VgTdnFklVOPpAaB5+QJ7o/t9HrBV7AYO4RBpKaZM9Sufd0pM6eiYDQfbnn9jQUoOmCIeF888DRvmOUHFIsORU8KpKtfn3HqdJKtr70xn1MkrHVcOSOXDU1SobEijk9Ccdy0SV27dFn0/kfbtu8S9iwRniQLT4lLItMZijIcNdDbKgmExt7QgNBmJ9HSzkgBQY+xxCMDXtIPe7ZLfMlRmKSID2E5uaqQz3ZgQOIg9ekTLB+zmkQGD44LiYlbLmWAhfLXpRJJfZl+ARvmi5A4ijoeiH0wQVkU63wu34qz+TIvw4VHSQxVOVAKSxdtaEMbkoN+Lob7nCtsXiH3yO2OsP0Wh1M6HFEAGQp2aUOxUJyMiNw/EFkKBdAOIaUbKvk8jvRdNKjueHHJ1CTgdJMFtrZbKxo4ajOhYoDpTkABVCBLw8paYqbzVMROkd4EUDPCgGKoQCrathVxjQ0aVzHmwQIqF1IhQ0dxCzrpRU0w4u8LVss5y3Vi8oDnr4ifoGcBxOmEY2lyqtAlite6UAPquhYMlg8mshGVBEiRyAVnaQJZP5yhK44db0OhrDJGMAoYvEn30nHKCvCTytLxJz89XwD0OoRjrKLbHuMPqCCiVQSfKzg8uoqWk8ZlN8/lGZD7CRx+AFL0CAbdEp6LH3J5YyGP8yhXjDmDQD7iEAdupR6SMprOpKZa4dGAdLRBIcOxKlh10k9NSOU0ZbccxlhkHSU2VLJLPKtICpG6lrO/Iy2kAIVdtwmvppjpwTW8N/ZqA5UDrOad/jdWawCoxp7R4NNzZyym2CUXK0GMj4/MsJ2tr9MfY08Vs+OEDNWKqKQHCV2fxg4djpkyAQX3jDmcmzN3EfLJ6nwGhhuaMG7UpAmjPl+26r3Fn7J9s/M31KY5GyEFRShBHB2//sOV6sFsWOIk3b5H86+rq502dRK50ZUCo7wAfdB21QGlqBlXFOzNGVivHt3OOH3mrl27n31hruf9TddeMmRIvw0bt/7hrodQEDtWqsw8fmrHDvUHmw5tm7vQ4QzRPr2A02Yd36dXj9ffnL9h/SbEDdALKNhpgBlhM0ZoiS4CA0qSux2IBWw6RIyJCyJYkWBWCvBEM6IgSxRVdZg4/oijjhz32efLF773YQAJlS9CLLqiwPWxpbvYQEhvbBGpAm9SO+dFPJ0PVxIFeCxqdfBVYdY7V0nWG7jQKl5oSCc+B2PbvDQShjVCFPNbtLSlrTdSgfBhdnGhTbtzOWMFtHDHXhUKrNpgNGeueiwT69LvvO0FlIodZbBQUu1xsVBVOR4DknPYUkIGxQCYiy24rdq0oTxQ8tW1cqtSIWKGcYnNqRJDFeg+GlC5MwJCzgUGLuWOVJ1kZDMyncngPJk85gpThiG2q4LAxetrsIAKhVTCCvxPpunpGHxkhItaM4/jnQv6RibnubHiJZBDPtkoqClX0p/wMm6F/SrxFbuQkPYtk8nkdD2C0M0L6RCks0mu+MRLYSzS9MnVGE7P4b4K2vViWysAewUJQgJjF9V1x44Vcv+FgGR2NDq6mlI6ndaaz7x5XqenUQKTm5uJr+kyHvLaGCPeZ+vRKRS4reXaw7NiE83XlVJOOtKqpFIol9f0k7D2WRtGXAxtSfWkEMr0pGoFcLrFYU/3nKKoxHhWLGKOOgSDcihmoVjgEi1GGMZAztRmY2lyK0CIgHL8GVvQHPvuoawgSC/QeQPA1uvVnLWGC+c9+5mOfUP6h5CltYlhgDDB+qvYfRM6+YgqENwFBgR8a2odtpeNW7bnsjm/n71796fSqVBu2P1jTLeOGDVkxLBBDQ0d31/ymRmi3ftgJjddHsM/OHkmDvDe2SbxPCiMPEoB4lKzvFhnpULYANry2a1rpxHDBuYG93MrBUImkx4ypD+569+vd0NDh/37D7HFA+m09mQam8uk8aMaGxu2btu+Yf1mHnoLllFkp4pktEgQMjSLj4goQxS9sCqLYwAZmlFceREbcqEokY12MTgqGGAGhCGxJGHhiNHDRgwf3NCxQ7BSIAWVNko1UEIDqojHKatIakAxbecVLfbccCST9c1ERYArIlbvL501crWisNAXKFRuTHK1F8WEb3WrEgH08GBGxlZ6zNtQLeAvyW0FvpAT6ARBlQJleitApgpDWwNYOaiYESkbCa4SSKAgiY0LmKkg8UZV0NqeImAsexJSmSHKtkPlQGksS7x5w2IaFBbU77BKjgj46PTt/7xwTRVZZFDxIgZ8PKmtS8xDynytfD1BHZ9gfjhac1lt4kPIk7D3GAJ4C7YA4+T35hOuCLxDLMauoATkZPbtGoj6DafQ2re0ZliIbmUxfSkqEjK+1BexCF+uwQrw+pIOLthfkq0NLy0413NdhuACPDBcwUMQXpeCA2E5Y0ztq8mWBGA5OvmjCBLnwcrUmJT9Gjt4gNOHaXLATRcmKARLEBdY+AWTyrfCRPeFtQzK53AeCysFqkDCfZBaAO9BoDysKg9GzyRroCt20OZd4kGzw+AL1jbpqW1OJyStFNuw/W7g0FPhD8bWC2RLSZMIWI2/u/0yzi53awEi5NKf1idKQamBgzUCA+NX8PWgoOm4qzl65ImX9+474CVTLKoliVVwg0oaS38Eicmmm4dJoSh41BL1IwNM85DWpgIO8YQDWDFlCnYNCyI+JGqb0wtGvkEcG9h+CY4b5/tsNrd6zYYhg/tv2rxd1whEgcWgOL1cZOuH9W+9U2bx8LZ0YYyd6q4oua5GtAEXb/DBbGDBGM87msyiQ65btFsnbi+mCrOwGhCywwrvpIqJsAQBOeU43yDBOf30UahOiGje1oSV0RxjOlyAEO/lA19GBLyDkoyqTFX1s8BeF7DMteM4QQh7VRAdUei9M6jM3ZLrBWzo3RTV4C/N8qwOlR4/CyQ3c1p7bFXYKkLEdzlRKPu0qqrMlkWBltHMnYPkIGwp0J6XVVvDUEnAVaRV5EWxYl2cBZdqyeV0WjM/liMLYIFfmVcQMMJVUoFl1pqKVdMUoAgG14uQWs6im0Bsi5z/zOCDtQJDPHG8E0QMVlx7FA5gdz4zmMWPV/xjsWP6D8hrenHxBtcfBaFzvRQiEgO293pZIUiHKO4RGHdy/iWAbR78fBTJWaysD+CKWa9i6CgIOBcCIkEL6K2B86+x2+soTfaH504rfM47kxgcz24qLycN2Ww2n2MelBkgZnT0nSofgMzFA/rK9Z8sO2of9mhHdooYlwSvgytozFE/VJUeJXyiWnXsXIKJzZBJLeCj8BVPKNZFbBciUVTZALwHVXMhiclJIdLBF4bA8Mw+9Ja7bri373kSTSIRcCgDHoac69jAQ+HYCESs4Z/ZZGk/NNygwbMEQqdP3EmbvPqgXYA01ftcPjK6ONLBekGVKbGhSsHtj+u1hqhk1A8kTwkwdK4BAEqlU5odScj7GJg9nTWEwGwdQfZzoLj+Z87qIAhg3KGIkICX3tWEg2u06CD/y72Ph/pEEdEGVu7jEGouOjEvRtWJ1z4Ai7+aHBeLNQTTR+UEsreoozNFIi/kADGC4M9WsPsRqbgwDyvFBUukmIDYsln1oPDnDAkWENI/5gCbwy5VPXOcUqoUQYJYDX+JFsJYkrHnG+BXkZQNQjh7C5XQtGuOGInKCGMNKA2fJVJswPqDC5fIBQMw5l5KYugbuJUQyLyCrA2imAOxNpQXqjqjmdOeEFRISgkoBRoNllAqtaHUUU3Zie31pUKjmMmMsdLgQeJNIQD6Z8pQFXYC9Z+qialQb1uWDZp2cJ5uXMqfqSLxEY+7fGp5fda0b2ht2o84gI29+rhm5GRlT6iEhLHF4R94yOzncUIRKzlFW4YeZEx5IORJhkN8GXwvzeId5EdV5oL0SyEiUbg21kBBhkki4aAIuLLTAAAQAElEQVRC2OPi9s3JRlyOe1jjpyAskPLl2Sq01zEZt44n9zZsRIOOmX06it7gZcIYydNFYPOIcrCTFzv2z61v8HU3cFRJRmvucMARJ8xC3MSmobAojJaTajdwVyCq9gcuNq5wY1eIgrTYwhyS+/algK20MIRkg9Le4HX9LRJMs0OltouWOIQUEWJyTyjRJAQL6HYw0xUFu3p3cc31c2Apu4DPj1ujBXu6WYgaXpU7zASJ0me7/qrzUun03X97smuXTtOmTBg9cnD7+nb79h/48JMv335nMaU/buqkceNGkJtePbqQ527dOt1y42zqfeeuPY8/9SplnM6kzzh1+sCBfbp2aWw53Lp1286PPvnyo0+WOUWaOGHUMUePX/LhZ+8v+axz54YzT5vRp1eP5SvWPvviXJdUV59fW1v76pz5q9ZscIuv9dvXXHluXV3diy+/tXHTNsr4+OlHDxvcr3v3LkSMHTt3r1i94e133ncWhoYO9VdcdnYum/vL35600oD+PXbK+PHjRn3x5eq33nnfCp2sltx97xPkfurR446ePK6hY4ef//KvmmVuc8jjTMf+/XrPnD65b+8e9fXt9u8/tHnr9mdffOPgwWZnZtxwzYVpLZ01nlMm6zw71P/8V4SnMXGffuyRo0cN7UmigND2HbtXrlr/xluLnPlH77p27XTqScf27d2zoaG++XDLilVrX3z5bRSATCZDcmTQoH5dtBzJkhz58OPPP/rkC+SQbOKE0VMnkxxZ+v7ipRMmjD5q4ph+/XqS7CMyPPnsq3v27CNUAwb0Peu0meSmsaEj0r6OTt960+VWGvz57kdJykycOHralIkkK+fMXYAc6XPyidPGHjGsU2NDHuf37juw5IOl8xeGn3OqoUvnTueedVLvnt3at6873JLdt38/yZ1Ply5nEl904Wk9unUlNw0NHcjvpAljBg3sR18t/ezLd+YtMSMLJ8ycOnzIwB49uhL5tu/YtXzVmrdIItuJYaezB2OPGD5j+pQunRtrajIHDhxctXo9yWLryxarKWlf3/6MWccP7N+7sbHh8OGWnTt3v/Ta2xs2bvEzJEIeNWlMr57dM7XpvXv2rVi1/sWX5/q7SBLcGbNmDhrYt0vXTrROffjRZyQTzWBtD8dNO+royeNJQSVF9+DBQ+s3bnn2hTnNTc0OZhr9cdMms8iaKAU1EW2VupuunV1bW/Py6++uWr3WzUb7e+O1l9TV1T73wpz1ZgRJPTpy4pjePXvU1tXs3r1n/YYtr855t8lkTnHtVRd1qG//9HOvbtq8zelOytg5Z5y4Z+++Bx95jrqce+bJ/fv3fvrZ1zZt2TZkUP9TT57RrWvnZ194fennzmKAHXk04vgZU0nJMfJo1XpCnMvnHHLTP3DqydOHDRtEykwun9+1e8/7iz9+f8nHNhnQPUjcv2+fE2Ye07d3r/oO7QhDIjAR+9AhV3SMiI8dTSLeq2ePuna1u3bt2bBhyytz3m5ubnZoGZOIX1zfvv7p514m0XFm3YAB/c454+Q9e/c++MgzRsTPOqV/v75PP/vy7j17p06ZNH7sqO7duhw81LRm7YYnn345q5skmEGarXGjyU3vnlrJJwRf/crV1PvOXbseefwFFAF/H4rcPWPsTtBnRNvXJSeG6PEGfY316a62q4Oxqmgzg0PJxjccrtSgUgEUQ2mTG2oKCcnTPM5HBREPmIdTAoNzVrj2ADlsriUvTIlNzHTDz7ZEJSZdfOgRIh1yLpfNV8NGrA6sm8o3Pz6plljzocpTo60wVA64lALBmm23NQVtKHskXIKLvMrvgzZCVRZlkHhTOFRR2xR6yE6lALuMzBgoZ0OAQdDMXNbUZLOt9FucpJBYyqVr2h19yQ/n3/ctrjKJHb8xIRyjhJIgii02K2zpF17gcopkYGp3OD3Hi7yCpFOklhHOxmcUUlEKQKSDgF+F8K6vYoeSjtL4clElH6KXPMAXjqXxHO0r8dwHTjf3GwYFjvAayo/1xOsrhAiAcQ/Wojxy6/sBuP24fSF3UbD1IkhVaGXZrqb9AOfwzaVla2n7OcLw+eCse4Hvg0dYyfdeOFKGAkOVHMp6Lxz+WoZlolAahBAzQAWJYPnCtiYqskRQekmKGXcc4I8IcJQlzPDhfJaGPgVWNNWHQL1ALjGcfYu7XzI3PWOJkbjfKNYcMcAxBRcpCEOHDCBeBgzo/ZVrL7KE69Gt66wTp407Yvjv//ww4Thu3Ij+fXtZXjLpjPXYrWsnetOvX8/rr76grraWRqCutq6hoePwYYMmjBvx94d0LR89UmOPGN6/X+/de/YfONh05eyzaIhdTSYWevTo2tCx42mnHPfHvzziTAyyOTpiyIChgweQ++07d5NhD/F707UXNejKahQdOtQPGtjv6CPH3H3vE7t276OO7dq169+nl27i0LvBOnTIwP79erW2tr759ntWmugTS/SNO67u3q2LkbTuYmml8QnHTznlxGlWXezWtbZb185jRg999sU33lv8meEnlRo+dBAZVaXS6TtvvdLimc6kIYfb19fddM2FPbp3tUSqH1A/aEC/yUeNJdE/cOCQGTCeOGH0heeckkqlaAxqa2uPmjh2zMhhv//LQ8gHEqkbrrmQ5ggJul1tXWNDhxHDBk4cN+rvDz5jfdAx7ogRA7Qc2TdpwhGDBvQ1kksj7viPX7/+/oee/eLL1cOHDCA0FmcSWddjKoVwftyYkQP69SGPVClQT/Pab9xxXUPHejte7duffcaJRx817je/vz+kih13zKSzzjjReqypre3Ysf7y2WdvmrHtd396ACGv1/FjRtbU1FiPhLijGWjL4VaqFEjKyc03XNroKCeEZsjg/tOOnvjnex7dvWuPHi19L9qnU3HDNRcPGzbIeqyrq+vWrcvECUf88td/JeXYch8+bODVV5yfyWRMstrGxo5f/cqVH3z02WNPvmwJTbLv2isvHDHcZtiuV49evXpMnjT2L/c+6lSVIzXlhusubldXh/RxPrkhDIlHUgz+dv+T2CyGtbU13/ra9Y2dGmyG7XQJx4/6+/1PLVu+mjrW1tR8684bHGSYZFC3bp1NslV6KHkykwCzpe3Ro1tjY4czTp3xuz+vdaUIoNEjhgzXo7Bzz16kKy9ed9VFWmNior597359ex89efxDjzzz2RcrnalEGpCuXTp5lAJJ+R/Qvy8J0XIZN240KTxduzZOOXrCMVMmmbnWAXlE0RP2xmtmD3cmaV0tqWUTJx7xP//vL/sP2EeoNzY23HbzlZ0dadWxQ/uB/ftMP/bo3/3x763ZVp0jYMAnHj9t1snTrSlanVavu4wdPfzp5197b7GlQYhq0pnrrr546NCBdsT79SYZRyL+4CPPfL5shZXvpAUgZYNEfPMWQ5UZ6e96dO8yYECfnj3s6j9+3GhSOHv17nHT9ZeTxoE61tbVdunSaewRI37+yz8dPNREaEijbXnJ1GQIE3pvNS8iAJA9PTiUq/sJF+AzBgd7J8K0pMAYSyW72ZFwfCMDd9zYywqlvr8TM9FIc4aNxoyhBWklilQQYsPteGHxBsI5QpZPVWuOUvSCA+Zv4ZqUwgMQGa7m81lzbKJMjzdinafoKIOmKQGEld+KTg2sgKINZYQIpUCowLa8DaW3qltAVE9hTuvHeWimSvLCkZbeUCweFKoalT6MbzYqHFoUPevolRZrV3yw94NNId8KaUX995twWtf+43oNO2brigWIAzhYlUEg7MTVYuQZ2us8AGSzgdzk80GtsFrZlHCTZwKOKJv9ThyRQnSNRLzHF4DjNYm3dgYWqcPaF7A4puix/aplwsvX+AbBY71LDe9IKsUhcrBjk0Qp7MvJCczbUkCEOEYz4DEyB64KAuYf0w0Q670vWJLU2mmzIqtURhEF6x5brBwEzhEWINtGHzg1IVgRd7phX6sPZhBCbaNQfluxCC/SODgsieKlpkSKDN8Tb9ulORRiWMZYl0moUSidtkZI64iVQm0wAfbGTSVBfZ4b+uAIonjHTMmITwhA0ENo886DyGQ0u2vsPFgKsLFjFLnPCgEPPOsaPFFIUHFQdkcM7GFHEIHPA/l349UXkBSe8+bCpZ+v6tal8ZwzT+jUqaFPr+7HTZ04b9FHzzw/t0sXTW9vxrETB/Trs3ff/hdeeZd6p6bIGjrW33rDJQhS+w8cuO/h5zdv3p7OpE+YfvSJM44eMXzwjddeePffnnQG2rlTxysuOZPEc+/efZu37nhn/gceweYv/Pi0U47r16dnbV1ty+EW56uZMyaT323bdzYdaq5rV3vnbVem0xkyCHpv8Seffr6SRGbsmOFHHzWuU2PHO2+/6j9/cVdLc6sjtq6BEwrF9Vef371bl1w+v3Hj1vUbtuRyeV8a4mlTJ5564rHkbs+efa+9uWD9hs2DB/U7/ZTp9e3bn3fWKRs379y0aatGqJly1nDN5ed069o5m8/pPDdnW7UifftXLmvo0KE1l33ymdc/+fRL4jJ69LDZF8zq1NDx67df/ZP/+hP92K9fv94XnTeLvG3NZklOffnlmsbGDlOnTBg9YsiN117sEb6hof7Wm2YDSu07cPC+h57dtGlbTU1mJsmRmVNGjhh843UX6af92qcNjhszPJ1Kb9y87bU35u/bd+CoSWOOO2ZSCtKXXnzmj//rjx989MW2nXsI2cB+vacfeyQZcT70+EtWIpJlB83Wlvm5CzUsDVoCXtTYsQOR9qnnXvvkky/JvPWUE6fNOG5y757dSea+8vo8ZhbUd2hPNQLXb9j0xlvvLV+xhkR82pSJkyaM7tun50Xnz3ri6Vc9Xh54+NlaXffx/HNOqa9vv2z56iUfLKWvduzYTX7r2td9/Y5rM+kMJuXkfVJOlhMZxx0x8ujJ4xsbG75xx7U/+fmfWpoPOyYDtmAnzDxm2LBBJAvenb94ztwFLa2t48eNuvj802pra6656oLf/fF+SkYqyHVXX0zYtra2vvr6vC9XrOnapdOsU6f36dXjyIljtu/Y/dbbiyjbG66+iOqQLV+xlvDct3f/uHGjTjh+arv2dTfdMPunP/9jq14qGho63vaVy0nCkuz4+0NPb9q4VcvBGVNOOmHayBFDbrr+0rv++ggN+vLZZzd2aiAzlDlz5y/+YGlLS8vkI8dNn3ZU5y6drrri/J/+958OHdL0Si+/9ByD7A2T7ChK1qiT/ZGS0RSgGggLFi45bdbxJP3b1dU1Hz7sTPMTZk4jv1u37dQs5wG686vXUl00kl/vL/mEVIdhwwefOGMKyZerr7jwL/c+unLVOrkGc9KkcWNGDSc3m7du37p126effekjgRNnThs+fDDJo7fnv0di19rSOn78qEsuOLOutubaqy/67R/+ZpF+/fbr69vXkfo0f+EHH3y0lJTJ6dMmTxg3qlfPbjdcd+mf/nI/LQPHHnPUaafMIDe7d+999Y1316/fNHhQ/zNOO7FDfbsLzj2N1KaNNgaT3wAAEABJREFUmw3jiHfecV133UqlFvHFH+/es3f48CEnzphKGq5rrrzwL/c8vHL1OsQDX8N80flnpNPpDz78dP6CxZBOn3rSdNKWErZXXnb+n//60DPPvmK0ydOnDBzYd++e/c+/OIf6PNR8GImDTnJRwmNadyytz0SSH0R7Y+WceKMUQnkUNltWqoqDChHfIJjWbktdK8iGgvJoKQTGG0DjCprLxE3V4s98AViHaFTVjLxSI1thKwZhMCa25vpzCVtvbUMx4fk+MtFgClD/ApUCjbkjNvcI2qpD2aOKWvMgkGYdlGtTlWq6kllriizJtbbmkJj5MQh5KmFUSRNlLcZXcnytGQW1jGNuyJcj+OSmtsVw5OYQUhckH6J5kbXRoVMvITdDj7mMUykQOTQwuCQoduY3dup47NQjyVI12XRZ8tFn1rp2GGhFJYv3mYxuBCGPEodgMkmlaqQnXScwTXI3h7MyjRQw7oqECMU2z0uS15majH6iQC6ARDB01q2wXxXgsaEC5j6WeYopf96D7HvpaHIXMgh8kAhLxFPBwnLq4Ul5DKGwT5owFgnB8cJo2s1b+sfxACxjfBYH47/+tW6eWynQ8I31/5Q/dv+YL5HbDJIyABRHIaeItve4g6atBxJsPeQQf1gRP0E9ZZqXnPWYUO5ysxUP39keKAQge0OiEOOh8oVDD7uEY+5uiZlItiKAaaNKs1GUnLJZYCwDIgTRicIlK47xloZD+t5sLpeCVCoFyKMQaB4iZidcgZYtEuxBYhgUtMdY5511QpNPQSSXzz/z/Fxtxc6BdCr1q9/dv2u3ZvRrx87dy37zt+995yvtamuPmTJ+3qKPtmzdQS6kqY4NG9APNTW3fG6Y/jIkuOLSs6lG4M9/dY8RSjY3582FO3fvufi8WYMH9uvZo9u27Tut4Ab074Nw/pEnXv70M/aBsPMWfjjrpGkkt086fsrLr71ry5lOD+zfmxKQ38suOiOdzuTzud/f9cjWrTuoNCvXbFi0ZOltN83OpDOXX3Tm3x58xpE0yKFxGdrVAQwbOnDDpq333P/k4aZWppBEmNNOOY7427Rl2x/+/AgdH+7atffDj774wT9/lSyMXn3Z2T//5d3IUGrV3g4dPGD9xi2EZ3Ozoel4wvFTOtZ3IAPM//7VX/ebRgGXfrZ8/YZN//SNG+pqamcef/Qbb2r6ZJdcMIuwaW4+/D//e++hQ5ou5pZtO75csXbK5LHnn32KR7YrLz2HagT+1//8hbq0tmZfn7uA5Mgl5582ZFD/3j27b91m50gqlV6xet19Dz5LH1+dM2//gYNnzjq+XV27YUMGrF6z8ctlq+h3LICOIkXni2WrrAEttTBmjDdNc3sdOrSn1gT/fM+jVDMyn82//No7nTo1TBg7cvJRY1/VlAI9g26tQh195Djy0NLS+se/PEJfbdy45fGNW7Zt23H6qTPGjxnx5NOverJuxUpD7+psXZtw+/ZdSz9b4czMKy4+O6OXk9/96YEtW3ZQ15Ur1y9a/PFXv3IFeXXFxWfde/9TyFaVsav2zOlHk9+5by18/Y151OWTT77IZ7NXXHZe3z69SPEjc3GkVYFzSLwPH275xa//euiglo87duz6cvnqO756dZ9ePWadPH3Bwg9bWlr69u1FNQIJw9fmGAV7ztx5X3y58vZbrmpXV3fxhac/9MjzxPGqy8/VNQIP/uwXf6JkWg6+MX/nrj2zLzpzyOD+vXp2ozlIcpP8EvEsU5fzFixZ+N6H//Ld2wnDqUePJ2G5yRbZZIt0sna1UyePn/v2QjPB6H/8zrzFp548PZVOnXTitJdeftNqb0iKDdTt0r07fzH5PWbKxO76sdePP/3y4iWfUhpSzhcs+OCbd97Q2NDh8tnn/vhnv0VSGDNq+MFDTX/568OktAfRzJwxhfy+8eb8194wkvRjLY9yV15+fr8+PTPpND1y99STZ1CNwD/f/dCadca55A+t37Rrz94TZ0wdPLDv+DGjPv18eTqTOu3U48mrjZu3/O4P99FuZeeu3R98uPTfv//NTCZ9zZUX/vQXvyeOU6dMohqBjz/10uIPPqEMN2zaMn/Bkm/deWNjY8fLLz3vxz/73+DIGYXeqjtOd9K8PP3sqwvf+4C6/PVvj958/eVDhw4YPFjLx41btpILafYURw5EfZuamz/9/EsUA9g0EA/JdWueFrfAuwvOMYP/VUGFgYJH3oC2QJzPAzLNQoLz+8OS3e0JyTkB/9jtgsPecwJ7p5g8Y9nkcl/Mjkc8McC5zlWsogOsD2ighEuyOIwlS32GiJFvchgrstLlPlmYn8dVUC4GglRZQxc/lUJtaEMgKqo2MMo6VN3iaHWiGlr15FHqVQXjKJMg/qtcUQUlOgWa3klGN8RVsQMzxwIMNtZsyzWmArWJa8paYHCF2Hvk9A6dtaNtug4c36nP6Eh6fY/ImkC5Wh11zZHKJu1HP/jW+289+b+/+Lfbbr7iu/9wy8P3/ur9t5+YPu2oMJmdYbKbYCWyxYgmhHAT8RTknVpLk9QKjJMycfLd9gum9k7IxQA2ird1fpCs5O5FaGm/UuCKqY8qldbOQNfsUmiIVG7mlhaEX0SB2yNI+cK6jUws6MsVlFzU3OKaSLmR1kHGEBkD2k1NjTas0P84UWtdtTW1aTrq4AYJi3BMp1P0HHHzh0LT49PU+XA+R/7pP/RPVr90ZDWQ3xzZJc+2Zo2rhd60GhchYFrCBlqFvZerhieGwDaDpCFJzRSkWKouAi0NBEYwMrIQdQlHKkZN9AA7tEcgRogQwztwX4o4AD+TEAIUO0GE4uhmC8BRGr0XB3/hKKRTadJWadpJoDyyaiQspcsheGECkk1VSPwKF93aZAunjZkOxWHIXRnDxbATiNuj820SiJN0iWP40EHjx4z0XJPGje7WrbOH8qOlX+on7drCL17yGfnVj2G1I+KLmPbU2NCRnib8wCMvet5/9PGyffv3k5tzzzrBE+ILr7zj0gh0pxYZpa1ctZ7cHDnpCKdU06ZOIJMAMohb8uHn9R3aDdcPdZ379vtbdZ1Fi27rlu1vv6upK40YPqh9+zrunHARHmpq+vPdjwVpBBJMP+4oMn4lA837H3rOuXyUz+cXLtIOGG3s2LHBfdqpxvOvjx5ubrFCOmG6Zvhw/oKPLI1Ain37DtL0Of5YbRGge9fO3bpqufbcS29SjUAL7y1eulM7/dZGY6cOVCHvgYef88j84Udf7N2vnaZ6ztknGVGmH1nh/IOPPJ9z4N35S8jgl8SrT59euZw2XCb/jW9j6AeIdGyN9UE2xthadNExasQQ8rh33wHDVqKJd+Zrh/l2qG/vdHSWqNZWLcFrazO68T8wJxPpBe9/cvBgU0trlqR52gR5qVnOT9ETa1JABwnafIT8N66OHduTYgCaHt6irVt3GvvrepibN2+ninQjRgxuX99OCx5cjQbp6Ovq6kh0Xp873ynw0s9X0K3c/v21kt+pU0PfPuQGXnrlLaoRaOHpZ1/T2aIpR49HptrioUNNr82Z5yzYJJVoGR45fDBoDDtqirMI3f/Q08ibg5/v26vVqfPOOZW60G9Be/bq7kzRXA4vXvIpCai2ri6YTFMR1smaa9u1czTXNHmAZLlu4Q9NnjQOOcQ97phJJKFIcViy5FPyePrJmgrd+vWbLY1Amn7Nhw///f4n9Oxud8zUiXINI0b5u+4O0wgkk512NI/ecCXpp1oeaVHu3884V3eGXpWWr1xjaQRSvP76u2SOR26mTT1SIztuCuFJSvPfH3jaqYRBivmCRZoucmMjqdfaOdSnnzKT/K4jETc1AikOtxz+23004u2nmgcf2+nClwh7du+1NAIpXnhJswVIUp6GngRo3uvCJd+FgZUWcsN1paJEvVbdrxcxsjT8ooZeYAD445tAnhYzSzWTY1ovnRXZyVIhLlg/BQUY7Ue1oJqqqz0MqRZUVVEWA27TIyoECpvMLEuB0JbRFYDwdqyaM1g27mXeM4ASkpKF+3P0igU9mhPjXD5f9rWYa2SJcckXy/jyYUP5UZyx4rQRZlffue/wGddYj6NPuunDZ396eP/O0CCwebymucLpeR+AI0YP+843bwl6S2rEV7/+g9Ysl1XUrl06/eI//yXo7a49e7/zvZ/qq5bw43/7h0svPtNDQBaa7/r9T0479/oNG7aEy2yotdrDOpUZ9rXbrjpq0li/+69+e+8dX7mqppZtB/r5l998/KmXfc7g+qMtLh950/WzmRzuue+Jt999H0UiZAUEhF8wcdN1FxM5/Rx+88f7yQI94gREOohAz+z/+tE/dO3Smfl+48at//aT3zKEcIc6etSQb3/9eiaHu+55fMF7H7v8qoDITJ9BSveI9P2oSI1AAWfO16HUUX5BwFUkZOeGGnhdgemFPrsW8zBbLZ6VBW7WAIx74zxEpzzGvbXf4OVjyKTJwGnulDJJZdJpsneFzfbe/d27+0m34u1ykAIEPoh5lfQSxYPshGpWVG3DsTyBguBzmKssQgqbSghlfALhx4C/yiQWhuAajbctVLdzVjDwhgWaInJG0yXO5aQYSKO0CmM0jO7AOIsQJys+d3Et2owWwgz1gbVFbs1a1IUSK8qgJskC2gTd/Jh5F83EVFoQGv1hnwu4XZIqEpBoafN0jmCaTbGcV65Z39rKsKTu0T8j+OzzVR6XTVu2k99Mhn6k4R9w0l+N9ZDB/chDSza7cdM2N42GdRu2jjuioat20qWdGtlc1j258AWC0MtvzBs+fFB9+/YDBvZev34L9Tp1sqZZtXLlevI4ZNAATYJ8fu5b7yEf5sxdeOKMo0ljPXhgP92snR0IBla4vr514aJP8nkckokD+mkKYdt37N6376CH3atvzD/qyDGZmsyYMcN1BUFM2Sx872PLnD/o37TU1mjn3i547yN/7fjks5Xjx4yiBAMH9SM+svnsh58sc2S8IRjxfvbpJ1geh+opQ3Jkw8atfrHXrd80fsxILUfsrh727TtgGS+0mDcdau7YsUOnBs2QoelmaP7lXaUKO2Qx7rZu3zl/0YfrNmz2hL5l83ZktXbuVKMOSz78/BxNcw5uvenSJ555beuWHbTSk4z++a/+Ygls+aKLPdiczhhagbTPwbR8aqlBkv2NtxZaxVZvQrSH19+Yf9LMqaScDB3Yb9nyNQZTMy5kID1/4QcHDjXRiINDueRwS0uH9u27deuybt1mUhRBWx3Kvb/4UxoxK0XI6g25+vTpMWRQ/3fnLe6mT9g/+vgL5AU8/cLrN15zSTqdaWjoOGSwZk2wtbV146Yt/vK3luRgp1F6nTIeR40cOnHcqO3bds5f+OFh87jtF156k1wOXxtHjRxmkn1gk708l1weYQiozdqXXn1rxIjB9fXtBg7st27dRvp66pSJSKuGa/VeHdrVa3qHL7zypi9OaOOWbTt37SapRKK/cNFHSBxkKWPr9h0hBOlMet7CJQcOHjfFxzgAABAASURBVPLX0ubDLR3q23Xt1nnNug0pSNEzpl99/R0PGcm4eYuWHDf1qK5dNXuHA3Qlwm3bdu7bt99D+cprb00+clxNTWbs2JELF37Qvr0W8RdfmeuXatPWrVrEu2oRX/TehyzBI3qHdRs2gbuT2rx1O/XVtWvn/QcOoGRgtJCuDw4T68U8jYB5ZE8hA3WsU/BG1j++iCdKoYekYByToLdqdnoXRxgRxJEworqBMQ6NHX2u8ptIUtOhBe39RM+1iF+KXd1eAVBVSmOIVtpqOV0WSrsZaoMqAEJVVo2FUZEVwdg2tle82mp8GyoY+kRZpoBXfutY3jGsEp1AJ8ohsiDxxgmPLkElQ86kWgIYMvWS1YseiyTr3O+Iocdc2nvkdNM2mIbug448+fb7Nn46Z9XCRw/sWOPzpEtM9R+ZttRCYzRy+JAZxx0dQnDV5effc9/jiAN33Hb1jOMmhxD89e+Pfbp0OdkYmH3RGUyCTDr943//x+tu/qdwmR3lV+HQygjy7DNOGjZkgP/1y6+9c/RR4xoaOjA9jxox9AlNKTCi9Hzza9dNHM+2+/j2O+/pSoGBHDDPqgvrQRRnzDp+wtiRfvf1GzY5lQKnH3vk12+9yk/2zoIP/vePDyB5+IXX4j1h3KjzzjopxNuf7310w8bt4ZxGDBs0Y9qRTO+7du1d8N4nSAog/ILrNYW12oVF/QKXEweMrahEfTBZeJ40Sxh0gdfYKqev6IPl5P1vMnAx1OzneXWdAwTG1vqf/sfR+tD7kBVJSzUQBUB8KVPBqAySeakCEOkQCEePEOVJ7r183eElVZC8wOSKI3rKOAErreZ8b+Togn2CsWsvp8alrJmVCSlh0GbX2gNxOFYI1MbFk1BJgy8kUD7bk9WdtV3BfMXZ5gnpxLmijGXYymUhFmTF3/XnIeJk48iIgEsS8Ko0RXmXCFHIlxzANcLC6Onn5+7Zs49nSLV95x6PywGf4mBAiJie51uTznz3mzf4KdrXtwPN8FuNJaHGfH80861bd+7bv7+xoeGUE6bdc99TxF9Dxw5ddEWoOfr5pzTcQ83NliQeDoeaD9e3bz9oQB9TKdDef/DEwXNDsXbdJvcbL39qum+nfuayB9ls7sf/9SevKzh5auivqxUS3HIj49O4lHmgWPv2df169SA3zU2HnUJaAm2w1TE1GDmSyfyff7jZz5aaxKvTcwTMacChpiY/ZUtroJVENxiJv2HDZnIddeTYr912VWNjx9oa3Z53HucivuZCLYdb3p63+PjjJvfu2f32my/P5fP79x3csm37O/OXrF1LUy+wruoWCw0b4cZ7TFJDO2JCKydeakP4Q02H6+vbDxjUd9mKNeYsyXjX3NT8/ItzBw3qd9N1s3v26tauri6T1jKF8E+nNH1ZahZ94IA+pOI1Nx9OpVNO/lRH4k93P0zZkVWs+g6kOsDGLdv8B+StW7vp33/0a+pzkH44b4bk4D/ehnygOVhbR+sUevaFOf369u7YsX7WKTPI1dTUtGPnnhUr17759qLWVjqnA53sjX59+7DIFppkJmydTdiydce+vQcaO3WcddL0v9z7CNLs5DV01Us+tZ7Yp69Rhjdu2MJs7Hbu2tOtW5eePbv5igmzLHsRYiOQoqmp+bkX5gwe1O/m6y/t2bN7XV0NPeWGlJxM2vpmFfqZcm7evM3P5KWX3yQX0htQakh11x5Wvc5lf/hTmkeIpDm92eDTfKXYuXNPt65devXsjgIBjl8vdu/Z56XVljTzCJI9Z5A1f1c/ZgoI2+7XCxKeHa45L0QSkYUCS6sAjlGC063cosEDMI5jiR4HWYkiN951ABuD+qKkp2S4KsQF6/OHQgACZ0uVVpSNFZnAlxVXb6MmeG1oQzWh0iqDw5ZMhQ47qgyxh0wVDSy28YXKC8EbxXyE5Y5KPU7XA2ycA4JKHPH2jVPGF8XFj2lBags2D/qOv/EsChffrv3HjT75lq1fzju0Z1OQh64Dxo868SZCyXybStUMmHB6/wmnbV/13hdz/rx/+2qvzgsy1mSBEX4sXH3FeZxKgeeddUoUiVb4ph09IXhyi4YPHRgsvFMzxrAWGAOCaQTolTnvXnz+acyXPbp36dG92/Ydu0IYkPX0sWNGMF/l8/n7H30+QiTsaI1LoLcZM3rYpIlH+N0ztTXxlAK9oC3z1265Ipzsjluv+ud/+xVKEhDrdQzgqJDiBQ2cLz2W+dxP7lUc30ak6YDpgVxcwdEwIUV2BQDs/jlYXIwNGanmHMhmmFByhkQH4yh1rKDwQxfEAvQCuaQG0RC5IOEZPH956QOAGXQgzgaJx4Uv2ZU1DsKMsHIRbHCzBAFXtQIA/zs1CZRQN8DbSCsP0dXUg0RrVrJQnGpgdYQBWjVFg/qIckcNB7Kgu5cY83ATL3XA4zP4pfqsc+9G8wGMzTFNXdmzaRQ0reXVMXAN3oKJcYh/5Z/ciQ+T3H+NJ47kzfEZv2cGmq7J0OinMx6z8Zr8LS2aYllz82HbA0Ka6TUOlaD5Cz8+/dTpQwf1TadTuVz+xJlTkK6+ppkkBNRON9OlnftptC7eeNKvXKgGlREwBlZOORoqB3bt2escPPszqyajaWUddkQtGIbfXZoGoS2AqSuJHNpLLujphuvbt6Npm83m3UyNStCiGfkzpgdaRtQY3ExDjy606rp+TRpnsHqzXDbHkhkcN/yKyLoMqfS37ryuc6dG8ny4tWXP3gNNTc2ZGiJaTfeuncN5vPzaOytWrp11yvTevbpn0unOnRvINXrk0J279jz6xEvrN24JkQMj79JlXXvtKNhcay4oAvToWJLIugjG11QWh9kXn0k/XCSLEvv3H6DpVluT6da1k/mpKm7XTi+KrXmPJJ4bZCp6NusHQIe0w2kz40JyUNNB1Lnt3bv/v39117lnnTR65PCOHevr29cP7N9+QP8+Jxw/9f3Fnz7z/OtUij179v38l382yBrq27cnNBrZzBlTFi9e+szzr9nrKUYza0g4b8HiM04/YciQ/qSUZnPZk2cei7QTkJs3bNSU4ehJ0MRnLp9jRoZaoKzTDV7aBQp5BgWBjdSevftQFC695KxJ48cg/du2fXv364rCJI9qunfvDMhQoauvr6dy2mYvmcCaNi0y6jXYrj7Ud6AMcVDE9aKC6nTzhHxw1bJstpXxnmZO2NpCTEBAfQ9LCsXhI6pa5Oogkg4VtK8ZachI4jyB0LGHkO8CDZLZn24avYHd55UkxJMLhHISXEHgGDUsohyFv5YJ2BogF21HC2jl1ZCoCM4+JFCOioHx6XeQqcBYkS1AZgkBEKoio4gG5Dvxik6mqioDVYRMhbXPbWhDKEI3PtXO4AoLhuzYvKoCdKTd1pYVGJBQrUmTxeZ0miyIR6wTVQToUilmKQsUGEOOmZ2C1JBjLl768m+CaHZv+mLdRy/UtGto6D4oiGbPxi82fPjigR1rXa7mmoYxqVAdzUED+vXs0XXb9l3hZOPGjqQL4pGAdNiHv8CruhCzUZJZffjDXx4KUgokuPaqC37x/+4O4XDOmSfST7r9+GTpl60trYEBe/ocCCCSB6/3ZE4wCGWq1+JUCo6dOhGF4rSTj1WuFKg6pSU9G7pwIPExoVyIni1DY/vNWJYC68HhDo5/yNzzdzC07rOahb6sN6xgkJYzk8mQMpDN5Wh7ji2rGE4uEUXT+xozFS2B4ZYsREsYa/FaQEqQ9CcDFeyFOgP3RnaMki9AzkWvLqGlOCWhOg9SvmIGGkQar5kO1RlSjgR4gutPIryjg0m+qSwTWMkkaXiSD4nNyTkZc0eNvTIEyLI/CZjvHDfpxAzPBs7ibMuGw/TkeEVC3PJQxUlkKa2Am4P9mQRE8+YOlOeN9503XDmVQTm9QBD2C77DiK0bOuEKZrZlyw40QVP8+sl/3+V+wy8AW9p5Cz+adfKxqVTquGOPevud98frn5B99PEy+nbz5u1HTjii3qnz50a9rq60cZN9hC6wEiaTSUUKx8z33Xv3de7cYJ3i6sHJJx7TpXPjkg8/X71mA4ulJsS6jVso51/8773NTc0oGDt37UaaAladnxHSrLX1dDzCli3b0UTU0tLyo5//MZAj9tjtjqytHLvwjoeLLzyNLIDk8/n7Hnr2yxVrrEQnK27/9/t3hnsmWLl6/cq7HiI3JIXHjBo+buyIAf37dOva+cbrLvnhT39vHcHMU8ZIOSGpYeuG+sKkRUgrJ0YTbK0c4bFjhlONwLlvLXz9jflO3//8nVs7tG9PJMnl8pu2bCNk7dvX5vKOhURTtEkTjhg+fOCGDVsWLNLO9q2rq+vZs/sXX3oP7E6lUxedNwtp5/C+tUU/vLulpfVHP/sdu8OAlLZ2aa+f4GdfeOPZ598gbkMG9yPJNWbUiHbt6o6ZMvFg06G5cxfS+V0e46efe/1p9Ho6lRoyeMB4QnbEyHbt66ZOnbD/0IE35i7Qt+KtDsJIiXcXfDDr1ONJWNOnH/3mWwvG68cmfPjRZ5Ro/YZNujyoS5fG3bsZCnzddcN7O3ftYTcw5t92dXVyfdq4McOpRuAbb81/bc67zpbqe9+9g+osanJqKoxake/YseOBAwc9qdqvd6/jjjuquanl2Rdf37V7b6fOjV26dHY0FXaPfOpJM0hMF3+wdP36jXrEgVDu3r0HBUXca4TVG8m6dnXut9x6TvatspEVHYiEamSAVF8mLocTyQfIDr3A4RYM1kESOOwjFe+wqowhZ3kMgLnAFAAc0jtGVBq7eRFjy+BEzw5GsgNOpCCzrabdwUl9CaIGPcJWnKCSKjBAUtugBv/Kbe1KH5Fr3FWJtvJYsUjW2HUbEgb4Li5Uc4UOXEFLslNXCxDOeJlCUmYwvkJFlQ7LpFxpRDWx0gSmpcDCRBSCr4KE7Ph+OvEgA+PXoeuAXiO0T40HjD+jtj5QbQ7nWjd+/Mpbd9286JF/3rH2Q9crhLcsnzf/vn+Y/7evb1n2jm5bw1jt1/c2IJ3OmKulcnsqEfjabddE0tx5azQNDWzR+x+H0Di3NBz+wL8FJfVtYFQBDE2Pdes2htgCPOv0E1Aorrz0nKBX99z3JIqEV8U1Zn0S9w4Rz1JBczE576yTa2oy4TRkNfyYo8ejGEi4mRLmZ3mwD8p1IZUil4F0ytg0sZCxLic0TxHRBFfYGuinAcZQAFMbnRbyuum/vPY3b/ySjSN978iG9pDD2uWuthw1UWviUsgo/oFVHkch736kX/e6EkFBfgv2dSBI7w3M2NHg8BgroFAm4ay8lGBfIexsMilpeejjRsSMDuK5xIWP4BSSYs7L2EY1Fs1FwwqWHZCMr+jE5CkbvpDYwogkeOFG/YCE4sabBEgwyvziuv8G7kioCB0q5TLSCVQyZKVWMkiAcWC8wE0gkmJiwatEdPOkUiQIdVeQOiimZyeXMK6cgYjQG8M6ue8bOSOqkXk+5Vq3QbPc1q62rl27Gh8xTDlyzPe+85U1c0KuAAAQAElEQVR/+Nq1EjElcVmxch25O2by2IEDerdvV0fu577zPvWwZr1mqKwmU9OrF+OAzt69elDze2vXaspALa1ZPWzQNMDAJUnXLp0DhInAju07yW+vnt38kte2qz1p5tRJE0bXBk7TNLKW5laqRjZm9FB/iF06d/rnb3/l+9+9tVvXzhv1A4Jramq7dGasmYwdM9z5qOcI1Gk5UutnO2Xy2H/97m3/+PUbrFkCEkQKotNn0IB+5PedBR/oGoHIou/Xv3e4x1NPOvbSi8/qbEZzz5798xZ+8Ke7H3n+xbnkkaTngAF9HGkN/ipR47ZYuWatprxVU1PTm1VO+vTumdHp16zZYMzZdGFpaRk3RlOA27x122tz5nkmUO3rarGZgmvXbyb3NbW1mtjYOGbF+mL+zNNnTpowpn8/LeK6OhoaMXywX5KJE0ZPmjhm4oQxTU2H1+plu07LQmYOjv/+/7n9W3feQIImkZp90RnTpx9NJcllsytWrH3y6dd+/F+/b9JP1p44bhSZhvbu1XP2xWcdP30KXdzN5vLLV6554plXf/Sz3zbp2qiTxo92fmfp+KBNM5G4YuVapB1qMXHgwP7tdM3UN95aqE+30y0tWTKbJbRTJk9MkSG2caXoRfKip3Z+Lmzast1YbtVVurt27Zxydx19+vSwQuesgBTjxmpam5u2bnv19Xc9Zbl9O9tK36FDTXndpN+RE47wh3LKKdOPnDj2iNFaPdq2bQdJCpKwvuEd1NW1O/nEYwkliVdz82FqY/LoIxnLLGSuoUccbdhsrOBR2fytTd9ePT2h8MfdQiaTBtGECwRwEKgIhx/gmgopBj1vXA/GH3CcmHL28QGeEgRt3DjCsFpZVKpQPL70wP7GpKzAbUqg4lFx6VAVGWs19tUEqJLMNWEbbmkDG6YGRsKJVIw8aFMKLF+0jS3E4dnkVTdXa0NxUUqKcsmjoFuDoVeCqJoxCQTcFxxDpl5MlVrSNXUDjzw3ghrj7SvfW/jAt9d99KLltvztvy157N92r/+EuVeiKQVmMil93yIhE/pnn35SJM3x04+OpKEyZ7PZd+cvCSL5f7+9x+eHAam1/UCRkEMJJRxPPz8n6FX/vr06NtSH+KVfnPvR2tr6wstv+UVy96FO7ez4BRqCXLn7bWkZBFcL9by+7srzeHx89eZLo9nxAxCzxsn65/all0Ww+gJa0E1HUw8wndZ/dL0fTSdY0/gz9P9qyMahiQzZVaqhLvqVTqXYcnoUsbzAhh4uVa7TlP+wU+XPQNaFVg9atItsqLjbr8h0Fi1pUdnGDlE0s7npPaHwdfQhqeKcNkO0N+DVGxQFRF3KERaQ0ECVVzhw18XkR2rAQwF8vojQGb3qB3RrwGbNc8XKXQh0jQ6amQf8woQX0+BXnJJEX2GyQayLJ98c9HxwiA12WjDjJXDFiEFZXBBe3iQYsi8RCBWmWMxC4+Iv9J5aETNNgsjlCltIOxKVfqEhsXn4A9FpAcIk0YFZXh0JIggpTw6fXIkqGgKDnoxHycgTW7bKQFZsZnh6+jUf1g7E7NK10ZlRW7Zsb2nVTgi9WLdz5kQ6DWeeMbNdbd3+gweRFF55fR757dTQcN5ZJ5KbbTt2NZkW9Ui4VO3psotO93u87GLNhv2hpibihSTEnr37tBkyoHG63o+V/r179+jcmcuivx/vfaAZS6urqz1u2kRP4T379OPJK5IXXy5fE85kg34Y7qyTj0OGWDYuv/TM+vr2KYCdu/as37A5m9cOSr7wvFM9HBobO4weMcTpsnnzNpojl1xwuqd1ICsjZ59+Yl1t3YGDB5B+3Goe2QUmEjTByUyrv6bbF9ZE1NZqmnbNTU0ON41m6uSID9UmTThiwtiR06cd5XFf+N7HtGJ3bF/nbc3MO2pzfdiwAU6Pm81ycvnss/zBXT77TETLyfZd2iTO0Kk12or69pqduZbD3lMLjhg9FFK2auyGDVtatRN9SRU4zZMUo0cN7aCfM7tw8Sfk96NPNDuXQwb37+wzMHnyzGnkd9eu3aTYbCI5qB+VMPvCM5GZdPQiE9yzzzyJlLp9+/eRGWZ9fbuxY0acMnOa/ulZjl70K7Rly1drZv8gRWLVoUN7st5yyonTHB+wGbqLy1asRlqepjHj+AXjz8uvaAsyjZ0aLjjnFOK4ddtOUg2tL+3WrdtMQjl++pR27dvpH+AZE3FynXPmyfSU7cVLPtam6ZA61HSYMB0+dLDeM6RoF0reTBhDl4N8vUUUjDxq9ubRmNHDUimX+jJJVfJ70onHugmBJM6IYYPJ3bIvV5Lf9xZrn+nW1dUdN827iEdSnvyS1F22XKNcoxsBJREnKwseSj3imkX/9xZ/RF0OaWemo+HDBjnJSIIErYNx4vBhraZruoa+WkgEOP64qf3790EiAI40t2hRwWBXdsXQD4DO094hIFA14QqygGSTV4y3/PApebA7IMdrY/yHhIGRa8QcL/bgu2FQqChmccuqumx2je/Vlx1rUB8lRNnDHMWZD5WNio8gC1UZaXpuQYn2K6WBylRRaFMKLEeoqKhVqAZsJFs5xTxsrTKK1jCVUz2ohshiw1RggVDE8QA1/aiutkLoVVgwQsbJ5mp0XGvrO/Ufbx84O2jyBalMLeLA6oWPUiWwXOvhtUueMUILFUUkV8WyqLGx41FHjgshOP+cU/2rhCH4yte+99EnX3gcs7ncT37+h3c0fcGIhDW+S4+OcFSRFF0nQnDXXx8Jobj6skDdtbNOPyGTYRtRmL/oY1cgQcBxCnR01eRIDOnKLe7RQdixQ4cRwwbyeDr6qHG6ITwnG+/urIQADumtjXHLNEAKTCt9Kcs4n6Wep6voOVTytIu8Cl7G8i75WCbuaLttWOZzmOXLUTN8ubyplUd/HJp51o/ubnwizoxn4QGcFJh/3BXRHxU1upxgFz0rEhGNQHRN5xMB+FkFa0iEsIjIKD6RrDQRpOeIO8RNwwj+TMGC34WovYQEFFKW5CRk+/UIGXoFcQSOS1pgnigXE8kHHycEcPwWUYxyAS3k1RBTBiCiEXOkCzC8xA681MBIBmC/YntGruaR16MNjJBMexjSnovzCglBRSOvKNcdiW1iyxbNNl4a0jNnHG0FQ4Zfz76k6QyNHjnk5BOnOukvu/iMGt1c3+tvLGRxjowmbNuxe8++/eSuVw/N7Na8BR866R9/6jVy16Nbl1tunG2ZTq+trfnqzZd279qFvHrsyVctXk3NzcRl1qnHdelEtQChZ/duN1xzAZLFli07Vq1eT27OnDVj4sTRlvuM4446aqJ2numH2qTes3Pt3cV+5PGXyBymY4f6G669kMyZrAQ56sgxfXtrJsTeX7KU/JK5ytvvLka6Ptlll5xpee/Tu+c3bvceSqDliG5Xb/SIoSefeIzz1eWzz6IGFF+box2G6xSFp9hs0NWqCE4/5bjaurAljl36SbLHTJ2Ucnx2NWbU0InjR4UH+NnnmrrVtKkTPMpMxIV6oBYi/QBNo24faMe2dhk8qJ+zVD36xMtIc+96282X15orM7W1tbffckW3rl2QlgsvYoddKMvjOu3MWTSwf58uXWzN0W5dO1160ZnOoMnM8+VX3yY3Q4YMuPCCWSYbNHzYwCv08xB27963fp1msHDO3PlNuqLk1796Tc8e3aj3dDp97VUXdNHVBF9+5W2dI37mBe17y9Gjhp5ykkuJ7YrZ59CVk1fnaPqyXy5fTea7ZMJ943WznVWfLECN0PXPtmzbQX6Xa2Q5EtBN113qHDeTyjJS14ejZK4EcHTbW7fv3LtHy9BevTR7fvQr1pyphvjgY8+RqTSZ8P/D16/v3q1zzpiG588546QpR08gkXl/8cc7d+3VdS7x1q07sKa4OXDU8MF06YrU3K9+5aqaOroSiAPyFnxOoH8FmN6waQtZQBg0sC/Jd0MVMZXu0b3rZZecY2kc6oCHH3+eeGzXru5bd95QV1tL1dW7dO70tVuvI3yIzK/PXYB0o4arVmkGSs86Y+aRk8ZaIZ4wY+rR+rrfBx9/RkV64LFnSfzJ8sZ3/uG2nt1tO5Tnn30aKflI0y/8xDpZeOv2HXqRGDRqxDAjjzI1X73l6tq6kCXQ6P6EajoS+U+ceSyYGUf9fOvOm84644Q7brl67OgRiA96kgjpFcXo8eQAsktYAXBW/FB2CgKMPUhQhuKGXr4onRwMApi1uLIhEsHyTwyan5WfqwaqoQD7IKe4XOZgzDLbYFlRTF4Lo0j6LBnUhlJHW6VUBmylZiUkamQcqkklEOMC68sVDWoPSi7VAR6WimgJV2uwftyuhpPcYTERwYlg0OQL0g4twHYduvQbf+r6D16I9Hhw57ptKxb2Gj5t/ScvtTbtiwrZ+Aqab8gjk5933nrNDbd9N4jhjddegkSQzWZnX33n1MkTzzxj5rAhgw4dPLT0i+X33v/kvn0HOMSj8yctpvX17ciaI3n69LMvdQtk4f5crMnS5NDBA8jmxEefftHa0or4QHZs1q7bOGhgP+bb884+5Q93PcR8dcWlZ6MA/OEvDzIjTZZ1R44YTJZ0l36+MtuajVGSQ/vnxKs3xHivaeHffN1FnFPmTDo9+4LTH9F3RBi8IWrxF4JfODa5wPo12h+Hi/Fr/EO+/0g/nIgA2R9qs0OlmY2xwyimXQCwnjJY3Ni63FKLXBEB5i0XvQveyLv9gAAnvtcyvoCXHkRYMGFo9ascY4gKBdEkSqUIh4RBawip6ckg8VY2MkC5li+xEKVJJf1C1FtQ0j0qymeIeE4G0UMvVGQUXYBwWNYNwLkuohRyg0ClkkRNRiI9G8b07ORyvI6KH+bgHw1ws+QgiiYX/CrL5wRODtgeq9FNT+wNyWXkKpklGo+UUd8iiPJk88MS0THS7pt3XBNAgH/y3385rJv9E6oKH3667MzTZ2RS6VNPOOakmUfnsvmt23f9+a+PffTxsvFHDB85fPBJM6ZMOWrstu27SA7169OTKmC9/vbCVWs2IlnMX/jRmbNmkJsczi/5yPXt3Jcr1iz64NOpR44b0LfXv37nlv0HDxHHhg719CyCRYs/XbFqnUX84ivvXHLBae1qa7/1tWv2HTiQTqc76DbGNmza0r+vfqatt/ZFJ80jT758521Xdaivv/i8U885Y+b+/QcbGjrU1WpLHHv27H/ymTnIz5LWdDNL9+87+Mpr8047dfrQwf2/951btm7b2dzc0qNH106NHZFuR/CFV96hkrzx5qJxY4b36N513JgRR3x/2P59B2rraqiZtOdemnv26Sc4B/8ffvTFuCNGjhox+KTjj5kyedy2bXqO9CU5osk2560Feo6YkzNLOvAKa8lMBW5tyW7fuatHt65DBvX/1+/edri5BVLww5/+wRdJTaRbbpjdqaHj//3+HRs3bd+2Y2e/Pr169ei2c9eehsYOtZkaZwhOvPjKW2OOGNa5U+NtN162dfvObdt3dmps6NWrW50uB/YooAAAEABJREFU+WdfrKAW11iCorfmvzdi+EASo69cP/twS2s6nXpn3uLX5sxbvnz1+4s/mTJ5/IB+vX/wL7fv26+Vk0btHAPN56L3P16xcp2DG2ldjOnV2+++P33akbW1tf/4jZt279qzat3Gbl06DR7UL5vN7di5q3u3rpanBYs+Gj9uFFkJmTxp3MRxo/fu3V9XV9exo2YjMJfL/vkeexnkkcdfuPrKCwjPO2+/9uDBJlINO3VuoJqaSz5a+tmylUYOfvjZ+DEjR40cctIJ06ZMnrB9u2bwsl/fXrW1ep2aO19XSNUy5tEnXrx89tlDBvf/t3/52rp1m5taDvfv06tTp46kFhA5n33eKISPPvGSRjaEkN25bt2mppYWjawzJcs+8/zrvkTV59Rm3r87f8lZZ56oRye35INPnWuJBw8cfPzJly+56PT27dt97fZrDh1qbjnc0rGhQyaTJhy2bNnx9LOvWceaP/7US9/99i0kja+5+sID+w/ldY3YVDq1YsXa4cMHIRbAqC7g6u4AaV8gQurdBUtmHDuZpOe3v/mVXbv2rF63oWuXzoMH9svmsjt27u7erQs1SEg8kCo5960FJ51wbI8e3f/te3eSRxLHRi0FtAR65LEXDpoGTR96/Llvfu1Gsp42+8Izzz3rlP37DzQ0dGyna+/t3r2PRIGSNTc1k/vZF5/Zob7dN++84eCh5taWlo4dtYgj3UTlM8+9ZpVOkkT/59u3krCuu/qi/fsPYY6I8+DDj5aec+ZJmUzmtFOOP+XE47K53NatO/9w19/JK8sG6uiRw8iKIi/H0tfHsBsmXcdf1U4FhPa24L5zjzkSgzMv1AYH4sNga5EPJyKRAgB7+OechcRiznCSYWlxwmLvOLmDgoyBeDL4ONFbdQUH06+B6dJf9F4AlGBhFULUmr+C/FKX5SpQhWqB1QdrBlLelbMNgmhTCmxDdcDqVEu7O1MpXSxzTWWI6ogqVhjPEh/bVU6GWjN2L8jaGVkB177TjVQUSxLpmrrBk72m44ZOmb3+wxf9kzpvZACtXvRoz2FT1yx6AkUC82RrrGJ5zNSJqVQqn8872BkMyULwEaOGCXHr2aPr04/80ekyccIRV1563vKVa6+9+Z+oy7OP/ZGsb3o8/sdPfvvqG/N69er+g+/ePm3qRLIma706eKjpy+Wr7vzHH27bvpsRpBn70aOGffsbN02dPL7O8b3yoaamdes3//xXd5EldRSFhx9/8Tvfupn5iuxz1NTWmCqGrgQ/csIRTC9E7MUfLHW63HHrleefdXLPHt2csWttze7Zu2/VmvU/+OH/rlnH2HB64oFf9+7V3e0GZM333MvuaG5qcUrzxIO/7tWzu5/DBZd/bfuOXSgUv/qv/zPlKOM4pHqHeE6MHjnk3dfud7ps2LD5suv/CXGBUUovOOckxI1rrzzv8WdeNXeiLG7GCkM6nUYycPQPmK6jUp0+bLE3/tp//C7GH9PsH2d9JOR+Srm6HNhgRvuSC8t3KwMcaNxWinHs6MSAopGB8rVybtfwN8q8CNLbWoHAx7QAI7SEo8zpC9TVG3mPcVI7Zk7FzWilnzJzsypA8RQM1bU/WLQZRHHSRQjg/EkkoYqZAXzgllAqnfirJI50sFiKIT4fHg56f0bNGLn2s3Gwx6BRpaqIc/pStUHLyzyXy1FfrKUXwyhSOpNChx1esjnEwZ1M5e5/+IXLLz69rrY2TRYVNDPfxgzivoefn3LUuNNPPbZjfX3HQfXU8WDToedefPvTz1Z4Jcz7FyIC47jgvY/POHUGicvKlesda40G/bPPv7l8+doLzzulvl27xo4dqSOZwD721Gtk+uzk8/HSLxsaO55ywjEpgE4NDcTlwMGDr89dSOaJ/fv2xl6T4YFp4sShg80//9U911x+zrAhA0ia1HXTJ9EYL/7ws2demOunZ/GEd+d/uGrtRsKkY8cO/fv1NihzubfnLZkz17awSOL+69/df/65Jx05cUw6laIaPwcOHFzw/scLF3189ukzPUtt9z30zNTJ486YNaNjfYeOgztQx4OHDj374tyl3hwB/dhcdtuTdcv81/ueuumai7p17UyqYbt2ddqhxg5YGbR+/ZaHH3uR5EtdbV3/vr3Ilc3l1m/ccvffn/jnf2QsF1gm28n85jd/uP/8c04eP3ZErx7depnm9Fqz2XkLP3j19XdRMFav3vDqG/O1LE6l6nTlOWuG+/Rzry9bvuqiC07XykmDkRqknDz6xMvLV6xxJoW5S6nJ09LS+se7Hrry8nO7de3SpWvnyV07kxd7du+7/5HntfOsu7lC//Pdj5xy0rEnHD8lk8l0M9dq1q/f9PeHnj2kqasaubN8xdr/+fXdN193aZcunchiEVUczGZbn39p7nvvf+Jk+PcHnpp69MQzT5thkREcPNj0zPNzln72pSXwp0u/vC/bet45s0i8hjnOENi0edsTT728Tze0SfDp0mUa2dmzGhs7DHNooW3atPWJp1/ev/cA2HmRN7MRrFZ0/qIPzjzjBNKmrFy11r/k/+HHn61dv/GGay/u2qVzfX37+nptMYSs0rz5zqI35s53Uu4/cOCv9z52xaXntq9v11HTy0SHD7d+8uHS9z/4VNON8zUMeb34gZU7QJcfsCEnwrlDud//6QEtj0ih7NLpyC6dSN7t3r33/oefOe/sU3C3LvQMAer/tTnvrl236bLZZ5Oi27lLIy3v+/YduP+hp9dvsC1QHjrY9PP/+dPVV1wwdMiAdnW17eo07U8S68VLPn3qWdv4aApSJFU3btxy/TUXk+LRsUM90o+Kbs22vqVHnNTINKSo/hhZffrr3x+7YvZ5JOINjR30iLeQiL/3wSck4tgX8Vyrs2a5qna2NWvdt7S2/O2BJ6+87Lx2dXX62c2kTTZscy5fsXrkiKGkJVmw6ANP8xrVJ4H4uMrbWRcE4JnoxvtQWCTSQDUIYwUbX+yYkB09l/6o2wV14jI4xcrEMMlkhqP6+BgwRiWeR/GFy+Vo84/LrCzKAjwPFR1nuZlYeaNKyjHijGblp4W1ilGcnDdWAlBRAKfd8FNtFkFacUyNguQwHadj3Z54XnfPEcecdjiY9kjdcvqwP4c1VQbdnAh5j3P0yDD9GDGdm36kGNIfkO6qRVe7R9Qd24dt0Ye8Y0dTd7S/e6Cjdwd8kx/fc2BupnTj5vppZtGLC0VCgiWCrBalU2ntlLZ8MTVRkgUwHOhX33n/IlPxkNz2C8lkSKVyjGP4KhD6SQSQz6s1t1ZyINEk2aqttmRzXPEs2086asjySSoV0kaVQ8Sid4W0IzxrakiX2tqqqWfF0/iUT5JBR5077vRv+N3ff+xfty6fz9BR8AU19JhLVy0MO68W6et06ZoMiSJZZnXXUy7Jzz/nlP/+yT/zUP7rf/zy4cee9wv8jTuuu+OWq3k4XHTlHWQ9l9yQnYA5L/zdT9DU1DxxmqFG+cmi5+p854y88PLc9Ru2fuWGSz2nxFogK+k/+tnvH3rkOX/sScn/5c/++YxZM1Ew3nhzwZDB/QcP6u9/9YMf/frhxzQTj7V1tR8veDroO7Z//8n/PkhCdwd/ysnH/u5/fsCkf+q5Od/915/T++OnT/75j77TpXMjCgbJ4pdfe+e7//Y/zU2Hne4fzHucGlHw4LTzb163znX80JJ5jzEpTz3vxg0btpKbR//+y/FjR/oJHnzshaOPHEvP6BECkXns0fqpVeB1d9dN7zoASeRhQwc++8hvkEhYx592/d4DBxxagcYP+XP26Sf8+AdfY3oke1rf/cEvkQBEWgZg3KEIRQwwD45BeSxnr1dOpyXGVrGYVy5qsh2YydRoxzZlswxf0TxEoyOhDgdRPnkZBZA4Sg8ASRA6FUTCAE5nCKeXCCLwpYIg0qB9A6Adnu3Y2bP+FwAQ6SDBg4s2tDEBqKmpIQWG7KjRdYMgQrFQE6jjYn4FKmh06GljQqct0UTziwRIvouBxAs5mTXU1NboR9DnqsNuvCS0hKrREyqX841tShJiAiqLTkZLqIyWTNlswOJCvLBwyIvQFU4c5A2HeGK88r/H2PE6z/blItdcyIoimczqFS9vMsF2GNjjF2OPi7ESjDt3rNtj6sowguZVGuRYB/KtKCsB9t9a3+OktGUqFDgiUiNMzx7d+vTutmnzzu07dnpe1dbVDOzfhwixbsOmw80RJud5Ws/+/XrcesOl5OaPf31kw8bt1J+fLFOTHjaoPxkKrlq7gaxH+snIQJFMesnWQPfuXXv37PblyrVkfo1kwC4hffr27Nm969ZtO7ds2Y6kQBJt8MC+de1qN27atn/fwZDkIZPi/gN6r1i5rulQc2Sekhn6ID1H1m7Y6M8RUqhT6RTW9kw8BSaMbWNjx4H9++4/cGDtus3h1aBL5wayvrFz995Nm7YJFj/cvWvnvn17tbS0bNqyXT82gQsko/v179OpseOq1esP6sYjnSAbE8MGD9DKyZr1VEfTNeXWT5vVd5Bci5/t69sP6NcLaYpWa9jRdbh26dJp0IC+e/ftX7d+E+vEBoOSjLU0nbN2des3bNqzJ6g50qDl4IC+Wg6uJznYEkLWr28vkjU7d+zasnVHNpsNIKvzkrFiZJxAYeYuycSv3nIlufn9n+7fsHFLkAzEV//+fTp3alixihTOQygYjY2NJFKbiQQ7dyNxYF/TV6/lkXbk9JcrVkc2ze3btxs2pD/pRlauWdfsS9IUgLF5l8/169u7R4+u27bu2LRlm4csrR9LbD4ZEV+5ap1lzNJUXzT7If2+sVPjQBLxzWbErTMOeGuHu8Cad7169Ojdp+fmTVu37rBOgtYS+cD+A3lb5RAzeDgjriNPN2dj9RXqe73oECMiF4ZUim7bSW3uqJ4E4Jjvo5C2cllv82XZBQztigdwrXIY4mn2RFNpXXUgb+32Q/B6SKdOjTt2bmeztL82cbuA4crYxQgW1EaYXqCh38d+6QPJ1kw6QyKbzTHP0pGbHSvNYxzpIAC91iK+tqqUSqogtC28TA3Z0so6lUkYEVIWxyImlr7EnSF7skEDmGSlK0bMwRxvsGZtEQKVX7F2SKz1Q+lUPueJeBlXVX6AuSJN9uWd0XeMYiI3d5w9k6fzAfOyQtMeMbLO7KKnU+jDV7JqoE8E6fKB3j2l9FfUJaX7Tul7CykMadMx7fx1PBoEmN7re/K6C7lP68Gm2ywFVi0qum4Hj69Kavk70U0S3U5QVbTgFFWyBYSNmIKvCqvY8C0Z4FDlksrQCCwRkKHf4GNmM18NnXbZthULvBnBilekRqABt6p/Qrj+6oupVpwBU+DZF56JCoXTTj0+E2rsjezL/t/v3UluHnr0Oad7Op166qHfjxwxGIXipBOmoSi0HG75fNmqMaPZxhEvOu+0Bx953uUE6JrLzwvi9vs/P0Bv/uN7d152yVkoCmSsesas408+YdopZ98QadiP5T/8HUQSySFdk/arUSTuWJAAABAASURBVJI5sP4pQcASEBlTZzJfv+1KJALi68ZrLvjv39yrP7hf6QcbIXnIKtNIaeaRBoRs5+To7JG3akfOqfg8yvlKSlsIXEcoifFQVpILf+BsEPQtFfm2PklxRTUC4wbhXg73LGUXIF/U6Zsq9mU249jvGOlLlERlpPgqdMycBe8jDtuJ4OYTB4mW1fjfMEHgA7ev6gDdMAPzoeRTABjfBYdRqws4KnHihOUy4hzJFsJZoQg+UvvZEbFz7G76h8eeA5aZ42f/1BI4klTFBFJLeUgyCJ/qe0Q9UyPMNv1cV+arlsOtrsNYQ8Fz8tupJ2qT0EPNTaZGIGItTKFsa27ZirUe9k4yMrUCXUNr2/Zd27btjLFAAMwTKzdv2rZ50zYUA6Scr3afsxyUW7v37CMX4gOZoXuMJvoAokVx374D9ING5Bt2erB7z/7dtsabUECwY9ceciFBkDniunWBx1Vr5WT5Gv02oE2k40R30WzSDl5Yg0Jgn9momakjVwipIWcuv1wrsdEJouWgy5xhINlq7UxhQ4xgssOrV6/zShSsQEJb2NNOnk5+Dx0i1XArCgYpw+vXb1q/3s2CJcy+ffs+WcpbhhFDOod8Onsi27Llqzi9NzU1+y2YOrlbdxs3bd24ia0EqRsIsLU01q5d769m7vZNe9izZy+5/ISIF3aqavpOplbijl27tu/UVsDSKWtJEB88cIAUzBRKOUPRD2bAvn5Tj5EWIcvQLI43sU54BdYfolkS/KpbPN4BZE8idtR9pAJJp51ebvMoqCfjBYSOLUsFelwNa6OKJPVxwvGmNxCtFyjCTPlMS2keA2M8HqOZoTZNeRiUfEkNRclPnlUC2g4PNlDGJbYNsqj8TE+hNpQQwHG1QRClnXjAuhTQVj2oQZoUXSeqAsVAxmIA1R+vuCJDvyYrj8pgZIHz4vKHjYuWXbnSK58qmdr2g6dcdMJX/9axc18mQdf+447/yl/6Tzozlan1ng0lB7v4JpifQ4cM0E7wcbMfPLh/zx7dBDnJi5fhO/71X759azrj+jbjr3/4aaRGYDicOm33PvBkENmYI4Zpq5bufJg8aSyTePuO3fQs4DNmHc+jEWihtrbmnj/9px1G8IxS/2rUurT/qEjARr00HyPrJWifVc2cPpn5ct7Cj4L8nXf2iZh+AZ13XdRSN0oavoYVUOAVxkYz4aBrUgadnhsaqEgNk6qM/s5RTMRoCtriY8ugJG+IokkQnVvu6gVxgwiOsHkx6MGwagCIt0vzp2VAcIGi8MfIQR8YCn8QVir4LxZLZLYmLiplsJIvSBgUGgu+9PR7tcAYBIUmpTeg6NJiJDaKvhg+JQC+0I0k5hBAZc4iO3Hc6Rd9AV/68EBBjACCLuBKVa58F5JTcTaVG6BcUsAqJIlerIDpv7Cxa7yIxSnqTi7R4UjKE05sUIBUowfRoSfXtIY3m6pYusqOLj2IFiehLFGGwGqiS0DmjkMG9yNkH328zOOPT1SbBmPDDJSKiLFkVQJ/prLiCMF+hPMOjNISVUlQxHvgXJESkjOBouhKXq9AlAJMQinOICi10thJs/WkAtAyYTYoKRgyRDsv4sOPPzdfi3JPDmAVP5XhAHI0nmzWGHnWVFhLLMh5YWwtx3ovORFNQXjM1rq8BECwkaTjpZR5gWuaxgLim7RJwsFekClYP7Ih014XKUKo8HHTSi+3utm8uKNNR7ufaBWXARgtA62l2jmzalsHqXchfgLTsORSNi4g0oGbU0l0tW1Qi2rNJsHWWHrcUFJoq5OFRgmUm2pVCqyMKlvlkJizVFumV0E5J3vPmZqatHaoboWCWciNFa7ENiqKDYxK+1Sr6K0kPuDiVNK6hm6jTrzp5DseHHvq7fWNvUIoG7oNnHDmP5741fuGH3dFTfuOKC4KoblLFrjocSpO3HnrNUgMhahZdXW1P/rBN63H8eNGHTNlIlKHZ56bE2TpPZNOnzFrhtPl+OmTa2trmMTPvjiHJEivXj1+8ZPvIEEMGzLgtpsvA7pCCYFjTk0RMK3Z4k9rZ7alyVWUpk07Aa1VOw3AunJuM4HM5dJZJx7jP0Ka4le/+/vmLTuYr7p36zJs6ADEhkTsowZD7CGT2OJNsC9WxXZt83CoJ/FJHEUu2jgLhkK9MLceIzotiYCoPzuU8MV7d1iiAIaM4kWDVHNSfdOpTOheEGs7AsS37aKlCb4CPQiHEBaKOyyHuYQSAQQ6sy9P5YqsYFwZYA+C/EG4g5MKKCSzIRRBJRM4Ljk5oziAEIe4YvhTP/iC6Ask5BRNNFCQyCqFKeVLjwwUPUYlkvg2dzswmjgQP3SFcXH4FuQWWosDq21EXMwk0iu49dpJGZICVjQgiswT0ZCWyWYaC5HpIcXSnYOhiR3KCRURunjTpkxMaacOobnvvC8w1g5m6kkblQitRirYcg0OZELg8sZbaxjjqXAPXIIrT1aTrbtemBU7ZhCe1i5SauXx8rAVZG4XMMPXsVMnpfQPUN94cyHYr4TYJhRHF3NPmx0nNJujy02CR4LI43w2l6NXLu+/8vSi6onmhal6IkMl0XR15G9kDEFfUNOX1YyLfnJrPgK59BNc9bPlUsxZD3J26IoABUh+ZqAKeqkCQaWY7j6ppGC0xI7mXSHf4HfyXAXDYpCC8mxQzdDHT5o7KJetBGG0kr4k88ZbbX0uEqxWtHrgHGxVO9q0piof1W0psPglXHZmGBO4/LXFBFNLtz2UhlThDtQVydpkikEJq1QpBRinrlcsXGWD/8PDMgJj/ZTaCUSVD6lqKt9cdOw+eMLZ/3Ty7fcNP/aKmna8Sn7tOnYdOfPGk7764JhZt7fv1BtJAaPC6XlecM4sj8upJx2HBFC4BuWEGVOs+//5z+8ipSALjYs/WBr09vLZZ6WMZcEU6SGvv+qiIMq7730ync785N++lXHbNeTE7V+5QvuDUVidpvbxKOhZtMWA02yfBRRV36696nym+8FDTZ98uvzFV98O8IfuuOVypAYcowzzL7j2RiSaEh8t84gWCKaXCyVBX2HsfFdgEDiCk3TItpOoFw5K5V6MfQVWfQd7aZQLQkICq3QLMQcOjpx7Wy5/ZNMlo+3IpPT+PlYfyBLDt4ODOCMLwdRBOhFB/sX4u714HEWjEBlQEC+5iYOMnwi/wHH5iZWL4QuEWzwQi4JqaeP7iGYoFNOyuBixSzKUsoAus2P7GGxXBABI4ELJQyY74ssFfgezLYVAwQpXFOzwkimGcQo6hLMAZ/sSsX8sLYMaDB3SP5vPrt+4uanpMFMmYTmNEqQ2UsGhK06taJmBm9LhAawf7tAFwOehoOUqEGaLCuZ9YcVKNDTRXLOHrsOGDcpms+vWb2w61OQgcLUg3GmlpMZxMQeeQs0ERrmcYTIPgvmLiJQcsO8x8uKQlS/h6Hf12pKaey3LsaplOWsB5/3n1cRYhNdOcLI0Dl2X5mjd6icKpEzHoC+zjIGXutKpJtODK5eSbgupG0IC87Z0wNfHSTLmdZXnJ+i9JLMgHBIiK9f0bIOFtnQtIKBaynGbyl8wcNUo1Mjs77ZBBYrdypRp8ZZNNvq5VK61NYcKoWrALWaCxUCbNFfBcboU2PFbxgAUXSSqJE9xiek+QmJVFRdotNFt8JFDj5ndY+gU6TFuprbd4MkXDjzq/C3L3l698NG9m5eJ+bfzFJKurF06Nx4xevjnX6ygjyfOPKZ9+3aoJNGp0VDNPOv0EwcO6IdUQsvqu/72eJD1wSMnjCHLccjQ0YEpR41jkq3bsGn/wUM1NZkJ40YyCbZu2/nGWwtXrlo/65Rjp06e4Ceora1paOiwb/+BkGzP5nO5nNOoIcQpIs6dKkGA6w8H6upqxx0xnPnqrXffJ4z+ev/TN15zIZPgxOOnIEmAxBvZIUe0L7tmi/gSDYVFK7VgJUbOS2+pkMqEQuntHw5iSYj2ANJh6dq0yXWdFpIJwcs1RkRIM1tTU5vL54LstkqKFNNfoHMCNRdCnvV7LOY/mppnOB3sO5YvyXyKu+egqOFXXp0UMQSB16TZKdWZUvLtIReMfcfYqRTFIDq6CSQI5nLiEgOsDVrtUDfEH6qjGcVCccSMOxdfcUZu33wcTJ1+COBimi5yOBrMOcP1eFc7Dw7qb7BHAqUhuPlhxKLgrQ9m0rPSE4d4LVCzd//DzyNm+L7bABPimOG1cOJbQfoQUwB7+mhb+fK+9HnAQTVdZszp94LDacFBiEPoeBgKUAoBaGoAbYOxqqJiSgteXagw4kTKKD9zsG8A//2BpziIRQUuUD20Sjf/Wm9e01vLUeNimC2mqPAFbnSkIL7cQdIph3MoFiSThYiY1jX+kKVY6GoLneYPsVVCGZs4xve4hmqgRRo3w2hPk/j+QgwxQa8boHBE5BCm5Mq73s1ZDbty5gFtBIVwgGH8uJglk/xy7bwAP2GxhbUCVUehsFBbXUsWYF6VH1UdEuPvsgQ7O6sl9hyokvLephRYBLRVsyIiqX0CkUwtWAHQRtlVYWsNl54OmQSidvQ0U5dAzWmVcUy5S38p5Wdiag36qgjPVCKuAAOPOnfsqben0jUoNlKQ6jv6hJ7Djvn4uZ9tWfYOhw/nmrPw4Eo65t/46rW3feMH9P62m9j22PL5PF26kka4eHv3Hfj+f/xy1ap1l15y1nVXstXCMplMQ0PDwYOH7rzt6hBWL7769sOPvXCoqfms02Zee+UFqRSECmUv9r/1zntNTc1Mncja2ppjj5k4b8EHGMO0KROCDsB95PGXs9ls186NjQ0d/G8/+2LlRVfcScN94NHn/+en3z39lOl+smOmTHh1zjwUDTV17ZY7//3oo8ZSfkSec8880U+zYePWn/7yLme4JJqCwWvk118VmB1/vucJ8rtjx+6t23b26tnNT9C+Xd0JM6a8+c57SDxccSK5tI32xWrCkhznxOINYu84Gn/ts3j9CCcl5i2TSThRrmL0jJ1AXICW3m7luCg5XcPfSBK7DSmF0UU5iDIII022VCRPjxIYnCXVSEpz0CxMptNU4ZgqJ6EEobz5SbIjKJUQI1BEgULLipLSlHSBlAJb6UhGToeSj3xMhXtThkKRXLAxGAhF2VadlN4eiyMtvyIUBHuTmJ6GMXey1V/yD1c8hF4/erZwRdAlQJHAGBwynE1djeipRPzoFCaJgJ8/RGilQQF0WDxyKApOWe8AZoNkysjWV46hhsPvtdhdnlFTJDxE6Jt7vHARCoNRL8QTFEK7J1Hhk4usP5R4+mxgaIuhpGRVwBXrpyeTf8aD4w32USLWe4zC6HhE1GwP6gmOg4V0huhwD2gBcdjwIKCtl8xxU+1GbTsDpakXCMZvcjpVEK7orUgvMAJk8p7NZY0lK025vWQyIAEYI12hPqo8QZZ8W7PZYp1r1IZCoAqKcRQqubEqCdAELoGS1qYUWDC0tStSUJpsRWrYipT1YVOYSgI2rzKB1CamrnZAJrkpMgRVFjb4AAAQAElEQVQtL2OB8tvC9DSDogAKVWfpGQ9hpVeNJOuWPLtl2TtDjr5w4JHn1rZvQDHQfGDn2vefWvvhc9nmA5xe7CkiZnwOyuk/CJs2b+vTu4ffHtXx04+mNzW1NZMmjPF7PHDwUC6b69SpISBIe5eLLRSA8cF6AFpaWmeeftXh5sMkh3/yX38ga2TXX80+n3fs6GHvLVnau1f3IFZf//aP576ziBbLZctXP/70K08++JvAk3zBK9U7C5bMCjg9+epLz31n3mJyc+2V7ANwyXT33geeymWzZ50+k0lAombdk/T49e/uYyoFTpk8jk8pUA327Nv/2twF9H7woH7nBtC8/galMdLr5usv/v63b0FR2H+w6aIrv2H5mn3haWyyAwc/X7aK3r/8+rxrr2BKgW654WJxpUA3IpZfZFRtRN5jzOmLgxcHiXyXwvUCInwxfJDeOaUpBZqWAvn01AR6mdg5KKGNJuTBERcIXYsPYsAXpMp+GSTfSZI6ej7ac6hkzvYMapmrbmPcwPz8gIuKx7+YL/k48jUIAc6pVLqmJkNWnslwRd8qUppxSbNSXAg5QwS+/bvKB4RviIW+FwmkuGBFAbicwgH26Z101zI8ueTSIUR44M0eHL+0B3OASB/YTiZwGlQMUtoxNst9eptg/4aEx5UiEgXbUDOJBC9f8ElCb2PXOaPi+qXCQeRFXTJiDUUDzAfyiJpEdBwigrgGSjRvf24xdJY9t1Yl0utUnFhbvAVG5cDyETDRw1wc4yWlucgLdhvjEdF87XblR0DMcShxMIUsuGLA6Lq58gRi6OElCWcnw6HxBu71xFBCoViWVqoEgPaSJW2ZKi+2eu9tZTyahJgeegW+V8FI6fMmXwnxqfyBq7xhZ+0HT2hmnRPZlQDrxxEmj79kvv4CRhNeAmXILss8wy8BWPkJ6vUCrRD4OOlKgbqJU4hlhqCgMMZqzCcer4qzswSR14GQuR/khFB6lRfKop9UiMovyCxUZ6x9qKqS3qYU2IYSRsk3SSUuIMfkug2FBbR1sxFIaQd9Z7SjRKvj45vCnB5Mil3rwd1fvnn3ygUP9p9w+uApF3fo1AcJYv+OtasXPbpx6Ryca42i9ZRzSGfSZNZEsjXSziUEOrPfZLOtSz9fMW7MCI97TU3NeWef8szzr19z+QVMc4AvvfLWLJb6GtKscqYymbQmdk0aBSBTU0tyL58NPKHj8adfbjncakX3l7+997qrLmRqAtXU1ZCJZdABxwvf/+i1N+Y5o79y1fq/3Pv4rTddhvjwh7seClIKnDbVOFl4WsARwyRtW1u07H53/pIf/fT3nrdpLZXQ7IvOHNCvF1mEa2pu3rhpG5NP/769UQSgwD2qf9lizOhh/ftHyunwjVC/fj379u7BpJj7tq3qd/d9TwYpBU4aPzqdyeSkzxVlb9rGSUkQeq+V8DyW/fK1aAouqosaUIVAzmRI+FBdCHlSxD2UKXb8qg1WnFisNEd7kE1NjEyrwFgRW34vidayuMzp5h5AMIVkmhembYnb0ibc5ylkL85KXVXiIwXs2MJgqd4WdIBRIgCWiz3Yomcylh5KSqbYejkxgualcu+ko4SBPfvltvqkLgvPhphH5RFHxTXorYRCpKgX7r3fCLbmAagQpsQnyNMJoXgVs4YBQ6UJvOpwvNFRrpVVSm1PtFaDEK8kosbJNlboZHKVz+XD2CqOHD/byOIqLUAQW44PVCBSnRHzye0MKQktJTZnjv6Dv9Sxg1BEL4qY6QnMiZI6WZOOvrAQ2oox2QsQFIf4yueZa7MerUDnE+uVRz8RRcMpvHaIsnupx7nc77szxgTEC2jeIJUHh3Asj8Lw1Zqid3dW148TlQcU6wVKcqJHYSd0ElbpDF1Ab6igdARKFAkv55YYAuNamVkNyU43SgDVUEVl4RoYJBlGiaBNKTAhlEUPUXotQeLJFjfKoISkIGB86dSGgkKl9Wxsb7OXbo4qiS6ZDacyaTKjR7mCR7UoI3tGHVUgBgQ851qa1r7/1Lolz/YadfzQqZd27jMScWDnuo9WLXh4++r3o1ZFIMhZWxtJgbZMQ7+qCvYNjv+ul8G5c9c9j/7qv/7F737TdbOfef71Ky89m+nr13+4L0gpkM5nwfhekw0SI21iD4Gqq/MWfuisrc1Nzc3Nh9mafxgNGtgnKIK//t3fcznv8tavfnsvv1Lgp58t37fvQGNjR/8rIs+4MSPq6mqDVBLvvf8perNi1Tpy0fuzTpt5x21XDR3cn38yXJmTZkB3fOWKoJd/vudx637r1p07du7u3q2Ln4zUjKsvPeveB55B3IGqtgEW5QsifImMM7j3uCV8ibKAiPfc/M21rxD7H6AgClyUXJ5iVtuwsQ221rY5mbFDiJMdUa52TyPJlh8O/9jxGx+WSg8qHKKqkCwbe+eD2fMjGYiXHyVRCXENoYpWhoFAv7EAMd/LkYqAVSKi6M32OOZ8vZBVq7AAewyhJVWJbGnIa7UplN8/G6NpZZ2sKR5WQHdoBYDE2bF48PGJECacT4SShl33PKoFEOjVSQhul8BQIzsI9QsH4NcLZCI8gWjSOBon8GpFxgBYITClKsF1IxCi4K9B8aPq6Zp9DBWE4JYZh+eaVVaURs0MhJ882IoiMNwi2AnHJY81HRnN0pL3OGXwyoeVlAkQ5AXJVLMAtsZXDzjMHwWOYJuQ3CJwiOAQOyQGkPiJ2iWQKgHwDm8xb/WTCKQgMCuaL2Sg6lNY2HSeoKlCE0p7Stpqez5OAvds12khT8tGPStpZI2ROcbmkMo2DSmaN+AaGoD/dQi3Qpgt8MQnqaIH5uoUBL2TYYn8Y0McKURiSIA9MHp6HOmF6blyQS0FVviOO9ZPhTcOw/HEtJIVp4QWB6uiuLdBFdjdUdHQphRYncBVqREYFyUvYLWieMfMsgCev8qgbPU4EaiMLqYmdQoby2JsjJmnByuOafSmST6/5fM3ydV14IQhx1zaa9gxTD5kCrDp87dWL3xk39blKD6wubWGrQO5TOkcz85bR2WCdDrAaB/Ai6/M/dkPv11XV+t5M3rk0KFDBgwc0M/vacPGrVu2bA8qYpqZymyOhOrXxrOQbW3VEzIw75YtX+XJ2IOHmoJ07yZNPAIF4NPPGYmfz+cPH27xRzkIL7/+zuwLz2C+uv6qC4Okam1tfe7FuU6X006Z/tMf/kN9+/aomAD+9kaAVEIKLUGODXr/+1/9q/Oxc6fAY7uvmH2mWylQTmq5iIrqhXifMUIcdgJFZAMUO9NE1UFEg/NuE+nx9yYCBJHLBJGgpyivwE9qIZamu7hGoGjx4hNHccuBJZkL5EzskhxOmAxzoFsxcqsjicXX50vcp6oGGaIIIjlIiSHIJoF+togSJBCbkgOYv6UxoXQJApCMVBwDFcxyjAFAfMfSeoCD2XGFGag+6BYGC4QOoQGC1WZgAb/RuZyMxkMQ+JNdQhy/Kgu4bmlPGAvMMQHmzpHiNQUB4zK3rlAJtlSJMczrn8bS14ZeiAtFSAuffgAOp+DnJSJD8MGp1oIR9o+2ZZPLmeq2Lk8UsfLyYbOly2QCMYIQvUCDLV/RSih2AczBW/ntd6Ab3BLLVIkGBJKJqZM/EouD9bUyZtdDpRInHX2hkOnYAieeIUoNQuM8zkI4N0eMzJs8pFP05An3cUnSYukGC1N+Htgjh/slHYyAo8F10SvbtgBGz1+MolegMBM3zV6IeESGAcj4lkpQluK1OfFRzrLzII9xq36iUaHH4sVNVRCgraT8N+Nd0WW6DW60KQWqhUjjUTyUnEpgqSab8EZjaUAzPa5bscK4Clrz0vk4I2GtMuvrjBLJ1PJo7EJQVPMY2tEA+pm2mLHwJc0z+sG9BYF2r/tk9/pPjr321537jPbxQ1uXz/v0uZ+Sm3QqHRSS/ulQPpXKBBzWYJLRH2zdMWXStAWx28Hc3Qor9aSdm/v2wtNPPd7jTlrCB+/5FdPLg489G1KTtA+isHZiBQ4+wzo8vgSHDjZ5GuCQBrnlcOCJzPT0XhumfkJe5HztP/zl4SClwJkzjq6pYQ8FFy3+1Pl44Xmn/uTfv1USpvI5tU1QYtBZT582qUN9oH5kvz49ER8GDejbrWuXnbt226zlBFLlC0Tohc7NFWEc3z8EPkuEF+zFsWDqCEE0CCF6QGKepNNXxoIaxsgsDxyeY9tQjPIPPERcnCQ9092MKKooAgABYj4Ap1v4iwBqCH9t/NXGQdrisdE5igYiRiXfSIr7FK2hnNQ8q/ECzlJUoojBVbLaQkIx4UaRg48CmK0i3V1OSFrxIYFQuy4EQxYe7TwPiXEwLmCIig/mZRkJQ/cjmbm+c0sntKKIj+nAzd39xubreQxT85FBWJQQh2d5rSbOVjbQyhWw2cZOHP+kjfUViymBk6aQ0MqBR07sEYhHPB+LuGAFqjgQcK96mD95rK/nWvXD0z7GX+EFV6BCPuiTw5+4+qZ46LpaFObx4ss0icAimONwiiSqjz6V0A5URUjIWF5E5EWlTaxv8jD3iQ2u3kNCDP7C6aRHCcc3Nn+HmErzRoVsYmEhI0RPwisdDEZIoS661MwhYrMMDCalLT1DBJGUOAEPhv5fEKWn9imBdkCyfpMy9yuRrrZIR9sYeboWfZYCznGMUTKpcrQyqRIu63R8XCqm2eMh6bQqI+gFEwq54V6UxKdKBXY1bMv+NrQhDkqvBqVQG5ShrLr54uoWgftKHhgXO8oFRDqdytTUUJWjigd2/C8cjKILrqsNZYHSyC8yI05nMuTSHlTMJcD6E9GoGtE3frRDfVOrFz3GJF23+ElNyBpy1ZArY1y19KrRr3QmTbiMPfNbKBzY0t8170zk8+TSkCOXgaz5m81lzSvIaJ+eer/5/d+YL7t0bvQ7krDuue9JFImY3ZO2xsGbs+s3bgl6NXLEEFsYY9NIQ7t2dYgbGzZu2bptJ/NVp8aGIMt/f7jrQeue5PZ/fP/rsTUCA73X+hQTa2trBXnY78G1cBykJxG3EbjlhkuQInz15kulChyo9BXILCKU4B3OYI/sQaBodPjoXXVHjn+EF3tZUrJ/AS4Se+Ahle1+TowccI9qJIMI1fAC/nRFApKziSBOQqkEV1fgbrTC4hmn1jsylx0KVzKjMFlDImIex6lf6TQZU9SGzlYgIghRkRjUEHpxluOA6Ev4YodlTWHFOUB06L4CgUKFEboiEeARVPGXEzvOVQ5IfBJUSgkOUiI5DlnmSC/lYsfkEEcGQOxxQKAv91hBKJpINn383jkIZYThp+TIUxDPOGZnHQvACIctRsHAGm36kwGc7/jYFgAqs8bLkL/8xQtP1l9Y4eGUjr/+ck5J3AxV1hoWWx5idcjpy2UYYRne0fkVSuWiTw7AcAC70UKGqcA4/EV9JxpfUf7B8ttJVCkw28DCRQqgwpJQW103FtWZ0BffbRgP9tI8/UpevyygGCB1N51KpVNp7TKhOWiXuC8rlwAAEABJREFUhjT9gZRxaZTaX0qfopYP9Q0MOiwwtjMMRLbJobIhifhwh1KmRUtcajNDUFWgSqJpoHQWVQsBqLLcbUM1o00pMD6SmvgliOLqxpV2UvGtHgitdxQe2jhaH41Vg6lAql+ECosiZDp2fHZWLBSmxCeYnYWdo7D3mHVNPHKZc1t9yptK25Nkc56cMS5deVBHjXFpqnnUep93JY8Hjg/RaeXZ9uW7h/Zs8lDt2bh078bPtHWBHFkayGHnkoG+ikD/kHWCXqNmDBh/Wue+o8NDddv0pKqBlrK2S2UbI4RZCGH+5Yo1O3buRnz4+NNlXvN7bgDzVhCmT+tD1zBWn30eeEDz1Zed5+BgMLnkwtMFJ9zw9HNzROjRoaam9xyWAu+89eogg4JNTc2fL1v10cfL1qzbuHvPvgB+ESkwcvhg5yOpGJmgA6MFEBZiyHm+PCA186hJY5AinH26y84lX9bKFU4Qcg5jBEBX6JBoxwQCrkJcGMOyZJp8Vyh6EOLdlmh3Kkfs9RI1spWGHRa2uxgWlY8+kqNPi43PU3R0hIgDvfk8M95gFGSYh8EjgL90vMK9yFOG6G0Z5AwO7mdVK8cuoQSSSnbJL0ClMiLo2DEF933oBd5qAwKScknAQRvnakMBUC37NjIlkMxuctls3m64AWTYhMsUT9RE6wmzMWFptYH1P3LXE0eF5XUVlZiDRDCTBMUIZg1sInG2SuDN0kKFGy5TdCjOUsknnkBOCwSeVIK4gnBEM5xScbhIHCqk4auHAgEA00mxnHxSK4RmsAdBMn03BD4wKAtQC3zOLoKYQSRKL4roGOkfUedRuMFjsH5UIdGMDgnR64QKJoQ5oFHJj8dNB6bqdzqNEiEIq7zvwvYqvPtyPqBEQG0C5BEpypoGYjaX1Ut1HqO8Z8XfKRXdr9B1FFmbAm5voiDLmNoWC9lwSZl7LvYWjHF5tBcNBUYDdNfVONc8ZGRVEF25QlbVCJSQKEmiavQfqwzeXK0slQpcaRFqQ0y0HR8cE23dADdKIKkUNYDlkelV1NoXIJ5FH/AZW8qV3+AY+gRq87To2QfI2numkweqDYj0U4RBs5xvkYCDypppOPybfzXjefQEW5HIGccSOPUCEeBcbs17T4yZ9TUn5coFj5AQovhpzIZOnU1+h0y95IOnfhQUqitHk8mNJ55+5ZYbL+Oh/OPdD0dQqFgBsw9L5uCVy+Wbmprbt2/nf3XR+bP+988PbN68zXKpqa353j/dijjgDPjuvz12y42zETfmzF3g4AKTj2IrwP35nsd+8eu/Zmq0NZPW1mw+l/tiyfN+Mmt9iaz/MPmcdfrMF15523q8/uoLkDy48q9Prx4dO9YfOHDIcnl97gJ++4tXzT5Thdqigc6dGsYcMfyzL1agaNElSqfQmiQvBWnEajI1eZxvzWdxOH3kGrYAOJJHiF6c2LFibK1Uc/ZYgpGV6bmAyylWENFwmE5EcgDmbRSpZAgq/QSQYF5y4KTjhLINSwm5eJk7jh/nzGvuehr0xOM7oQLC4ytgZxYY+4HAx1EkdHmqRBoTbrbguES4x0/C8oLb3lLx9zMCdx/554GqouAKkZpM0T7jArGWx80sPBb8DHGAbx4OIRu8kd4x25dRiByb17obNg54DPBl84SoIDxeeKQKoucoSBH+ZNkafrGRUxD0WggWQylxgpgCiwH2hZsY2AIw6By3Rf5ONgCcRZuTF7izO/BrG//Zy/HCFWITHWVOhlHx1M7pQyJwMxSMliK2iVQcvbGV5UwFxtHvOAJItFnwMXeM8gBUrxWLClNYkMUW8/DRsPxLTMziRt/I7QIJYTSoyoJi8WJnIhl2AjKMYSZfvFn1K+lAMcpha3NBuzGtmNDCDUwvur1Dy5dByLtu4IU3klQpUBfCpnFaY7UzgqodYnttnxpXMMU0SDHtjQG7pDQyFSWPIrdUVQVr665aUrzg/W6RYTQC1VahRBvVNpQ92pQC5dBWVQRR/AQzv4rxQeF+SOmgmo5LTt56Xol8AoIxLrggxYi57KdeBsytG8dGKnh2WN07YoixQebbd3Vwy+mH3CIhOKzk6Wp5QK3zY32ii6zppUfzz6cI6JQrry8cIPEtecxyWP/xy8NnXFvb3jhs98DuDdtWLMAR+zqa3y4DxlMbgb1Gzajv1OfQ3s0oINBgSdWUsj/e/eBXbrg0coOzqan59TfmoWioKvu8fHbu2tO/X2+/O1mtePXpu77z/f9+4ZW3yOPYMSPu+f1Pgg78ZQVs/N2zd/+adRsGD+yP+PCHux52Ct+7Vw8/DSnEv/j1X5Gl1YHREaOHIbYwBqsdu3Y3NHTwE5xy4rQLzzv1yWdeI/dnnXb8P9x5PQqGUN5s3rKd6Z5KwVMP/r87/+k/ly1fPXzo4JuuvZA43v7NH3EGcMXss5BSfO0rl97xjz9B6gGcbqIUFHQFTJaTgloGgQ8qEc7YodVUsDB56UHci1yIuop7OgUoj/xdh1CBE5FKYHgmHFllswNs6YiDx6tc5SwIsYs+yqd8QRKoN/KBiEdcJiw5+fh8sZVs47d3ysp4go1vG9QDSii/Sng7BdMextjJk9HdQtzKTpWwYKNvpYPjE0buSIkWAiH6hEqYvwYFqypqk/2cPkrUOxeM5RgF+0Dx4uhZTjDXK8CvF6gqRF/wRqMkqfNl7tCjKMFcKxgoFhSyigiGQ/3LW+GK2KyGpgunXEFkmlogkhQKe54sOWMkFINtNFk8QCEyF5x6gRSYgzhRSfyv4qknCPZREcIoAY9IHOpiusYoUi9rIRsVdwkE1ySoUvQCw8lRQSIKRdALdCN0g6AQyGsGC3PIoepHf+xkcI3/LcX0PLJSy9ILdCUdrYQOY+OyMaUnStk8vWE4pMSe0JGrJfA8hjjKgkQ3m88BXRStBgUyQOap1ZUe0yoDOH6rC9Ub84KgVNuJNqVAIbTVD0GUd4KVtfRVMzQx1B+VxrckDUHTD45QQZCYPhSPZgDoS3W2LQveuYpTcc/hAgZTsNg77vSXjg8vneb6WP/1P1nEqRTIUqoDQz+AHgOhKwWKnztpyxL+nh+51uZ1Hzwz/Lir6ePqhY9p1v2jOKfSNcOPu8K4h9Sw6Vd++tIvcZ7lkcYacDjDONi//+CXy1ePGjk0nOyNtxagwkEgds+/9OatN7EtHdbU1PzyZ//88598hxSbTCYTGWRQqA8++sI//+MtiAM7du5ZsXqds04dPtziJ0ul4KzTjqcW/mgx/vEPvsFkaNWFtes2DxnEUEwk1fA///2bP/juVwkt02KiTYnEsOTDz4Je9evb64n7f2U97t13gJN7t66dBw/sh5Ri+rQjkXqI6pAIpC62VryEOYnmIUQ4QQSxKPNQxgz6YM1IQWEEzwQXcJXhL8abMM+ktWNUcDZrfmOtrHkPEEEx/wTENaGXDkhUXhAhjmbNP3xTUGiDSYRiJV73ZXJELheBecvpCyNhn9HESrsDPihgGGTYz1rGbDvKJxyASi59FBtrlDc9CLJvcagPjohg158QXpyMvH4jfeNghTaO4LBBCQ7rbcZ8GvuIUdiQEYKCCKDnRBAxFvaEwz0EFT2Mc9g4UA6HUpqMBII1/LATWwoGK/8gLqEdXkstQGwTGXxcioYAUcDrIMPYqlDGT8iqmH/wFDg54Q7eAh8bd5RZCQDceoFer6AmLl7JwHaVY8upF4hiie9iZplMjME2Im/BrxFcEnqB2M5AXHVmi6yF7ahIJ5ohBYJZQK2v9XFhY6U6RAFeSlsLjsCKqRdoDBytrq1AYdph6TbB8855CM+40NPlI+xz9bdMgBB7WBkB3ZZh2q3nZ4fqPkjZojA+QsFOV0Nd2GFkmVqqMPcYQ8YW/qgE0ZE9MrCOU0aIpSkpwbW0UQntbTTAsGFaoka6lUOmrlYGqjLmuJpzvE0psIqRfGteYhUr+eMr21AE6IsDilUCUYmiQKYCZRbaAQIfnf8RuCis+b4jTEin0ul0TvsqSvsoCuN8LpvL8+Sww96e08WcCWHraCNXS+AxFIg8PIAVjorihiWVWYFxpwZrFj89ZOql6Uzt4UN7Nn76KgoNvKZ9x0FHnjvwqPPbdexqOQ6YcHrXQRPWvPfEho9fybU02X70mSZgf7ejMA4aq7v//vjPfvhP4XS//v3fER+3AuNXv7336ivO61AfaAJQ5LBatvwPPPL8d791M6lbKAovvPKmh8nny1YOHcxQ5vvZD7990fmnvfXO+716drvo/FldOjcitkAGty9XrD3x+CkoAO3b857ey4/NW3bk8ziVUpmnd9xyedCrt95d8vqbTMVTTYAOHdp/5xvXMz3W1tacOWvGi6++g5RBNMqC9I6lpgRDEWNR6JqrnzkCeU3JuySWSED6pbLgeS39AvOW35NiYrVswfMUOkxVEX0QIY6iVFSK+Cg9R03zshddXAdONxk+inxBgANmvhRlJgzl1acIw6o2hKBidzFURwy4SOIGCVF8Es4suShovrRv21pag3j4NU8EQ0q0nPrzNmZYzMKCOSiVxNGf2EpYIb4oIPlASSHKgclTXnJr6QZzSZVEFgQHFStamMdNxH/yCAtVSiJlIwiQ0VFUw9BeoETyoYH962KrPJO9bCFCLxB56JVKYrDVloVz5rwBDJ1OFaqiSGTmmmh9Co8QdzVIxF5gAaIfFC5dwwdkHpVeCCGgOHqBZgQL1nIXp4uwQ48VvnpdDhlxkkxC0uS1Og8pZoCtL+hwxEwfXk/cCBlUpTOZNFlzp6dC5xnnuTlD9g/VPLtsrkdWLIuroAZG8S0cihtbY+kNl4Q4CQMcvxEop1SIklUg2pWGhL8wKe1S0qYUGIKqrA4xUdJpRj+ZCEHF5Dh2/FYB1ES0JKwnAMcL5uavjPSOBRyMXd+cyjCxN2nBksh4CaYLsvY97HvLwAf9kwJtIkFmE3mkqy7lyZucSBZTBUAIeMFwKxR8ImFu7Qmnf54iIoWWg5ou4MBJZ69d/HQ+2xLEv32n3kOmXtR//BmZWoY5tw6d+ow99Y4R069d/8Gzqxc/3Xpwt/FC02j1LNMrrG8Gq6efe/1HP/hmTU1NEN227btWrV5fmg092Vf7j5/+9mf/8W2UGFpbWpd+vmL82JGRlPrZwS68t+TTs08/wU9ZU5OZcexR5EJ8ePm1d2654RJUWOzavad7ty5IHc467figV9/74W927Njlc7YL3S3XX9y5UwPT7/VXX6BCKRAiHYReh9AzNAJVNlDA/ayAeVQorI6XdFWks0ql8tlsCIMoQYTogcvJ8z5Wk8enEYEc+7Acpyk7RgA8zDkjEGf8kogP+2PpwL5eNm8UVWoQe6e083QMQV2PUeRiYkiKLN8qinjlI8UWMebyG81VVT7KJm5i49g28MHQKgCc8BpokSBtepBt2sNX9+SYW4GE+g6tG077HsFUsgJAKHlgiNquH/3wxjhFy+mTGRbY7z29QEAQKFQypYjKaoglSFKT5e8AABAASURBVLBhKxBKgugAVRoOdHOl/JSmvf5RDSlCqViGv5ydsOf7TwOYz3/8uHlqQSz2vhE8OP6yt/v9xCoMqrEixemDYY2PPznAvtHKhxJDNe7QgSlhPIaOpwB6+SjE8hyPI19XmGDLrK9Y5+hhL0A/li+g8lShEBYh4I9tUolT8PQGxzyxwDmdbIjBrQ4UOKpFq0PGbARx6BsXEDLJwV49dHZ6YJqLFuOdp6rQAihec6iveaW0zbwUaavzdABjj1P0vXiXPXED2JwPuFIeY6toYLMtA7sv0DmYBlMiB0NikQjtxS0nfQ2YrAKnMEQHzZpLlVvHVcjKWPy04YptZY09NBSjxS0V4GqNfrTBmDZUJBJpv0q4DlVeex0GbF7VARwrtmBcJVB6IcDR3FamA21j/JnSbekZSBn/KTIZchmoIRcDtTW1tdqvfqUzaenoG7v/mOoVYkwtJuUN5OiVo5eOLP3JahdFa2u2NZvTfrWrtbWltUW7svTKtmJRC0xlcnaYULkF15+ksPq9x7MtzWuXPIMCwtdvoyuLtlKnFVVb8UMvI3z72TFAitw785eEEDz+1EuugBNNT9E2CdBTz762cdM2lCT+9uDTkTQbNmzZtXuvx/GZ5+c0NR1GsbH08xXzFn6IFEAg877/w98gdZgwbmSnxo7MV5u37gjXCETaAdbvoQCMO2JYbV2tbLk0+zK/sxB9dCgOePSaQVUoKNoLxyY6j2c+wjB6x+e7he56QlO2UGMbB/9IbUBHaeATC7gpxePJLQFwFGMWmT5oI8MwMijTn7EIQ6HQE2AL4CPjjz6/tOx+0s3IWEeXFSPEiyg9Eqf3+gLXxcMCfPc8IYYLowSq+KhiCI7fNkQAGNaG2sBKD6v5URcIigFHq8jb+rB4SJDHbC2Rk5jxApB4VISESZItCDFUF260WM7yoogVlQr4yGQCUgOWBJzMlckQlz1nQvIxTDhW0mGLyaU6FuD5q4wh6wlxv4sKhNlcxms0IOSFKNuEypqz/QHPmS4qgpSomcnVqoAWFpBYoMoSh8W3cADmbcVCajwUP1TmbQGCLcZEpDhBQqWXX01lO5ttac1qG3hkcy9LdvVaW7Lape/zZbWLbgLqW4LWdmDO2hfMOUB3EzH90TcZjY1G/ZbCWHrECjUCtc1Tsn0acGVcj+S/veua0Zf8zO1Yujlr7NFq27b0Slt32oOuQWlebjBXiYpbfgq3X15dqhulg7Z0r1JUrVJgSImv/C7b1K5XhNJOMEM0jEPfV1qO4ypq0zEK2IdmLa+aqnUWUohcKXLpOkyuyxyhuQZv3BeoneLQHPUa4WZ/BY4dNvFYvpC3gGDjU0JpiTHjwg6YqoJOhUEXTL1BTXWQqg/m6aM2DeD9fNXaZi01MJPWYZ6Rw784fxkc3Ln+w6d/1Nq0z83Zxbxpz+bPXvndG7+/atlb9zRbhgAtDns3L33td2/87qrlb/718IFdepXT9Ff1RtjJMyn85g+BpwOT5L7rnkdsERIvKfy2I5A18bvq5n861NSEEsPzL76ZdVk1Y+ChJ170Ox461Py1b/8IqcA3v/PTSBnU4s233//go8+RItzxlSuCXj330ps+N9cqG8nnu//+ZJB30mvccNUFSAYg5Kyq9LuUwNSw9FZOxnKI970886hQOFsKY13K9MkpC3+HJTFMhXitXFSIrvfmnXHITuBgm0+vy6L1mx0KF4UXUR5AJMHdZG6FL1qCUtYpKga9kKSycoUxZWmTQBz+wEXCCgKjyBmpVJlXkVDsIJy3gEJCdDjIqe8E+YDQ0CFAm1OiSAvw8ag6+iZaXkgJFg2sOr9NuJO4zIHsXkf7C8lApCCpLAPx4SnJDnehmEYEIpka/srurGxswYUE4CBHgeTxjRKzNabLArwJqSZKMskjMgTj4eWsBMG2ObkDU7t6Y4bs0+kVraHqRPFLwes3hNiKZyRDUJrE4ukDtrcAblHA+lKiZioQEtmZdkgYL+8h5Alxvwv3BCi8VEghuggp46UAiYSQvNgCgCBHMSnDmxB5FCqt9H0EVIyQCxUeo70Rz2YlAOZtoYOuxBA1bbmctguGKh36np+9vRcBU8Mv71DzYwBZVyF2uN17qt4tTpOEJYtzZ89BihjOFnsGPSugBONNaoJuasZ9+Xe3TRM0KYd9mlQIwHvpG+zcywjAGMEXFArnASUCHOt1paIQrUrJJ201WwrEVVv01aCsGkpNzLbcrkh4DoV1LAIix7q5PcAwRyMpQ1nJvIwRjzHc0Uy7UIt7+ocexp1hec951bAM8dUSx5T44hsOcDQU6/J03OxUpctb39JkLfN7Ofq5jWWIT/8oRzfB54ZhkI9cOTGb5EmDDqgr0zqgBezW3YxGoRrbbSsXOoIMRGvT/pXzHpj7u6u3r15sOa7/+JW3/njD2vefyrU0WQy06lNTA7oZeZQ8Pl365Z69+5ivln25+sCBQyXeZ23evO2MC2/ZzrA258L+/QevupF90HA+1LImaTbeW7I0hIBUvyBrgu/OX/K7Pz8Yqcr62hvzGWwdub9v/4Fbv/EfTU3NIUxIy3T3fUHKczKV4fZv/fiLL9eg2CA9x7FTJwS9vec+K+lYm0A6Vq5ev3ffgSAOsy+YhUTEQQF7s6GJJJp67F0SWxWOvZ4plE1R9N73Qvy5ia0xAzdzsYmEc1giCwiPT3ILKBCdkMzPdQVSUzhxkognP7xaaCHS6IOaSGl97MLSHDiyBFgX242PoSglMkbkYV6wg85Wp4xiDozkQkiAXiyObnqI8CIZhQBf2O+Pw5d4iFzljKn+Jy5JclAedBHjkgzA+Sep2Ml2cSWY2hCucRNQkcDXoMkELVZnwSs2q0UNr6HcYblCtGKMQEybL6Ll8d3xgD+ycdhykIe5S+dITHhKqKK0oVzCZIwOBvjIJMFQW0wsLH5wZCzo/3kLHEeGqo62CD+IfB2WHGQJVNepoLNOhfFwVgpF9czDCMIpJdhHfjQlGweIlpabdXJVLFE1AVHOgAorjEzZT6p5LUQrmtN3QJL76CcaQqVeRXDA2epXDio/sqQMk804sm+XlFJ7iQHKNlPJyjbZPDUPLDMPMvNedHeV7rPaW65Zx6as44C0nMf2iX05TKZY1g+RSwfSJx5SD7K1EW4c0WEWMeOmzHhsKOqXvW1ubKTb5hPT9oOheehVIrT26R2WeqL1CcOmvDETB1UK2jRhApGwVlg5pHwGtUFDVQ28VKDkE8wjIEYe/ZtKznGqUhXZ/kC0E4RSQhRd8Lw1eH5Ftd0QB3QTLGmkjd4cxuSw8eMRznYhAyzLaos+2AJkGLgxveou5Mey/KPdgs3d+81xgDIfpxU4jy+WY1ofI9GxYljOur424Qq9pKoBVc3E7vzkQilqBEaLxKMTyLsQrB5cbPO51hXzHugxZLJ2j/Mr372fzGq8rQGd/cYWc8fO3ZyUzzz/+rVXXuh3v/tvj7rFgObmw50aG5A4yLTPYhJEw98A7Ni5x/m4deuOGbOu+tptV113xQWNvmNqm5qaFyz66I5v/6imJs3ktnNXRELddc+jx06dGPT282WrWg63Br399e/ve/Spl3/z398fd8Rw/9t9+w987//++tU5875Y8pzn1e49+52P787/YOpJV/zm5/9ywoyjwV1/yVR7+cp1N3/tB5MnjUVXM2Q4eCDCkiLT1OKevfsvvOIbF51/6ve/c0v7dnV+gg0bt/7h7kdRFMaNGU4mvsxXGzdvM49d9pUKt8Ob77x/3lknMpn06d2dtPbb3UXCicP2Ic4BZS9630URjL4Vs1+IMgpxjSUy52Zk2HgnDAHGeMODSoCY+oiZufzeQyhdI20BgRLTBVTXjULEs+8lGUlKdvIcA3R+hkUYSHDWJsxH5ueuvAjE8w0SURB9GbdBlPEVPFcrZbjHeSUhf4kloitRFMqGAwMRANub1JQaqVmLhRhvbSkg5J0yBPUnrjUSpQDHX0aWg2CYLnqLHfYv6okBVEedg6FTZuxwiSWLnSRhTkLcwFw3jAUr7zFmR9CfHCyS6G8n5OGTiyflOMQWE0GEFT1pg7YeEDnP4I0O2GulSiBSoI0FVsngsb6EC0BXaJVX6iQRJqxgREhB0NbJcVShSCh9hNgmmEekGNhNjeJwSqpo+asLIPk6VJbARgcDzoFgQTOpEIFZeQoFDLQUYCg4h8U1wXEBG0kkvNF/oXLLWRzyFAitfUaYL6Illxb8e7i2IUOWzT//Qxwkl0xE9lw+T4/18gdm3+Yhn6J6jGxrMq6BJWY5epnioKRyTEpwQECMv4WHkpBJZSF7/d4ZNFYfYHCK2tAOwE5ldB2xOM1uWXZdJCMyqTRAKp/GAMxCDiFPHiefwoh+pJKZy9j+ptrsA8Gh0KrrwGJ6g2jZAP2Ay7R+n6IE5FF/S8RN0bcmDXk0fwlBKq2HRu5tApM4pc0kyO9pN/xUa8VyOWqACuGcccAjNeOa191zxDGn26jKmW45XXsnh3N5Q40np5nFpfasjMMi9RmLZvDZ+MJDc9VSQP/ag7obKtC6OzYczbSjjnZtdzQODheXg/c5sDhqKZROE0lzWkQKPtAoNqgatp7HgjW2TJLKLyY1dZvTDTejSodu2S5DP1cIogFmK+ZvvYD50hzRel+4Ofh2HZivPILkstmW1kCVFCdIhtbU1JB63tqaxRH56o5LoaCqqNXW1KTSae1TFJKhSu2tlVSF1i3K1ZC+hGQo7RC4vJWiRiCKTFqtk09p2zR6Kxy2UhjNST3EeB537W869x21ednbHzz5Q/AxyGRqSIuUbc3m8qoMUirZ21aVbi4+af0jKq3pzWYjDF4Cw7sfw4cOPO6YIwcM6FPfrt37Hy59480Fe/bud/OIExF5ZU0S00njRk2aOHr40EFbt+6Yt+ijxR8uzWU5s9gl+KgRg6dNnThy+OAvV6x57Y35Gzdtc9Ox/ArD1bM1NnQ4evK4SeNHde3cadOWbatWr1/y8bJt23YiEZDGiiRCtpU0y3mEnR0QhAYeKpsAQMhZKpSopkf/dk/ftMrz+xLg76VSHwWbSLgfMTxl0hnyJ5vL4ogxiBB/wVyERFqzUGf2CDKTTpG/9NNXxNm+8LWETD/K6HgJXQ0XRFJqdSSl6RBj1JqlJQQzyUIcIl/wkLHSWGmCC1dSo0N2TM3yEfQC8sZogmSHWyDuJfS97aqZMM+ktY/Noz+XkhoaxWpgCwaIbOR0e+/pfHRZKjBKLlVJcSKjF2riACWCoi2zhH4yJykVtV9A2ii5L/04EbmiGbBF46EIkhCHhMeaqlhrs8zQmeddYfr5Ik0o8ytLLwfTq2ezyHDsVJ/Zu/8gYkcgZMES3LLkubNabYZycAPNLIY2F+ZaiuQUL7rocAN7/sbhE7X55H1BrYEg7WvDfNJtCJZMM4VSYX5nuk9k7Irw88eRFCiBdOZjyBs2gySlm5DB9hZGEkUFq04d/prFG6a+RZhCGEd1TAoBYp1AAAAQAElEQVTaA9YbIbbq80i3KqRNNl0Hyyo+kaTIcWTxB920ktbPGpuqggwSkDLpiBtIARi7xe6xUIGCR0LNbyibqPe6ggjZrUc5bjMZCUBZcXFuGbqYm0hTJYx8jgzzgmZMnTo17ti53fQHfEv6vk1NBjH2COpzZbF1/omGixnox5TpR39hD0OlUN93BTswoOnWZNKElEwz5Tr6coG2F5BKt9ItWgtuhRWkCEVPJt3KXyabowoGiYlTGsWBRJZkLpmvkdUSHNzbKhGWhFWbqQFPEyTJOu4oUz8hMZXL5rMuNRIZaQqZk0qaUdJn1NZq2zqtLTl9IwMzSIKfPE6u7QJAuo40YIdujdmT2Sfq6A4pQxdQ82Ip/5HxT0rXs0mb+oKBSoFYdyQ9DSlZpvIfvUkxlAKRrmUI6aq1FAi+m+oClqioBUmqGIGwhofmH6d9WcRZhcPehO6iAIoIgSMAXRc3J9uYUm3bMN+YYYadvTBspaRj5gUBQ3FHzANSMTThNOirgdwAznKM9ca0zCFTacsNRqngnnmXp0YghW/TRZRFQnEXZrtq0SNHXfCvqxc9FjRRxspWbRLWfVHExDT4HhnpaDFWrFpHrjgcwvzK+wYyJVz84WfkMjeYW7mbbm+oy5avIVcUXbyYum/37T84Z+5CcqEYoP2lL6OVaZnI+FLZJITxAv27GuRfn1UnQVBjIsEjuVBoywbRXXMMLaXodzHTXKVymGmIGXGzVUvGj1g5AnxkBrC1myu6BCwvJP/ERIJ5bEpRUVQWUSlKaf+KEjxJbaTShkACOnrkBEOpCDhXwJIoWgVITywUMA57GezD5gqJpVXxoSxixoI28M19xMJ0Zl6UT37mavNUebieEos5yGJGBxTy0XmFdF2qwpIBgEcyzjRUKDMI8vGJzMU/MghRMXjCxZxUMaofuIfTSRUh9ayjOSoPM7leXqD0JjnSSK4ACNWOpEcIRo3WbLPkoJTmBBU7NCoikh6jlyKqI6rWbjQuw3m9UIuvW5+qvpYhGXXANhQe+Xw+m20tTD3VzhbPZW2lwMAwOZUe5F4bL/QPTahtqYQ+HC0heHbxND27Vq19zuZaAzTyIeTJ42Tts2JkTou9lgKR2Vgav5r5a9CV4w3Nv7zDUmBe1+fD1EwgIdP9Y+qIKVkKWzSA01obrOn8YfJG955GYGrEUM1DfSZGg61CpUBIhDRhFKdXKZ34h4D1BYr7PSUwz5kHWjGZ+hA+DSMPc/CRAULIx4spEQS9YASANN043SyEXFeEEc/JpDjCCbP+BHotDrChKResWlUWhTgSOIk0L72kobZjORWqSjNzOdVQ9DYjsnZL6IcUA1u/fHfDp6/u3fi59sCWq6TmRcknHUYFiXKciMTSCPQ7YYT4tuMBIQllingxZd0qATZ7IBwUQESIilRGQp2lQomSO2UoBbYaFjFFg+Br2oCLPoQBF11cG35B7bhQwZMtmvKdoFAlFAgF86ygiEmtnFom0SRT2lpjcXDysWb65A8vIJ8gkIyfYSiJTMVh1B9vDeLtI9Q0C8qaTYlyxxWEb44jV3qlGwq1cJdQZULpjGgayfRHsYMuK4C5BKnvS6GiQjp4wU4BIgL1rXA4GlXrW9KIg01jJWVIXTDzKE7oEObRMRuwhrL6jiWw6QPDsI5Fg0B6Z2fFMJQStpiHIoWxowERlIFsVSnVBTAExxVAEsqcS9sShLiy2QDvlI6HE3sh0SaxXvAckasKokp2Ht+K5vj+mud6ctCJp4xzzBWxKKGgyLi5qdILZAsG3s+8fckYF2AcuI5VJY2DTXTycJYu4C6FoC5lpNkql4Hu5BSuxSgNUAOZzh6TO/oJlYKEWZsBmIMLVPEwM7cUolqYFAfOgJKQRm3fFxQE9rlUDSq+0mJcjvqdcgB92FElxRfjfDabR5ZBqSQzmRShxI5ucAbD9ZrO/rMe45cVCmz96NBt72lWqDWdyHx8S4Hg+nzJO/83jg/G1gCHmoXXrPcheqqv45hg4950Sem+U4iu1+hsDB1Cyg8Mw7uGtmE+R00PWkqJgJG9aqPzr1pLgVxIa0ghYShuLXUzrSV1Gk4pwTz4xFy19b/XCPJa3dCNNRv0mLloGFq1GU7Be3lxN5qss7UlUT1zZIyCE6qaht2CKNGkweEZWhnQbKqTnjzk9Ieo3Eko9yTZ4nx+6Qv/w2KgPZstmfK9FkGf7j/xEMaE60AbBZvhcTgo1QjE5olg0cvcAnCsesrJCpEOcYGR45Rz4BFB6LUiXxKhiDQ/ybXVCXdRUu0Bc4QZVZsTjEiSaRQ1zmV68GxWhFByMlSKGOECN6UPRhsRravEH19OaYQSEBTRhBEzJl0IAZfKCxd/YWKpiZpkuYSIZzkufH4SbkyLAFbp0pe+tIMzcN75XiTy3sU+rrYgoKQnkugq+q0MmYGkM0aLlOiRuBIvucSRlBk7//IIpydOKmWeaoryfipH+oGfAY9MAdJY3OyFqSjtGaVZKckPVDEKDwP7bwMoUDglh894APeDsacmayWNpyzwlRc1YfEzCWdlzfbAMVJKsGmyQwtbgOFUtFWlHYjlX5cc+OSVrARg/GKsiCM7mGQUUDh5clEaypG40C0blmSrUgZgWncocj0pQMMF5mQS5NZfEkuhxJMeINnxagkBoxzOG0sqZdf2S4FrSlOoZJAPB3PFhCuyJQLptLDb5/ACXPZlO0e1C/J5yRaZD9XR8Okon6iWWaZgyXdtqA7gKlEKlF3D15aXJZQCkdoeH3Kqxw+cCx3FAP90meUxcDhmKgM6tfkxV+h8TiUFTPU0UDUgOJYVYiNQA66aPC3nCPKWN+MjBLLJlM+hfPCCdAwtBCnE4pzXPkEIYoiL+CEvsP4kCFPnPAwKpIjDQr2NQCQ0E+YOHcvLCpEOKoDDcjsiRAmBCtOjAf97s2NSx9xLmLCeEHebHf7a/ZGoV60kJvNgf0kWIQGdFjOrwPh8FIeVCXD4iGAoCkXVg6lshOIBs1f2IfBBAuC9E6wLPDQCLIHLCSH7+ywu5vwSgIizAFtBMbnTIei98Yky/Uw0FeZBabceiEAr9KoqTpws5qxR4L8FpifGOALC+TmdwmIi3eoraefo58XaPCSPk9xnBcGXWtECLl2I4Fd86hHGWlFYR2W9o10bWNYC3IGF54c7adnqa2BEO4gSAkqnlxJjuWQJ9OWxxkXjYnyYzmCLUSpNJrapfCoPeeP7eIMD1n3TY2qwTQ80K0y5tUNvwFQLi4iCuw6DhwYj5iphSCIH8E5i6goFClBaa8TJwvijqongam0Kqvthn9YVvBhTKO1ABx/wlXeIXzbAYB5BgKLIhIKLYiXW4GPPszRHPtj2AosB4Cl4IrEVTxne3CmOXiCbLRQrvwoGY0rArQ/q9lrWiWP0DeUaDU6hte2evG76B6B4US1gyNasMnD4V0hZkvVpZWsZADNvOQFV0BRroGeMGgb4k4lwSaVisl+Zll6BASWTqaJDfKRQ8cCev0mGURZosxQYBv0E1+Kb6MsXsiGqhmag8mFbJqlw4IBuuoI0AjWIK1+UK/iNcJdtFtu7FkVcbPRCeWI6GGKRbA1nJefT/SceIpngKLOI8cWIwyERv1G5Kx2onMcCtQwyC7IGRCUEQZJCJbhY9BOItTy9smUN7D3KxxVIYkiykBs7TbykFOlUKp1O5w3zt8HEwMtQCFwKQMoY8PC0aUKVhmOL53kNahgKkiFuCcPVWgQYyhLHKWDCLRJDqQxZbQ94nJGr5tlvUwTplL4umbfO5/SxB1+tBVYIjCfwhR0C7UCNUjlPBIe5hH2a4d7oAKeTWxHDp4EQyBUinosOd5aT0pIibTXJy+QWuuNtrRVmYoSjXuj6etrXwam8Dl4WsVK1RKf6dL8rnXKeoGLZOdT+aC8AsgBaQlnjY/srAYM0bz9i84dmOQatqfOqPltpiZm11EUaRIDZEYrWPoQoAmEoGnp6mOB4ZJGhOdMqXvm0Wfn4gPt9YRGqiQh8sQakUHYnMzBUCSrz02CBZLNIQRVHjhCR0jZZiGFoRGQaEqVFVJKtYhlMdsmdIyxaBpSXmcBgKrE5aAMy89Y826+Ip5MWJOA8ztM4Fqv3t1CI0I0TI0tukuhF5Hg7GiUfR4XwtvrKilJpNfJgXpWPtt61GtCWy9gYbFS6UmDcRisf8wjXUocjauXQvoP0SxPVU/VxNcTVWE/2oyJHK1WRoSgoSz0of6VPcT3P5KKsnLOLobbTgwusFqaSgSiv0CGDYo1ALMYxTuhhfpNZsCppjUANWM4GZgISqmEpolgjHHcu5iBIL0WMxGIa8k7XFUBU5xmjUMUbAbYhwG6tIhFwK4EJcHaRprTESOVzeV+54M/VOApb3M7cvmVLow9U6QH87XU8CeU1kQTDjSbnzFd3gUk5LPFjlv4cgysEqbOxAwXmW4Y4WD//hU3GAwin52WFEXIa5wK9Uul2k1yVitnvO/UHDAcMnremmC4G2MGUT1CbSmQkHq8ScUDvkrBjXsgXYvAoSmBPBEc8FyD64XAKlCJlPU0KPPmXT3JiKcVbvUBxOWKji+ce5hZ02dBTGS1dPD9ZSPvGp1IGgcoOOMAHYlJixLN1xuvOldgQtlaE+YgFCEyylDc5tBYdAJORkjkucIBqtti3UWApL7IV7ayQBLizGWm+QZKDkxVG/mSkG+WaSUlD+S2GtHJyRegFUigpGxGCGAGButjbrDhTVW3YUSEKhGbOgaJHnYVsh5NDWEQ0c3HCsYybMjgZtsJiaD1yvrgyFBulFt8kW2z9NNKy3tsSFN0xUa30Qq3XZVx083lJNIsBKHJMoyEw+1URTEXA0UBVqEZg0ijZ2Poa4TLLl+oqRqWBMkzzNkuBVQvH8lPZgyMaGOMKiWwbHPAvh1SYjUAdgQd2xeJZcrXfvVNQ0SihaCovBT6GulZglWQtpqc+sOMa30IEwz93RY4Tdqhfulsabh5MNkTnRha/L07neAC6VSy4+y8qStL0SDx1jZ1nWwGDz5uIRPxepOKre+KoOBHv0+l0Jp3OagbFsYi/WEh23TSWio+1FsbSMoqtWCYIiEUjrxHoJcbOgQ2waThZBVDFi2kkMfCRBdMwtf2AVp+aTC6H87mcHYkAS3hmqTf3g733DtZ2yE6PLgH8YrW25vJiBvC4CohjXd0RF8u6lo8O2TNz7W9aU5tMYy2FcqSv0duZgLEFBMjGBQhzcr90akaV8GSrdCVrQ1kCoIBmuiDGdAkMDWt266IgRK2hzOe8vKkuIsaapcBcNk8IsGdKj53qgNg1TsDWX5yHXN7TOjo4BK4ReBQc4y+Y8OgFWsGxoelzp71WDzWDypBGkHMd/oi9rLzbT4zc1PoUl54qY7Jk04JLYPteJp30IuYNQoIJYvOhtoJ0bafYiowSckXXciiYMEZo1phJBSvf4CPcg8KYMrjJcdePc0d0AKJK0zAyTP1XXWoYFrE4GQZHBMBzWThIrwAAEABJREFUyHtchlEoYNGPANa6GXpmIzgGpslVz4I2RJFwtJBVAyil8icIua623PUgBVHMKlbIUEt9o1JRWtCVluBaW1kagWCuS6lrlksygcC8qgiAoPr62qrL5TZUnlKgZ22oDSxAOY2tgdMtEgIz8PIG1dCohtmisajqWE5EFQmciC0uXHLpJWSNoXQgkYqB67IBagNlvPvqq6SFh6rVdB4EbVwlKEN89aaYfjmMKwQ6cPmKg0SqDlUrwzhyV8Lnq8Ra3RjqIxjhJMZUSa2WMdjicL2waI5gqhyJlYECgj84UFA3Xb03Z2mPlSBy7UsEmf9013gMsdgANZLGqStn/ge2d/COJ6wd5pBwmXp0xt+8pgGbF0ocbIvpckBG9cGWkoj+EjtW36yEA6OtNZ11FoYdHezYNseI4TWwkDgbM4E+TKKNYmpqhMCuN1RHAUdNAdwvFbTJTv0UT3QhVIcwSQSGYhhttbpjSXEK3DgXF+D4TXQTXbknHPIkxzGMv48RR4DAwTtS50w6U7zdl93IRvryImgvz6+MpjuSziGd0ibxebNFtwl9KoD2E7bfYeZ0ArsCCngdTiMOziwIJCNpkPKpcZPWFKf1dQ7rUxJWkfBwZH0XirnSI+JJtphpY99UFJGTs89orcnHJQmYKk5gaAYiFLmSmVDbFY7wdFO1DeGpkgBFiK1j1KWGG28LyMEKcahwQpFKCAeKLJpM8AqVIuMzox0M1QosyVxOVCpz3icaQqnWBk7oH2eANQWM7h9KA3JCgjl1LvNM44VZk1kxTjgJCqoR6PgtZcRMEzLIzeVzdIWGpdlaQYUaJ5KdVVLrSxX+iUoFt8RVV9Z8K8Vt0FBhSoFVtaQrC7qdjcoDwOkWhUAdnDaUNcrEbIUCJKMXWFow1s9Do1kBuYyj7JaWXRTDBdYLbpU0vnSlyhfZ+DkKHOFy+BUWhHOHltk2QaQDZ4i4tOqEIQvWdVVEfSGzLiSgLBVLVUWUntp6wdz0QsxV0wcS+4qWGFvBlk1NKS6x6mDA6r3jnMIqBLn2JZzMp0UXl6EOmVbC5QqeV+BVDLQIADzKfS6zegBObTPk0hEEFnPkINDQgrL5bGR0ohMEG5ZWDU0Sp81Vn2Jf1EqcsBInu4sJIxYoDnHbbVfiJ6qy5QrD9SQSh5JoilKpdE1NTV4zqZiNLjBtkGnlShUFqiMe9aUYnOxmDRWsoDKMo7pGb0FiBJWQKLGpijYOIQbfQIZTyyqcHjhoAjzhoBeR3AJikc/nvadbGpHOaeal8xz6DAp2LqIWP2WKM2hNLoToBWLXD/a9QrY+h6MQgq7cDfrZAvrh9/o7MJV/kFv7k3N4UDkI1JcQhdQ3mqrSufD5pTBE5Y12QXsBVuhcQXPLJ5TUavKFDv9LtQlIurTLDOHKvrkEJR1jgRBXQkCoqo45i24R1adGoUuR/vFDhW9Z6js/rdksUCvHFT9Mo2NVgIqPKDLnw4UznV8EJLCJV7oI3r6r9CYKVTu8KVAxSoHVNGZSgtKuCyDk3AYfqsGqvP3FeaXPmrTPyqvDdHESByUnCclS51snLxaU1xoXw5SGNNnz1/Y/4rFSJVLicKk3qAJXFHCxOkhj+yZZVSCO2BUm9o5QBHrZJGWT3OCPS59AOU8IETHFnHQMtj5rOGHE8WEzUVcdYqlSuYCdY7J4rMSkiR9Tp26cR4HC/gtuJm71Qc9rQ1EvndYOgMX6ifLUehLSj1/0dYhRRRS7aMH1WQEGe/vdcYqWfriUJxSGyiNTo86dHk5wdOU82eFsRRGKaUkYl/Xwn1t0BZtL0nSJpq94u8t0dJ3vUqwCUS4FERw3RRk5xinNUiVUYNIF/mdw/rUpZE9f9TywuZTy6AoCNhK8Ks3FjoNaEXi4RdAISqNQEwtxKDXyhoW1kQBZectza2dgtovbmQxesq000hiZx0awNFdxKOdo6GZleRhgz63ji4VQVSTMvEVxctMsCuFZGY0Y5UlZbYrJBWvWqnPmIJjneM0SaIo8kFHExX6n0otYEfQCkdMSFUYJp0pJJLlvwsYnUimPKaKgGx7LF22EXSQddK1oF2v3J/Gq5AOgwqewgsCwMEXyxVg2WsqXdQm7lGOZynCqFDiiAupytYQTyBRNeQkun0JRZsW3gmqbKjAmnwkEUI4oa6XAog0Oyw/eDa4yglKRq6BxtFarqyG29pJhxTcGyWh5llTi4bibw+UD/VN4vhqaXOYkqxGI9JX3TE0m29qK88XK1QIXbUtPSO1GVOnCmAYXxDhY6N51QTUCLTUaPhuYbNlwIIVIXEDcixJ6QwMscpdRirlKegGlNyxAbewIGhpNLmcGpQp4V5ywAvUdYN5KA7vLBOeH0CD9MpDGXyxDWg5jHdrxH5BXFdAmcjy7XOxGwbxPQSpTmyG/uaymBYixYVYHk/4QSWjJe6Ln0ApEyLEhZuurhLZMEOnAXSY4MzCoGcSSC+YC39nLVAqI9qemIQqNB7iamhihhBKqaqMigonng49V2wIoB9yJBFWRapH1OWzcDgF+ecokR9oy2WA57R/glwTsvgJ46FkBeYYhoHMFdxDmUJmXOU+HjmS7JxxNiDm5cY5+w8l49JmsTiBmTQWOPOXWCzQ/cmD5YKvvRXGkf3K6DR2gWoGcfoRBj5tnMnRaKsYePXPyDK5Hpxfbm7MsgbUoYHqTkZmmiXFwJiAkU2GdIkh7l2uUFDMhg2mUw6YJIs5FQ4XdnPIek78pcNE4plqQnCEAcb5C6SOZmPbatVEI1LAtI8hlelknCu0STIP3pR4VJfIlNzfjRiGTOiBrEwu/WGUIG2PlhNpteZ7JJEjlt8YanEuHlQljxG8OeasjW3VUes5WG6ql3Iqiwo4PbkMENC2NdIZlqaL4SLjFxSUxuk4Yev6myYpJPperikavGiwiasC4KkYk2LwqHHSxuajxVF6cAhhKLYAjNVDCh5eJbhUxo52FmMu7W6XC1Vx7nTQoaMx2ZiGaSI9ymkbZzOiobdcIBYgIYD5llqQBaX0cRY8A49o6FeAtRG3MzMU8KUgxbK8LlDKEYyo6TMRFHYH4pFWjpSRIg+wta/O/w2egUph7Ac1SrwPPs58SfPpMTpespoGX8wYVAm1sBQ7hHXu4YC59ufaGwccUnM/WA6Q0sVOQas226mcFGlz1RkNB4psyCuQRx0ul7ZWldMLUfDNPmsYGqUDnlFizH9Z5qmHrecERiqNWlRcUpiBXfcFIzqRGEYYQyYA3ImBouRUx4gqDVlg3wtTRQL50xZGQW6ctThhqz4Ey+nHvLKg0VFE5wuUVjZMOAr5SkFL3FFw4YOnKBLzhJWD5wH4ni4VkpTEHXcq0GJ3A+lcaQS+NP873mK2MFcrAesL8Xv2gJyqTiTaBFt0cIObMy+XmHjK4jwnXaydTqEIsSiltZqxDCePURNnAS6H5wpisQpjjZyQlUoTH0lxh93YlrB6nZJC0YCUYcenSKBBAaWZ2G+KAPSuoOI1Asj/bqh8fgUoH8mO1KICxZOex+1zeYMXD6IXUMy4RGKLlNO0CpYY+SivOQVnrWhuuILAjBI7fNlQPyk4p0FlE28aEwQioyildayy+pQqFAE43af5g7CJWg/5YiqwfZdJap51D1YDkxrElBV0lMEFtOaHN2CRAv4JGQE+MKZcMjZFg2sEnkd7Lfzym3GqeAAw9lYIlIinAmUyKNLx5V+Nb0YNqALJRkctrJ2LyzpViZ4kVDC+bBAoB3aPRjzAKj7aAjEhSTKVKPHz0ZmMdNEHmDyJR4SXFiCov9kvjAGXMxTYGwvhgjzZasBe/Kp3jMWQ5i6XN5To62tb8ws4tpIhEtDZy7P+eY3tNCvdf5Lu3Y0BvxE7mNUR37IU7d1DBipnFynwfXPFNkbBmjSYP+VxWUx+WaLoCGEc4cfpkvVTBzUXlqCzR6i0QyY6LkI8iiCxgXKa4peK0cuhuXSBeR6GqObI5ImmA648KgH2DCzbuEw+lMHLxQyIjkp2GSkAiTYPX/ZmuYFUf4GLFx1pYHoyiG1FJMbzzUewKy9PsROppIQY9VeCxu1TkUB1wuEXwRExKh8lDxAGOZWTOuPJmh4tdns/AeCArEJhshfFRqG8Hfk04cdj9G7g7O3VymuBZaJJdiFIuraP10TUEsV1+XKMDl1VD7JDGqF7OKq1bPLRiCHYd5StbdizssXiwXlkwExcBlslJhkgqyBSGqBzg0FvF+lKiscmhcOm0KBHjhEc29QPbaIhmvfqigs0tLSHWpZyt3DCHZKWvPqMMUIQIFz55gWOkrA7K4ifOiNptoe12SahdJ7yTCqjYRjDUInBEE6svKpcEIv1OVi+99NvCuDlbDtE2V6BLRm+GH1GznJB3RRhYJY9CFLfyqMlsKdssBVYiKrIqy0Iz35RJ53JVoShXQcMuDljT4ioARiUxd0gImkJVTUY7EiSfjSjENBWgvNs445OpoJjicmvDPXtGTucyrqHCeYBNSHOILwOyewFAsuoDIsT0lKeYmSwZTV4rWWoqlEvBhTbI7Dps72yVO5haSJBJZ0iLnc0x22r+WCeaPrGY81fgUmjefD2iQ9HDPtvWqfnlJXAehmuRg5ub5aYtCWWzOext9PWGgKnIANadk9hpnc+xdWkt+SNfhJi6i94QtVPtWO4BAEU0iC2za7E1EZFC2zYOVry9hKDwLHLsex06rJWuwvLprEgjUDzgNqhEYfbPxLOxFDO+MGnFg0JKIrGpr4qVWpRO9hlgdN8BZDHkDvTt6HXjspKCV8/JT4DzOIdz8Xb5we2XzYWDd7S0UQQ8EGHCTpPCyOljKrlfH5mvYhmvWeLPa8UGzONf8q5hE2fuY4YrDiLmgRYLgFRas4edcjE1NdaQP0Dj82anizUq1GcEbm1GptQuIVzHL3ImrMIqL97eRHCTYwWmRmjp9AVCKcMV8bBiwO5xEu0ci97zYv7zvrDrT9nD0DEqmJ5RsdMNVDc00ShOlOngEVhdhzIo5huPHV19K+4qYiECN/qnimiAggZcYJZe8a6hUhpmcZRPzMvy+ODqLVjhSDJdylkjEJWPUqD62liBlaV8miwQco4ZlrZukS7B45ITgjn9q4reoOIjmdK/DFahdhMN7yZ/IUFG0qkUaFqBqBwgn0gp0P5RBQomgbFEipPLCcV8fSoprpdY2CiCavEw9z5VASCWrXFEtrUuUDkNDYQAuHBR84WTQIOMXXpRpQptD4h+4gp5LGGVTZQyUeZCYjCIWa0b43hb5OdiU4HvlYsd2Q6MOmckJBaRVQSz65G14K6ZFAHDxbuwB14vIpUCBzgwNrccG6BRSzPg+I1ENBnmpQbmE3b94YHM3CggjxVqBHIiTCOQAnsW14RaURB+wesfBIjlKBWpiIMAgWyI5phBwfDDcxuLj3qUplZfIcIwAxJqLR3+NMiOf3A0a1kkNNFwKHUDw5mPlXQP7vAODLcgV0EAgys16xempOULlxHS9ScAABAASURBVA4MTf8sel+q2apX0n23b0gilgahCSjDEKGAhDN4aW80QxuMoY5MCIyw1E9OuBEcNHDqBUIgMXDXIzUJEEMvEEVoMYnpBeofoOX0tNF0CPIO3xF8cPQL6bRirVQFLEBjx3+Ho2d8LViMqUqFy1aNwcQ0Y+Nl42jKvcKxwnI1LBBBoQQgxxKUSiI+bUkc0bIAezZewTA6kqgeswRzMw7Am9WSPXQSUC0EXXMRNwgZO9jiATxfPKgVRnHMYrIrBUuByQcOtPOsgI/ko8ZSYK2oiaRqmTTMrNF4zNJbijGvpgEEL6CykiXJuJR/OrVZCix/iHe1VTZ1qjrgCjz2PgCVrvuYSqcymZqcZpmnOg6ErvQsTWfSqVSaZKhPn6Z8EaYCIPg5p6p5o2/NF+hPgsDYuKLoeLUIkDokFXeXlUC5EOLK5dwNSAwMjUDPWamJhKKYXshLtBYS5qcXYh6XXnHFCWGqLdm6dutts3uWg+WCHF+SGgv5ADZzHwcLuWw+n2tF3KLS7AHnPpzdCtOgHMvptjNy34Wt4TnMewQK4WMYHyIaUfxksVTNIMoNy/MRIXMUVG5WCrqhyOgznHDE1j1wBBU3uVyvAXEzDOQR8U5lm8SHwofIRImIwUDpSlYQxI8+VN8yUpxEK8fkkpbZrxcYyjZu2njzJZ7tFZaOoIyELD6MlzF0Glx6gXYo4rycomIpAs54cKejRiinFyhEVkTEkZDLbwHij7VjEMnfHDM0HPLEJBavtAB+vlpBTBF47Be6dQMxshzoLSDnjMlZ7a3ZEzCFVg6ezHVXNlDVhMq1HgmCr6pTTfRiW9wqFkI1MypMI1CDgtKeCNRrBGqnVWJqVhhLaBvJB1syUCSMd5VLIdMYSKwgc7EsXFtfqhVWEbxD8EoEe2E3cJAuybLoCJWp0jK4GsdKbYhEKSsFVnQbW3QUY/bEuYOkHIaxqipRlauCSGq2ilKaET3dhk4lRxjoJ6+ocBUWF6vlpTW00kuvlqEp4JgjVUL3hxHCpVQ/RRTIZNIfY8FAkgIjaG6xhMSWsASZFBJruNiJGaV5H0vvDQe9iIXYnMwkNrdUSq2xBmCp4YD7ZF2w3jp18nwUBHkd1JFdfawNI2xzpbZJDQd6oK69MK99MUtfO/bA/Ifiur6qzaMQ9fGgPPVo7QXsGVtrpdiW3smBM8SUZs44hVx6smrrYmJ6dVEabE64ayWH7pqRqpH1REryABq+ZlCJRqA8rS0k5uOSQMvuq3S8nhIjZ1Gb89boyiiZRBGlHfj9xo+sPMC8nC4ivpXSlRWipyKhfhP1JLpkIyoPJ3dn6QqpcQ49k0A+0sKELJ5hLga2hygFAo8XhipMoN4YmGkFERoaXqbqFToi4irFUKWEbAtn4mw8/qDklzldY9EwMsBxORQ5KSKLoLiEAD4/8Qt6LA7+4UnBEh2CP1zSzKunHDp/jjfI34Bh75TIcme06aI5RltDQ0PRngr6ezfs8sRu1bHjvzvjIGbVx55w1YCfIYNSWBRgTihKpD1MShJjpaFIdTAUySU+Sxk4IeCY7+MGr+csQBn07MoAzkYuNhJJNUVMoUj28xQmL0dQZW4kEEu+U++tOAhefCqd3lUBeCbgZVWQ1WRNedddJxiD+QQCKHeUrFJgRTU26lGG9RQ43RJByWguFAJVEFFAmUya7EXj1pJSOqoQOBecChim86pg8ESzYsZhuDybXsn0x7amWOnmYKjWiLDYuDgNMFtOzEOkIiCEnXnN7Us0FCMo/+v/z96bwM23VIWBdW7393/7g8f6HrKDCohsKiDgrjg6oqJxySTjaBJjxnEZM5NknN8kmoyYODMhTkZHE2eiiUnURCIEA2qiEkWzOGrwpygBWVwQ8AEP3uNtX/c9c++tu9Re51TVvX27+zv/7999u+pstZ3azq1KSFmhCqnss8zj/mUAUBBG7z7tYL4+CqYIMeGJaT1OJdE2wS93+84pUNNBLY6h6g8mDntfwHG/R9/CmbQiQIFcHQtobmO0qTYXFxe7fftPlAfQvoI4RFYZCHS0ds0M031EFDQg4Cjgt/DgQvfyIYrz0EVYoRBT64nPDokZTgXyWjy76YBIJApFTYMKjyWZu4VH4ZAKgPUM1DHnwfPtsDBZ1rUO0edVjcPdatiYzbIU5cRALFKS4UujUvc5wTxnOd/PaeRUgpUQk5taCj/Llc3cVDOyjVUz1TG5JYgHUfIQAufgkBBqV8Uoo7W1Gi4qsJMQdQ85RI6A7u5WgA+ZwF1J2os49pS7ODAHRZ8C+/bOodpsKtMpcGquujMXKvnYzStBe/8QhLzSfbBEw8tfkOclpZAWb1Nsv8Bks4XcmFMAWPcodpbMH3qH+Yv1wB6BGpx2PZZQvCqv2iNw+Fy4WNONbDrAodwfc4HlESgPrD2pdnryJkdCPJmw6n7WgiLlBkeW6CsgQKRmrNAp8KoOnhRQto+uoBygstt28nBVl2aEpV0DWccENqiHmWOUEIqu1UA9HqavglA8x3SGlsLSIZBcrEXUIzGZo25jv3hLW2UOyZ69YiM6fRf4ciefTw4tqrvRS0HRIh+uTXaWNYxINHFxpLjuhWsUSSWQWxYjgXpMn26clZ/guDJXpxX9EX1E97JugQu1XZlxX0XdWdSO49OOFFQehfZoewSOIts74KtNs/Okn1RMKfKwfaBv6BLLlNKTMFiFInFcbSzVrim7wkX4sMUFsxRGnG6XD1ylSVYpKS8xMPMCvywSQDSADjSX8lLVicsuSS4UwFABw7SFuhgfISbWl8UsgAm9+fF2mYXrEh8OrsAI6nbyHFrlr0LA+MGXQ3dEIKGBvoWHAVYQ0IXY+3vp41T6UCiO3+MxC6u/vkDnYUrxNcL8inHUAEI7WTqEJjhQOluBPlhNFe0b7tLNkY+DGnvY+hbVAYqZSmJBYIiDSFfgQOvOMHsJZ7HHZpZYWwbWMNCoPFlodpCW0wjDbJqip7xjJyzWmEgLzYnRxBJoBy0K+7qWLpGLn6YGB0qxpsF4k1DWOOhYAMelI5zduB/SI9D2N+r+45otXb709oDX4YhgCO6QCPrCaWFgM/UTAPRXnxcrVpoL20KlPIlZz6SXB7TsHAGSZ6srhYiy6Y6ex5MLvaagfK4fsADGBIcf5hwDnEoWrcQpcNalyROCY82eq2JdCs7Ldp9+aqWn0QGv1aVOv5YHPEq7gqonVRDtuBKHHvcT8iLd8fcRSPVx6JHnSjGJb5F2bS1PLwNUrZFLQAfvSYFm7Y/JZqg2SGNNxMt6TfVq4HBSASjqjM/9iS/Kjj7Y4Yp3oMpEwk7shnt7eWA0P/0670lNcnL9/jBVtb3YXF4KUe8KDUPKl5QKM7YFt5z1QNR5L4bmQXBkKZhoiE6+ZFkZ1gOnthamyKt4EEMg8EHbsaWkr5tqaEiYCeBhXrS1ZVutdHkzW40sUHQ7/l2IxWCBDFpqLTmQlELydXPMT5dmJB3uFQT6NImT84f6FSCwAAlSRsTRRSGcUWDNP9DFFvSYcA5ACA1sG5FWM/SKkD73GfmA18VURYtpi3nkfiByyG/pJgcYK9QKR5TlgZpOZa7k8uJaUBMbMNOtUNt9Ja8agT+KxKdgDXNLbOfLxmSWKpC5cUvBAtCcAjVzODr5DXat81bpJ/qTJcBh3Uc3hoLrjwdm7zFGOJDR97tbdauhfUm8OoS5OBcLtQqQN+l2j92ZXHPmPSbEzCUblrk+eAUVue4cfPPb8lxJOdq2Th1HzwD9oOXoso7pEdhDV33FKUDMI3BY7mQX7JE2omMp1avxiAsSll1ODkjJX+31wVdgwfF0NKfRJR4vXHUKJwXnUJwoqKes9XC0Nkb6jYUSekLmE7tzktZwcKmxCaWECdsjIVmGtq59EOCJxlxd8Siqa6qWwd1mxIOYZpdXj7JVNDi9gfkAKq32hp9G2cJuv69DVy/JjYIh/cp9R6BEK5pp7C1pelK68GaVXzDgMDUQlVmmy7rMASwJbmRMMXcRHBz/lYECKpHzqgCa2/1uikUKEwcC0ND8CKZg8GISGfqDc7MRE5hxJB5BL+WD3jmCCAkJjbZuJ1JmjpYqEHA9lBqWHHGtIQPMOYwpm4EsPbmio95vYPxmM8mizZGYAynVo9sXAyw874P5E8uFxVQKCSJoMKN3INoIibkClmsQcnI44ATm8z5aEqJFkF5GaDIp7KBJlp4BWVwym+GChoXpNkfuUFRX7KB8xH30dbtpZhu14NqcL+AoYbn8AmyqSlcYNR76C32o/B84jlh9SCtkhm5n7dA7x7ldck8pK86lWOnNaCGxiwJOTmQJGqUmgkZXOotg/kt1MfJ7EQB5q+6RzKaxAEYZmtUDDL0Pg2aNGYGM0KOH8xoeSdDHllcQggM6BR56oo5HUkdm6UlnSXrpbYNSoO7bngOcRUqH9cJTXwEou9ueCuZazDwyDuRmsyi09TZUZ+fL4IWtcT/dxWNYo8Mpd7JyCfGwyU1RftzUYRIDyBJGkZJk5Asc5Iok4Fswv9dad+cDOlBBD4ou1IPBuFM0nKG2KDBjpxP5YPzluMFXv09XaF4V8W0DdBWfpbi6ss/zayHXDh7bssiGM1xn2xNqaK5DFRetU5eYwdTEyIMzS9g+mt9YGSiVpd5i7xpKkhSgodERgIZGRwCRmYEojEuvogZTpEmE9Mykiho853IYhmo+ETOBeRA3OTllWyr55Mipr8k3RaWNzXqhSHYtAHw9A2XITTFQSMN1Br2IccffqC8RWRwG8Ogi0I0IBonqqQA0jyhXP+geQ0Y9wITXdiKFVQxkDziN/njEAHa6oisD/k1eiDHokTJbepQDFPULFAe3TuPtnKX4kTIwEDkgzOk8ksOhYOdLcomD0AWMRGX8aAfuGOmZOfoFRna4kegUWBjA6I8qoZ6oNPZ/42Ba+vjJei7tSVf1Ube2Y8H35zN1uBBpHpZm46uTQmMun+O8gp2riTlD3oLdnRF0OUKYyr6fNy7XNehi6NYpT44qcNa0rqSqjIvRSWOIeRMxk1EUIBaAA5Sv0WJWf1IgVT0MRHQL4LVqmk7OBiuQUHPXmB1UnWCZppoJp1zhVgwnlO1XJwWuG47BCnlgNarj8HcmcJXSE4M1JRPnadjYf5xBieJBJgvFCy3CsKqqzXbbrD/ud3uRza2ISmHgO41ZHHqfoByYxaXAC+NWXfeflQMVQLXdNA/BI+UCAEmmJLueTElOBKhgu93WiPt9W7EHj5+Bo7rArDnfTR8DmtB2UIf18WZZYbfbeRbunfvSw0rpWP3kUjrYk1hQ1PRzFjEvz/H6IMbmATvHabUjtSCzq4EYXNgNR7guAA63fkAUO7V3iKFRWMkqp23nJqY/QoYkxkBCiDOi8RkAHVxlQxk3MOJMiLK4CBho+mQmGhqjfP2oqFZCYqGwJQINbbWwqv0aWpZlZmwiudwcLsgwA1ZftfqhSNdV9bvuS0KOx8lMsgiGUbrdedmgAAAQAElEQVQlHMZdBlZjCXJg+VQQJR7Ejwr8IRTvyTSNoyKoHDCkZB5zeTckIJ8RJQMP3o6iOngRRrMdc5qYPZlB7gtmspojxZVJoTtcBSvShysODfNBMyXa13tBdK5C19cYNw77sPc7cS1LhAS1VypvKrAFjh6B+mILCi0QFU2scRS6NCmQt9NinTyUt/13CuMDCjQJnU67nKmqHiYrQ1Jhvla5qhlmC71NJ+q1hPpzyQD9BpccQMeT+/cCcGymCAtgiHbpft97P0JofHwMQJs0AaysoXLhTPrMK5gTsJAJXwcs7xQI1JnAOcPx1DCIBqwAzma6NHocnc/0UJw2DLvKK4J89yk3W8YhazCpspy9KSUp4E1jiTiq0QaOzibdQlVVVXvEdTVRQn4mVe82sWLwFCqozHoBWr/P/niww9knCP5WfE3AgwOG/0ibljpYabuK3TrtSRR0+AGB/tR567XuTNJvTx4ziIpsaeSJJ4oF8rp3SQVj1VohxQATknToGrafiZtIMGBCjrWPRLZFMIP9Mr1hHx7NoyufFQ7mL8UhkiGuzPAD8jEgjN60k+bfsIOUuaDPVMYVmVgyfoY5GCBzZ3x9PGT60is/QBwnHZxHpVLFJKAUtmAafkrG5GRmvl3PaxEz0uYBVXK+hjA9mMxw/JgNCm+DpcgCP1uvQw6EKXvyLGUCmQ9MoeDG9PotQB7zbkxU474ZQIveW8E1H/KKD4Hb1yutaxi8SJAkg8oehS4owiQ22odoRULfKJ6xijJfI89mDsrYtLBv1qwJJ0K8fLOVLDLmTOawRCa3E466JiwxZSnDp/SImy0/cFg+BbnIEHAQWQHIHi54Ah9ZayWhPE8inQui2UtMk3t0CXRHZgJobxM6WE/C1dGbPi5RRhJ9bqywCvBBSYRcdOy9IedIHDof54bYgMExdDtdAOrtwUsU0GwyKNOJXDhA6w+Mu9Yw9LIAC2D0eFjLXniV6aQDYwpRmuVawNB3iaa6BJzEYIADs4zUjg8Yyb86KXAdcDaDvSuYHc7EI9Cex58kIE6fpwxIuKbhFEB6k1ASOnn4HGM1l66PK7wQOpSfFHcZF1kF7bGIAve73Qk0VTUB0Rw4oNNnvwrcP4Pjt/6vC7evzlV250A0Wwy73WX4+ty+CYvx8lgQ4/UtQ1z/CyZ9DMWDAqI7qVGYy2RsOtg3UBNPiGRp4nRPcEZnsS0CSItdmfGeKSt6cy9/MIWkbe0nIJRiIoIeJTIappbSnqXKbNFAwCEhaGj+OskRROs9w6wqqC4u5HmrdRIfiEcDj4QHUJSbH1Bwx1CzbzGswKABObAU81XB3Boey47GTHoC21zHyUuoUAbAdBkpKqvuBoZyV2yt1Qj8foEjggppiQg5d5gofA4YQOD5BXpF+ABNcg8tJF+srHKf6WDOlISXhmg5uRCATl4eFs+sSBrrfY3FTE2wMqdwc3qTlWBlQXsjR+1wGVqV+UUxa6/WvWGEKUOjNudq8z4T6w4AImQUM8Cm2kxvipquaf0FDUps13tX8v3r3iu0Q+pxYPq/snMFuOD1fxflzSA6H69gUQB17dQPR+0RKGFy6c0GJAXNDZ4hdbcAT3b1XBDKeQSWITs8kCcP9Kp7Cpa0r8LiiIFdDMee4AGuPAIZsJhTIAzryVcDrUMCijK9MgR+XcEhYYVuOLPA+diR1U7oWc5DBG5JqzB4bObnAM6sxcWFXCJAjItYWayYMK/fD8Rkg3QM41ZgNFb5kyGDFgscIGVdggBDoIFnx2pI7cJmXft2mRxhgw8OyhtMlb0eHL7Hu1XkSffdSqrmFGgoEC/EziKT3sh3m+4V2iyqPtAdFSjEnjaOzHDdQ2+Y4LnksLbz6aCt0Qf4eAqb4UG1LFoqq5yd3yQEvYKk82HiUGV1LQVSOAABh4TgRdPrJEdQrt0a0tbtZMF+b70gUcgwUvOQyZHGDxnVUhcBrkAfMg+4U/bYGI9JRUbMLzLVj6RgBXDLGj+OECAUVTBRvK6BhZ2gJYG/bben8aIyxPTTi3Q1PJYDBV9iTMSIFkmTQxUfWq/m+BYOBCnc/Am4uSsiaiYzJqsRlsiLIMS6cTDKBLgpohIgixZSM7aZBQ6vUiTzoGkQZ59fNTKkOxH6xQaCZvmtJYdDkbYaSSfKI/bLmIXVAqWWYm90c17TRIbEOYEmHZOoXIyyl9hL5BXKg6bMzti3ztQ/1ViL/ZAAc/MnIV3drBU87jsuPcZfXnc64vjBA350vbxL1FgzHasBzhCJAStJamBEeVgN12AWkiUdIOt8q+C42+/XtY9J1YWN1+9tHKsX9gxqrzcnkBG6fphN74Ob4fXCKebLAk6BVzXKDzMN9QIgZxh5BcLdXjgsoPJ5+tB7K5x6ctGcK58wHMXwEjMNwVCgJ1+i8grRBc9XO4x9XrYwZ09jtHpn29ycJMxIi25sGLfeh6P3BKiRwjyjbzigb/yCEVHVod7vL93Xa7tdW9Qnq8phiIU73YScxFHQOm1VQmWgk8C4j3q4xPcKEJRmeuSwYDgmkoabJqMszCmckxsKcNzRZueTygQcT2MDGd2H43yEaQwDSFQEPy7GPWshGhAIpcWOGVWgBKdupjzA+DEjMPhzVSFVCTpkjfZnzsahOuFCBXZQm54BhovbzKJWNFZK0waUYW2RmQ1TjWXysJgUvXYV91ErmRuq8yJ6ESYIOim4430c6LeMTZ4iGEOIKRMX4cOIpdyHEudsQHsHG+6H1yqQ6AHn1w3zEGYFrnqgPyyh+aGNd9QaUCoYMbuWy9XVgWO9pEA+pLKISUcHweEGYwXyCtuDLx09RZTvfj/2YZh6wOEE0F0H4XJrUb16jMU2eWEGjnHq69FZgyUMOYwJ0/smrxQOdukJcwhw6hCemWAwtiQsUxsAclYtEsZqs4FXZN3B+JbskR9bSoOj9AtMWMCNVd1j8wj0Agx/5wiw5oK8grIwt1PgVWXyw7HZF+Ie0RrhnOrg2aQV8Qy66O7kKjyLYTRpsuAqcZzbFJXmHt82OAUw1o3WDfH8D3j29Et3aYlNr72qN4rhkueMMmdwINwrqXIOL4LK9tfnDneWCHVJrX11f/ISQtAEDtqBot+E0L72PFvrQONH2DknwCZh9RD14uIBE59Xo3jMZZmLFUCgPfKBzQOFUvXJfJDhSEJUqSBaumMWCsHxcy+lc7fCGCeAKJOZEHD6hCVXswnQZx3DBAINjQOF7Uhhj0AwvllUscLmMUcqKrcFpOUYkwq0rwxgtcQ5sqs4HNQaFCsXFWI+S3GAPLtAIaZrgyrNuPWuDZuRRM5Uw0Wo2jck4Mf4Y1gpFEEXGYf7gh6n7+1O0wbglxF647XyWWgXN1sQ6KNXBkPCFZxz5UMJpmm6gT5USeMQpnUjLDXPYZRpXTfz6T1/P1MkpwazOZSAWBbNsQefy28xizSNNkEATgEHhkMoETansJKc8QNqXxyA/jXd3DRitwDoCo5ejjEoXyaPu4uRwSmoi4YGoapxP0VPIxaPFqg+rrwmOACmUs6GlaSeOW5dTutFJO3rPe7au3G6/otBiOGAAxTuMbQmno70MbkBUKyRLgdp2spp8BqaKxeQEaoAfeFgUSDl8/H1d/kw42D4OLIzRcs5nAL1xaArMGAFGYMpleWoC/TMDOIZJBezdw+OBY5lfEnYnndC7yN08n6P4+gZ8RhXJEaglu2ZuLJKQO7yxohh+YqxKsfoYKccyiemMRhocep1lt0zCJej4OXlZUDiuADdV2PHIWG+gk/bgz/AwCNgytAsIK56M+Ijl4CBq2HSWnYi8xLAYpgk3VHtSW4oyMEuBAuIGmxBMWA5AA1KUHzZkny8/JGlKjlkm0FKSs0gK8eiJpqYXojExcfuDKcuXjkEWQUC4iREZKaq8sJ7AmJmVc+GhcW5xUcb7BXMCiX23YnFhLMp4AUghg0qzKYM+CTS6ZkGGFkM/Q7ao7EOeBe4aNzaQAAtYY0TaF5hQSczkgMVDH8McKU5POtEmjJ+cvuJS2sqwGgR/rFIcpuK0oIQeAC7QlNMdP4640x+gdUVdOnAhJQq6OHjYQL010HIypTZTixYShD3WGXkw1ywQJ30Q2u+YwUMB9ZxLpAX/oLI9gts1nb2uBeFga1Pk5yqquSs2NEWsYkFqKrOQbqWIdgPK3BgMFJaPSdTHWAFe8HXfqlGaVp6FacOupP3qaZ3OkKPk8bj9Qg8Qm85Psh9FTx4V7wM+JN5bB6BUTjmEj39HsMANL6vgAwLXB98BQocm105iZ6tP7FInAFIl4XzSOpZnBTYwkmXZ1OEm+22mRbt93vEWpwuVJtqs9nW+73vGDYvjIsBbDiAtw1OHmNhU1RKNz4fLCIcxm+QL4fJtfppZXZ80s7qU8mEayOLXEPaZAwv7/arCup/uS6mHtQHwuXeYWUF1hSD0/t8FrBNZYojH6hKDPU6QWkuyaz5ksR8dIXDuOfPDOBgm+OhmQPI9gjUyUM0ST5ASWjkjaQYWt8iMK9WFFImgrCIGor7sL8Dn00TIOB0gIGewAwuVDoA/e3rKHju46kCDw2lanUa8jKdTk4ZFCs/LMptgLVXr1SA4a/sBHO+7CLqmbVZ62elDOOp5CKmTNTtjEgFHGQfCUuZqA7H2WqKt4agqKH9xaWil0e49uYkJtWHIkLLYjsMKdEKTIQILS5ZAzSIZktfUUT8zrYAf0bSPB6vB8mckHQIxB0eYJoGLCGtvaUhZcF4IU9YViX0S8cg1do9T7yZUGYx7SSgqcP7OuSbiHW1aS+ab9ZK+zR7/QCiAejEmgAq2EClomCIIbpVQS0ehiDdY9GtRbMxsu98H+GUKolXjdFJrttJEGcAhJNuSfmw8sw6SCfNlpib08NA7Vgg1UluOoSiFMuDwVkYmSxY6/g6BOdcqulpL+sUeIz1ZhFYUQ+h7lJ5AZyPRwpn5BPYwXmktJtWHfeRazTA2Ix1jcBw1Gjf96tEBaLeB30CD2WIismtoNpsN4g1mte/hERgFGM5IHtNie5ErFDjLJIg8Dw7z6nQ+jSnDwUyjnBU/SgUdoOnHwihbSJO/3RMXVG5BJLk6+x00At77UHgV1xejDub3YGruFe82VZxcHgtJ+IQ+InZPXkEikCpzeSwAoVw0pBHGpC+v8N5iekeP+iIi3JLF+dAyvYIBNFnR5cZmHdURYGkyRLJrZXZaoje5y22feV6FLHQOALEEHRsDBdwgTpp93WC6driQEitbJAQQ4mOoAEBRyeQQCUBGlpBWFBUFFCtTyUVW1MiSwKMH8ezcKfrSSmZYsmCYBSS0JFGS1ImJjHeGCjm15PbKGIpBL85UjbBUX1SDV00W7yp9eMIalaPdBjl4FcD/EQKDrH4gzgQxJLNPGsNKc9PDoTwHVhIKOXRwweW8AvEGMKhYWhW4TIPc4jRxFgmmyxRIlehEBMR3dYvVwOOpXt1AkP5GRIJFB+vIbj2URwF5GkNwzG3x1vTzYRA/gAAEABJREFUdMDYu8lVDQh1i6biJSY/2g+pSyX6fBmtDnI4JgxRs9PS1a0jHtxWQVBeCOjqdrM50qvRlTL0Z0MKGmCxznMxADiYnssKhelQyzxYd5nCAIveIFVaFIkfHNHFZ7ndTkFmhwKy1iBWeDf0bLpg27fWR+uUPafepzLIcsLVSYHzA4gruIIFAU/caI1wBgntXQJPOZnDgjUqP08VHMk8lu6BrScGNkMKqTGdxafsncsD8dQAC10op+bBqO1+t6Mckofjh+iXdJr1mhraFUk5hNZnhKB+g50Wc/NsmVuXrSJAerEYOxKauskOF0WpaIB25pPIklwCuQmZFT8jVzFaQWcqMhLbBawqVNXFZts09PCL7CzAwgrneS8xEFqX/u122y4f7PeYyqSQMiRHqyURpKPkmC3YR8+sA4gEDu4amMTKRqC5pfAEzdkxxKVnoxEYAWzbI7TFfl+TOxy69PT+hUmZmSHkQQkJcZlas3jdLAAH1Jk1mErWM+wCQpEKwuuvRtEqbTaUQEW3FfScZyGP2ZXDCpgVYwZgq5CgMww7iCFaY8bFx0rfu1P85Ni0ivRoNY54aIlE2gDPMO0Bqx/FZS2Pv39b89BNjgKGB46x3FMARn8dsS6IVAyZEeJAcNjMqruT5cTkM5tgTzIhkW0RVQJDk6OElR320Ezkd6TVHrfe1s6Gz3kzmuipdVebqlKXGoSH+SDbDOneE0AMkJwrHCT5MHqMikRdDlZqrHnBst0TO08wK1oBOFxHzIH8SgOTUToOu5HRxFYIJO0Tk1jX9YMPPiiu4Mwg3ynw1IajJWGd/UJ87+4o+jMOnMcR1B1g66dyDsltJmrHMfBKhGZYWclXiOrjvlSX4PGAw+eqKm7h2iXdaXCh4y3LKm+3NHB9KzvHVf9uZXsMpEOZyRur85uosfTRa+3l4n38VAHl5gsM0dKBT4xYqYC9/4dAdaVlipy+LSFGti0DOfKUGSBrNSBH1rzAl4JcS5XugTEDJDDXFh8xlPyZvFLYHjmxTic9h9t+uYL2UNu4IWervSY0mpdNkxubqt7XrPYwgzIaAtJo0oHsBOI2+KGw1KxgeG3FEKB0FXIhKgfNQoRcD+MXazS9THwKGgQTT+AJ8gjtFmq39yStgQoeRGpXtPrmAbekOLRz2oPFpeQDKJ+nC5pVTNqH7amVzY/EgyA8lsvaMTap3BDzGXK4gUV9xUScrfZoj386vxQxTr18XiwO5SISQ2gi1WITytCsNRCjdSG4ql67FNBefIgu2rCIKHiq+hQMGbtJkKRYRwVhjyanNIo4KJ9XzqgcOWyICOtsULJCbr9AMi/goWuEpZygAg0nCyLtdt0wmP7lNF86g/zy6nZDANtV8/gC6+FLtrB42fGut7pyLAYNC/q/7AMSCZR1aKknTXIKFXSzQhzvjgK3Cbfc+xapFdDerxwqjb6KGiEtoGN01H5Ad+YilLySZpUgPQITmy+OH0cAJTtqPxzOF1CCbKSrHz0U1O5YTkYs4RG4nnJNnsMR2XcA2tLHEcDshXMENT1LxUynwOObNc0Ox9R8zgXOqI62PoFn4QLZzolOOqEVwPbiAvf15ZE7BYp+AhuMPgeQc9vjS6y9Iaxdj9u/qj2FyGFk5zrTukBWoIbrvLoBBO4ud4jEY7dQ4TB5EiKivfAU8m1w3MqX4Jc4rmrIgl24aJcfapgS0bko5Vv7yZM1D7Cl9B5xMxZ1ITeOMuDYNvb4BM6nRtqOb6zTyYDOkGNofzONZ4ABlSc1r2J+XwlpoPgcFEcg88lNL3Bj9SM1QQnXscHLISpCjyyU25DMAdy//UTI4RYKzYHle1EvgDckcaGlcFcCfBI2vwLkKxpv8JkuVR2n8W/nxCUyAb0/GKoUUyBPUNj5DAgjiwXcZZj4rl1HcPus5w9txwlhEW6HBvANdzFGpv4yZ4dY1/vuDkA/q2lmagQR8tRB2wdjEIEEabRRKgtB3h4MyqwyPuYu2/Ry2OaDX7EZeomlUljKJoBaT0QKXyBsEpMbHF9WBishfB60052bi0hcgiErIdKJeO39Tqdc4VzVp/Qn0fNGId8MHpVL1bDe3roc7WvStlCO6zcLmlX+TbWxe0xtvd6olsP6yPT2/tAwUF6W3MXJIoKBSaKxXzGAc5lVkOFIcqJL5vznuJTOjQx+a66lZRTrq+5x1MBsLWGWgfcVzABnMPjxQu7GV7JT4FX7OF4wVwYdjycEqHyeMDSjraragHyr6RxsIg4ThRMF6OBk0hjoqbooJCz4Hj1YjiTepJlmefywdtqHACUEVAQbc1KmWVhop99EUOb3apEZU/1um2PTfHbnIGB/omc/szfWrQa+bHc8COo3/A5wnQ4SLGMqB5/AtG2SBFi+UUzVpz3BqD8tZaaOZo1Nfjy6CZWVxHMbBCMWSTKdBxHTjebqdCBIQQEczwV1bxZbT0GAEjgFZQl21si8YHOAuRFw7DYhi4+1wS8YEN1utn5EsV2RhTITcjhY2OAIG6HrPcBHSgkLSGZilWsXUI6VioP5dZiM7LCYCbYyybxag1s6dEYI5l+YKl4RDwulttjM5pQ9LiwyIyCIAD8r12RtOKBLIqEbkaQMWrhgR4pQEMSZm+imCNcJD6S5lZunRASMMfQh4PhymQsXgkwSwC3GixiZvMd8BMdsGRFRSS8GadMTC36/wEMACMKROBCqbxgXINhgl43NdkBcNPeUpqGFjjUyuTi1yp/Ewt0qaISl/QL7n1x9NA4zF+zsDQ/0h/l84wox5atHQXffw7kMkFI0h2qyxGH2KrYi6Jev5ZgBdd8zFh9xVDClL8loz5batjjCC8LqpTw40IzkyoNEhGm3ADUM/tZf0102K7e9u7S5lgOmVr1mlgRE50Aqf0TQzytS2Bz2jAmm7H6syyo6MiTmA7IjCABi6XuSDwxH2O8cfT9JSsDBRmonC2eQDwlOgWdl7chwnLmSv0F6JHD6TRmg2m7b5lzvLk8+uahOMU4U0PN8vOB2o0EhpmPeTh7sRUwH2HujcvNlPHJv+A8AWuS4XDy8NgoKK+1ZdJPc3eXlfk9yCtRqoHE0un68f1VtNpt2plzvdrV74SK6S3Rk0B3PKtBXw92QU+GXp1XrImy2m6a72e0usXaXHDrIkmStCZo21fawKC53u3GBiFDi8yVnVl8ND6bjoEDmAh0VkYgZQcPgvn8KDC29hM0CjwR/3OyQ4l2BxpblEmqQEWLdbJyDNyDIYfJ1Bw9RiTRCNodIU+MpCezGRqgtjGnqfH0vsOILtAEYFuMKD46AFbNcD26Peg8HwAo+SoBxK3mO4XdmTll7cjPtpCM5vp9vCeUCt7ysg/AGagtIxk+Xn337ns1WTLlV4C4HmKfwE8Q4CsWOHgG9CP3ZN6rgqHS9k+UVGZgqaQlROXMz2uJMJYKBKOyEB45jTCOlIGZslSOKOPyKBZTzADpEUkpl4jhoSO5wQMRbU0FtS2V2WKU5jGYvcY5OqCjDQ4kmsZ2vrcGMo7k1Qnta3h5dE85TzgJY3C2dCF1xhG770Y8q6GmmRw21/5RDbdTcAVMS3/C52Gyq9n5j29tvDDGcAjXfQxz3OBAnKhktD+7AgQXXU04I9ZDPk3ZojV9QcgLQ78ThGZnis0mohDNLrkzw2SX6fIHuFHhmQ04WHGFPx9hnOX7AM6mz0x7SKSd404zvq6re1zUe/b26QcAexIlDbG9kAQDtawg0r7s13gBy/IzwwGnWGEqanFCo+YJyMUBZEJATVHWmbW3vG9NwFa3j0L1qKSIAPg1D6oM6xbY9xHJqdKkqkc9HZiRUzWoDQJuTgzlCrgcBU2gGFGxQpJMRUax5GSBBta4FMkwyV8SsuZXFvOlzq80Gu8NF+3I/ksEjFtNUWuXo+whEaZCNIJaV5QKzNUC2lEwOpVI6W44VBMiKVsYCWRyC2J7xA4r4wJaaweSCACI+uYYAhT6rzuM4nKKyivO04iGHmAOOATKPNguBiJPZsI+kU9TggDq7jQBkvXgQ509lCx7UYRvRZ0Ix8MvD0sEDLHz0IxuYgoCpzgi13UxWpjm83/RZqXN/LJZnNi46QwWDTwQgQ5k0gSezqJ6chJnSnlNIYdqCxc8CTS54h11sxdBizoQs6QUAu5u4h9WvtNXSBfWet7HDSVgTC6hpAqH57K8NXGqdYnHlAI4fFMShwqfl4iEzPknj8UyAI0tsBAKqFWnO7fEH+32zSN9xNCVIjEkT+Sy7WGuZAhXkgd4OSwDZf8F2swkUMCr/hyBTshlg/RYFtF0TJKYFSUEJsPZTAouV/X6/xxqPYRcevT/I0Ox7XO4um89VdNhYAOP0gDx2OGEosNkVdQpct307LBxl3ozrUGdTsnIP+1wcA0/fMLYugdst4qXYi1OGUylEML5d0YarHG9X1RWf+jodKB/WwXxKmBCDvx9M6RsJ1L2k8Uc3fq7HnaQwGDs0gOrCxxQ5wxFNJRg6jO3KuptcdaZCb89FrAReapOj4NDsUFlRTC65aYEoMkqdBbhzdxDWvWgjaMZLI+GKyMUsUevcmE2ve7G9aCbGYr9TsAronITGwsyshGBzc5s4hgyyj0vpxsM/yy0EMheG96jzdc3kEB04kLPdG0DiAMNaMzojCRyC8ZBKCzFOKbrpaWJwcC/3QzSMXElIuc0B4KLQpJdu48kZlsKcipKjRJHhWvlcdss5HliBuhDwC6QD8vnzAKZp3yQQvKqUkOri4ZeYLw0SN0/A6xcoQBsyZ+qpph0L4JGFuVjFhYCfHJQPSKorY8fWD7zoVMovtFQbERLyjU/btyQIUo3r1a78x6iAnAqAkXiRwT4XJmOUrkL5JHDVKWOc20tEBSa/fYjUjCiVXzBfvcE5ZR2ssrcAnA7pyIZhBQEOXEwFIKUzTE3zseXVCVbsyFCuRAk1mye7ei8Cs+LeEdAKXwLk1KIb0bUnDGwcZwArCyVoOASCGdzjjkcbdm6VYtoYBvkxohs8UxLgHy1ro94meQDncFjgmXRB7bk8oj6PAm2dAluPwDa15c7oPg4Akf66zRUsCWWKKOH64Cvo4Hgsoa4pKp9nA1fJPSU4nyn/6RQkmD/G/yBnRYBVVaGcxUxRKq19Ep9vPLrb77BOy7th1iTdCrE/ok+Go74VZGmjKOmCbjzJLtLDTFQzAOUfWrsga4F8ZTQOsnag5YWKFPeGVKEHph1WEpBFRRKyTFXhShnwGSe3porIAEiIIcOwqCRnh+Ct4GsFdPUgiazQtftCYkuUDSVw8hFIWrgvyTWQolzSY1eH0CzsbrYbx0u0pPWzHE14BVqk9Q6DtWTqWce4pZpbnA/ZstBVAgIVPeuJSaAie0lnp1LpbQ4AB1JmXolc7eKtCpS/OYDerkuNfMJ+RT2Q1cIgq/BQCwV6WxMyJEI2po0cwgSTBggMXWgOuigrNW/BhZAAc/cvdPBo0vsEJusJIv1mJ/B7sObkWxpttMRnYnAYKkcAABAASURBVBulDdsBsWwF0xpRt1MHrkbEUAnMxr6S9sKGtIs10c9uzpyYhXt3W0W/goo4k6zimhdlKFeSgbVEU7wgHGznblR1dxiabs1X2JzLqwTTt2EGj9WOReC0UhbxCDzhctRB7nk160WX+11koIzKr3E51kS1F6lRGHQloFF1s9129zLboCrawrbabC+2aGqk20njrmgDIeF6Zo9iod8nCzMlVM5h1pmLsyX5fGrNFUhYe4EX248LOAVe1XsXlMn2JYC/KHmycC5JRumRc6rTIXMl7gyKNTZpSoCeTDngjkXYHaieWMfA/DHtpIJ+55D8ASrmhKvWBHufvXt7Km0PDbSZ0xBjzqRSq10zd6o2VdbKdjbSsoArbaNZWcUgtoZpKx49cFRDmbKCSwvW05ygWBIWKAYA/fFJ3Av4dkDwKZO5AshBZmHSe6SMesIj9S3QWRvtZUw0ZXNd5CS/5FudE6uwneenOgdSmEEsmJcEqGC73ex2e7EbI4FI60WAGEKUw/iD6rERilIHa4IsOgGLOZaLojNrI8HcirD6tDAHBkb9PdKYRxEJLIipJ7NIogczIH3Niq9MvvqzArnL7bOsvDqw+FIEqfSTqwiPR6B1YWkFfIOUDLajeU/fQLPvxgUnK1DmSVF3wwArJgc2+PmAIyzIAV0xanazlNSImckbh9zo8gtMUIZPa5YbGD+EXBtCdLQ7X5m7xcxgjBgKFBfd502udHNLN6fcRXqOZOZk2/kDZDkNWBq48xYSU4fxID5oOteI0PzJ1yK0oWOuLKvVla3xRRnO09DnhAIayzX5fgn9+HIgAw6f3OXkQ98Xzjx38AoXZVMaHUMfJJ1LQz986w6MqHG/p11/ljJQnAG6k/+qqncKRM3jbxiXDqq25wQ2qM02WA3jgF0beLZbdzA+yx5sbN+SBIYXl9yuj3xQWYDwHWTIGFqDPA0Rla1JLVsEndWqQRlcHFGHU0DPg6f2fDp3Djj27q8gCa5OCuTAaQxSrhrOCcNa/XBy4TwmCCagQM7AV7nbNvZrWLIfV5SnBViVn/nYLs7umu3umntzs+ZFJPvvYXCF3anMzWdtXIarKm8BWEgTmCf0kGCRCsaYXBwc0jMEcQ4zlF9As3DAfrsihTYQXAhyuAdpkUGFvogY4QwA4wcDvwck+EOzSpmbZIhHQBw5GRCP9xB5brn7od954mYEsBBAJNcZfyUpWDeUBS9PkyCKgPlisw1OHgL6XBgItGUQNDSIIVCigM41DDDTIKEoxMzt3BVMHy1mjDHcePSyK9ZPEWnT6If6VLDjO8iYjSLTqwF160JuRPV/AchpoXNkU9LoK4Lk5AmWJ4TMs9E/KUAOBAUwJtEGfQOrAGZccwittoOfj4xvby7DKJotLR3huACGT7TC01zxMk4NBMfqxLBvKyFNpQRaUB7k2V9iOEwxjWERZdCPcMg66brZS+q88pYyh48mpLeAgUUJM1VQFp8POEu/bJUoXueJ2S5mW1eckS2BdcGaYNiDozAFmXBio4KzAFprB//Is1CJH7rioBgvy+LQHBgG5zbEfbMZCHtBUKpLKTSbh+3rsuryWEhCJ8QbxYUIp2pTbTfbuEJmjOoM2V54tt1UTViNGxxWzFHlgwYv9HPHldZyo4Nh1N1DQrFcOGCHgwUweABH0MH61yhKCjgTsC3gkbTvheFIcgWcjyqg8nke0I5FEM8jxavfZksDfXsX+7+SXTxZi+g+YIr3YjeCdCSn5EkL8ibc6Ve/M4HToA4HkWMacEpv/5iij7GmbCyytpc9SF8bMwvQPwxXoIxlXsi+c+0QTa3iyqczVFxFKNdK8hmvk0P86Mx1DyBY2qHoX+Mr2dcskz+5UgZ/MGbCgRGaBeB4YpEFAJFrvoo7nSTnWNfH8ahDXhdDFSjopgOxgNwsIo1eiGCOxwLHzEQYiXSI5Fh+H1YAz9sFRmmjMzkg0apBDOPgR4AM2iG+at8ZF/1SE3g5EPIXCHjAiOVkNQRjrcjkFgFetKzRITV3ixkNEiw7zJstZTNnGSTGefCStY2PBgpmxGRKF1riAIeHFLjEM1UCiwrTGAVlOD0Mqd20lW7F2uEwb3cjdlHQb3Q688p49C0P+MCFMCVWWa+YACPkFgEBwEEOZkCUFrwdEBh7hXStIHmPZKRGMxjV7xSI0cqEo0+lIENjRSlfGS4VODJtQQC/54SENM18RVKKtoApLUbLZlRKWDqfQBaX60cCfAoKITMkygSnp+xZwDEkvHDNAa8pEYuNFZMg08Aecf1mqO5dcIgOFI8AUE/GMRZqewAHTem6as/9aP4lndnRQcntUDa6z1sPdTx1KoIuKnRydzBbAtqDHt23P0vwdyb9NFC0Zz92071xd8D5FQVHJqyvMfQpPYhmB8oNWL1dOsuBngEl8+DqpEA/nMKo4wrE4Pl0ZTqOB8Jbj2iPtuYQrq5HDrfXghKuxIOJOz2rXxqSAvv9rt7thA7DWyaMdJovoaBvquxanDceA1KKrjq08yLERGN7VCZaXrpKzzur7hwPTP5DK9He2eySOBjQe8gBYcejtOhShMAm7Norcqn8opepJFwpLvyQYxzL+6KEMgWQeWokbH2zoXxdGDbzi8Hg71yMp8aIebtrHK3wIcs2O3OgkbSvT0Ug0UIMwR9ZQDdwn9Uh8tPFRTCGryxaR0S+R6AQFcD2YtvkzX6/D8zLCtXZfDbgeJoLwP7pmusUN++zdkYaSfIQIQOT1S/Thc1fHWYHyMQJ02fPEpkDrXS2ces3HBI4/DC9rigq+eWCw8HJxg9OkumJonlVZLnFDMdQkjYUoEBNicC6RQD4SX0Dibg2Y/fB52DcBxYY2jHZpirTqgMBl1al8aT6BdIyOpCEtNQlg2xd/fakNEw5y3IH8iUq2TC7qwWxEFuY/GBFeIhKFuRFL5IJRGX8aJBmZspWGgJDiHpLA5D6nZME6Z68/rQX1fCsihpog80VA2MH5KRde717c6cLXeU9nFtVDOr9/sE61WFxgPb0RKiw3dWtB4/JSI91QNhUG//hiIKieetTCKK7500im3Njd4iFoGyh9QY9cOize17jHlyJsxwJXMH5AJbtO7ZDCzz+scZZAkQDHHBlIk8SkOubzwIwvkVgtwU8COD6MnFARGrxZrutNlUz+IJmX7HeF5829Dv+oLpwjfeXgFBGedMden0YDO8MT8uURl6gW6I7DRhc6UtKt2M05X5cBKqmICto3x5KKMUy/dUSvV4zbm6g9SWpqbOhYBsxscpBOkNV4aJNsuS+/iwcIlYXkhnnaU6jTZTQOkKm7QgxYkpCvNuKAgq+PzQwQpMBAr9KCkEJNGQ6WwpdcqLG7VEyciAaGju+AUG8+RSyEYrwKVUfzJxshjbtS6LtDYEKQpRDcQQwf6Qb3CJZBf2rHGMVSeSarUw0LzgcIIxFZte1Is250DNJEP7gRKNKqjxsDg6UQg1fyyQgIEX5RnMgEspmvjR0O8a8Mk1CXUVi1w7hPCIMI4Dtd0cSBhnzXFCdEpiMgujgCfJSYJTegey0ThhmaHRiOG6zSGboRoZ+7QNGClUeuFzNcBhjAL+MwBvgHpxgjENCDTGGstH9KokGLnIjU4HAyKtTYl0Hhy6zLw+ZpYbN+p6oMeYdAEX8AjnUpqIKsSuqNDQLZlVXw4aMCZcPSSVPHuckh1JvLc2Tqiwon+lcTJaz1/d8WXb2gRiWoZeAJXMpDk0FrhuL0Y4BoXMpYDggzZMQOtsCCoCXz7qKKQwsXTMdQAvly0LdY+tv1PnerNat6grY0JZp3S6jOQbGJwV1Xe+aDVusD5TKYdoWwcjVrEvmDod94BW005AC9sGNju1gF4Nhl7zZ3WxnKKNToBDC9gLU+btjjXMGdRL3dwyQh04BZm8jd35dMTylmCnJTbFKX3Wr/K0/RLa/bBF9nLM27bsENAZ50x2B2bqauDf+IPDLCAJjajKukAzC+mG7GFY/oHuzBaquT6hANjPoQlqqLqR1xu2jmo0pbJ+bzSkZuBFtrZPPbR1UcKpuBb4LF01Iu6clumfJrcG5OinQgpJVa0k4Vr2voCQU7ABBNWqB+MkmD5NS9Z1602RPO4IO50HQP9xI24uLxlJ3rAEvcY/Z73a4Emif9FxkyMiCk7/1erPZVJvNfrcTwWNjHHBU1q4ZVjWVtlmuuqwvKfhGwzoa6BUevafWMMXNHzFGKHHcGuPSQpbcArSQRitvImfsSroGzMtUbogGxEl0QCTjJ2ZvAmaCyWDlPyhNO4bJYksiyqsq5SpaM3/abjZNJjRrW1h0guxvDVHtgckwCZynFwJstxfNQ9N9E8YpiQlxR4H3N7CZj7P0ULSI0RtYyuAR4rReRDLtGBTNiUiUZJKTGzw6HruCtRqKoNjYOfXcQBsXIKHEOAqIYYk2PKm7YgKhOcjVtHQmRWABEQXhMNra9jKOldgMYuu5VA5gu3DFGBmLCBS5urag+Tu5I+LZAnF/RCQaGRMtxvrQ+9d96sTiAI6Sd6kxvAVre0kK0ztQCJeHZVwPlQXSqAz9OqJAO2LlL4GqQ2nfFN3vq2n2ESBUohhKOVCZfW2glJmcOIA17puqYFiEwRXMPxqHqF9gzx/ZtCUhTRR0rQMK5v84Pw00mlL2pdwYr3eqnlvWTNzoQoUtF7He7+VrR8DvdmZKCJ1ttgIQ4HGQYuIDX81+yJ9oMcQRgewQ4ZDnQR5bllGhlBlnQyNyt99Bt7ooThrqun6wflDdEl4YlindZuvrcreD3q3n4M0lIl4WikhmJn2noD2fZ2W71TN4BPKh2lQXmwtPJEM1dD76kJHAZvwd4yff/G9KuGYbKPoCRQrPcFgWwOAUCFWNdd83aHNE4ViPsbko/PRg6KYq3VP3HvOwCACTU2DnDtg9V0OgdN0TvYff4PMnnfw6F8BN99dgd06BzbPoPAXbA4k2raeg9BdsLVMf1YZUG+yfN53J2py5U6BVmw7UXbEAogFBOHVHownamr7ZdK/X1JR1U08oxPFdaECMFWQpQgQ2exsLttlu68Z0N3u0RcwkajZ9XCAZv03X/hHdigL9Y0QzeVKiOqbVvmq2ogsORFbbJk7jhbCAhYKE6VgZK72Arbd2vgjJBBepD6scpDPUFYb2DLkyrTI/jbNzkGvwntQGPXNS4whAI4fI7wCgXCdHEhUQw8pDwkApiOG4OxhoPyKhCbBgriobisXGjnRVkxPVz7iImBw0CO66EZlkolH4zGv9xg0IDE0pchLCpoUEPiDK6jACvas3HmkApCA+lDQiUV7BHWrj24sQ5eAIoPQEMZwSlylraLQhQbQ2E4JZhcy1oYVqEKewRDGp+XC48Q4XXGubBSBljABzTsHtN1hiEHA6Eqz5at+7IENYwGoJfbEl3EKMFXmISLf7QfT9sK2JM7/GeSEMpwuGmESlWAi2RD8CGDy40tMqpynV1BFstDWDds+xniNp7RfIoyT6RYK/UxWDAAAQAElEQVSgVWmqUmMRoGAnRqMlRxUBcFqPLrOQTEJHyrHSkN54afzBvZ0zX7dSHNK1Bc2ogBkUoYiEibhaBfMZSkiD1Bo1U4Whs01VAHo3MYgirQVCypRTNN+wzC2LRYU9ySFftVi0FsGxGXEiOLtXgJM/BkQCv6VkZQvF96k0oDxCTxwU5vXF6sLXWV9n1Irl09oeGyl2VnBIPWSE8pBSXAJbjE1jmGqCr4XbX2/OCoLjR2moAPbtrVBY1/vOfcictJtDreB6fMApcIgfxm7aSYH9VutwUiDK0+E7LDnaa6LqzqUPu2fRjQKrbqLeLbp0gXJsODDed16Gw6oY9P8Q5SlbrRviVjXP+tRCCxeDY5DaSRvhzixRY22eAUACThaAzDGcWUxxAJGTM9DTHyTRC3cgVVVtLlo/uX3g4FMYPzzR4F6mtc/kUAL0MgJhlpoHQbjUAksfHWl4rmC73bp6oDKAnm8Lh9wNpJ5m03ROTcnu97t9fcojaJROGMefxHAxD14F5HSWsVwL2L9JBCp/JJoj65JMvQMngR8AcjrLOLRVFxxFm+wRmAk01pBENe05MNY4raBlKjdEA+IkRgQY8yh/YwUefy4yuL7y2Xoxu0c5J/TMDJPYiniWZwGJB1GQZszLArAbI5BZZQAQw3KGKJAhHoKoIsI8klGEIghWXQzTuh6dv0O0YxDVDgSqTTothb3zp/fI1SJ1mH/Y4aymKI8hjBVq8UFFtJV58clYyU3R15VwM6JoxYtKWQkMa4TlFfPywzQylQEJyfGDmUbThENnI2F4RuVMLRHVQUTEs7Z3IcG9IEgDJEc6A6Il2dUs+Y2avwoGOQCBdSaClS5SdjrzgjXusTt9HBogjaoP0IXybxaG4QM5VAPRWO3RGc1jyKMCe+bloYIpiq0UJPkFWjyEITeLX0iQ54DPoH8BqY2AKH5eYLQwFAR2vRaaeVEDg1wgEGdgFTkvMIKYnr1qho07irFpCFLCyPJL1XCaDQ82U7oTsY91aUjpuNkSZJcb4jBT6tLAo8yqdFwIgGPmQpY/SHacGevtzNafJLeGKaPxk4HhoMsl03mAPIUjbnA8WGhDhw4zZjnXcabuQGQCNUGzJBw7N7N6dSdBtjCfFcH2kMC6dQ2U7kOzXh/cLy51jn4ytncKlHPY4fxzkM5//fNAV3V+bN1ouHM1HA1sz0O+ygeqtyHC6JSIMAjscrPD2VZVhd2mNtSi7rb86g6xvWpcdHdJt1eOd9pi501Y19C6jrYs6n5kAlIAdr/rhl/LqG4vMm6+augyuEVqOLWyuoO9EWVPj0NV625fx+ldxE4aKhVR24+VGMIoSPO3f+7V3qTc6VQdwKKRd3G8DLQvEm4PVdXe1wn7qq5qDh1bkP27Pdq99eNazrKQlr2UmT44o23D0zUX/Rw9azQH3h+e3978JhZEU6GbJts122OA3JHEOcwaMcNEHA8gpzDL5McCuWqJICSTZtbLKp/FDVxfHeQ0zyIJzGdC5oDWnU6HOSOQTBvrjgLQDB6qtqNph3JRZCCGlQeIBsRJ9NjNdjMcki/04T6REyvh9CpSjC2FyDO4WE8npZRLwuCYiNDNSZDHx4sDEEGIcrBYzW36QHtA585SGucggpU6fiPPRxjQvI1weAxt+yVEeRHAHxWlJVLO0MCBU2cyYwXBSC9Qc8hVS/lC06dpDmtPN0AJ1QCcjyR8tjywHpKheIVfIYDyuaTEHAaURWCzCnGmIoYjoMkZoL/tJbbNR0kpKtgQxHMxBwp6oGmj8gVeVsLPIIg2OAT2PoHg8M5Ul9zsBEJUhCdWBGnDEOVs4+cuQw35JYdSiy5qwVT6CXKnUwMLORYFqaSPjwPFqE7EqKgm8suXwDAhBmNFwaXL8HFRnSuFTyJJGfD67MRpgwDztay0I7SgYKnkAhStIeJo/QIlRBk6Gh3kajNTdaCzzVEAUgr9YAABN1uKlkDC91tmCPr6LgrkcjnsQYFLAbabmfPvZq6lNUDKlVnrastEAHEW9fdcAIRr5rQOmKUXh3W2ulldIcVxmpoTBpzPP2Q7ehJ2ToLQHVXYTialA2Hn7df7Fsof0v+vwwHpaYiSphuq4HBFcjenlo6KLZ/OjUouqYl6PAJRTeDgzqjUvBmtTXdJdndBcz2/PXNvXuXIJeeMvkAqS7jqCrny7ZqCg5Kjl/tHC3UTtl/YsLCkUZFRxF/+wFDkHFB1DukrPVuu7MsEraswnPA529AbS4FHeNc38FBo9bVM9Vls6OrYggmt3gZJoxEZkMUTnF/90SOY8Z5uOUhnRutdoT8+RK/EHmO3WO0LA0R+h6E9fHe7wUuMOveDM2yJTADnI5XEGQ1twqGq2neGanSTFSt1GiP26JiO7Bifju3ajUxhGCcqUTn4w2IS2vA49MisKZkDDWhGnw4lPQJpxYXD37wArOAAE6AgRWKBGoFOI8G2veAOyktOmXMBBSM5wQhgURAqRFx5KFOrgmQpozpwRoLuQJSuUhCtYNKjcWVzvx+HjQe5QaZNSlXjmCSqcueQPlO3EBhA0qZXQb1oE1H9nAtXG6UJAGIusTfQgK5DWAl/pGHcAse4DHxgEA6qIhBRjwbhnIzJ8A1uKLQmAkv7gRYGNw5SjTB6DIUAGcpsLrYv/MSP+/U3veXee+83uAgKjB03Dl8aZVq2+Kh6YVqFcXgHBrzx0k6ei7MmEScJpbIP3jg4nWcat44ej5kIbY5foF+uwRyCiBMSmIQmgsgrBjnSp6zkxaREdIHc6tJvXFP4AMUvkJx32ZrTGQZ1Alin1wlwjGFSXwgkLLGizCHVQB9MHU9ymgpnRr6doUk4JMyfxm4LYS+dDOZ+ZWINrUH6VKTosqq2HAc5gzqLW5L7F2cOldRycsOcnJcprgBmyXfWfL8IkOScQ3PS4OwSvCBs6+54sfZgwA6ajlh0x8DU3Sl+9RAucC8x2397ibEXoo3vTidrf3Y0nXN/3R41WWPrAdadM1h3vkp1x7Pj2u4mySMZ+0vJenem7lBCIeTmW3dS4Fj6aNnXhJMClXUY7KDA2Z5zwbjuYoRl8WzPR6zbAqQkvKyl78r8YG355I3IahII0YBM6IbOp1yejXXaXmybJO72u9MePrfe55Rlq2MCj7oev0AQcdJ5IEsYuL6ah81m2/za7/adD3gi10ylnL9SOMRg0x2b150eV8O0NJXMOC35HKoi4wnsz0oLLL27w+at3gn9DlWhPqUY3D8lh7JY+HFnYg42elPJt9tmpoDDQYk6MhfKV4OpghF4E8WDmwLHTz6fMQhCsVFyF8P8POVrMtoAjHLITCYEkUi0BWL1rjpA2U9zvZWEV3NcNptX3PPaXSaM+9RxFF6UG4HfK+RI54mg1ud+fzeGFuMWI+B3KMxRTc5IJYTaTJc226ZB7vs1pYL1fVVNpyyA8jkT8/kAy0lUHW7B76KiDGInw44aCkcWiyR2lKD6HW3laIxefPNVdET6tt/BQoDhdXLvYAnEOCNOs8nczNclJ0IObQt//qu/8JM/6ZkTu/6lsonn13z9KwQDgORWpcNHP+Vxr/hr/y1U7Yu1f/f7f/SNv/ymF7/gWV/733xhE9WsDP+5b3hFOIVf/LJP/6LP+xT5/Hu//95v+86/rw5K0NM2n/8JH/f1f+5Lm4cHHrz8um/+zgD/7/r2b3j0ox/WPPzkT//Sj7/6Z7vqTylfZ12NRlEYIjAo7dnCEGyOk3NX9sib693BDxjb2vXoE6zxkJ2KlArswxb9jVgpStkGPYSKuRgxrIyMBecPynjbWV0TxOdWbAZDZ3cMYrg/WWQIFaUSAok5y08ADH9IQS1bTDmQrkx399w+k8mxwXQG8znAOZXrGcA0VFwIDlV5kociJWAxj0D6QtAygNrXHLDWowLPD67KYBbYSt84UfdX+crdDBnWOc0NP+VDd2tc3T2I7jax7kE6D46Yw3eH0/v61dIZsA1oj1rpZWF/8AaOToHKQKePLeoUOKwYtzcb906Oa6xYnY4yvbq5zVUWJYvOLfA8WpSsQ+fxYsIKkrnQOwOnXZ4wXBUvduJYgFbsnsX92UtzmUFryE9ABDwCIZltMiTydK03KttLTeuv2rpbw57fQg8+seAr0LTSTdX0pcq6ZDLjtOSTqYAUFIVwWwVn2EqXOnhqGXPN0mkCUijNXgQYRJA96N3x0hVCTd14HhnSwvIrP2HTkK+zi8KahBD4jEHRjfgYB4tbkWoIhILyCyJtPzAR6BUnzDyzYwU6qkWW6LEQTTnwaPsYfhGQsIidCqjfGEWn8stLVIE8gTBibo2dkml7K7GtWWYdjGIUsURpXNoR56ZqH/acc/KTkpkJTI4kw5gG7b5iVUFdN127SIT5J+Ehn4lsHn1k1LwOY57+0BLZXY4+c7RM6HmAFRTEp8GgBFkZIAkFrjMQKA/D4KS/QAZ9/kYwFMFQEIAaK5dilrwIHo1WmJ4b3siAcnG9H3P7o26++cYJWzkFZ/AZg4mWNdQEXSh69fnyL/0c2eobUS//gk9/4y+/6bbbbr35lptGhnrpmkq87L948S1DEj7u6U96+MNvff8HPjxp46F82ENvkVS3iAjcfscjbr7xhubhiY+/Y0yZub0ab0n++jumj1pfgI4aYSMBS7Dtmxc5DaHbhIP6DPMDjDTD5LRAUKWBeSS32j0oHsNEgEECxtBofoEiat94qmZcFgRh7zWyQoXaC5FhcWkzQCRniXRkGpq78KoyzqEMRb9+aDGshiBTBCkuBUINO58KkhUumc58FYCY2ORiZQKIw0H40N8TghKvMDPgMFkqh9enfJ/dAMRXdq4gBdZQfc6wdM/BDPthK84B/Et9KwRwPl7BFURArnMtWK8PNRjA82gZZ9IzOY/QO73yRfMuaNC+loQ8kdFNtGym6eTpbBIpkX16XApSFi0kUfm4jK+OOOJsimUqd8KIia9Yv22nL+3mcuaW4AzMBaMfT99rKA+zXVoQZoqUDXjdRKZo6albhW0vjB8hBG8UYGSvhiDdHwUZtEEUAq03lEqruxDwJEIMIRrFrH9p/UgaSouFmLsnSwjjc2EgFMpShuJxfWK8ZlGJmfNpJisnZdH2lQRRw+mLTDFKOlKhBFUdYPO39DyTLA5d52MytJ266gmCg+F+iCccOPI9ve5PnkU53gwFXunh33EYnBEJaOE+D4kMtbNnAq3beYigoQ/oDMBA8IPHvlPd445g0YSWwuy0+Bn80r9/03M+/qPl89ve8Yc+avVx9KF70hM+6iG33KxifvmXfM73/T+vUtBB3/NHP3taAoFPolO6qAYLTl0v1ZQgkxlFreWLiGhIYs4y/bTbhDFKLpZdZlY0UJ51Bdq7JusaOstDazngtfVuCTaqUiFDXn00XUQxh6XuDijpJKW6hhGVAfcSR4pnWiKln2HUL3BMo6wFrMbh4ytKJQEW8Qsc7BqRCsoVUD446h7xODxpCj3jNyL90Ry9APUoRQAAEABJREFUl1+tjwwWqKQwqzyToXO0JwTZXc7BTyzbkNMlDn30Mq3tkA16VbZ1ZoAzSW6RUUVpmD/bz6V4dcB19rU4t2bn4RRowaqKG6IBV5AO52TJlnzT5HCvB6Bnu+AKFoCkfPcTeS7VLQcL1JO4CJTOVDY2czszDxIZAjGsA+a6TJE05jDJU0CWq0iGNOnLp1ffOu3KGOIUqzXRPMVgOi++bIqAFFqw1WZAf5QJta4TpScoaWzOkZCz0Tx7e0E0ltkkI4jskgXjW4/gaNg/oheByEc4cg7otHQ6EUaYcgZEKu34ODlO0KjUIAghRKP67cAQxHIJSBHxGg5eBJdnLQgvs+g4KZhRhL4qjgD8OAPL9QtCed06IrW9DlS6E4GdUVZOhQoKotSmbsw2TWk+dS2vkqDsUnNkxxQisqPI4g788kXbo2vog/m8UfT3cCy6QEIShhm0prOI4ADHX9G0XiaAc+POieBxTgkK4CQM3Pa2hU1VjUdFTnH9VHX4RC18mMkOobUe3U0Nqm3Lt1mOgj20V7KIulekxajEcKYXTpywi2yrY2OOKuA2sbEJjNlcW8ToeNIgOMwDj1h/hCtK4/kTP/kLVXsjhBiu5hFmhwgWbTxHDGOnEAyTtjf8wq/t6/rTX/y8X33T7/zUv/kPggNf8aWfbYS86PkfrzkFjir0dQ6CA2ZSCct+0B89PCSYMvapgSNZwlqroqipMzsNzL5ZI1XyHb2Ms/q34rQE5q25Ac79wSBSasxBAHi2sPnfuq/3ZpGZSBcF2P5airSFAAh+gf0jlBnpWayzGUnwdceZCkjXWOSdYryqVuBQhmSPqIWt9ExE8VmQxi9OFR0e5rGfHfTGKoLtGoZBBJL4rRQc0wFr4Qx459wfS99lwOiwfaT6U0HuG5TrhVYOqyjQ06pS60jNYH/XAv6ZS0nuawUU85fFSTsFHqVBPpte5ApKQ7caMINVW+PIBk/4qG1lpfzER86tdycaq9jHBTSNjVMC40TFMyKPIZ26HbTQl7oKQSInNplrk0cvWgbLNKVpVJBBG6QaTZMfd7E2zLUbXMUU/L63QSPYjcxlHolncSYjU/v0bl9RlnrJ7arEqjjXSIRqxQWGNji7L0iW4alYJZNMuSk4SK4BomkOgExrhgGXVhDbCCHbU4osYHzUrXiIstVNZkpCgq2CX3vcBcXkEzKS8TyhBWTFkDEghsVs1zB9OSOGvAZ5W2kzmOqOJwNh0YGCLQOMugQ6Y41KCQBXBfaUkqF24DGSLfW+vsQdZw5HqeRmBePXfhokLc2NIwhfZJoi2ncPhHqPNWDVeWYewSyTsVs241qxPOyd7kk5lALGxgyTFFY5IgFH6J5rJvJms91sNqN/n5O2/VI8/6b0YD8gmtTuRgSNkdhutp0rM9SwqxE2uOlHCnX3X1Q9n0kgDkNshApbV7lJvDbqRtRUGz5gwBijJ8OIZmrGDaxwKUK8mL0oBFohfuRVP9va9iaX6tZHWq0nr/yOb3zEIx7aPPzNV/7w537GJz33OR9z44033Hf/g2972++94pX/aL/b/4U/+/JPfM7Tbr315saQvud97//OV/6j973vAyP54z7q0d/y9V9xx+0P315s97v67nvu+bF/8XP/5g2/IrW67rrrvvarvrB5+OinPPYd73j3b7/lHVFVe5NewXOe+dHyLMBGWemqd8P11z3z6U/5zd/+XRX/Mbc/4i9+43/1mEc/4tq1i/seePA3fvOtv/lbv+tk/FV/8vM//SXPvfWWWxqWd95519/7oX9hYHzKi57z57/6ixtxb3/HH/y17/z7/+VLX/yiFzz7CY+//e9+/4/9x1/9zQbhGU9/8l/46i955CMeeu3atcvLy/fd+cGfeO3P//wv/qpSAvBZn/5JX/mln3vrLTdtt5vdbn/3Pfe++iff8JM/9Qtq4gacm7fbatdm2kdanNf/gi9Los3bD+AYIaIVFWfTuSZyKEahk9gkg5mT+DKgWjI1L3m3MBpGwxEnIrmrDHYQ09kId4pS+AhlHJTkYeWuhAnVrCcTaZQebuHVJ9FX7v4PClXQsqkYk0HPUxJm3Q7qYJwkIFVrKJi0bADfikLMZyq7jIAiZQUA2SVWrMDT85yoAlCTu6o67AQgWF1xDAnJAihzhuvqYeiFThv6nmYV6Vyk1ZyVo6cCK7NKp2whDw6n6xS47r6VseVRFobr/67g1OAI1vaLwek6BErAvp2uAPIMU5wa7eXRXFhs0MYR1O0oAYmouP4pDIEV3EG3SdSuUiNpHSoH3LvRiRzSabsjS3mcishdmmr6gX5vbFrlLgTcCsBtdfYv9DPhphpIQWsCwpAxlH+UCCdyUrZACRwvgvMSeJFkMAshRMHhEsBsPz6c0RgAmxaCsVFyEkKcNsOJ0wEVVNLHYrHBWxm7AYxQNwLwacd7Bgc3OJ0afLXV0eOCcdqdWrcM3vaTKVwyFC5oirXe167CpUzozSD09LKjw0rvJjNO2PuNPlTIUXUmUNx/YNwTdBUNqs8MIxu5sz1qDKf4WvEzigqN8ZO3EQ3YEDdJBYCyv7NqAMVbDOZdO8jmTc/OMsnweolASl6FL7Q0hxM05hBDprFpDxYafAEV5zk0GQ2WSA2akPVzpNs8at36cL/fN9ayrvc9voKFPSnKFcmR63BkHuqKKKopyqpaqmfJadpkgbPeYQClqirwU6HQ3KrboUJ3upmkUhdmH/mo22647rrm4a/+5a++dtGv0t94/bVnPfOpf/Pbvl6I+slPeEwvcVs99jGP/Lt/61v+7De+4iP3PtCEPP95T/9L3/SnRqu+3Va3PfTWv/BnvviZT3vSd3//P2vlVnDDDdfL2Ntuu5XevD79Jc/dDsr80D957df86S+Qz1/2xZ+lOgU+/3nP+B++6U9tqt6z84brrr3gEz7uk573ccLKs//tf/2mJz/xMUMgPOqRt/0v/+OfNfqjh9x6yw3XX99kzWMf86i/+pf+zHOe9bEy/GLbaAJf9zUvf+lnvnBEvri4+Kg7HvUNf/4rnvfsp/3t7/knMj+/7OWf85Vf+jkjzna7ue2ht3zNn37Zi1/4rG/99u/pk/Dyl36lcghil2kS59nf+m3/lwiBbN58v7wekBPlEJ53Ex9FDRHQxON2RaKNqeSjhUCUPkRiScRAdCFjMmcnawoD1SCPgFRlqNrmlHQSMLKxdI6X5Afz+AXKFclhEEyXsGjljAEERmDoDgZOApZp7yMzkWoD11MiswA5kctXzgNIhFU1wTmBPps7bjgn77H1VN651VhToZ6HvRjgvFJ7ODg5p8Ajs8Nn1G0cAlD5PH3ISucxjGAUFU+6TA+UuHI1gMMJ2RQFhC4LnYcnKFu2ASieihSGnu1kCiBtBSobFiltiIWhH4/KL0eXeGSaRPD+aMG3K7ZAkbgdRUj4pOgQPnoXKokQztV4PIVtDDGHLYbQgMWKrAGDlOfbwoV+qd3cjJZRPuFRMa5akFgNfOwzbLnCxQ0sUw/+oCitGZySsUNMwGDR2PrLutndb3bN63292+9NKod8EZQYqBs8qmgkCBpPB56y+UQEZRfZSo7qMgF25R2DFOe0Xqfxa9J1QjYy3eNCKDSGTmiGcZf15eQUmG2dVO88/QfInEIhhv/Ddrd7FjQMowc3GgiVSnRcEwllsHWjjKUU6waJUkffBPAdVA2BX0lQgMWBoc98sN1TSwsSGUCbHzJaZNorS2NeyTYYGRRboYH+SH3UC8KjKFLZxrIORd367aGXPwrdxQ6VD9TRZahsgwA7QKjrwStw8PdTOSvk07UPEk/UXodhu+xG90Gz3aPxPT/07n3ulTQcccb4v/OKbxwoJQr+43/+M7/y62/pg7rAa9cuFOoWnvyEO2zO2231tV/1hf/n3/vxRoFv+e++chRx14fuecitN8ufL3nRs1/7U2/83Xe9G4wNaLMP9HYdL/svPkU+XF5evu5nfvnlL/u0hz701gb3aR/7hCblQl4HX1Xf/N9+xegROEKl1vNOoT/xxZ81egQqUZoeoDS8hzzkltEjUMInf9IzR4/A3b5+73vvvOP2R1adpBe94Nlve/sfvuZ1b3jorbf8iZd/psS55977/vAP3/eEx99+fedw+TFPfcIXv+wzXv3an284/4kv/kwpasB59IDzeIkjgmDckpxS59QSmJYVynhuhViMPXLqiyxznho4ZkrQdbJM3xWQFYybkEC1kFwRTF1iFQPk9cGOuSrHL1BXwlFFwwQusQUglo2otiBRWvTK/QKHSRIy6QqXUSaAuxIJtwd0GQMQk5LHNIFfgAqmsWiyRqJUgafyAlo7paayZC1YoDm4q3i6MShu6ygaJEmc7caX1cEZJFQujIsruIIrmBdmXqYb4LScAldvmq5s59KAa5rpzA7j6iwXjqNitnuum22/0HwWcIx1l1GXEPHYbCJJXRdSeJmheC6kMAT3D1aByjMbgv5D6QDGdyJ5Onaa4JyE0zfamVQeRhHKdv8ObKpFAJyPJHxSNATwunvRclYjwfsjhlwO0tl6DogsryfM28QghgueUNhsNs1+b40od6whVBujyuQjRCFHBJE24BAWMEl5ciGZNlr2tFSDP2oC9ZxncGJ4w/xRrgx0H91mLLpOPydHO9A5gh4rDBFCwTZ4tydB7XbBcSo9md1wsHdl6VZABpePMboPF+g+D05RFYQv7/u0U0rEWNTFvmB9KYpaFlINb5A2221Taq2pkUdjgSsJIsCRYkCI/SmFFQ0CGZ/PdirrWDddQH7pJBwM1p8QIM2CaVgSFfjTamkaoau96KtimKXWgB8Agi+ghkzhFmVljXZMFgof6H/vd/vaPPlE7VxG3eSCVU4ljFtCnx+hhyLudeGjat0Z9/VgidCDM40Mbn/0wzSWKD76SY/9D//fm/sfA9ob3vhr//w1//ZPfdlnv+j5zxx5vfl33vn3fvA1n/lpn/hFn/9iGfKkJ35Uw/q5H//RF9uNDPmmv/Ld737PH99w/fX/8Pv+F+hc5T75+R//u+98t3VVDCn/b775xsc99nb5/KbffGvz+cv/8Tc//6Uv6m6L3vyXL33J6//1LzeBf/LLXnr99ddJtPe+74N/43/7f++5576v+5ovetELnjXJqxoN8Uu/6DPkyKTR54d/7HU/+VNvfMbTnvyt3/JV1113ra9XrfdiJdo/0R2A1QbvLvfv/eMPvOv33vOWt73zu7/rf5AMP3zPPX/267+jSf72YvsPv+/bGg5N4Jd/yWe95nVvePELn72t+gz5hr/4XXffc2/z8A//3rfffNONzcOnveh5r37tG17ywuc0SVBwPtLh/PUe58XPizoF6tnIOqtOzfyg65s7qrdJBVYKwRxuWbKEiK1h8VzFigOIubfhYyULvT0rldZUVl2LgRhLIvci6ZmjGrgVa+zAfr9H0V/MUtpX1Wfe03mN35wLGdAbDS6LQCpDEAs0UipAII22NxT/oLVIOfvZ9MsAABAASURBVJaur2l5653OQAjheAAirxXC8HcIKJ634PXjg6k7Z4g8ysIH5XMBWQfLoKN3lTtmuzIjLODSepXzXpgta/yM12FlcSmbeRpOgQl5tVwOt1B8TToZ8OhHkRy4sq1OONrXF6rOK7C+rFdyte58IO/VmaMCz1b2NMY2ForsFc0F6jNJBDh+9CcDxGa+ZYHKECJBKT2r5TSWzMriMHM5AyseBt8PzOOaTDtDbpA2G1G9pnApYPdZrHocH6C1S8wI+out2WrEftM5B1EStSWhAQ0txjDV6gAJBwg44WiATVVBVdW7XRA9pVVAVjVwkBISDElREwIMJ94MtgAdHFz3vIog22BAms723bQkWoXMWdvBSd/sYXcb2a37aPN/GKaCU4zuZ+vpit2kPulCHXZMwYod0A7nAy2ZKtbwqOadK358ryPkomf8ppUjCnSe+YZCdyVBK1bRz5OpQQjXw0hlCjKNtsux4bTXbzb/EOsud7UdPnbr5mtLJXaVb5a0KISaA/SGCNIMRYoq+SgHg97DbeZCKzCBJS/VxbEITnWBPWIQ/ZkIPp8fX09ClUV1CJDDUPQwVrylMeK/AjGJsXhPRrS3EvfdoFCuNwWFLWhSXKa8GFidJUy9iCjs3dHaawy9sOo8anooS+lzPi4VtP/vu//B7/mBVzUPr/zeH33+J/yN7aaSeH/jf/+h3W73wz/2+s/41OfccvNNTeCtt7QebLfcfMMf/tGdzcPvvv333/2eP77xhusbDr//B+99/ONbf74nPP4OQUoKDDr0+jX/v/SLPnO0rK/6l29oPn/itf/281/6IhnyeZ/1wp/62X/fYH780588kn3Xd/+jO99/V/Pw3d//zz7xOU+/dt1FLwHEwx9+W3f/bwvvfNe7X/v6NzYPv/Xbb3/N637hy1/+2VMvCzCY9ba+vvXtv/+t3/a9UqUm1fKG5QZ+5z//3nOHQwTf/d47n/T49gDC66+77ilPetx73vP+UZ/v++5v/fXfeMubf/t3v/cH/vnDb3tIE3LXXXc3n3/0njtVnP/0G29pNPm/f+DHH97erSzu+tDdMBx8iEKrO57a0+Wg2xeVVtvAQemCsamXOdnKcKwPvgbmNoBTNJc2ppryjL4oGLMCctp1xBoFVJniQQQLnGPw3NkWz8xBj3BJEAvF4hOpCBNglFUWOLjV3cIc9DdyQrwnPEoAf90CL4UETGF7CABf9QHHigPkGRZG9U6FtGGORYXKCE/kQZpGZXlpqwf5qmQnSWNQvDn4GUIUg8dvnTAN7fhkSSkFOIT156fwyOHsEnwFi8LpDeA4gEs2sON3Cly9MbqyloeFM7Im2nJVbGZ4BauG4TasU6q/rrpHcKs6DgDXj2ZdatusfaPY7XdIoCuuSAZpEcVKpS7TIxBIQWTaYdOkdRRDLm2aRCoKT2Jiti7nFchdQ2BpBcSwFibfZYqIhBLM1tyNUqCYEAsfFAiBX8ls0iHaliiVMKqMGyF0mS0XsrxhGAiN0dj2J5mNr2eEPRvTFEvRGTzfPqpu/1YJAftHX/pTJdCO5xt+dAGbBrbbSp5j3VsMtYQV3oi7Xb2v9261vEFmqOJ2qJ6zp55UCO5D9RSVwBUYVELb9UMMRRthvTIBX1I/LStqAddYz+/ozCtqSkwDCQ4PoPwWXQCNSMxlm0GVrRGJY3kpC8NgtJZ4QTBvegflpsDRtIZ3y6H/JtkW9P4ISIgDZQg6LQEF8w5pfCCMoDoCDcjyAVz5BAa5bRaHO5S97lbBKOFHMJEtXoH0smogtcb+4r9703jfsuj60V/7jf9s4Lz1bX8wPt95513ycMH3/fEHd/LtFCHe/o4/es7HPxUHJj//xl//rbe862u/6mUv/KRnvuRFzzWa96ZKtrf4aS9+tvyx3+8fcuvNn/DcpzfP9913/403XN883H77w2656fq7PvyRhz/sVon2kXvv+70/fG/PAPHNb33ns5/50fJXM278mKc8bsyjn//FX8Xh6o/X/8y/+7KXf9YkuVseGoYM+AM/9Brs35cVz/y4p4xYz3/eM5o/W+8bbrj+P/3Wf26UvKFT8obrr3vR85/V/LWa3//Aq/7lz/277nTDN/3WW++7v0nIDc3zjTdc96IXPEuea3jf/Q/+i9f+/E///H+ohnMEFV85p8sXTt+gUIyhCDqV6d+GTm4gFBfgaYDXHkupYIiS0I+L/W9fQ8xaBqKLa6vxBhy+soSQlDSaE9ocIOy2x1ERfA5+aAf1vhAMCVFUswZS6VJkFeAGalToFMxkoSMUS8vQXxK9WCDkYIThWJHC9gAAAb9AJQSCA5Us+eGj7JaHdtEFxrFKCb0OXuDT+ymuEy5nK9sDAdj+3Vnp0/gtX5bsXgwWL9ADVHCA8cXpM4DDNtHlynY1pmjJ6rzMKtEV+AAXrnTH7BS47ooa3yQ4EJz8KWs6nH5iYTigRNu6vzLjRw3qWiIflip8SEapuior0s3RAkmM7t3Gg+S5QW0a93HqPKAyhMhvkaObPAhBeZUxDwoMRotuZutkw6kPSMIuBeW4MjiB6E/9EOQVywKQ4rJIpoBoQB/cHdokkG2paDWPlUK6vS3MdmjQUcw4K7DReKVM1oFsvyGG0K8qJZady8JGhVP4TlvbbAWyELoRZ1W1ToHCywPsZ0tfJRcAnOhTvBABhG7oWxvRLtC1AnIsqs4Phk+gBSg9AikwpMSTLT58h0Tov02k/ig/4e6nZB9m35JLETpFOS/Ttqm6s6O6JeHJwZrRpjwjFZLFi9Vwav6bCNZTblvT6lb/6d/bywUIaxBCKyAzja2jXg2bSlFXAHAziBAkRa4fYKxg84noPzKGjOQlUZKMmN+Dz752Lji9sxtYlSzmqwHC67ZABQxx0tmaoi0mJiuvfYFYdmHI4aXzSwG/zqC5PRkxI8Ty1s1BUOuceySGhs8XMFk7i9bk9n/9wE90I6i2W2xi672j9/7I/feNIQ/uLuXDAw8+OCI88MCDKs3116797Vf8d9cPR+i5VYt2Qf33lMynPOmxt9xys3zebDb/01/8KmGl6ste/lk/8IOvbpc7up+Xu72ox0i8/74Hx9rStKY2ycPPD93zkRHv3gcewOkGZuxfGR2if/ftvz8KvXbtQsSgyY39vv7mv/J//LmvfvknPucZleITecP11/3pL/+8Rz78oX//h35iv9//93/lb3/tV3/JJzzn6cOZgBLn2p/6ss9tcf7hq83Uumu1f6Cldk5AbM6uBjL5+rSZ043Dq7byYKWRmlzRjqAsMU7DctPgYaRRgGl5zGgnFQnCmaxkWa47D1tJEK5kgrDTryHQVXRr5BbL4jfyIajiF4dubBXQx6Q4OPsUnF9uCSBr6e4KITd7c5pncQh290p9ykuzvyXC5INYyAUvgdNEhe15xFB1trnYWmyx5KUyGgrPqrownmfOZCdyq8OMdd/k3s4v6oxzQAizjTOHq0yZHc4oi7nmiAwrzMDZ0sqH2XLnyjQocGxOgZHVoiuIAp5X/0hZ+Th2ACEPbtntdt06kcA1GfIrSAC+C8pqgFb12ougtxf7/W6334njhXhi0bkge2CYb0zb2p/svUbq/jqJUSqXcT03AM5F5xy1gRjGxXAhEagUlGb34WK73e1bEPNBSomx8MH5GMDfdCD71igyMSxd50hkQt2jMAcxHdhRgvVM9ofBFiJETvfH8ZQSP52DUcHE8so6B4G4b9wtl3vyUr3BVvuvnrQHyr/pt44tRmOs2mRNVrO5vrvcoXeb1gvGXqe2bYu2fQf9Y1JKPrf72QL23bBGBNTofiEi09wDJaZ02wJ/EMRR1CAQm822Gfjt6z3u0694K5ZpTNpSciEYS2ZFtT8x1NL1Zd7uuycBjR7EUJlirxEcPLGrgf4UVFgmCYtlE0YiExXZt4fi1iAqMfZTcUW0jckkwc47SOmiAwg9f/XLDBWIcT7gjZLVC+T156CQiLG1KlvtYK1MgkdiIFZosWb/wutsJIuitxiAz8NxON2sgLRv/Lo/IS/VrVH803/+M//xV9987733/bW//Gce97hHCzZMCn/ll35OFPvFL3jWD/zgqz94190PubV1H2w+b7nlprvv/ohk9axnPkWtb29/x7tHws/+1E964y//J/n8uZ/5AmXYCIZFHxRqI37rt98xhv/Ij//0j7/m5+Tz9mL7tKc+QT6/7e2//4TH3fGI2x7yb372P/7Tf/bTz/q4pz7tY5/4jI950kMfeotE+NQXP+/v/9BPPOFxj2lwfuZn//0//rHXP7vDefrHPumhD+lxXvLJz/n+f/AqV4rR+RibKCEj1K4zINRTA6sKqu2mbUjd1AQd7DTNfM6C/fuNUzyaFOYAdmjCxBrLPAMtEWC45H2U6lwLT5nIMvwCXaLGauysMyBcoSQx6PkN/cyMmVaTjx/N4z5FoU7CprFSucnrgy3/SQGuhpApvWy1lloObTOOnORFNAKWZl4eIGQgxwco3GHbUlZyamBfi4un1xgILgzKkopzHSfTVy6FWojZ3Ii1vG7WgpSNsIwWjRkcFgUQCVCkPMVCkJTCNQE5v+AEEksEa0pyDrCO5F55BC4Ex3998JoAnI9XcCDAs2jvwynFZ3DEKw7vDp98sRJf2DwElNlh7I7Qg/b8vIS1+tkBEuOcINdbM3akMnWhl4nIgKradGdHYa4362ynAxakbY/Jqqpm46XWUjuDXD7LYpXMYNSdeSn2e4Gz9ar9WhcNMVWA/RihGW8BiFTsmTrgwxiNAbUp8023FhNOPIUnMHB9tAEEWsWJYcH4YYC+Qg8RDlERSeBKJLh+g0oBVgwIu61N+7V2MxzOSbI2oKyTT3SqgbVsPT0t6q53MHaQQ6wMk/87zO5x2skBh8Tu+rkCZslyALTjYfzoQ9RtPmx7BPkn/ADjWEDJdR+uLyxxHJZ4x7ReebiEg+jxpMA+yksXuI06Vf9IswsISOg1gB1hoGneWvYuCZlNGXXo1FyGjMFpqP/oLYY3PhyRBMUGbIcDucBNXvvPhxQhwPKTiFnFOKupN1IDR18kJx9IkkWb4+udLoVtFGdAgLBi052LZszIx3uUIMiBc/AkwQCt95dPG3CEGbRgEfpzabIlYIrs3feC2kT5dvBRj36EEMNKCAp57vIfvvdO7QBmjQpigeKOOx4uH/7oPXe++l/9gmjvZIA7bn+EYhxd/Zt3VNANtir4+Gc8Vf7eXe4/eNeHVYzbHnrL9qLdR7jpphs+9mOe8I53vvuJj79DRn3z13/Fd3zXP2gePv9zXyQv8B3Z/sG739sMKOXJfU//2Cc+9cmPe9vbf/+Wm2/8kpd9uiFfuXcAhHI40h//8Qf2db3pTvb7nM984asGp8C/9E1/+hOf83T5/Oe+8Tuan03ym+c7P/Chr/vm7/xXP/NLzfNf/9ave+Yzntw8XHftmiRRcF7xkz/zxqY4/vr/3OA8pcdx12OMBrgAfL6hMbeXQYYyVJFsGZv3AAAQAElEQVR+ed2SaN3HirAaKEwTh8ZPJZQF8X6kO9dQeJTSfqMnQh9sW/z7T1AOCXQbBj4k8oFswUwA0ywmegVG3Y0gYj9ptVn0FXqeTAKf29RM7lSiaEL6BkUYn2nSk05WCzNftgoLnxoSMBQrL8wSmVIiFbtEjqTxUKhcyyCrgTzF+tdIEM1AwYciDWGJfJbVtukiC8lasm4wZMnBbZfYJA1XW+VdUNAKrxO6Ey5rBByOjj6esrkCGhy8DkenNPncr0CFI3EKPDLjevJ9wRUsDnGXgzMwb6h8ni70qTwK18dUUzfcCoPD83FAPxPnwuHSB9pXHDEZqu5ANbHbsU+SA+8PLsS3BaMMaNTN4va1i4vL3U5MJ0LlyXU9MqgCQXQUiIROLbYUgOMpgZiEmZqxGEk4eQuTl0Z6MRHZ0quGUipVtd20c4Td/tKTfqCZlhmGxHyWMXeRfCWj5wLyRMRulR317o/X036PIfKVkakRqMj9TuvIzTjeT0Jj0hGVCgDEW1/1/UUYe/pxyw/CngGeYgnnIUT5UaiUNsCgojHgMIwHkOPJVY/Zr9CSM1VN6LeufAYllOakssiyUOB8pAVFBftkqh2W3L/0NIVkESmQ3n8BGZPLeQiBwdMWEytJCpTllg9pBQTK52lPrZFqCywyZS8WBFLyGcnFgUx9IECIPiITK4rg5jNYbbcHrtbPTzYVdLnqMMKpCoZS6NLGCBPEPE05AyZwqB+b29/5m984kYqe+q++4gd++62/J1Lhve/74OM/qj0U8I5HP+K/+rKX3vWhe176GZ90cbERuqJG4w/DZ7zkeZtt78z1r376l/7xP/vpSV0hXvZ5L/mqP/n58vnLX/7Zr/yeH/nUFz93s2nxn/3Mj/7RH/yOZvR47bprBs8mH3/p3/36p7z4ec3zZrv5W9/+9fc98OD1167Zo63uPWCcxqWKE/NrX/eLX/wFn9Y8POJhD/mn/+93vPl33v6Y2x/1qEfdJhHf8Xvv/uBdd//qm97yBZ3DX4PzPf/7X/qVX3/zTTfd+LSPfaLEufvue5rPX33T73zB7S8ZcP7yr/zam2+6WccB57ldhq70Q+nclRSidD2W4sFXY90eComTIykSeORCIueqamaUGwcTp85ylIj6oi8MS4ZCdxLpTQ9IV2THEXHauMzrc0gAqnGyCcRURdDPidkROyqNbN/dKa1Z3Xo0pUEEXj6xczXKCswqYqHBILHwklbZdgdDS+iB5B3Iuj84zrp4onLg0MqsJTPGwVVpbcpMBfK4tMmaOl3KKGUuAOVr5i25filOKVK2PC3Xl6ypVFndVUN7SDnFlivKTVCmdpPEytEIHMdObirsml2w+Lr3FVxBMpytRyAepOs7BqfAFZsbiAZcwYHhiDyO/HDV5Z4VoPp69EpgFkWQ1D4XywPari8LUN2nKWWJmDtbkMWKAMO8OWHiDNpXjg4ZLMD4ppCgkFeqIpfSIdcf4KRKEpatYZ9gsRgU8iTIrlr+o2kPcI788gLBV+z9+lWUgUgBSMaBGAKRzxgFSkHDdL2tZjRUoSC0vDF+OgI6aHb19sYJMWTb2B2+B73pHffD2g0olLf36YqN7I19VuFTDq3jXzlGnl0BTALG1Bj8wYHaUrRRme+3pwOZFoLBkertCAI2VbAPBSchRNQWfB3imkOYYeJIiaSxRQFRDOXZaYCj0pi1LzH5EeRg7nDbByXJ6A5PbYppo7SZIVcH6QwOZh0KsC0w8sNErSFFB/TxITBxZIr8kPs8IVKkb8gBGbNnHUcBUiZDbNoNptuKqgAoCH43AplRiLZK4PEHMnBswQTEKdhb1vr2ILiiwxkNqoCexlqtiabQyx2MgSJ4zKa7F/4X//LffuJzntbwqCrxJV/wqYImM/CrUf9ln/+S/hHFT/zkv1Xw2qS9/l//+//6Kz4PukP/Pu5pT773/gd+/DU/9xVf8tkSabPdNH+i2wxuXxpU4Pt/8DXPe+7TbrrxRvnzhsFxcDxBMKYz/uMfe/3zP/EZj7n9kc3va9cunvOsjx2j73/ggf/1b/2DBumHf/R1L3nhs+RdwHfc/ogv/DwtT374x17ffP6jH/lXL3nBs+Wdwi3O5xs4rzPkBlQSDAhV8qDJ0+s2RKr5DDBppxzdaEQ51GhPM0TzlVG3ooqboLsp2QjYnS9FdUFD9XuEqjvLWri0QTNAqDbQtoaIGuooWH5r9pdbcagAOczVXFimMg2/4iaYxjduRHqJsH6/QEH29IEx5eyEwbH6BdZYK+6fQL55OcBfhEcdkNzBq1xSqCGH+NgA+qPIEIXV05wm9JWX2NhXBRxlz6P6ng2gfAfhqjwXgatsvoIZoRIrB+LA/hCgbIOAf5lmRSDniOdluo8xrXKtXv0LAg6pROX5VOE0ai8E/wY4bEo9SkExg0fYM1nSqEJcEb46/fyuZLMkaxBXeI68RcKaVVbZuppMqkegXEBbuKJNshNyI01L79aZR7pTIbQXvlMU0SROPRyQMoOeU2PvycpbP+rgcAUaa4rSHJ0Z9pbClpydsiF4MceLW7VBiVe2NnoRNHCmU8tvE/SyUMtb0RAcf5KaVjfGdI6IoDCo2pvfmr+quxm12VFq71CX/zftd3d6qtwXlV8mXIx/Dbqdklj5Kjtjve8qDtDeYVvLvx72+3qvwm562o1/TugOf8WgfL0ozQIZ02G1f6tN9QSO6hAoLSUKrFrtraqjcnawb+wN/jYl/UUnB0xFcohq0nKslYQGpuecK8ne5qxjWM0jUuP8WggWrY8c1GgfIfhpISjPJxdiyoNfa/DWU6M4HLnsjDNUkcUErvoh/JkIwfSKYIVxqi6cVtQDwvjh4x/Xz5E3vvwcGLozNZ4Lvqxh63wUfyCmz+P4Y6oKJf4U6dK+RyuS3QRo/AnJt0S5GIqgDLP9+i1QWD0x8RMWrRiMk4BeI03diYWTVlNXE2NqkAYQjfY1+gCNq/Y5qZoBmYgq0Hk52PjatcIe3d769j/43v/nVQ88cDmG3Hf/gz/yqn/Tc5BsFRLJsd7tPfVMXFy7+Kg7HiWR/+g9d37k3vt1XaEZHr7z9/9I/t5sq0/55Gf9+Kt/7ru/70cffODBEe9DH7r7f/727xc6NAh//pu+661v+73uKrk2y/Z1/a/f8Ctv/u23q+naD4fxWy4BLck3/eVXvuZ1v9CdViJGtN/4rbd9w//4f3y4OwWwGdN+y//0d37l199c6/R3fejuV37vP/35X/zVhk8zMv7vv/WVLY5eOnfddfcrv+efdDhWu3NXCyucVYs8oR4eQ1mNrY0tMR968boFMhFGaKrfvjb/NOiC2omKnK20fyrg9Ifj3zDz6aep2FenuOaj7VJ/QdXN3Ka/flbXTugqGP7kxK+f/MmZXzcFhD4C2rlh+6fPVlXxptXWSy2p/OwqAqoFTgZ7jBUT7IykquDKjyQY0k6QWLi9zNvwojnTr1XlsF47qCp2nmOoHE+8QBKKSclgBDBjKqFIGjPoO9KmaPfduGcYe2fwygfI0cHN0ejSx1GwipHC9TDAELxstYJcBnxA/2kCpwlH0GsUgEN3j4eoUXCwRF/5Py4P8NKv+a5mRCX2cvdo351Hv++d82UYtlOzbtDVh8uf8myLJrJ7aOdy/Rytpdx31O1kvmXekbWf0kWioUUZPlhNxMGE1lMtaF8OUM4oQcV/XgnRAszfgdde2hmc3DoT3CyLBqwSuo3KTTfG2gs87RNte5BJ7rZDmTdaHhD4g85matDsKjefl7vL+JrjMUO3tb7dd9vU4miBUMDtypLozyE7SIECKzgBpEvEbneprufOJSwEwPzNY9u0yiadTTE2lTbPnxV40ZDOigwan+3FRdM6d5eXEWMLbvIUkXkLneNHAm1jhZrktmn11t6gXM+vFDy6rHhkCL9ZFG9qcmd6a5EGEHyiUVIl8XtRX0ST6mYg0aQb670Dk9ku2chAxkxAi5VDk/CL7UXTDTWGmjpipC7EmzRCUwemJ8cjKM0X1Aej5EFr5hN1N4mp/YN/MH80Zry9+wr28q3lUai7LoAm3eIHwpFiuc/lVCCqITnKRHDPZWJVrknX9qIdcDbWoF+w9eL2+IKgjBWWVMntrCYSjoHAwp+iuo3AdvOw7moXgUoo4wTBgVCSw/iucUJaXQKXFiH8dp5ycdGMbJtBn1wR0Eh9UrxhsWrsVyQQJ9LHvuyaAz6EdkK3aYzvvm1f2eN/cg/FaCxknjGg91De/G0b3cWFaMfYl7V7xsRrXSRtFoK5JDZj9cZUSS9xkQXLz0+pEjE50oXYmvdq05RHs4DGWT6LjZb9h9ogMgncZL4zbdDLUK7HCuvMJm0NVluYVZ76Nd3G2m+2VTOoaWe+PUrdE+JEpkiR1HjLjfihzp3LpbYz43s/fCPQX0ShsiPnKgXQd4SbGtx5E1VNSLuE7iBgV1T5dPujH/7YOx75lre96+577nMicZn6AgJxt95y01Of/Njf+p13PnD//QGyJgue9tTH3//A5Tvf9W6Dz1S0VethhXXtWUXBG66//klPvOMDH/zwe97zfp9Wj3rkw574uDs++KG73/UH75E+izavRz3iYU98/O133XX3u/7wPQ8ofo2WQFKQGVXEdCnRnWdaJdA6ZVxDTai6yYDCu85FUINuBV0gnZ0HMvomx4TWjCU0Q+KzwI7yRP8TRQ102+buB0g3RABDB88GGI7OgGLYZzMuYVbxB6Mtoho6noJo3MgAQUINbr04oWqGNzUih0fxYweKtz4MhA4+pv2dlShSF+tEYj95COiTLqu8e5AicoBapbMzhcqg3b/etMfpdnY/o4iJkJswOSAUxOmMjSmLtqnSD7n1ljvffyfqK34GtY+jMA/RhoD4EOi3A0Xn9gQYK3C7fiRf4w3g8bgeoKnGJcp+1pfMcnIi2PNlTTcuq1r72/m0LH6WTTlxNE5yCoP1/LbIAf6hU2loFjC31eayWcGcyQOBMwxbBpr9r2ax6LJds13a6WIan87G3QfdYvW1ZgR5eXnZH1VroQR+GUFgrvXC8DdKa39ijzhMYxoj2T9De35f97pR1z1VXZQMqWS/0Qx4m0+EzRDY/JTP7afyc9vhb1BGNVSVjG05dJjVKq8PXn7plQCsRfEVQltxthvsXsITZwK42nPloGgNWmki54FVJza7VGFczzlEOnm7q1mAzqHyYnbVvxWapYJNDLY3ex5Df0Rc84LZ62SFPHQm9wIQnMizWCQVKdXslxhsFG7LOPwlqJCXHFaWlWHu2RcAPwWJLQkzrhGfpyOGYj+UF2PbTgm9WDH9MLQs4q4lQraWMct7RQBMicqPYSdExZ8eFUHta1CO6uxOBAp5vDYa2yK2XffuoFoRee8bAzEKYghxdI+Q8V2u3E4nMR/A+Wj8jjetYHMIdb7grSpDrfAynNn/T0YEqAKEgfoSUZpktCDLLlIjkzQdo4AcbCOZT74AESnHboGIkFPUzIzy5ziDLgAAEABJREFUIg5LUgsvvUSM6EC9BWmnhwtLg2yyoBSfQuKyRrLQfx7T+gEy6r3IAnRy6c/GE3HoewJKCaLP8DhGFNPOpqfYgKgcGLubCkMQltnD2KNCiwqPThDgFKXs6OptFYRPIWpuEwEC2IEuX0S8NInsQG5OK7y6dX9EGLInysItUu+C3vO+DzR/sQWWaK7ZvRn61TGZf/juj/zam97Sxbjkjpxq/J3//C6nUOjxQJsLuAbU993/wJt/5506tUSdatP7/vgDzZ/QJRms3nfnB5o/txCD0gBKDaRSQZidOXzo604UldVMUkG3jlo9jyrh0HZMGmG/tHuPuj+pzxwJkFppPR5LkZhR6Qt9ajes23i5FVjpPoFqLg+EvVlpmyh29gSajcNKeg3BiDhNSqH/EN3FyzH3S7C1m6LUJqtPk908jFivUYHAbCqW1/b0g9ZEYcqhEgClGIUZDqlt3ywEjCBT5fQsxbphTKOV2CEJefejefocNbKAFMEoLFApYPYSyq0JwQwks9CGp4k8RIG8guIXGU8VeOjMI3gcrvNXD4/gCEpvaudqlxSt5sua9vSl/V7u5h7AJ/AQsHw9OxCAsuJUFM4j+66AAISFo9lgfU6BB8uKEKxSqVTAM7I+uIrUQjTgCiiAwu1KdjLQTAe2200zjtzv9igO8taFqo2YFw5WjOB4cv9OZKtAZ38S55DAiIBEVkzw8xmucYkRZWZ5RkKyPHF0WnnGMOfwNJuHiCQmTVtgBUfjVOAdL5zbtDj4MB/zFnNKOImOx5xAykodhGPC0YYr3XBPEm6wQpXBuEenedypxaBtDe32O8oBosaqn9LVj8twiODYJhh10ujNaqHuotjHSETaYrvFBNx9QjpilBZSYwMFniEUxlkruFCT9EmIMmsdjcqMhEB0obZHRcgESESJ5zwEYwmBUTSwH8GNGWASjwIWFaMXA8HLJRZCmGyBescu0xhB6S57qqccw54vtwwkScl5tbB/F1nuQuXMxXwqzDS7g0L8hyFGDEMNgJRxJs0RoQf0RdAZhh0xBhSI8QDjASbpMCIFaaGroN3bJGhwU1TThmHWAE5QVnsU1aiQVmlt1yuiG41BovcUXSvG4YYm2oZzVostDyBC7qE+AmoiptH9aKnUnI1UeFAmES4if1UAM4Cipxs/wWrRSKRDKaBVOT3SZ684Zia7PCjISmjFbVIR/A7yHA5SqHOETrSgh433bgmJEZKgVOwW6m6pqjbie6TcZcnekWWz2agdo6IhGoqhVkEV3zswEJQZPoLCiGfih9uZ7eUbmt2GUlsNxVtdKCGgiGTZ2ZA098BkXlPCgb5L9Sa2uKtnQI8sKaxOkU2VC3C4MneNvbNzOxXKv0klZ2Nx1rwkw2r9AuVb5iW0YiQOlvQLHPjDcW9YkzKo833EY04mE8pXGxK7M8rhMwY0u/dlYTVOgQfr3kMA0YDjg/MzK4dNMSxWZ87gdQR5o+4hkrlUKbYHerZ3B8N+KZ9AML6XAemWgYv2f/3CgSs4l20I2INlSA1KRCrEBwnoOfrwaYvVLBcjqkNgWl6UUL1sDcHhL8CoWLkDB6UA8+CC03CIB7DZhpDBE+RJl39DWo2Zntp9hOiZ577w6RwC9GwdgLlv3H2hyg7JOR21oL7dLi0Mtb1swrKULzfAoxaa2wSMEoegqCh1Ylwutp8ctfMiwI1k0wKBtTcKaNXJEUUlBJfUAH4kKsmJJG5FwR/lTEGAlScsnjl6MM2qCNVjhJ41AVXZtTmVbiIL5IIQ9JpGQYB+STmCCjHGyQpYaEDAUb9oyGTw5X1fpYb9XwhQJfXhidWFCctIsSXS7/WiQ8lpHUZ+LwRjCwfajiD6x0A+CscZTDYORKuwxytDRVF8bUIIDiagea64zV3fCKH/gGEEB74N+z7KlVvgofJ6Q4QhUnBAwTDxwc8+oCUo0TCMp3s3KkF1hQxKGrBcvfDg0CNccSly3ZwCSo5DncjY3sD2RAUYmH0obXZgqx4jMQmc+FYgrRhjMu1uF9Ri1gLzJHJASjJPPtIPGI+J10pXo/LWXXC2IaJEBS0xo8hJI9J2YWhe5070CQH3u6tl9u9d1Ul4VUPzGSyDQDE+qP5wiqg6o9deHtzeadi+XO95AxAdxMajVQdStx8oqSvKdjots0RhuzLMF3pACOXyoGxq+yQk1mU8+LkD5NZtDMcWKYh0OZBMDOOnhweHb6FKyzjBlsqxYwqFS3EcGiztsxVsi7IsS9VZBh/wWTExU/tZql3OCNEkKAsJVzAbHHs1YgAa3/Nwp8HZ1epDOwVemZErmBUWdV+Hw9VnyoLyFawfUH+as/Ke7RhuyXT3S3IlyvFgxQXE+NbWgtt3KrCmX0aHEFayXD9h4MRSMGk54tNUTeh3UgTxHaJYUoAZQ2eeUHmmH50rGBLJImg6ru7NJxFg+DBCwI0vJnyh7xDt9zvc7Rw6uKHfj53e1JcDirreQ9383Ne1uYAfYmhG43gvHFhImZDIxUEGEEHwbDLFeQMRjxRFpoUMWkcE+NOVpgxVDXB9RakSxIEdSLY8ytLr4JeUNr4q0ypyZEIchRRlh3fr3RjeG+AKCpRQgapCbcqRqGisjTz0AaRpXY65cCAwTFsiDgsIDMfjYMC+FHVOuStlTldgJjVstukzIHAzAkdYIm8a+XCWW9B8Gazd2YvusCJlMXQ+WogNYNA4mXj4jxzQ99BrMHX+YLD1SFQ/jShnAtTVEk81YQO36pqWk7NuY46Gx/M2wvulCy5pZgA4t1+dfnIq+AcGEMf35BpoyCBiDos+FiDo5QvCc9N3UK470/z4vRtBuI0HpZOMWQ6YAlw+gmROBngyb5Y0sQ0MlLBC1pxTbwWR/Q1f/6ad7JeTVa0L+r5WLgFgGy0/AXokRpsqVJuqqjbb5qP9WYHjYoChHaNQv2UwDi0KzO1po+oasRFwl2k2uDNELXmwRKe7dQmDk5iptSUA6bQqJSdm1Fvt2HFOKZTebw65EhbdWx2bpNusMZUCUQCkMtQRAYmjc6HNK7sHmvlZ3i8wAKV3H0vUfV9vmcMQyrk+MiUvJxMWl3hIgELG41gADpXk86hO64P1XR98aIBowBUcCSxtVA5VU9B1PsKJQiknzxXnVneAXpvMWevvoTMAu1WfWZ0exw8rtAxvGtASCZHfPCg34yVj+S9qz5n+5SRkRlqfn+eR+NmmajmuyrBXLTKQgYnPoLb25IatOSWufd28O7q1XXC0CVQ+WLfglWep0u//wbjV1AYNSzeguvl3hxVOK57ts1BoUReEE3PhFEyETgOUw4veB3Zq7eqXg9KMhmDFIWoIBRHomnQnDgAiIsHdJGgBEvUHf5SXA8QQolFaXTepUIxvNAdaLlkWnS4KZHPhyKlo7QiwAthsKvkTEalpAJpidqQIpikQCOYPRpMMoLtIVJs6hEAA3yaNgb/AUusQhLVKaVbCWWrl7AQP2xVDYVfKRIcwo4o6g+Wtrth3Mai4zifWgbjcAjxKcM4EmEY7M0LpKZ7zAF+RCdSZqM8zKcbd5OLiLJDgAAwat4gzAE1Nx+44mGM3X9TAwQWyt+hbZf/LiRp3x8JoFJj8IOIe5oRUNxQD27LyqvOiszooIsYTaMzBtlATi06xGmBQRQvfPbiNJjwo12nj0YUpVMXQ5DdZdHtjG2zPCCdotcKhNbWUQWNIQx3luhsseqho+DLQs+Wv1Ub3vEx+sNybuBDIs0hqYwyFq/TlgAA8VY0okdOg4kySszVSLYPRADOVpwF2tbIj/QhBnk6AUJcj5B00WO/7q5Obf0LfN5jqOhoPHm3d3n/MrIV2JcEfbdsHV1/hfhc53Ks5MEv7B+XX8yIwnI5I6bLHUUkHZL1TUpohRQSrOgjzwLplCyLFviTZJFDHSKWs2kLWkQX0lpzEfS1+gd1Ar3Ra11ieB4Rls6P8EZdrhGZ/Zyd23QLv+VS2eW3SFeiAB8/wQzgFHlMdO7X2gMrnOcBcKT0S74+Tg3Orv4VgfdVVrtPMV5CgfR0UEqbA2lci9VwQYI/aOksMO0dSFGVmuQJ7Vylj9ydRLp/Kua9DoEmEbtsAXQVs43H5UsIocRFktVH1HyA/xpP2QAyn8Q1fzf/WI6y7013nZPBpYV/vLy8v+xmjrYAHUF/EnM7qc6ZoEusD8DzHSPybaaMvomAClO13yjFj6bXpYLfb1bhPZkLQHvxBBNoUSwh+6phElMcpODdZCRKVgFiN9kclOh06FyQZrJy3dTdGYrttZ9O79nhO8Pb6sYwi1SlghIrc4QSRhStTzLM3ORoQ8gZ8UYTamF7rEhkKOkMro3img9unFkIQzOQzWiCNm7pjlMwsTwsXv4yKMSdo45wZYegibDmlJn+QzRZohONIsRkK1oIK9NoIlGuJCcmLShx5uIx2hEMbhXHpCJ2zruaJ1T8Ll1DpAAGexhJSRnixnVSY4W1iS08Cj5TuWFjXPcvgcZ+L6AQ8DYmNgMQII/Hqk8Nxy+jNcZimQZSjzoeDDGpU1EdYwx5qb5xEoVF9gEALtIhMMA4g7M4K7Lb7qSUewsu3pkzJ6QcHCre2smwMSVAgKVarFA7pfto4Ugqt2irsBdXBBAfZqynJeU87mkZOJuhKuaK9TJps2O/3ovmbkhZaa1abYgzSc6cSsKk2tg3rbIdqBDWXRVBMi1xvBIffoiN1/Yuj/nYOtgciC9yGokQ7ywJIwU1RmZzSLClUCUgJm0m2BLaTJFM9rebrnWnQMMfGIvm5pCqTdc5F13NB7C4FD2EvPooKPIOXBRBYB+M0VI5ACfG+OD4CKpFDML0WddRAGNSv5KrCJONChX0H86+arA3OLb2HglVYibM9KRD961OegBMAzBy0XIGEKxN5GMCYK9lVwThgFSMYx1pI2cMQwf5VON08ds1kYLNp1oCgPT0MfXtI/rJhK18ktZAery2M5yhDpgVSUHm5HfS31SXRpknMk0alCZUwsrZbrCCzssO4twLTT83nBoS1hzQunXRQt2+E712K+VqWXBABoayx4uSPpyyiQ3tA3Lba1KJbYh5WWMFlaeQX1nVw06AEYJQxckTHalR/Zm3cTict8gADgWkoKZQEhKF00wszztyPB0U4M0VHaJtOrWkX7UkM9fC6ZDQdEb5pCYlEAZuKBNkVAXiKsR0fzYpPKNwACrhQA1XVp21Ph7bFgZBKkUaROgCASO1IqnWJNsKVnKlbBNrhYQEtKFqlWMiMBRMgoxN59nk14EMYdybLIMJSVwbSZ6sb/syr21CXFwLSYMWG/tKu+PhW5tqQpGn/3tRBpyLrFNVBgMoQSEysPIHQJqqLgxDqrr+M9nEAVTfQ9AWfN5wWxagtQM7YiQQoxeWP96MGNAHzCSb84X4x4xpYo1NGR6AQtguVXtsYibHM8jRRInPQWTHwRyrvFrLozTsQrmMEnxuRD7I9KkB4tkSZmtLkgtoYlUEDKWfUJ7SjTH+BhMQww/UAABAASURBVBYmqDpMApUoedYXR6bFUB4rRRqguDys4rIK50hBGNOI4oDrvlqlcZV3kVoVYtKbS7mi48JLbfLpFaBpnPt636uDTgTrcQryuA2KHFX7JLdvvJqeuSKgna6J0dWYywGIbibFwTPxofrtcQ1BTyZ4hipVirDHLPV4z5JXC9UYrBB4TSnZZCydCzm2DbQePYkBbwAxPzhkDW/jH6x/IkKBbIJSjK5gXbB4kZ5LBTInIDNwXyWMffnhYVmnwBVMqXorDc4FmLX3UtmAyud5QP4VpcfgFR58J+zowV5iPPmGmgirq6shfcpX2TUlv9Gl2mya9Zb6su7OlXD4LRnfOdLETEBaWm0BpyvMM2e1iZEzyh2RvJtwc0lUcItJAZIosAjkK4xobT5AkJfQ9y2EUN5tH55gCgaYEMUUoroHgsKzxqZ51SJ8Va4jbKir5vaD9rs7IbDC3eV+t4/sU6i7LSQrRK7KVJvGRIM4zpjvGFt0HAuMp0MEK6c5s6WFQZ0qZPIrZOwhHB0kTaPtm13TqW032+48vD1dGRcWBPBdwalqs402+KWFdYDRgACE8QNmitmQ0toduAILi1PoQH+wb0h00ITjQ0TCk1TrV6wOuNmnZIHea7miPCEaWSy3mFEstGDG8XKGnoFkTEKNYnLkwmyMZ4L8oXoZDXyQODec7xYjgOkYaVM7y8aknoGPAdPlRVODXSBH7S5yY/ALFoLORUMFh0440Q4nBWLveDoOJPum2g+/lZNLQNEHdMY+NUSyL5b+C0NkKRIoAMJcgpYfyJDl9HgJ+vnyFPf1gsEMC7LAYDzoWKNJB81txdbK3nf2RFDVA6sGsuqU4rWHYXzwtUEREmlhQUqVhEDGqUFLOfaMEvWbf+kSQagtiZkpaXUG3cGCYk24WRmj1c4wl/5e7eGj4CVwiQCLf0qJezMTXAhJbUtQikzx9kc93Caj5xOEeiUPg+5uEefL4eVbFCifMUSs2lWujRWlXVmByn9QctMsAFTHPrIGGghiNujGG47L5W1wtp1QZEAo1y8wSYopqHMwlYcxUzSAWfN9EjIC2+ryDICDnJCxEOZQBkBTJo2B9pRSUUSccpgnzV8vgsOM2WpmPPN4FS9Zy/M5VW6mwx9XCOeSzg5g+LuCM4GzOymwsdHNplbzUDejqrWceLosLDEOWAvkpvVYenQ8WbPtWHs+aUA8kw4YBfm6EyeYuTRXUy3MtujQuRQrKp8YXvrUSaTDXLSRlQjECBaXqxu4ly6C/7fyA8b/4/1244OK2Taqqlky3Gz6O1k6t5fdfoc1oazlJuDYOQ3OhGPOoe7M5/KkAX8G9O9cY9gjMAtahtinI4xVWuoswGDcoG6220pAje0/sFaBU9WEIghA5AAxhCgHCUg/vSIngQRaSKAFP0aOMuN2pElF240gBrK5EDBiqU6u2qQJZQJ38Adxc9IXBYWqBzEcIIIvwocIBqS4E8KpCY5KkFYl/Pw8SEZAPLHJCJyKHjW39NxJkhgeBPWnr4DnUBimLDIihKPXDv1i76ybFqnzgdFpTCSAep+i4IGaFeh0JNArGfik+A/sDDtbwCRaRPVEOgJElZHBii9TbMiLhChpY7oDKft3xihUdpQN6EdzroWFc9Q5QAq6QjlKgKinTQJG1vsxDXbOGWhEojONQS8JE1nHSV/ASYDOzRQcdTNPEfAzSvW4m2qjz7yiiakH60yElwnW9V4idy4xcRKfnq5AO6o4aCbXGT72BEzvGyTYyZRGeywAyqdgV+JSTRsINpApCHzmWDhYdWMcX2/mqujEFsRtaBRWolzVA/pstK7btT0r3DKDqq+fW09HoHbCIQfaF3LbIwzDAxEcpXQv8FZyua6eaLThFsHkdjmHzgivpoKFnk7maimxDFJomdJWCBCIQPsxwGPOXMixnJQGm8ir8JiJB+BoZctqcBAwuuDjhmBpDQ7ZJ1+kEiA+Rb6CVcFVWZFhEadAWKIrJkLrFLjZNJrU7QEz4mQs9hX4gHwg2bF7uh+f2UvI7/O4/pqQxvW6q0IsWt5bJZA5qnLwnTETcjm7pu+leIui3ZZjw4jFHfortQCx9DgZCmBwaSGIAkP9pSwaulhBHB8ckchwS+pJdOnj/twYpYTIZI0U+vOm2lxcXOz3e7nWBljDHuh2WFsVVPPNXnXU98XI61jgrMN+ZCIAh5q0/BohiMWHCfxYxCQbeQibblW23td6NHeYBDQUoCDFEQoUfaeNiUseQ/p+BMKo6HFacAQzJY5RwaouTT1Y+/8WYui3O4rUTYKfPfjw3YwSz02UtAFcfxypTK3ExNuIs/5Q6zynqwrID3epin/4GBKsZnGBzl9ApEoolzDTUF2KWSa9wmg+k+lVNFYiwjnEITLhIHCHv6z8lwMANMQwOeQj8UWnKVsGxrFgOSVc+05Z/LLo0S2f1JOjcJ4XKy+mFLQhELrZKty8pODl4MCacMEvy0R1IqjvI/odbDHIXOA41xDDZGm6xdHvIoVCaIcIRmBs7/4odAWWhYCmyJXrx3RVGUQfieeszKBXDIwsIxqOj+gI7CsGmUloj9FGns6Vt7B9NcG2IGz/iameWa1N/U4Ad3kbzS5Wi7CDfgUGc47/CVRU/WRUMBQQswOM//vUMWT2tKzyAg6BVlvcMSLS+pIKLEoL0gQjwJgg1iGkyiAd6TQePpG1Mml/jFAMs3SjgtP7hDV7p7oX+SV6dFsQKF3oAMqLtXFdk1KTmAUQeWNl8oGWpziPI9pqMhKKg5/XOnpL0LfKCULkDptBjOu5IEg5pHdyqkEGjhWG5OJgANuwQQy7M2IYnggrDTcm3VPkpXImI5P7KYbKSkKubuCs+UkXWufK7zvlvBZElCmiHQltTBDl5KEDWCSlHumFCxUibfRcAPqPg/TtJwxX+bkGOLuTAq/gjCC+wAjOx2OEK7f1U4FurktZRTlOaA8e227bF5z3e/ooAEhBpaAU62EXBEzviQwopZsrR3m8e+z2ILnttilN3O8TyJPiczKBnEpw/Ghv2thu6gb2tbJkb+ym6YfewcRjukARNPSJD1jadiG73a7JYBHTeOrxjCt++1st+70kfYFpUs7BseG0ad3C9vX+8nI3eO+xVlndvyLIyZjAJ/Hg96uliDEG7NoYs2blTBskokyB48qlrDrFra7eeswY+9HPJa+MjBasQay+Q1JUDIHjr+bIK6DSxqK0EjKadFAIP1sMUxrFJ7Itgk2gLTIGT2pjEA0k2GLgMPdGeQ/l03u6MBMRyQdnauL44I/igCmdVlETxh1hkuhIJsP4UBEE2dDM0oT10RVAsfNcudIXgzIS5V5Ff/IWA5ZZZbBba7rbhOneARRmYMvtX2Vz+AqCgSni7l2R6T0ZDYVXCWCR+zBUwClQo0UP23HLUTlGIi4OzLuJfb5mLEsbkB7wqrF/UEo5xMdDN079bAMW9icyi8g1VxnCYqUNI7KD3pa/jClwSeW5QTgYkJGVL63CE1uo8LQhd9wYrDqyqIsMQT5KpoCgXkPsVhUZUSUrQjRXZUIx7MkAyp8waj+UbLQWRXJGLECbKUICLw+9HGg4qRqrfCBhMqUPvymGBlj+RzFWEnIbVTe0U3rsQpWE3S56W5SQHNzXxPXkrk/A/hDnWl5iYh/0HCR3g+/UQIBNBfGbtlH/sJh0JaT32AMiSXt21TbIihnukKj5hXiFxdqlCqXVBOaMY8L1XAldICtdBb9kCWmjmd5ZbrnqUQDY+srJYmI7PSqAYY51VAWaDGeT0IXhDDNVHaStAmZzClylxdcy/qpNny60a7dVBaZrhIF0Qn111x+vp0YXz9nuMPl2gobljyNbFyBaFfM4KipVybYoN1XdJDTo5AShoJkypABbay0WC3X6pZJsZWLuykK3RLKBuqa/pQ6s4CASeFIBwl1fAAxW4JKA2B4k7Jbf3lLRWSERe2Vd2U0wpeAo3Yi0mn/nIkyy7aHsQ1Wsa4XK11XKPZiq3jcrdHXNcvokFSjQUYP0+UhuTLf/I0Pb0JIA26DR0ICCyW39wEt0rlgCAmRzGJ/CuOFtWfuHMyCmQ5xluLHkZ2xqE/QQAoXAf81iMDCWUW68eBZ5owCiyCDsS7ZjVG48klkADr5T/YR8oNw16qucckVAWRWOcFnmEEFapbcKjTqC4RalFjJuDgQaGK29M3MSwjjxtsATp0cSWRmUkwMShypJms1kUSgoEZTPcvwOApHNP22UTT6A0Bq4j2fgichEJ2AjRrboi9TRGOoRSkA3JxDEQ78xV9abzC1MVOoVDI5N0EeFDJFv+ghqiTGWfsDFX4UU5xMNOUTpTKlHIorazw+cLDz8nYecGaMMdPIzkQPqOjDFULiWWkhxAxo4hGB42U71e8QYH0cMS6hHFU0ppcXGmZEqm1nJbLBLDXTnm6xUBpQ0o+wyL7E6G27umjeO25KCfT3h2Ap0W0XWhJCjfrXjxCkWLkyL0kFqutQP7DP/HK09IkhpfSJJWboUei126zPeiAEiQxnwrJdZGkSGIFEWDIYpXIgMNcPKFOHHGLOAbB0YTn29lH7Ntt8kirEXRPCNXHAaWQbYIyFv0PUb4vVN1c6ObjfMhE+t/hdE4s0gDKJ7gNH42OOpOBZw63JBsLrjmCbtNd779jZvz2sPZWyCl+1M7J2yloSI+U2pIounYd0w9rSrgUWKqVxlvqpPs8JV9nKgtFMgHMbsJ8JVXTlRaAbEF9sNdgcsKaEr6rTKAvZvV59shR6Pl2sK9ORbLfoWWE8EQvNMDY40A9QB8rquu4ZC1cqxQoLyg0XL00T355sy2X52xfafoNEL/aLc4aPe7+W9PAEVlYLVl6/kUooSpuqCxjKBmqJgfqB3nTmWibnFPSgd2bLRvhjMuZgkCpYadM58bSOkSXrGwvgoLmyYFj2zLBgkxJQiCDABMyAM5sItSUYoCjJoHb/IVJ5YgtNbD+jdK2brEOuNPFFkbzbbsAfBb8IIQWN33//A/JrPTSaLDzfbfUWVVvHs1gdMJuD/zU1vAPxVgq1wJMrZYYBmjhMgRRmgoRFi2WjMRMJEB6OHAN0HJQHyORyWvy1rjgHbTBtXQf7hkjcNJlFD0CT2Xkng37ETrBmQUw30SffyiVb4QCcNIjRDBYdjmR/VCoHRhKFiyjzCUIRsnd1fGO4vgpxdttxwVIQPeDBj9UBjUndnGwHJ/kHE+wTVLtXOJRaAPof1QqEGD7E8h+EPp6Sy/Ksc+NFqY2Ma+ErlBIo/CkmiPWY1jv7XYkAY7okmM00mc5XGxI/ob7pM584ekYRl/QQKuV2tmc5CIi19vqrUxyVnmV7MnYuJEMYZkhNCUho8HJQwGrmgDdWYWeEZRueB1l9jDI2EEkMcsNMbjxys6GMVOkP6YGbCHiFo18DhbFYCsPWs3+syQnrwNDCrUHeggdvURz2/SBHEAyp9aYVKbJTbl9GWgo6xC6qxRh7106seaxg2UbsTIYjHeFL0AAAQAElEQVR1ijOOZ8kldwVFK6ae5pjxq+v6srsSG7wjCV7DDKula4YUDUsA6H8Lgjfz2JaWnk+0Uf3xgDsPgWR0TwWGvnVdm7tXcAVFoKhT4CrNgmuacEb26zyhLXR5spwedsKwZAd1kKysKqjPohduPTyPJJmpFQHR8C6YRQoJCq0YOYKhREkWUQ+M3wxS9TfY4Z2hbaA9Pq/CauOm1BTQV7qbeTB6zuSzyJXFrf5e5m6los9j7GbSjvWPfgehO29vWhxFfXqjrezXiMoiiAXIGz6g+hFce/Ctvjt/esPmAJLhBWYEX3kSBYttBBnVSpfMMauUgBYDNGIgiBpwUPsigM9iuGMpHPSYKAeIRaeURHc08bAKOrGyeIuYcFpU+TrupaWqZAbbt94QWCUujkHktxrlwk1NIyPOsOkghs7FX9+AYyYC3TeQOgWgMTcpgI7v1WWATbWRRxe0XbB6ZAmpXZMlcXXWsYBK5SsRfmXrojzGBCKE8awLt0/wRTg5MBDIbZac4U4Ua3zEyZBUoGRaNv9FANRz74oBZiUBKRgJdpvGQUVx4I/HT3UGLC2VaLPVwCoNNxp5MxaD3UeL4EzJOLua2AjDnEzTGh1g2l/sPRLGiRmI8TQzDFAFywd1/OGHwUrdwvYCmHx0KUAe+oI/PVaoU5SaWzS9XTzsSFDjQYylYKOghx94Bek80KeVUaEjzg5ecc2woZalYng42fqjrldAArF4hU9VVwlbKUAmBz82+F8pVJtWhEv7n3eanzG+NcKRRcOHACd3VDtbk8ctdWtD1smAaTXAS+VSgikCCCx5MHJE0W/XGzLA1BdpTX1pCNj5HiJ6lhze9I0spgOUy7xEVq21rNHDsEcRJOl0ZDq46mMJmG5ZITHP0wC1kVwAT8wOroSgqFvzh0Gd0BPk7Ey7XxpD8iA0ANDu0xpB9sui4yv9zT7Dpqom8SMX9fxgNUPUYqIVOKjDpcWhWx7RD0WeE5RELpre8Bj/EDBL8rUzKg4DSxfrOoYNRwWkRY+DA8xavGa/U5o1m6gdQe0R53b8XGNzKecUeBz2YGU90RXMBKAvWJyYt74F7dQfrzrkowJPnewmBadckKh9DXCcDRS0Lw36UQ7mJCw3U6zJdRKTgYsyV4dp8UW097Q3W/51hWIzBYKLg/XaFFzuLsUu7BToSIDM23E7YKhRiAFCoDKPQOcQg6EValJwNDqFXclGpPHC0OYKVyoNHzjIPEyh7yd5QZ4VOWwQEhh6fglyXAQNvEEEpjyGwmeovezzKx8Y37nsCjYHZZOYmI96JISj3T9CtZTG0GRHVUMP0KO0a9MDVgrYFozt0QUuUkYamTXE2cbHQBjXNWRFKWADOlR/ymjZRdODljXg5QMR5s0Iodpu6t1+3+5WIDrqti95fqG8cF8cp1GQpWcJUgZXIg5ACmKjQGIs+A1QAjcCfjeolLe8gae74vIvRbs8W6b88lqEOeZPbCGbLTBpQXmYrqUk9G4OzsrGJATQdIZu7zLUxiPIItcRKKHqFrivf0O96+uyC0DxAJ8QpruHNSp01ctA0ryJCuhvBYE3JhQVVyZ2EqSLS7P0g2rOECGGDONGd8BCIpL5OekNCDmLUZlPerRXQ4KoKJ0+qPKNQgisEICOkuw0oweCCwltZJuPU55P4tDKiNkLFh9SiTirRaSumE6hgl21CIK0qO6EPOzvgNA9QYCQxQMXkaCfCjxnCzdxhjZCGYgqZsVGGCuqS4E4fw2bW51JeJCUfJUBTPtBeZx8OoPXssTMchwrsQ7s6/bYPOlxhW625foXC1sFr/Sc2h2UTnY5zKha8ygf4O/S1Xs8V91kwT6wro7siFLp1NPV1M9Ns3+gJA6FMJwC5WuE2CG3N4Ztttgep9fteQ6LLtgMDfqbfWThV8Nrq5NjZN8bqOKFt3Yq3/muea5e2RU2RToNNpGYCUqB6LWppBC34MNsy3vTlWgNQvkE8mh5cVCA8qXoSPOBE7ksLFlz52uBHJg9wetIpgLdLaOzHvS5uiRLKOQUuDKDANGAcwR5weNKK2JJOHUXQAcgFqzj68w+RHnA3ElU4FAVlVOe1SazcO3QJ4BmzDyQzhlCQa6dCKDyU/JhDATDI8D/U5gzWUNK/95DSqVC16p6/1Jmt8Rb11WzArXfNxL2o+KmKuD66oiFG3JKn07rXM3nEIWpIBJBFglFUMig8eoKGR3rBcPTbA11JsYwfkQh3GQCTW4RINYionq+3Rvw7yM6KWPBbDQqAqTQRlnLVXUUDj8ACNFFIlJoU6NKs+23H6MVgMYtFAX+3/kly0fx9GIaBoAwBuPewV4wyWD9CDMJZJXNTwtlqSdjgB7at6F+k3aoPNTS47Zp/wCNPcgEPlWaIdKimk2P9tBl6ZHejbHSRhiETKap5LV6lCIk5gS1NgTxwQxPsE9utnMAt2LPIX44kSIZePOJ+HQoKQeQQYY0Wm/9GtpUINPiHjmCB76NQ0FkVcnxC/q4R4Yq6NrNBJUWFexxuDidKx848gQmLaZnR8eVsRgCfibop3G+lomCqQwYxO6gKaKTq1ot19SbIMuFbBtD00lNfZHad/CfO9SjEOgYSjUBi0OAjYrYXf8SJsgFSCvouLecs51l+KTYzRIC9cvPh47sw4/VPR01vzF7cnuM6t1BnCKdQwT3S4+UOklCgnlrbBhg+GTKZzT1AAsSTRSPWhgjGLVzrArlzn1RjKXy29KBlgUkLG5THel8/S+LYXrDhbDnlSh7aiDEHKr8aiQK1F56cET7Ysj8heLW5scxMjFnA2kRS9Xp2x7IZKwtj8c9KkuQ8rE7+hDrzuO7Cxz3DmBcoJOIQzMf7a7/1ESaphLauTlUwpkSG1ArNn3YoiZrxO8f23uXOj/meoxfrkBgAWFNIe7qPXSlz2ytcwMslNenBRAwTScJ55XaY4bc1oyzFTauthrlOQXCyq3oVdtV4IQ7uzP0ArSBX75XubYEMCvnWvsKtlIBAgxNc4ulHoxvX3wSUzKgv2Wqb8SB9R/UjTsx/hRieNZcBvXz/Exob1NpZ98sG4HGiolxYcI0593Xe+kWODkFirxyhMhvCi1PPh0bQwdlkdhwcwZYwRng5Sg3FWnHcbGZW/Es5mRkhh029qx8K79gBxF5xnHAFyHIIiEYRmCCwcVciMugAiTGqQhQqCuxsrpf0osgasFAr+uOqNDSbySKmQnhauUkNA+kTjuirw9kphRCLQ4CgeTuyMqCOKUSixoZURZZN5uUgUGqlQYFr3RA+CUHGAKJT7A+xBFj0d4yCCgRxw9F+dvapoHtdr9rtj72ciMkzInf7oixExq3epKZMyskK6rEKaCFoCy3QjDeyLXcwpAvHzDym8eWRa1NcKLI0H8R97HA5gxMHTCGEGKsx0PKRjG6rKwx/elwXAOkzhuhG0HJnEN0nRumCFJITR1MKp9XECOLvIcoYY+MRig4+ah7vSIoHe0g5Rkcx/iBi0Op9uqsMtMRvqgHe/HJcsx809aAwMXOyAwYempERnFrnEHhjDFSMDUNgVFj7UDhdO7QWyXPHOnIIEzFFReoKD+PpkEC5Ed10UZrTqnPJOmyYqGgnEnmYkjKE1KRWVU8lmZTtLN2kQB6N6kArYu5K+3+pPqLg1qjo3ispmG0MMUxXfd8zoaQFYIp2xhWsodIbaJlQm8xKY2/QF6EBdjgHhiVKJSkMxUyMmHsama6a9CXOcNpqDpevgqz14dRDrZHWtaOjt7VHlo7VuO+vRh7tPCDjR+R3JCTnClXN1BttxuNqTlgwanNOy+YBhmuKAzDZgr09RZG6OK6/0I47qtOLCbwhKPWTzk6goLOe3KrqDrgxr3X4OTmqtVGBSQzPS5YXzpnVOe8fE7OKrHnDuWuD14BXNXcs4SrYm+B2/ld5dpKAbs3nY58GAnhKHs6FadjSTfW263VdeUgg+m/UOejyvxIfXLFdW+vOc7h66aIgRQNx+JLXDkrk2+7QT+97H8oa3K2HoPiepJNSdhOpanALgXXunYClKOlckqSiIFNkoAkrqwFLDRRxNhck1UCcjxLBBkZEgsaa58DM9hBAfGCBWl1OUrErLBqJ2SZGy+ViLHNR6BXJj5otFW1aRYBG8tZTwuXQKRdPirDP0/rA32EoNPrFFyJIXMYUNETB5HAtBoB7Ghks4MSyEIETukrGggc5Chzr86u2i1ygV9FvXFZXXnEugPown1uIjmGNHwpBiV18/cFwEJuM6rdNCLieyXmVzMH03UCmBY9gYWYAyRX0nSl2KoHQWbntTW9o0UVUZG0nPycLGZ9MIazO3AY4GhGnKZs9I8AjZtGGGbrQhzeW+vmr6DsYqJuwzC+wemygQj+BQRWnQCyi4sz852FEkiIiCFPTrrbzeb6669du+7iYtsMQqv2lj3TapNTisjCZqDltVKk0vU+AV0ORJcyaPrzXpHkJIGV2X42QXQNv+qg7sDDncWf69uSlVhyMfCkyNqCigcJGVD7YlIlRCajUmi7NlNhe/82hXOOdCJj11MqrzBAd7gXdJePo2t9tlx6SbWMaJhEIWiHKRV0NyzVRRmX4YXOX3mMob1hFqzl7tlqtScRIltkl4T9frd/8PLy/gcefOD++y93e9/ohjFgpsI40pgv67gA/U2skKCUn4bDbV/v68vaxcKVX/pbD8Ko4lYnM2wGIbYXBYiu1Ub7Rl5eNNjNguZ02KHzEihnnDFasseTpnW1pyNoMJUey9MN0IcCRxZCjj5wyMT4YJVKHS0c/ELok4MVV87zazpJToGwrpzS+2PX0pYBV+bx2CG2L4zKw2mXdr9QJkLpPI0eDNdfkmXeHsDIjWGLALD3fbV4A8841K5drWsn75WXxVClu6WcpHIHl1LgetYO7IPp06DQX2BT86dZf4C9Y/GxOxmBsn4Nym9timT8cM9fPD8WBOw/s+TnNJ60UXqiQOT7QJYpmMLFG/QL0CMR0zpS+tYpK21UK5TMFkYzZUYQGTLlQpQmyhBo6Mw6hEMGAEd6ACFLMW31La8KOQms/fzOKxAvdwIdCEC1vfRWQALQvrzx3ihIodKFdnvy9Ftx4+3RhQHcLAUhuL2I1u0bgQF8C6s1GNZCKbgR/cq7gknpAa9WIdxUKVynPXMwKEY3kSAfX14TWg14wgLyOIUSjfLL8Wmm/VbeWEF2K9Ded2ER2izSORhoRHQXbbTn6V1F5K+UUWSKcpYS4rgApn+HnlZjuEMKqkcyRG4OLhcBCJAovQsoDYTiC0CoHMT6E17kgcCKJyk7R15OdRBVq21ZcHBL7EbRYARORDBOcmHgCg6FzAC0ujpJ7hARW0BwVZjAQAkNPGvVeQxkNazRUgLcfNMNN914/XXXXVw+uLv3vgce2D34gBCXux3Z8QjjKBFMJGFxMIjM0RchRqdAUY83EpQD/i0K1lMgEzDymyjLB81KWrWp6vYMpdrvZKe4IWCuxGySQBVN6o/Qri1VxoC6QAAAEABJREFU17dF78fA1DhMozPi6ZWGAxNtWzdah9F972FSuC07aSh9oigBcS6b7jLO/d5dDfocKatMaoVKl+iFtuwdV8R4K0JZ9VgMkRXsA+i8ArFzqQtzKZpUd7+aKeLi4qL5vHaxvfGG6x/x8NsefOCBuz9y3z333IPDcnsLyvh9HEGUED4CzFArXEJGwChGsgzkxuhIQvW59x0c7SFVIWLy5RiWvO/FKaDOrbKxiL00NBkpaii1SN4SpK5vjSd/KxTj8B3lGL4730JRDVScSXVQx/zpNW3wGBXU6Z5G7NxXQ42QM4TTZjvQZVfa6aUlYYaGnFtoV3AFc1af9faBWKJHmwuO/qTAxKy9MmRHBr7Fx3OH7aaZ9lb7dtZbi9MG5K7cLQtlPAKLTCdzwbfH1Y9x1V/gflZYaA6Bzb+mum6323Z+ZRzLpzHuOmLE9hq1OmkJWJmwDMv2w9tLcrIyhArXt3AlVthaDiJ873QhRucCGdUGvD8yeXFB3y5KkJcm3VFqDKo0WUKpWhBA8gSwBBGCi/FXMSwUpk9g1OeAjOkhi2HlZru0Ua39Ufef5vEIhGIlmwtac+qMJConlxQUwMeNNqycTKTs2VvdMkRpY1HAoAr0U2FCehRthN1faIJJIjyhQKcKRzErQYbx8fa82K3SI2X85GMXlUEkCQYKTx2aha1cGRWq/xGIcBGnmwp/IITwSRxSmbNYwfAZvvLTY4AiGUuIjWQPJfeARpFfEAoOiNTOimUHZmOxsMD+oAZg+jPy8rfE0GGurDX46n4a7lbcta3xVlxBXdsFiicOEBBE8II6EF73w15b9MoJSAdtK9C9/e2kgsEYjXTgJOpip6YLrjxFv1Z6sG0BXDew+3b6JubCRxJE9s0MAyU7mvHWm+HWm2+4+abrm0nHvfc9ePc99/qQOSoJYxfWiWn5s9D1H/HpbT2ErMSBa6tW3gZbfofVuLs5xl1pFFpgT00gJ4uilYX68qoHc6xp5tulscE8JauBgxzCV7xcOEXcN3ytqtOqSaQ2qoBUOoZMv60pKmC6PzfKNUfuyEECRlByG3FcUHdSZNfvtXcoo5tJmWtfxxkAEipUEfMV4SaHeF2Lt9x/0GmDyqrHYugxiezK2I/PrAQLu/kKO7QU6DmcJuLy8nL8/Mi999504403XH/dbbfd+uEP3/2hD92DfgsChRM1b1axAEQOQGjEx0xchiYRNaQLGWcFhKp9t6C929f8GR+aQ8SYS7zeGbsAxo8C3QBsxxMQPZLR/GkOgPQkKhME+95m+axmgX3momz+iq9i6Va5Okg+xvP44PheAj0/WG81RLHu6kN2ClyZYYNoQAjOwGydEqRsm48d+4mXdftm1Kbqrrfrl3xPE9ZWjNwTXOJI0L7S2K1cDK5r5tYakFnaq1k16R6NvJlO/4BG7th9YH+Vg2yf0C1TqigoVy7TYUipZ6EhMGVQFHFNLrj5E98MEFwMIGFxIJWDklHc4xzB+E6RfghT18k0/En1yBICrMeZALQvN4p8rxAZBhhYwWSAhBgWQ/V3977xpq73fcLLuQOSrThTIhBwiAyVdt1bZvAsppNZeREiQdHU8VbOIgH+2HFbgUBIZMnEBRGkD0YRcs9hd+z86s6cEPFNRI0xBOVawT5d/WlgdARymc4dHiCxUEz8qrvab9gIQO18YTdzX64E+nyg46dml1MrVhOLHiJo7ph5qwdVrNNggCvOH8bNRivnIU4VMGU2K7X2QAjRDdG+MolWODQi8okoxO8m9HgYvoKn3jEqMhVmYCkY1TZXCpBKM9pe/QRAGTfOk4k9kBdFBjsXXrHtLzBTjWJ8+0sI+2Q7C6wpsJcVgQMGScEkC065UXhNkL5MYe2LDcUv2zhMUYafnuONMrCkEEYdRjCOv9GF5GPrAxDWvA80HTV+er1zydEDbrj+2sMf9tBmxnH3PfdJPwCGSuMvG2jJgx4X3MTmco72rfOw0EICx0dtccZX28ag4RQaYtujgdanI8FNaNLAjjLbEjgaRyp4msLoewvhmq+QqByRKbEYmM1VWEMlxpFJGjfpHkSlHKhIeP2v6ZRTg5rA0NWkkhUL0sZisIBcD0Gs5gTaUCGQL4L7Zj1TTTPOec9UKV64MG+yJzHglS8UA88tuARFGAw9/RpDI4izzWHv5oGOMDEsCohMgI/ce59kc+3i2mMf8+j3v/8D9z1w2UuyHCHHU9OKluIilRbCsQC5JRUeHEfJhT0j4usTVAMSXhSnalETjqnQAYNPGYBTNS3FTe+PnUikKGdKdQxHBFoMOy/MdrdzvpbTrT0aYgNAKHv0hfmHKe2xzO099c1nrV2OhgGey8AcPZn2PS8cLuMGaCwG1G0lns38Hz6NASid6FUnVgLNKRDWX3BXQIIjqJIjZLp94HGlNhPWfIZeIThUCku5H00H401ByrAYthcXm81mt9t1R99PC+XGCXzGsz1GAeW/hNYjcHeJNTUH0bvCrB6CgwrqcAifExTVmse6gvZUy3o8hSuUvRlnQ5JLjYrIrgZl2iQkxuVzJ+CG1m1jrJnKg/aVBHxau8lKiFyVnKTk7G6O2j4ApXSgOzCveWiMEm/BXATygJVMIIaR2dJqJUNHIGFAdqpdTAUfXI3Yy4dtwDLNCSluAQhM/KOagR8XSFRm2VKp3IEBxiSq6WnTWIOL7X7fXkXlIBnxvZkX1JaQ1Q5UZjtN9AgMYjQrYvI15X27/lcnTpYjNoJQ0ARkso0miQMyZpCKUYRRcbwqFw+UEaxc4mJCjBCZVOFKFBUniiDQetl8HAaUY1dYsYOIgK5i+5twMqCjyynJvCieA8DHCfoTPNRG2beoyFaUxhZTEUY0NAhUDr0m4Nv+9k3TNOkoiLQQTw70xysqk+FEVnp6k5SJx6H2FcKNa6vvjdnFNU2aH/qQm297yC0f/sh9lw8+WLcHuYBCSaxXgpx8wjrNFGCvYQwpg3BVhTkW7IZDOlVnljkEGdeq+xqF8OetGQ6GzxhGOQTVs5BBZe0wEugin8LB0sLr4cLXjQbg95+CYBEksi0C7pJMSLrQaJ0GK2MlFMLRfgHJSeJwSGgBbhYp9t/CQftXljJeVgVrZij5QLH4Dn/w4g0nmyGlUORFnZQCd5DOYymgZG5+5F55fvCNj3r0oz704bvv/vA9hqCZId8gcITocrQ+Los75sQ7KSRw6IImi3lUYJxhOpiDCRSFakHr+whFLn9rRiu7/U4k3SjmZufwZkvRsz2WsdnlnG1np6rgYrs1fUi9mnoHUah/DIF2sCsEO8fE5q8ZmrenNVZozfUCg3Q7o+1fK4O5StOCVeRCewtlu1M/U6pXXdKl4TgSe3zXB0M04Aq8cEQt8KpYvWDO3/C4XQL1VWlnyffL8d0bCZUHTfOds+ntoDBgjYkX13o5ohhPDFBG1cMgexxso3ITdHcbXb9MMRxDI4Rr6UhdRzYCWo6EhYFgkMLM/IGxzFQG1s1jVVdNmurWURFthtlAshsc45JiiKpq0x/6iL7VWJo8iKMkQVEOOPxxCdnSlu4UbHneeVWIKE1USWC+kjchA1AWAGYalM2dJ5GgrqzTrZOaiVyKCFpJI+dAq7pZ/nhmbRSfEgsEnCEeEvgTUKO0YP7qzBpimENu4QaLkxsFESLB4mdkSHtUYPvSoI5CK1kI/KIAKP95hEAvNV/uhYeWAMMabj8sCzcCcAVGMyiUdveImT14CKRSNWbTE6c5BJShFum0KZBS5eL4DkS2RyBE5II/qv+ecrUzQEBTgDBqjERBDGHAi5rvct0TkCmgn0CRi5fQDYk5YV7uBPnDhctxTMEB6lQwBcibvTDNgktKlCZBNkstnKrXMFV274QoCBDjINx5KY92RjcHdA1wHQg2KYKTFtWc1ht+G9jM8KU+cvfPcg3sOXTa4hCIfc2c2DgBhHtoSi/uEAc1qUghd5p1dCBrNIBNxjz8tluvXWzv+vC9db2f8hA9gkLgwnQODawlnABPcNTWscMK7+QZsmnzR3C1iQmtO667Pypw2G40W0Rek1elCU0vAl8IV1n7h7WeAAn6j+UxNTAz79lswWdgGLWxly2oECCBQTZZ+lgxgH7ZNKHdeySNVGhE8hm6hUxZn8Jn6FQwgsSzt248A5DJIakFxFjSqoCdSyUVAaeFLJ1UnT+j2NAOKK4e3SZACC2iVyA60h4TbBaJeshNTzRLREv9kXvvbf4e9pCHXLe9uPP9HwjgG12jmLnCzQhqR1+AV7IlDEUXaTAw/M1uHqgAqS2RwrtMmRZxLhx4eX8k8MJpTbB8WWJ3BRxUSh4Ghs/OANQ/9Hj3cMsiaTasW6dMIZOL6Dc26PmeFdKyftN5OmpBsigBtpuNnKV2x/e4gSERfcHR0W5K9um1mzzKbZNbNdWNxJmjF1AYJkCJcVy3d9Af5lTCwoDyAK6fEPtJ+JM6g6I7wHD6bHeksPSlEeMXDCaqJ9lGkrCWbskHpUYJ5wHWCsSaAK4K87wAXMP8cX1LXenqXolotqTb0E2tRk1m1TG4HK9qBKFLsnZMHZrs97v9ZagLpACabGULBHP5Uo6wmlVhgHo6iWf1kNpgS47g+QDa1yxQbVrY7y737Xv//GVRiKNkAJkDkCK6So6ibI4eiteE65mt9k0aA5QcWQv0eUCW40sxYhQ/zp+eUuCQUtgCJwYiJLFYJbeJSSagMQ8aJOrng0212bZn1rbviEVsF02vSEUB748AHlmiJ8BGcGuJ1O1MQU+IhQBEqkDuBWQ7qbLzGfSPGJIjPBgIvMwcSZINQiQpEAolCwVC0XhIiXFy7k9EngIhxtOtuJthMFW0JPOY89NLsETBQMGyVMxqBUOW+zYz0xpvRItU72QdAWho4SCO/e5ncwi0vV969cunmoVhjiqaT9L0twxgrixgbNgEqyN5QmZWqPFsRd/4HyPsdAUghmBzmJYMwLev7fOd1JizPH6MPS10MTT1xPaMgSa/quafllBwOUeAizMxM8OB5MFbj2yb7mhZGBxCskDBaVa0HvGwhzQ/Pnz3vc36VrWpUDq8mdLB4h6RIsJoWglAtDmAhel29IlzSoKBbT+wsZxXhNmcwNjlLKHBWEeHHMAgsoLpD+wj0Fvj6H3ZoKFxkqKGOKpPUAyUuPRTA0f8siUxQbBt9//k9bHGXve8wDJCAVpnMTqaYZifvHFTjo1iZREqW265OznQaBNFucmG3VD6qrPCJ1gcVCahsPxcjUmkN1OdOqGykSHbJkCoc+v2trMklKcuWM4DfOBDH77pxhse/oiH/fGdH+jsOpLGTWVgKUng/J3fpwA13jci9o+/Q3RudLu22GMuIsxULmDPWdCM4TM1nZaXq74hMMeUufpAGTYOaLq0y92OSyRmgGa3HIajHw+7vVsEmoRs2vtfNmPIOHBunQIv2jNfqkuoa5qTXDAM/WsaroyMImiY6I0JUlt9vvSvQKz86DjOF6LGVQEIOJ4y2Epxw6wAABAASURBVLh5i3wYHEvQ8jCBwC8jyNpbguFvjIdxoDqM2YdDj9uruZvAqvPi6z6xC2mf+6imMrb69T/bwxtE1ZN052h1gR2OJOl8aUC+ldjjiP50A/Q6Bc5jwpIBogFXcOxQtkh7e3iYSsxJyrCOBUEc13aNDKmqTbOFj5vay9rDHexHvw5N5zdc9loOsC+kYfKpR+rrn3VrlGusmz/1+CLC6YDgjIgXUbi/pwNxZDCEY5cvy9TbvnfKoE7ELt0ygR1NUj4rb8CcWngxCUGinH0k82HkGmLkTfQc5ZNp+RU02CCg27YR3QEYTmqetHmGMO6RUmZtR+f0gZWAjNRCYlwS9rTiYb7zls5zSYiadEbzR2N92IVjPEGAXVReOm0AjyHX2XYQI1RWWDwh0dwUbATw40EOK3dUd+YxZG0OJcWFmfJHAU47DGF8R4z8DUjgRDp5LlAllUAdi8BWDQEvGqSo5GZlhHdNCYhnd0FMz1igIOUeUPGtsIjdcNBQx4COF5Y4gzERNABhJcL2O7nodRxgYJMY9sPtfsmWRpImiEmQYpHmBYc5gOXUKPmudYYWPRfirh0oh2+N6w0Q2JKOcsZYzdCX1S2XHPSumniYuZiDsL2RRrnj2gtYUYpYMKlwoho2qaHXWFEY3Xr33UP/1wsw7nA1lCUBcBYbnMgQ2BnGQJivdIb8edhttzZf9993f4fcVS+wT3rTasLgpGqw9iXQjwaGPhRuQi95VEMGtdHPRhMpYiI0THsY0O4lqXlkMFSOn8y3OS5QG4Yf5f9n7zsAJLuJtFUdJqfNedfrdY5gwCbZYBPMYeIBBpMzHBxwdyZzHPHIGPiPjE0wBoxJPrANmMMkAyYHG+e03pxmZ3Z2cnfrf7klPYXSC51mvu2d7ieVSqVSSU9PqiehbCluJlTHQQLnObVa9U8DwfjFqwTjM5fFEYkNYSREaEtOH0+CtKI6KdRtyMoUbGUOUklvADQ5w0wAfH+SUgA7DnyxLXNPKKyYDPy+M5ICzcdqV1WkMIowyM4wGJMn2AeueGrm2ke2dospr7axp1WYwR7SFVstHGhvkijO9dSTU1P9fX3Lly3Zt38UkYqSjKszQZtKlZtv0WE5Gt+RWiCNnkG4aImCSjtVaYwdy1avyCwAwVNf+7vLSeEPtClt5GRCrvBG1FVu/Sf66T/IApmvVtidAhPWrM4lUBJm5sf9SioU+9PrbP2zcGpZnkppdGjMEMmXKvyXSWgKZVplx+dCI/17lwVwd2r0hg+ud6ZvewUCNRI87taC4YVrlo7kHjENAz0nGlJwnhMLwW/w+VOXpu6fTUs6kVoOWfU4C+E2pAJYR2TBPDFhMkAwGUnYV5ybX+XAfoMQBXKieDA7Meed9FcsQK1QoDRGIuYmJUCt0ri7BmXtFBiCm7qj8ngaeQWm99Vr1YELDT+5Irk7UpJ0kjTUu1M1enjcyoPVxskGKUhAcRFMg2ZQnVnqwYYXcp0aoFgsUXdDz4p4gqZNXo2ob4suLoEwktuXjtKKreKKoOPilCrD1YRS7p4kkoGOAVI2wMWbueH6c+teP1CA5jSk2LVFDmC4xkSl6cuCaMRueVQdlWq0m0YDvLGBRSpbPYOkoxdmR6R8cK1MCATLRgTmNiLtUlSKAE0eFvD35cASc1/SOGkYjj/gzExqT1iRlPUtqE7TkYBFdskFs1QFc6VSNqgzxkuuF4bikhtoEFZjZA6moCQc0qFeLK/JQUxjMUpMKD7eDpkXPx3CN5JJ4xDPDPvQoFxfNZJkkCoQO+hPgET7cely0MxnKK2UJVCnDu2dGpJTo3CgjiKSDlvDMPolzJ2HHWg4Hec//cuY0MABI+g8JcR8qaisP6dKhUlzJEjiuMxUQ+2HGeqfwPBQf3dX6dDEVN0VMNgYwFOE8sVQqT8q7mxbVSWqTNnmkR6kXi7peMbz8AofLl9wBiE2GeD/BLOIGU5SAJ8x1WuWmgL5ZPU6hpBQJ7q/VlfAdOYQk8HonCTc5vlIyzV9SGcBEnahGOq4eq7MtzKZlJGtzDFr5DZ/1PfPMjZESMHWoqrHjmijfZSVjcUm6yjauh7FloPkYFdZbLLEk3QKPtHR7kmKrppMEqo1q9aRjpVM5wnrIVfIZPI7S2i+nGAet6YV0c1ianp6yfDwyPDQwbHxerCcP+RjbQ1UNigv8s2RWsexRCbtxJ/0QbyBEUxWeUPSqVJ5DJ4jSMJctG7zTcjO37O4pfrPbNGQ5tgwVD3Ew71jg92ntEqlUqNZ7BxErSMajmjRPjORctz5KEvGQYlTF9x8j5AR0ajf4H1DnOknf20uDPQuIdhPihKIVu78HcJZsiAfGngEknCDYb923f6pxErDdlhCeChg8JGGq8oZxcZ5akBz7WQa2H8lzAokv1CJFOTulpLe/pKF+gn0pjz0+9cp0miDQEEikoKGhzHUCS5AqVQivuu6Z3CVaqVaa/aprNzTsDi5QoUZGxoFc+BonG/vvlXjb2CyOlApHXVKW63pqsvqLtLKrzLQFh4wZqq27EoJqAjLHjQ9/BuswrXINpv0IqE5gF2Q55Fccl11qzXNFDdJgnxT8Xc+fF6UaaS2Ema8OyAgw2x5CKjvWwpW6SyFAc0VQccZqG1GLLHHANBRZwt1VnJCI1UCCWk4BFcudhmZgikYMRBMApxgCGPwHqYoNbd3XRQYJUkRhWuTdjUF6lSU+Wvko4/CmVBrwtg9gYkYFQg2xOrAeHhOJ/BqjdGos+SBeCFsmIPeRDWdm61V8/0zgDJKSMV/E9S1pub1YoMpJqu2rLV6KaX7A8L5LwADMSoYGW2DDFllAFdlAFoLzyfXOixm+LB06AfLum8GHkAgPGSFAhim8utWDEQvl44Pun6oIq0keUztVB7ltagohso7EkokK8/CaMJvmuCzAfUDMcUEqpQRKB2ymSUyiQHolWBB3iBVb3fXyNDAgdFoFR/kqeNMRZ7RFAMQPgu1XMREKZfZSCYzVmpyi9BnQbSDIs3MSvZGIMuIc5mx3/9JZ0UxBQGKa1B6vBKkZoO0pWT0GTKvR0mbqH+L4/scnhsgpQCS2qKA4cT0DFkaKiAaf8L85D1xdsxyAfsoAPg2pOZDWWbEjplt/5xeQ0DCNz+Sq5xLV+9cMqo+qyaAytbf4cn7Ge2gk5ZtioZqYp7BgMWt4smpmZGR4dmZ6amZOWLIX1KjJIMKzf22C2EeKaxZxTj33giRBwgX0BjJUkN3DzYl9M6vbOEiQjS0Tt1GmZbeFtVqh+DuCmSBAEhmZaXWEU2C6VVEG+RVtk5rV82Bt1Ngy91/2qRzaYSYYLiWRMuTBDHs2alGfzAgqgxBHSVwBOFaHkUQ2pTfdKTJwHVXKbj72RYKwSN4rXFGhW9Jsrkxw1MC5b4IrVWr4DoFtoLfXu6w6qNa2f9PAUpoto87kp+J0meS2F9Q8WJSDi4AFWEhf7amUn9Cls1USi80fDIRhsPHPviWY485kmTB2p11JdYvUowfmnj2C19f58Lgyss/VS6XcGzIL67/w4c+dgkjDgqQ1Eo8WFpuPp2Q7B5vmxOKPpz8DB77smIrIUaMbNAcMSMLJEOQUIOSDMPKFIPr3PQ5JrEHgS0VAxTXag6qYEiQPH0zSjYcoNLFMn1G2FBA8dCPmuNEYoCNtg2OUEQ+rQU4kZhwhXmaugBzoSRNBJB6JvK2riQOAhihqJY4CLa0Qrxukd1G/emPYLKX/EIrTS66smuysyK5CtBSKCIzaVyaft5sWnXJIscjU82CgpU2rYQVoIPjRLgcElIoK8B/ooBCqCt/NIrimUwSNGGyfBsJCP42TVJZxsmfC/2+Hpvcz5sKox3z6jAE6+xEcypfyJvUeat7EEkcVfNR5gJaGfQ3JqBEw8V7iqWyjoAGaYGI/VT9aNdgOSwgk5ibf+YUpREfxd2Kz1YqaugXGCcWf8o4IH01ImKVYMo0YZibdumSIWchn2hzxJ1cCcFyHOVDUI+pYHRZ4MjMrUPitiWemCZXG98MdVmA6NxjYEhYgxHGaqlXuIRbbb25xXShKiCu4MB8aYXmnUxM9csxl9LKOPCqjY028ErFiYeiB8KfdB4GA9FxI/E7gIme2MtMxITANlHgouyZCaGSTo0Gr7WF3ayZoyH3LHyKIPxjMd+dPLd4N5QMwFYisS5AjEkU4INqyZLA3yJG+tCOhkw8iZk1AqC7Dfrwrd17KkC7KUGeJTDfZNO/yFCpzI+PH1q2bOn0zj00friHfGCSvbU1CellB2zvR63jEogRjlRA2VeYs2pCfQb34AS3Annv3BomWa+T5MLEHxfbubkpEEwnxDaL7zwAyR+tp0DhYXABYcEVGbv63mHQ7OFkwyVDKgn8OQA7bn6PDLIkTnCtUKvR+pan1KJ7A80VIoEqClAJrFEoFDwnOVqtBAfDZ7jxaUuBNuYm1Wz4D7c2MwjtpxVKWum1mRz05zyoF0vuHadarZC822PT6j/strWzqSbx0kuv4/D4cx9BmopKpRL8iol53DGbCRrTM7NExYgHECmhnZ6tT70G7isxQB9px95aGGqRzoo55uafQHWYoYqBbTCXSmXUYM0tMVLwTSsSpVwflp0F48aFyAg8CSTJ10M4pW5X7xojRKUCdZQpUB8F6mtTFvWOwFghqlwS1wJmQIdp+KkAymBAEOoO87WoBUxGkgtIkFYbSBSNQkFJpL2pWW/oPBIWx6T5THL0Y5CVCPUwXbNB5I7tdvzo5G0TASCZdOM8mSNzqViCAjjTGs6zvoxDJnWKpU1hS42H32tBfl6BSR7wIHFKNj2WhaQ/Nrjc6FIroN+gCFBBcgbouR/QzSMyKpdpH5RrfX4/RSWeKAK9/tILCsNwTkxSKvm5uoQwGz3TBGxVxCyoOlCSdmiof3Zufsbd1Af4ITYAdwY6Z8ygd4gAJl/KdraU+5Km1cQnJGOJAWJpqY4DZnneqrKUGWXkKiTlrbIGpfWKhIpoZiilagWCX6COLZcDhMsHQjiWQ0SfoB3hmavogX0+qfdm5lZP6uTYm0YGRhNZsVXeCXJx906rVZlrkhay/jsxX7A9TZgkzQ3yKXxYABvWCkkgY08tZ6mvSqqEZmeywY2IxAUl8VALviSz7kXW92bAlr+3WRbTLLN9GxDSu36BlHYPDw+MjU0Qy/xtqIw8SE5dmZhPpi2lATrC2Q+gRvUoMXK6pxgeZiz9AvO68bUc7Luk9gMEo5oOdbWoA/KcNmlZZNdW284+Uhadtlf7L7Erf2y5hXDK/NCEC584GeHzos0xEMmzbwsiuYTSGUTqv0XDesdZ5EA1V8YEwnIINSZICxqeGVCtVluqohfcnSQzUJ0Paxu6ACqQ3FoBGWbPJavE7p4ehYI7D1YhGTIHLKEd20Tg5uaZucl4PIpJejFaF2ARmowXFw3WqUQkmOvOAlq7z7WiveUHmlOxQZ/ifz74xvudcizB4c6773vxq98j8Nbli4N4y0l88CPZAAAQAElEQVRlsfruGWmdmjugiUAHEK4oP0BGPAAbhbXmYFMSbX0ndgdkzd9UP6IG0TcrSZQkNUIZie4spr33uEDPKKiOPIyQy29Zw4DtsaV6w1W6zkRlcdLChYjf7ZH7/IENsZ45mLsIyYUoiCGtGGQydqj/5dbhdQonxsaJNQ+iMT9dt4USR9VStZJIguOqgGipSK1es0igjpIFGJqkKTcdEZgI4j91ZGFAeCZA1dsvK7IuQDJAxpnSJEmLZB2/yIw/hIaWDKZ5pER8ob7urGVu5FNPi3X1IPr15OjsYOKfSmlgHjGS3Bbk0GrRa0Kivw7VcaDqZkUlLZ/Ko2gQBzJp5W0NSPzRFwIzo1EWQlpa30IWQmJCLSwr6mNiSqibAkSBJEYpZYu0PbCy0uHBvunpWSFt6A0IQR8GMf4UKZ98UxKT5wqiCEIvbn4wZNogYdPyC8d8Q4nVAlXJweuDkjjDem5SboGtcR1Zss6GYRjkEisE2xRV9ofPJPzDP50DqKsRZ6LAUyJrOELQ6MF8b0gL0WiEQOdXjdICrZFgG01q4kaVXOX0KDpZKiqEQWB1KivVMhNpJbVMvdf7oAAm7zWbTiyZAjLImEljKQAkywjJ2v9j6GOFNPLOOwDVkqFBa/7NJSNPDZkJZwQ8a5NOwjGEZXduUTb7WjExZ4afCbTrpzo8NT00NDg+PiHfdo0EWYhZ6qlaCf4Stv9btgVxSqnRt8g0d1hEBjX34Lcq1d+6ULnl1OGB/rEHvUGnMKDsXARz0NCqDSs7NKGIzVPpAqjPCG3QTnMclqRB+5nIAt0pcBH5ogWctCwe0NodC6WU/sRN5w4jafOqskFKpVE1Zl/U5tsFL4G3/gGymIaKgYtpNtJIBrprMNNb5EKNs1HyC/ucMNFWWaCJYyZLqb5jshED3XsftWXDsqXDSGJKNyAEQWYdrCwG00+QkluMGPTRlsiwRUdT2x4o231ZMslIlkxSAp6UCdas0GgZJrEWjdciYMMNfYLiLgQG+jgoUXkJSyUAQ7wa1h6BmTYFNUN5JqEnEiBOm8afexvnYLAHMBMDIqGKU5rbTdCp8lGqOsbbpDkQoRMMgVUzSRIuXY/RimvXcpNGEb0IEP0ykmIIrO/g4dZaEppYqDVzPNKkbRZ/YD5JGeTwuJpAGrMLRzZyBuryzmFEDmTr7l1USWAlQPxa5X8Difw/QLZODITY+hRAMHr0PPwQJ/mBwv0rs4Ve2VjEWChB4ciHIErUaQcH+qan56bdbQLFtMDNF1CMJAr5QCIJBD4HRDn/gi+sT448KUxaFtk5p+jaTrI5Fw7+bmKp+caNQYxW+6AZ0gqcwu3PAj9S6W6ZMc6YKvO/acyJRMuhngM+LzElsYOy36C0Vq1GvTTWWOsMkomTCMCr1i5PsVpA77FRJ0Twssid2qeV87K/z6DyhOzqUi2n3c0SDF5iGfkFhv0CzUwJ/mBa1p5SGwHSBhAFAbx3UsvAt58kNyC3pPPz87VKdWBgYGLisJaQ5Ixcek/q+nnXau6e8P4AADsEzx5ZtEii5lGr1ubdY+5M+aDESNSpmqFji2953pOULl6TS+OQiRSxFzZao2ztjibpL8WsySIWEtqyfTffKTA2glhsbTmhUQbaMm5bTW+RjVJEx+/X62GhFDL5pJA5ODVtGi5hwaxPYZUyB0O8NcOkkLGilNrd0NLLAynjm4csJTNZRaq8KF+xWTG2SApJEtkLV1/IpBneW3IdGKTmbdOfIDPLigzTxycrf7gIKUktXdqUJ08USxJbsyYFaGNNUXWCgrupbZGIHrEagZvhEQiYJCDGJdM6aGLAIliTg75KY4EJthI0UYacRSo9W+AfXkFOJlxY7AsI8RjQJ7FgHifBWZE8XkplztdQHAtb4nRlZiuJRLQ7LsCKHtMvAReoK7jCwVT2U3pthqKvMOSLjsGJBMoAf9u2oNKdFQagdpIRrE7SaxKL/Djz2QCzI1tyLtwXgwyf1YHhR9UUuhjPKjAiRZw0G3SEPYxvakBNDMO1far2I/BzRNYFFZirbikyf0QqRsUEiUUFa/9grmMh9+AQW3+HKr+dhud3SJlR/I1M6xImbao0lpyQuksVG516GVZBFgT29/VUKlVDcqmtCB0w1XibKRmzVKYN6xjL1DGEOo2FM5JQSeEishgspvU3vmLzlDGkRBVTNwa1H55/O8nANVCWA5UGIO1Kw9x3egPc7QOfXVL3S6bbA3nbM6dMkBkfSOQdnZJJBLwAYElPUM0KRWOfBfPOUjqDyx7JtC+ySO+Kl1F+aN9iaIBfYDDKc/1vaNY1n8D+kWwxfoHEcO9KIh02TaKS52qjrkSHp6YH+3t1ToEid3lWGdVrxt1M/b6dq9QYKAXIIHf/hfRwV3JqL0bzAaT9PHJNgDS3JmjdusoS/hwMWUQqdLYC83FWWTS67NBkp0AQnaeRj3CLsAf122NurafltnCjC6On6PRCMnbV6c6P7sx448rYNn0tKIMSFiH3kvuPr5Jp7sYDNFetgGwkAuUFKgLJ2LRUYwhNDpD8SpDYRCWnpLZLsSIhXuY8zBO5TCL+pB6UZEhuikSQjJUyzF5vIHzzcItu5AmEZFNjGfDgZAEDnS4guC4UCuVyuVarVSoVqktrk1c9wuDrowy06G0Y4QBLrwhgBmD6JITYuqOhHfuYWLkmTEaEigc8fTxxPJlVsXVZmrWkklyaUpFWYScITQAixF+hjR+Ja6UKObG5w9WFp4lNI6eeHrStPUEZrQzaS6Cwaku2aQlMHZ//J/gJScbc1ppJkapZbKUZgcbMWguQ2m1GDSoJkB7ECb62wGLpg7K9qzoNVd9k9fmA1jmu7lOgSUXNDEGzBhuPFf2cgo0C2SQiLM/NsxBSkZy9oEKI1g1KKIEVGZSKxe6uronD4zJpgb3hMi6imCyoNJSIFsf75AGJDi5NPecEuDoEjOegj5hkrlNLldaCrSfTAEhokGorgph+k68I13nECwliBFWmRWYEmL2mrBpL/KBmhGB1EoinzNrTQZUEwp6c6wktuMsbWZ5gDI/aOlaI1cLeAoAPMFahpapAyJck1ZeVzceSUm10YAspsiDo/AC55RugG1G6AZDJDywJTyLppiXxzQAETpCZFTcjIKTxW6rN6mVU2Pn5+a7hoXKpOK9/8aBxOsk+J5N60owNbGwW0voFgrbvDV0CTQxby7zrwMgF4bN7myzsJtV1Bq/ftQ2ALIiSAsmpnC3cEiB9b9Me7XyBo2lOgfzttxn9yKJ9ZogFc8/DoJG68Dau6lxTBvD27Ck4P2vultqd3Gip5xOop4HEkSloM+Riv0kg4C4SMkwHvTj4WdcsxUDGtAAyE85kFYkzEhOGJ5hHqzwGejvueaRAJgEFZdBapWsnmQqQF7C5R8txzlRMsVB0fni3m1xyzFQjyZgZhmvU/PQH0R9lrDZtUiWANEwvjS6tli3hn1AAk8oQZRwoAzrQQA8W9GiEq8j2cqYEs+QZD9TQE8PtAXjmGkoF59BKQFxxk+WEVJpUKHVas9gaWzAUE3SRKhIupFBwOtQCDQ5kF3yNle3OmGsUiHv0VGnRpC7QUxJ1ERJWBES/gaAaMqpERM+DJOuXtDZiSBvnYiN4PW1dQ2BUFSbUnGOyOCVRMjHSI1BaPjM3Ya9Y7xKz8DsKZE7hbUCVq9eSABD95SDalpLwxp/qUY9yEdwyINVIJ3kIoWq2XFpZFFVHESGMyZdKkoD/oARRq2SrTqoC3+Uh3KLNVzNvPRKBVCJxIXVyWbaMvCJjLpBqxEDVfUDW09M1OT0dXinSAuFdQNRk7IX6zS0qSRONU4JKZI2YanMi+sX4egPVkol8pIF8DGGNR692NTeBRO4aKAlEVrMWIC+duEOoapdIlH9RZLo4Fdh2W0kFixFL9c5TEgMJMgmwO5RascqPHpsKhLuBFW+q/qWibQ2EeklZcA7Un8yhOOr0+YWRpt1YIyYmKvGmYAMIRcncL5DkxxCfLzFnbS0dtkUnavlYaSzomF+V+fnunp75w5PmVAi1kRbrHKSIydlqXZoSBkHRO452NNqmNjUA0vkId4Vf6PaKRfvpqVVbYisK1catoIk7BapncBbRLmhhX8BGmlSTtdBJrSdmUa6XRqnkLCjWaK3z+wlFAREGhrPBLC21AVZvXJ/IgmGGaJF7GhgDOgTAr81lzVuC+uunOHo77joKK/62vYGc3puUoKZVIg3nHGTOlGHcxci93RSL3lRMjdqw4shAGiq70jAxhCVQl9F7rh6jc91ONeoDkrymQS2FpVYxaWm0Ls2fgWW2bQV3wCYRo3C1D4pvFb08XN0nUN7pjfmJZk7yOyM4jDLxT9WSlDv8AZHeFqxMFDRpkF2IXDzIgBhTFkHJwaW36WZXpVKpVqvqzs3AsC4etv6StgLAsTXAdLCviR7UpqxlpRMP0+3bE9ilVXY3YMGEDa7/IwQhDI5tolTJeKVNmjhLv3PV9d7p80i8tt8KiPu6BTsF+q0TTG5rQSIUDZUmYwSgUvls2aaIsksSecgHt3Aw20KkKQhvHwj1Cqn1ISTuMMT9ogIZN3Dj1rqonEs8TiDr7i6HLY8fL1DC3P7j62pg5i/cQCiVJg7TA5EPaD05DHoHlOkJZBTJBwS/MY4BsESYfsXU+oD5Eh0ZRZ1HCk6xq42sOUvCpK1e1xWwVK79AKNGanaNJFiEiucEAaNIdfCOTRizthFPlh7kTLWZqnglS2ZkavQqgyRGJ7QkAEWXGFG4UEz1oDMX65okVhYEfxIVPBAg/KakSinEOyVC0huYsQaD72xOE04oLchrNgs7rmsbVL18EE9s+abqZ0HY6zmj4mYE5D0U7WLD7ER2eGqmp7vrsNEpkNRv+N5FC2lHD+8GZ5Q3TaHQtiLPxC5r/cA6I+RUxYjxlTZP9MmFLdB6U6gQcuG6iEU0Ehn4+izaeVugcU6BsNgDNhtZaz67QUseEGd58kJra6GD0PkdR+L5xsbbYKIcg10tkZO5xgtbZKglo1CU+Yvlk1KMVESdiWRFV6aiNO3ze9K6sEqHIwY9JZRKRWfRuFatUVoTkmUpRhLibBjq2zAlqfY0NYQ2HHXHCQ2JkUdSAjARIGCcWkFHASaVv1IYX5+1y8tUcAQ33P0PhFhUKlAHgJyIUj0DZFxjAejAeDg2LQU8sY4MUqTVBeLE05qXvkLVscyWUTZpJWW39BC1t0GF1esCZfWma/WANzxa/21b8BgJGJKAKdiQFixjBCIEpCVgTMs9Q4tQHDOQ/lQTZYqs+SbshP3zqVIebIRd2kxU6qSDbcp+CzcspBg0HADEs4bgNCjXPYbqGxbVsYrlFeWgJ6AsIe/IJm0dVGDFRMVoxbzqiai694u3usipjgYaCz5U4rtWf+GCMs0ZAi8DkHHOfSIIVCu90UWymZpyqTQ9Oy/Jw2VYq1UlMTLZfOg9sVit6vmwZKExU65GKUkkg5lMLUMsX94EEAAAEABJREFUFddCfNc3rNcRkoyYNB8S5XzanUlrSiH5rhx4pzA9Q228ihifg4oDCoCmjOgJ37aijojasAbLGtC2GB0wUkBYKhvOtiW213X+SCERSG7+ip2CUxYaZdK4bIzGkEBaiLp1i7xsYWJmnxmk6CKiIUcifpYJ8DeYZMyRd9noR1e5TLKTIlHpMmUgMINoNCnGtFjfhYVUQeA9ZaC8Qlu15Hq5aI1WqpXo9tYmJwgnhHHyvRMAJAvPsUV0Kjq6hXcQGuQUyD+sZjpKWIQVMtB6G9zg6pu85IZW0QENP20Km2FEZ3cZlD/GBaEXtOoyNtYU7MzmCpKLDOTPUAUyoWKLHXg+WQKkPzsaDS2n1NcTKwGKDhKmsyMGA6XTK7vHPgK4p+jWuGTpmQukmQJwFKAnp4Siu2FQXYGGDMNKEpBQXSaPQGApfV8BSmU0OCY2UUjU68uoI2UUIFO5oFxTp7YlwGWllRzRD0iKZ2EwUkuVpo92lYLASVJ3V5bJDSYBhPAEtaxWF8SYK5lIQ9R1yawFUewR1nKbRGgScGSqIEVag7xo8ZTdXiB3MLClRFOQOE8rZzi8/SMpVTaILLiypLq+OEjir3vEGeK7EgvrVaoUTAREY/VgZAKKcCWr2JV7ryoUClCoOX8pqRWQPoGatztsJEnIIDUTKVfbyNAjMMVsDkWWJdEGN9RSUUwGnGHVmVCDmxSLiAVLDH6jDI5JAtbbj6q5APF7Pl3bVSz9gV89BY4/jb6DEYrgS0UEUspchR0I5RywKM+Zfz6v+ZLX6vT1vdJpUE00HCvRsCyhE4vfQN1DHnyPbt8LMKxcRoPsZaQWRbcGsmKKoRRxUjRVRwITL+EPwgCZyrkIWZSKRULmpaSuKmnNNa0CZOMtEN2teEmZQYsmLcdcvXcgumGjcsUzh/qY3M41kOg8vfwvSS8hpk29a6BM5liY+vRRUNZG/BokXYdaKnx5wiqgNhzUdaWtHivBhJTApAepl5w2X0UkZOEAxtErMuIjrY/nA+lPc4qYadrrP0iUvO5CNpCqnWXSl6ZH2BYR2WiFAevhlNcA3PtVti0rATP7zPApJD1RKn5JE2QMrNmEz4weXbFUJFZZBO2UaArbbEUwAABFf5Cdbxmys2Roc9COhRAtVD0cNHI5Rl2tVr1HKhttL6LFsVBqE+x6iUXkhFbs91qyL0ajiccHL6LxSGOsIHy3NKhyorXz0MYFXfQI5EETL1dpkHGDTcmOWjPPQP4MVYCXUF+VKUVSioHguxDGsgnKCMZIKlkdMWdk92yfKJ1dEsBSUj4NinXS0mYBZF2gRjKJu+HMurDU6qmXE83KWcEtlUrOZI3rDCqsdAIiK0lommKA+trIFtRXgEslNHdAJIlFAbFJpbFMUKTUqESbBRdg0DO4VlF07meOWSj5KAOtgO6bEHySEisrWt60JZPCICGTptWaqWUgaL4QDONU2FJY9nhI9aapwUwCpXRWnQDYcQhjNLddaeuN9QEQ7+7Y/zwrIERiiUwAxIPE5OFvALl4MmK5rDFCnSEVAMrlkvcNtUKNmvtqF24/VqkyXZkVrMxSklSssDZGylLYPwnqmCDGftZLhoKXGoSelF5w5ICK2KBSP9KkRDjrLoBj1s5gzPUSE4QKvmuxsNgVJXWPPT6KRo+nglKYM73cn0VvfqlOE/z225r3v8ZwpGE6f+hEwX21qAgRAQn/MfLQWsHzPSTglcn1IwTQuG4xZYgCA6d8tudkPLdUtQ64Yb6UDATfPYpI6+iiWqmo6OpfSN6iWRnJNA5c3LhXmkoyzFEzV9AQrYNDnJWUOX8Wdf2LpHho49jjXSMgVZbm1GwXI4+R+QsqapYiqsqqQGw1JOBgVWUYM5PSS8Y1Uj5gq5Z0dW+RER9p7RcYJoVg3ymU3LG6SVRavommQAoOTFKtweVSnfFMVH6+BC9MvImnlClDVkCIada7EX6B4I/WpPftvPwCs7sDSVgjToEPMD8/74y5SC5S5HuzwzPiS8zHtsqec5mUFzJunqThqrFoPS1RbbkAwt3lOx1pXjG0R+cZTAuXqDWNtwEKs+6Z2t4sc3QKjAZJoVY7ut9vC6RxH2u3O1oernItqANKEk0SNAv2AyMaTDEvoK4DGkVij9RMqaZhgvIiObLVAjd1z/8KA5xlEG9JI/1Rs0YxLCKsSBYidGqBYEoVYsZrVqaFutPWDKDjkTl59xaKfqi3KwAkjEuRCPg/KqAnlSQLD6AnM/JRklurxKsQy6w9My8WC7Uaf2B0ov7GrGgDGHsFZZQmlSIMsLlaTAXHLgzNAeSBCD1LbMXCYMDMUkoBznp2sVathgMxE/MwlRqSOMUbw2rxQEmM0xLoLgHB03OiDbZAIgiehO0owCAPKDjIkwGRkJvLrI6TiwfaNKrASDnAPZdxMoM8rWmzQM5mhD5PWh6QJFTupBqvEWlPFCsvpTVKidryolwlgdpodeZARB6iZsTfup5S4VYoTWZxILKEJcXxUqmRioIhvXxwAPskWnaZcGk7AJF6zUHCh/oUbjkA2CRU7s0AzIfpx8DIULNWGbiAUW1v4MkkjaXqVFQWSGJeX3FK1geQBAVkPPB4phDr0vlLrhFpHorDSWIIu2Mq9cSRqhKUDIl6myRJQqqIBCYyfv/C7O7nxnujhYLO6azgbd5Zq9ECQ0QNbEV5CL8pproTA4EDFTkGVIx5p941kPHeVKtB1u4CEYF5CwOE0SjG7Q1zm4hud2KNE7FxMffJRL4IMWEUjVLtFgJicrc7AXm3EPIAWwc4PbGodUCol6WXR5JUZsayA4LjY60WXUEQZobPiI9M5BcIDHPIXjBDIkzD1LMBktjbJxLcH3+l9RFvAYCdXyBiQ/jsCm5yy7LPDJ9CeuOgyfnZw4Z34i6CA/WfNimNuoX8tl5Lp7kMpArH7zpWjAGmkTe9laTiAMGRLdnaajO6OGOeLePIuYj2QfMMhronX9egRhP75rehsfsdb+LuI3sXlRbVYSf0Y4s7BS5Ci8WtfVsd7TCeSmlFwVJ05w8caVbD9tZttarhASDDmgfQXEXwttoqV6oVWq2QBgCkPxHUHYsEZQRDjL9jB0ClUmGWl7QTEySNCJkWQYy3Yo7rioKpGjyaYofCCqUOiHsqKL4VZBhkpxWvQpKxC1zwwwPvQJ+JNi5NeTRqRYtk0aYksdScUFPnYEHvR2lLCqooUCbRBSokNNiyeRWPCbXtHXN90LCzIo5MPy4pFouFQrFaq9JqLTZ2U6odMZIAY4ikiYEhrbbMgAu3MmwQY8Ff1temjfn5EeGUWnbRA+pZAFtKYPUMJK57nolCuTIGEsWL7bRSqdKKfvhnpUYVvMcF/5mB9V+QnKhYP/IzWqRlFk4ITy+YMa9La5mVHpdEx5YjkoQGlQzen5oz3q7Varhd1j1lUWrOGgTDzQRZ8UkPYD6NyCwTNGwKwFuoEoxEUBfbcBDlA6yrDKnzdXqRatC6qSTW/9ZypYR7rYdKKZhfVJxpCfYFZPaN5jwGKRMSbRRYizgWKNSAVGs1b2NOKlDS+rnDJBx5eisucTGFLCSlEH5TbaHTQKxIZwTgIMqXqMRytFEqFkqFeDipe6347565xgdxbn4Im41QWeaixhXI3CwgcDniecXNW3Vkb/xWooKpMSgJxBEFPsu8AcllYNVL1USa04SRUtR9qxQ1KDDE3k8D4nrmOA7+AIAiKMVkFppmhmtmhyEta9AprHF3pqiRWs7829/qY1pDGaqWSxpNpWthvpMNzS2LIDlB2HwW1gIE65OAGuVla8EGbvaZ4VMAppk3tMHmDNcnsFYNLpKVq620kWyr1NyRhw6BWHTZWXUs1khX8oWwf16Se29bAhZAKd2n8sas7bYcElduG99rbXq3DhlSZO8UyD8Osv1hp4zC2hNJtN/mN+xMjmJtExUsNq42hjerXPDf9zJVJG75IUtkxi48HJnqs8hO/AwVAdyXjhCcBQKoSltkennAOsKKZCECpRYIXtxDJbFWdNqaMS9vYykZUPwsnF0BIGFcCuDZMh2UdnElmwyz4hNLgxq5KWio9JhsVFowEZgAhmsd22RRRNK3h78w57/LJAYNvTxKKyC600fkCwg28Ti8BJaNG7DbjDHh6lKDgZIYVBTjpNNdSOLu7uNtrEmlZCylhps6WxBDQKCEWFpNq4k5eAEbIRVDIoAYFPx0HbP8TUaVrUAPkP/mz+d0931izoYk0VZbQSovxDuTU3CXANa9gdLI/4Fj6DMJFrjZKo2W0mP6EEsKEncirCmSepMDiqWnJhIfVP4TRAnFfBWDdhJqO/ypIqASvxKiYYlA4OTotDxKC8Q/uZTqHp8AEYJNmQAg/dlE+A00YTO1AuIeip++ABLfJQRQyamQhJgdBIAjY92PvcjAkQ0rAFFvKKha3ee99Gg8Mv5TwoKqo/jEVObRRuW9RnTKcEwyKsuEEGkZJEJJh55Y82AgmBbgGGrJ2OEBq5VwX1hJEqbMNOym4lRCWvZkDCrXv1gTkuAkSpPaMsj9gqiyFYE3KAqaT730AnhziP+KtfNgGySXc4EUalDzHDFZ33aIOIA0K1kxJBLEqIDEGcRLn7m3Qqx3jMZqujOYvcGLbu8di04X2bNpUuA5yC2PKCsGz1azw4nR3NGRoJnxszUKUyqIRqPW5hZaRjLBMgEkzjfNfoHoYQ6kVgtk0bQQTIDg/AKRRYdM7QGMI7+UPUtaWPCzayxZCxowVe3R648rCt79L03TIrhuIZfSWSF6dEnSTeeJdLnGU4NFr9XGCI7aoE02q4WB3JTcwrWXuWi+rYJ/JHRmdtvq9r8Q+qJFkMydAhXzB4toCaBHtR1RcQtjjKFesGk2FveYRKNYKJbK5UplvlpJ/QpCy2td8aq6OcwSuSkCuWxJckbLrTM2HQnUAAliknJEJrBlAOh4K87R9JBp6jIJWz1J5uYM0R8zGfF3LKHmRRUlV/wkrD6FnR7CWcFsYKx1bWg6MUD4jkVo0hgJjTwjK6BUvuKpZIMWLwoEM72kYBY9hpleWWvsgigXpah9RFkEasDT++FW1Zq8H0WctsSAauLqARiPQNAGRVXJ7ognpgmPnKkT1IO5X1FiVj4gslASaRNEvkL+8/OVak06sx25w4C50qlMPbQe4f3k1smpSENjXE35ytqENM7Ar37fZEJARaaA5HQkfXZSElmRsuy+jFH2BNb3wciYQUcJyW8PiegNHNKzywD1vRZzFCePh6AE4lJ5mLUZgL8O4H1R7qxSDCs1GVD9gWgBVYydga0kiu+XYvTxZkKFCV0qvyBEFQ5R84wWchOMLa0glhnSLpXr4XoEVqtRbnzewZf/XfO2TJSwCMlcZ7oioVXXz1CaNSXaMLmw6MLLhjI0+BmznNA6QOZX5R6U7O2eGLKQCkljmUu93YJXSQMfZgdFILVCwXe9r7seRqMA4NKR+pbnnsiK7I0AItshEYQVj3qnkK8LTXwAABAASURBVNzkiKYmonxocp8IiGoVzHLiG08oJdsvYjjUSwcqxzqaSDBhGIcHJHM4Sd7P2AN8TVu5oQKbVvhlTJa2ZNlwIem0jBQifUViFUvTxJOoU8KUCNMMMrLgzOo6ztfCM88frbXirnLJYOzVscbQRGRiGQCYdkGie0ryjCIujeHAVh5g2+wi2gG+AxlpbvNsiEdgi9lsm/T+nXKTWkT7I0unQJBNxi+izdApvlwpHwYWLbhV0NG3y8jMAJCTZzh2rQmJr01Oq2UZKsJ6alHmS5LxsiIqwopEC6fWLnjR61l+4L2xT7wVkWDm3Sbf+bl5kjESlDFIUu4qnXfuI8591MNWr1o2PDQ40N/b09NdKhWdgs3Ozh6enB4bnzg4Nn7ftj3f+PY1N996l5ljiIGBvqGhAYJPQGDf/oM2ygnSjwwP9fX3YCgdzM3P799/EEEc7Lb0gFOPP+/cM0+73/FLRgb7enu6usq+cqrV6vz8/NS0o6Kp2+/cet0v//jTn/9+cnraxLaO7q6u5ctGpHFOHgSNYrG4bvUKdZbunwqt7tk7ShKhq1x+/GMf+pizz1i90rGQ/n7HQrq76hYyNTM+fnj0oGsh3/ze/916x1YES0hNQJYtHXYqg6M2Jdqx+wAxIb5K5NZ7T7c+VaTnicnpQxNTxAZDQ/3//IRHPOyME5cuGRoechqNYxdlZ1mxWq3Nzs1NHHYZ7j8wdt0v//KDH/1mVtI6wCAXj2KhsGrlkig21gTdAHdJs+Tu3evY9sGxwypu0XWpVFq5fISgZdg/emhuTv4CwLIlg93dXbKUwH47ytmzbwxZdqd72Lxp9ZEbVq1bt3x2Zv7zX/1xjD/oONDE42mwCNWUBUBPX1eNZkAhHmTqrzETXrEQWbKEqUANpFhy+p6itz5XKwYaAhLLNQINDlIUSGJJInqJjVLqJ/Cd44S0rCdrsEIQrB+GDNmi1csltTQQ9s+LVQJ/wK67U6C8Dm0nDSlgiZlJdCYIxFj/XqaQAYjg7CKkpnHzA+X5s1446PazlIR6X06P59gSparDbUHNTKUmMGSJgkW+EgOxTWHkIMYDQ0l1JZZemQFJErFpjUGdCyAYbzcSDTgNVFSXD7ETQ5uEGimDwPCGoPbfMnvReVHKTQSVaYFlG+/wiFT1MmejuvJBxgJkyqg7WnkjA6H6uB4j7Aqh3pHSiBgYwZiCsMECQy4jDIT26z+tmjQjJI/TWEoUqc1Aie8dFHy6ussnHXvEyhXDXeEYUkVKLa+9MJiamtq6be+d92wP9hvzrEM815YS79SLKjEIT+OhVErGhhYI1Nx7ZI3fQ1EQQcZf5MQD7Owq2AyxbqkK7zpq7Bo4oeIGz7QqyvUmQmt1/Uhrnodq2JA0xQFdz6ImRkDXWyZNnpw4PuCPJZHferSs1ZHyGNzdzTZVUM0otye3NdZqweBU7ejdJkghM76DTYuEFpSMbhEMwLP2Kq2RZsGm2pJ1DlJGHeQBqUJ9mazzmwY3wu9cuJuut8c2gdkL2Un1Gh480IBbbEuoLUmzbOP6Tlit2d+SWlSHndOUM3MKZG7Vi2hVUHULXdzXjUH76aJ1eqQ8DIkS+a49HQRT+RBazcVqs2dKUxfUhNyaL4oxDf/maa8gfOeOv/7tFjZLZwG7XC47z3KV+UrNakstAxpWIFi+fMmrX/asMx962to1K6WnWDphvb09zmfFcteF6PQHnPz0pzx6anr6d7+/8bJvXf2bG/5qzOPtb3rlE//pEcQGX738B+//6CU42rrMP/rep4cG+3Gp3Anikx7ydFrTLoNR+oD7nfDG173gmKM2FQpy5RQKpXK51NfXu3zZyBEb1z72nIc44YcmJn/ww19+/NNfj3kHSphc8Ixz3/ja55PUWDIyeO2VnzSSfegTl156+TWyGE62qINasXzklS962sMfcura1csNFuK6Nq4//QEnPv0p50xPz9zwx5sv/861v/n9jca8ZAHYJvCNi9+1ZtUyYoMX/Mt7/3LjHcroIGexOV/7nYu6u8oEh917R8992usxlEcduf75zzr3YWectHzpsJSgVCqWSr39fb2rVy49Zsv6h55+0tsufO6u3Qd+8Zu/f/nrP9yz76C6CDqccuLmL33yTQSN57/qgzfefI/AGrhfcOpJR37hY/9O0Hjrf3/pRz/9UyzY5fWNz79l+bIhBA/ymS9dffFl10qZODj1pM3PO//sM047prenm7XeicPTvlMgxJLwP4VGEa6nsznptK1oMDJR43RIdxpj0wExa1YTEPn4AUMQRAj+btFfYNgBFD2vQEcp1WhmE0DwiWCFqVSA1A/YZfmrLj2ITgzC+bmqtNFQJKQKhSeio4ckMUow2e6GpjSaGDBIFE+ryw00qUEvAD4CRQj6aB+FgtPdlavVaqVaxbGVR4F9kkT09mnBNq2JgPHgrTdkM9CVSWw5y9O2JID55JtNVkizDUpMDKoSjSopQaE0qrk3UUSOuiiIbr2otJyGJGvEoPV+ky+2ytIA2vXHbzv+wXYBQfQbmDKoOahFNQcGEeyVYv4hJouBE1Wklt6Cgw6kvo2vTtJocV8ikiQf5lexWDjzwScP9PfK2Iq5Qpw1NaUC0t/fd8JxR/T0dd140931ZNEtJzz5WPLmg7lmKSZFoeaU2PM5pFRJFA+lSLsiBlee8Ms9w7hYVBtENFZmvfbCKGYYRv2vKA1EdGEgUy/AWBeNWmsU6flhhoeaEZPCgWOqsDeRmCmYljMvGyXmpg06SnXFoHqMZIe8QZZ+gYlhlgLjDFSjrkcgRJsVcQrF6ZBNIQ3AIEiUKC3DgybScmAGGVeQLsNkFpSMTguvXTXa+cYgeX714HaE1Rq4/uOm+3kj9dHiALsOoUkA5bN750F44a0TEQx528D9ILn+KVkohyMvmJYZYMHcQBJX7AK5v3ZUMdM6BUI4KdVuWlkcDLJYWF25Hu2mC9pCIuc1tqOd32BpulLmovjsmVJCmSfPPHLKUGaQ/EIAdT5yIjGwEQ0B46mrm0S2QbLuwzrR0ODAf7/jtY965IMTPIv29fae/YjTnc/k1PTb3/PJH/7keg3xZd/8ga1ToCMVzimwLvmWzRvwHoEO9u47qPcIPO+xZ174mueuXrWc2MOR5Dnn/9MFT3/cr377l3d94HO79x6I2DYdR2/ZiKQcHOh755tees4jHpjAQnp7e84+8zTnMzU1/Y73X/yjn96go06hmB/86PqXv+DJVkle/NwnvOZNHyNqUbx9qrge7AGnHIP3CHTw93/cZaRZt3b5+//z5aeefBSxhFMda9csv+Bp5zzrn8/++a///o4PfOnQock4lZ6HrdI3rl954833ahlmAms+W45YGw885YQjXnjBo0+//9G9vd24zKQ/QUkNTBgQYaW0TgI8O/HUWhJNNCh272OSh5e1Wq1aqVCJUESlPSr84g5q9Hdko0GGgt8cCGphZYJ6qdx1plplvlqT70sgDnKY7W3ASC8rIiaVAvLkoKE2kIEhiFsUjtWyEvh2AMoLCRfWThVxRENCtIEmVWgjGTvnlgGk9NKcQJ0Lsn7NzIhBDnmPYgKYYpC88FNQqvrS0VuQx9LmR56OXehQKY5wUjxop31GR1QiWKallvR+BMgoo4FDdJer3zLU2YA8R95pBwzeA5Jiy5+jvWvmFgMxXyXdJnlApCwlolFZew8D5c+/UCcAEnhn+FvMcc6ewCiaSDZQpBoRUZYMnG8VIdku1+H7IQsGINVpbAUfNm1YFfMIFBL5sPJnkqQ6cuPaO+/aOT09IxLoHJRMuZsJ6pRQX3aQp4oVBc8cBc/vpKonkf3k2z0bRyXprK7EVom1Rc9TzD3uGXhWqhJQYggWxIhigJeVxrhFIltVFugtyu9xIMpRTg/S7Ez9coJ2lMD8zFLgNwlL3T+1BJKXAvB0baInIPq3JZy5vipFjFTq7Eh2Zc9cjdYMs5MgW81kj2SuzypmHdFPtBnEEQwhnb9Zj7fdchv4zKUQsFatUmfuktKmtqrcMm7hqstXNNS7N52ETu+L5Fhwt8JUToGy2bLFkUS7obOGHd7CSlgiG2NsOy1AeHpF80dUeZtQJ3YqvMoo89ESInhlhCyZgr9+rlm7JJlkmKHMIP5C8qbMX4tkNoDoD5o6LyS1WBka0AOXu0rveuu/Pvm8c6S731mhv6/3ove/4ZUvOf9VF753x469Upobb7rj0MSklcfe2tUrBgb6Dx+e1FJxwr/g2U8iNrjyqutUbLu7uz7/ibc96LSTSDo46n3Ew0679spPv+sDn//O968jrQvRDLrK5f9600ue+Lgz01tIX1/vh9/zmpe/8CmvfeNF23ftlWQXX8+1wSVf/cFLn/ckKzkf/KATFTFs58y16Gc//THEBl+49Aea2OHhgfe89SVnPeSUlO+GOsnPfvipj/j+x6685voPfPzr7lG8KH6Z3mOAZNRpJe8wWTUuGR74yLtfeuqJRxgTFgCovNsGaWgd7EmqvAsgxEKC2z7h6IG5e0F9wY73R5DcccET290JhV82xO4pGCxVuk4RlKMUp3Wonzzc9i8Mk7D1RSo4sTVn2q8m+lmD6qfSbEB5oQkzDr6VwxepHKC9VKWLSw6y1FrmgCAzakhCDEZGQYhEHLVqbZUOGEZMSwAjMR9oQU8MmlBCMyQGTCpFvFE1GgJgYo3kiCxV+djH4ClyA5gifa+s7CRMy0nlVYZhLykI1aXR5QUySsbYINh1B4BjFZFL8hIZRy2dGjio/V1A5SEEqudPqkulhqBDKmYh5st3acHAANS+C+CLFdyZcT2ruIIqkVEouooHN1tIpaXVyhEj47nHCITumnfmARIbIdA4UzGf8Nfw4EAUu3ff2PTMbDyVAqg5xGVLBgf6+4K8hvpDp0BWIoyDEpjk4Q0pPq6CsKJEd1KqzKbOCpN7BB0lDQ7eUdEo/OiSgGrCBPOJuihcYcOEBeGBDATm9b6Kay/Rcj7lvZ/9IgemCxEzyjL0zAS4fRKZnCXyS80hipH0GxA+lji9tXvqtBiP7vzkhFTfCVAVv7TWkJglKFWoVq2RZfLi5KAKU45gsd1w48VLCs29lQQHrYcbiDawRC2gv+i1A9LqyERZ7WOxaQGdV1hJYXJZV104RtIqqAVngwDEphobhUZlBQ1omi1hvfUZMLw47dzskvVE2Ze4OTrMox9uXSRxCly8q7Qp+FoTJqc6BUCKpaIzxVGpVKl89w5povZD0TtuquqBNBH5O5Vyk0mLEJCL+rNm6rVKZ1RcrVRrpCYlyCCPzJCKFTXsBpRODDuW2ddjBGFHMQlFi2Ht2pXfuezjI8ODJDscc9Smn1z5+a9/65r3fujzUoIfXXv9+U87l9jgOec//nNf/JY6XtTw2Wc9kKDhGOcll/2vNOq0U477/P/7z76+XpIRSsXie972L+c+6qGvuvADlUqFtDzWrV7xzS+/b2R4gGSHo7dsuObbF13+nZ+876JB8M2eAAAQAElEQVRLuYjUDWVqevbvN91xv1OOwSfp7iqf9ZBTf/nbvxFBFL5ds1D7EUowPjF5+53bVbEPftAJn/zgv5XLabcnj1AowD8/4cxzz3ngc17x/nvv2+WFadSa6Q0iLTPgz6eFOl80ZygUSqWSn/iVL3r8c5/+yGKxgEnokFUq/F2YkUECWr+rBQcwkchQ/OU/f+2fW8AOvAFi2UTfTFFB+BYuwgxpuiUoHXPJlU4n7Kp+bF02/jMIAD0rJZ1EEqSVACLElrmcGPQE2IX4xOWSEiXkpn02xvuhxiONymdnVZUCgCkbU2AYhSuItHHKdabJSykCso40fBmNATWxs80OEsTgKfJBmnyDvpY0AVB3BrLO3zYNPi/gHVPqRzCC6LDlIrY6T/XVATEChoMmLZW0R0Mqn7E0VdzxihBZ6UQ3oXo060RPZLfEqE+j8eyD3/U6AWrI3YCYHPJqRpAh7cpIhudDRLUoNcalcUILzPBv6ZLBW24fvWfrbtM7w9QU7P4qd5VOPO6Igf7o9TbqDTUhliAc2NXPypUCoy4tA1wqUPqQZdi/ZcstTRZhk+Scf8z9OfU2syGRizOqNIx9UHWUJB1uWdxSo47sznR4fGDkjy8KzpOS63QcvbcjKaN/kjPfF4q7sTLJKJFYfwMsITU0XUsGHBucltgnB5tc0ysoExUjS6rPC8wkjUXOgrTdUZbp6gZI+OoF6XhA0safNLemuaJAe9xUUgFIu7XULLAAmmkeaCG1ZdQwO9UQFsaB2S46raCoNSQWsSmltuvPaezHAgJlp7868VYM7kuP7iSA+3YgNklbwilgoRi84Nk0U27UNpMd7xWo8K/KeoULheyZelsrFBzER1JZZJZjX5aAb8uMhrLWiTgJmm058+1JHvrg+//ou5/L1iPQh2PZzzn/vE995K3S2M988ZvEEtoTh0UtrVq5bNnSEYLG3ffukG5DePppJ176+fdm6BEY4eEPPvXbl36QtCI4ZT70jFOuuuKibD0Cg2wALnj6Y//fB/5dkbMyyIhPXfJdYokXXPBPRMiXz5ldRNy8cc3gQB9B4yc/+4Mq6rnPPPezH70wQ4/ACP19vd/58jvOfvj9ohn/8APch4EVf//OVSwU/Y//xw3wP0UXDg1JjqRdn1dRI0MDV1/+zhc88xykR6Aif9Dn4/X3Gqc8Lyo4ezpAzfvwqLFxtTqqwcfdcU8IZH7RwCMxXHmOz/vHRwKRLbCRwEZzZPxPmaaATSR1ppADa3VSOjCJIo2T6ocjUTEXU7Etich4RJcgUTU/IpKqGuTc2IqTkIH4qRccQEMWBEeF4kwK4pJwHQmRseX1FakKBJXHwejB/001xEyEWCDQ0BKJyLo1MwlvhQqVGQmxgGGi5VCvYpU1amTFfUD6IYpwDM908qT8gPZDWvBDsMKD1AxEhqYEmLx8uRgJ65fsD40NgoxKTKHgAKJ61KmIOZUoGp9KTi/JQ0GvECjKlgDRqIKJCBIpumKu1lgxlHxjaRVkrNXIM9VDphEuTMqEKygQXhgiTaiWhwkrlYonn3DkmQ89eXio3yQ2UZbGw/r1Kx991gM2rl9tTlWPh3rlKzPAANT2D8wPiMXGfhGztUhy11OCpLbiaQGZmyGnjAlZeKN3d1zuDLJrFPMh0W9KhA+JPvWf9ch6hiRLgKxIwcOIkRwjSnbihkbjosB/VIiRcd2j/3QrZcJ0QsD2L4ws2ZQoMXk2EqQQIDPS3DhkAWN/nF/GTQPkkHlr1GYM4agld/GavLjh3nfce5SJKo40mmlCpbeonSWAxesMrYosjJ7tfjtkMZu2bknyF83SZKlFaIui6Y20FbXVgX4paZayFtFWqL8fBpnMUiyiuWh+b7ToEZgVKPN3Ea0GsBgP+Y4TzT/RuwEjuCzH3flK++Ln//PFn3xXHg5JEc555Blf+J93xsP37DmwY+deYoPNm9YVS1hRn3/BE4kNvnbFNfHA44898uJPvTP9gbkqHLNl46c+/CbSQhCb9Iue88TPfezNuVrI2Wc94LMfeyNRypMEv/vTzYcmpqyS3P+UYwrqG3e4gBPgeec/ltjgi5ddLQ1//zte/oZ/fSbkNmAoFosf++9Xv/KFfluor5hEayou3C/wv214k2KhWHYsw/nnoKtcZr6cb/+XQ0PswCye8cB3qs6SXHd38fIvvGHpiJ0na5XdJlC5RMq3kdAowLj4bgzVIVsLAeFbiNNFa1ea46BiQn1aiJEpvJzEsHCBj2gAODcCI5k+lSi5iXkUThCByc0AkOM1AMIXBrCyEX0OIJFFqtW48l1QSUZABDcliVNXnHOsZsFID6Q+eQ2xVESTSh3l+wJpvK60aQVpQeKxFVQdQMxRCLQ6kVadbRJiYth4eJVoUgSCSeOFT5Gj9dACaSpxnYHRsRJE78tgLKKuBxUHIjp/KGUzMFQnkdITNR+i4QYKNz4I/AEJIjvCh/gXAplAH/2U0sSzSUWWGyD2I06gqp36hZB8yfDgIx526onHb3ZGyESXtVzD/f09Dz3jpNNOOcYZ5kqTxZhI2IJ9vjEy7jK4o6BTgTwy8/p1X9JeumRozZrlGzasdj6rVi4dHBzwn+UB0ueHMk/ApFVnYdOPohjKrJLYKB9F6fozVqvVCvNhUAv/17zv4P2j+qtIPlxnk/CtpfAX4+xI3BNOKDvtJXN/lBRdXbBCqVgMPsErZ6Xo3bPYx3t49T7u1oehC2AYGEPQGxccq4xuJmH/XABD8+hsNL7Adm21BQCZCteccgZ9fPaZt2q1LYCG7HTJfpfub+xKOgLKhZQ2Lx8l5g0ygseDVi5qqvNJGIRDwMYuDTbUcQ/kk4GdCLAcLEvQZuv9C26caEZnemyglsfYSSA+oD2xwJxvnL7L281kATmA+huWGMna3I5dhEv4DbdpaJDmst+SrNmIW12L+JHlDSqbN2O+WgRppYncJ0gqADKsKahPhoqbACUARDzzwHmPe8QbXvciyL+/evhD7v+lz743Hv7t//0JsYEj6j8/8Rwk8bmPfihBw5kqv+LKa4XAZUtHvnHJ+0tFW68mO5x91gNf+/JnkpbEeY992IX/+uwGWMjDzjjlkk/Gd5RMmq+3Udn/XvNLq0SlUvHxj31InYUAbtUDHvHw0wga+/aP7dw9ymxoUPDxiQ+87vGPfjDJH6980RNf/ZInBy8R+O6N4ego8rgjVm53JEhcXzaqb2IXfPu/snpvwYpLqVz41iVvHRnuJ5ao54JcHA01ivYI9KdMpIvEKg7S2SSQpY9TgmJNmv0GA1k9A1CUiL8MpjLr9gRxsmhZ3KBjkN/sFdrQMQPU+qvF2AKM+TFkpmIylHFvMxkX0ZNGTQYa9zXmsk6pEh14SqP9MMkipzVluUASwMoistSqQUEcyxb0VhGTBdR5yfOuR4Hko0mjZCsyAVPBTZmI3GQfXGKbD+FMzuaTAqhHc99NTfSyFB3eIPuPUV2JVW2XuzIzvt5ZuqgfByHeoGmdHembB9dIxYTG7MRMIV48ibGo1SHnL0sCUjGiL5E56JjHqoEn43KV1jKRcDcUklEy8OKZEqrk1JBLiPTURkbgDEvvvHdncKIzwFGb1z7qrPuvWrWUoOGM3489asM5Z91/+fIRX5y52bl779tpJ0pY6SaJzSUKTFUwMIjRKNgqDBlwFWMWv7e358gj1h2zZePKFUuHBwf6e3ucz5KRoXVrVhx95Ppjjz5i2ZIRhAFYIq6DTJhacLTJHAzX+JRSUMm2hN7YnLLh/AOukE6M5AJVREnhFCrcdrEmbqnueyjWODCvjXmyCbszEv6hl/dWjIrDFTv2y9AW3IWkAhTrm+QXvEv3U9Agts+h78wYH+zgBmN1Wa3gOnW6u9PTzFthKjRSGmihoqdoPlbdU2vVds7IvbDZTHKlQ+CqrS5ssCrRCrKmgNPfVyue7yOyVtu0yLmMYbJDpipteFlzMwiZsTkNs+KYbK1G8gKqOK3YDtq8L7JHDs4MC06HjUak4Bx3RmlpLCQLcx7ASt7birQy3/meR4toAKDRI5uF4DJnRd1eT7tU8dtFB07S0FxK1TxFORN2l3/5o2KQ923VMOcq8//x5g/uPzDGMmIJMm/kR2/Z9KH3XEgahTMeePJH3vf617/1I2zgV772v699pZ3P2T8/6dHf+t61sWCRw8jw0NrVKwgaf7/p9lpVfGb75Efe0iXbByJzvPxFT/vS166amGQPL25+4z/qyPXvf8erSaNw+mknfOjdr37jOz5FMsLnvnzlc88/18q6LnjaY6768W9UsZGP05KRwRXLhgkaV197Q6G+2yT4/17y3Mc/8mGnkkbhZc8/79Y7tl33yz8H1+4SANND+W6BltMW1Vplfn4etMvw1WqV2AHQgUqc/fAUigXuSxrHQdLPqxWidgowyYOA1eIibtWa+YlQiEhCFWRg4KOkk6xtI9SDqUpjXqpAkF4CIlW4PAlaSpL8XgAKl0oVOY4Mya0erawlq8KCzJUhPVt9jlZJDPRJW6PYEq07EA0BWNJnAXkh2gfpRVfufkE1eSZ+AsDLS/X0wFECkwYIEfwCDaxYAlASAJWXW2TOC+YMbUCRChSsiH9rjjmHQCx/Fb20vGxg9JtCUGpWY7HkQJHTASBKhjQVUL21RrVp6jRpTFImgE0CTVqhHLERCSX/uOXe7Tv23e+kI0eGB52Q3t7uBz/g+J27D9x4890zM3N6tsuWDp568lED/b1RxNZtu/9xy9aRof4jNq5VC0zUCnaNVauIZIoyptISpK3cAOvXrRjo7yOe2ufm5mdmZ6enZuer1b7e7p6e7p5yuVgqrlgxMjIyuG3nnrnZOZrWoghnIySubFxaXRZ4EQHHkMiqS51WlDStSOmrGqk7PGqOHUgeG5PlQANXGFmU/8XchJK0RP8+UYBibLhN40yppEuI4gNPRYcPRxY+IdDQl5kKWSjHEwSlNHcvSa9Hl983Nciom4hLZEWdzgAhuCubuuGGILUEuBoBsois0Hyj4QAQzO2JES0mZ3JUqlX2eaO9ymUlLUCr+u5m7hHolrRjz73z310gEE7IZVzMltMa1Mcsi2DRofa9YKB0CpTdiiC/8fEi8oL/tutivfHojL48fHuxsVXb4BfOcJs+tjkoP6nTLPPML1/KfWWGbAXOhFuwIRVJBbMkVEeXfT3e79TjSRZ4+YvPf9+HP08agv7+3m98+cP5nYorxeMfe+Y3rrjmT3+9OQqZmZm95bZ7TjjuSDyTEyXEklI85/zHExtcfOmVQsijzjr91JOOJg2BUxHvftsr/v2tF5GWgbPu9fUvvLvBFvJPj37IN7/7f3/6220ammAGIbyCeijhpvcJHD48e/Ot9554/GaCxonHbe7t6Z6drdRo3T2uQNwzitybbS243T7n6Y8mNvjSN37o7m/gjza9dYEzH3zKv7hb9zUUH3rny572onfdu3W3tMkkrWmgNO+BD1utjYFFbuj7mbQUT2QewgAAEABJREFUYEhiqij1rCHoLkFKQxQCIshigZ5PR+Q+wBCYTQ80oqgvVQBEjjYEgCMjSAGDdT5U+oRkagsxlwViPxGlqjPGSWIuF7sOqnfzBr1ARnpOckAlEQNlLC0MRVspSKPnG53VDK0FKVHVszlBi0AmTjAvBHxsls9noF/HJzZxBrls7040OSduGyPgmqyEFWBlA+u0wbJoPFjuvh/30uDogc1ZSQ+Cv0ecXdgMmSYTrBKBmIkfDd78leisoLRJEP2hZAAmFQUpn3iCOBnUb+zAxEjlNDKn2CSgNSoJcyXx+KHJX/72ps0bVx1/7CZ/J/i1q5etXD5yy+1b79m6WzqrVi6XTjruiA0bVkVsDx+e+uuNd44enAhywwohqWup9WiTSGjc3b6ItzM3gPpNFXQdATt4S2AhcOTmdeWyq9up6dnt2/e4D0AhzeThKZ9sZGhw1eqljm6P3Lh255794+OHSaYAyUoNteh8MCwzIJaS4TOyWk4HSUNWUhJFvK0SiL3CM6CnJgJ7iAWPer4aUPlxipK+UXot9fSjEnpK0pcF3JOSC+5xaNE9w0Ow4aK8iEQM1WxLJisCElmULw6TpWefoxoUGdY8tJY0aQEkHRqkjSyyAa8lt9S6YFJRqDaqHX0CZb25BmnNNi8o7mgLHc3RByrXJoiW3Hjbzq6wRe2oBgPMXxEdVdBokEtxOwVC63bci9CDX1hYvL8t2nFaNGkL+k56vULizuXPEHR0+6SELoT25y5wNNmLdbGTC/DVL3ygv6+XNByf+th/PuRRz6G1uhF86bIrP/ze/8BzKJVK5zzijOt+8bswQF6n5z3uTILG9Mzsz3/1ByHwfe98LWkgHnvOg5ctHT4wOk6aBk6TX/70O/qaYSH/74P/cebjXynsWBe6ozBuKcFvYJ5Ngh1YAOpJLv7qVR9732sIGoUCnP/UR3/tih+zArj7SZdLtWptvlbxQx73qDPwPLdt3zM25i0chjeydWuXX/TfjduCMUKxWPzaZ9/y6Ke+cdq0IQoakCgqqyzygMnjhw2FcDmBJkluKBrWtUsaCWjKBGwAQUPCQQ2ovS6kQaAgRJIJVEYdAh9qqj7QCRPLE1GDkhWweNGtjMoUx5NgW5cNORApsVUrUBNj99CS1qpNXkCStFydyyK2twS7tFICCD8aGiSrHBJkmLpByFhIDDvUmjoYHeTwwDyHis/oEAy8IByXgcFdwJxXPQuQRSjScoJBLIrGgw2sWPrAPYphInXiiXMQCASXLG8Jl/d4tpmMBLVfoEWqeLQPauKCIUMQAk9mSBJIz21qpedMYmr3gii9e+vunbtHTznhyDWr3eODS6XiySccuX7dir/deNf4IXbXdnfHu1OO31wOto2HWrV6253b7rh7J2XeHWL0ChKBibIo4UVwY1u1cmlvT9fuvQfn5+dHhvuHBge6SqVKrTY1M7N794H4BEq5q7R65bLuctl5TqnWanNz87v3HaBz1Yiup7d71YolM7Nze/aM9vf3jgwN9Pb1OHnPzc/v2XtwZmbWz33l8pHBgf5isVCt0Zm52d279lf8pyA+w6VLhgYH+7vL7vrI7Pz81OT0vgOSh9ZNm9aUy0VH2N17RscPTagUMXZo4tDk5Mb1q3q6u9esXjE1NT1fqQpkK5Yv6e/v6Sp3OWWfr8wfHDs8Pj4Rz7FYAIfSKWxXuVit0tm5ufGJwxOHpoDUHa56e7pXLB+ZmZnbtftA/0CPo4q+Xk8VlYojp6cK6qliyeBQX7HgqWLWVcV89EAIZHhocMnIwPj44YNjE4MDfcuXj3SVy04eM/Nzhw9NHTh4iMRq2ZHJqaOu7nIRCpVadXZ2fteefZUK+5QLGzescjrPrfft6uoqO0ruH+grQWG+Wjk0fnj/aHCCxMaNawoAe/ePTh2eieeyccOaQhH27hmdmp6J66dUKKxcudTVT6lUpbXZufn9+8ZmZ+cg5iXpaGnJkqHe3q5isVSpVBy1jI4ecvTAchsaGly6ZHhsfHx87PDw8OCQY1Q9XbUanZ6e3bV7n1NGh6ZcLK5etby3t9uxzPlKbXJyavfe/SQvWPWcsaTMFx5RfoqtDaW0aKYJ0lpQu2cVO7YUeYYXvBDXsTi4HYWuH5TVTjAkCe+aEPMQCfsnYP5Q9sadXHhT9Sju43UHacWNO9iPK6nxtCeatFrVGVrOw1oyY+gJB9YeaC2GzmuNSeujSQ1VBaG/zwgtVsicED3rZaW9Vm0lybfdXVh34fYGqAarndaao1IWyCI6FfER8QLoi1I8bi2iRSFZUuwsLACfQN+rYGEMhtLa68LpqHIs6RkPPPn4Yy0254vgzPkeHDvkfCanpkkiDA32v/+dr2NDrv7RL+bnKzY8yAVP/yc9QU9P96YNawgav/7tX4WQsx72QGe6nzQQzszkCy54QnRFmgdHkjMecNJxx2wi9nAsZGz8sPOZmk5uIe992yuEQBr0kRGIu2mf83H333O/q+7H36S/6iyMOZ+K9/nZr/5kK8lTz3t4rUaF3AmzC4CzHrZh3UqCxveu/pUQ8tH3vNpZgCTNQH9f79vf8DxFZHKri0+0k2zQCh2+XAZnQaXkoOgujuZw887QoQqyJoun0rkfgZy5LhUoyfxDF3GLeDiPQC0BMUinpCFmbiQa2QImVxMgUg6wIVK1A0Q+PDqyurcPqM2DTRFArDIxLbDSMloFSXWbA2XhwEgOqjJGqcJfIi2u0XGyWHoE1oXkVI5Ky8WDoBKoVy7h/1oCzJ9064upEmPEs/4EfNMkzwaRdg05NEYqma1GzFl7M+dmLo8ynaHK9Omg/tGmArnAQesUhGYuId5hSoljuuO2pYx+A2+H0pYmZmFWfpTK0PcSY15RKC+hig9ONDNA+LZIErucmZ37/Z9vveGPt0xPBz5PS4YHH/GwU088/oiit4PgQH/PQ8846QGnHhN6BJJ9+8Z++su/3n7XDqrcwZGgTBPEGN96nCeg3p5yT1dpy+a1K5eP9HSXCkXSVS6MDPYdc+QGf8AZYfnS4S2b1vb3dZfKhUIByuWiI/DRR6wbGOiPaLrK5d6e7sH+vuXLh50nl8HBvlLR3fvcCTxiw+out1xw5BHrli4dKnc5EQ6TgiPCUVvWd4dF9svipNq8ad2qFUv6erqKHoe+nu7ly0aO2rzOiWJKTVYuX9LT7abdtmNv4BHIF5uF87S29b7dNe9MwA3rucf2crl01JHrly8bdkQtFp3xtiNz19rVS4/cvFZoCgODjsAbRkYGe7q7CoWip4fedatXbNiwmtTfEoOucpfDyolasXxk47pVQ44qHO16bDdvXN3dXSLeBodLlw05WReKBYePMw9w1FEberrravc8Cbv7+lwm69et9HKEgquNnpUrl24+Yq2wv76jIke9ff09ztMCuHVUGhjoPfrIjU5FsGTOo5mjz96+7i1HrFsyMtjlVhI4VbBixZLNR6wLqrLLrcqVy5eSGAYG+/r7e5zYubn5eKwTdfSWjcPDAw5DR4ZSsegY2RGb1qxZu0KokZUrlhyxcc3wUL9jNsWCK8Dw0MDmTWuFTIcGXS/A/r6+TZvWrVm9vL+vx9GBw9ZR15YtGxxLLhedutvgXDqBTpTz1Lx0ZOjoLZsA227Bvsfg6G0fyqwyow2dd0/Tc6rS0vpcifepUu/K+Rug5n9qdZIgpFoLEU6/1JiZGX+qhPn4Gw9moDDHbv1uR/opRJ8QEH6YcCgURIKC98gC0cNLVrcpGzR69j9262lv4FaIoKPKrEb7lxPZHMD45GnX6+TYCpN5BGZbvAyQXW7sLcFcj1kiH6XhXsYizWiaTVlaNheTNkmyzIHtb/OxuibpUGbMHVOjSnDP3iAWd0GMLjoNsFhr8ldvOw8d70gWYEE4s0aFbIqpLnYaGWJhtMq0yNfk3vt26z3wpqan3/KOj1973W+9K29KqUD+/VXPe+kLnmb7RPekx5/9hS9996577otCbvjD38986Gl4Dqfdz3Be8zOe+lgrqT79xW8JIS97wVOIJe69b8cdd227+94dA/19R2/ZcNLxW2x32jvnrAd+7NNf99Xb+FdSWE+bd73lZcQS09Mz//X+i6/7xR+jlc5Cgbz6pU97wQWPt7WQJz7u4Zd89Qd33btTRcC/ec7Ot3gZUe60xKt+/Nvzn3IOQWPzpjU9PeWpmVlZvi6e9uRH4kvkTIl//dv/x4bc/+Sjj0/kcJkVHnfOgz78P1ccHOPW6jKdC8969ddDg+4cYLiuRwA4ixHEdYStaSnDdgWSQCW9mTi+NG5SO5jJqEilXE3H5KQO05UIlGRIDYKpErX6lIaAiUBJpkgVrkIRdmMNGRmSG3ONshYwWiDB1TZjfjjjsDzNma9zaqRDCSGaGBhSGiraaO58jKb8eulNYnJxUjvEVZFZCHRwSq45JMLwlfl+NQXyzgFQd0NqnwZTXiprDsC0a/B32yLKDGOFAlkW8sQ03gZoEBAKRk3ZBdfMFkjUSF933gYSnSosFRFYYkZqKqcN/1Oi4skHAi+mjAxnHiEtsGNpJANRCO4a5MGKEJN48Z/A86NRHFLmmCRA9uw7+NNf/vW4Yzds2bTWdxA5avO6dauX79xzYPPG1YVC8DQ2Nzt/4y13b9+5n+dDlZnwIlKlYDTOYPWqZQB0bGLaGaiD61g2PNDX7Yw3165ddt+2PT5Nd3eXE+6kmZya2bV7f6VSc0I2rltZLhfXrl52++FJ1m2xVCwsXzpcrdR27zs4Mzs36DnGOYXduG7V9NxcV1dpcmp6/+h4tUqXLhkcGep3lLBuzYq7t9afwjZvWlcqFRyWu3YfGJ9wz/kdHOhft2Z5uVzacsS62+7a5pMVoLBkyZDz4/Dk9BTz9uASh2l/T1epPD0zOzZ+aHp6dmCgr6e7e/zQxPx85b6de45Yv7a7q7x86ZL9Bw6GOa4tFguOeg6OHxo7dNipGYfz8GC/Q7Zxw+qt9+32yfr6e9evcV/TqtHa6IFDh6enyuUuN7e+nv7e7iOPWHPX3TuDDgp8VRQdvVUqVafeZ2ZmBvr7V65Y4mh7w/o1MzOznipm9h8Yq1VrS5cOD/uqWLvyrnu4B9Kenq6hwT5ao/v2j01OTTo5Ll0y1NfX09PddcTGNXeHT6+93eUVy0acfKcmp3fu3j9fqfZ2d61fv6pUcupoxe0TWylvC5vWr3FC9u9zijvpSLJq1fKuUtHhuXTJ8OjB8YOj4ytXLO3t7i6WCtVqjTDbzixbOuL8nZ1zchC3rHP4bFy32u3namTfgdHDh6fLXaUVy5f09nSPDA3Mz8zv2T/qU65ZvXxkeIC4u0hWDoyOz0zP9fQ6NjZSLhWXLRsuFGD33gMsZ8cAHBOamp7dt/+go64lI4Mjw4NFz3L63N0oYXRsYmzsULFYXLlymaOKcrG4auWyPPcLDGD5tCjtXPTEts+jyVKxybNM679jyYYXas6MTc1p/paHuWT2XI5xq4DI3QZVr+sAABAASURBVJYKaSnEbjLBvS0I92/3TAdNmbsysDctINHmhqkKp3wgosAITgSxVGkIkQ1TpPmibViTVy7IhTFiqU8cj1jyx4W1BICvfvlYuJGwzxHr37kQVvOb46KsQKYegSLaujbxmoGGtsGW7aZaWDJL4FpoLu4ozdYhdFA1SuGPudieaXGnwI6BP2W5AMYQNujk9sy+htAYNM26OrtbJuH9lJJWGh5njfB1yg5HbmcHyxo7lSyLLYI84swHrV+/2irJr2/4y+lnPzv0CAzgzC9/4jNff9IzXyt4F2Hwr694Fnv52UuuIDZw5rJPOekYDcFTn2jhBDY2PnHrbXezIYVi4dSTjyVo7Nk7+tyX/efjn/G61735I5/47Df++6OXvPBV7zz9Uc+/7IprhD3n9Ni0YU3wznOx4B6i1FhEL3af9dD7rbfZCc/Bb35/48POfcWPr7thvloJPpV5Z33iY5++/EnPesPY+GFiiVe99GkkI3zy4u9Y9TvOZNNzz38sHxa8AE+8v0/+p4cTNG6/a7twVu973voS0lQ4Szvv+88Xy+OS9ZGgvEiBVuiuARPvmQVNyCG9DDoyUK+FG8kwaQ2pqJJMmQp0ZOx6D5EJoypIjI+BhiDUnqpmnfW3Utk9nS2DAVGoGFDOUOErDngVg0I5krSg5yYREGT8mcBw0w4QUyFlBgMx8XdVBNDIUI/iBDNtP6jWmO450ahnPYk+uTqR+qPYFU7KJct8sZ/8kIZ5Q4qWRBm5KzOaZIN0hqoxdZAGAZN3rDiqQtb3DeRbpVQ1XAgAxHICXY5AJDwhlCIUJiCFuLTI6lGUFEDLAWQJgRFJn6P2Wh+cBMD8FX/i08cDqtXqP26+9xe//lv0tNLb273F3fUtWAjYum3PT375Z94jUMFSQQAmAubCPYV7156xXbv2z0zPTk/Pbtu+d9Lby7C/pzuqrNUrljrfM9NzTqx/Fu3s7Ny9W3c5A69CkQwN9fOZQLVSu/OeHRMTk/Nz86MHD9233XUuLJWLg/29Y4cO37d979TUrINdu/cf9JTQ3V2OJFu+bNjd3ZzCXfds9z0CHUwcnrzrnh1edoXlnlOagxUrXF/DWo3s2LHPD3F0eOSmtatWLhno6+3qKg0P9TuPug796pXLHLb93rtzTikmJt0jmwcGg1fpVixf6nsE3rt9t3u27/Sco4edO/cdGHXP5+3r7R4aCnbaW796ufO3Uqneede2/a4r2/zEoUlHJ7v3uB5sXeXyyMiAUBMu8d07Dh2anJurjh4c37p9lxNcLhUGB3rHD03et22Po4qZ2bmdu/Y59kBdv7ouofq6yqVatXbH3dsPHByfma1MHJ7aum33vv1jnt66+vt7fLKVK5c5mp+Zmd26fY//UD89O3ePr7QCDA33C5bgNDpHpftHx+bm5g8fnr7rrm1V76WjJUsGnb9OrfkHsy9fusRPELgwA/S5hkFGRyVHOa9bt4q4HoH0zru3Odqb9Tjfc+8Op4B+fflbG7qKGhr0qnX6rru3j41NzMzOOn8drU5Mus6dS0aGyuWyIK5b8Pt2TE1NTc/O7Nyzb3TMqR13t8tSsbht197de/fPzM1NTk/fs3X7nHcixLBgljkg4aAa3ZPkOFPb5EngpjihAFL1lNacHiz4VIUPrbI7GoafcDvDWn1LwzCAcgdPhFsa1kPSegQ6XWLRaQMxFGI/ma0O2V0MIfj4YH+zGxvKH0ZAr9VwvCSjaS+PQEy+lFYrlYRrD40QOvOlSsXIrVM8AiPo/AIpaXZfSiJP3pSCNKFLjgPpkGzLyUeDHDzzsQk7lhkWtHUXjL3nXW3btIxocYBhDNN0q1tENij5lcwvbPh1v1ghbQTMc85CqVAamu+iBWeJhnsEBjPTzsQhpbTj6jKY5wovOtxhjqo9HmniMWTms/DpWHizGsR3fmxsVXK2tAhC/vMNr7Ci37f/4Etf/Q5Gg/VfzszV9p17n/eyt/zgiv+xeqx75JkPYi//8rdbnNWFwQGLyeIXPPtJF771I9KKdabXjtmyiaBx7U9/Gy38BOI97IGlIvZ010MTk495yqsqlYogizPr+L6PfnHbtt1vufDFSFbO/OAD73/8H/9yi/P78u/8eOXyJYODrk6EJb7zzn0ofg9CZ5Xoyqt+IYbG1vJ+8vPfRxdv+Y8XEhvsOzD28n97P8OXa+H3bNv13Je/8weXf9jKQh7x0PuTjHBwbMJZuTlmywZ8kqecd9bnL/0BF+Tdg5x/zsTsMVvWEzSu+N517OU5Z562Yb2dw2UEZ1XpL3+/47d/uPmmm+9+0P2Pf/DpJzzglKNXLB8h9njIg07YtGHV1nDHkQDJeskwFc2ym22FDhsw8b5HIEVwoKFrgIGjISR3Mio2VJXIIFnL9lAIFjFI0BUAhpsQB5IYJixmbCBPp8lBk5EkAAypQC+HKL+3zWTBWZsitRiZ+FMrM/DZS5PwrNRKlnHSAEw/dWzVpogzPkU0riHojEUaprFgjYCgjtd3BRr5jNVjlh8N+1RpH4RTJs8KwHyaJQL6wYWZoKRckJXwVEku3tvUtwP2m4LQ6GmdlWakwO/2I9w/lfu91FPVB6AgpDKB2SuIYxnkGNOCM/cibiYE5nk1EOi5cG9nI8qQgWE/ILm0fiRwJQei3K1QYEiB5SjdSFCWjE0i8KgHxzOTsaJaEalEK8BVuZIDEE67cbaEjB+a/OVvbty8adXxx26KngEnDk/97cY7Dxyc0Aqmh7FGxZi5+drYOJfj3n1jmze63l3lcmF+3h03+Mf77ucFq9Zqs/PVrq5CT0/3+Pgky3bH7v3sWHV6erZSqfmb/+3ePcpKsmfP6BJvx7jevp6pqRnnxzJv87/RsUPzFW7IMl+pjE9ODQ/0LV06tH/UdYkb7O9zmByamIgscMP6VV3dZedq3/6xsUMTXV1d69esWO7tn0e8DQWJJ+XExLQzCdBVLhNvB+Wlnhvc4emZaU+ACPv2jzpRDsnI8OChQ1NLRgYL3uHF23bsqXGikbHxSf9AYedR2lFF3e+W0B279zGqgOmpWadcZVcVsGsXtxne7t0HhnlVRNW1c89+d7s+BvsPjC0dGSyWiitXLL1n0t0ssMevI8+RMULFraN5p/r6enq8OqpjfGJyfp47/3d8/PDSJUO+NToyT07NDPT3DA/379l3ICqAQ+A3vLHYK5pd5ZKjASflnv0H+E0EYfeeA0cesc7RtqPDA6Pja1avIK43J92xc6/AZMf2PcccvcmZ8Fm9avk2z4HSh6PCHTu4p8g9ew8sHXaFmZ2rOLM6nHJGD65dtaII2KkVX0hzp8rTC50yc6XvXkCkUBBaSdN2AOsCQnqVUMN1GEz1t3OqudKE0vCTcd2GwxzpqAL7S8E4U/A1GDy5Y7KkqKAwArCENkBQ18KNnTNxPWr55g/1ARiLXOSmiSPTI6hNaIMqqSOZqGDX1LIHVV4k5BFH7mvoOajLnmV21kpTRTcEYHuH6ER0Zqk6HlT+TF8ii2h3LO4OKED/vLuIdgGQUqnkvftbobRGOhe03Yb9SUHjQ28gyptTe6FQKBRL5Vqt5pgraQY6QosZoKena/26VXh6Z4L4ha94q/uLsrOmLOi99+342hVXP/eZTyBodHd3nfPIB//05zdEHK/96Q1Pe/Kj8Bwe9uD78wuH9a8nnXdOoWBR2xdfeqXblzLFe9BpJyLTOnP0L/3Xd1d8q5YZ2VevuOaCZzzuiI1rCQ6bN6393Z9u8hld5B4lLNH6GQ86YSPaKdBZ0Hr3hy+JLnlticHEPe2oe/1aC681x0Je8ur36mnu3bbrG9/5ybOf/liCRnd3+VFnPuCnv/oTyQJfuPT7H37Xq/H069eucJZJ6ltgMlPRj37kA4toh9Fqtfq9q37FhrzkeecRezh83v+xr3/7+7+IQnbsuv7Ka653frzulU974QXnJpjufPkLznvbe78YXmXTO2bUzYJVcA5o9r3CJn+KP7YVFQiIVAYy925fKla9jRrwqcBEoEayUsT7QmMqwMmBEbu+XpTyNQlIriVbAg2ZVlegIjNYl+D3QoVUYOYgCRT1ZSoOiFla5Jhk/kGTlWUNAlB/GxG0hSUQN7PUi0gGiDeMANk8NQOOUdAYQZUGwmCq46iPikPu/uj3rVQSJfVCi/pikBFJs2ACA5E1ZHx44K0XKSr6CMTyouEBksPWISaYOrXC8w6TREGKtCQjLCRRhAs3FjbEfW3x7nt379w9esoJR65aseS2u7bdefcOb8d3tl5U+RKjAde7Yyon8OHt4sYxnAl3HC+Vy/Pz7q6Bo2MTxVKBPaLXR6XiOgWWy0WOLSVTvHcd8Vz6SqWuufkK720D/qu4zq2jq1iacu8k4L84Fz4TcRo+dGhqaKAveuj2nqbJ5OSsf9nb19vb00W8l5qmp10Bpqdmtm7fdeSmdX7ZKuGk0OSUkxUpFgre4wz4DPfuOyjI7Ah28ODEkiWDXZ6/XW+fu0OeU4TZ2XkSw959YxvXryrW3/rz31WBqVC8KNwRo+yqYp6KE3HeRmIAXSVXFfXwGp2YmI5rY+zQ4WVLh7tKwUPigbGJUrEweXhaIJufr3R3lYslcZlp4rC4rf7MzKwndyEs0ehA/1rnIdR1UpwMKtTfR3BycipuhA6ZFwAHD4qcp6dnp2dne7q6+vr7Dowe6up2hTk0MRl/y4m6tTw5MjLgPJiz4Y7S4uqqEVrwalksiLfVpX2XZtFvZOE7EdylsPwTMM8TqbgnvNtkWqjknBKKEb8BZ5EXrcUff3kCgkfshpGfN5a7R2GhGGOievGRRt/1+2h9OEQUDpHezVRRGttabMyzTdsAiNUTX15IYN32aOUqzeJO5EPaObWZR6AWDajGZjeHCNmUtWWKo4SiF19gHoELBgul+krMcHER7YjFihOgnYXqIFB/bo90LPwjb2Bh+Lw2ryYboF7/IZoCzTCvBloFRebm2yqkqMm0haKL9wNCnvIEC8c74u7hd/Pd9+4E4WzA6Gd4ssUHL7rkOeefZ9UdveyFT/v59X+MWH7hS9+2cgocGuzfuH7Nfdt3iSt4QM5/8qPxfHbu3rd77/5QiqBjPf7Yzcjku3bvv+mWu/Q037vqZ//+qucQHFatXEaZOTXpo1UG3aG6MTzp8WcSG/z1xtvu3rrT2LQ+8PFLL3jaY6ws5EXPfYKNU6CO849++rt3v+Wlvd75Stjcn/34iz79zfp1+JL6M578SDQPcuPNd1f5ieHjjt5ILHHg4KHnv/J9O3axx5bVC/uJz37n59f/5bMXXegvvOHx4AceH+eWGiBbBs+EMcmE5dT0zN1b9x6amDo4fnj0oLMAN9Pf3zM02Dc00DvQ3/Pjn/0Fz8obZLK+SqK4zBWwqYikJPEOVlrYuDsTgswPQfkYgYmACQclmTs2dVZhvT1UqJmbhKM0Gh2HLIWJD5gI5FIbyXgCygeCiU/9Kl79spKCURugSW0iQ1qInliJD/VfAAAQAElEQVSIlDYA6ZU2dwWxWWOxGISCrJTjx+ntTV8ZCE0azgwl6OoxNE05fSok4pA+W44X+N0YNkU2T6icXw7BQ3F7AW59Vp+j0aKoMmlAAXy2IM8O/GiQMVHcG6MokIRpEBRfaFbU7I8IhNlqhaYnjqX1/AJpjVar7nGGDDOeL4mzBZPsumwZhiDwlZBJSmUsJ5dYsV8gy0HKUCVbaGNURiYmUogKUlMWCNzamZmZ+/2fby2VS5X5SkwMva7BRAWcPSvI5uv5Aut7wY769o+Ol8ulVSuX9vf2FIrBFk+eH3iB+lsQs0lllu8/nlRr1ZjE4NgnFIOMesJHp00bVseZRN1ksOO+dznl+v+5v0a842JnZyu+R6CPudlKjdYKUKgy6q04zcHbYrTbeZYJmi6dm52L57hn36jz8X93d7sPPnNzEo/AUAyXU3d3ueKd3uv2AbJtMwNVcHvpuaCe/1+kirq03JNdnZ9/Jq/nWONi/4GxrnJpzeplfX29/qGgRN0/Ek9RQl34hw4zBLPz1Wq5WFyxfMnWSe/U43LJ+fh5xRn6j71VxavjW7fudizDL3XJk3lqZkZKOT0zO0IGSkXuUIWKO8gH0S/Q7dOKc/NijczPV0meSH4T9mZgaeStrb/XpQVYrpdbICWPRh4eTC1Cs+KeLYw3ArkZUSRxnnDHHoUalUnonaFc44L0U45U4dxHYr0CHyn8si6/TJkFzaKYN7XrH80sY6UohXiPjkZFoCq2yM6AnOrdqiE31PYyBcgbYbMLlIlIzg3JHRE1dx07XebI1EByvfHkoMBkLCH8m0oimiq6MZCWUSlZ+/Y/GLSM+S0iNRZ3CmxP2Cw8LzauRSyiNUGDoQVt5FRFM+BPUrZfV0Sj1SJs/dDm9riUdLglGfH4c+1cvi7/zo/4xWXmUDBv84CC98eZHj84dmjpkmE0Y3LCsUe65wSF2Hvg4O69B1avXIbn8MLnPOndH/xceFVfNTnxhC0EjW//7/9VuN0r3cJtWL8amfy3v7/RSPOXv91K0HAm+kmeENbi4g3inx7zUGKDb373p1I+Amo1enBsYql3BBUSJxx7BMkOP77u90+x8Xc877EPuehT32QWrwMDu9/JR+OZfPWKa9nLh5x+UqlkdXaSOzH03Je/d9eeUSZMVPXfbrr73976yc9d9B/EBsuWDI2MDI6NHSaZgROM1ldHM+l0UzE5NDH13Wtu+O5Vv9mxa1TF1voNC98iJJN2DbvJ4DLCFgyiP1S3PgTaSy6EUjMNl7GCQA0whdgSpCq1sXeNtxGqjNQllAUBLpE1BUcGhGh+JVQm5+igTgvhB8GQDwQDJVGoF58XinmyGrKjh/i1YRLaVoJF5AbIYFlf64RlpMdzltKYHtWBCH4XIHXkEiB9bvM3HAQFPWH7FMqGA6iX7ARuvmebQB/3kCMgLmyDimE9BVB3YZ7O+3uiMetFBMQ9DimvJkWVBnJa2Y+2ThWVlBH3OK0dXUzV+hTqFfwYAcsz5hEoEmgz1ROY1vZq1Eg/PNi/ds1Sv9orldp8teKsIReLxZ6uQlwEXX5UK6m3fZQvAnAeFfVk3k6KpFQqAPin3Na96/wzjqdjrmZz81VHzhnRmc/NrzI339Mb7G9nXBQveFvoeX6NRF40twFBqVyshN51VHOn5rtPzvOEH1Co9gETwoeH+9euXuGzma9WvTqqOXMmXaWydGAellda40Hg6IFDK1cu6evpcQ8xp9Q9iNnJt1qbmp6NM/Q3tqc17HkytYqc0tewelBEuavUdzI80mfk+UFVvc4XZLFSQAOL2Ag0chxILUIbAPA9qfOtU64raTKcLoj49s569PoS1qrVGmsLmYiciyNLPBXr8xf3F3T/Fl3n+ZCA7dghDJK94hE93FPhrdfYuMKuJFmaA62P1wCa60lmg8SCtuyyIEUFmeFtNVqD0M+1Cd6Bjc0wn863pRpCsDdKCqnapl2Hk7rczUWGjhpExdDZFt1pY2AjFqJTIF1olbwwQVt1PJUZqP0M6SJaDuF0uGU9SifkWxiUxF62XUQCUHOl84/0rQX3RUYoMItZJM2TL7jz4CXnqdJZeoqM66QTjrHhQU4+8ZiTjj9KmA2P4B/042ZBKP5MVR9lVzZ3p4wo5Hvf/+m/vPR8PIdzHnE64xQY4DFnP7hUwo7cnMfsL1/2fSHMKeNvfvf3jevlhyz7T+iUBo/ol33zmlhqMcnfb76ToOHP78cEzcFeFTxPPP5IYoOTT9xy4vGbMfIlsBDHwKroxQwOsVvAJ7/wXSunwBXLRtatXr5jz/6AmTcyPu3kY/wlLgzm5uZ/8vM/sXp5+hMfQSxx9U9u4D0C5fjdH2+56dZ7TzruCGKDZzzpzC9c+sP6darRv3w1JSOzTcXmJz//69ved1lCQ8JA7oZhTgHyJKpVN2UIVbJCMif1ORwsHxMZqxOq50yS1i/EroyFlRDIrRT0fIRgbUYgJ2A8PyB8JMNVH8QjlGQ6AmJUvFHDsZxAlpAoApUKBDCm1UcBYFJyJGJZcTYJSSmAmBKbWOME1JOCpO7sOGRADxahDQEwH3SKtGBPlU2UXCUKb900SY6yJ2r2ylvqCPsy/bNsvYOgXIBx8SDOJzaNZXBiC8NlulDRB//r9KBx1vFVEORBlWT1K/+7nkpGFgkivjcIJJ6ORLy0LmX1pFpdxCpJZgkqVUeCS70hYhx0O9p65aG0Fjl+gbBiT7lEyQexEUvjAXxgygaIvOCsrNQkhM4qnAfRtauXEvfU3dmdO/d5j9IugTOHsHHD6t7eMiEalSpkJlIbIzPhJn933bO9WhUG0lySYrFG+Jw8pz13LoJPRUqe98bM9FzYjJ05hGAbvUq1NjMV7PDnPM7zr+256O7pWrpkyDGI3XtG591jf4tdXfKN0ru6ij579+hk6nnsoc1DT1hWPM92e+86+vMDbh2tcj0CJ6emd+zYG053uH83rF810N9LdFBayOjY+MoVS5z4ZUuH9x8YGxp092IcH5+Upp2ZmR0a6i/G98fyMDzU39ffOzU5fWB03Jkocmqgu7t74vBUnLLH07Bqx0E7UMiilWrgd4MZZJGrlK2CoFP37x/Q9oW2FL/muud7zsf5Fd0wvd8UhVNga5tmJQ81XOcJZyra2yJXMpik3iat3nS4tgej4uBJSiCyT1JIZRp/R0NFlBJOkpLrEll0/jrjpAItCrmB/MRmSvknBKDpimWTLKVtSFy485YYy4KqIrJAQ5pUunZsRw02u/LnkH9juIYPyMnY0AwoGgKIl3EhjKIg3gXkUOwFMR5tJurvZMmwuFNguyHpfYWGnw7HgiikB39g37mFpcyPTi0lkGiSotPNltKsx8SLwC1LtxQcG3BfyQ+NngS/IIq1ZOfMp1er1Uqt4refclfJ6gRVB8+/4IkkN2zetP7W2++OLi/+yvde+ZJn4E+YXbli6ZKRoYNjh9jAC57xTwSN2+7cOjMrebf+7e/9lCqJM+fiVJGjVW/S3xV186Z1K5aNjAwPDg8PDg729fX0OKsUU1PTk9Oz+0fHbrv9nj37DhI0yvxOcvUBKs3SeFXMusplWwt57vmPI7nh6C3rb73jPgSheblrz77Re+7buXnjWoLGS1/wxHd96EvhlVsVz36GxcnUf/jrbULI/U45ithgbm7+3R+6FEn8xnd87urL32d1QPNZDzklcgpMZ1/KpFncuFPZ/R/+eseb33spmi0qL4WSreWkbE9vxQSkrBB0SHZ6AlClqvt3SGYUgaB1Dtp44Fj6IaBnKA0HUTqGHzEKBjqGWjJZiFI5cugVFAtL1oLimSSqPnmgyulOoVIqeIGY0wLBC8ONs8zEUSCqCJpAYxQGCVw9sCkbAQsdNgzA/G1stsnvl9jEoPCnygIQUx3VUrPug1JtU22UZknQNglo+ER9UOjKAloOkcMLqBjGRIpvUwRMLBso7WylShbCjTWtIBCDrS3GIoG2o6KuN1ctOH5VUjofVMEHNDd1CQdCmCV0ihMXVTU0TqBTkOCcyGXhupR50du27xUYllkPPIjlKBdGQhDBO8XOFWZwoG9sXNxc3Mlu88Y1jrD33rfLeWZxD48tuKf6znoH6c5VKl3d5b7ubjaT7u5uf9P0uUq0UyCsWOb6OM57LoAVz7/DyXJoaGB0VDwVd8XyJYP9vd4Jy6OzM3POQ3d3V5fUk3N4eMgrKaVVt2A1fgNGDXi1S6zGdcIo1XcfjFQ3MNBLwsOF3d+uVPS+bXuIqDTM22Xy6nAYHp6adgxgyZKhqemZgne08f4DB6Vpp2fcKQ4oFJyn+/iRvs4sSrFY8PcRrMzPF7u7nCqOsXIx4Lke5n0EsBUS3bv0HVLU8TJfrQKd5CZRbfptyKXkLabMOqi3zan3ti/ktJBP9dHNQuymlzkaXDZvB0R5VAGo/wZ7zfh2KI3+aClSQTsw9myxAPymvPVhZqyP8n66p/YUi0UoOlPU/k2HIaDC83DsRRc/jt+jOpnrtjoFxOKTuyD7zRUI4v2NRiBxv4wBX8SGFLaRGgX2V8veJbKaywayULBgSip7Plj0CGxHUP4mFbfgRafAhQAqW8LqWCzuR7aIdoH70lOxSL3t7DvebCmVNM3gFkVbd3yFltArX8JKVC/Wis4AwE/8A2HXhoFLyAUBk6h5oN5mCMFCEMSfoK25uRP0tL7r/Mb1a0gr4bhjN7NOgVPT07fdsfW4Y47Ac3juM5/wP5/7Ohty2qnHEzQu++bVxBr0jAed8rQnnn30lk2rVy3r6+0xumFltu1/pv2AyyzGcMP6laSVcNzRm3BOgXoEhfziZVe/560vwyd79CMe+K4PfslfHfS6Z/qQB52IT37JV0Xr6u/rITb4yc//NCc7XUuKnbsO3HL7thOO3UjQWLpkkKSH6vkpDE1n/aksfm6+8m//eTHJDRTVtvH+QJCCDGL1kIo553KHTsVBUA2Vu+6Bng/orqnFLJtRYG1xhYhkecpCqSQQFIkEjRmLoCYguGLy+RpSAspKY5Em64LgL9XREyIO6WyY6+oTkGFGZPDWD6CCmCioq09IA3g+Ccgi8vRlTpRv+syiR4RGgOm5MRlSLQcEwoNmtTlSJOeADuobBQKzBgmmOSeQOEpJ2CMSElLfWw055gBVRjLm/kAQQlqjYMByBrXrHvtTelQx8JcqJjHnMarqkKkinSIjiCvHTjwIZKEan78gH0DUHWYZGMPHmNLMxEiROUH90neqi2175DoFlMtFotwPCWL2C6Yc3ZDpmZm+nu4Vy5fGnAJh3dpVhWKh5k04ONeVarVcKDoPO75T4KFDkwP9vQ7BQH//4clJX/KN64InzYGBvvFDbmBvb/fIsPs8smd/4JE2Mzfb2929fOmw4BRYKpUG+vockSYnp53Lg2OHlgwPFQBWrli6Zy+3qzoUgmecyakZsYhK+JZqhOtBtHbNct7bD7rKxb5e1ylw8rArW9k7tSDmiAilgkNpt8BEsZ/3WQAAEABJREFU692K+71v7+jA5nWOJp1ZCCdw1nnUYXZwHBrqd+jGD7k1NT096wjg9M+rHWnv28Xy7O/vhQI4FTfqvVp58NDE6hXLenq6+vp6p6amWUonpKfb9WI8ODZOVApJ2uQQyJa5klvUNvIriQQNzcyUOzRJnkwyTcUE0Hcgu5yaW71NRF4FtxnitRZzNg9NtLsO4FhiVZJC8vAWxNVqtWqlQotOulLV+V2rev2YOBak3A2OcnyojK8VFGmcLAulUgFQDYwfAtcHmZQbqoJ78gyQovsGQn0gGxsYChs/UmnJUyJXj8AmgKKCsEkRgMiuM9BYPkpvclXShHFNA/JJvO3vjRCMGwA6oDALG5jqK5CFhjY1av+VgbQT0AuoRafUVFtgAbg/0s52aHWmsQqlIhQKfjE7uKjUGGVRcnzjDlYNQf+RoVD/FADx8bfDd19lg4KfJHEnxAnHBtc9AplCKcoRSs6Vwb8kzYQ7G+D/r8lgx4u47rTeK+CB9Thz96SVcMwW0YHpK9/4AbHBPz32YezlGQ88pQt9umulUvneVdcRNM544Mlf+sy7/vzLr3/hE//5uEc/bMvm9f19vZiN2SDtyCSvXj7Oc92aFaSVcNSR60ka8CW88prrYz52OgwP9R+zZUPEZOP61YMDfci009Mzf/R2CmRF6FYccaXCzbcLDpF6FxByz9ZdxAb44iRCLl4wVrj+hn/MzMzL2Jq8hXQi8WRUn1azI1owOUvFMAkZH4KBJZlMJZQlkKYyQVx4pvxlBiYCMf+FuLrYQIjRgDqVEGJDUJ/mNFWf2AvHVRK9EV+fgZKTcd9qAmJlHThSlEdgXNla6wK2LBCjB/7jqyYWKCFmRr71gSQo2Ubh9XkGFbEyCsBIrwfU699cwHgUW2YpK6ItkS2ZVdEQZW8wgPnbggBpkFV1hJagoQQMZ8IngfAEQp4A9PJooyxslQnkmiowRVLnLk4h6oiDRgQaSlYYXop4KZQPCKpwHEDFACRkoCYgSEHATABGCj0bRBYRDaRhouCpzFFNwNwv1CvmlvJ4jCY9t61CkQx7W7j5cKZXNq5fZXriBIRPpYidu/Y7+ToTchs3rGIfaYeHBzx3MRgfC5wFZ+dcX8D+8GzcQxOT83Pu5n/r163YvGntEZvWbtm8oVgqHJ50z/MdGuhznvKOPGLtEetXO1ynZ+cmJoJjcHfu3OcQFIuFIzevLxSCHfS7yqUjNjqU7s6F+w64zoJzc5XxiQnnx5KRoVUrl0WCdXeXjt68wT/FeefO+maKxsdxim130N/Xs27N8ui6t7f7yE3r3NQ1unvvASfk8KR7Dm+hWBgeZuoIYOOmtSlmBdyUM7NzFXejRHdHRufv6GjdV2/d2hXOZ633l3iTSnv3u76S/b09a1fXH/Ad4devWelMEM3Nz09PzTpMD44e8rdpdB91BwciyqGhfseoiPeS1diYuE+kOMg3IelUBrAccpkSgYW0j48P2dNHhjqgyMpqhZn9rKs+LyvNGHlZfK4FT8IcU9AW8Agk/tS9M3lfYz40+NQkHxp83JORvYUD6m8v4P+q1dcU3A8JrgMEbzuzOzYkt1tNGn8UXPDXf3i4QeFCUX1NhgSfYG3GO0UpWr8hwX9v6SZY2wkG2cxCkJ8xCP26fHiYvBXEfar9NaWgnMB+JGtjRoTceMTW6UiOwFhsur6uZW+7mXfiSUrajh6BGLT8vRENtsB53fQ7R1stDX31LcidAtvJ9waiP4tYhIhGWnGw63YjbXFxz0cT6q8YtTi8x7KGyslM/Qg/SWDGbGyMknfHY0l4TtHvYhHKpXKhUPXXbZ2H0WqlUrM4yIWZEGTf+qpnEZ3mGmyBH+iT99jQ7yPTeXcSVkEO1reYUyA7g+/jf6++7j1v+5dSCTv02rRhTVd315y3IYGD5z3rPILGn/56C/IooeOO3fzBd77u6C0bSMdB6COdRQLSSli5YilJCa7zINf96s+Pe9QZ6MTkZc9/4hve8Rni9S/PO/8x+IS/vOFGIaToTRERG9x8yz04woDt7XdtO49YlK6nu0vFygaADmw0vv2D36JpE83W8K8h5w+zqmn8NkeQPgdxMmH3QWRFQyCHlIBKx8kY5RtTpSJgSppAvHgVoPhQE4E4NjPyTKhbItEVaGLVqTQEgCOrB9jYm35sJ4mxelqTzrqDjt5Igsgz/stIygZS6ZDemo+axq50aXSRLRNMLtEnJ1A+O0uI/Zaat5iM6q65GCL3HVIyAOZvjADkTCDOUiELkxYs7rlgoQ0vTLULnUR1RHzM5GJiIcFzqhjodS6UMzapbVA1fyWAqCYWpHnJCYKSg8p/XZCWGiUiRgqbGrbNjaoiDClTyARyQ+EpCE8AfMYQt4q5ucrM9HxPb3ntmqUrVyyZnJ5xni/6e3ucyZapqXnnm5hkEhjGCLjL+Up1z4GxVctGnCyOPmrj7NxctVrt6eryNyycnp3bsy/Y4e/g2MRAf29/X09vb8/0tLtF3z1bd27YsLq3p6vb223Oee52aHbvHV29cunIyFDZ5VB0xBmbOLxr14Eoy7n5yv7R8eXLhru7yscetXGuUnEap7v3nifazt17o6N7d+8Z7enp7u7qWjIyODIyUJmvFovee6heg9u5Z7/wQiWiwzVX9/TMbLFYHBrqHxocmK9WioUgRyfdzr0H/D3E3TqamXVkW7t6xcrlS92jfgHclwkLMDk53d+P2TkeVEsyowcPrVy51M9xbGwiCu8NN6R39B9Qjh4aHBzo6+keHh4YHuyfq1YcUykVvZ0mKdm6dVfUlO/btvuITeucsqxfu6JWW+ZUsVNG/7m1WqPbtu8RlGN7CkKKZm2TVQr3hPxPo8yZPR4tIkgmYmRVltS3Hqq8aEVAPjLmVe4UTntAwOAPnoI5GrkbBOLWlg+0JXO6VOdWEtvXQOJ+r3we4Xtlty6rVfeP5/0oSWZ34K51vagSFIrFUqFoSEdVfGLziZS6rpK+S6C/93PAQMyfm4qM09AYLRY0AwozMnnWzrpx5dBY7d03284j0IO5lC1/a0yFzi7dwoRbpwv1+GDaDiYNTRv8tD0Wwh56ZEEU00XH31upcgydWxcgXQ4FBG24PolgGSyheOP94HBd4Jampam9d7zsdoyzB5UXoR5M2aMA3WAauCJQdrEnIvYCaKoGSbW1LTwLaeioNF0aOPXxuje8z//tVKUzgep8uS/3kZqthf7jljtJPvDVt2rlctJKODAqnkTjrBb8/s//eOjppxIcHIU/48mP/toV1/iXDz79ZILG5770XYNZeXj321719Cc/irQIqK1N6QFChxOsMbQMnGUPkin+3+e+ZeUUeNZDTyHhLeiRD78/PuEXvnKVELJurXXr+8et9ypuCHLcdMu9xAbuKWMMEnWHjRqH2wtXq9Hf/fn2WDDS0wgL+xUkSV5UMltkXKZVktU7CSDqoiXKzqyn+rH36uldxQgrRqjPyERmlDU+zMLpBDQEBKdJIHWPGxMTwPEEnDAgvYfECo5qEKDgxhBIfprKYnVyq+w1FLXp4tu+lRegNHMwJpNx0tOaYkFGD2xTxMgirTUtmR3sEyZv4+mQ7SwTzfDhVeI8pOUdPRpJTIRKiYmROWUYCn+B4SNlYnwQk+ondOjyY8VVP0USJb2QJOqPgQ/QEvvhIFnOkyPucwIWvR2XaSaPrywfttLsCIhMSxJ1e/FRXVAZnzBLeV6E6dOUFOqaktJoCCgBLUlWkOXCzvMIle0trrthW3fsXbdm+UB/d6kEQ4PuznzVCt23f7xcLvX2DEZJgxcmIa5wqhm++oVnX910Hsempmc2rFnprHv3hi8UOSwOHDy0f/9YxHNycnpyara/r3v9mhV33L2NeNNWW+/b5cT19HRXqpV5b4s7B7v3jjqfnt5uJ9XM9Fxchn37D07NzK5fvbxQLITn7dL5SnX7zn0z0zOMrug99+5cvnzpsiWDzpxA8FxDyVylsm37nig7X3mhOiG2VC7RT6gK9yL+CuG9W3euX7+qr7vL82t0Ua3Utu3YPT1TL8vW+/asW7tiYKC3VCoOeXs6Viq1fftGS4WC1ClQNb8Xv7u7ToErljrB/jHKEQ6OOuFLiOedWRdj684Vy5csWzoCBegqlP2iTU/Pbd+xp1KtOtOQvuPp3Nz8HXds3bB+dV9fj7+Rk6+YycmZ7Tt2U5m48jB5hybcAS3aVd5NkHloSnlrts+4yQwCUO+gkvCenoorNnF2oqdGMErI0iE0b5NNDagPXbJEXuWOxrApALlxRqDBBmHsx6wmF1XJxZ8qOsptR0iYwTwGsscW3w/O2wWRpIJ1cl0CUw8SP+DYSMo+IchN1abDpfJgJX2SuBAA4ZsS8dT15y0oensm1goFu+G27AHQoikLo784QeZ9Y/Csh29xiSqmDdDm4hvQLjfULNDYwXJ+cNo/pl0uVKfA1seiR2AKLAxnOdqgcX5zsRBqskXArZQBG8gO2dl30bj30oBhEe3bAaRcKheLBWdWrlqt1VdZWI78XbdarThTiiQt/GcDcXae+aJM7obTVKSKEVCrFryd7mvV8N1u2oDXcRt1l7j2p7/2f7iPN96L7LVKtUZrjZMAAUcfQ8wxQ62A3Xv3xwM//8Vv450CHTz1iY/ynQJPOH5LX28vMtX09MwNv/+b+0trJ5/88JvPecSDSEshhz1Fo6Y4NNBaFrJn7yjJFNt27tu+Y+/6ddgNEXt7e0479Zg///2OkZHB5cuGkanGD03eftc2IXD5UmxyH06HOTs3zy+VGnDv1t3EBtDSA+m0slkdFZ0MDRxLI7VRnzrE3rQll2KI+nnZxIcq6UGVxDYLeaBdAZMmSQaGDzURGDnokiTVLeDYgokPF5BA4Vx4uJmWeiCuTps0EAPQXBErvpAqOqZOf3gPRPOykRVDdFxipqoUuM4nQwSWBtl2796ZlyQbgOXDf/gch0qEZs4Rhs0TSHZbvSEBBtcu8aeUPt50Wa/HCNKmJAQKvi91Mk83IDxwE65ni7IUlrggxk0qAwZAxNz1HIwERKZSow3oCFRxYEpoD0AXnKtKkjAvYlIjueOuHaqoW+7YzsrjzKhs27HXGcb39HSXisXJqWknxFmFLRaK+w+MVcONeSYOT956+6RMbnCehogC4SMMl2JmZu6Ou7c5OTpPRs4arnNZqVRictIdO/YevcU9I3jN6uW7du+Psp6emeWmnHye07NEjcnDU7fdeZ8zS9bX5zzd06mpGWeyTEq5f/+o8ykWi339PfPzFSnbQ4embj18r3Tcvn37PpUMjgCEKV0U7szaudvsuZvzdRcLhcnJaRrrYZyJoG079jjXPb3d5XLp8MRULSTaPzrG5nLLbffGs3ZInSLHolz+vT1dvkHtP3CQjTswOj42PuGLx4bv23/Q+ZTLZUdap9amp2Yo13tHvRK9b7tbqK6usmNXzlQJ71UZYPuO3URhyrffuVUWTKqU3nLbPUIpCEmq2HsAABAASURBVAL53UuE5kAajEbeJE3wDhut5tLF5goq+ZUUSYrdLnqSAKKvzAqRlzaYkVAKgJZ9rmi4meTbhM0egbkXODg1N2WnbSEmhtQZgM3V5kh2KBScbItV7xDpmNaz0HEiHshEzkBUce5TXXzvLY6SP1/h7yWp8XmkfHJOH1RCoAsBNr3kqUyYRaUKkfRhLLw5Bfyce/vfWORo43Ih0Nmli1B/zllQWHQKbEksegQmQqg1umAacsN7Z6SzcTZ5+bk1royGtS8SXys0LOWAgQkUii6c30Xpm0CKbKjnfEbZoWAmdcIOPyHcKM8fYgIRRp7hz+jGCcFEqD8ijHb69rYIdMh8h7nwZRXg//BSNOpNRn+4jnn0YNYWqGTy3Lt23+byCpn/NofNhP8uHETT3i3W0Y4eHCethF27JLPwv/vjjc7aRn8f1r3vmKM3QQGcVv+CZz+RoPHz6/9Uv+Bqqv7rq59/zwPudwJpGQRP0CQHhM12dCzjnflSYufuAyQtxM2sLv3mj976H8/Hp3/p85/wmjd84oJ/Pgef5Cc//yN76Wt37/4xYgNnyc1Z9XH3nADlIrMQcNSWdcQGuXlmt0THNzsXX8pKKVjknxReUBS94pILp8aBkyyVfQhGKkkqqjW8+KXixVuOIaI3QyqQWJLFi4LTCZgI6j91da0FSAXTmgfuqF8wEaDI4lIAjRVex0AVJy8e1H9QPaU6C4xy5PGY5hOFIY2TSQPqKIKIAmxaPiejeWjJTMlQabIfxWTOMCu2XD9oVfDwKVES7DMjNpxiPRgjlU9E8cxjDIFpazTaDQ8MaaPMQLKGQ5SSxq+o7FUZWVmiCRORnhoyNN7ogZsgIHp3Nz8+0BPwdx8uraeZnA60VAgZWEM9gApxoHoVIq4stfqCXAQCVg8UCMa5NCauGB/MvcyFvmvFUuERD+d3lEdpV7unHiHlYn3XbYkTVV6HkoI3iqfTzLZ5QbBFB04tCdz5nKmpaU0SZ65n1+4Da9cuGx7q7+3pvm/7LuZdVhDaeZezbFxwT9plciRCptVqbWJikiBQrVYnDukpTTaDAZ96emrWSD49PTst+ikCYhZORQbLl7v7+teq1amY+yPjDiimnXcwPs8LAVLiubl59YtVql4A0iqWh9j5YJhT+yQkGGFnLL0cgJlWxSA5A0XKYAUjkRbsUmSl5exqC4j90Y6q/PO3obSgJEFhEVzzKXk2zaWxnOPZNADU3c625vb+4fAp/xxtghGRNgDSgBIGQA4SM69pf4nQB8kQ1I4iWd7UW9uUM68PbtyXW5xFHG+BULrWK306FK6lWxazJLqmTnkqzXejYHFjCXd0NlJTZUxCceScPXGKjrkWCjWZ0VKiD0pk5/bG2vo36ZZFJ6sOmL9soB+y6BTYSlj0BUwNV4P5PAwsIkAj/QKbW5fcEgNIQmSXhHn2Bi5cnO53/hWLxVKpCCA7b069e4S75978HHfbstYT5Rcc/AtuOMq/o8KtThAruLtHlCrz8+7bz8ikrdp+4/P6UYC4c3zngvoLVC1Z2F2ynfmaiB275LsUXHvdDU99wtkEh1Kx+LhHPeyHP7n+rIc+gKDx6S9cIQuuG++Fr3leS3kERsjVsnbvSe+ElyV27torrkeRRGB69G9+77o3vObZ5TJ2eH/6accXS8VzH2WxYeQlX706HrjL3sHxpBOO/MOfb9Xev7iIE4/bRGzg3HZUrFKgVe5Pk1P8QinexQdHFmxGnd2NLd14DnDcjGFgpkeRGRuusayAvAwHHkaRzAQ4pWkl101US+pITyAQg7RQgOWgIAD+J6KZSMiQ9asgM+z5Jy1h4hw1Tw+JuohkT3yJEllmgM4joTBJkrWDRyCEn/R9e3ImoHTaym8MmIq535JNLOTxftpMF5WlGamkE0wo9iwLhHtnT6Rkw6nskqOJ5hPCs42Bl41LG4biO3bKfVkkkcgst0BDRYHs7p+kZoHE/ALB86G03ooSRkcnNm9c7fGEkaEBLlLJiZpJYvS0Whsbn1Qy8oSRhGkJZOMEKvvNJidqApI1gQSHDh8u7S2sXLGkq6u0ZfPG/fsPjk8crlSqLKPu7q7Vq5b1dXeNHZ7ctQs/O2FUoDk9LnHajJIB0+07t9G+Pvf04fHxKWKAubhMk8bXNTReM5lA19z92xe2ZInNIwMf4VxVb1u1zbGDbHM13mBzyzk72MsFmbXi3I5NoCQjEaVPHpacW73Hq9Vq87Wa1Y5kyUGNATkiGjTneh+y4Jzbax/Qtt4P7vaGc4Z9E31Ldf7OV+bdrUNsNE6yRas0bguPQAfOQnm5WJIQm7zvDKHCAwhFRrlOgaViIXRllVYoVYtGTSLKkwLLW9FaqOFan4pq0gJEHS7+hoq2tuY8hajQlmN+I+o9bDT5x14GvxadAlsH+d0TO9PCObC6o3bPPu2K8IZEEgGIYhlKQQ0ySojFYaLqLPQmHxxU6g0X/ZcrBHJv7zm7EZYdaPSHyKdR4gQepOqSKMPbRc8ppnuybjV+QImyUqjq5QQ7u48myOoXJmJbBEsD/otAwkYN2jRtitxPDI5l6P1tsMpcn0DKWX/L1NnOXftIK2HHTrk8n734CrxToIPz//mxt9x297Cw0qPG6MHxu+7hT3fla8rpWp/3zPPIQgMlO/e0mNvo7gNC1cQ6cnTrClM694frb/j72WeehkzXVS495uwHbly3Ckm/d//Yjt0SNVa9+3GhYNEdnHjcEa5ToAvmmTf8EWd0zFEbiA28w7xSoSs6G0Ld121cu4JYA9CBStRqud9v1Lc0pKji8q2ickGbiqjURdPyiRFQyeg4TuYPZaiUALgvudUgsoiFQVaPNpQdlop5mcwSiFmrIQ1/dlssieEJBBCCiTnKOchzVJHhagfrXSc8CilLQcO/6seihLcFEzEowy2yAOlP6bUuCjCpBAJQaCZZB4WiQc/WWFWSLVIyB+avFaiCVSIhJLd9kaH2qcriCSQ8dkDPXNVhx9at2EvKfanloZJmhXws5qUOUwhTX0wgxInNmYicglCKo1Tw1B2CFjAPd7sjOIDMS4yakvgI69cP0AxvQF810f2dKrJgwiTTV1wcAlqNe5Hbdx7YuH7FiuUjytTqrNDjSFcpN916r/S4VVRqgl9oB96kJUbIhILJzjEWQs2y8gSjY4em5+bXr15eLBVWrBhxPo5BzVeqzrC55KxkQrC/phM4NTkj5WCheztACs74W6dNFvK1RyXl0qWDfhcrnB2cEH4XZJqhS1sZlulzqnslch2PsGh0weyyBhvvfOuiZFX25unQPOBqZQjeDCQb5FVubhUpC0BunJsLyv0Ey1acMkdFQH5Zu1lVqlVw99SgBJL5WGd0s8u72ImfRFVAjjCQtNmi8UpvrS6AooJ41KrVeUtOdoWmuOTRCNbdI7Dg/K3WqrRWU2RvIQIVLxLWGRWuMjQibxU/Y6akk+5PLYxwJADCEyc7BwJBxKJTYGsgby95Gn4yRcMeMC0AVsGk6YVIM263SwaGJTh2KUVYmoHYoovg9xY/vAl4hiTGlM9GEug6BRa9XfTAdYOTTKm6DoHzJNNtbJRXJD6lRfXpMSgW3IOIatXafMV6jlVSg9TWnBtk/Pl0P62HFIO5tgJtmOXYYseO3Vb0zlP3L375B3U8cEtr8VgTDo7LjzO+b/uuvftGV65YSnC438nHPv/ZTyJoXP3jX+kJ/v1Vz+7qKpOOQF9vN554xw47t9GqYyHX/8VElbw5jI1NxAOFQbsFwqb5ic99C+8U6OC/Xv98/Iu3V/34t0SR+ezsXK9NdZxw7CbvG1QMCR+9eeMaYoOJw9MkHY7YtNpIs3L5MMkAaTpVQAfapIXwSVHs9NNkF4DKhoaKAEjIx8RXHkd1/moQ/qEKAkWIngAsCTA5CtUlOJWAUemqrBHVnKoiOILkbcKoMQUZ2PIxtQXdqV1SbqlzFALNrSmBlpNXTHYsIbUYSZJ3lkdgggeWZKmSs9WuiGUuDChXG+pH+IIoE0SOX1aOR8ows5AQX0mImwQNiOWBbKyGkg2PkQFh9ACyLGL3Hi7Hegij0DhBHEJe0hBVQqq+jNMmqtN0AO6oZoLP7rd/uPXITatXrRju6lY83CmWvUwF8Mzf9Wyb3bp9z779Y6EkQSyVi2asRyvdguIZPJqQS19TSapyemr6jru3jQwNjowMdnd3OYv4XWXvnGX3oENamauMjk0cHDuUbaYGRC2PYpoSictQdVY6KXXWYm0TGmnwRe3r73Oop2dmKmYxECIgkLYasq5G21z4GL5quJsV5GJ12SFfyRDG0HzV5CMBaEdTrWsQyREMP1IWLVfNZMYcRNtuSIU2JxOvXn2PuUbk2Pim4boceTe+nHZExJaoISVv1j6BDavW4HytBQCrd0mRcLdjrNVI0xE9avhOgcRtoeFx0J148xRAF0IhOxM09sNHfNJkIToFtpxZN2gT5MznrTJJLn4bE4RXICcBKBYKwVqmZiIZ6ilkfPhJTwSk+8AZUnj7YFcrleQVY5WS04Zs0xFa/wrmt0nktMiRe3NNiryB+a+DX1daCoCaOw4AZ2bKmZ6KE7j79rbCQCEdmnfmbAuPUKUrFC0FiYTZ97FY0IbrisouW6C+duzea5vkX1//vvAnVwBn0F8sFYM3gXIYDX/v+9e94iVPRxI7iw1Pf/KjCBqf++J39ATPecY/EUvcfe/2K6/+xT337rhv++4Do2Pr163avGndERvWrFu3cs2q5Q+43/GkSejp6cET79xtvVPga9/8MQNFqiGcLm3iln3XvTt37xldvQrrdWrlyfelr/9QFTVxeNqK1Tln3r+vr2dqalZfVD9y04ZVx2xZR2xwYDRajUtYR5s2rOQDJHyOPcZu/0IZWu5uVyqWvEnXWux4BKSoZjIqH8kDgg+Y+KRjW7dGDR9qIhAkxEuiJEDfaa0fYTB8QE/g/wYNjfC4Jyk4/6SBeCxUPMNRIT+IJZRegomAaITnKcyTo2rpdIksq9NQcItIJZ1SaeokXJhlqjgNpOQgkml1nKw5pWqE2WfhLw57T/IIaqkvToaI+3XF8pP3qf7jM74IoOVcF0P6VO7u21EDhk+8FVDuDiIRIJbKDwdpKtMzB3cjAp3LFEep4sW5jXjEgHqkNe9iEvaH3HaAcebucIPU/S1xucvvngh5iCcK1wSonJYa1QcxR0Mi0acyrc8A/4ipLKDD4657dzsfhOo0vkUUT0wFeSSigTZ5TFcknpww7ZdvR1EAY1Ta6sfYhrYqJfQuwdihiYOH3Pe7HCMuFQtOyHylhp41QJq6AVRgmQLOY/LOXSQTqSJguhKWatu23dh0sbRSAmjObCtkqUZqFQPRDH4boQELIp4pQC56yYRljvUFyfNsCytqRFPLMoP8fNraqtFroV5szE17zGpog5FzlnbsrZ5HkiM7HwhcL9bganWWqiuVqrOgTSk1WW2mojXefGVPxgyo4bpl0TmdacsqrFfXAAAQAElEQVSgRVXaUTVNqb5vlRQ2d6dA7xhqKBS8R3Vv+0laAO/Y0+Aoj2gRwDteEhhXXH6exKdhWceKg+lvwJHF2/bT9/ONKClt+ONiA33jm2bmoA/GTJUpCYEnCQIh/A9ExV/54gVqKUcpUnw7PSMfMA8RNOAmwxKkpWYS+XWQWKrG7EZcDvei16XVqtUabZoJ5w+avArTTv01DBZFbP1yqSQMT0huBmgDVUaJYtWs+Zifq0xNT/f19iLpS8XiyScdc+NNt8ejoOAeX07nafQqULa4+Kvfe/mLn4Z/C7BUwo7W7tu+a/SgfIdC3076+/u6u7sIGjt37XvGC94k7HYwevDQ32+6I7yCm3//LdIkFAqwbOnwgdFxDPHc/PzU9ExfL9aPsOhYyPFbbrzlLpI3FE3Y1B8qY7727WsvfPWzSNbYtn3P+KHDqtg//vW2xz/mDIJGuVx695tf+Pr/+px7oe3EnMgPv/sVtm/NXvcr4y6PBmxYt5y5kuYOR29eS1Ihj747DU/3ua1QdBpWoVKh4TshVG2KgAiRk1FiN25WQHUqcQq28iEucASSSMN8WGzbOEUWYCIwctCJFH9q0hIgM+XDqIqDUkMQJdQqUsJSGWok8C/BRGDgIMkXUHxI8LxacBsc1ZCBpQwYG0OEmeKk/THuCToj0Azy4pWVRA9Nh61g0eR9Kwzkk4nhOQBl6ehRFyPO1rl0HgSccOexQCCWcpBFCRTK50ghiSxKiKWh1CwFlZB5OiOo7GjAkgrcWLZRjwX8Erdkdsz7DwrZWBm8T3AunErUTAGs2DQJgSGKIYmhnsbXIbaIIKSOiSAjMHJQRhlLl6QJJ6rOICNKGYOkEgIjhxQEEkQJHMHmKwl2tlP1JwQpjMYUcHxsOzQrgM0R5tQUgk9rRhojTEmfYXdm7WYAmWaPyTH3pFgAyU2ATKRvgAqanGFuiD9zAkmGxugkh1zCEVTH1KpmwAWgLWhSDdBgBiJxepIY3GA7QIZ1aceHKi+yR3p3CJoJSV7w96/xpks09ZmdgE0sqmEGlP/VFlCMoKBzbpxKJB6L2/FtFXTWUCj0CKSmQS+L3J0Ci4ViqVByO0Rvvx3fH9DzwPN33/EeFT3XKM+jolb30PfLVJ+Zo0S8SYn1F7uWVLC70l8sue6HBWCf4yuVSqO2J5UtFuSP5hg71Qcbn2Q106dB7wSxuRD/u1arCX6ehpUibI2YVrRsQEnjfVHbDR2vH0qydCWjTehbDKBJ31mTtPoWAyOh57+auB6zKGSeVU+5BRznPg4t2zBv/McdZzzwFDz9U55wzt9vul2hObdl1kceQF70vKccuWk9weHKq677019vVsUePjx5593bjt6ykWSNK777E100JScdv4WgcXBs4gnn/9vM7KyapPlN9K0XvvDCt30CSXzTzXed/oATCRpPPu8sg1Mg0w+88Nnnbd5oPnDWx/d/eP2f/nY7x0dliPyl1PVDYHLZFdf+2yufUSwWSab4zlW6k6mv+N7PrJwCHTz6kQ9Yv3bF9p3xY5250p31kFOO2YJtehG+e9X1QsjBQ5PEBk5trluzbMeuAyqCR5116vq1y4kNaMa9dY4NkJIEru52vjhUb8+KVKoQxMG4gOMMsUqqX/jzxjHFGOUHm0tMCCaJnMDGApOVC5jXJIQaNokNtjnKZAATgRhs0i3gDEn0lFOXxSMsFAulUsmdE1FNQaTyCFSToYiJ6nk5yTExCbf0A0VqQKRVEgAYCGwZ5pYqPaT2E318GP2HckKyx7x6KtAMmShB8xfJBLaUc4kHgVjCQbgpySYjZYvYfDhFJCH83FY9K5BP6YsVDvpJFu2+fWBwRgrC/FIFLwBQ/4o/uYIViIS9S2y7FkvRzYgqixpYAiZPQbx4y4J4SWXZAPPbAoFu02kkJozqUkpPlAtosSiKTRsnAG/36iqpG7TMzg2iWhEYxMtI5VlWXgMFMKeiOLI0WZhZcF0OnqGq6mMcLAXMpKZpUoocTS0R37TC2PaU0PS2pkDeQjEDDIusWlJVIiS3F2G0lri5ZA1udTNDAP+7LapNC8PIlGRfzLQ7LKZILQ53XfhPOJBupThJ0ka2hABAEoNiSFq8OWS6CtxCaPNeqGVuGovIGZ1Vj+FEgm2pGnB8sOss4YsV/aWMoOwPVnppSTKoNOqL1DykuPG1FJqgQ37Qr3pYr9X818fF3eWogpEmrDXh7inh7SrhOdGSTgYlLbsnWSZIP06Nz5dHN4PWgeUMRJCkxXvKuIQ0QTmzRZ5aC2dZKLOEAg3LXYlYptf+9DdWToHnP/WxF33y0sOHp0DKnKnQ00457o2vexFB47RTjz/vGa/WEFz2zavf9dZ/IZnCuf1ddsU1epoTj7NwCvzO939q9Ajcsjn98akcZucqVvTnnvPgi1Z/fcfufSqC7q6u+cp8zdvz8Sc/+72VU+DTn3z2xz9z+eHJaTVJYIWnnXzM6//1AoLG/U855knPfrOMkwEYqkq1esMfb37YGSeT7OBMTX3tCo3LKfz5xjvm5yvlssWThTOe+foX3vb8f3n/vfftURXsQacd+5H3vIJYYv+B8YnDfq3Vme7dd5DYwBHvv9/6whe+5qPS2K6u0nve/DySCBn1l4AOtCaT3dCAn8ZLnJHgNKFiBSaW8m4bMBw4ZiAGiLyA8Lyy9giMByuVFgql0apB4SEfUDtaMSFcZiAhVtdFjMykBKNJAS7UXC4hWGdpoCfgiI0egbE95cHdkrNG4jsexRmYtScPjwcqS6NIa0dPiE5nJjthgzTFD8wJVGlV6QhaF1h2OaZKj2bl22RA5H9mmvsJyaUIEkTN2j3jlrJ3GKrmwESJ5FSbJNb2aTwJfx/mfrIubgLzGCUhir0D4zxNZIHzDxB2FzeGBRci3+Mx1i4pEWuQ5wPZPHIDyi+QqOSRkhJGRZRnAspJkWClG4R0uIxCm6dKAgUHKoZRaSxO2TKWdgQm+Ef7uLt26u5KxjqiukiC3YOUarhlY6cGfVF5tkrV5ACwEs+ALNqzAvXxcwtDrUyqubLOJZfDlJui2YwyzWwuvlUBzGjaQtiWL5cL/e0G0fs2rpQ0+pM5Z3fZk9BUN5sWgrYMQPxzCDMtaXyQ2zCYR3q2BeWeNBIlbRAQD/BqtE67RgCUWyZnIWYrtnkq+dVGMAndIT2tDJT/HT6RZs26DdCsW0JCsPMyVCe9vBpydwqs1px/FXcSjToLsrXgad4/P5jSYKdA9z8NdwoM5fXOEqbZ7xRY8N3FKpUKS5Dzjm3QbnbV5qCd21W7pyUWSqVyrVarVBqzt6UCpuPKM8jBHaJ38G3Xn93MoXi0xW5knVuBPDpz40/n0fsPv7iCufb+6lcZTPjU577+la9/n2QC3tr/9+rr3v6mV6ITu8fy/s+H3/Kif3k7u/TBMQ/xkfe9gdjgyqt/pif49v/+5O1venkp073c/nHrXXOzc3qao4602HHtltvuMdKcfdYDSaaYmDhsRe+Y6DXf/vj7L/ry5dwuia63xbOffu6Ln/fEVSuWPvYpr/W9Br//w1+97fUvwjMvlYof/8C/veQ17w+Yqik/9G6dD2gc3//h9ZJQXO8tN1ce/+9z38nWKfD2u7bPzs8rIgNBbr5t66knWXidOhge6v/eV9/zgY99/ZtX/jwee+Grn/H8Zz6G2OP63/2DFczH1NQsscSpJx/53re94L/e/9Uaf5D4kUes+dxHX9Pb202Sgi7QZwOJpxQ1uu5IQpSX3CwGaBj6oVq2NFikB5GAKpNIM8FeokqNU1d6APcli9KAGpIYS2rMVMcBTAQECEIGwOk5yA2IWTA1EyJxi9ER41gq2aJhbVkK3RuTCEGgI2CarcHDA9fHJmg+yVpcHu00PRovFTt7mUcqKmmMYJ445MH7WEF8AQu0z0JUEQZ2T8U25O7KE/a4ztB9iOIozTSEZwiKvyRWj1TOrr5PoUBWD/HIhGOOE0DwC9Rzi7yLkMYT155anxAWiILFsassXwlvSKUZF2J9UTOxNIqYtKr372AkAX2xjEVOT8BGZ8AtQ0BCAaQjW4zYIlnCoiboG7ViCHFtAlkpqPCdmnXm9mjPrXHtgUf7WIItEBqFBus9/8xS59A4feTnEeiuttcgnwWlJqDhhWjm2o1uyAOJ/LdTlKbxevC9lTu3U67Dm4uILRN2jkcgBPZqHMm3AzqiH02NRS0sLOTuFOhvnlTzPf788RANjgymNDxciEZOgVR0CmSuSRZOgYWag4KbtbC+lyuafrfrrHZtVGeHDIuVcLcKbInz7P0mlqdr4AK4I9HMx4QtNbpOvH8eVa9+twgi0YqFoncPa6qTro981DU0NEAyxRkPOjUzp0DCLVgcnpzetXv/mtUWB3o+5PRTn/esJ3z18qsjZsAzL3eVvv3Vi6x4OkOMr17+Az5MrJhatfanv9x8xgOzdNv6ytd/EF83E1AoFggaK5YvMdI87lEPIZlibGyCWKJUKr79jS95/Wufu2//wYH+vkMTh5eMDPf398R9Lh0L2b3nwOpVy9C8yYMfeNJzzz/3sit+TGTLkg66yuVvfundVjy9Xfeu1ZKgWrKkxfsrK0Buvv3e/aPjy5cOk4zwze9eZ6T51CVXfv5jFxJLFArw1guf85zzH/3nG+/49e/+cdPN95x+2nEPPePEB5xy9IrlI8Qejno/9+WrpFHVaq1o0wQcnPeY0x92+onf/sH1f7vp7ltuv++0U486++GnPu6cB0DawQ/k0GFn4QFDfSsKz0+XJ8F48sUdM0CTJxATH1sCszLsMoJCwd+ghuqSKDhAAjdQNHMhxKzwSBBtkeU+VZa1YzgAF6SJYilsa9xQLozYJvPmBFOLbzRF8NpauF6HLAKfO4ISQcOGg5zYwBfUUaZwU3dqtqKc31NTZZ13qkVEAPTjpJzStxCu99bxo5K+znXVAmYKBtSTkfHqpkJvwb6brDAPfpoF5f0m7E3IPCAJbLmWToOhoyAw2ytFt776WR3AcGNzp1E8QHiGMKsZzuNNWa31+tI7DIGJQAYqsAC0mx8WoFA+G6JbE0a7ZBGSXHTrUiVKUk+b3Qytoo3XLTbD6gST31v67NJYL4ZdmlqzgL6JIhCnTNvtJyVDoIHOcHaKjYU595oac9tqjDHE0ZxctUglUlblScuHaiKSjDszKFfOVU0Nsd65YTQoP7VLnT1o9CcXzsQfwNHELbtl2iWu/w5mJjJZPuMG4Y2FKUNgnhkyYmmbMiedpGNLrWKab9uxKsx63bcl0fICxmAtMbRjKTWg/E930Fit0qx2ZW1RVXVQDdL6nBYoKZRowPHBrYeGvhHQIvuAdFSfpUHCh5+2RefXK+3wQnby6cgRwi1h7dO1enN2JCwAFErOnZRW5msLp6dtZXz4E5dc9P43WSV52xte/pQnPuqlr37nwbFDJOx1fKN9yhPOef3rXrjM0rPq9ju3zsywe5LJDfnzX/5uhk6B8/OVq3/8wu5a/gAAEABJREFUq+hS1Xz27DlA0HjmPz/m0m9cpSF41UufccJxm0mm2D86ThKht6d74/rVzo+lS4Y0ZB/5n6995L2vJTZ4y78//8mPP+sVr/vA6HjgsBip1wm/8F8v0OcYxx13bZ827emIBDvNL+CK7173qpc+lWSBarX6vat+ZSS74Y8333H39qNtdqOMsGnDKufz1Mc/nKTGz3/99117RqVR44cmly4ZJJYYGe5/6XPPJVkiWornr1MzzAj+wyVVrGpDIgEAkWUGfHDSYshEAgfFsrtRN61WFUmSM8cTQEIOlkj1/KrxtgHJb8bpReNllo0aAcUBTAT8hTZf0BCkqERI1gwzBN7+MUmsMorVIlglT0OWgDhhwnzqEvyPqn03ZC3XtmS290nd4yPjRaXfKg9Ed7dgORIiPzVC4nt5WDhgMdeAUjzC+42Lw3HV58fz8G/RiuPOxWrSOPewSYDpDCUJGSGEjEDL1hbRMjNVshKVGyOI8wwWV7DygMkok0JvlhGomoCiudF0kpj0Sdm7NFUQkXSS6IiT1k0e1WqVW+4CaLmnyT1FWn8nItD0RY1DsiytU0k9Iyj1l3ebuC7VBI3zwD1gNhw56KXpqm42ws1fgo3IOH1YKicbXTbALzEcljWm8ptotfH3TJJm1eLtxH3/CCVi2nI0Uw8Qfjq502KK17n+VcytdQHcgCDLV5xaC1GpaKVaIST1BgitiwU/UGKwIJ0CG4nWaEU0+tP+MGs0ONa2w4cXZAH0ZO5IuCV2RMwVNMcnq5bof1IXkJv/bTn4+yC0kHNnC1V9c3DNtde/5cKXrVi+1CrVicdt+fVPLt1/4OA9W7dvvW/X8PDg2tUrjtqysbcnyfGgH7joEgzZb274y/T0TG9vD8kCv/vjTUKI1BZ27tpP0Ni8ad3b3/iy93zoC/GoQrHwb//y7Jc878kka/zmd39/5j8nOTEWiR/+32/f9G/Pt92C7oRjj/jFNZ/ZPzp279ZdW7ftHhrqX7Nq2dFbNiSzkA9+4jJlHM2s/X7xa1e/8sVPKRQyYHfjP+6u4jZDfdt7L7nii+8gzYMzFfyOD17q/ZQU/JY77nvY6SeShQerOwOtE4KWTOUUZXbiwZElJFALxoWAiU8UTMNJ6PDgOplvgI5bxIfnq0xkrCgwBWtVZ9wC0LxHIEgFhoK/naI3W0aB8dVSc+NjxLqTD/9AxgxhdWAiIELJ1BUB2jjZTzWRKghwuSpqHVNYpagm4nqAqoQaG9ZMMupSxUiAZ5W01SQks6K05pEFaxmA+SjiUy+16bNPwBSfCnOjixzrVJ1x/DBZ/4p92AM2mE1LKajzFRj613WZY9uWxFscH04lxFFcuCiupOQEY29r8tsb5eSmhOjc/lhxTNu6gMQPULwGjbcj7/RDSXIrDnKqM2I0oPI0M5aN1Kq0WCpXK/MBM1G9VKAH5dHJulxC8VUrVTidxCUiltz8jSV0KjER6PMFil6kMhYZbDwUzRWdIjskB5TaPF+CZPoFmyJzZDjbSljrWSBZ7tJU2Eai5oBDlovO/loQkEKmlUAzIcklXyUyMcOsSpXbCgCLmjN7QwGVVxMbKBJYCcXhVnNKlt8SLM+0XO6q+i8rNqKXzcdqkXd1A5dcaDPmRQ3XPjA1STVXSDS6YaTIj2YR3AQACV8mS4XW75w9tImYDND3FEprlUrFKk1bgEp/1kPS7czahqpqrZV9DFLfQBedAvNB67nUdkbXhVVrR3XUcVBSP1m7s4tKCW25ppQxaPZ1KJ3ybxaov4TRuXba6YeVtyX++8Of//gH30wsUSjAyhVLnc8ZDzyFpMDtd2694Q9/RxL/9Be/f8LjziJZ4DOXfEsaLhjoP267m9jggqef+5izz/j0xd/6w59vvue+HZs3rjv26E2nn3biU57wyK6uMskSQaf1s+v/5C6r5jmO+sBFX/no+15HLOFayPIlzuf0B5xAUuCOu7b97k836ygSDe6ZBdsAs/OVP/711tNPO56kxqXfvBZJeesd9/35b3ecdurRpEm48ppfHzo0qdLgr357U2s6BTbmRkINzyfWZkczHGyA8Tzl9E4/Ugci0JAJl/7micotFFVpmbBYFVjkHnEgUvmBEJyHFpjUbNKj2qXL3TrZnVuoVKt6vwAjJ8VvkkBjsVrQcQATgX8pEzzuwQPaXEjgMVP/LbWqeFXLtYYSCQUcf7DmkElU6GoqTFOm7xysyKwo5WnD/w0GMB8lhR5Uk5JaJzIBbNJiiMHkOKZ2BHGnivUeIZAoKiWxkoUPprTqojG0MROgEjIgMf85jRSR0oycCYnJHsita+9xSTCyyQBcnpIIsPULdO6GqDdqAk7pEFOUEElQfmnyMhLCLZSkMfWUab19m723wFNkhCTgkLZNCjkTjC1BttmaoDB7LdDbW1r0z9mAktTcoFkc0uUqyzQcOTVs6rKRhmsGCM9izUamElBlOKU1GtT8AkN0z27iXH3DMq5Vq+26e5W1yEksmSovUiJPhWtn7DLImCaMax20gZQQ9URt2DatAA0frjYW7o7LFX/zPOiYgna6US4ChUWnwBzQmptstn+LR6p1oXRtlCyUo2c7GrTja5F6r60nT+01fJr5VEaW7Ggza3HBTfEowSwt/ej/frN9x57161aRZuD1b/sonvgzF1+RiVPg5NT0n/92C4byxn/cMTc3b+XPt3zZyH+96WWkUahUqvsPjNvu5GeFH113w7/vvGD92pWkGXjDOz5FUsHQ6gNXbI/wUxd/7/RPp3UKdAzm/375J4KW58L/+syPvvXB7ox9RlEYPzT5gU9criH48XV/evPrnkmaDEAHNhLsaonv9mZ0ICDa5XxcXgnZ6giC9Q9x5JBVFrTuHGDgEA8zKicpAeCSiA5/sWSA8FlUlgjUP2SXRgWCvo6EdS4FsY6gHg5GPiQquqn9goqPPAnl9rkymhCSKzHLWQ/QaSYWhmMbUSuF15RKYidRHRQLzr8idY/xpgrz0yNZB4UmNtq4VXzW8Cbt/ens5FmrUlJ5HFUmwnibqNIqeQGeIchFkDrPA7/gCirmUosPN+6COD3XYoFNADL+cfOiwc1O4kskBITZGVdHgYtUrjSDhkdoYiD0SIoqB0M8CTsq0+N2uGsgRWSqyanuF+iDchGg8pkj0rzm5yticlFCgRXEHLMIuhSet5yu0DiFoKjAyrePpkirpjISpyGwrYj0BEQjjz6Z0zSqtRoYbqyWbQGRKgHHzGWQknmdIq3iXXJbAlaNPQZj90ga5ziUuNttaWQlY0M8Ajm4ClbvgNMOurcTsqHGHoMwDMkZXV2l+WALq3aDfTdBiO4ml3mOWcIma/+9N2m3mE0JmnBXT8SWIsNaG8n8Q9rGM7P9KsQFVur2LB0CuFE1JLybta7aOqdC5XNLPIlk7iiGAllEVgAIPovIGmA9+OvYvttHhxcvQqeXs3nbPTagm2Lmx9OVr12miBZKq2wDuLZ3wYvfODc3TxqOH/3fr++4ayue/u57t+8/MEZS49rrbsAT33TLXaS1cfWPryf5Ap778nc2xUKuve53d969w0SVposOVol9/Pnvt4+NHybp8Ie/3Eq02Qk4MDr+8n/7CG24r3SlUn32y98/N6eZGIWDY4dvu3M7aSasXGqQDCEdmRhFMWRATD5b+sBEBMpCgOQX0ay76zgoMqp7bilMO7a0Dxr/OSYPYH1UZAT13/FLkBErkgCAmERIYXyINe8iGChK7iYik4snAJZGxSGSRFHt9RADAVMFErFAWwUkVgsQVDqmpgTbcN+e4fmYa1wsjPelTxgTHjSUIMnVbpYD0kfxJut+F4ouoFBAM7QlS1FG3ZUpbc5wX213j/Yu5Je1NdMspUhoALJGlcxutblqW600gazRgoKJce9XttMBcydWTxERYbqjOCtCBHdrZffIBEhlVwcoi6tmSowVqcwFsAQMnGeN/p5uBKHeDA0is5RgMAkwGTloowy6DYM5Yion0MiAB2RMwBXRSpIcgXmgojX3gDMtSbLiKFPl85gH6EADqKuSmnf4AOlQMAXDedJaMk+ouESGgcsrhc2Zb5btBrQ7hvGm0MpI4WEHOfVRZjQ435mZOdJ2dZy/jsSVtjbxCMwdLSCMO1ipUd9VWU0kXuF6vNZalIMOHX94deG9Q+5WZS18S6dNkMZGOrY+4zA8qi2i6aBZ9HcLzimQZn+XCOfZFtFKWPQK7ABQ0unb6FFCO7Mu6/0hDbwCO7UiQShsq6CDVY7Dvv0HX/aadzbYLWnHzr3//uYPEUv879U/I6nx2Uu+bSKpG+pnzMRNxsc/e3mlUiV5Yt/+sX+5sNGOazt27fuP//ykiSrNeFKS9js/+DlJh0suu4ZY4i833vW+i75OGginKl/7lk9v37VfvYwRBH7of75FWgut9QRBuS8N4mu9mJU8kIWwuRsISBYEkJZDHEZ6W4KsYVwrkOwRqHbdEEOMa4cgfEtZgY45nzvImAvEQDCSAwj2AJLixIjk5cW5caDmDEAuiJIh4PhGlCJnReMF/sOwUH0Y+CmkZIrwQLAgO94zChRyqurXJl+sbPFPFBOVmI8zZISRJ5sPFArlcqlYLOSar2AuYMwIEB9U1iQlWcxhWiZqECkVTGPqXhoe6iREzCWglwoma6pE1pDFFhPvAUj8mstQCZBLVGcIYT8Q/dcCdKHA/tIzgXjVyDiihJHahoqLqIuZ2Uq5q4RLy8irjEMBperkAMVvaTDg+FhFxeyfNw2w4IbJzgXl8iIG8XJUvglpVyWwyWmSVNmSySGbA5MaDBJp65LfDTpz2IiXlVlS5QZO+RZ2Yc9tpkI7ewXa1jvTVzcc4cpHrvwF9PX1zs7MkvZCUi9PQHfe1HDdQGThJY12ictFmMxRq9XmK3M1zVa+VHOlQat5X3q+crZdUcsv5LGe2lWnKufnqtV8F26yhMUegZKxZNveRzVYIEOrhbZAji3s4k6BKQF2D5VNQxtusiub8tGjAO6RQm6VLD4xtjncrQzc/Qw68Z4rIO/nxqYj72fjVgHlRscWWABG3kgwFfC7P9740U9eShqF2dm5Zzz/9cQeF3/leyld0/btP3jf9l1aEs7Mrv/tX26/8z7Swpibm//+D39JcsYf/3LLJ7/wHdIozM7OP+vF/4WlVlqE9WrNxZdelcbApqdn/vjX24g9vnnlz753dd47PtbxyYu//+vf/4PodrkL8Ke/3rFz9yhpFSS9BQRLvpjkHBkV3fhAckXjq30Q40lYnoqcNc5bqpB41npYExhWi5M4DyQlEB0XWAkEFwQ1N4kjSIyh3uEPWAKpPEIikLNigvnNAiUESoBpvk1HELQKQhBOFYCoa4irF6TqZaQCRQ3WHcd4ghglsK1bLiUrHkh8X2IJRTcmFf+6exvjiaSSBOoSiC5JJslJzNxi1gWaVFxiDYGRg4yf6qPjaMzXJFT+H2+jQG+HRd+6Ms9CXrCUqkHop06E5KWPA2tvud0AABAASURBVF284BvMSQIaJUhCI2YQp5cUkvcmjJLJdCFx5CWslGFoYBb8Equ0RoFEbtEgrQDWzqKkYS7A/I38hOup4gWXicCH1hno6x3qeUYJ4vEGgIoxaAjYiPlK1Rn/F0slCVOQJ+H0EM8ZITUJtoYC9Wqkno9xihsUv6XBSiUaZNBD0uhScNOmpRbEIYHOMMCQVtI00gLt1EiSZodMlUFZrJlnm6e3vRHJE+34Vjz/aNlycFRaq6XTayaVktGqNOVaNA6g5tXKsPEGimm3CYtJDV7Z6evvnZuZna+25/HB1sAOgdraI5AZCifmkZkwOcHfXs6boJbVZkKPwJZCIDUwf80paEuXlhGwLqVTidWgKtsB7WlMmYNKf+bAfRF5gJr9KyzqYNEpMAWM6xYtgwXSKt3zhMqlQmHRqtseTk2WyuWC+xy3APZ8zKeI6M1+ckfH7ocYgtJw8k4YI5vRJreQ9gJTARd/+TuXfPW7JH/Mzs4960VvOjg2TuwxNn7onnuN58nqcOXVPyeW+I+3XtTiD2/v+dAXD01MkpzxlW9c43xI/nBWBJ/z8nceHJ8gqZCkxzg8NfP3fyQ/MPqXv/07SSrPOz7w5a9881qSMxxLvugz37n4sh/WQ0xJXnnhJ6rVGmk+WvQWYLqVZbXyB6aQ+KWeIL4Ma8vBnEVMMXgOEJvOts89gc3onlaB+1ITKELU0gbjPtB6P4BMOUgCrTLBxBwElxll7mGEOndQceClUriQGKxJA8CTAyJExRH0PPkFN1DYcPwTJeY+IFE4xNnWNx6DOAFoP2qRAEUW38iOpPwAQYidySfQWZhp1vzV7mKabQBJgpqS54sskYEs5IhhJZPW6DPH0Yd5SWyPxBpR7JeSWEgK5lAkJyQdiRhG3oeE1RIQfY6MKsBEwF0CgqeE0lwqkObLhIAh5eTUjHeCsCC2RlSCrRUt0rEAGwJMFWQWxTiyQnpuSdOm4WYHap1P+qwhdonhmVmRUzCXqiMPwXIrbE7TM6aeNw2aOqOEMs5areZuZeSeJZ1ICS09Z5aiWjtlij7ut51rZ9RSmJicJjl3vm0E2uYegQGCYSCQDMVvwcYuvTd3kEcgg05qoLI6aRvXGCTkdhc+mnZMWRc9AhexoJ0CU7bktuoI2q1lJlQukELwBnyno9O7Wogf59VZcEpXKpYKxWKuRZSP1xqr1sz8AWmL7gBKZX6di2Oh1sGHP/7l/3jLhyp5bmk+Nj7x2Ke+8tbb71bEm1vc17+V3C+NUnrxV75HLHHXPdve/t+fJS0EUUuzc3PPfdl/1Wo5NyZKLvr05a9/+//kbCGHH3/+f9x6x1YEbZr+WZn201+8kiTF575yFbHMjo366CevePO7v5BfPc7PV1554f/7yjd+IoTr87tv+753fegykhFa2L82XK4GRZQ8CQnLRGVkoMxIR6YlAMJvVqTgAERLQEwegXFYE2B3i9GtWEcECcSLrcHr9ggMCICLEghYrcXSEtY3BmQE6OIY6o5xjFERELXNMgQgkSSWRrJvokhAdMKQujDKWhYVqHYrZJKYfYNIfS+/+ruJspoVPK84GlEGlqOMIZeWORoYcD55sRKbimhCmBikajelA73DYUQIJqpYppDow3LIFeKGcHlkIRqLsfhxEoaXVb6g1TBLauSlpANTqlAYNncVJ0ERLL1U+rrKmMYNfMeiKL9CFWwHIbprEqKw1DBHNkyUgTAEIXNOS9EmdlIObJFVwhOeoQkmSzAzMpAb/AIPT84WS8Vws0D+pgyCMtkMGA1I2KKKD2yGxJYPaw+q5NoQjr0VH3UUmAjqlofgpiIAbEYobnZRUgkA2QMRkpU7TDIu2eSt4GNmTnFkSG72lBmAZpMdKLqt7MvSoGfgxdnVNthJKmu4RUW2+hZAw+Xo6+/t7ek5PJn7S9QZI7cdMewZt2R7Cm/hOOHQVFmxsoaWbTBDIk9jKU2LVKW4XSnoO7F26NYZAXWCtvT6Pc2oFQBp5VIagazKALYlbV0zxkvW0rVLSX0r8ayUvbinmiX4CbR2wkJ5eog27ercAtMct5drQXRkQd2jrkvO9HDR60k6vi7TFpBKzm1pIVDv5kw74a2mzsQ1117/lGe99rD3GmXm+Metdz/qCS/bu/eAIh41Vrj8u9cmdkq7Z+uOQxOHiT2+87//96nPX0Eywi+u/zNJDrmW7rzn/7P3L/D3bVddGDq+e//+551zTt5IiKRAIEUEEQENAvHGILeIAlYvUVtB1N56+/lYvNd7wVIfCHqx97alxVakWkFbA+UhGkACJSY8xUQIEEkghBQSIe/zfv1/e4/uvZ7zMcaYY6619v7t32Oc//ntteYcrznmmI8151hzvfv/81f/+wNEXMXimH7gh3/yj/xHX/X4YTzk3779XZ/3JX/hve//sAN3zszS2nn6iZ9+66OPPUH18PAjj7/jne+mOkg1+f4f+ldf+me+7sknn6al4aGHH/vCP/5XfupNvxhvLXfAuko7+Gf/4l9962t+mGbDzj//i7/5bZfmowkGBBu34dm3JeQOOM+GS5h3sx/Fe9gI2T5xjl/gwBEmTA6Qbg3mBoIoztdXFM8I9LGZt/NdrLtwPRimGQsIcZEU2sKHksPIuDQ2sF69LsV0TuRJOiDDhIJVwlHzbUe10w13Q+zJGCzjOzcOkvFJz8r+RVGtTil+fbQYwhoOB/9HFypR/xebDlW0IzKV+FMBLUOInFMIgU1oq7LSZjPGXgmZQnOSLkVMIz3EyHDMqCKIJF1Oegs5K+Ck1g5pFiMtVceX6CJkj5l8mguUuznVI489ce9dd8jMxsK2v8iyZgGIZoeJOU3qQZ4sIjILCrQglWPRFFVKYiKnNnuB6k15otAEetGunLxmyz2OA5yk1RLU5z7MFxH3ustXnC7ughkXCG4iAo8Gc2xwCTcvvWBFGx0T+GICex555NF+DeqSVPFMG0nd78mHVNXDsvEGp2odmHO1SjjJiMBi2S6Z496MxFdmKC1XZXXzvIkIPAIsHRFI1zco8Ars3lXDqRc5WQWcB1c/yuo6ePAVnN+H0Pr6wUq46CS7WuwO1qvVrVu3VqvVfGddevFtEWaDUqqfHt57r+z6zgyQbfKOd/76y1/1J7/ze1634IFwTzz55F/86v/qj/zJr3z8ySdndlab8/O3/PzbaRK85jt/kKbCN33Lt3/1X/+mzWybvOY7X/ef/sW/RQeA73vdj7/6K77myacWjCcbPYR5OA6N3vGr7/ns/+D//p3/7PWLeshT/6//8pv+6Jd/zRNjPNycNjurvf+zf/ETVA8/9Pp/TUso87Zf/j8++w/+59/92h9b6sjA27fP/8H/+oO/7w//pd9474dKKqmq/jd/93u+5m996xyVnnnm/Ku+7lt/4IffTFPA2nk7MEBJtHd2ewRMohIR4ONQPPuNXAiwEFzbnU2fUXKY4pl58yp7jB0BBRxDvmg3gBDeUoI8/JFou18otAFCeowQWN2LVbhFekqU0Ga0kIyiQHy2nohQqhoIlk4QKFYYudeBhGox1KYkai6LnAt4qad8pQrUnPYXR0VZLhELSuL9BGRIltHsW0QIzWWjw+YbeSM8/+bv3Myl9+iZaukw52xw801U7fyNIPqRTF/kX+cYlSJ0vmkBoOAH6XGTtzDbgsUglS20LMXKoMeIREaaRxLHi+60P0rqJlagb/tdOQKcgVcvnySrBtcoVYJKm6mW5iLNN7giVDrWW2bewSOPPIXVajgsUKgj3n/fsqfPqg9QnNZll0YvA7nERy+XC5DUvi9LZpT8NcxuKO0UpGXBjUyFCSEVhw+UpE+GpfgcVHqFklOf5ebYwU+LQxrcy3yqBirdNdiPWK7W5q0VzjW1dhjXpYXy6Vo4YJM7NkhFvefeu++8deuhhx+lcBJzpaH5CPg5b7begl7sbiIXs1UMHHjMOBmIS8kXFlx7IChU4mU4HbDiYLmT9delXeqSNsxJZnCX9SpEBF4aYCunurw3JwX6oLQYedpw0s3g2sx4FocTqNaDNYqrvsTQG+3QZ1qicH9QWK1WZ7fO9l/0XgQW6yYOYISL8debXjMHyybPPH37a77umz7jFa/+ntf+yMzIpMcef/Ifvea1v+tz//j3v+7HwvQ5Txzf8g+/m+phV5D/9buKQYGWWf7pa1//eV/8n73r1/4dTYJfe/dv/vGv+C++9m9/Cx0Mfu6t7/j9f+jP/5u3vI0mATP//L/9lXbJTM7vr55+5vZf/Vvf8vJX/dnv/f43zvSQx5948h//bz/4u1/1537gf/8pig4Yc8PSvfff/QffO+E0u2/5tu+jZQDPPHP+177hWz/3C7/y9T/6ljnn6u2q5nu+/yc+6//6ld/4d78nqCbNPgW7vfYHf/o/+vP/1a+9+/1UDz/yo2/53D/8VT/4I9POyIz3dZefB6NyEx2jLs0l61x9fI6JAA8CbATYHAy9kjABcwcXSQqU2zAl46Zuoke0nopCYefbwcJLotSRVZAhGZnnpbeBUWSTIqWNEeKIljh60FNHKgIsifAYGRFHER/Dnygl1SYRiZwmQQsMp8sVEnM1I7e01RgFJ6FRo35DMGOv7xC3mAVIFSGPO0uzZVgF/2bCfA6ugtOC4ipg5fvnot2fs+9GlkRkiZQoYJFTh4CRtvsH/7/mz8pASSDxcJt323aLQHGfIukYYQ+/qayg2TUtN2+wiHrBvBMKkBQI8ZH3H27aLCfNSthWAARBAoPdvPdDDz3y4P339nGBKeZ2h7Hdmq/9YlJWgOHDmkQvDXMqNSTmIh9BEFQOkLRS+VAB4MJaAFAosbNcQvtwiJ4CPtNV8bF0hnnbgf2xt5KJ51Tz8i6yKMfUegsyP8AH9nAIe2ZCakUcoxcwYLkP5lxwQS4CrnKR773nng9+6MPDMYG4BtW73W7Pb58ni7RXbN8w2U24ho32usDVOiOwfV698deThRnudlOppwIH6jPO6AaKcMlnWMWPgF0gLG5Z5is3MRThGnxv9uqehdh7/aEjAjW5FwPzvnhw8jApxuVmgpXC+fn52Zl3WvLEE1M+9vrEE0999V/9b7/+b3/zH/uSz/8Dr3z5yz7+37vzzjuctE8//cy/fds7v+nvvebHf+pnfBQVVfyGH3vTk089ffddd1IN/Nwv/NLm/JzmwXvf98Ev/hN/6WUv/eiv+otf/sm/7eM8q0q75Zj/49f/3Tf+D6953et/imrgfR/Iv6JbFvfhhx/7k3/ur734I1/4N77mz/3O3/Gys/WaHPChDz/y3f/89d/yrd9rfDk6b7iPP/n0X/4b3/w3/+tv+6Nf9H951Ss+Y2eWO++8RT54+unbv/j2d/2df/BdP/HTv5BlLrWJUkvbZT30yGObzfbszGW6Ft73/g//hvBd7FnbKg8/8vhf+Mvf9ILnPvDq//CVr/zcT/2tL3rhauUq+Gazecev/sYPvf7N3/69b3zkkcdr5Qqq9kRvf8cOIB8BAAAQAElEQVR7/uif/luf/qkv/er//I+96Lc8t0j55FPP/PS/efvf+fvf90vvnBJK+55/90FN4Ucee+J5z72fLgBGfdY7WK22+73prYigJUrbp8WNzMUQMBMBAomEVdLH0Xnqmpi4fQI8yChVR3JsU44Mo6RiyFcEzP15gRomREmZwiVB2WgFO9tR+2QimA4QGBW6SiRB+vXtQsE9TguKNLI0UTwhd3p7dznUSmSZex1lrgAhKy7uvotar9uxex8nRqywMgCFDBB5RrrcnbUEmqjPggzW67Nbt25teYvz1b5/5+1AN7rf8g+lC3McTneeLdc4+ECwxz4McD/z5NU5smyWOG1JZmy83R2pFB1JyyH9cJOw2gaYCUK44sCrlg8HnOLFwsY1eNSpVawz/Tag2vYKtax2WW1bbVgzrxrY7iZ5+yN2t6vduLBjjYYUqx2rvSn3FLuM1RhcGJZgVCpsbBymDF2U/iQOwexdWp6lZqRYFL3xw8Nv2AfGNf7kk+e7qfi9d9/1yKPnAY+h1K050kYpqCcrB8+mHXf/l0QoOWCL0ibvpStoaUK5OD7pmFLSDKGk7lSTTkfQSCaMPmymWbpZvjKl+pxgWzvVYQhanr22rMkt9xZc4CASLGXDg9TF4Wp3KuAUldrDyShW2zfMlXTRpT5eeS8AHnzgWQ899HDwKZJLAkt1aX2zOs02PxkOUpxTthHasbm5Lk8vDTiRQkpqdO5aRjwpYONOhPbli1MrV50+PuwlZpNHBi4m3MDJQzfgHWBigz/w5X97tyjDm/1ZvLuVGt793W6bi/Z9xU2zbLhL3OxXD7cjEDf4mwZ5j7hpPsS2be42vP8Ewma/dLRbfNyTNQntctK2WU7ibbsc1S82tTfbcY1ut6VAwUea8lXArClm99J6CbBbTd5l7TZHC1+AuipvW+zKsVs+b2pzeyKt/0CW3X+rdL0+v317s9zn/04Q9pshZ2e79nU+OxZkIhy+adw6O+uqcrulKwWd6VbNp3V3rfL27dt8mFlFNv88QocWidhV4tkdt3aVeH5776hTC5nva86EpRj1q/67jaLmNMTdmBKt7Sd4zuR6BSahTJG+Wq13hd02cwMvDaKrGqnT7KPu0Br4n/DSl3zBH/jsF33kC5733AefvVtiue/e3dzg7rvufOrpZ5544slHH338ve//4I//1Ft++PU/+aEPP6LwmKUEefBRg1yJuetsd93RbtzcDSqr9epzXv47P/+Vv+eTPvFj77v33rvvvvPOO/YhcTtrPPbYEw8/+vh73vO+f/4Db/zhN/40b4sbGMKlhebkRvRpn/KyL/z8z/6U3/5xz7rvnnvvveeuO2994EMP33fvPR9++JH3v//D7/mN9//au9/7Yz/5s29926+SKWs3GzzbDTS7gm83IkILH/9xL/6CV738RR/5/Oc++4EHH3zW/ffds2sBd919x9NPPfP4E08+9tiT7/3Ah3/yX/38D7/hTR966FG9wcNfwCyhknbICJrd7//cT/tvvv4/oxr4+//4+7/xm7/TL86fNbSR9Wr1ea/8Xa/4rE95/nMfeM6zn/WsZ+187s4PP/zYgw/c+/jjTz/86GMffuix33jvh173I2/+0Z/6eb03NXo6FJPP1s184/x817ndfdcdX/CqT3/V7/udH/GCZ99379333HXH2dn6mdu3H370yQ9+6NH3/OYHv+OfvvHf/NyvaMXJkhTpQgngQSMpmMsSATUrwgjQbt3aFflsZ419s9hy+vSpuyXKxUd2pyJA4iqVJ+Eii4DNodjWOiPtx/p9NNL+kTfrMUCaeqEUXROTNuKhI8uVKtdLbinSMlMES/PVCmf7ye0+xF+aKkD4M2RlFQEq+RJyhUSe3iJLB+MlmsqaCL4mQfIW9X7wXZ/tmtr5pnug4+HMh6KHWOKSciDLzgpIkpMaLRSqEyInFGtB6gEgaRVpt+ux79iN22ebpsfeNgtHUEhSnclZR0U0QZDuhCp1GdMFXg67Cc+tszt2a3m7qd5+VW+ZZ88FH2BdGxBsZ9sspIVDpxz0QYG7tpqtH3YbWQWdmGXWOQJnCBwqzCMBhxgxw2j9JCopd+GDnLCgIRCQORATvqbZ9k9tHvc/Y0qP2TRL5n1DvXW2WwTY9W/75d9mXXjUp1v1bReB+a6zRx999AmKoS/3VvHWcH4SqGNt17Cexhomp0NNjRtmwp777Pt2rJ586mlRj/Z4yGBJnMPcCDtSMGFDGlWZhk3EJIs1DCZDIUOEQ/p6vdrNxrbjHDWnyE1glqIARgNn8zbJLAliT2UVJDaLUqt2D4ds1GJmwZFYp8yo6t2Qyhk+RydeNTbZ9qHwNSJMTKd8AcMlyx0BH3JlI29vBayZtpM2StKa8mlWo79N5eVUwEPzJmL9phhPLMpsDsUmRA6EtlvYD6W7HdsC0dxyLslKG+O0pCCtmbLtekJq9rgna1LXAN3Y9frEFPfce/euUO9//4fa29204WxXv6DNdsJ+7wHx00UrdmMG8MAD93/ggx8YMRvsHXBUr8i4dyFK6rJOqJPysKwRlosE55iA5L6FXWvdLcbtNwqbtZTi1GFm/jTUGlDZNqPSarOPNqkd8Fz8jwuCGrvSNctifH4e7PmeiL4KcDFBgrEqTydgrlqRMkEbTbSfTW4vTcDJtAqlfumb91OmUmFP16XrNNvNHHb7ILvBvAlgyMYU/S5JgrDOjHBxvnvYp/6LCu13HPbvOvfXtBvThxcm99/K4Cal/dzE/usZWGOfsqb2YxqrdU+yRnONNmt1xs3XLfb4LVWfy/uUHf/1zUmBOQir2ZcbrvKha9cRSmtbB4brcDT5DSwFfOH+msAi3isyYY03H2Q8mcNyMm1lUZBe8WGHVnE/uIz/9l9+1+7fkLqPadhHXfNu33SBNUAvVBnGj+zDZBpmCbtdhH/5o2/a/ZvLcyq6h8Wb3/K2N//c2zS0GoHs6Z9+6R2//kvv+HYqwIU0SYs2Gau/4k9+AVXCP/wn/8KN64ifkNJ3y5c/8EM/vfsX46KGzxS5ITSrUJ0PPPnUM9/5z3989y/FLIdxwJFCyhOkl1ZfMi3SVgIPzWJaYacjoJIDSghKShE5yhnrqLOMp8qg33vXnQtJYQ5K/AODKasaVbXmbV9pYhxbMSif6ZbGCGYH28UpacRkaJNUREyeYRqWQsQ8ZphojIwqTm9+27e8Vuv94W37e6bzTfs2lG75TG6OhhLOrsMTHubGAA+MSRErx6Z2NmvaCxqDB5BuLI/MSZpIC53earNqjo7dtK+jZl2V4t3KvQnQkuFHLiNWqTQdmsNf0axjb/bv/PLRXrqbsxNeRcuV92UOQ8JuQXW9j0zjzXnyUrHWKFjY0C7seeXbRXkJWIlN4ixogzPNhhbOPclwG+Puk7YjYXRSYBgRyClyx7oLOtyumjfH23fAx41NjmZd3OuqPXA5FzGbM+i4XMkQUJAM62m/1I5a61X7DeuoGJkawlWczw898sTznnP/fffc/cRTz+TI7XjBrMf89ZKTPpzjWk7KRjEz7k8LFGZ6fUbvrYlZYubQqi2UG+kACs8LzBCMrArIJFp8iiL8tNlA6eXjRHBBX956ojoEj7a2QTImKss5lkH/r4i2gPEvGm5KcaXgWluBJ+RkMHd+XezBejjeivE+InA39L7/Ax8Sc69N4zntgtarJlBcg13X8Bn/kvutqj68iKcJl7Za6hT3Y1+yVsnFBBs8He3p+sgkzS7rIDpd6WsaFKj32Vd16L14v776k5rjwUXU5k0s4Fw46oTQ3hM7uMAGOPg3h+1C2h/UCEeOu55Tlhm0VYWEcHUMmC9t/zrtmmlDJ/r+z5L2jLZ6XF5cKX0BZT2b7xPFuEttg2en4XDMFbK477zn7jt/28teQjXwa+9+78OPPJYzpmXAqFZ48bucBYI8+r3PKRyQJFaWwn9GoJoj0kJKLDAcb4SB2xqNk3gtR4k8TbhcBMHuyZ2CkGQb3tX+iXbPOWUDgSZKQFmTVoptls5XIHE2ShRmIbpHhiO5Wao5AtlBFjdBICQHXEQFLZpC0S3SExZC6MkQhcKg1X1tP1wowZdaROBOcrjjHWo2ZvWBF9ymJqWwGkKchwJCgGYhRMAyVquqiIrxurlKYjNEQMwjYZrEtGyZVjxAEKMz/CKmT/mppU4to2grB1xMm0vgaA/1uzazjzfl5oCt5iV3Oh5Ul7GCoBSGJaJKNxb5irvo1vbrJzFX1mWJfLmgoVii/nIrjc9dTojMqRqBujzgxPLGNsQZ+pjDKTYnOgf8+oDAPpktyno3yfp1Tho461Qsc+p6Y47z2l4FGU3iCWRAaOUPfOiR5zx43wPPuufh7HDEYBTT2En6R3qylJ5Q94kVPRAUoWTqE0lNMvdndjXfgI/771z/UUQzRq7Qn15BYVhiVPkIvTWb2XB8jUQFwYYYJgF5MQfCUANxKmR+dAyUx0uOOfllzzSdlmqOUIAiQVG3abyRO0Yti6J03ztVThEoefs0DhomVRbcbKf7z95hKluqr4JpVDSrukt8i35wIlAYbirhUAY9LbigUk6ZukzR89atW/fec9fTt2+//wMfMo7juvJ1DVjD5VUA7r+xeOWhX865soUVV0pOFWoeV1OQljEvDursfGW9b5GC4dACDgXTlbsss8Sl4OakwABuwp5u4JIAH+30x4trFFd/IsyHGkddC1+XBBD9nCIUGyOcacvCwhI6duFuUBWhcOOmOj4w+XpYTMyrgyMYA4t3uFgI5yCCR+Clu+FFynQAw3zZqz8flaP5d7/2R7M0kYPBFt5U0EQRqMKHlI/GCdjioKsHIbEkPUqCB428ZwQuA5UtouhYKFEUjSAjQEaYzzzJrvJwmTlM5PiDq03RxvIhxYjC2xBk9jTI5IYBdJGUlFWSHwlJNM++Zdx8Mjj4NoplihxhvO725zmYd7QJY6zAflezl4NhB58jHu0vkqAEJZSQ4lJCwaHUHfReFT4nX61XvI/O2p73H+bgJKgFBpM8r+zbzsBBpaLyDrBE68lCJUmHjyQGpEDlYFukqeBWRzqDvEoSqDv1bP97MKGc31fLgsRIlja2cpTU0psTSrNgdF8iG2w4sgUUTTmpXQ4SM0xBqViBIYiLkw4zlBUgi60jQSudKkddd2viNClRLXCmO9hEoFKOE9DXBQudgzHNy2OS4kprUjfbbcaHVfY6tIjv++AjDzzrnmc/eO8TTzwdfkq4jRUfw505J82v+3A5KUtNV1NZyXCShwAxgm3su1fr5mOeKmPOi8+0OluvgO1+arMaDBX+n5KM7EgaNcJRl3tfRla5bfODUOU8FK9n0bETbWN6Oag+LlBmMwkgtQUdIavQqeBkIEsnJ7iE1GiS4laZYbbNpgDG7u34wmdCZW2brCa0jyVMNrcItg4l7l3fUizIZXSOEKLnvmC+dGqFqrbzrVu3Hnzw/oceevjDDz1C1x2ueCTZlvn25nzqOH7Z6Kit2AAAEABJREFUALj83U4JLqW/TlH3ElbklXa8BeCSts1DzbROEubqexMU2MNNROBh4Mash4Gj9FQ3jWIZkMzYLS8uX48w7o4P0yONgn2U03LDOm1QTDiwAsvRjssqBxZ3HKoCfttAjzUjPJCLO9m2exgLFvbILRZL4CzhdSghFDkcjPY//MO/j2pgt0X2v3zHD9k8S4CKVE+mgI4aDSCldos0bO9Si/y6+4pWliWVToarkwPpEj528W3+CT79OMNYlIo23mZFFkZJ5EoioUBKDSmblPdW0eeRKqUtT1zK/dk06zW229VmO4ji/QcSt8ysVIFWfyBFKLUeiS78ZP+Xh346OAkJ1AfKjf7b3CMMHmn5DYfP9d+N7cMOBjv2bPuwDcQb3Ym2Qlb/ggTGoVO2R26V1Ek6cs78Jd2Cp1FZEltwyILb4g9ZcVhje2SVwmjUM/1wKMe+NuYwC5pQWNZ9yv5jruBtcybAiADRN9KU0EFFhEAvFHDSHB2hzMccmGqGBcR/RHzsPZedDBPjLQSTYwkPoo0tr/3Y595oAGa/CsKGJPm+JJFFQoee8LAtcEP8oWtFzNAth4mUnW0W4HOKOiwBZJw1iRE9hd39eAOBZQh5p9x2QXEPyyyRIa5BDruJYOBA/9TfWrKNP8AQlY4ujGbQrzND2N1htCQHmIk+NvTDO0/28Ki4obWZ4isLxioK7qM7fujhx59+5pnnPPis1m5NaGAwonLGrr0wZFtFdra+aqOhEFAr+zYaP9qf9aqeWCpybd/aayapHWyDvOBXtt5QeTluPmSndKTNMlQw2rVO3A7tQHbobjTFIE1k97mDbfsaZ69358o2bYQ1KhP7HOfKt5PuzFipZtNsVURD3FCPBqLAKi38FvENhQj7eZszpi5xqQPOJYHwKO7aAlzWMl8cLGix0zZ+P7s5kIq3bt267+67ds773ve+74knnxYwuDlDupuOXQ8/BS0Evt716NBOAWvf6L6Bk4RLUImLNAC0z3EX25qOIHw/P7+knWz9I571zEA3cAQYV1YOBtc+KPBmoL2BSwfsXZCshpNpDvnu2RUEFnbeZwLolGzGwd96QPRzIiBrw1yDfWg4rFSfy07XYRplbW/hQj3WRLeqyH7kmk1919mzNQwL6JWsJpC6aQ40ll4g5MP4x77kI5//3AeoBt7+jnc/fft2yJWWBLgTa5mQMnSIXUS/9Urh7jGyfImfzLEi5MVxkJiCqKCJlyaehdl91A/jbKzAzVlwGPdh1xFECYyGxpCCMQtI0ShIH/ARckvTMfyPpEhRUCBotd9sXe8PdltvB2n7r0nePufx040QiySUtL82d5vR91LJsjWDMVIHW7ksSIbqHzB1K3XjcdDkvhWtVqtIzbg6JUeBkQUZM2dZwdYRIVdIkavVbHcS1B+xWag7kruacnlFRLmXhka7dCI8JF00io9nXfCeGxc1yBklTSWeIRHBxVx2C8+eJnHsi6GvWiPtkdw8kzRY+ZJkCZMHp+ECZoHDwAJBojPyi0L6CoC29Q0xVGQ0GPoxDKV5t8wpzfXoqp4aKIbyaFl5ro2sqhNRofPLJ5+8/e+e+vD99999/333tJ3UU08/o5D30o14nqktaImgKoNeNGDjBrzdyERhMFuWtdnPxrabbfeFPZZpRbY84BQKazEh1pB8KyTF4C5gvVpjNRqq486ZrKzs+3dXVmvudiy5m8yn3WRm1y7+gMRQWoQvVGBov3HXFKiZ6j3UeJaRygkZF9GyFMu0/bnai77vCaqJCywUSyIAVb5eXfSuNu66WhWaImsSakxFkwYpBxVoSUdwwQWIzDVI28DBlZohIK3J6ayOYfrDyLh164777rlrdbZ+5OFHH3r4Ue1Vh12V7o+bRzw1vLqA5TvzCwE4JwQzTtk4fUA6l7iycPUb5nWA4bMBlxAW1frGl48LB7X3NQ4KBBFfkxFoD3yUycQFG5SvS/d09Us5rDhdbrAbxPKbKYWEg4Al5TSqcCk7CPuv6/V6NzXcr0nvX1VnE3u+GnM4zKJtVpi7j9yV61TZ6DyYO9YyduDzxHUGJL9+ioWRUYGBfuS8/CsOta7AB5waQb0x0spZU2j/H1/xxVQJ3/E9P2LzNLNs/WtJqvDF3qfMwdiCFjlASlSUgivJJ9fCET7oiuEvgsToJL0gqU1cr8923f3ZGW82IbcOAYnc1BBRUN1uy3bTrlJHWpE4mGZqt9B9FLb90z25tSfjdavB/SmP7U93skp4CtZ4bF1wDhTGogvKJ9+YHZE3q+162w74Y1Bg04lwUprUUFUgUrCE4NyC70wnInBq8LEuWH1M7quDORQDGppSd24UcjKla8zrQaLtLn3hdHa3K3YVYQpIaviRGlStRsIUgbixDaYcIoEWQo+mFyq5hQ9NxFWToROISU5l8iwMfUKQXKyUEtS9HTdNJJxpU0Grq/bYtiG0SCOvClqoIor6nQKKRCXgc4LGbrb1TIbRU/iCKNToENGxm8ELSWKTwZT0U3noT07HA9uAIO7Ykx6PSRgXom9KN0OscHAgRLk0Xg0DQZsGhCcFhjoMwzpTkBVoJZwaSKk/jMepSbXWKZucGghz7MximUZpiOcQ0AVTOJCODEIR6Gc2TA8//MQjjzx537133Xfvnc99zv1PPvnMbqLxzO3zXe75+XmmG3TJ0BtZWhhZZzbQ1KyuEthuPoK0kVdEZLd0ipzEI41F4VzSruAkqsOR09lE/PZ+v+Kyj31MszIzcZq+aqqhiZfsv3addldMEmGqg1wJeZOUNfQ6QQz7Yw67Lwlq/DMF49KJbrFqoF2qwxAnKXPmpFdkiWGosVRiuA2Aqaaawrl5dtnwODLNEn041Q8LiH7rpjvHLbCk4fSOKxx4qCz5UtZtDEMfOB+OZ5Bbt+5oL+67566zW7eeefrphx99/LHHHudtYW2a+3cF63WtbQrVTecAALpaoD8TAcfZxb8gwFWoy8tdP8UJtxcuZV1e2bbFxQQPIPh7meCKVOvwcSC2KoHn19D1Pinwqk0ndDhwuzgdQ6rP+DcgwimflBl89eJygse2ixUQ5Nu/Oypw/+8KgLRPBVqt16sV+PZt5hL2ZYXGs1arW7fObu/2J7YedH/yfAh3p9z4NnC0Xu5hY935uRTyl2ObbDi2YK04OEXDh+7hBl9a0UAoCWGaHgsJpy7LumeBgcThcz7rU6gGNpvN97z2RweWOmKdunJbBdWLKBzIh7JYSLTjMxVgYJJQvyijUcZaxQlRS/kUmiM+6a4PDkKk4pA4/Bk27Jv/sBvV1ut27yy23hhNOMpLLlKNz5ugwGKDEAqZbvN1IQ3tHB8UTQ+jD+K2GnMuYgiFSdgHKGIZAiMA2/1nN5vvBYfcBkQkBKIA6RaiPJ3W8gsJzYlONeglT0bwpWOLFhlZAVMvVOT8cYaB7K0pqAgiJO2MdIuFnzMTETJOMsOWV5XjGeLcfZpoQNVCkG5cKukikCYUwEasejCuwTWoprHx8x/T+3/Awg9n8D/tcaWRW5rpi55IOOXMoYWdBUkYDqaMvhrU04rq6TpDDLnuLMM5BxhROGl2QiDHAaAcKdXMCJJnA5RiX7oUwaJxErqyoY/oF3kGPUT5K+HDrVgw9HlcQrb4ZFMIG7lHSetgKNf40sLO0I8+9uRjjz91xx1nd961e+Ze333nHeuz1X6VIWousXeQEdRlNEg9q/BIZGcbAVRutlwm3C290ArUvqnILOGWy86lNJFKTzU24OyylxDYYZEAVs3aVP8ap7qSWl7oEBG48t7yNOFmt9x0tlppo0laGNZ4pYhtUOB2D5uh0UjGyQMNM85CsppkIBSxbXIXvkaBruPlWRr5PCjBnwJsXtXBfuV2tT+Bc5N0HXXqTF44qjWayacG9uG2u26Tqe8zuYoZVyVPhAWFRLOU/mF0vrZczK+UkXdA+357c37+zO3zhx557Omnnrp9vqEbyKFb78pnpLS0Wx4DVI0BXMbyVEG7vEZXGYYlnitelS1cpnJe2QqpmIoX4fI57lWr1iOU5zoGBV7paPtrDc3y4jWp3CXi5U56AsaXvEMv23bB4h16f8krNgamKQeuzTxhJ2W2DKAq5wDWn8NyWVp2oCNNmChrcRI3frdJ5WJj3S2izOHYBkPAsXrbQ3VNk/kuMx+s7gcO0qLF87M+/5Wfcecdt6gGfu6t79zw1pbljg4pZi0iQutzoCMEoXTNQTa7fddmj374HxGf+DyrECGK3UNMM95A5NUmbPawFUpku8mwOTV8C2o82Ke95e6APW6WxPuzXBRNWro9nDOf7xTabDI1wqi32D6J0s2f5mBZbds+RlUQJGH5fAc2LRm0WY42m2r2U9a7Hx4OX1F8DbYAA1DmYQW3IafNNTRtpTUjmYMsIo5vg06biihEs8EIFuwQtNzs5EGzLtKIYFsQkVuNKGWorCGeNbNY1guRVmua0yZoJgJJDmShqUQZGgo8NHvqxcIY6MxUqM+MHB4kJ68KCjeeG6YzROGzWxrn0myp2hRy3EcdFUQ0Yz1cQSiPthiaW7oJ2f2fbTuzUVIIseuc+Og4ygR+Pg73sX5JdzXSogt+ERsUjwI5pBq4AwFaP8UIqCi+jI+ebSIp0ZmOEEeKt5g8nCub9RlJRcOKY0i6FCbNT/I4Rx1iiVFlInMpkOf8S84yxtMQO6Tz8835Y5smOCDnZ4RNcI7mamByoI0RvGKYj4vEVMiibIWTc9LmNLnWL7kFmU96N1klSQkS/VF30fS+6IRsIqrc2jd79t9l3mwDY5bEqWiFYuS2KSCYmqDRX8c3/D+6SXTCameTs92DVjOB7x2GC4wotYpDEzdw8zbTqjkaMcsjKfzR0W1FxeKQXQTN61/7l5u2eePPva6qabhIJKzKtumSICHtP8y9t/ruEbctfjV3Z12UWMwDzYFjhAjQBEO2K/PsK4HbCWpYVaNNlB3NYRaoNJ9Mu9c+BuAihZdhQfVw8oV1g1WObO3u6kH/GHUN4Kp4rAa42Io8mm2BU3bZxc0gVOvpuvGVbmApLFbY6xQUeMVj0I8HJ2zHa9ELtI+wU4p6uZoAX9769Nl5dngyhJujVbFTUF0Rs73bUwAYOajAPjwsLFtixxXoBzZFratUoBZWrJ135OZSyF+GbbZzGifI/e2yG+QebvAlFw1UkAX0XzRjrl9qQZ0u5EBACaGUq31R80//iS+gSvhH3/46XRaU6yEJYqYUuAKd85iSjWxgVqPNyzLjK/TQoTMCmaFFo0/ujteId78DxjmDSK3YZ7IP3ERxhhLkeePyd7YrNOzDc0Iebzx1im82+w257T5McSvKFWsl4dzfWaFImQWp4AMC/xBBoq3oJ2B37bv/dpuK1BwvkSIgMYdhFjUrDUWT+EFsfRmh3lkqLpV6W6nZyBza3wiVVdqkSqGLzGeFGR9FvZjS1duEyLI/yAaQ5OoIAnuRsKqHtNFgIUCjEsBVkEIiKvH7O8kcoPS8NfgYvqwAABAASURBVMVFIxIbighVaJPxD8CwXcUeg7SqgJcuQh1D+KimPVajxKNzMoRXueSsPYzn06j4sR7J1AaDMuNVeClhCint3KYTGvwIhCafrhUmgQIw+HHzGdQhr22ATGFJW5tGw0VQ0ljUmGLrHNaU9GDTd63Z95FFw2ZZwzCRmtP+kvGIERKNxyQi4A4obKBEuvRZXMTO0kQvo7GuQm2HQiiT8M7mMTFJTqVlUeBlYaVHTtE+BaA/REc3CntlajxsCGpToJ8rMXYMtsmTdtpo1M79wzoxJKpoqZ6GA7V3KLihpcl+KYK3wZ2Bm2VwejUkrNGsubbxo3pIoCxCGhBoIdhHBMKYDYZu33cvHGiWWCic4vDQy4UB6Nx7BnEsAgOyOQTUQqhRAJwlg2wear9qVKbWMcivn7MkUVMJpxCkU1czbZQ5cDGbQTO8aCIp4qH5SPU1q7UspQJ4tsUOCUvImfAMczAwZmUVJdWs4rNWpbBTg5Opy4MA70+1plOFBZ0GV7wiY7hGZc2etE63p7m0fWAG6urRYeA6BAUqzyPXCfgKtZACXI+CNhVaWdRLFRHI16QmZxTSu5ZyEHDLqyngohGBS1kEpRzu/3IRdWEFyohLym1Dp7iADpW+RpaX5FBuz2oPBPedBajJX45tiJngsui+TobwUcyoLVQluxjuP1G0Ptvuj1KY92EOONOqmVThaYu8991z18te+mKqgWeeuf3Db/w3sayweSNIi86N63KDPkDLRfi/drCWdiga6Pz8PKg1kKsSuueqYM9of7lerc/Ozjbb/X/c7zP22xXIti2QFyxULEWLsTUAJWvVxYjAKjDCrbRElrq/Ih+UKHKrFTgENpU9waAtq6cwEpCz+mAru6iJpAN0ZDj7GOi5sDBzq6sJSnWEXUFzz3GWyKu9hSo9bz11PuCNCMwQJI3sGoTJAJSrJjMR94YFbihWmVmtkEmo4FR2Ab2Oa1gSZZQIGT0qxtiRcl/rQJjLpJ7EtY4+Qa7AYv/l2z6sDah6BBUUUHfjXYwh03jtb69No8QWAjErtCMJhi/Z61QxDYQ1XVbm3JpeYc64SAw7WCUZpuI+KEJDhw2KVqA5Qhjx406Z02/Ec9Bn7qMQbvM5mvgtBkffaR4ilkwDhqKiW7CeG/JD4fw+hIuk0H1XEdEbrgEOuJZCECJ+ifUqKNOsLhpgZCh5M/SwrszOCWkgadizOBiEygil7kf57APUEYcWQi+tqeKYke0nyAKtJB6JPrb9UGPgFBlCjJdtgSrOegLyaFJMCjXDGD1WFfUVtEy2mFOFDuXEOmjFbzZbqYV6IEMXPzPNQvaq76KkVT11VNeg0Kj2hzSuEvak3/epiRrRiNn3cE35gsPxBZ5ZaTAMn2UH0DuVZSp/DpepTQNVskfc+RpfGICOBzikjTzBfgh/JqiCy1TJl2pncxog+HtEmUf2gYso5RFht9dwvjmnUpd9MjBPvctUjdNLeqmc9VKO2zdQWOVaGq56UOA1mC4cDW5MeTLA5dq47J7Pl9Th/EpPPCcQvptDglsQy8EFCtN8WWcyLGUKFHM8TZEODctLqOSIYsKycBRXlxaByw5Rhirll2ELF9aEb33HHH0qeLmpadBRSzlB/v6LPbt18Q02U1a/RZ+HihxLjpJBUj+utSij7LJCf+Y//sLal8L/9c+8rYwklSzpDCVLcVC+Lj0cBxHjcn9wXz24qUCrNXabMt3xEa3gNoPVgzWY8xJnR+6FN3IVIL911JXR4nRHUh0HuQoiAvQE6ZbEiMBUGCwOatVDUschXeKjCsgFUb6ShwTJFio0Dj3iDcEfqdYkwqzGjerWrOvzLqsiteuUQ6HDhHQfEItUEBAUHRRXD+hkA4k6QK++KCW7DcKLWQ6PhlUlSo5lWMgIlFeqCy1rAwqaJsJLmaCENtkHuY28SrVW4uwRTz4kA79QXW4+9YDxH9h6lcnNrmo/WofaZ36O2nIUjqKgxakyII5CSBoOqI91QRiPp1pRjrKikFMWIAEpdIayqAYK9+mH9C42imK5YjBPhtZvNiMK44l0izkM9MFXfZlSc7Sfdm2+9YquffHQfpmGDwf3l3F3kpgIsTaIi4BE0VBFmd/AcwxwM/mIWVFaaBzkBwmK/EBhRbVJ/fe91eONjAaWBGRBj5oakeKEvJhITqAOmUjFDDv3rlrZUFhiHfAID5UkvThs9jpSN6FjO6CSoYqAkh49JWT7Z53D3mO2ebxX1Hp0odAQoHQlSsLQPbsibg1ARfCTZOQ2m5tv5VI3Y6hUQz4Zc1pxUgbZKqnIMxhuyjIdWnHsDyWhHnC1By/L45xlMaMGu4Gs75iwiu3ZAAtXLgVSh5DJOZwCUTQIF/gXO8uLBENnmgzaAHYQQHoY8qLMAS40jyNW7QLj6Azhi+90zrHcAa2OCziV9Kj9wzARvsLQfhBmP1KcGCxczRdYjUfvh07TZY9hhtOcO1wt4OANM93TlqyJKx0UeBMReC3h2vVUV9TPma9yTXL3t3rNJfi5OoBTfCJAMa1dyj+km2Jq/hxTFja4FHTQFKkT9JzmKlUE8fN3mdTPHDU5S7BNsYzKRYLq5FhCn1QK3bEnerZCNrHxophAlH9MtqsBpJdJxaD4/2h2RFWAMKOFL/oPfi9Vwv/0bd+XpQ2LzQh3L4OMbtsP4jZqagKSDKbUkBA8NOzoQKWJf/ObILF75sp3zyx3tJpSItURfdXcWiw9DCoyDZreOeMtNhFVvw1TkCW5aFXjB5kSQ8gyJYBIm6NEt4i3/P20kgKOSirNQlAzosCRVRAXXxnWC4+AypuP8aXmqCMriFCdivT2Llwjxy/WDXRaIQ0icVl5dWasNgolqdI+0NAgO6RsrYKIkoklJoPl2gAj6mKMVPxSchVGjoNiBzMdZpKX2GKxXWGpJvsYjio2IyUnnAz8kqwYjbSoGlERqdVAoApuIu48fgG2rF9PIkZqss+a40sUHFIhiU5IZQ5oCLTN6iA8GE7h0LmV/AVkxwZurq3hptCjH2A9rupu3409ne1YcJ4YN81Kx7uBw6SWhpSvSwc5S9CMMr0VER7FR/7sQKuHvK6pexxJ0dq0zk11Pj0HGYdq+h1W6At8vB5rEBlIzJvtFgX0Iq8cIU2Bx5dgxAUWrRRTWW1Xa4m9Z+7DJDeA3MlQGaA0tGkuPTJA+vxZEITKM0gnKzaBh1ide7ufGx9kqBITjePsmiqk5Dwe3ju37tq21pyFuPu3koSNl6Iy3VVUjrRQiEobOe4gI+jfpTkAC0KngbPF6tST29o0n1yiLUyAGSO/h3kx3vCCil0D8zyJxvmiF/W0LWJPoi6sSz8SNM/01yRq4xK0zXkw9WX+ywY3UUanCAu2rYus3wvpIq5uUOBFxNVfJbi0Xd31qPSrX0q+PD44Wc+6gLL4eV/IOTzUCiocFYjwd5lCLGUKFNMckuYoc3q04nPqsdvoNHnVfstB4ywR+5lXqbEMWxSx0C1l1gdhL1v3SC4hZ6lBCXInEgfN9b/7//ffjV2vmx3A9T6dw0+ejbDdba0IAWMC0xSCtevme3P9+m03tHG0ExDWU7DIO+zR9kuL+01fHk8BCT5w26wmRXoAL/2Yj3ruc+6nGnjyyafe/HO/nCVrdZ0M08xCNxmsZNurXoqEbIvcbpi136ws0gtOZVEnNyijuUdAuU0oN8XPwubjWYqQsigev+c5HZDKBjQrMEFADXOjxUIUlCCwyULgJvHRTwekuAjQTadXBKpyVTNItIlswfLNV9l3m2OgrpNKSyDVEApZsfQwCzEHgUpAyJ084ycCchZG64BKn6sxpqRR3ipDo5pCWQq2o+0r1WG2zBIDFGmCPOj5gYU6zTkxrsHXQkARgxx8YnR38kxUP8v9zksXUsmHmcHrD++OYR951EmVZDVD6S1ymmB+wTECRj9rpmRCRAKSG0aaGJBAiijCIJlNzNxUYUpcSmbEOFoMCmIm8tmByAqOuFRdU+JBGHfbfWjPXx5PBGyIe+V4CGpM+g0e+AUyM7ywvIlKGVaAKdq1Vc4VNhRnhSqMWb0jDDkim54aQWfUT/iROaMP2gaeHX8IyShDblqfXXpYNbkyGLAzHREwAqklMS2kHtVGvcFSrvBsrqsyUbQ1KGsdNLb19DdDyG4KDhKxlu0Qk+8e6dF09UxmnbAqTfQUqYdmE6FNO+p5gZT0he1Vu8jRzE9tWlUFcV9pWnFsFoUOf4G4wOF9CsEVBxzFeUqQDBjelW4WrgwkT7KM1BwaGX993mBQrN+uT0tXivRyc+myrV0lL5HAWZpB1DVplwdFMHQH+xXDjGV6NWons2pyWaZK0FKcaCrg9KxmvnsRe8JQ+uvFeCsZs2XW0ku9x7EAcogkLkqfGWDqfD0ikC5jtfkB3UT2Bk4E5lTFJWqPC3jc6Lcn7b5XqG1xu/hRwlgUrlxQ4E3crgbXaBS6ukXFuHga3l5B6J6Ir7zXVhbwUlV4u0ZbXrk6OYCRJuVdxErDkfkyRWtU8FFNk6VS1JJMNRNnq/QLiEBNzhJsUywZc7dncHZ2tivv7fNzIabL5FjCrWCVhLP17KGlYdgNks/KQ6hfFIbTX6/PVme3bq02q3G3LpHXwDN0vt1ZhoTSlIoXrpX265EIlzOD/GD3wup9hDsoSHv4T/7UH6RKeONP/jzNAEFRmChaouGxGgmR7yu9KRu2MCFdmmijLi5l3N8/ETXRkVxmDzNHBHniVT47rdiRJf6QqwiZGiQ5hIIs3wocFeQCH+7mNEp0sklLxT6Dgh5OyiLBSgmC3yywlFBSSt/8xdmts92u0Waz4U26l6xXX+HgQBJ76LRFmEXLBxkRzQJEP3WGhcyjuwH1u68O5jJCqWi1KklUoEJfmiS63hbXa17sVMd09P9CzCqXjrNL+eSCYic5MW856M57a2x3mK+bCQWpk9I7jpOqQ5YjWCIcURmp6YwRDcxJ00YfGciUdkHSHnyMkeUVwjYGTOfxgawYH6lBEc9PNd+Lzg4MdwSSgjORzLrnwX0HnPdL4aa5qgbFtWtUp6iDDoanjV1CcGog1zLJUnyKIezUMOXYwhSBk+uSDQ0OBTSUKiWpdQmTHMVMOn+Bg2IXUPqEX1utCaOMT5AR/WaUFleHYBfYlnbFBVKMk7dxR/GWPS9QRkceP9RgjiUJ3gJhi1ZVAcEDeyWtxTZQNmwlpApaJC7Qb/JayGqiqo+p72xdEkba7XZD7TfaXbFiJveG63ZjHIVYBK5ItTm4OE0LTGk6i9VqvV6b7Id5Aiuqcdr7tkmccxgykbfVblqCDpEtlSh4WLgQmN0/TGB7gcU9GnRPmcGUvIS/h3K3OUMhUcDM+gdQN6c9hLMtAs6B/krDKdfPUgC6DN3P3Gq4JF3sct6GE3fea9Wx8CEc8IoFBXoNdE0cZ2eO9f4sHGz3h90ccB50KnC16/U6Bbzy5XDIGTpyYSUCriQ6vJ1m8RfXtKLfxWAphnAIKOjUAAAQAElEQVSmhRCfKHAABbz5859mNeDhzdU0fmt5WYuQzDAFugWqOTUxFdOFrDYiSOnNggmkmx2sVquz1XpXudv1lvM36IejUbLEWML4CLj/UsxmU3vuYLw/IH0lZTivgvuftij9Vbgfg44m2htCyG2Xdn4GnO9Uvd0v5op2382dkhQYdwKICKxkhYubyPDDDORZ+WbIZ/3uT6JK+OZv/edxglFAKBhlkqmJ9vBRwWfM5P6fgO1stu6xeipaWucZA90spk2goXH2/XQU2MKniewyuQDk6llV4/vYq6KbodiI0mmAiXsp5iGLGEWkuXm9Q7iGntXdGVlE1r19rmHKGR1Jr/b+pBqxrwuLrFumoJtaXVmW/8zFCAtk282q09I0CZlmAJyVm6ZARiC9rku03uhqkRpk1gyZHqXok18FF5YwGQHGncbEhethtTBt1cIAho4M7Wl3MvGhjlSZYx5yRyUVWGC8TLNyJt1Ja+FtG1GJjkamSrmrQTmQ8+JInaArCud7PU76+JmP3eOJf6N6Y8GQ7duHnXC8GNO94BJaOT5vUniziNvgi76/hzBp7ezQf0IsnAhHGoV1x2ERM5YI7mNtEwi7K+VQ8DGcyQrkhOJCQzxSNxRCjKEQGfb1ifDQxrHm9PUVwXqhw6Zogd+ILtSmhVlDP82ZtKhCJINyQF/Z00jlQ3eaImsICqP4oROsUMHmFQtE+iwxNpUsAjsxRqKP5WYRXyn8hSI1yibWkSwpbLKA2NYWOy+wGgFRb8MlnGoR04ozS5BDpIUCNS2pyfnnBZLXPoewogocdsbmIEF+x5uk/qGLDb0nruOzP2MxDn/UeYg9qtLh5yGEBk/1aknYn3gvza2DOmYxk9KpW3+VjPtetTm8jDhHQ3nE9ajN6CIByc1CpT6A/WpYQhpvsYhGV9wzLkXxMGHme1yYpdt4ZMMNHB2uR7d/9aHUPfCB2teVCAq8TsFSVbCb0e6DAlcrvn1beyP8qtnuavSIDpe+8h/H5pOuzGXaTXndclLeqUD79Cwuap0oIL8zlGU+ejM8lOk8fJsViAupu6OdEWiKgnjpQc+zxsxkGbGSM8SUIDWM6huvMWixWq9XuxnC7oJX3cd1Im5xNGHAJy1Pn7bdtu8gpLF0hYIEEMx2+wWuxkic443n79m8paW9faFps92en98mW0O14mvcrM4lBWx3I+jwHrz/3vd/8GEVaTh1OLDre9/34Xe88z3kl2HnwEMk1h2UbIWDZC2SodSnixw0dbIUUNRQNLQuyX9GoIyYhTq5+Zl8ghYImSBjhZI45DSq9AyBNDdAyc7IUxFdoCCXgsC1/pV07v+KVBlTKxyQtB5c4WiYkdQsOLNI0A16ls6lhW7DgjVMwMEwK7gx9gkVoVrVEUVqW8qsR7vGKRpI29Oz0l1qCFy9zC31wpTKAipsK94IF53JIUV04K5X6D6PaEzDHd0sZuTWgtqipvKrZTP07DBU0E+SYVeSLNTLUKWCHUJVB1Me3TqvY7SftGVNaDeCcpqYMQt/Q1TH0YDok0rAXXfGAp/mh7Ny2PFJSVgbKHmHQD6Asg34S8ZPmMFPriCMUCUlmEMELSqIlNAwZJTG0obNPEKDzGh4EYH7P+hp+ocef4SiCogDGHqdKliOGmbpvb4kZrEPjTTzFFYkEM49xCMDk7S+IBme05g9EgQhhrcbHueqQavaMPLRuSU9gSolR0BuJop0kctbOi+QvA1fRZcUoaS9QI9b9QxoGBpiNa2HN/nOCxTOF6yQY2blVplSutg3nbbtL1j3bNHpDXRbHHvSqDz/YFDxM/FVekwgtxrFAs65f+lXWtyrZ+2k4AV49OA3AfYfSV7t/uTC4nmGyI/VyEei8O16lhBiRhS1U3A4CxFniMGscmZ1oxKfK5+kks6ZFgFp9D0Z8M4jKB2ruiePhYpT4RqL1o1T4lzPxXEVTkRTQTouUj8fLDGHObWmdwPLwE21HgM4+As5/1AVcQWCAm981AXKKt2VgiZE57RH2xu4CrBMu2GpUfpYH6fhLiCF4+e+9HIZWIoh8jsH63B4nqkJZuTPEQ1PdrbOMU3iBKpaEqg3Ska8s92cadFu1a/63JGk/z/90yLkoqFp1P5st9vN/r1bffpnQ7KsHT9uDqtX3YEwzJSuxOxvN9iHA27OpeP9sphCDYY1C2ZnRGBCrN1NgkVZTGKGGQjQkyqoHnrk8c//o//vNicnu3V2a70+u3379ma7cTJ0ZKEGWckKXc7DHE5M0uqUaeo4nDdslNHUpDqAeetCgEYCJxNoZB7yvGfUDrST+fsiAlFCsG6mVFIS0GoaEM6oNamkgop56ZRcZNwS1oYD6FnpYJgGC4TDiGIWuQkhkiBm9ZWtFBJGXasMKqSPw1+eFd6mzrF/be9svzm05f6DriKHxC6K9fLEqEoMmyvkpKoAnTJjUO6Ngzt4OFJW1SjhqwxRQiiD1JwWYOuHKoZN++5UdNbgAPJa5IzyNAwrVm1YF5YM6cJlgMYpRZIVywyyhkbad28yFYSZ+SiPM/45jGFPASZyQQ3jNDFeW8CYnKR0DwRJt8Qjao8Q8Y6IOLYPBSbi4cEjMAN4bHc8lpPj52jEchNjUtBdxMXs/2d91x6Bntq8r8/Kq6br6Nn+WHWalXRdzAma4hkYzQqKbdhe9SZi0nTNuOZhRCkaetYZbeDGUY0gapgpBRT90rKTzIB0OwdDc+c/rNAhLl0iJXSJPjNlphRPVlRWOPB7sziUuocPWdQF3ZGwxCa3yaCWlA0EhO4FxXW5Qi70XlTsMDOkXpkwoWgr6I1uWTu7TKSbzFbJ7RWgaXGB5Gw8xwNEQ9UebB92JI+Zc1rZzBYalwXG2EdiSFqNIIE1ReI9TGhqK3NlzkHejSe7lTFQtJIpUfvFj12ej6YGn6PLsYub6lCr5phEcglUctJ+l0K9uslhhNBMElhd/2vLFSyZdN+IGf6Fo2ZCeEKAuhbCkwhn9yQXDHB90v0Sw6lVz8L6IPh7haEr5omXc2FHO9V2eQC9ggWJYxabmZQx8BhweYMCZwYiX+kBJwXWZks3cJFQP5akc+IrDUx8SkU8QNOJl6B8oo7WghcQNCxDjivtC+u/ILdex3qWwRu9h4HD1rnD29Td7qxGMUWWZ0uXiXxfpIU/WYt+aNfu0XpucFJU9InM8Dr4k+Ui5k2JNfd93FbbHFFhWNEUMpDkcy9G5EHbLW32IQm82V0Vvmju1BBeHBgEk2ShhJACq7tNsOnh1apapdgPva1LzdIqjYc/PoAfZZrOtV0HNBqtxqSm3l6K69vlUuTDWlkfVDUilJJIswPS22ySAUsilO2Q8LdUkGIMMRkPcbmMovQRAVqWoFiOWzxBrZ3WJP6RaFoQkbETsuCiNeRkOqBElp77VihUQhkng7ql3WiQRYk5HHJJ05/gzkqZwGaSeZ3Zngw1opSdadbr9e5iw5vg/BxDmQrmZhurYwsYhBJzqRYFNDMRRfw24MFSaVYfNXAocikmVGXXQw1DIAgqmrMxvBxAHm+WUQ2FWAkbxGABeJ/4xK8zR5u23cQ/C5pC8tuxEw+HkeVyKjTkFsYNIEoJUllFSADZA8xodI4QUKTFeEglsvgGiAFGYiX1DFkK0hhKlBkkwQFpnxltX4AaOEgPpzrzQLsELaz3QYPURvFpQDyiszs0ahASQPrF6kGUQTuczygol2xoK5U3oI5uJhlOqWYKjCkKGXkhb2K6T0MpSIluzEaqPo3cZAuRqGpBXCRQZIoEmcxyNwjF8wKJi9EKeetNs9tf1gztLngBPVak/1km7ABQg2AW4m3ZMLMArKrLOSDSX8AnqTUZ/UwZjK90i9gNruG0mpI92NYYimMhuZOHzN5EpcZWI3MayGPf3qCzxXja21JQ7qp9TKCcYSwC8yG2oKIXsxdlrA03k6B9M95ESGetSSdL2WnSmYSGKmm7oDjqL+GAmAN3h0/XltfVMqMJif3BB8i0FA32g0BZepKKkAYYDipQQRliD+FrB4HmMAHuH15mxVafOpxkzONVNvjh4NQjAheF1kWulZdcUPVeoI0vXVDgOOGYbrabnu8Kw2Wp3EljyW5aeHZ2tivj+eacbuDSg7LgcHUgmNt3ayULwoLc+sXCKSwX6XEwIcePYVDJxELEWwiUPZxrfBHkI0BHpk32yB+z3J+od74prdEI9Bz9REiM8UNMMUlz1B1zuyzBMmek7LJc3cRjEnN40oYNqMmv8QrPRH/JiMAafn6oZMj5gtQyXQrEyypa6FlUlTWxQFDuHTqUnVAunNH+K/iorREmGhu0miCk+WV96moDriQnZZyh9GbBSqZK2t3ARiALAZnBUlp9jbUolwq0UoXoLRakZoUZ1c1Mlxgm+ZVxZCl2CkdllYOUFfEdhzukHIxAwzEBCa88SwQUQ/EgZrW0ImFiLp0/yK4FgFTaMQVxeVum/qbU3xY+diz6gNUJQEaQKYz7hK0LU7hTe+Cu5Jzn2KC7RYhguh7VAWbm10u0WfF+Is/MdVwNbBYvvQxB2i6ZnqZGF6Tb8WoXK+ocZcWtvD92C237bjZFtY2+iDLe3DSeSSgtSaz08PW4LLyDwkcdEI3RO0MKjSZL+tg4hWOm6DdGMeSHe3boyKOa4biJMQ+bvenOJnccwlDApFyinuywXiePA83DH8RbsKwyUD1tpEK/z1cXRAIktdZdg6xw54hfuMGon8on6xD7Z9MrJGhDP6g2tpQKkQOlDhzKE0G3lZoFXZlcz0h+SMlx1iRNxmyFZ4qibw4nJtX45MhZDhX11ci4gMLyTcKFgk5E46SgFdVA2ouyD03Zlc/aA3lWRvT6rTO6yBtVcYGFqk7rjNKOu0KxyYVzdAKLySrxTS78wos6VcWf1TIvkhNZXtPV/Ow3Qqz2RpESU5hUoKFK0kJtcxo0Pc/yHo10sIExFDpgy7v/pHZR4Mcyonz+n4wMi/GwIM8dZneq0mGrc7Ve32pe3ks1il7qGEEb1rMChz+BWwZl7BTYf8t6TbzZ7tRgzrgxJTPjtJtP1bnomDtB/Gaz2WIbnmCEOcHnF1q8Gzh5WMA90P+7gSsJp1q5fFC9LltQ4E37u4EinOBkYKEIiP06/mr/qUfa0NWG/aozn05rX0yTbl181X/RQ/q8rkp3cFjIS4PrPqRqWf2X4uY8AAU6PWh8iauGvLCJ2yaALNnBNdO2+WgrVQLM+1w0y8klYBK2gQSkScxHcNGKSMEqA3bP380dD/F6CnDym8vJdx5qlKrBQB16BRrcmC40z0Fp9bJQQvDDpH4gRYCeZREbJarrXlxGZmsfCUq6ym1SkS2DiXwK/bVmChTR9EyxYMhyLH2KfXlMpBUSGpqMkBkXDrT9/FLYjUapCAlvWTelYEWLOw4ULCEY/glZhGgljDEAyZatWXCl9MOvnpXqltsGapaVnBQaMkHqf3mWJD2NhkMul2RsOJgnVIZBiKy+UapfJSs2v8rfB4TgOwAAEABJREFU1dXEIoKJI2g4nNjmQMKnkCGSQOeQUqo4pOX3GQ48+GhjZEiJaVr7P/TDwLQktTwjAkoI1YDp0mzyOiWCHmkfF0iLw1E3nCRZB5TfBrc1x58Gm6/7C12i+MDDUstNMfJtMaXfC3cFMVDHTyADCkIJLUJWAsTJoIhduzYzPAFl9kacsg8J5KG9NuQBrbD1J8QrcKJ5fN56HCyZ0I5UoYU4SJDqKLcGSQ99qUotFus6EIk5qPugSzLyhF9LVsuBclTZ4JLxxjJFDkEkOGVLFT7FJzUW11eqnVgReVFkM4JoPIFML0LMWBgwOPxN0gIlKEVTQeKZ+ELq6lFDZpb5GaIoN3/bGsMmrHtjyIGM82z6FiE4LSvKKQjhqCx2eQUwbKuj1TH1oVfS+Hl3Ncek6JVaIMCnAnJZ6dBt4sQZIRt9l+FesgSZswpYnmzK8JzZpDtuyXTxMZhU4SCLOtOBPNPB2ifZqZ+J5pUEunDoJpBLnxXWvwWyyJS+W/8OEqgORHyf8VnF5HZuFcCWt/sSMxkhZMNYJWS4i1VT/jhqD8uwVad1k6E0C4hRqwWu9kuJ0cOI+YjUCVo1+y/cnsjQ5pUli6xrjqSNmEW1dwhoHodOoCO6gSsHXEyYATjkTGIeHFaroxWby0MGe4fRqXCJggIXnM6dplvfwAJw8V+cvRnsFwFe6OFmAVi4QncOcrY+oxU25+fMfApPqQsCop/h5gS7XGkPV0ILsKOUJjE6Pa8dpJCghYRhLobM5E8oRzkzKU7de9H5ZgfkAqmKOkZDarig3q7UYtt8XnZ/wjsnfOJFbcjiDF3gQGa1by9UIaooVs1RrETn5+fSxk8RPEWpwChgogZZx2lik1nKcWroqILFw4KX4NeuPGAp3WawAZUjn8pZXgX6zorFdIMkS6zTOe5D4UWekNj1K77Grzd05LdZ7wlNRKF8IizaSuBMC2C9Wp2d3drsz2XdRCQgo6TKLWU2MBCUkU69JcHOLtoZxxAGQzqrJBmBo6+CK8eynkmYZGA55jkH0fLpsAiDuRTmCOnHpCW5/ckug0KWmFOwecZHew8EThv2V7AQxltrHC8e1WnJN7Il3Yr4WaKGHCQEJUxMgoJc+BQjHxqmiKngfyBoY7Sw9IpxeDXeZSEvDg4purHZR+yrBZYuMd5DjFXhTB1Q/y5Yk8KxMMGmLH/SFHKkRWqtfPAYbIIQDZQR2nEUw8MeqN+ihoGQLEYH5m2jYfKvFYfNpD1ZsD9nsS/VOIaOeiYxRs4oEH/LZYWFWB16/A1Inzy3XhLdsoKmc0BgY0/8wEjbkiktxyl9SNEKiaxcokrl/sWFJCAj2nIX5gycUhjMUuIwvKCOg4iU8UwYVImo1qfKwhlxyffgjVyU6k5hmdrK7goUhnL1DipAUT7Cbn99ewroe8Kcx3TzR7y6AcfslwR8UpFBQzczVaf+YmoR8yHHRFWLZJlamQWM+ZijPhcQjNNC5zIvklPU5kI1mhXrhU5dQLneAsnTmLjQipKM8f/I0A/SB9FgmWq9OKjpNTe7tarNDCuWOocWtpvt7d32h0ppPLoEczENxv0Usa9obtb7byVtt7xVdnnYIeCYsP+o3Xq3mrgiryLdo1QwbHF7lRNxfsfSA1524KKCG4voZwUO1+BY2shCQItBfgS8aFhQI9xEQlw8LOleJxFPL8OJtaIDAh9hdL88QYE3HYwb0hGJafGXUk4U+MZPLj3sD8per7g5vpwuEmZ5EuzM1f6swI1rNDuCQyP6kbK0bBLnCvvyAevVrni7xxggb5aBRJhCxTx9trl7RGTTbRD+1pg2fBV/iCfk/ny+/snFOiKgye0fELttkv6pol8djmpCWucUVnkof6vPAKOuTeBG4fxhNVczXRUtPa7O+ohF4cm8RCHlY0XREYF+U1UZFRWph2HQAQtXNawwK7sOvcistvh1rcbKLXVayj38VMWsomvHtxykTjD7tCjGJrvcaiHduds3yMV2ABYzE6mweVCe7e+crFENqkYijswOMj7ylOaswN2w3d8pHHLFcvMllWhxgJhlWcThfsWpheonAnLw9cRWPjTMWHn9KLXUU217QtJFMqntaDDbRVAhilZhCgS+GKgRjf4Ru5iD7KgQ/sgKG4YyWoFx3l7yKxm5Y65m5VrLbpB6ERtuAJGTVBBKlNARyNRSkyGZnWTpZquX0wva9i7WMgeZLVERIefYtAIT+NDqYQ5tkXdruaGFHhS4XJ0OWmv3esLDg+rk2iPNiIEEPfS9bh8r5T6gCFyF6A6WpKXPI/EBRBh5cZSCyHTIcMLOOQuN6KNP+v0xkILQ65qFUkVF4X5Q6LmlZ4zx2N+OBQq1Tx4+Ed8hQEO8URcSJqNDnMUxXWjYnAMo327s9U/YioE8WVpQ1qEwfbXE5+wRCcy6PMSG2ysjeTUsL6ehdM21GoWTf2w48djAgFEBArRQd4pJJPsHyGNJoZcjc8VSVpehxwWmBfF2QNDiAtsfHjl2VzS0lDFB0EdiN7aPdogcSSA1B7MIxaNQBQRoTsomwpBsfAZbU8LTwijwGVaVz9lUxgW2ULLGDBAZVkmB1GGxiU9KTzinaPM5zIW+cl3WkzrhIuHo06SellmiXRBwCHtPtl41k8kFgEB7se4nd+4L8seSZ3bX2upYtu2+KRYNcoZK9Qc0dvNtjcxRzpJArs67CJetdKX29Igtj/cm9iiGV9RNy8ZBKR2e0vFYHr44Y97OKVhCilQnUceqCYmK278ZdeA63G/ArqIJuQGsJVcq2aOvV+v1erXldW7rOo5Z7+gaZtTi5Fcu8TdwwnBF6qhrG6Dg92Lg9IMCK2fRN3CNgan8VsYycEFB8KxcXyXYzSbObt06P7+9Pb/YoMBFAdH1Bfb4GUC/Q3SFPCVZYR8RdpV469b+wKH9iWt7SIa5ZA85/IHGn5KYORl2AlW3cZDnwFpat9LDI1AZEmtPdgTIOrmxfXkjEncyqnodVObUWgPqTQG3ADz+9ZOhBr2SbZloEsMB+gXyYPh0MoSV4W1vblkz6jjLs/ZqKwDVpUtrdF5bmDcTqe+yKB0ILMwxAzXFFM1SkJiPTgbyoJQDrU1DGWfAQxEtz/dHBDr5lZELxedwpwRUUCyvLUSYxrzCZp5yNwqm8oHC1pAY3pakG3a0RkC1OxPsiYQyS0yycjJH2dMu22MiZPeAhIkShzALepadAq97OIpmGLnT0lCmMaXi84pE9JPkyiMzdW9BCUGXk6uOIhrpvSIVQOwHS1WZhrU5q17ML46ixSLoaKjEPxSMhho2wvvvwLZwiBUFrYAsXmq0MPCiwC5hqyjmxiVB4/69TNV/PphivP4OsiZdIxQSHZEs3HVsiSiJW0oVpXYpQbCf6X79e2uIAiAEhIE/InMNgSZDhzlMjxqWfbhbyBGhmHT/FrqvIEVDEolhEEZmNc5zM+UmQmI36D4XSNm2lOGT3RDSYcRHmsFuNKkTBiefeFtEIgd6w9E+VhySeO0PlZyslhssC3GSNepPChM1K25yxnlfBnPSeLKUR3ElZVdOkwrUBDnLDaVm1FVEaCRopexRFHZRZ8xZhu2ulOIIaehNMrT1QHltkIm1ZY8OFX5RAYOzS+uNgkmjqHWh+XeXc4MUipVTIA58tcgp/iRlxorK9aOMZwVai6mvMU5oeZNoCuRjfwnCUp+xrdNTb/weJiU0pSZnmnJ5OEwXMbLGEk37oiBsnEsWAEYvP4VqjsRyfnEYdSpA/l7R5OM1ArdfW/LijrDCaj/yb1lwW2uI9vI/FixTM5Nhhf03r/bGdOjDan5xzhMlDyPJrbN9WCB3a8h9jsGCDfGcJ5HhC51MzokQIcik5n0KzXm73ZfiYktdyh73EsIVsjMnvxcGpx0UuNiE9SoD6AZG4OvRH1/tMmLGVAnJrwN1uIGCpGwZBctXqMgFVuv9dA3Nt1iLgY/IL3cz5s1ms8SzXqZ3OpVCnJysV0bTq3be195vsdo2pePNNsFsDS0uy0jLl8qtUr3b7cagb5Lm95cRh3aAcg9TPPtht7ptYKSS8wqkA3hlTrNwHdWJnWVdpQzcNE6280wxvbNF4f5kQGgCXRdU+DYSeRibWahRKqGtzKJaquQ74B6SenwULDA9Mc7ARA452lQ3tjpanUCkgXQHC0edqUhUULnDQx7Is1jLtgzrSZxwQUQWJZCqWPYT/ZYrScPotju7J9NUVSUOTLV5STFHVnsNLQ96u4iYy/UORRyplZfcQowyh9m3yN5OsUoQU8U2EVwqLhHJJc1Q0ispOSd/RCNGue2OoXSktlYE8d4Ruww5WbSJapAsT61QiRAmK1OjOAs9O6h4qi+JDI3MIgcHHwHPqu2lIelMukMWFxdYvSTu0sBayEclZ/YkWUwHx1NiEjSQpEDYiWh6hCiKhbJyAtkqMpPYmJiiaV4f6KecIJcoN5J0vzzsr+wVyj8aPNBSUjoE/0aEqGZH1+lVTY8HTIqna06BvwdbU6SGSIwLEhGxeCSJLNE8JGzoiDhZQskUUPlTZt9MWpLHmTegt4DAiRW5PHaAgv108vGtK86NHBBB0SbhjEQEYnwpxpQy+xstXdxryKsmVkMviA6jNYWKi/lk7p6fr0kFnxxaXFQUZIUihwdyRRE9aA5G8scpZoqHiAGHBTotHOWL2zd7LFwH++mi0IFPEYQKw5LSA8wsmtC6lzSWITZ+MaKKlOI6LqEL3VcI7KathGrdDiYoxW6BpzBZ0EGWb5sTVCie1VnBK0tZbh+91lZHtG1FLzai1mh2yD7JxRsT6S4hXNJAVi/g4PtXu93X880GaPeXS8ZknQ35RY6X56vVevd3u9nsNmTt41J4piypIbsYsS/J1L0pGrfuenIOe6Vb0LUD7p/mDg4nGRToPPL02sMxHOQGKpfND1opwzqntKxxOdzBO3gKC3yTAHkClFxhC2lERkY7rO4hY4f0NszYreacrVfAarvlLbaW+Ez1ltlm0062aB6kgiR+rGZDrqNuBZe3O9js/21oLsxzbKg389k1UD9UT9cCk7LhxCshORdrJmTW9rHwIB0D3KNDzVOg1kGVkGvRhl2baOuujpXzxsNKyp9SOrmoUmph66CQPKNu7LAYm+cMx3Y3aaPHQBE/wK0tJpSFLx0VNrJWkDG9f6qHQKtJzm5RUCPIcLYRB0PQMo0sYgUTqzj+FBGySVJ/l9vFQsjZhjUrd6BZ1WveAoEQstDCtUrgIKzOMhqtyiF1XqPUYZb+TeSiqjFbWBzyAiG/ykDLcepsuASVLK9rnrEdWhtoPJALPtrgByYmiU4BB3OtRx9S4sKrNpfIijqnBEY2dd8tbW8qaQsAF5YDw4vp5eSXWGCSfSVzGkzYzofNpITPDjQtyKlD4iS4J4rDUZdW2pMBuOeEbHMiJFGCfgrQfQAXyWZKbgEkbJGk97daDEuCzznn9JbjTo85MpdYpwFtd6oCxeelhQgUHzyHQCcHoD4AABAASURBVMlRZIwwZOkb32NWKoAcUR3oNMuKIyD2WRGz2KMgfCi2zYijAtD3XyChhaZWIC2Dk6vOApJLQG8yoZEKTiwoE9tf4i2UC0LVyAVtGyIVNOo5DO1SqEAoWa0fhrUgxfO1PxU7m5LLFvmoSsrY/R+ECYoIw7cTbpR0nzGHvlmbkXADL2tBuNOcA1cwjmxMKDNPi24hObOTfalsuQ5w1lcdRGG3NfikfhvbxUbt/YbGRRPKC6Nbk/gF3qh6MhkjX3QVdZXk1z7x+BIuG6qZSs90IDjssIiDYoGK9zJBuf0NMAwgOFRjnAuH06ptKEtGrdTqOrtshUaJdkVimSIWRq2DuQ7MoZL6198A7cTXuZq5ClfXPU4R3M3n1DO7FyvvRQGinwPB7uFx4z2pUeVBU42M1a50Z/t96vPNscPlvNIW1OoEPfGyNo7rCSdVW6cXFIjD9pV0VZrLwc10KWHpul04IjB7GPWwD9Z0sNrDbrxfrbD7k9CrUWXQ7mTxZqH9RUzvmbf7KYJjAYMPOV5Hc5R4IYCz1//brywNt8oJd0O2y112WLdXu1nT9vz8tnRSoMmjyeQtL/EEcAjsxbulKQxRTJgIOR+uWcJQePhpFyF0MZsmsey6FfgCxnHc0Nm0UKOOX6Eq1Z3IZTeY+OznuzkmLCQYpWR9nLNUKGpXol2s204GuiKVt1Clbs5k7nAh9xdCyaNDd8USNgq0BcQp4DQaqNAxosihfoj062BJF5w45SQFbxVnpJB5JViJIOFKSxAQ+t1s9WjDTjFoWbZWQlHUrNRiaslQ0EdgHvCCwnOUORzchnRd1zhMWzVgYico2pJMnphfYK5mwVApqnPD1Y2sIDYOow2YA9q8HCkzi3/OR7C+wFvlCSLJIRUqaBwtDamAmSkDoPc0pXQKH+hZPYaRNw2xJLEKfHw0rPZrN+2TS3g25cQnShYa4VIFDYXYW2aVrMjsOVQiDvDazTl7rSRd7BCPFxzsz3EKa7w5VCOduyAOy4CF0AhJFkFar2AJIfuCA+LSDPt18YeDu60l9F+Wx9ibNCgcHz5I3WfBA7ZBYQGKZYYdZaxeaOYxS6DPPCLZoQwsM57NBbJip7LjK8MgIgRolAQOBfXVjjMAj54WeAgXWgOn95EFeut3aZYFknT0mnJBcpw5FBYpTkQXWTWWali7/UHsizkaR9cyy1JWVp4MC2FnUQL5eMNM3JgU/kZfvyU7oEBkaFS3R/kS+NigHK8SoQxGKFOVfEZC641ZUB6Dv5KFGPcu8cfWaTHIA2LMxkidRfsricEMZWYUzaLFoiYb2WIBtkGvPdkni3gzDSC6avOQ1rWkpQw8hQ/iWy42rBmydFZ0GBdzy0V08vLiquAiinc84ZMqsNRRLgXesXCOHguY+EJdZACrTz4NDR1gjmU1G0I3cPJwDSqTm9kr+ifIk2iDl6MjKAJT+sWFLJ+O6WNn3VMw+tPI+wVDbu77r2W3P/tXTtsXPdslbHR9G1q6duWHu2walmwbXtR19S0OBWsTHJQ3Hg0OYQb0a8kNsCHk9Bt6UcOm2lbN/6vly7MgQ24PYl2qkU/lg8PUOaIfUi0H/Spc+WoWTceTJgJ6TQL0S4f7a8oICML9eLOPf4PnfDvu/00BTn4FgEjU9kVssJSvTMYi1g4259vdn93f7ZEHtjoPh3pTwJ0NM/RMk5ZSbA6fOQ8BqEit4+HCHo53qKISE6qyp8BclnAtLaA2s16tJU0HKhG1H/4mN6tSt1CemDgyHbObEsLwR4V0nLFHZs9c0eBgqFKq7ykzE0Ppdqxz+Gq54DCoBXQHjwRTEFCagKSJMDh3DyXRjqHAUFLRFZczIBdxYLSrqNiu4usmdMzoMlalRl4+qcWo5PAHRbkBbVaVYbZuzARTHrdKbpDVvqy54NxWwJlVa5FwNctQKUwq2wppllJeRPrEFZEEtyGm1uyQCoKWJVcxRGEpgeG+KCgGCCxkTFuHKAXi6o8c1FislEhPFUHqGRT1DLeUswtoQYKISbL6uTJpCJEBCa2CYKEY7ufKKMFkwoyRVYbWYmlhJy+auDGL++U6FZI4DchoFsMwOCNBKNL2RJ279sfdhUFiJHsrHGZlg4OEC4QRVAiYkFgWpBzGhCYgIDdUOFthZrHT6Pkg/DxxeIVkUtX9IsKklIvY/3BybTot1Bwha+iAwqUdxXOIhgXq4JREMv0ndtg0KmjokXhwc9MNArZjdCTbqBSZDIOs0bBCPB10A/bVpJ6pJjSw9o77P439MuJBw6xQoVmkSDjkw6sUNRlWSmB5VZqYxRle+SvAJiB0i5g7JB1GhPHETY+cXlZ010nNVS0qbwSwhF5KcfPSfDWpXAUldQyHksWVHKOmhFqRmZe6I/YxnAHBvI11j01IWmxmB7JCrOdOPtDJ0iHt08YMo6W4nATy8VsVqgcjHHt8LqSxvY+kucsigIHpODwtwn8unxp6H27bCW3TecnJwYJdBAsevdx5gdUNJPboGTKzCmwGmVrm0AatFnh5L3E76gy5JrWvyg43SPkA48RKxQhmy4e36XRw1IYD8WJhQjunpu/Z7v7jUy3V8nDSo8pcSCbdN7AcdM80OCHvOVutVvtHsZ1Gq/3/tKVtc7HeN+lV20Pv14WalaEd2j6wh7bYrrm55T31drWj2i8ubbsjzPYz7H3iDmWzRZuBNmBwh7YPhGkYNh/i7oLB2pdqOVhma601diud9UZg7UsQIwLl0EY9jkFoio8v4/oylwVizzD8MZGAs1tnTVgnr4QzyUoCJmU6aaJnnu32/Pz8goeQA0UEkrAgwiYehXMeDtandrBraNv9WNv+neumEC+VhCWAtxdaxTosUNoqFhdjhrpSQr1xAPf/psAMPdOkhbpaHRyd1tyIwHpqGHd1tLQ/nXR9tpsObDebjbLo5mFjZTsUXAbFRWn7bcUwUaWQ1RermH62PvuVVjODH+FGTapEWI6sRMNR8/V6MmrlFRpxKWvhkgdZnO9r5Ijw8p9STHFaiBkcLFq9JvtdAbkIope70LqMeS26Zi6et3fp4D01BQGH9DkVmjilR0DOXMHMkF19CGRkSyWSK05FlrJA6h7ScAefK0DlIGVVah5WBEYeOZWQlYe9SVUDPVyvT+JMjCiOFKam/1CSJfknRf6sZAFk21+P6DWpYiEaWniJ0cditqoCFDq87h9Ct5AjCGYwnEr1KDL1l4RGaR6GcSLEPD+fMEdHKHJIcDyIOVVydSDY91+gYMwj8k5sD/jkWty7r7VMtKACkic75ipKHDHR/HRvRHfem3y5uupoQIpCwRgiWhLrgGhDLGAFznbKkPFpEKNbCgJyhpTYbrFj9MFw46JWyAFDuYJeqY87bN9mJQpGzx6Lxyg3uTVTIqIvTIwdTeYRJ7OdBVJDfJAwbn8Qneyofu01pWXxRjouLRjTssyh62MxoqygBIK9iJ42MmtOFDGLaaGdGsiSGiiw77LUbDEDAhUSP1Z4REoZ+oaiYpbAAnGBHU+QUtFlY2UVGLIAUPAPp6opWSVCgUQM/Yupk3aKsCfy6TCk9x25UFOwWOrMFTLNZ2sNXlSGFBeSBe33ETbbuDUupVXgjdWBSC4d5F7aaMgGK2hY06zharN2gsl8TgWNHorEdDS0L1rCB+Y6Uj91oAnNUATeb0Zv+pHLqBpaumF6IJMLb+FF2H88NGCdd210EYVcDtJCYEz3F2vakDjHsX20JpZn0G1hbv2WzENLQiVDofM6TdD6EwgJl7lBJrDbK9xutxdToqNbEnQtANempNccTu/zwTXAp+6mXJHaA4y7kAUKE9sO7RAwxe4pzUFUczI9WPzfooXi5Hd/iTaYtQnCb6JoaQ6c5CyE+79La9etHC7HbBEuR6gDr66oJrWyp76TNklbTGRSJSTNaw5hJVKCmWd1MkvQTuEBMW29Xu3jATficqeLh4Exq6oWqOeYBUs9D9Irh9gazZYPNEQNRYPBdjbEVOPeYmalwUGGEvtit7Vru6u+82WZBH7W0MQ4zGIgTDgfEMKVlsBEyZY2qhhWoCjqVPlQ4UDBPLnUBrpjtIcTzD3xKCCtWmM0h7FIUlRhgJKp8hrM3TW5tIrAkhJZK7Q4dAUr+Uakk1n9CgqMu9xKuktAN934m34+cciN7SlUqhoLSIUwwUA4UaqyypNgEY4UYvUYzhZZKTUmMuQm8kjKymUqNicyDz0L9Q/lJpcQCZIsSlXTtRVSnGcNUmpeUP+NhvaGzVaDmL1uGYEcpV4Rjo6IMu8u95mhMWGgkWh2Hbm1nfopHn9isThmhpgPN+bxoY+Bbb4cB/8xUx01TQaN1NresY5tKzKHsPnuB5bWuRrbIQ4qCigAdwhE39JZYDRgjHkcUCmsoC83ctizRlvPAttsVhwGW4xn5Q3sogg/CqTxyIA6Fak72hOULGxFJg0tnI62rNy2ww2lJR8USyXmWYMx0vKQeCxe/MGZoN6TagjRktoLT8VLojPBW2pfrDfDA8IT+0DmLm4I3PUBwimPgVcanUNSX6HmsW2V2VIz3+5tziQ11DZL2E/FyBadtwzFUZSUeoLIc5Ja8maNKo15sfcgak8OEKTB5tN05D0NJ7q1za21d9ySU6lpdKlQfSLZiEs5RY5QHHFAdkxo5LcUlo5kLaTKF5L15qOWTqaS0MVuNynIIjA6Q/EIwHYvAX2sdojsU8qyS6JSGSshmYLqbK1JepG2GhxsFJ8ktXWGd4s4DQ9HvZBXjUrAfC5uFmXEdmW3G4CwSAEXB+T9lqcXFqGdlqnfM1jmxMRa7SaXJuORsal/lKFs0Mjy5OnJHMv5aDOsJoB701Zpm0AToUb5woxy2SYE6h9k7HqJ0PtLKmhzog0+ghPWsVa1bnDBBfW0RxQqzyUvGA6ry2kU9uSbsxu4kOnoDBeFs+bIse3+rLYG9i8Y7P7ur7ZN7NGmSd5Qc9GcCbq72+fy/q2L/e3+2LImfR+p1BxkRttNc3zoPoig4dOcasYtz66/aCZp3E9d+hMDeQwu5vbAQfOkwKQw2b38AN3utS76vdqWs353bBh2DbqPPZ/fPue6kwKPCk3VLlMXcp3iYqvjBk4CZjnBNfGghYo5tTFXij9spRS4r9brfbTc7lFts0kfUKZqhuHPROJptPOovNQT9IMzbSpIvJiVTL9g1OR72NaUGZUMmR3L9OX1kzqhctq8cdpNjBXO1mtqXmjT9x4Iyf3yyuhIUz4YDOFKS9hDM8VGvAek4KumMGSaiT4NSelkUMTU6268Xa1Wt26td48l55utLT0uJTS07katuRnNxI2gtNXEHhaCY2csuYUsXfANlOrdLppLh/AWepbNx2gA6bargJ/cwYdoqFFqHd1NiG4aR3Boo9ZGFGhsIzbos0LGai1YH2JW2hJIsyqytMqszHYKWo4MhTnFhY1vx/iX3mK650FGyJBVpwqTdZsHKYCBQIlJIaA5pevIgJThag4uO9hZCJTiFpbBAAAQAElEQVQogANlIaKZLNoVMO6i4TFJh/rHOzY1ki6HBI64oMRf3GuHiBplCVt/4HxU7ByysSEly1ZDAxVFRDE9QZQeC2iUxBZxVpB+O3+I9qGkq0g2FRN1ErtCNUtn83YPGVkV9Nt4+3zuN5qRzilHOoTpQWE4OKMIMS3rIy1r3WxslxCB88ssSz/6LWc5JEpBmar0KC2u974Uu9VybPrBUQz1ifEpsqETEH/9edQ6qLk2SSl1IUVLHAYLZhNNh8TnByupNkdMz6mHD9e5ICOLczQofZCjgFH1weM/SZYVQBq2yipTzwSnn6QIptWSmhYYxkkpM3Sxkgkq8o4ypDK0deRVtI550PHsgmc1b0oJIoSl1TK7T5vEhxpesvWIxha1IFyj8utVarO+5AyJTOYF8v1JcpuNLg6zzqkL+SzAIjIj00xZoOGIUJXdkXtIHbRJUAU1ZGJMZ3sqEI0SR5BFC4GPV4y13W5vT319a5bizsFtGehm/t5Klcb42f3DwQHykNPn0an0PaXp6A2cJhy0lo7V3xbg+J54Ie7PF2Lws26patgXbi7axSYO0sfEPn2g6gP8OPgzXAexfX2A3xiMF7AadQhuidIlEFZvpITskXq3C9i8lt8DLQmGpk5Yrv6HkwfQRl22gZt01YFPptM6JFz9oXlOy4RxtxDT2bzalYsj1CRmZS9A5ywhpmBgIqsJomS85rixzSYnnagDhj8TSKeXe6rE+FfHmAyH7svF1cB+apIi+ZWpUnvpMk4Nq5PWwpEniSKpAPClFVVHKbmijlbtnm6/fq6Iryka/LSKJNCMrqNOXLQ0AT8rjSuKGNV9I3xsh1TXcICEZN+DtxNjNlnCwY2cQ5LczctmN0/jU+gUJeVmEhRsKADr3BR9UEJIr8IE0yP0sCSI8g3pNndKTYlYCLDe9Rkr6manHBzXJtgzY26bEbESkKnSNMMT1ILE9jLsH2bFPxKtpDPGo4AkKtluoqg2SahoiMqQetCm6pwwKku1OGRpelZmbnQIfdk4dRNDK0u1VJBlurjtSwga1xAtqT/VZnliAZPUgwDHA6JgsrW8XMB2KzYXHJ0fHUQuRqMh/ApqBQsHDgtXk0Cu1ByJS3rMEh0mtp/6Rdpgx21rU8/+l0NkX6xCL4jzVhubO9UBQsAa8oec4C6JFRvOKMEgY5g5dyElRN2Uejj4tJ9hD4jtS8o9EaINJ8jK9ONIWLogawy5SQwx9EvJmnHoTcmSLQIshLyGIJOAc7J+MzRmDqskiy4MRKRpSFl2R21QvKsP66u448nfnGfHqBEVS+xCPLAeWRBRIrIxa2gjB4ye2BuWk3wayY2paS8duVla2hw1v0y4JuIEP4T85EASYoisV43Gh1rLor9kBbdvhA1K0MQhfAtdKXh8gGUov6AjK7xzC0MqQsLWNDEl58+BVIv0KD2zYDoYf3SdSDmjMHaWmGOKIBEPl0KZUW6t9VAqRZKeWqqtoaTnLEq0saKRooAbkVCtaeDpeDxcaG6llBoPqpLD/ARq1eSm+cFac8Pcwh+GDwrDmlMWxs6KNQRatk36QJE7LUozPPRXoZ7TRGIefgbL2TYqHiY5W1mZcYIWjWhzHNtHG9dNMx+k/kgj8oM0I5pF78ybBs3YgwrsCvnLazsJ3KU7MZjWuk7B4jcwHW7q7zDA5fyL6Sgu4vPBKD4QHkru2dnZ7u/m/Jy3N55+pQGXddz1wZX23nZB6mKLeFD34ZOoQEQ/1XRlWLyMp9ymIVyVcf05FsUcu7hoOfJZuOnqpKgkC9c7apL9slGTvxzbDsvJUEbjHGeOF4tocKR6+ND8mhphWDue7mKznXP+VKUuItDsMXRWolc45MKiF/gUOlKhOJLOEm1NG0G5pPBxhUcHd2rWiThrRLYqbF4O5WMyJYZJaew2spagV4Slv120vPCZ0ObhEVhtulOBQcOniMpg4wB+5NGUyJPUyg1uM52tSlEqbmQTc8vKwVLVFAPdSl1AlpmWKb1Elhwj2hGBULMoKJnk7SW5fZVhDENhqnCGQtPIa68WIUMGFVyizBBSfsENosSIGJ39dM0tlYvlrcwxoU68jDJRtMg2drwJwHZeVE81J3o4FktFEHyJSRlQWD5wDbqAtnkOASXdfjrCcKr4w7pZqEfKvO+bks3pCE2OW0pENCmIbzPxWdGsWuGu3YxaACQF3UQ6B7TxLcLU4UPHoCG6keIjKwHENRT3LSyaItEKQVST4TFsptu0BPncvkg9JbZG8zTEN20XpwXDiQFwnOBQGfrK7QRJukXHZibOSXGpobqtYs+kCnlCjdGwq6AVXChU6FUc2a1KfCJRbOaqRRQplDDx6hJmBFFzzaVHdJF5DVlUDqHL6tOSflKgV9QZRvbe8rljCpqBDBhGAaasy82aGuX1TFSILxG/pNsOxEHCFOMrEgO2zI56PYwaAfesHspSat0xGQ3DeG+xgUMVAYPKq4xJW3DtksxZiqH7q4UYGSHIdYKW9STTQ8uy0gJX+OGFwnQrGqNmcHlJTw0c5uM0B1zGRfrixhzHrmm5iGf6Mz6TXDMPURSoyZsCtR/JySZYAygd6/HdPK9rWPOQOZ36gaFKtXlN8gZu4OoDq8kX1nouIijwgmCZycMB4LAKXcqJ3g0ocFObjkWd0wNRqwPVJSqyq61VQeB+3JmRXYW1OJ9JpoQzbZISh6JiJnEZpcyoVj0UEw4B6ZNkv6hOB4HF2ToZIr9fr9e7Z/Btf27y0pqhIrWeTw1ChNet/PNQ0RqiwaM2q8023HuC7e33vD1ZwzaaLR0TExH+Yinmk/ocM7HdBK9oAZPQVCskaCggtP5bGH0SYZDzYIjAeJ31HGnBhK7FTPEegVZ0cBRZiMnyCAYSTT1kDd/yI6b0oDvLkiJzQ66sXYoKaEhDISEghOWHTlWulAhtODexO4eMhlgGPeQOglemnqo7UtQI8oYGTSI0ZUIkXaKc1WsLTVtJsVx5/VzMol0MJSlzGd2qpOkhu4rFRKZGuamqSqa+i44hhErTmKv8vADjjmxulZIOwoEwHBW478cw/Sl0r4ux1W3eq9CMxGxlm3IzsUYIUUkPJf4Hw9fnuGPEkcvGVIVoSOWpKkzrDqYV+q04kdN1ZHTTGorCUMKgHaSiKDo4K/hmMQc/A3KbxBRFDIZxJ5nK/QDTfK6FQsJOeqhctPkZZ0mpcVHCUmQhIQFXCJddwXKGlNkwjT6JGEmxSqCQAHIQVQrohtNYTEue2SKxP/J612QEvSh32ouRmX2ITFaWkXa8TvWD1q4G2k7rwfFTHTlmGB7ZnJ77FiNq0vOM0b0zFo6snF9U73EpJC1tJsMliwFmkZLB+NuYFSweXSnunreuzS7kXLSahrIvKnwHcPiybM2OfLvdELdfOzdDYZB10B7NC2hBlciti5YBzWBCgxz0MTjobSohKerv8aJpnGfBoQXoDmxK9qnlq50Z7HEKcYGC5xS7m8UlHgVUuZXdBLK+1yKd1wfV2mpJ2w4nUM9g56K2plvHgHbGPN1009U9SkER/VxZwNUvYg+TYlgvC+w/6n1+m69uAU8SLr21OVkYODE4YlDgRR0QmKpBJwLXZVQ4HOBamjD+yvYVhprane0JB3ElgylfZAdweMn5WvlUJqfXUS7sl5XFg3ozjYUbhOX2EqNaQSA6dHWPS6DLyUFNslMs3JkTGe6fS4H1er3C6vbmfLdQPvO4wRyh7hC1Yi5KCCUYQ0I6Uu7/BSgOHrNgBrm78QlZWThIs6vkWsCHlqElOo7Zo2yHy4cZaeRRDKVmOPJi46OucTrIrkfRDtDQMkV0vu6WV0DxtHSUMkwEGanwNVWjZ4PqBTmmpE8oHXqWziHy0fjEDYM2zYIPjSQNFDS1vFDRLOkw0WBJz7uYonSIqXKCqqpe46r9SVfDVTV6deg6BNSR23X+RFrV92oZio1ISa7D30TlLIQQj2Q8f88mVruMCTkNQqVpzKVE3egawJFTz3UKyVTAEBk48xmtVmdfxMCoF0vZlMlV2epHI0En710Q+Wp/Z7fhD3McAkWh8i0fgbn0ipWA1kV+jf0D5ZNVPdiG44bXh3lFCIms4RA/AYmSYK9eXr8V22U1n5lFRtKvgiMOSY0Q8k47CLmDGNvmceAwoAF6SAEU3hACgwQ2JEW9Dd4ansBHFEXYDJXIguaR2JKf5HIHs1c3c/RNx6DtRGeuCdJj4/REgVbZTsxLN1C2zhim51UoNiWi+Eg1Sr7WGBFl7Z1EUUJ9ISLzVArsGI6gp8mlyfgoI8Y0lDAvag45UEfl0Pb5HEtRiUluq9R565CiP9zuO+0NAwqzkCX1vZQtmfR+xQLk24I89DD9/YIwuDjHvloeJKX6VFTzOzalLYhs0tp+LOoBorS21w2/Bgpiso7MG3+UmYlfGRLaoFnfZWeQByTy0I29eKlRWy3UA5hMWeQ7gDqaB+jquOb1w4uDcEaw+F76Mn0OLsZ25oHwFVz2wB6scaLhpJoJGP5ixrxu5EQTvkd9mFFpGTAb9Gnpi6DjtdHoRDsir2qI/PWocBTr7aYQ5+fnzdvi7dzgNIeNqwRXx8InW5JjBQWeXLzwBSszZ+ZyA3u4nhGBNyDAbE84iCsd2T/hzajWa1pBmmfWwlKTI6MsfKadD1hNWARFQJ//3DsFv4ZygoYHbS/+UoDqXvxBTbKzjH5TLMVwwenQ4mWcgh4QLWhMTO26YPGcApUM48nSarU+O1tvttvtZqtzqz17CZIoTOCQJNY0MHiwkoK1S2PuBlD0qWX9P++4UOKTIuh+KNLCJ70ol7IWABM5SYuRsyy3V4huGSPrVYHsh5O9nNxCwzXS9NR1jEhEKCQEw0rSOXN5GdMsmEWAlhVnS7mCBZIC6dSCo4phzf2lUe+6kSNHktCgZwlyhSy1oENmVzJOv0yU+UpKDy2LYnORWOpYhIJAVnWYElWcLHnGwYHo/6o8CgrJ4I68noKGSvxDwHC0IsBHXUXhtIzGoAsJ38NWiEEqju2QaDntPAbs/XlbLRWjj+vQ9+SFIo9nmujli8INVTQO9obRGy2kGZQbWIVBV11eFCMS9Rt9yBcn++jxpz8JwQbpmJWFT6D71zFm9JGB3MXHCLHPWX/FMfehmAldHHU0apt+zjfp7KLKHHoeDtlCxA0NnqmSxFqmi+E9R5YDosLayauJI6RU7kAV1ZfngS/t0sfHYmT6pRqFyiFNI1KCXEPundro7cw5bl+izWarf3FOsEy56CN7pJKh3mSieGQjdw9K3KGMLmodRM2mSB3VDnYPegJlfJe4soLotJwHQPOCyhxqFRl1JjLsK/FR2CKvNY+5oDQBR3RTBaRF7Lfj0DXMsqmQt0C9w11GaVGPBTm3bWe3CDL05YcHo/vQ07ycqZ4W8QBabC8c/tbDItVnldTXcmrVmGbb+VCQawyiCRrXsB1mK8cv8CwIPuNwnCoDLshGo9xZGjj9x8dpWUNgCk/vz8PMuAAAEABJREFUnOLiq+1SwVwfu4xlvgELbir1sMDZ5PqocOCgwPatUD4pJ7pITS6yqi87mOvXCBeQbuDkwW4Ivkqc2pgO2whd3JkcWxVTJaKMMp25EyY8c0s3XqLDAhZBmUE0yUBFRoujzwAcUhbGH5Qxh10yJ9tiWqUdPWydDOG9L7916jAc0ZIb6oXRvkjv4SNRUJUyngzoiC7lUEEV9xQK4qqJCuTb51vaKjzcIsr4CgfXqAUlEwVaS6U4nVlxfkGEI4IC3pjIAloWASXhxL8lDytqP54joUsq+TskouxHq9YsCSEhCsjRLfSSI9cq4SAdltYPDSn/DA3KDZFlPWhYoa2U8qZZENm2KVJVZrRyfQt2E2uTk/TkWt/AN2LslNi+TE6qksowtpqEhpwFnNqaEYEJFXr86L3JgrdH7YJsJyQJoXSYq94jaQjeY1ZJ79Sg4IqsMHyoWiAwhJdUmorgwEENcgUUu9Ekqz2urXe86ufQyQ+uqGQFH3LiRJzs/8QIbAsMDw+SpbfJnYdhiLzq/8TIEZ88pklE65HdVYOQKuaTbR2Ky80cxIhEdNFIwDkts+poPNhoOA6w6xSj1s+RlEhuYUc/7zpYQhNoYQVmtA7DZWdjcld37BsWbWCxISX/Jm70PeJxHOCc4ZCdGVbzSh32sbDyXDk9RCrgHVZx2iwbDJRi0XgsQqpzd78PfOPdQw0y2pg8zja/wRdmtV7LmVjFv8YsFI0LI7ZFE2EzDPuCRofGONwMluChlVhS2eTe22TEsquPlHonpQM0nFNVL/bpsKMGEZe6/M5LrdoKoz+MmhX801N/yJ1zSGSa7gwFqUO/0XXKnhWgsj1D7B64hFYVsIFKQ+jmazeM2uh7/0Ro7G+n1QekvshNOkCNcGQprKpTnJJNHD7cIuYCYllGf1HmclhN54E0ysp4YKq1wqxaqrLdQv4A6foIgQfR/GyCrPoOoJWI2lHGZlnZlwlaL2bq/p21Sex0MlQOM4eBcD7sK+VFaepQ4vT7yKPBSdTScQB0A5MheIw0UC7YxIcMCpyy4HgDCwNH78JeWigt86/3cLbZnIuvRV4tuAaNqlzEqU591Yc0uJKmM/ODuWw2U+AitehjAjGtSeVp60KVykO9mcbCSxB0uVzz0ForJ/xdCmS+8BF5V3Jdae6ywZ0zm2GUv0Bwcs+pqJhb8zlNJEzQ+DQtl/3LVtPzoWO4ColigpYIA78DZWvGJcIomClUZQ4NB2VaOxEF5CLPpDt0Uk1AaJFQIlQRUEIocpDU8HJDQpdhmj5D4srupBKJZ+bZ4oIkUEkxqFuh0KlUlczjkQS1wpsCW5mEtHJCUidvPUgYRWlduFFgIisKUL6By5K6t6jhekY/I1sSelYmUM4iI2u87VaKUe4dpVozbEX2AX5q5Q6pWb9gl6XDKfizVgmklj+8Gx2vOe6OVPdKeMDOLtB7pPiQipgHCGpMkLt/qCV1gGPdM1BkrqR5bFMOnB69lTPt43epibLhIBMjU2hSgsU4EW0M3uqrhjM1wtCs7Ai6llGQTVG8H2JtxpTAFcIT/jBcjZExYgwBkJWztw2GTek2GjWkDe7G2/AvSbWBgGSUmG1tihwQ57CIpoa5jWkIshDHDA2CoptEtbGKpG9Uj5XSxj4zR1v/kObuCKuMKDqOLyxjXF4UW+voAxhVS1p54Ccp5UAg45CaniCNigrRPeh+9FP+kW9iD+mOfeS2muNSg9Rj5tIKUp0ZSaNTodQcsixEvgvZZzIWpkGWA1MZD2WeGiJEnonMWyOioYKijRKtRmNaUseKuogNKOpxGasC9IaGGt5QCx3CdE1dPdIE9ijNGFAXHINl4gKlXJpqv2raLGSsaFtx0KmCuX7cM2mhoC2yXhFUIyQdww/eNUpKmHLRDa6sZk4UO/d70X5JMyV08xKQwBhHUP9YhmqlHUSKszmZqiyhGmYz1Inm91xLAKj2+f6iNF0GcNkLcKngCtv5AouGxVy4f/5mNfvi4XBBgXX93hWGG0NMhJqhc7cetFqvtttT+0r1AUBe4DgtmO3zxspXJRyv+dVKmlOJsO7nFnkpk6nfm5knc756mJxJ3QRhAK6sRp/ys200BZD8huBc2aySdZDiTG0IEap7gb4owqkB3KR1DFFg0N1UlFfoemaUMUdANQdhKWiRzqTgorqFybaJSzkUE6Qs1Hg/y4jQRJhDjiMDNcy98tKWaMgWZbKGQMJhfaQzh0tbtVBRMQrVkXfT0DIkJ40ZFsNC9A+z9jdQBIkEjkM3hRg5Xf8oBZkPIGcepkSpyKmCLCTJ8V5DFIQYk6u1mWurUZFiQknPOAtpliwt/gllpSLCSspZUNYZ6T4p3kMpHQUSs6JR0c/Fqk3Nksot8pS9J69Uo5oSQmnXWXCTpAlTVkAdmZTmA5E2I0EJIeGo4yjSSpMJJI2wgN4JgpRYpCqgGy2qQFlJUc/BI2M4O6p6waRURVQ4usRgZW6uZXLVE1AyfhqTlEObW3iNtt8EHI7sILnlplLkxmPaiTMK7jrJTnEVIQigktsUCyKG+JjuFzwiSHoyIlqM4V/g/BOx/cme+599oOCIH0cIIanDlE8AiGdwwagc/eruGMUyiufBjdKzCTOCnN4NImU1zdHrxL0OPY44Ke8MF9fUoEMcARVJYU7LQHF5B/PQqIICqam7/fak+YQhqnFZ+vLG7SUcuJjMBisZOeIEFoojlVcW4cnqS53kk7TsLGeprihnCCWFGdsUOQMkNkFG4nIjwuicggiK/dywXkwiJlNywmVahBEs51R4RzpGZQLlbp9WrKQx21QR7ijbuXomOH96JKOTWY2gbh42RrjbElr0MipiiWWeYr2zQTLBEFbro3Y8cxlhIIPeiCo0Sd2VfAwqsFVqJZPJj1DsAIocZkGltj6aCJWWU3Y6oNDYeIJHlMo2zIF4ggGqDIdar5ezIE21quMC652zH8uMlxKWkdi+A9eGI+ME3FIYTGbqhLiSJzHUW0KccwoW9MG83v6gcHmMeOVh6Xq4qdc9LObgXDW3vDhYOiiwO/v1hGOz5KWHGzgBqH9B/hrCje+qcInc5xAHeJ5U8bnU007Udn4h4U/2ps0UXcg8lETIKNPE+ahQiV/FckzyM88w2V6IdCpeVTpQmcjJ0Omw0+2DNG2GYgkCihi+/EU8q6KTyJEKK1f14GBY0YrhTlSyYOArzJEjmWq4ipMkwldprkgStzOBvP1NVayqC3z9EZRrkipyfxd+vY4kbqlcqMyprGRe09CySMpSaso2C2oJ3VYuWFtSgGy0/qrOLGR897aMJujg5Nb/c9rRUFIkqzBvf6WTQHRRZIhSxRnBslIWRGY0xHtAIoSkiFX73o8CZ9pEGShzAEl+IdyKPHMZUHMs6I3WBRiZaEKazdwnvYhVlrIglY+6XaPjzvNSr1tgfSGv8bod2IiyuOFbBUbQkYuK2z05cH8smdgK0iff0MHjsZU5bIvZRl+fycmIzJTGCg+hCR0Cp4rxWILhBylCrni3pToeOUhJdmQB4fvnHIQOootFxaBfr0wT/RIEjaVCQuQsO8QbWmUUIeb4VmyPZX3QVvHFcbk7wEEpxKiz0Wgxzus/6GTicLuw1rIqHgHSnq1OC7ulJjYECYerGXam4NC2eiOPWdC+lNyMgPm+PBKdRdZhlrKVPFZx4qOlgicVBK0bQo9j93k+K5HEnt18KKvZgwGGjmuwjy2zqJqGMAaO5t1MqErCJQuAotiFUVjntMKaE9QcLWOOg9VH0FdWDNi+YJ6JO4IFD53AEgXXwqTXvKeETdleUWwFBqKbllwNwYVQ3V84G4WTVZW21jCvMmjhCCfPTQOxZ5re8FLmk+ICDwLVFTClxkDTYPqpgW6JyXSGFvHJaDBrYekhoAqm2j9nw7U5R4KJJbwwvaeMxN2s8wJtfRTR7QzgGpxHtYeLqM+rYNdLVIZlgwJPdcIUAAd/DwcLjWnXCW4iAt1wOrPzw0C7rMeXoRlN1nC/Vj71OUtqKsuYalmDjwckUMK6Ws4iis1hItI6XXRxuQuAVCukiWOyJ7w+JVGJbzCYj6ViNht9xsbBRLaLILtYlThm+VxAg59VLYJTZXty0D161gLbylSXuqxGqRAVOUHt+Jpwmsv5KpCIDZG6wDxKEPWrKq5iAVeL9DfbHtHtTiidoteloKhQniYhkNEoiwgUOTYshP5ORlDMY2hvVAEyUYblFampQrkTIr/Ks1IOaYFg2AfCr8BZOAORosw0ZRRltBfRdmERDGeTYvKg6wTNzkgz9yks8qREMykSLheXxkRCVSPDJ0UNSAXVGwXIOHlHqe7cOXPmoXMmG1c58ziL8oM+DecX7y2vk24pc0bdYpIIGGhkmopEOSCVDCoZKjNCFBf4i1FVYB/DMssuLqvF9j2Czt9zqmIYejibmxEyQy4hxBxYShQJ0bYgDr5XSiLX+DvBwWXWdUQhJ8ITZRMrBtNgnDcfROFFSVcc3MYIzf8cHcXGaTeOSLXYf8aPHuddGfcR0CAaYrcC+wffpoUY5NDJhBr2FGVFrh185pnN+B2KI4w5rp0gPdUwsSd1m/MhNacYo9AmvdMYPQ4PxegDM+Mp+5g/isgDNRByo8xHgmSO1SEFFCOnnzcmZXt8aBttOSP79qUgvbVygMpRO4Ny7ufIk+IGyBp/kN09QStSl2V0JyxzyJlpKxA9E5sD5bnoCp99LVSNYoAuLHLAMcVaJJK1ijIjB87wS7VCJdnt5dhjWXYqJSV87bAMJ5oqcHTLkKHaSlz8SeoR+m6GiqEtmQOUNclOPRR4KskqjZVnaCK3/TBgVD6NtMS1AtvFqUIBby3ERP0RLskssK9XLomcXdTF+Li1bcfEyTLHvn6RstfKdsgNvBe0JNsDfyS3wqpQE0p9SJ0+Ewo6J3yyLFGv1vmNSJrVTCSdq0fzs1CQFUqTjotoyYMCU0TjojSG86kgTr4egItzoxu4FBA9hWsYJ9FelgsKvDyRsjeN9yTgJgpwIpzMOzsHgna1w7l4cjmBebL7I/k9XYgX9IKfWjhYUSFeVsCsEe+ANQj1HhVUI+zLyRX4JS0WBl/xNJoUhC8BLcFWQ4Mb048GH5ofByUEJ58oBz4ylNhP8at092EyeMmnNbxCTqXu47amY2VRu0OZJK6acoWKWLIgMcREoXX3P6UwFxG5qLCgg69dQs4vOryFEDCosLYoHGSJlIwgwUte/Pzf8Ukvfv5z7vuVd73/Lf/23R966HGFKjENdOZGFsEqcqHGNSQ4pMNiIMvRSbQCotAQ0uuwQgUjoETbX6FWhbRJzI0ITGktzY3v8EYODqF7gsVWla604+gOncDg9Cxbri5OkJaFACbXWZ3Lvgcq1CuRMkcywnB1VmpO3hVkG5o6fjkdZGli00o43hNkFwaUstEd2YYk/kujPvhi5cLHATYUrIUVlbVJbpD1tWj2XRGTSGEzgzLDZX6MGSiKsho4ckX13+QAABAASURBVIgx1lO6YS9HCIGCb2YmCNGxeQJCEr0hMqfRMuHHc5OOmgI2fQRCW6L+VDxkcVrI22G0kJAUJZTXF5o680EqhHAwZlZzLF2ngEJoi0ZrpQddOrM1fDBl/b/wcV6JKslCHhdYhqS+2jSmtDMJTmtUtpvlWh4dQxQt9vcwcDJ0o4KGcZBTrVLaKD9s7jxd+oBmHi4HrdWb0H4htg+K44ydzc/SJ+M0HSP9Hmvsz4K7iA6fSEwQQveD0r+xyCUQninmCfgbeuRyvUHTOUpy1UpRUjjABc4w3PuX4t1qlDpPhYY0KZVtwVK3yaoOgIqH1Mm0FVk6OoXjA5cIIKaWewQDoVLr+uqbxmScFEE6lLiiuuYre1CIZmHLqRsN9QeCydrab0OF3RlV8JyiDJLpW90gXaIQyongZ+6OlDi5qhqvqhu/wAwJ63kMUZjFX0CDRv9vqrPv4cR6IeXZA3QN4PTHhIUA/d/rUdzjAdPJtJSlPx98veF0+7+bJnwDlXARztzL9C9DXAwcX3b3eHcgzofjKV1NZDUVMA9DzXQ4KSbk+DGchD5GteIOi1+BPcXDZMz1er3bKN1umXlbRPaztdCWaHxuHgIiKyusBwREP3KmjkAVCDpJu34iphZpF8qa1uf0a9YiBgrcHAZDjudqX9AS4cJ0MTQPWivQqmgTJ8YopKhn36loMkJrQ5gIen8f1aZYG2mDy3mFCFBpxRQpKOYrXv3Zr/6iT7/7rjuTzF2n+/4PPPo3//sfeNNb3qUxtMwgZcmdiVUK6N4+rIYk3ys1zBuGjyrqGge5ycGXyDQVsjIqChxJZCuXJ9NEa80ZTwiuBBk/IEm9WbSt4aJWVaKKrWBDtaJh+YCAiJQt+gibbEQKifVqDRAkw0oshFzyfX0YKoJyJKAt1DAY5ERkChkmH2hQQilkokRcUiJBd6TVcZhA3UYElZl5xHFlJqLsonU1XqwwJO0EZc51EyI8Uqr4vv18cBgCoH7AukkPI/qEMbHD4SRF4YcBoU0Q+ZEwQI1FSD7UC0qXpDsOTWascBewE8ccBGMSEydmGWR0mH3B0H8tOQxTghh0lXoAEEVWJcEzoyoUfNV3KGZUkqFty1yi+uLc2UCUeBSPfQUH+RxxJe0wvNAPx9DM8QTB4mR11ItHTmMWpAe+MAYUTEYAligvqOLsvKkxKQ2yiU3UJTGn2pK0yS05CaiLJ2tZ5oc5RQ6VsyJNSsnqQj4wNgMBnUIjFKSrSEhahuZLQy4CjnGP1JkvdlGWNY71yV2kr/Cio14cDH2BOSdAKTJjsFdgjIkHATrR1LqhifZG6ZrzPFY5OEsksFV4HteHzDq5IJ0EBcipBubqGkwOuLYDnCpwPp8iE5De6is0EIeYI0G1XN+5iHVs3baaYKUpnjBMLHXiaQ62gFteeO9RA+Z04/ICnJPYY8B2u719fh7vMV1RAN3AseByN1AdrkK5SqHafFJNZV5QIIaB+FrD6ZafT6lN4Rh2uqpd4wCLF/BCvVcQzt3yLUysC4Fl9airSUQ/pwydipysW85gtRgH5EmzYMrD62FBGY9RplKBm+95sxu/XvwUbNShi5RxMtbrM6zAuwe2TVV7q1HAOwjCjeH06UIVk+u4tKIY+NKKxoWZPK0VQeTgM58xGMFF5cC2xE/vN1yBdCjjo0hHBWNCSiixHZVCGY3IfRJVF0LDBbSEKwpsu/KbFvB1XCjWQglBtW6IjETmfnE13ObVtYWqkNKRfOanfsxf/X/+oQfuv5skWAEvfP793/i1/7dfeNt7/vI3fO8HP/RYVgK5/SYdYfyTjP4SFYnohYrWurmCvQskmnpIL4TmAJllQAujdEKIIcVNGgItMvWGw6Bc5UoBfgsIJCk+ZJIITS21TAJJrkaVZSGUSKlQUPQpxJiDGa6X8FXKojSkSIEkJb8NpGQFTgQYZiykuWnR203WwMWkqAqs3CK5C7mKdBJBRj4c2zaTlVug+qTEVDG7YcF0M48tgefgkzC6CF1LjWJ/IGAO+kW3ORrCsBwFDd0t0mAgJAiUfFQ140BtkSHl0hjCFXEIOxduG520zM19e+S+WYLG8DSMfQhC3bk/b1CsCcFi6FQMJcYFHNC6gDfpMDwkMWPjfZQcmagqGKNIa/gM9UXTNvSF1KQH7yPaWMBiUSIFde1vUoViBv4pnMBP5rICu4RS4FIgo44pROnail4LIzkilcSWJdVFZ0ip1FEUbEE6aVUSqeVwTgQssyJx1h6GXJETRQyyzLbds6aHQhpxCLLE+JtIw6LTouBNJNrXMqng2IP3FVsPfGhqv8ECvx6qz4oqDr8O5xoxRz287GB5Wcn/2IFPLk2kBsDFxp8xpKj7oQKBSmtmldTokZh8lWfjANPiAl1aOvjUQZlJFBSdEbfgrS5aQuVDgmt6W8+UqIov6hvmdIDdPKvD1id0LEOn6unoKgEOuYueF2ilJhgDzAqZxUwHULnqQ1Lp0/ZLwm5KeH5+3kidY6UTBXWsuoHDw5XypKsCXOg8+dQayZygQNw4IV2GTu8kKgk3g8MiwP1i1jJwkrXCwd/TgYVNJX+RNZKHPGlpWJgjKhdCVDbLAPK7GtYlXCa9McKZNg3JoIKV6c1wyvJlYga7Io2fGm6U9pHaybnKoRbjifDXj+7EOOyogOjnSCAJZSHNoJVw4aKqKKyX4QyS4bE9Lz/cTEixhZsDCsgocKhSNclG8IcXWzOt6+esEqGEkN3mRqsQ196uVqv1ar0zxnb3nxq9lItLEGUrvOL3fMLXf/WXkAM+6WUv+o6/+2e/8Mv+xyeeeBqG2DiJ5pwF5vmIrdaaTZVUqQizY1pkfIYMIcuSFRxMl6mHTJU0CykfImtwbwx1tl7vvIi33LpQH9mQIQ8EXusZ7p3SWvG7yLlF+gsklETkid2SWstWmCOCny6Xs1KQXsA8l7QalG6pcGQmpQaSkWU9sxTFQkIeHNzCNEY5flpRCWV8G+AmmsCcaqxWw7T9cHD30WrUbiCZ2+E6uqouLKo0ASJn5EmyLqx5EYyVWc5OU+y2kKLm0ctH9zummN0mR1wTwSHaeLYfJAQaS4cRJ0LgsPggISIqPDEMUj0HQQZBN8ud8IA6zKI0q3uVvD8gEBRYk9HGW+YP1sjvx3IKvVDoC8PmWxzsmOIOenOQHOKn5hIlJr1eV0yNa5eVW3swS3uSYn68G4g8MSGItW3zpMQuYxyDqF9tzI2aiRqyM/NyxJzTFhwiSSWST2pMhO5vAg9jIFCC9R6rHEsnel13GSik82m+0Z6XqieyOaRlHG8cqsZKEKlU1DegkYOssJjTkSHLLdp2IfDKgebuqUtGJFIyiWwGPKdCc9CWty3C7n9Mo6RMiR9xwqBKWnyvsD00dN1F00wrJB/Mua1WLDiwbwxobrS+G+TQCmrPEEmakDkZdTITT5HdeohB9kcAq05TxHIwa4hNVbXlY0v1NVvD+/LA3FKhe2yji4ALrZIlegackDeh/3ul/DsG//rIDcyHJR3pCjvlcYEvoSWnBgVe7c7MAZelt+OLVfVY0xcO/l5hsJ/MNDgxXy2rw+IKxEXCwqpw9368IQnhzdKwMF/lw2E0qUUupVu/xH9AL2Lv47AXqnW1vAQOUjeEeyw1zBZSAhWp02DcSFh8FEH048Q289Rq///9jb/wCS/9aPLBz/78L3/tN/z9kY9Hsh8hTXA2ROh306pbiWmpWviqdr8F9CaXyYz2CAtf2JqsUhMkCEGJooiMmHsBLVengEZpMZnUqUbp5MxkfNHKnjifzCcvtsCBbJsEqeWzH5CTrvZHpa632yagi6wuPVcoUSwhff7z7v/rf+mLyA133Xnrm77uj33FX/xHHTO1IqDLLGVRbu2kWCPxX/vKz/vYj35eux7LpeHhrb/83m/4H9+QMkyVQpUy+kd1BXzYFkN2FSkFWYChXmCofVzp2dnm/Jy2CB49FftH17m3QdLToGpUNJ0BEgkFZKUs2ZIaLUSq8TfvEDVraDqQ5GOhdB1ZUiBDEJlQWYckRTYUPIkoIBd1U9jCxvflmt0sigkumEbl5IwJ60M12CpznkRVBKR8kmywuoACgwqchkqgO6WS4+NSkHHQ2Q756rY9oogq4YSTmErYuA/twQFCAjw29OzzxC1CvK0MgVbIGhTgcXRBZ7k+ufuCcMwBbdNq8l1hRpDT8hAKxMbhYq0oUS+D5gKVJJSojYfT6hriB4Xb/gWD9QbCtvNmNryrQxkUy45uablyxiD1Okq/6qsITGmRzqyZUh8VuCFTcUCBpG1IIkSytj7XUcixeYi+MV3TM8TGgd7Gg1ILNTwUCs54INGzux9rdqrwTz0r9nzBbVjjkR03GBBbDZcLWWF3YbChYoB74p9xIoIbNggtzhjcnERfTYhgGidl7kjsubaSC2xFXlCHIakdZD0kRZwyfNKQLdVMtFSKk63IQsxiUmSV3JENTgtCoj1r2VotgEwLhIz8jUvKtNRw8/HCAkzi0efQ0g4MfWF8x/v5yhPUaSVBFUwxrtkLaDOfg0F1f2Cr7zDjgR0SnhZBi+uwRKkcPA6iO03T5aD0hxU5rbUvD8ewErrPVpz6MHDp4CrY89KVYVpQ4Km09xvwwQW5JW785CBw9Uee0yrh8d0Yw59DMV+SHcKbFniimKV065cJp/CbowOKCRW0ruy6ZGf2bBVQyWKCWD8n31N0NfhosJieCH8V3N/1qZ/4/Oc9m3xwx61bCevFYJF3xGazMBjoi+AZg0r3w1KNC0q6QVLI0hNryqhEWfol5uniyrSTVqH28OTJMw1nFcODgDoOidFRIsltAO0mw0V+LQz20BA6+Mav/dKzsxXVwCd87Ee8+os//Z98z5t0H5NiE8uAMgUS5vQpn/ii5z77HvLBrVtrmbtxblzqBcO9cswe5CrOFEd0kXEMNYvxSavc5Do7giaIYAh3RjMlSFHPdG9RPd0NosgvSFwl9xYMHppCqFmIQoi8VdxdYzxTKimG6AOx5Mxu5KxBEiqRZEGqGpSVlAoM4eAzpmkcW3+PQrZAcCmgZcFPNerghirkw0H36eD+5K7DPWyjOkN5cGS40IJ8GaEPEELCK2IrBmCMHNCd2rZ3vMbdOONgqMbZVd6sOEtJ2t+IthcXo3PMZwyCyT6aNxxhhpHj2DDDUvXnSaLPGvkjCIMZs6LZNcIL6nu8IDoHwXUSgRbEFUWlccFIS2FROhV5HKKSYDIeaZNuKyj5UCVhWA9CFpQLLkSlJmYftA2jGYMr9OUg6JFV3ONyUKxIararn5TCc26jmAHS21L8vbZQomVDMx12F89lK9kAtVrTbwuwRiuxKFpMyNLNX33ya8+PhurukzRXteqeattoHZRqCp64QBq7LImhUotFJ0HYcQy3jggET0wNDKdSaap8wWIW52V3LTipnbqE4KKulxIT13QOfRoKkT2VHjTika4MTSynGHfeNgF4WVDcb9OEErqMMKtP9VVZAAAQAElEQVQu3UwqpJSc/OTPCwwolv+csLMPmynAhQi9o5rLe3Eo95wSCcjXXuf2h1MGpIlYOZnaJy1RWzKPi/ODOXDiWi+yDXQD1xQuYXushlMsY2VQoHdEuppwOYvOR1X8JhDw4GAuBNAJAhZBOTocTycov4eSsyQvhDch1D8jz1VPP7CwhkcNsLw+JtzNlAtPcs3iThXIXzeqh2oiVGcsxH8p5gsISOt4aZ3NNSKPMKHRVfplEX1CmWHORMKdPEVcpe9N7btT/NIBdUpWmSpyRzYQNeLhsraCYN/H7cTfEVo0ohUV1mxQysx9I41xYFvsYdAFRZewBMhMZATFVy1ny7SHhRDwW2H1W1/0XKqHL/z9n/xP/umbIl6huCbh67/qD33SJ3wkOWBnq1/99Q/+hb/23SRxC9KQ3NeD1mFDkShkyU6YVTH0rKCSIeiS3fnD5oiUvtXUQWovghFUW6UMe75qFilZkNlCISElLjPN1BSmuLvQfQBhCEpoarKZl0MGhZSEv4MWReZGMrI7y4GiFKVbGeuf409eoshTz1Ki3V20s9Am40+Cxh87Y4HzgLtDQvGZECI+FDR17grje3fQmfculJ3oFUSD0bCv2kVVDtG8GfPs2TAK+MpSghw2qDi4THqH7EvHQVZuW4xmpCwea9jnRl/qWHqTwFIi0RBtxz1aezEcqDCojeGbCTy04g4nUC0oqrtWwwzRyGG54geCkVVKC63I6cEzmjZ9DJl6nBdS1xacIfKKoQNX4g1HKgx8hRYgfmIQqf1DFJfBY3dN6ccijEjKF3XDRhq2N0m6nIfegViMjOmS9VaZqaRnQHHQ6LjDQMXQ/kYkl2yQzACIvblDztpvzh4U2cauO1JYdR5OcT+lq1vgFlz2rmgvLFaEwg0mycyCReIGGtbiGaA5W8s+AZorMch2GiM658YhSNI2nDtJTSzF12XlsmsPOLNbcZHckRGMBOQXVoc9BdTujxSrgGaK87ScWpSFoCipWhWLQOp4jwKlTiC7dzSnSssEfRgX8GiSgQr6cPuCC6uzAbUBk7sTEtn4qXQp2gy1PCZacmfGaZaJfRhTmlj7c8B+wjG+H7yXwozWkPA5dodTBgx/Zg4wi8ChTYTxGeIGbqAFx8T7RN3FExTY9F7N8ivdwA3kcBMIeDTgS/mR8ghunIVIWZq8NNBP3G2lq15Jm1t+/YyQGh61wMk61LRyoCI1ya8WV0sA8dKDP702UJ1Rhz/N3k60agPAjXLMPqJCVt1n9BYTq9PNmpBUN6vaFuLkZXKDdOfFb1cuWSUx+cCJn/eHsLODO6jSo0tI2bCoZFbIdlgNWtDsavaRFw1dLCnEa9NKzd9kRLMiAu0K2yd/1me+dFpz/IgX3J/wznwGH/Pi5z3nQe8ZfkzPSRgmMLNaTZ6pxZJr+OpOqRQNmeLakvmQ6lfKMKkGdCG751TThLksuFT2aKqXs4DMB4oORNCzcvPEuIqqQkxyolQoaGh6zX47Sp4AUUyaRSkM4YWOfsPuBsvtOa9co1C5TTSqIRVRRQ/naYm4KqdCIcmCogXKmEpd+TlPBCTdzgEEsnA/BBxUsSngG9mu1Uoj/EZI4L61om9Lhnc1yc5DBDm7GltEYASm1CaguAzpsZnBxuDAJAi6QjjSJ/FYbWcUh4lwwGe4Acb4tVh6l9Iep9hfoLUeBwejxnIpEoJeFsYy9Rq5QzginaX0jioN4AFR9oneQUWO0qHv4AoRNmNwoxG2M5QY4s5qmhYcBmjF9Aybrb5gjtxfMxkFgw81SKZWA0HIDtrmLeX6t5UFvVHbTD2UKlrXHQSG1WuhXCaYHROXkyo56CA1gCmAyggMm1kpzq4ciAfpInOouIXLaAJbjlPYaAACW0tCoWnLNL64QJRrpsLRVFZO/xXoQJ5yRLb2uhrKVpK7nDytTEVO1exuk6a2ojgCfxqHZNzpLypa+BJ9ykRA4uvV/ZGpu9HDXxxAmPgc5LxAOmjBdbMynW82wwyAlfF1WktdAjBOCmhqfxCi+vEwzNsngLeTInvIojmnFx8M3L3UwTwaWOoj1gdvehPhwFV4SnCNitrAqY1xlw/4ZJ3GERR49dy9xpuvW2O/tMB86cPl/NAtzJ0kYHLmABdXlcc2arYKfnhRS7HQvuoFrFb7bwVut+zoamdpBfFyJic/cPPQNa77TWODilR//jJUPb6vPS7jxKjOWIK/k7m/WmYxhBtzKloHHJwXUgkd1byIwGILdukWWN0nkbWVUXjcD3pWDcAUCxfheFfAT7U3V3EoZwdSRMAUa9+ASjxSoqwSSt5XYN3twkEmTpNcx2XBYTvrEMEoBTqHlBQCNwjCJP+NUjjPK1clafp89md8HE2CO+44u/feOx9//Jme3SLxK04rDeadNKILldLfSllQfDtULmU8ZkpqB1lCG5NPh4sEkcpIdMMkT7SeoEBWIql2Aq6yJ8v9qLM4knRNbZKC/XLJKXtIyZLtoeWCVBVUVTOnMTBJ9BwVQQajh4OFKaVARqOsWmEqllggTTdIDokwIMGN7gQnr9Zo0xYlpzwINDFNqGeIGhxS9qqRZEURHgjCeAS2nCd2nRC3Ozpt+AnUKCtQdohgogniXWQk0VZJSpsW3HNqASQfUEvODmTpDMWs20FPm5xdGsUIBoFtPaF0AB76nPibYGHgDtDrxRBM3ktMTAS77iFN8KGHWYyfOU6OhaShlJkQjngOzTmkJ8OXqDUiWhoW/beLVhlPcQu5pZzHrl5YQUNc43Gj5LhAFKbLfFJSGT80TuSXPX5m1fSb5tCaZ8Oj89CwR8sCYTkn7XyXM9kDYdpGxELJWZljZLSBuQTLtYXznRc4UiRMhq5nfMJR6iLhlDpw1jdFdUe6iSj7QjTrJSBTq5FnYFpDuuGQERJsBYbukBPftfXMVWFrqAnRsksLrZAYZOe9soiEsI8lryClNtFzcPTBTpM64xtD9SsqC1EbcUMvy3RHhbBSVC29pxG0ZXZb1hId92o+diriXOvU8JkoSyFDlQEWgmrvS8YHGWOqWehQpYeS3s2e7Ba8RJ0csF6dfSvomHBsP951QxveYguumf9MhKMX7jrCcf31QgD934vzpuNKPkZRL3HLDGe9l7EYpaDAytniDZwiLF6BOL2enoO/N3A6cA3mBNPheMZZThKiHyEfWJ/d2ofo8u3tcdrjhXVHPK5JTwQIVx6qOonT9KuVMa8WMCu7jAw3ZhVbOcfJFo78hVhVQJEVfHqV+cypdGQaVYG4AUc+aYsBkt8sw0vj1nzYHvAgk+GBikSoyAJryJgah7yzhEZrVWiMxix8wS2603gpzD2eUtOmfW0AOnmxk5FpwRRrAAeZgHnXHbdoKjzr3rue6IICITJfCqDfzZBntUrIaDAS05YPndb8Xq3kEkgYpq6Hcg+DDi0sAhv4pJodCjIEPshbyVD0KDEyuFrD0XeT0zJDwhfQYfZ1UTH7GCMKVlqMhiZZQFbOarkqEYm3jtpHkQCmREq9QkVL83rjwVLPlVjIgoaAwv0EWdUcqjihhf2v9/ksjlgRMyyBNLOsWPAtway6OE/rd0uh7H0PTocRk7rZRMBDbBqJGBstjANrf5NIh2R5FmN4Qp8CCSEKWuI4N6RFGorHAiaCsCFQwFHaG0dowB456ZGUNovYYoGgQXRcHjESR6AN0jmkCvXoY+ik54b0cBqQHk/zZV/6OZ/xqR8T5u82QR995Mn3ffCRH37jL/z8L/465VoBGrcRp1N+SBvadlJrNBazu++LyqQbhyiqWRhOo6sa+UaQOTL4sle/8vd8+ifsLt75rt/8hm/8rl4VQwJGXyaQuz/TtU4sIOlskdNQpOFa2ukPRYSpob8WRFAZkBhPviwxiBt4oLpTi5CTem+lyjjDLCBt4CEmFU7EAmldWYIWdy62nrnPBK2rbXKsEUot1UArJGZIym4e4K9JkW9/IRtPCmyZKA92uG4qhcj5/cogIlJr8maWQVSkIkNBmNmT7dg5NIKUyo1e2EqfUlygwBcLySo0UzXvNOAQBrYddjEBVnaxa1ZxC7wXgrr+ANlQgmpFD14pi0nYcTg/PycynujpcD2DWI4DGg8n3DncQA0s8sL6VLgAHzqw517yVnHJ1fd8Pvg6wgU28UPAkl56ghGBe7hiNZbCCRfvalj+4KVoBazW6xVW2+2W5S3AQ8hcnAWKFMMimo02DSLKud3RhXgvCvc2bZ3K0wqI8JctDOluqrRp2VORM0x1fZksthMrE4WkYzlm7YZr37wPDfDmYVqNs56VUvnrvkqNyq4VCpZbc9j4YsVCw3SnK2wrLIf4anr7mgDzeuas7OWzBpMjtmwElRtKCMpOsya5qLaa/EvvfO8rP/vfp0lwtl4tVI0hIPhjmHe5eUV2nBv0rOgCRNpZeqlnieWxq1vNQvxHH+rDK6nniHadgv9JLDVlgsR4uEgxAUEyKWIdSKBKRUilJLGNZCVKELPal9wB3UYaZT0ARYpBFUNpsL5iWMEIFNtBRIiEKOqpaAZD/Q0DiUNa+SB5+0DX3yUrTXMMV0UEzfJ+QHWGhdx+1bW7mfqslmdULjV5Pq5ISfyiOUWX5/DQaYWssTFCCOnJgilHDtIZscn8GmOETe4PnB/sRzFC0j45bGhSuAQLPT8Plhoj/7uMOBAucHzu3Hc80S7NCiw/KNkfg8cBN3SnwQ0Rh85Ikp5xk8UyGoJEplCXoEyWiKFxpIXqRzPZx7KQxNh5AlU+4gUP3nfvnYk+D9x390d95HN+529/yW+8/+G/8f//7scefyr9DnMnhBNuVsMxXD4qe1eyOHgGcehVIa4n9HqmnCQVl3HqGPyWFz77vnvv3l381o96fnzWmKf99rfguFeBSghGkJN7kmFd1UXTLPP70MJhTaHlQ1c3RESpFCk+9mSdk6aVZiztBA6gHZMJKp4XGPhra2yOMkkpvh/qKToqmQWKtU6umCdkwRyFrkfOQbH9OriGSJk78pa3tJVWgcSaLTeMHFkbYiexDVyPTg6qrBORTSyMr9KD63Bguec5L/roT/vC/Td9Mh6/9GP/6PaTj9FU0cNAPK+OFqnkvE7Q/2MTrU4Ga3dLw2/91D945z0P/vKP/+P29v4XvvQlv+sPPeu5L3ny0fe/75d/8t2/8LpQL3QfM1JLZxZ7uk0Ul5vLNu6381yv5bP5zaGhziVOs3MrQsW4VobT+wz3DVTDtNN3jwA3jqWAbpjdFPH8/Lx5bL+e1lvKkcPH0lMEKSiw+ybG9T0j8HSraxIsU4snGgt4lQGOlIsDVCX7gbuFwKN1Pkc0KvZBgWfr9fnt2+ebLV0WgHpjwOL1J2lxcQ1iuuRuuXcibR3lNDnBNsRwXV4pnS5nPpKMDDdmB8xyOrwMvNrq7gvhysNqGnCzO2ezCjQqyvIpU88HU5ho1OlHJquIFwHMa5d2Eo1rsgaKsNafOWVVWxAHCYWDqyBIkiGjidIgI5Acnh0wKgAAEABJREFUJqncaq+rJp2MVgV5X2TWul1dQp7aKaGEoFq7JFWugkyrEO3H//Wv/Kd/6hVUD8/c3rznNx+KuSfeYNpTBtu57dwpUmKecKCFtadExYlqpkcAhllppYwIgT+kbmO+qy0pRrYXoYAfu5ERLuk4HVBwVJBg5Iid0yOKFZQ750ibR2AiDDdJSpBwSAsEHaGq1cC8TZRVRSppIje7sGligt2lNYfdFWnFLBRJYOYWyaVMFNHmiKhgE5gOi2+Ooe7Jr1tlLFN5NUQUnDUZoKa3nWlzTCB7lEJpp5LHn/SAN6RoEGMpaIiT6HuFIcYj40DRcX6IcqEcq8RhpwcOWIVPTJBiCtucJqs/nhL9pypbfTmITGSli6Z0/x6UhYtRhBDFMUHlIySOHJLrGBuFQDlXRpr1W57/wNd85Rd91de9BklcV/cDcd5OVvRb291FiZn+vbmgh+1ENmABQSYrJTsgrGzLxhjHUbcCYZcsfb4Z+SebizzzLOjHm/W1GmVHn9buhVdJp9x/ZtTA4ERS1yOHgSq6BLU5oqfWhcFLRoD5tWUEyDFR0xG523FQTaFzmHqyfBtM3bgovaKdueo4sdZ2N4xteGgKk32koyeLBfJ6Jr3PsdgQibGGssiiR4Vsi5ro3IKmlilWZZo8j7xDSAlC3e5/wce+5NO+SET71Td/byko0CPap5tUvpe94k+/6Le/8g3f/GfOn3mClgTQYUD1Rqf3ueHjXv7H73nwhW1Q4Md/9pe97BVfvmfPW2D1UZ/0yo99+Ze+4e99Rd79W0ovp1sN26mdTTZTmce21gSTTYZl+oM6/83m+tWK15GpgxXVxpPMHYuWFbJ4Q0EzC1gyyOZAbfkKwo2NpsBuTWGzKZ7ieaWAh5UU9vYUnF1cOsiCAq9xLGAL18Xfq+AmIvDooFucT6C/QVXyCcNhNYZ6c2iYKwzFhAV519JASJsEUzmAps7BR8paqvC3jmqqrP2XoNfr3eVms8my9YRKOfOR6pFlTGWLyZvmVkB332pbLtEqubA2kV3NAyxSyIl1vXPq/VGtzVmtW/OsVuhZVMjyKuPLrdXBda5hvr/ja9fwCITNweX3ot+Z1qvx1LZn2/3decG4AZch0ZKAUkpeC1iCNr8tcnPySRJkEe/69Q9sNttdo6NK+KV3vleTNB3M7+oKWHOEBnWSxm+pvoqShrKRAdJLJLVukKwo6W8dJNIsxdrbZjsdHj8M+enhhlCkqwrkWXItIMXPYSymqh6pbQEkV0Kf0v0NDiBLlBH0z4wBXWdBpfhSq/K8yCR1M6nlY62h8Q2wYSD092NJd53Jen22W63b7nbCVqvdtrYkxAg4zBuG7vQQCGV2hhnLgjQ1TZ41MDDaDXxnZ2eb7f6dtJ0FeaUFrBwLuDpDRIhjU9hJFVCwB3m1Wu3Mx83b8hjP+2dd1irRLMpOhUa3zQRVQhBqLGC0HeOY2vuAmKPlI95GjHnLI1r7254K0MdGtULWuylTc1xAk7U/y7fVEzvJjcvu2Hauy93lzgho3j7aTb23+58VurLtrlsNm0MF99eQJ15Iixm1juHRjfON15hNfzgb58wpC+Jp/zTMA5sPPUvvaKFSoFGPgK1UpH/47T+2+/uiFz77kz/xo17w/AdalI984bM//VM/7l//zK+A4ve1hgA1IRgJgQ4QgooIpagykHASItJtbB45UlLARKAgU+zKWM2JRCHYlgHJ4VBB3khFlmVEFnlhCkSe6ARIBs3QBAsPWMiclmzlEufrpxqeT10rOijIfTthd4RDwaZTYC7LGg1HR0Ta/uvZFlxCR9IbQtkQF7jLV9JvSkVOb6MDwhSyxYhm0040Wgvveevrf/FHvjmaAjE//diHaQnIOxELNcB71vM/+p4HPmJ9duf5M08u0V1UKLIE4AiynvX8j33ZK7789tOPv/m7v/Z97/ip577kUz/ti//KAy/8uI//nC/7pTf+zxWMUA5wngPL2yKcDkwVdWSH6GVWCBQnPKBTh+WqG8eunxtYFkCne1bgDcyCw9XpCbnKbkWk/Zq5UysuIF6OVnDdPh/MxhPA1YWpvngTC3hE8Nr6YjoWFBMuGxy8AIh+jgmzREK4qoJhZORFnFXRZ75Z6znEqvDw46afpDQmlXWafdLohd0O4n7zdbPhLmEhcDGqkgY3XYmtsZOBGWx7NGmnqnDvlDivdhRu3l7MJ9w8fcqVRP5mBJF2vVpjteLttkS5dMddaMeopIGFbevOY98MueEoypTSrEYImuckkFPgQ4u5DuHO+9DQmMo6qStN0B4lklpQVcoIFBxPQ4cTQVBGr5XEIdTKJlPdH/mxt73qcz+RKuE13/vmgFVwMaNdSs0DwZ+yh9dIEl1EjwiMwqMgkWRqJ0QZgsANWpYRqijaB4Kc7h4dssoQucgkvg1RSoKellcKLENApNgHdu1o+LLzjMSCQUhxh+bFi32EDG1XTGXzpuQwqizWrYnBySZxEAkj/dKEHKWcld4CNcipLtjHZd1abza7FbsuWsSYVJlHwzq6cZt8TK3grHAQk7wcNGaCHVerxudoixWtxm/BTJBUCSxe+gVLwRNjXlxSLrDh8IaGD93ayHtMrPoj71arVRvVl5yQR2kwEPJz+/p7gDnD72GVpbS3/X5oyC0IGlqFFNyxCUVg+J7vKtZnhdLT7BDrFpm+tThnc6fmHHIKiks0nBMIQlbqthwcs4+Lj7xKQolUDtRpq0TZBoe60wwjeEfIgxLdHia/4Sfetm0fQ76L/pP/+Pe9/NNf2qZ/yr//4jf97Dt3uB/1kc/983/qlS98wQNnZ6vN+faxx5/6ru9/07/88beG5vmc3/2yP/IHP+P+++5er7F7TH/s8Sdf+0M/+y9e/5Ymc6/V2Xr9pV/0e37vZ77s7rvv2FXw7fPtBz70yLd9xxt/4Rd/fZf73339l9915x07zP/lu370DT/5izuKB+6/5xv+yp9YNXp+5/f9qx/8kZ/ZXbzgeQ9+/Vd/aSvxa/6/r/nN9314p97LP+MT/sgXfOZznnP/HWerp58+/+AHH/mH3/4v3/r2X2vR7rrr1jf9zT+7u3hms/nzf+mbP/kTP/rzXvE7Pubfe+HP/vy7/t63vW7nLZ/5aS999Zf83uc8+KxdQ3rksSd+6PU/ExksrOpo+NzfdxksV1NrnvFT26M/YDBLBuPnbYPqbLt2zvgkcklhi7xpW36UXcZ8URJhANq5BreHgfIEDn0N6GfyNW3X+b3jjtdwL32gmEzFMgSUGn1EhLiT0UnqM03UjFL8iLSEVtdfFdUKZ4Z+Mg9uWjNC1XIBnyp0CWhUsrHzYJXea95SVqCK5KO0kF8tAY01bj/1yNOPfqi5O6ZsCUC+3mMGcPsyA6uD+mzo6xhVNT8BXvwpr9r9ffsb/uf3veOndhcffNfPvPV1f+fTvuS//IiPf3kfFBgWtqC0Hhc41UpBkbG4a0MdM8KZpYtNXcaQPQ2mecU4eaDLsCuv9qZUMde46M5IgIUb8elX5BzAFS9fBBdWVPNZdwqzIuCQrfPUGv1un3CTPs1b6MOfSwxBUCBw6UszFa5y58VTi3cTEXiScBJt9KCuwcHfyw4X0IYWEgnhyg2sLrxOBqg389lVUlTTYvgzQeoUuoVlhQvqEf40cNFVMYebrsSWWUXGDLYGGhw4TlaTgPXn94W7L8eMwoExW6d2cVhIMxNcWZZUk6yWJ9yJWla7xuTnI7qu5iZz2Io8FbRy26l0ZCf6wmOsqrZURck9SsaHnkXlQDCd1ilil/LX/+vXfvJve/ELn/cscsPr3vCLb/jJX9Z5zoFM2+6PVN7pA2lQg3HG/8nedQC4UWNtPXv7ZnfTe28kpEISAiQhBQgQ6lGPXo96wNEOuKO3o8NxHB1+6tF7TYUkhJqE9N5722R7ta1/xmOPNTOSRppiezf7xfHOSO89PT2V0UjPkiWctTugFsCQQ2l8YOIyywS6HGMqFACVkVNxzJNGFs0NtjWoDTStwPAFyFQ2YBRLktB3KowTgylhfgYTChgMCsacmI+4RVTHR0KW5luEwjhgUh0h+qaq7I7RWmNjxEpZhMKh6OyWlYsqnVZJjBT0WC0EbAgwlniMxyuS5s+AUNy/Eev7nlEWMxMVkOo1kEgcM6tqzNXLfCKqKRU9lKYCEuwznVLQYbdaH93uLqJMdoYj6maLvr9oY8EwPU5MI8y54yaA2fPomBZkGCAHMFYbLMJR80V3CsRM3igilNQ56RLKEWWDrUrRbxA2vnyb3sRjt/H9DY26xW+J7Q/1xoVj4YnNC7WIxFeiGWKrJgQb0XARtujoWW0EZOMiRKwdY1vGGEesCZH7FcY7TFMnpDreRn92YipcgMQCQzAjGIgENMavpi4aNaKvFt6xQ8tgMHjQwG7XXjYxEE8wIyPQvCjv0rOPGNC30wtvTtcoTzpm2KmThuniMzKgeVH+eaePOmx4n/ue/ERL+c4bT+3VvW1cD5yZGejQrvmt15702TdzP/vm97r6UIsW+UrE2FEDZ/+6UiE4cuyg/LxsTeD4ww6c+oPqXzh+zMDc3CwUrZPFe8uCgcDfrz1lYL/OetLZ2RkdO7b8xw2n/jBn2avvTEPRHUlz81SWXISOP3rYOaeN0ShzczOV7/PPHHvckQfp7EUFeaefNIrwTzI9c0kzRj14tXlt/YEA8QdtdL9d86G/YOrnwbaeQaLExMGuOcZroD8tqLzIoDoQZJjPa5Zi9zDCXG4sRkyhlgA45kSJFspv9LxQuZxaORGTGmzE0nW3D+CEisPwhkGXj+wqtnyi8QvhWiwhGTuPlmKwk8WMF61XElyOQDycmSm06TWs58gzCtr0xJH6sp1rV81+q3S7/mKORpz1YOmO1atmvt5xwPhOAybUVZUv/OpRJbzLQZO6H3RiXsuO5bvWb140efOCb0Zd/Oz25T+u/eU9nbfHIad17D+2WauutVUl+7YsWz79hbrqMkWHIy55QYnNb9VF+T7s/CcjoTrlYum054s3LiAVO2DsxUUd+v723u2dBh7dZegxzTscUFO2c9vy2atmvUGSFbXvPWDitc1ad1WuK4s3LZ3ybNmONfqQKa9lpwFHX6PIyczKqy7fs2XR5LU/vY9xvRabkZXfb8Kl7XoflpXXvK66dM+GhcunPldXU9qy86CBx1y7avYbO1bN0RM6/IJnwvXVv757q27LzoMn9Rzxp7mf3VdZrPrft+15SK9Dzyxo2ysSCSk6rJr5fyU7VmnEOfktR579yMpZrxdvWND5oOM69R+/adG3m+Z/pUS17zuq12F/LmjTo7aieNuyGWt/Shhww++f7Vjx476ty/WQir2qR35dTYVesOFIGAnCD79A5Ee1JSUbe2FHafmnoHtQOt/4mChtddbg+rHE373SOwOkzpTGScI0L88m8JAiB8imOpNE7DdtNCOW1f2yU0pJO24AaJjugKn/nZMM0t7EYBvgH3w+INnHnGZ72uUAABAASURBVIBdpM9WdCgemPce6utEFGWN0gOV3Egw8grUU7ByyafjPycko8WLSpRKGYT5uNHaQpWTmi+4vguOWNnyqDfuAFLBQrH0NixL4cFrl4Ed62HYjlQ4ipc23+tGMsYu1F5HjJmtRiCDgLgM1ABBu9G2Z6LwUtsThcy+YmFbalb+KEJpzl1MaYColgGqPIY09tHNlDvrDaVNxSuGneWsGaWTx0Kuuu1/7z1/WVZmEAlg3aY99z/9LTJqSkozCZcBWe3JsgBrYOwepNNRd5NCVtnUktVrAVDUQjTfO8sWRPTNAi2BjPpmFWrUM9ZJRr2H9KV2c44gQQsEE00as0DNHoGIzmgxV+LCnAVrr8vxoGWWjiVWJIQwCI3A4BSHY0km7MUsphg5iKWSMJT2amz3Xu/AI5BtT+otYlU/JAWT9xGyPMVJeQYisJAbzYkNMuxG95ipeYzZ2gRIXj5o+we5RFRYAGLOXeouIhHkv1egpHxRffh0nCkEzOPi/0XaRjNRy2n/DdIwXya2pUlcarR6HbJwcc4dxiYO8grrf7GVhtQUkzEGMzA9FfUQTA9GiGZQhGjyKI2PIZuGGDfYuQiB3vkaNQAbJxjqfoXmQNOzw2a9fcLo/npIZVVtIBC46qIj9e61rKK6ID9Huz10WK/vvl+0YfPuwoLck449OM5St21nSZeOLXKyVZe7Xt3bHn/U0K+nLhhxUC/dI3D3nrKq6trOHVoFM1RBp0wa/tPvqxYu3TSx7SDltmun1po6I4b21DXp0KGlpuBBB3bTQnbs3BeJ4HNOH0N6BJIYN+rA1eu3z/ppKRmoewRq6NypFekRqBvBNLLhlrWpOIwXDDqRXtfU7+qP2NgWgii2VR7p3KnBUiGwpSYkCABb6eL1xDJoQQbPdPLhrzdOYPUTccUhNjJTV9ppimtiDezY2B71S0wQ05qJtlkn/bhqa6LGJkdpiUiw0SfaNGIxEe0dyOEktpHJizQQgKiuFkK67nQye2nyiL1EgOBGj5xAaiSzHJ2ZT0KmUDSYHgjC8oR6KalKzJXqQhMqrO6ARjEDjrmmx/BTlIFOZcmOQDDYrs9hymfZ9JfW/fKhRtC629Cc/JZ5LTp2HjBBud22fKbyPeTk27sMPDISCZfvXJdd0GrI8TflFrVr0bF/bXnxuqj4YEbW6IueLWzXKxwJVRVvzspv2XXIMZ0Gjv/1f7cVb1qYmaf+ehCC6q+kMnPyI5Fs7cKke6tuQ1t07n/A2Iv7jjm/pnxPdcmO/DbdDjjiwo79x8x8+QocdYZr22fkyLP+hVRvua1KFW/ZZdCYS1+c8+b1ezctVip8Vlb+uCtfD0CgfM+Gsh2rW3Ud2n/8ZZ0OHD/z5Uu1JEZd/J/CNj2ry3btXje3RecBqpIHjpv+zJ8ri7cUdejbY+SZulNgq24Hteo6GEWP9C3fvVYL7H3YWQVtuteU7FKuBx1zfY8Rp8YsGQi073u48lk67YW1P7+rxAaychWBLbsOGnjsdXlF7ZWQTQu/Ub77T7iiz6hzVK5921Eg0PeIi9r3Ha1boKp0h/JJWAQCQ09UXRK3LPwuUcCxh5VY7QDfzxFGyFP5pmcjQs5ORgc/3rbSE9AAcin0ZPYwJ5KSvEk4Nt0FxAEOjbD6AdofAMR3g4V47WucVdUGtpm2e+w0GJPtb8cHN4GNhukL2AQfoE+FNUEeKbOb64TB5j7JAMMfyo0bqY5ojfcYcTaqBxaXk3T95ARE5QI7HvlUvCeVMbO9WGyccRdjEtQWkD2TI1FSrFY2/tS9Z10K2JPwKDzv2Tgx4ESKo6R50cCK4lYdt+1YIMV4Shy9LQGCGQEQ199Gc0BipZWYChSoqBJkiEkm0hHYSmMUAufW2qrtiemdINhw0UJg1+6y489/9q4bjh8zsjdioz4UfvmdOe9+NldAvqPGmOAmjQlMItF6RDIhZZmBNKFxezgwpJiIp7oJAjL+RxTvPas7n04NFgFAZs7IDiYJiEgvHA7jUAhbUiEZSfHYKMQkMzFuIkniTjOQOHEy9kDGcXnxmXugr34nnt/aFQZdYyDSjgWZDxy15toYm4izBDIsbA4DisDYhlJYPUcSG1W1WJgiGSF+J5DwCaQNVNlO06amT7cGGL+sBPqtzRm+DC62Qgm1MGI1X3ooQkj0KBCrBLAjEBFiTwi8SPdgeR1z4XxGM76/oyg9WNoqiw4j3ho5cE4KZM3gAu0v1noLkkbzCMIgcNwuIQsSHRoRT9IgPZ6sDRhbjycGU9cJ5hTJntDo66OpEs9a9I+5jEy76AEZBaBzmaPMr8OYjCAkxE4Qxvo90i2RAND9FMyxjJBYhnh1STeTYRBoeMhhCkcsXOPGRB7j0gBprqPKQzPBqvsxx44vVFHYLDcSCXfq2PKo0QMGD+iiy/p57poBfTtlZEQ3EQS4/cEPt+3Ym52V+fyjFwWiPzcYNqTH2g07RwzpFQzELH7zve9UVNYoF88/ckl+dH++w4b1+XLy/HGj+mvJVVfX33jXW0r6LVsUPH3/BZrNxx7ef/rsxRPHqU6B2VnBDm2bb9u5r2O7lrrSwQAa2K/LomUb2quBqpxf568pKsw/ZtwQjaK+PvLiG5PnLlw34YhB5512RCC63e1FZ42f9dNSk1uY8nwrLinftHn3Dz8uufKiY/XIX+atfvXtKfn5Obdfd2q7ti3M9rIWnLmiaCdaJ6qz854qBmDUFiC899RRivLgBmM1saRPbQ5WamxLT7ECuSGiTmnuzbH2fAwEAwG1qgTUfUvBkJylb9GjwKKMnv1oAFiSIgBgPm2Z3Rtj8xViFQKPPX6LLG0Z0Qn0W3PCyCITc9MXUVxALLXLoZLR8yWsMx0gQIDFAolIZK+Io3K3l4noiQPrBQLAq8QpCXrHBbwxj1P1qS2gXd/Degw/paai+Mc3rtM82wra9hh14b8PPPLy3evmlu9ar5EXdehT2L7Xypn/t/aXDyKh+pZdBnYZeGRN+Z7Zr1xZW1WiELTrc9jwM+4lxQ+Y+NfCdr12rfv99w/ujITVbfk6DTz6oJP+fshZD05+8k/Tnz1XCRlx+r3tDxg96+UrNCFUBAIZfUafO/+zh7YuUfemzcjMPuy8p5p36qcErpr1phJy8Cl3YByZ8dz5Vfu2K7eteww77NzHBh9/88znL1QUGXDc34KBjAVfPbJ5QcyLbtTFz7bsNKBj//Hbln+vfBe26bl95ey5H96pxfYZfX6/cZf2n3jNgs8fqC7b1aLLAF2TbgefEL84fsnkZ9RsBjKbte5avntjJFzboc+oHiNOrVYs+dpV1aU7ldjCtr1HX/zsgKOu3L3297JdazTe3oedHaqr+f3DO7evnKXYv6BNjz6jzgnVVc969YqKPRtRdF/DIy55MSu3IBIJWYowePj5Txa1671l6Ywti6cgx/DDL9C2a/EyJe90F+u+vEkI28RbxppSOXVvFk8Ma86HPXEyrE9NOinp+tEuIEU2owOS2fibkAz4NExKp1rrAxpS7pqcAhs5sGCv3OQRmBQ4trLSFavH1gCQs4reAWwDkoCAmsVA9Bf4EeQ9/M0SOI5MQvoinEAPdgLKxJYEQOxGHp6xKxUVggFlIZfVFF2lBJQrWU4ZDr6JGRPWfkEqC0C9tKHkASPsVAFenIfN38v2gLQlvvjinjMBApGCVnJBwmdhCsA2jKJRDAaw5ZJNjtNHC6mnHmoWUHdrs9vIwUYp4EcbAgTt5qFHoFTK0covUFGJeGobBD4ZjZBBELtjxmpTa1wjmKoemMkoGzLqp69ZtkAx8prOXTXEWK8Jrtr68D8f/aJn19bXXzqhS8cWRYU5mRmxjQOra+qL91UuWbntqZd/qKmrD2ZkIIvCiJJncPjaQj1d15CU/hfMNALAMXc00Lw3EvuaUX7FDvFXNON+MbFwjFDM9QViG7REG67BDzC+6yckHDhAX2yOXwIZrFHHBdLyDaR66v8INupG6m+uE4h9DfQkCGIg31jBxJqIwowUDGvQ6nmzRnqsVyJsIY4tFmqmwmRhYIPOGBuTBaR7JxmXxTWBseJDYF3cBWWtPlol1OQi2KCLAdEgS4dNnKZLrZ+ALNVN7LloMj8YJFopqd0hcSvlEQhMGlIxiF4DslqVyRvnBLZYJBVlQwACNAwSAXq3IK0nlJy3OmEhErs0gTNcj/WSmB4VjcSMKEsypBsBxBo8ZtQ9fgjZ38YCMMVp0swFYDovGNj0tCigrfknrmNdnnYbe3CQnYChhyGjTHuhWcgIebG9yoDwQTfkWzNL9IRwDBZVE51vgsOQlvG5R8kr2FU6ooDtXVQgYUDLGmdUkfgZtsYobOyPn7z3z1bRlZW1v8xbM+qQPtt3qs4QG7bs2bGrJCcnq6ambuu2vV06tVICu3ZUvvHO3ft0eU/cc97iFRuXr97+8tszWjZvpoSUlFYqj5V9JZUaQW5u5tMPXrh42aZlq7Y8/8bU/LwcVfimXdt27K2tDWVnqyOuIw7vv3LN9qhjX0LNsYf3r62p00dkM2YvGXFQb70Up81e9PM89TTJydP/GNq/26CB3ZDqnBHo3bP9lm3Fem5rauqv++fLVVV1Wvldf/mJWnhdfeg/L6uHJFZV1z367KdP3HcJopoacwKNZWHo07CJw0BsIjDJp+0cFCvsaGVUy1adpTQMCQzkzElaYkaFkohhUIKwhcVMZaE1UOj0qmMxjv84wPz2Z1YDs3RmqUqH1mrtZ6sTrczQpA3BdBkBoL0CkH0hW0l1Ek/r+CIJy+ic9JzSzG7teSwKxYkxbfhkEKofjG2WZygiuj04DwUh6HNBHBKaTPGEmI2OVu78FuogdSOLW2tJJ2gbJMDlJCVbdDhwQmG7XmTIwq+fqCzeOujY65Trn9+6SfMIVFC+a/3vH9512LmPDTn+xh//71qdfunU5zb8/rmWdN+xFyvf8z6+V3fm27n65y1Lv+8y8EjtNjO7WbeDjq+vrfztvX9iHPOb37pkavOOfXuOOLX34Wevmv0mooOSuy1LZ2gegQpC9bW/vnvL0Td+2vuws1fNejM7rygzO79402LNI1DBnvXzQnXVeS06aLKym6k+6CXbEqchL/r6qUPOuj9LDYecQnXr3LKd6/TYtXPe63jgeK2/2bnqp+7DT2nZaeDerUuQ6vh4eFXJ9ozsZh36j9OcAtv3OUyZbNu2/HvleuCkG5Xvn968rrpsp5aJsl1rfnv/H4ef/9TQE26e9dqVmnylJ5r92pXlu9drt/2PvEL5/uPzhzSPQAVVe7fO/ejOw89/2mqaQ899rHW3oVuXfj//k3uRL/CshQg2bCeSnewSGOf1swPwCGC4lOzd7R4f3oOZjk+dn5doCNWBhXTTPb308UEVIL6ThwZbPxsd2L9g04OTXTncYD9yCmxqQxQ0+QI2FChvGBkZynt7OFSPI77V5ZRWh0AgkJGZGQ6HIyE/nAL9R8qs5zxhMPzxDi5rKAgF+QitJv7xAAAQAElEQVTg3UMwkJmZGQqFwqEQj8lVurLC5BPXl1rIAAqwPYlNKt6TxoiFOCTEYuv8tFuxIMDkSJQUK12e6iMWCYdoolzXZYGexb4I/dwj0A2prSQQIWIGg0/0yhM2MzMjEsH1oZCAcHPVBUFikBHLLGQGL9iTCdQasCwQsshMJHaigRvjsKGDnRZgvjZzgOl/NAwMpNFFMrVLII1M7IsWIwaShUwuseNdwmp6kvEi2bSt5Kb7P9WCc3OyWrfI37qzjFiLgsyMzITzGG3DtkRSyFH3wPIIpMKRw3T8pwLaV8LahD8Zmb6hjBCyOhMThcGsAWZPTaAFGq4t1ZGgBRqXFcCRQU/UfG0OpHYiyHJicuIC2HJolYeZY2Q1CJGQjBnJKGBzKXnKyMhQmlxY6Y7VPaVMtGzLc7YGZBcctwcBDp3hFri8uhK8KpEIBMQho0YCLQ1rTjlPX+CFgxQLG8ATZ8OZDMTP+AZE8aPyITXij52Xhw4hxeyGWZgZz+vWKZ4fRHmCwXve5AeEKN4kwL6NyUOkHwimkxnaKMbmoyZN2ytiCycgI4GhOOISolaJfVGiTK46UftjSIgkl2SNZIaXKiCfUBiw1ROEkXMca9yG4411AjA6iUo4r+i9G054+dhyQWL0SPML1AhMtdj2Rww11fX3PP5pJBKZ/cvKFWu2X3TmmOFDeh52cB+Tj5q2X+CSFVurq+tzc9XzgnNzMg4Z2kv5IPUnFqEvJs/9fcE6JcGvp84fNaKvlmqr5vnjDu+vfJTrfWXVL/zflDXrdyg0q9fv0M4CHjqge4c2LTTNdxeXt2mlHuPYr0/n6pp6Ld2Kqrq9JRV9e3fQFf5m6nw9c9/O+ENzClQw4ICuW7YV60aa+fPSqqo6zSiK8llZsXWH1eu265bcsau0sqpG81a0PGL4pUl4mtKowVpz7QEM76VYYas/XQ5rBAkynLjjpIQZ16YgzOMlegoaidUFCQdQ9MDzxNQxNgu1BPAU0K95JsVIyuQEBMtK/Ymb6sSKKX225cqEYCAI0c486i2JLWagbWiEsYGArKUEt+kRQIz6bTdJij2SyQeCMVZPmeb9Yn5oStR4oRkLDjcnIcujxl6QF01Vj6MlzupSWGXEyYNM9ux1kCZxz5OV2yyz04HGkMLKwLacgtblezZV7t1KRhVvWFBXXdGsdXc9JBIJRz0CY2jWslM4XLdv63KSa9MfX+lOgc0790PqEbeTdY9ADWt+fKfniFNbdh2EeDDnbv1vH5O3dTWVJdtWtOw8MCMzOxyq++39f5TuWpuVW5RX1DYzvyisRBdvLurQVyPetnR6m+4Hj7rw3xvmfrZpwbdV+7aW71o7/T/naLFbl84YcPQ1fUafm9e844Z5n5ZuW6lMm818Kea2vnnxlO7DT+k06Ki9W5cUdTggIyt3w++fZuY37zZ0Uk5hu5qynR2j+d2yeKryxMtVLLl7Y+XeLWQm9myYX1dd3qxND1358l3rdI9ABYVtukcioe0rZpEZ3LPhj3B9LQSDZGC7Poe27TFs17rf531yD/IR4Kie+wztmR//4QpwDm9KFzjuMTxVISnpO0wHkl6QqSgTd8/cdEdsLJ5eWfStgJOdzZT1Ho25yroDlgpOYzTtFNjogZmP5kblEWieoEkfeGhlT0ssjUvf42L0MacgGY+jvxb3NH/Oc2dYr/EOiQk2SdHgIMalYIe88aUczKdznK6XRdKieWFubKrdlAil/EtLyysrq5GdVh3at4aAiJLqi09ZWWVFRSWfLpiR2a5tSySG0n0VldXVDox0yMEDTjv5qK5dOrZqUdisWV5ebk5mZobSHuvr66uqa8srKvbtK1+1euP/Pvpu5doNXEk2aWvRBfnNCgvzkQB27CoOR4Q8oXOzs3v26NSja8fuXTu0bdvq3kdejER8f+oVKTnJz6PFMOwAqKKyqrS8CrEBBHt2VuaokYNHHzZk8IDeLVsU5uZmZWaoUGqoskJWVx+qrw/X1NTu2LV3/sKV38+e/8fiVTaCLZfavRagSG/TusjGtz5Kuq+0oqqq1hqZl5d9+knjjh43vFXLosKC/NycrGAwEA5Hqmvqysor95WUr1i14fV3v9uybQ9TNCdVAWh0GRnB8WMOOmrssH59uuTn5+TlZGVmZiqaqFU6FKqrC1XX1Cqtb+HSdTNmLfhl3rIoJzhZrbHxCDRj+EF9/zTp8G6d2xYV5hc0U+qs0s6CmlY1NfVK6y0pq5y/cM0X3/26fuMOenqIGUwvYKsrCpjJlD8jh/U9/ugR3bq0LlSrdI5S8bT96upDYaWgKyqq95ZW7NpdOmXWotm/LNNTA/qTEogvMKZjTpc2dEu4ryj1R2liWiiOzrNHzKs7CfvX1NaVlFaZ1bBcNi9Ss2dO0mgX/VppYiWl1Ti2DTUxQElsjKJetm1TGIht00X3TdK/lIXkkvLqRIvLymjZIt+SHSUv9a1a5JoMq/CWldfowlTeojxzOtE/GcbJcT6CQejQrtCssfFW6YT3FFdaS1ACOOEtoLP37NryvFOG9O7WsqBZVl5uVkaGuhtPKBSpqQ2VV9QtXL7jy+krV67fGxNgGDwZajw2Vwri0hgV89NgHitp8T4ht+gzLKnSXeLYXllgpmQ2UrJHoUoDigksIq1RljIDCqEpmtouaIHxJs2uGInOwmIZIK/ITTmBdqAyQrams40yKm2NMV4C656RX7J/M3PQblmBnOxQaYx1zJAPdrkwq4EAC1M1Dq9tbIpA7rMIyPneGo7SplzRCeO9Ee9lGXMTYrkEAuvITI0LA00UZqdjpDT50yEZLw29I6LuIUbQxb0RYxuXWZ4KiU5e79SxhQDrzwnyiaVFaVu2YlqU8WmUEB7NfDwJ+uaCmhAwbtOoBWILFxvE/q/YEhVPE2iTEDY7ySTaA6k7s9Ss/adJIX1/XnqisZ8OYKQM1Msrqn/8beWn387X+LKzMh687fScnExiu0UzwpHwbQ++d+GZY4YO6k6+i+fmZJx18qGtWxa+/t7MLdv23ffkpxeeNaZ759Ykr/KOddt1Jz/54tcLFm+Y89sKzSmwfdvmLYq0QRr833s/3HzViYGA8uqXM3RAN41rxeotijpZ8W0DFc0r9ZcjQHtLKvTakJ2TpYcr95u2UN+DUG1tXYJIHRGFqWSxdxZsHxg1uF7KxsqJyDpqJqCmytgvkJhr9rrzxKa/tDtE1dheEeujmXvAur0LFN96RDJIUDcsy4iVNyWKdQzjV+LK0DGreyeC6impViLzToGY2uVj3sIfpidEI7VeWu6NUjCb06sKyH4iqi7IJqdzM8hHCT3aTk+DO3mMydAR8+UZU8dmS9LqEjEaj46IgOIp7yUcCqeoDt7quHHeF8umvYBj048x2+VGt9OrKtlmpa+t2F1AuLLVVZeTimXmFIRqzRPIVYRnYbPWKm/Zng2mbNRWlWAcyW/REcmgcs8mU0h12W7lO69Fp7Jd64LBrDEXP5fTrJWZLVoYm/74NiuvxQFjL+oz6lzlE4mE9m1Zvvi7f5fvWhvNZvHP79w84oz7uww+WvkoIRV7ty6f/uKOlaqXXsnWZeFwXbu+hy/+7uluB6kb325c8HV2blG3oZO6HXT8ypmvtek5XLFM1b6tuc1VS1aWbLUqX1O+u7BtT/22vHgzGavoZrWkqljVvpwCw9O8dbeDFdP99t7txhxi/UquztCfe40fkMIsC6StkERwRFmq0Cb8Yf8roPSBe+MTb0QNCA2zxvmsdQqL0rOcpbhgG3xP1pi64v3CKbBh9r8+o1F5BKrAadYwfbIv9qADAupl+sDTgvQxh2D4w4y3IC2qKld5F0ZzmjW2Psmto9KpYeSJikC58gQvP3vvgP69BYkXLFx+zqW36reGadQ4WrduMf2rV5Ew1m/YcvwZ13BJ4KJzT7rprxcgMVRVVQ8fd44gcTAYOOf04yYdc8SBB/TIzKQMeJQnYXZ2lvJp0byga+cOQwb1PePUo6trahcvXf3h59O+njzbysFPUZ9svO+OKydOOBQJYOGS1edc9k9WbKf2bS49/+Qjxx3SskVRwOiL+eDjr9ZF6s0py4LLp6T+1QdPZmRI+N+g6ALPiAmXhMJhdlKQEQxecPZx55w+sa26QQUdwWAwV/nkoMKCPIVs8IBeF50zSZnEX79p+6tvfvnl5Dls8YiatFKljxg99KE7LkcCqK6uPXTilaSsM08Zd/5Zx3Tp1NZ6EqFiooJmucqnU4fWA/v3OP3k8SWlFT/MWfDcq5/t2r3PPjEw/eVBUePic49r16Y5/UBEUP0slY+iTNvWzXv37HTaiWMUo+3cXfLOR9M//Gw2a9UUWUOAalOajgBnnDT6hIkjD+jdidnQoloVFeZ16tBqwAFdzz9zQm1d/eq1215+a/Kc35YxhQMyPh8AIfMDA5C5C9XvlHI5/8zxR44Z1LNbe6U3QDQoq7DKp0Xz/C7R1dOjxw1RKvCKNdu+nDL3uxkLw3o1Nm1axnDHibsmAYXJUMyxiPNOH3PBGaORGKpr6iac/pA1URJKyX708l/zcrORGJTMjjvtUWVmOfrB5Kq4XlHatGr28ctXCgpUZPz5qpe37ijRBB0+rM+9N5+IhHH5399dvmandn36pMHXXHgEco2igtz3/3u+Ldlzb/z0wdeLkQdQs37pmcNOntivIJ9SEFmZQeVT2Cy7U/uCSeP71NSGPvlu+WsfLoiYHCbY1+xDe5HAeb5EdTWx0sUANdQpDKkAmwAQSyWaQdhRyJJHMAtEBuNwMk6L0jUFajglynTB74SZBc2JAtofmnBE04dZP2j9sx2BmYKdWWARmGhiRgNgncqH6BJoT0vEA9sM9rwy4GXcT/g7EeT4VZfWOk2iMTddNp/RKc2WC8eUSKyxQpwSjGQxdcHgzcHf8CLOZQzUuwrjOeYIWX37zI50JmcJ0kHKsm8dsrgUGqOA7nTIzBChJRhVxfFwsxyiSZP76oGZ3ByoZd/shEdcsnYNpAYahMSTEecCQiuaBwfDZhdf/0oE0+fzrjx/Qk6OugWgEv/RV7/9vnB9VVXNrdec0Llj4odzXTq2btk8//s5yz/44reB/Tr37d2+b88OzQtztdjDR/R9/b2Z/fp2VIa1H335696SyuGDe/TpqdJohwUr+Zx05EELFm/4Zd6ay88/SrlVXi1zc1VnvlAYL166SXlZ6NBOeS/DzeM/yZj503IlK2vX7zh4cHdNwlFHDPp6WmyzwOOPHqbrtnzlFrJs485/KpQsh0IR7XcR/fp01u1UVJhbxPsFHdWIQPf2wYKkdjGMagZ69Yj1JDKpMZqGfo94XkBkqwEslIQhFAxusZb+ACHp7tqWi+55DiIpaU2R8NI1s6jNJ2z2ADOCaaQICseU09KgkGHuLQ2WyoAZRDYkxphUuuhA9KDlgPGtmVbnqbs1Wh5vpJ0NHSyYgw3nyxstABSTAMEMxA02PWi4towOJ3WXKErPwmPmI2a9TgAAEABJREFUIq6ysfELtQKUaAVITBOQVZLoT2I9Wl25+hO1rLzmVlmZOQXhCHHQBHmNoL6mPDOv0CSfcGKD2lLVaS+3WUuTosGMLIBAXWUJkkF2QatQ8RYyJCtX3eC2rrqkeYc+w06/p762cv7H9+5Y/XM4pD6DDjv/ydbdhurVYc2cd9b+9F6r7kPb9Di4w4HjW3UdNO7yV2Y8f0Fl1D9vz/q53z56XGH7vm16DG9/wOEtOw8cccZ9S6c+t+7XD5TYvRsXtek5XLFGh35jaypLqvZtVT7h+tqOA4/avGhyZnb+lui5xrVRS2ZTLZlbSFoyEqonY0P1NZk5lF9iKymaQhTKUF11JFxvDLYZTvEADqu5jUzkg1hqKq6YsW2YLxCweUT9uXAEEACk6nmQHIA/VdBLeKCfq7rKRqOuGdJIijUa96aPTeCg8bW2xu8U2NRYKZOnjc4jUEU6tc40ti9QLxspfMyh3SJOEozrPAmu8imoFn4m6Ydsva/h7DkhA6BcOeO34sef5os7BR7Qt4fhHlMeH6eedCSSQZcuHWxpjhxzCBJGSWmFIOVF555y7RV/zs0RdY7RobAcMmyg8vnnTZc+8OjL30zTnc9sCshZ+bVv14oS2LbVFRedeuS4Q1q1LEJ+weapqSwUvf3yfbIegQpee+crjkdgbnbWw/dcc8SoocGgtGQUnbzt2a3jg3decdetl3wz5acHn3ijrj7Ef7QZJp2Fhwo56o4XMdaDBvV5+J4r2gvvZ4nU3dqanTJp9EnHjvrfx9Me/897duSAOHmIepYpxXH1paecfeq43NwcJAlFQPu2LW66+vRrLjnpi+9+fubFz2rrQwbppsRIrZgdVOz2+IkjbrzqT/l50lplZ2UO7N/t3w9dvnNXyVMvfjZt5gI+fXQNXJu1N0zXYW1CP0Gl/lfM9ZcLjj3/jLFZmdJvOkqdH9ivi/L5+zUnv/fZnGdf/TYabC4UZHiYgjmOFo5MIgBN+WGRuFNgbk5W29aFu/aUscpCQbs2ReIegSia2QH9Oq1YvSNqVbDIU3HsuIFIGMpzY9uuUsdjzbzooXgpQY+uelcMLp7G0Ltby4dvO6ZV81xBppzsjHNOHvSnY/o9+eovM37aEF+pSUgkpSPzjngmS1PoLXLi0ZwRrKXVG/sCZq0Gg48MlxgAaIFEkDE5tjQACzGiPgjIKI4NrXdGdei54KaGqKZDyHzyJhFukkaPAvYVTQKjMoDZaOzype57ygTXIxAQXUlE0Q70KwMx+3EOzBseBfBZxGL5rN7xyAoHbYtKFDv91mI7b6dRwDjwsoNM4gCgP+gtcsBmyZxq6SgX0OgTbgXRxyNgoIvVL4lA+b0DE4FA+jcgisOJsSVibPWEM1Zmbc9fQxyxKSPBqD9lol4SMYeG+N8YN0Fp/CFBrCvGmHTJUM9JNxQXxEZzBjcJoRM29Wt9zIf5hGRgXEd+bYN4PTHWMBYXEP4o1u3rgLpfoNoCse6EYkimXduYX8WO3aXfTl8UXQlWd/Ijq8a1l05s31Z9MSwuqbzhjjeVMaRyfdv1Jx/YR33dVj3/AN1+3cnaj8h+/n31c69P1Thfevwv2qHDrVqo7gWhUHh3cZkypNRTV0/+Rej3BetOOibh5xeJoD8Wr1Mu5i9df8bJsZ+6HT9x2Kyfl5dXVnds22LkwX30fCxfuTkjk/lmt6+kok00OWWMevT4wVO/XxQIoGsuPhbxQbMtgkQNYxQnYbLES0Psj5VGEAIMdl0QjwworgmJTCCikRqbuX1FNUml1Us58LOJ2KUjbXOHsBkgiPtWOlFYIOPmknOfgDFaTjiAeaM9rPQ+EWOQEYxnMIPaFIyRjWRWAGaIZcjgmUDJX8z9Puqj7aQoJPoDnTSgTE9Qj1vBPGvamoAejo1fmkYQiP0JBBTBkdjUWHRYGK4P19cWtesZyMzChLNaZn5RdrOWVaU7DTNERCaqSra3LGhd1L532Y61eqC2055WG/ftVE/5aNv70FWz30bEcKt931HKd+nOtaTWwewcxDtuBLXrc/i64g/IkKL2B2AcqSnf23PkGcrt7x/cWbwxMaeUU9AmpkcABh9z477tKzb/8dWe9fOUz/IZL3c5aNLQ42/pM+r8BV881PPQc3IKWiyb+t+yHauUz9qf/5dT1O7oa9/veeiZmlPg1iXT2/Qc3nfMhVl5BRvmf6HJ37nml479x/Y85DSVYPEU5TsSrlUsWdi+NwQysf77bUDZeS1yVEuSB2UYKkN1ybacTgfmt+ycOHdYmfwpapeZnR8xOGIqif4cquOaKf3grtdjykzKEyXVALRfIL29FDytad4JS6cGAMR3E7zDftHJNQjYjRUbZEkFUOMFNPVHyPT6CbFPo4N+EkdqAWla68CgWrpqSQC77k/9zSEY/jDj0xNc5d1qHptacVaA3ptNUqIEOfbskQ+UK2f8VHzw2WQkjNzcnA7tW/NpjhwrtPudjoxg8KAh/fk0B/TtjoQx+6f5tjTHH3PEz9Pe+vv1FzrwCCTRvKjg8QdvnPbZCyOHDeSb2sMeJxgI3HPb5dM+f+7MU4/20yOQCkM+nnnk5tatpBVYuGT1f1760CpXwwnHjJ717YvjjxjmzCOQRHZW5p9OGDv7m+cnThgJJBD5UZaclMnXACAiXhgBgMxg8MWnbnr9udulPAITEgJw3hlHz/zqmREH96NExx7HHJVi0V06t/3uw0cuOfdYBx6BJHJyss48Zex3Hz3Uv0+X6C4A6ux0FOosdTREvY5/tHvtE4xdBBI4dHi/L/939503ne3AI5BEu7bNH77zou8+uK9vL+sJMgbjYMtHCzUFnn3aEd9/9uCl5xzpwCOQRDAYOPe0MZPfv/OQg3uHI2HtE9E+YfU7FmhGyHgdioeETLcK1qzfXl1TJ67SpCOHIquFCCOdcPRQJIljxw3iLI4pn9GH9EHC2LqtBEXIhU9ZpHwE5coj8MLTDnrpX6eIewTqyM3J/Oc1Yy476yCTRMM1zyNQ70rIAb9pxA+JIDCpTtCANRAZhViRmAYEpgUN2lIoAIzvKlZWgz5ERiy6gUW0riGw80V4PRI3YFQAiAuTwcmomB3AbH9auiZT2zwRKNeWK2CzgilVTz0CARmev4hhHLIUgGIBIjCuIUGvG97AaypHRrpWYr2MwJbFqiffHiD8QUR+Pf8YlQZE1E9DNXD5QW4+YGdYiqFpOgASMbIldcSiB0NVhESyNmKtGiKjlRCjUlGKKyqIbxzzbzmYZCbpXJkmRlYUoieUSAcrS9mRMLH3ockC+h+mEWjhRl4TDejXNBn2BqASCXFxBdnaDe3eEzuTsV2bolNPPOTosQMfuv2MjEzDdP3CpbGTE1s1z3/krrPPPvXwy84d37dney2wvKJG+d6+M7ZD+aHD+9x9y2mnnjDyb1dMyo3/4mLz1tipvguWbiAl/zpvtfI9Y/bSuIaqklu379UuNm/Zs2R5zE2hqCD3+cf+8tITVzx6z/naBoQKJn+/oK4+hNh4+6OZ+vVFZ034v2f++vp/rh/QvxuyB7Csaw0CGgHQ/rCEEIla040HAWL3WlyZbDKg5pMeIJgEo5XYSBAEIOCIiakJYgVHIQKyvBxpCxKhXBonqYNgGFcC8KM9BVlSWN2OEYUjmPiYbpV+XdthPkL9YPJjjTcQxJC4V/8whLGATJ/EFAGmfFQaRZjyAo+x+xUHaZIAMc8SAAEEaB8mETFEgdjPQIyTZLHiBn1QExveqJ/NC74OBLMGHfu3xOAlAMNOvUuRvO6XDywdbCxg1ey3lO+D/nRXMDtXC2vRZWC3YSfrpNX7tpfv2di8Y7/2/cboMrJyCwcqCSG05uf3tZDaqjLlu/0BY/h27Tf24uz85vptr0P/nJVbsHv93Gi+1NnFgnY99DwWtO7erGWn6K0a0GngkUMm3ZCT30IfnlXtVY9Lzs4vUq7b9h7ea+QZnfqPj84cKk/eQKiqTBnCZKkb9am325fPVIh7jjxd+d48/2stL5sWKBeox4hTFcrd6+ZpWm2c/0UwmDX4+JuJcWBg+On3KZZc89O75IQkEP3k+t8/V76HnXJHIghg2J/ushqhqF0fxZ55LTpZYmJPkvjww2n/aRCYngAij/sBoJFnE9I7g56s/MF+UFdTnMNG6D7nQ5ac/NTFw4JtkIVE/nrE5ncvDQ37xfHBTVDR2IcRTRBC4x9r+Q7KjKIEUuy5ylXem8oR+z0igBd5TWF9TUrSbhOx59+2bVdlZXV+vqiDwsknTHjhFf3Hl5QSPKBPdySJk44b98fC5YxI6NixrZSf0/ufTuHEBgLwyn/uOXTEYOQdOnZo83/P3fvBJ1PveeRFAXJXhTpx/MgH77w6L0/WocST6moQcvZpR48ddRCSRFl55SV/fYguEaEXn771sBGDkKfIzc1+/L5rFi5Zc8XfHqurr9eTBetCTgAyMjICMs6ILVoUvvPSnR3aOXEHJFFUmP/y07fc/9ibH385i0OGExbTL9U2ePZpR910zRmBgGedUrP83Deeu+WlN7556U1tDzzdXGD8IgINUEOuv+Lk886YgLxD65aF77xw81Mvfv4/feHQ7lFljVdK+MXHrxl8oMgqoygKC3L//cAli5ZvuubWl2rrQsgDGKy7bOXWYUN6CHKOPqTv6+/PoouK4oiRByBJDB/cjS1PDerdoy0Sxpzf13JkSSL5YwBX83U3XHr4SUf1Qy5w9kkD27cteODZ2UTegVCNsaKsT4wjeryFHlHAWcMEAYbY1g9k92HRFky9iyELNP2Y0mhOMGCVGiNGrGUDXT4pzmxYRJULbIOZs2mIYr6PA42ekhjnipZBWpRBPWCYJaEXnwDoYk2xQOWlwFzNLXYgJGLbSk8GWqoA8LSQj3FGRxIzi9ETkC5hAJ6/dKty6ZsviaUFXEoxZaP1g7GBEX+LOGCmCIb4uJaG+mzNtrVygr7tIKakh40h2EoQb4YsH4bE3oKUXQNjzSa2GxBKqKHdABll5MKJ9A35BOP2R2DUGaN4t2v0BTQSYoMorWs0qmBbc2zbKW0uApDtfoExIiF9iMwApTKAufdO2DC+HWFCwhdTFgwd1A2iv2c64ajBhtKO5+i9z385dFivokL1hMEObZt3mNCc1OqDz39Wvp95ZfKD/zgrI+of0rt7O+WjE4TC+H+fxPa/nz5r6cSxifflGT+q7oDFe8sqq+ry87K05OYuSOzh9NSLXz1534VF0aOKFcn5eYnf3W3eUvzWh7P0hy3VuPMWrl25dusBvWJODFlZsWUIjBHQTUSCaXxAhC3ZXIaqKtgpMSDA7Ea+PW+8fzF2UlhOJIOJI8saJZRNRuJkZ4LcFAdPDScx8uRCXYozCIr1KXWPIKtdzJ7Ik0ylm2lUJ8eQVSOmjlgwzIYk8WDSd0eMRKK7+Bo3hFw+45X2/cd3Hnx0YbteW5fOgECg60GT8oral+1ct2n+V0aRCb7i9X/sWP1T+2O91xcAABAASURBVD6HH339h6U7Vgczc4ra9968eFqXQUfFVcHzPrrniMtfGX7a3dtXzt67cVFOYZvuw04OZmav+fn9qn1bY3LWze120KR+Ey4raNMjXFe57rdPqvZtj8YY6oNCf+Rf310/99PaypI2PQ5u2+uQSCS08OsnlKity2b0HHl6/3F/ycjI2b3m1xZdDjzwqGvC9bVKQsFgUJkJXP/Lu32OuHjMX17esvDbPevnNe84oOeh6uaCWxZ+pxCsnf1mm+4HDz3l9ta9hm9f/kNuUbtuB58UCGSsnPVGMHqaNlbU2rstv2XHUF11+a41WuDeDfPDkVAwkFG6fWV0JKPMNOKV37/cccCRXYcc27x9H9WSAF0PPiFqybVb/vg64RSoDhBUIdr+x9uWTO57xAXNO/VXMqgaHOMuKlfbypLtuYVt9AdlVk7RkONvUi4ysnJ/e/dW1qjQshW9/YMrfox2QwCYB1iNGIY3Xzm+hlGY+wWM75NN8B9NlZ+GFFulwRaKvUdgQ23bjXCnQIh/mqCiyRA+A9K3ypGz/w2gVcTfQdw/J/zKJxCTzCmFk7JMG+XNYGvlUtFU5TNp6YomNG/BMiSMsaNHxK5oDbHfAT2zsqTPdjz0EJaLnpqFU44fj4RRW1u3YtU6VmyLosKpn73orUegjjNPPfq9V/+VmZEBxm7f2BrB2RNB+4Xv//337qf+dZO4R2B807ag9kcqSYixB4lP/CoYOKBP19tuuAhJQplXvODKe+OeeQYoYj/4vwc99wjUMWRg70/ffii+MaR1aYhcqhR9xCiF8uW7D7n3CNRx5y0XnHmKTW3HiPwhu3px5cUn3nLtmR56BGpQcnfFRcffePWpsZ/kG2EJMEAp6mcfucpbj0BdqxuvPOWFJ65RD62OL/aZSCgh8bC2rYu+fucubz0CdQzu3/WT1/6ep9Yx0/Yh1uYuonYiePIPC5EweqmLu8BMGUGPrm2QJDq2b86Jbd+meU62RLf/2eQ/NE2QW6TiIe4izY5tC1x6BGoYf2i3044xbq9Lmfgm6wAY77W/ZOUwDgCBDNRfE8gHFxCE+g4GFAL64w4YBHRXuZi2YORnybZQA4XLREwLpOVFI6bmi3INjHAUyyjYpRW/TZgXMZOj5NdqGKulzMYxFAaLyRhk6xEIVLFMACOQs9kbqTvi7rXGCwR6OJXeNhccRjDVBLGPXsxgtKi3H1JzJMwl92FlzfphqMeQDHLlQkkOEJJIFDEKAgFFAsvIxkAgTcTPDCcS7Kxg8P2kiAVSPwBKFFD0Af2PJdcULiBkgVFnq9kN7GBNmqqPUYiFyGp2iwBkZ0iSCAyBNlw0kjCxfXKEvpWyer12485X3v6htjash9bUhD7+8jftGkcZw+HI7Q99MH/xhohhvR9Ky6r/+9rUWb+sVO637dh3z6Mfbd6616TGhi177nr0w117yrTbbTv21tbGfuhSWl5dVV2jXS9fnTi4cNrsJfp1bV39tbe/NvvXlSHCqaUuFPn0m99ue/AdRMm1OeT+xz+cMXuxbg0lB+s373rvk9lGKoaRwXb1n1qLwBxupgL75gicIGCzOQGt5Tokw/E6IyROVF+xNmqkdGgL5FgrYMYkAuMmdJxxqkD3AJt7x4IYVOLyWaYUkCBL4pEtxZDUxFQ3PMr2iZjyYUZwPix5iW0U445iUTfBCOk1r8aGw/XfP3f+ztU/F7Tt3n/CZf3GXZJT0GbD/K9mv3Z1YhtGlS+MjXNWcz+4a9n0l6sriova9wlkZq/84bUV014gM15RvOn75y8sL97c4YAxAyZe0+vQM5XAP758ZPmMl3SarStmrp/7KQ6Fug45pseIU/NbdqTacM4b15XuXKNIGHDUlW17HVJVtvOHFy+pKd2tRJVsXbHo239DRkb/CX854vJXBkz865bFUzcv/FrnXfvzu6tnv5GZV9R71HmHnvdUvwmXBTNzlk17fsfK2UpG9m5ZOu+ju+prq7sOPX7k2Y8NnnRzYbveW5ZMXfvTu7qEHStnKt+71vxCWm5f9LTibcu+jwdBJBz64b/n7lz9U0HbHooy/cZfllPQesP8L2a/egU5EYnD5t+azn7p4p1rfskraqdw9T/y8mAw49f//b1q3zaSpq6mrKayRLko3rgIJQOu2ggE9ONIgDxvxAAIBNh7YgYhEFS+A5CYsyZkRjmDLKH6ESf6/prRE2QSwmPHoFiTDlh35NRH8MbtN7nvNuR41JFp9XcHh+ZHTWAh2e5JQHw3CDQ51aUXUlYentXZBl+jGmWTgGMueVQbl0ZXAcPxMWo4uot3bGFQGR5iHFYXAqPfSqQSFP1ZiRaF1dhwdHNvpG3xHY7u/B1G0XuIjkxRVG50IJrY2xvHf6yCYjcR8lcs6q8bEiNVyyovtv4ExlhdjQTK4zozM0MZlYTq66OLmo0fEB13Raefwo27Rw8GlAFzUD2QLRJGyUVynupKSWZkZipj03ql9sbm2GyLlDf+TEMEg8HMzMyw8jJK8ykRho+5pc41cgitUPepCigVNeSuojrJo4DyHphOfSfLyFD6XqUxYrFfDxN/KDFudHFBy+NVMqg8SurrQ5FQyFaQWLrOMivKddzE0U/+61ZB4uqa2mGj1V9Mqm/gGeqP+ENKNuMl+Y9b/nLeWScgSSjP/oEjT6HFqFl47/XHBg8QPZty/sLl5/3lH9So/gf0fPulB10ermqLPcUlp19wy+490YOZ6ItFsdun/nXj0eOFjlretXvvUadc8+p/7hhx8AAkg5FHXlJfV6/PEkz59JnWrZoL8m7dvufU824NEys28dxAVlbGdx8/XdAsD0nizgdf+uwbyk54iuTX/vvP4UP7I59RvLfslPNuKyuvIpImSgeUScLgxPEjHrzzcpQ6PPLMe+9+NM1ca+iAs08/8tZrz0J+4sEn/vfxVz/qKWpflhW1BJo1y3nnhds6d7Q5Z9wltmzdc+ol/zL+fB0xeuqYukMG9njukStcnhdsi+J9FWdc+kRlfOk0oYXh3jT6shaxgSArM3Pmp3eKn5px2qXPbNupd0EkFxx4QMdXH78UyeO6O9/7Q1ljjmBr2V/85zGXnj1aUE51dd3Es/9NajVhdL97b5Z4avzt7o/nLd6sSfjzyQdfc+EYlCx8+/3KR16YSYZ88uL5LeUPAnYP5a35slu/3rgttnKPWB6BCBFOW4ZAKjFY7jj0xr6AKjARqAxulRexUDikvqEAcPW0SKM4CwK7h3S/RyA142CWQlfA1ExBRjH9WpmOyFTWGlRjUQ4vY5ULsubEGpCQwB2f0BiNgg0E9CQYBWoMATsCc1qIQ6lUs6ysTGVQqh7ejjFtzzRgpAm2wkWCJYnsciYt0BXUt+ysLKXKKQbUFolRMsD8QbXD/W8c81HnDYk/fKHKfJo6i4iR2stFl94JIkxLSkCscWozMQNq+DU6trAnHKqMfCZiTOwzh2nqxdPBpI9APImIJi5CcMe4cCwq4VsQY4z9jU3wxuVhLT31ly3R+eJobESPjc79qldZeFd5ebVBXUxqTLUnOfWLMZkZhCzGQRY7UK4QPRlqOWMKoZHDSoAZckhFladDh/YtOrQpWr1uW3lFTQSz8o7atCzo0qllaVn1lu17a2vrExFxeUq97dShRdtWhTt3l27bsdc4qMYsBY3J0FlaNi9o36b5xq27KyqrTQwmSmpCnTu0KizMW7FqS8ScPczhMmmozlQE1Q0OtAcCiugVmNImaQraWYMMp2iJ6fWKys4Mx/ZJ8noubGUjbuJHiSJkeZ+KkVGYaDdMHZlKmnXklIgNv72R7QRaWJUFkugqU4RFwAjFdulzShNJiDXrzmoLzBuBcBXKpLTSg0bCiUlpgXEBFg60kshIF6M3MYlFJ4waXSwDbUCJHKYimHdaFyICkTolFGWAukYIEImQQ0GTCaBZ666RcL12ui4fgyb9rcuQY3/8v2vKdqzRA1t2HXL4+U+s/+3jpVOfJ3ULBDML2vasKd1ZU1XCEljUvndVyY766gpjMD78gn+36jroywePVJRVFscK2/eq3LMpVFdtzV1ei07KmkTF7g26STS3L/21K7uoTX5Bu8qyHbVle6xWy8otzG/Zqba6tLpkR3y857TmK5Zs0z0SqtM3RLQKoexoDMHCdj2rS3fVVZcyuFBmVn59XSU9SdXvLaAtzwvraX7em+Pkob0FBaNueXw5sfclWn9X1Lxw3969VKc4bWpXyaO28KTvTA1U7TFiRIiEGWKw/rJp6aaiAdZt7DEjHSLLXANrrofx09JlwX9MCzC6ZcPUUBJqUQaDWFt4kpLtGHJdqwcJB1WHhYyQ6rIQ9jkjqZEb9bfJVL6V1fxwqvxtMPPGQ6hFmZkZUrIZ9tv5BFOuPBMphKjrdEBzD0Ou4Fdx+ABtK19Dd6udw5C4t3TyxklX0ywpRMPigViTrwVGHyig/X41gPRrFEBRv/Qolzp80UK0TzQ8CCgYvw2qRwxEbzUv+ihL9DaQgaOe8Co9RL/jsVgNUeU0qp0ChSZTG1BV9AL2T+BGg6TnEvyev6fCJptAfOIB+xH8zy3YRttQuK6nLvIIDuPkkKyFJi7cZEeA15McJqttTpnxs3iZ5OZkd+3cITYcIZ0Nop8xhx+M5KHMwhw6Yojxp3tBfX+7A3p3Exf13dQ50Rcq8qPMBmT06dntg9cf9dsjUEHrVs2/+fCZgvx89QZrn9gvbxO32pXMdN/TD90o6xGoMkZ/q6H/zhjJwbwZXDj+97nHb3HgEfj1lDlUj0AFF51zfBI8AhW0aln4v5fuTvzuJFoMxM9QnJjJc9x63Z+HDOwVv+N5QkwYc5DfHoEK/nHj2UMH9WIrYw5Mgkeggs6dWr/27+sRVxPSaalj+5YvPHql3x6BClq1aPbJ60oDyY2rYPFYiuvF8IYBZCGoqw/pG7eI4PijhxDSDDjhKOkjvzVMHNvfJE9X9PDhvYTFoKWrtnvxbNu/Rq5WKG/q9980Vr2KTRcYnM8Sf+0dScFwlaiThL+XwTFOp4B44zISG64RQazfUAg88QiE+DSJJcq4fZVJFWq3QcRbIsDYeA15B0M4GK7BFE6KpNmQohi/XCy5oWXPKByooQghWr+EGMT0JIApChmqKJeAZQsiy6yKQaEkNmCz7rdnFQu0dONUdE3MvLb7/9lJEFSS8gH5T8wmcdvL8Tr5cLMDFHPZJWpfIlxQM4XkNNeKHSGyDlN4gaMVGC+5BNxbACsBmHIM/FoORkm0KAuX3mVbM8jrBsEqJ8FlKguCB6gsyCQ8ngtrfoGXHYZpECUZoNFz9AGGcLunUvxaGRMuXLa5oqrOQmCg3L23fP7ijWs37qxVfyFGkam81G3eWjxv4fot2/ZGV3PYtUVX0Gwkek6KS8qXrt5cUVnDsKpNQlu2Fy9buTmCOUfA2xePuuWA/Ao5UC/pFQyx1AA+kzN1WFGCqVAqAHYxJyeYMbDPAteEjFtrqKytgRMTb4ZBVrSHAAAQAElEQVRuCy8JEM62o7xYmMBfk6SdwbUK2gDqQfKBccXujSIegQrKd69X5nX7H2n4zW2/sRcp37vXzzURR8L1pdtXcjwCFZTuWGPxCLQoGAmVbltp9QiMRkUqizeX71qPDbvR4NgGNdFPTemu4i2La8p2k3O40Y96IEZddcm+rUur9m5RUtFCkJkMi60HqO7q5bvXVe7bklDDDCpbuHTHao5HoAKWR6BRMUE9fUQ01/pWlqxtLuMnlVAiMTndHQuJXUclxsXqe2FiswgiIm5z4/x9IoAoaWPloRedebZZWwgzfvRNkJBhvUAvGdEiSqOOKvqTDGUNhkBQ+wQtKzWxxZoME3XQgIwoa0YgdiGKAOtD3zpSHGD+xHaOtGweKQxE31mS+9LdQJEizXGSPAJTAm8y4/Rp0KCro3vEFnhtSBowGuHxwTw0qp6BAet0dBMaCzD1koqGPpZoAh0+laiXYht/L6u92LnMZxLbZjgc3rx1uzj9n048iljY0l5+Yj/H79KpA3KEE44bZ3w91H4rldGzW+fs7CxxOd9MmZOZkRndqzHxKSos+N9r/1IkoqQgLy/3gzcftgQT7/uYuakFFe3atJwwdgSSRygcDhGQmvlXpizqQ/X1obrod+xTF6q/9LwThwwS3bhRx+YtO26793lqVF5u9vVXnomShS6d2/310lPZ8Tgdeqj/PHJ9MMAffqu/fH3wn5cg/6E07Qf/eXFi5QZMazAGPHbPZUnwCNQwsF/Xx++5mEsSUy8rM/jGs9erJw4nBc0L89594W88CqBc8Ul/mb8GCWPUiL5RVorwkQf1RI5w8MBuNL3Vv726SZxHPGWm6bT6pmGoQ3RqV9C7WwtkapGWVV8J+3pJSlYVIP7SlvPpHoGxvgZMxIbsJogtTorEh+JSAIj0gqJqZdKEl3rsmuOCA2DVAyhiEunpiQKTiHWVyBNYpEIs68ZMJZIzzw8YKKOs8clqBJb6BcjgdkMjsHp5JTKYKJd4vHWywlJepklys00MJqFRIqNwRrDpIwqgs4Mxuz4A7NNFtIYSKwtzCQvx+pMNk61sSgGERSERjcGaaKJCcVJCsZpJVulESesm06uiNQGjZePlQdRdUgii9WOmKm8VTmSSOSUYTyJOZ04CTNoyWA1R1LoiUhjImDqrNGxFAY0ICMUsGdEJbOSClZvGRRQEoxrTVARCA7DohhjqybYTazy7YhjuwRplqmdmAUIJsSJBiCsK7SdtVJEC1U4QLDtTzCIjUyKbVF5gVzKHcCPMU0WcagCWEA41iBFKpe+TFRgVzNpSGwD8UNJN60t+6n7o4CR5D7Fx3lfVZbvadD/4qOs/HHjc9X3HXjTuqjdbdh1Usm3FrjW/W+n3hyXZJuhQDxAMR5RPKPpNfEioj3L6R53urtenu+vVj/IVDtWHo3+U2Ej0T1j7qGEh7U80REXiKpYWFbFfyMdTJlWNBWHtg2PnKeogzgJneA6avQyNzoFM0xndeFLv4BmHtrGfuiSjf7QVmozMrIwM/kenNweqUC/MlEHyk6lfZxg+pnUm9S8zVnMcpDgV6sdTW10MYywBqlsi0wdRdylMfAMQp1OT51iLOxeaPiZPQs4niRUEpRi+N5QGMd5qgjfApr+M6AYL3zfV8Btka2waX+7fSGr5p+YxgA1/jGgMDyacPkNdIzwzbsxxKKlIQc0Q8FklbkCQ0BBqv+oQm74HW+HWyWigU2p/MjLU08qVuhoCJgMrKdqdWRn1x21h24O95Ep11o9zz/vzSYLER4we9u/n30YQ/61bTBU8+rDh6vFPjnDIsAHq9tqWucsTjj1CWAbatWdfWUVFgjku582X7s/PS+oJj107d3j28duuuflh1JB7XqyfGBbPxEGD+l512WlIErW19ef85W5W7O03XJA0f00Nl11w0ldT5mzYvBOlKwoL8h6+6/Jb7nmRQ3PXLRfk5majpKBDu5YTJwybMmMen+zs08ZNOGIoSiLGjRp0/hnj3vrwB2sU2e5eeuKvzQvzURLRplXhdZdNeuaVbylxEj1CgvTz7+adfMwwQbYeXdtQl6KVyacObYuQI7RvV2RRS/3bpWPLrCzRV0WlR5k2eznyCmmxxJhKXHvh8Ovvn0qJsBk00YZHwKEXCQfba/JMPzJh2rorOTwzSgMGMWJkjTNa42TB4BVHS9OSR45HoMWtjSLYEkULtyhGIQLELAuzhlYOhj703FHSpxUlLZItgymBDAERKVqhYDaDgD6IVeIUOqm3ESqdaKgIiVjmpMVyOUDo5ZUkEuMwsjBSxCYCTBdiqZZ2L916F0T0XtoCHdDkGwWDKRKAMk1DZAOzVMBIl4YZBHoLxZjCSzThxPFpJlkAzN+5G5iNekBcDiZVTNDEpYKhjPSGabY/GM1BGtmktkkNQwnZzTKoBMC2pVmCrTwTKdCrA4VSMwVbD6ba1D4ecxSNm4v4ayhKIZ2dABKFTLWqsWJ4kqhWJ/X3V6T1NEDYmmVeZKchL9VYzZXOgWemlk9NxPgss/C5kD/5Sq6t7JE6fcB2DdKRLFc0aQ5mFhp6xhoElJnrWS9ffuDEazr2O6L7wScqIfW1lWt/+WDFjFeRp6gq3dGsqqvtpj1MNIKaLgFA6QGjyZ0UHuOJTg4jsUg3Jyg8eRBPGxLjcX8SkJSLcdSB0vqeJpiieaUrEIktPIXCYe4qGDZdSj8qY1yYFUUVhQUk2hIHEn6iEdsEbPLle61t0B2lkPIAqkMnyP+WQ5GuecSqQvgHo3tsRfNLtVMZclC9WKPHB0cazvHB2ObeBjH/W3XTYcPbppGIwkdcgTEY1Ld4cpo38SNr0G6jv94NRB9rWrUMRF9towcKo9h5wVoU1k4T1k4Njp0yHMTqOr1+fHAAo2Ds+GD1O86rEQTUQ4SJ44kDDdsp0MmkZmMFcMY5jTfXKUIqDIqRYQLMBKBeNjBIzMly76Uhu3TEZ7CTFpueday1T92edWreZwiuhgE7GMyBCBmfxTRB5mIECydQBJNh2o+CcBBbtaLIQrycUqIBaT84cz7fQcN7H38n7hTYq0eX6KsaxH7bFlfkpEljkVN0bN8WowgOGxaHlP9jRkmcR/zjz3+EQiFT4JMP3dyjWyeUdIwfM/zKi0974f8+pkc3wH64ID/3xadvk301UurHVTc+WlLGOsACTTr6cJRcKEPiO2+++NLrrbs5ptEL7tHjhx/y5czf5q2gxnbq0PrEYw5FScTfrz2D7xTYp2enm66Wdhh1j2suOf6Tr3+ujJ2hZkS0ql5z6aQB/bqgpOOcU0d/9u3vm7buQbKwPosQWrZqS119SPD4Y4WsW+fWGw1Jq9KOOLSvg6kNDcpL4SEH9fhl/lpSoIJjJwwUloG27yqtr4+YJLhAarvR1HfiB/Zh7soJdK8B8poYDFEHS+xr4ZzbEdI9AmN3YFWAogI5mGJpbg4EqgTmNWf0GBdoTp2MAoYiDOPwopj2pPUZiPZaApR7CrOxQgDHsFZ1RexGiwAeQSKEYgNrJYnteoexbZVgxdsRG4iAzSQkxzYBZ9HeJ+gBM5g9StyMuoAuVtjLyljruKpAQjaQN+REsDZBDGBx3QKdEogAbJZtdjfE9MTjtRrTCUyeh2Zp6mSxUZlEQgkHLqsOCWZMZCmRm0SAOYruF4hMYkCTTgTSiiwqz1SFEIOOdo3sAslSoPqHIbsXBZM1DPwUSlbN5AhH5ISfSSUpaUYWps4iuTaRGVgIwbZl4UB/ljKm+QRriH17p7lZOtLQpv5IyyQEeWIxQL7AvW5iEszVDcmv7zlhinOa6hVKXq49aStey/IPDUDFJrBRX1Ox8ItHlE/sXQb7Up4LPv8XcgxygLYfANIvo76o4y6bqbSQ47FGGkB5V7AuyiDEdmGz0zv6hpCBomK5tN4ZADNveIQuEN9F0nbvj5TDtXqQwroqmqyyYJSRkeFgUR6re8SoO1HGR+l6sN9IzEqw410Jp0Lb1lL1Aw6EBcgdpuI5sM09D1E/SHVGJP7zY/LlVyei8BFXYAw2OAXi2ORr9O1VOyxC7QHjnoIQ0C8gfq1c4JgbXyDKHcAQVK/jjoCkU2BUQjw2EOVCsRDVWTAQk4NRw3cK9OkFt0GCswqImyzlMdLPnPt1AYM8CYAdDTCkAEMg95Kkju4/HUDIuo7IHpAA/YanMVBl2JkqGh8OqZujI4eQGRXRnq0UEswOtgzlgTctqz+DzRUgwSFWBtprjbovfdjW+wH48dTgaNY8HjCtXb+luromNzdHhDgrK7NXjy5rN2wxGXnEwRLeISYoo5TDRx405+f5pvCoA6IoPvpsiimkX9+exx41CqUIf738z+9+NLmsvAI1Crzxwj2CNYTE869+/PsC5t5gAw7ooVQnJInivWUVlVV1daGWLQqLCvMdHAs7bGi/rMzMunrLbEU6vYPffv05f7rgLmrUVZec5Ni7yxlaNi/o2b3Duo3qOePUYeN9t5+fZJU0KKX/8J0XXnv7y5YYVZnsrIzzThuL5KG85lVV19aH1D68sFmugz1QFWs889Alp1z4KKmPVUP2rRmr1u4Y2K8zEsOkowY//8YMU+Ax4wYhFzhyTH/CKTCGw4b1QsL4Zf561EiQFuNq5U19aL92C1fsigfYjuKk1KY64ZGjU3tpgAyDYyMXO5DqEcjmMvrk2Qy3ACH2WZnmwR7VALTUGWkJ7RFIvhewc8HZI5CmJUOsUT1zFFAEAzWKEGAJYQTQywXsCJhJMelIQwn7E9gFmfUAZiyflybLhkwMzrisQkynxHoFq9tE/IaXFMYYCShjeV00vDHj+GITsHmtqjAXqMDskgbIIB7o75iW1199QQQzyYD2ooqJBK27zMUJtGv2roHY4O5EpKrnCFMU0pgJv0A9Kt55YrIs9GvdL9CkqpaiyRNR65bi5Fa3LCADaaamJ0OJAdYsAtDsD/bdCZB+WsDysaMpYqlvMedPTHcgU4KVGQbga5G4RWZzacWFEaYpLgSLWYVFiKdh4DFXZ2RbB2gJgaluU7kQY4II8yQzIW9bvhwnLPxmEm93ACgd16HdGi6dwc6YtRU3WiM0wRWc9KaO65JH9dCun0ldXU/2PFZTq05zE2DpiKQCE389eHfzP1Npbk8DhFXyQXfX3ZC/9kx7by+P0o5EIvX19cjBU0HdNCWifGvnmCdC/QXjlVZOgBO43ikwBVUDCwUxoTsFkpuh0uZEqa+T2hUYgwGZ5jCFdgpU3ugj0dc3JSQS3e1P81OMTtao18GojEh098AovbpBIIZAlBIFVRqVHEN0ciDKpZ4LoacfdS6EDF1P65slEOGmC/0aEcSma9Y3Mr52c5DcYVt6AuyjbUnikxVJRNKLTjMEILprlbA64IDHBcTTiDoPB6L/A2Y2gUogC22HMNSw4NwG5v4dGOFEkCGKfvAWtSbGgQwuCMBgoRYt2OrD4LEzUDQ+Ai63BUYij1zyWcN5msqOIbizEJhOZp5Ki541HAAAEABJREFUFahGYaX0wmHVeTJsESQMoFz5isXLVh8yTNRl5OQTJjz57JuIMExebk7rVi2QCxw/8QjCKVDNda8eXcQ9xurrQwsWrzQFPnb/DSh1UAaLD9xx9bW3ql5BDX248o8bL+rTS3q7tbkLlj//f59ycn/yJInjoRW8/8n0Z178oLyymgw84ZhRt15/XpHM+bBK0Vx09nEvvfklLTJdHm09unXo3q3DhqgfnhEwYYzcKb3KG8uylRs3bN65ddvudm1b9uze4cC+XWWdKU87YdRj//2IGjWof/e+vUT91TzHYcP7DT6w26JlG4kw0N41bvnrqbLZVGz19kczn399SpjowI8cO/juG8/IyclCMujQtvkFZ4x988OZyAtMn71E3CnwsGG9rU6BQw7silzg4IHdrIHdu7RGwvj8uwWUUCedY1p0qOmgxNhDu8adAmmDRsNbCy3QAKME6sAVSQgBG0oKC5EyMAmMgQCImYRFF6NkVhIWAmASAG1YrkdSwpmiOAXE+5Uy59haBgVhCrstABl1AFmyYSeHqZsdgXYLnFijLLPCbMNZePnhIMoiEitHlVSkmUpibipUpYmpROPRxhhhLi/Wucj3QlN6Zg+uGAMwpjCJl1og5+2BQkAPoTnwIUQ7e5ggMLu9JaIsfoGWnAE708Rmg9Yolh+bMQYsDmUmg9O2FyR7UaNTIy1V8u2dvGZkyhQIiO0XyJJGSiSFcJIDQkNMEUVTUHMGxRF1BUBbI6CyIiZYuUaSrz+s7NEyZS5HTBPgNEEhYkQrUwENJJSUqmbiMunaWuslLX3bpAFJqyEeJSNBtAKa5chb1kFVTweA60VM50lDA7SXIITylYpfPAohiaWCbe59SyjpaMS13QiIf6dFdr1XwrXENK8GHqvnf25dpgD6qDgJENbVW7Npb4lus+hvUTqUnsrW5DRtdeu7sOOtcJTXXojuEeNYAk+44Y9n8hxC+7WgU6fABvm8jWY54QdJvOuSRIj2IqpfWadDieODsXY8sRaINB+9+HyW9rNB7dUJR4O1aZboQdWqmyCOeg1qJ1tos1P6KdigJRI7VyV2FcH6PUS/A0qSkejWhKD6GiJo2McH788wT4wzqLTVlKiHqG2DBK4gJAkhBjATyiRD0AbVPU0DwXgeQYTHGgo2ZIZosInnB0jwaqEAmZkZWkM2dMd2qjhITKkqYXUTND+ecH7C+fAOm+4SR/cYwwHojwSwzmgzEVYfLuEI5ZlKYWW1coESd1rl1N89uMR+8KrdELP49eRZ4k6BYw4f9uSzb5JPjeOPG4vc4ZDh+kaDsSp38vHjkTCWrVxnChk18qBePVLmqKRhwtgRHdq33r7DcoRog6oiRxw+9OzTJyJJlJSW/+U6m1M8unZph4Tx2dezHnzyDWv4V5PnKJ/nHr9p9KFDkDBOPHbUS29+iYkODhPfaYJbrz3rqpufNobBiIMPyJPZsnHewlW33ffqnuJSMrCwoNnj9/1lxEEHiMsZPXKA0Skw8Wi4+9bzUEpx41WnXHTtv02B+XnZJxw9HMlgz97yi677z9595t09p89a9OOvK5596LIhA7ohGZx1yuFeOAWqpv5q2h/X/+VYQYbuXdqY2BVrtCjKQy7Qrk1hQP09WqLR9OzaJitT1OeyprZ+3cY9pEruUV/f0AaiXmNgX62g4/Y0jPlJI0u+97BeNWxIxVKMx1vnThDHI9Dex44iz3gFjPc4Mk2JATXHI5B+IjMgholYJyODcUYJGAqwLINYlcGsiJGMrrzx2lJMiJ1NCw2wJBhD2Ja3MonTCpMaM8u0CZPLEAo2BFLSJHjlUtOqHEjM6WDBUHE9sImLokvi3YPv+YSo87Ta9CoW8XEBYyCmElnZwWYgaRx0auVk2SmOEGL2ZDKoAEwHK7AEG3qS2Al+xP8ElxZD8SmkkVGiMEGDyRSJI7EMLPEfKJu6Kc0vkLajH5g85lg2ByIahB22SHJA9IK3K2XR5PQCNNexaBx9v0DaJpHmKi8ex4athTlmt/im8QSYqoq4nlxiY1OWzbxjLkeS5JLCMuwCogHZA2y8+pIhwUzsRemw6qV3he8HsP5FwhedmY2Xx4EahMuKoMz0rgqykClI8/BLYOTlDqKCG355iI6dfYNIp28Avc9JV1gHjQ0OWDpSukyTCOwghgXwuf1gm3v7CBdI50J0nONUNkXMvPEX+oxKE/ZfNJ6RY5NTYEODZM+DvXr2cF7z3Un1RL3oFpiJqUjs5xMX7NOwTAh6lk/qBIEbeekFse0JTQ9/WwvI59J+JtawqoE5nCY5GCKRgOoSaPW9s2NFTgGGP/RIj9GAHpHO2mbDGgNE8/jFN9/fc/vVggcn9OzeOcYYx3FHuz2lt0O71oFgIJI4c1l1PRRnnzz9J1PIfXdcjRyhrq5+/sLlv81b+sOP8/JysscfMWLY0P6DB/Z1doToo/def/4Vd6IGi1Yti57+141IEuFw+Ny/3BPbMp1tthbNC5Ewlixbx4m9+uYnvnn/8c6d2iIxtG0T29jS2MTd7oGr7li5ZM3c+St+mLMwNydrzKghw4f0HXRgLweVR8HIYQfm5eVUVdWQgX86frS4hN8XrLz8b09Zw8vKK6+44ekXn/qbuF9gp44JPzNMvOYOHtCjR9f2SB519aE/Fq+dt2DNrJ+XZGZmHDq83yEH9x0xtA+Sx4F9u2RnZdTWGc6DvumqU4LBgLiQcDhyyfXP7t5TGgxQHN1qa+uuuOWFqR/cVdAsFwmjdcuCrp1ab9q6x47QvnqUV9TsLals2VxoR8zMjGDv7u3WbNipSz5uwmDkDkqRHzai95zfV+shx46XODJ+xeqdyENEs/Xxt4tat2zWLD/bGn/MEQfk5oru7FhXF/7mhxVgTcB4OfvXDYl7cNVVVFXXT/9p/S9/bNm0rXTYwI7DBnccPayLg7mjombZxsoDSNePDDR4txhAIaZcg1k8j9hEH4PRR0AwrxQ5yJAZ4PMJtCxuFtj5pR8NbDWn1YbWaxttGaNzYIsFJiMtBmhi2cJpmWTnjhpiLX2LNLAjoN9A/I6xaMC2DLvScFwOOS9OthWPJ8EdpSCHVNMgYdvzyapqeGW2p0zsjwcWEZYJFqoES6Fytw/E1ECw8ckABi8RAghhEz1JBoxbcxKg28VMYFKKojLE+IHurGaOAtLNClh+kuwNHpn7BQKiqWe1p1V1ZDEyvQ6ANhdoIaA72CFGrhGza6EBkI1k+yg2tXyHkBCmVT8soB3bDgghQHbuQhLGcsdla2opmSxpiDAglmA1RFAqoY1M10iI9iQFHzVNCZKcn+QmJ96jsGDsaVJyxDRmBrFakyOZ1GjuiNIbpHVrApws/VJuBgfPVGdIdU798OxxJDM6sG14D5M0LT8X9dePGiFOJ5c6pMkQJE3rrY9qSYumPriVRW5177HkjCQa1UhVB0Ye5qxxmih5wA5iGiCanAIbN9RNz9RDKOR9rUTj1AiQ4jDTmVy8nCG6LhyJROibmrp+CQAHMW4lm+i0mTkIh0LRPIIjKaLAOEXdnKcPwSakDg2qELFkC4rW0gZXTWtq6nbsKu7QTugsyMzMjH59e65as0EvyUED+iJ3UJbYx40+ZMbMX/SQnt07ibN/+sV08rZb5w6CeTFh1ZpNF15xR2l5pR6yePnajGCwXduWb754f+tWzZEkDh7SLxgIKK9AKOmIuNzXM6ry/155QCluJInb73th05YdtmQF+RL+VReefdxHX3wfYbetv9765GdvP4zEkJuTnZWZUVevupHpTdxlu92weceFV/+rpKRcD/lj8WqlYvfs0fG1Z25tXtQMSSIQgInjhn/2zY9kYO8eou2iurr22r8/yyG48c4XZ3z6qGD5KsroFkOE0c45bTySx45dJede+WhJqd7QYNmqza/9b+pBg3o+89DlUlsharr9+U9HvPG+4cDc0SP7Ixk88cIXO3btUzdLV+8oVUFpxX+/763nH70cyeDy846845H39VtyVTAO6wOG/siZu2DtxHGivn3HTRj8n9em6rcTDpezBhVHj+lPOgWOHNZTnHfajysYMa5GqC++87NZXNTjaPjgLp2FnQIrquqeemV23E3DohXdAcm52qs3FF9797d1sW0OYevOlV9MXzmwb9sn/nF0Zqbcadc52VR6ELi2BdgF2KUCCNl4X4npA7bZYbUn4HKhhGuOoOSERmyrSu1ah6jainNRqyunP2HlN3YL9CjENQhVOIOYTMSGjEtAT1DwXdzGzsZqC3xCSigg4aIUL3GQ5hAUaA7UP0jIdUlWHxt3GVuA2f+NjMAioiDm62avFY2VxwIxH6nY9gDxRz1/WKnvCGjjWAVs9yaIB5EEpJagW4cSZb5Gdo5fBFl0IztskED6BSIjME19MKYOVgoeQJ9mxPwqayC3yGf7BSJK1gzpIps0QeQAbHZCFAJLjFybMlqfedozYquKOQE0VhB2gOPZU6BCcBOi1zokaCg5GFujpxCp5hTETMCeRAVXGeZASKo/tnIFomnY2txBoSTL0crtA9ciLxVFhYWCXMtkRks+lWSBTX/TBYCSijTJPvif7zTJaZo4VaVh568BS0ckCXbpQ7oZVaaztUW65M4vJchX8PSCs2GnNRCHwuo6QiqymNSa41tJpmuX6bBppu0TwCUaW75ie2xgImf6NbZcUwM515wQRAvHbEpPkN6DEyqYJsECH4JQiN7pB6f7x0dEXH4iYh+VOEJyRnz9JO1HY1Y0rPYpjVhbbOSQyGHDNIZWjK50T3LGo8nN+eUPcQ7tbF8tlx3at87Pk/DuYmHSxMQWaP0O6CXui1a8t6S0rII02rlnHY/k8dLrH59yzt9Ij0AdW7btHH/CZd9Z9iO0BQBMmjjGjxFLfX1o1drNv8xd/N20n9754Nv/vvThy2989sEnU5XbOb8u/N+H38U26nOBR+75a8f20r6Vn30189upQoaqqa1DwujSud3PU1+697ZLDxnWP0DbZ2rdhm3VNbVIGEMG9davseVCFu99POPkc/5BegQmFFu/7ciTb5g5ZyGSx7jRQ00hHdq1QmKYNmt+bV09h6CyonrZyk1IGB07GCqDZqthQ6UdguctXHPiufcQHoEJ/LF43VGn3rG3pAJJ4tQTDiNvC5rltmgu4YVZVV370RdqpeW/CMxbtG7HrhIkg9GH9qf53ziZKPhi8nxx4kMP7kXe9uvTAbnG0IHdyNuunVqK8alD7W+/Xxq/I/PuwA4+TSUpq3T6vs4+zlYtXLbjin98VWc5+HjJqt3n3fiZ7JKb4fhmitZcUwOK+a/YgPT6AoQ4koFHjOOBwJBACRfTSzAaaPcsZRCyOCMK5D1x/DGYWYAqhyWTmzeOoXgegdErNq87j0DrHZXYmk1LCIANQdzG2km3DDLyDhCTLPGBRO2kEpvpLUpHP2DLJSicRgni9CAk0DmcpsvcIVRcWyYZkYaUhERdAnt6Q2CcxRiMTIQmXhrFwDAAABAASURBVKYoHhkgKwui2JANECcGWgAjOXr+yUtgR5noSNsZTcHpEwBR6Om5i1USko2IAzoH40YCUnxUU9uqRrctyOvMqlemuscEppOxikMewA8CUaZomLu3cmCHO60qTIEGNM5ZQvlZEi65ZBHQU/e2HJ3kkS8sifDaFCawLeNHNtOwBTlRyfdsgP5lSNSHdOVE+phxn+s5X/cU1Evh/GJX0cmGaTUNnDwQjHdJyKB1cZ5OxATI5hTHlnH8zJynFcf35iloDd8M5lSwxb3Da0jL5TDEfSSQvwWKrX4xjQAJpx1vhHlnFUdl2TgKZb/A/rZTIE7G88Y/NB1b3gQrmipFw0Kjfj5qfrhILJdYn7VtqsNJwYefTj795KMFiUcfdtCjT7+mXZ960lHICwwbeqB+ffKkscJ86OffFplCxo0ejiQx++c/nn7uHWqUNmyORPCN/3ii/0c9unWRc6/50wnjvvxuFvKoLodCoa8m//jx5zPmL1qpB5pX37xoMyccO3rSROlToddv3HbnQy8JEu8rLUcyyM3J/tMJY5WP8jZZWla5cdP2JSvW/zp3qfKpjvoXvvT658MP6hcnZ66aqUmXlM//YxXyCHMXrPjX029zCMKRyPW3P/PNB492bC/q0qdh0IE9TCHN8kV30fty8i+cWK02rl63dchA0f3eOrRruWGTYQPIZgW5LZvL7YBYU1N35c3PcvbOrK0P/f3e11556jokg47tWgQCoIs9+bhDZLjRb3+siV1pTyj2I2rVum3t20rsGJqbk9W7R/s16+03zrTF3EXrQ6FwRobQZnJdO7XSK71iHEUN5BqtWzYLqoe8q9bp26t9Zobotna7istra+tpKwwuQZGWzkMGpV499Jy+8ad5MXv33qqlq3cN7Ct6BrqCYEaAJs1DGMRiQYcFKwE2+rdYCcAaKeLjAvxorlcN4qYIDB8WsFOJFmFjJLN8wjkVM2iprjYcPW2MDPb2Jy3IEY7o6gFPLJeAlQrPplgjAM6rBtVRRLoRmauVQ/DGKsmF/2kD0F8BbRa7BN4ajS1WzsFar4Y4XnkEfU5EUgGWx4lh2TKus4kaYsnoVS2x3kkWlrabn0ktMFwDyZtICBJ9DqbrFguw5jmeJjaRooTOhhwRpEJb6JFSuR0vNl85AH2/QACjwTGFDyFuulYCrhxApjN54wEWOUAKd5V3d2BZAHg1yl6mOL2ThFJlLC5ELOlApkPetDRRgwDP5mlp1TQtajG1fPco839UJA//Syy663Eysu57+aUN0sojEOLfgin7oSD2o3EZRrkEgLdXboI1jcFXD9Kvp/LUIzBd4L9HYAMrRg8YmiCERmbXpmrSkJC+ToGQ0vmPdESTRyAHvrnPNxk9mbAbzDfBBXDSanPjL0J9pcO6biMjJbn9C0aLlqyqrw8J7s9HOsZNGDsSeYG2bVoGMzLC0f3tRh92sDjjx58bzg7Ozs7q1FHCr0JBKBz++x1PMaOJ5bIb/vHEJ289jmQwZFBfoyTnBbtx87bzr7i7eG8pXYZ3daagWd59/5A7JlVBdU3t+Zffg6xaIbpiO3ftRY6gzFQ2L2rWfFCfIYP6nHvGRC3pHbuKV63ePGvOglk/Ldi6Yw9j1d/wh6qpLNRTZe9+kRWLcXzRFaG/3/3C2y/+E8mgZfOCjIygvuljMBCYv2i1CKPC8vv8FbYVYvWaLUgYHdq2MNWxk449FEni3U9n2Z6m/cfidT/9vvzwERIn3ipV4sC+XZasiG18eNQRQ5AM8nKzbrjiRF0Upo821Jy3byN9hni/3h1NToEyLdVAuH7z7j492ouwKdWmf58Oy1dvV65PnChnDaYqgMYc0veHn1V35OPGDxRn/H3BBuQ9gB3iZnYUBKIcCl+wbPvuvZVssei5t+c/d9+xyBXcZZzbQ3onh2pJ2rX92cEMwTyAbTwgRqJA8WKzqTPApgdkbwGTNOYth5c80pZCJugRyIiyhgE3Ftmxs+PsKycYl7qAJ81YDBZaXtUFvjyeeiIkAmQMTnfQTQeevoHQn6SUMMzhAgHhxsIAjDGLncmlttf4SbuYwmKREz1CNx5lMqAxEbpTnTUJPZwxTAKz0xiLSIAX2M5q1CzQyTQ/T0xLLE4LNL86MLm4qZYEszscQWDthaw1BhDFIdKoFs8d0alhkSwTSw7VUBy5NF4b1kQSxKstlSAl8Dx1QMa6aEmIVVUA2fiAptZQJjCV8U5FMMyGOJSAGB09p9MzR5mJfCoE8D4JT8Qk9wxfQJ6NBOQgVptFbSFhs2Sa11laSfAIJK5jzc+fRDH1UoDaQXSqgG0jU6S4UMP2SUGfskyfu/NWvp/AsjFpWueRUGOVVN7m95XuTIFtInw2tOALrx2f95BOQJQBpKgda5C+DUQSntbDRmOVVEAfCzF8rxqncdPRKdC/PqRBoskXUBRNVaZhw+9xfjogJfkj50Sb4AUw8U0GNgAbL1u5dsjAA0QoMzIyBg3os2ip6p/Uu2dX5AUA4KixIydHj+jt1kXI8QVFd877da5hp8AJRxwi+/PWt979qrSce2JpvDxXrFr/4y8LRh86FAkjNye7fdtWO3YVW4TJoay88sSzbgxHIoihHSDPKlpRodz2b2rKGF9+3b+ohy+z8N20X048djTyAoqRe3TtqHyOOXLk7TdeUFdXv2Hzjl/nLnvj3W937dmH/MQnX82MummyES+UJcvX/Tpv2chhByJhKDX5oMF9ou59KpTSv/Q6q08q0P6grKyMnt06FRXlFxXmNy/ILyjIy8wI1tbVV1bXVlfVbtm+Z826rVInOFs9hg8bLuG3h6JnXr/w+jcilG+8P0PKKVDBIQf1WbJis3bdrXMbGVaVV/kgf9CzWztroFhLNZN8P2e5oFMgUv32hmhOgWNGCvXqIjhqTH/NKfCQg3qIc336nXp2NqY5+KQb2OXigcIvv/8HNrsgGRwdVqzdU1cfNhwKbA+wueYd2Wl7bcvIoUiQMYpeSnMBDYWKiCrHEMhRFWwEWnIKfEW8MrutJZlRwD1xmOZ3IiKcCAF2VOKSr4MWIFS6RglYiEpOJkNfB8UHYmRCkK76drHgdKBKFSwmCixc9nwc4ap7P6LPHnBV0us1FtNbMH967ijegTGKaB3Xf5Jgcj8iWMAqxCoTaO/31o3orHKsEnT99NlwCxmw8wV6dixJJCSSfQXVc8sGwpUV/HEFY0kT0cQxAXJqLkDSPh7JtICHnU9coOci2bDrWTg2dAnw0HMAyybhCA5keZS8XUb4Gw2nEOmpldfwNpdupfm01ubM3aqhujzxPTUEUhZwMmpocFYDvINYvfbDI9CXTNPG+o0DMuPbpAE7jEMuSon53Pap3FPbOFNemfeP0UYDgKcegU1wgf22CNLOKTCZz7oGgCaPwCaY0Mj7qjTNXmwVELvvofaLZw1ucLmULVlMuXNSNXCyn3nfTZsj6BSo4KRJ4xctWT1oYB/BzQVFcNzE0ZOn/zR4YN+MDFGZq9duTtxEbd2tq9zxvhjjJ559kwyIfpPrW/GJm2jY/Y+8NPnT55AMevXoTDoFOsM1Nz1M9Qg0A6P4ZHZSa8+/X3h/wRKhTex0/PjrwkgEBwLe65mVldm3Vxflc/5Zx2zbsefdj6a98d639mzyM0pK5fnXU2+L0z/4xFtf/O9fSAYd2rYUpMzICJ54zGFHjju4W+d2rVoWenJiLB8tWxRK0c9buEbf9dAIHFtRjteFPxatQ5IYdGB3/To7OxOlDbp1bk0Nd9DBfzF53uXnjRck1v32unWSO7Sag8EHdtEuOrVvIchSVx9euSa2USJuCO9xmOPm5A5rN9rvjVpZVZdVlItcwGBkuyxoPiYmFy3LNTWQRcBJiEyJLgdbfM0o15AgRiLOVoD8rXfGTFn8PhHFUMAm4PiKcawH9IQAUWtzPEjSI9Dkv8OtZ0APNoUKFovIdAdEyVRKm2oJdCMDQyhxBbb03FgJdmeUYkJY8gAgZr1oXuNkAsMiEdclW9DcjIBKYvalY4uy9CUYM7hMnlVk+jj6j0pPyE/Uj4QN6ZZJrPUAlQAQZytAIPwCuQQcImMC2OrEl3CHNEmAqBcfpiWknQuNucoBzSMK6EUfU40jjSBLHL7sCYwpUtIHYY9RnhRu1hLAruSw6qFQ0uIQ8CFj10bEagfIyVuZADwXmDTwGz+N2B6cR7Uw2N0dGw5KIYkF52kDwfqXSxk+UaeXTG/TSd+VAwcUyW0APsFJJpJdit40f2eF7DOEk/Si12KJ9R4uRgppMTHlQXMHuWy4KggXrnnp1iNjm4j0HS76q5mEdAeKgO99S/qWmyQ8rYc+WkW8SBtq0dg9ZBpNlaMggNIGkA4P7LSCJx6Bjbn2GtCoMxqbtW7spSmbvaT2GZ49qrXVh5QgKcnitB9j05EqfZOZLkaffD5NnPzwQ4YoPKeecBTyDgcPUfcGO/n48eIsU2b8bArp2E7u7ODq6hrb80xjiFJt3rYTS64+dZE8ztiKPcUl8xet5NPg1L3C/vL7klff+hJJQjH7T78tQj6jY/vWN/31z7O+/u+okcwDT0HzJpB/Sa2pqQ2F7D01dambtuySrTxtW9ufV3vmKWM//L+7fp3637v+fv6oQwZ07tjaR49AQv3CZnLeSxs37xSkDEci5ZXVSAbt2hTp15kZUnut+YsO7YgSNA7VKFVBWa1nV5A9eyvKKkTN0rmD6k46uH+XDO+s0bJ5vmLbAQd0zsgQfUNcvc5Q6P50Th6P97BNWk4QDkfq6sO2ZGXlEpt3soA92OUEXBNEiQACgQDhfMb3QlOBeQS2s95kQpxEecF2slmSRa71AAYBUFk4q/bA5mIJjAeJegSCpX3xo4BdCkZiAAaBUTH76Q4jF/DIaB6BIFQVBEiEScVlSaTKEQEuBXmghRdpgCAlm8DJ1BkgekthNQo+mYmW3oKIWgqMNmUioEun8ep/qWKpEozSgRmFwFYCy0p8SJWaQHJAzTViMgJNsnRVEsy7IUT4OS6tDZcR7MKd9WBOlPRuxAheC0w2jJ6q4sS2cFx5ZIA5d0LcfhUcdk3gRSJC7Cmqu1p/6Xfi2IdSlpaGKVfeI+5u5U8a0u6jYpZPe5+EJMFjX+HkQrpueJ4+9kcsH9QBjUC1x4m26okeMowCstKrMSXFIxCSNFyJ+/8kZ2mUvBHNXhp4BLp8ZHtWkDh5RZV0JLMeuoHsi2HDA8Z+j9zSGul4fHATVDTtEdgEA7T60Nj7qP2wD04WYj+Twkl4oMv99CRZWglAWA3MfbuTzkoSs19WVlG8t6RVS3snJAWdO6unWI6SOUjXFkrSmVkZhx0yWJzlw0+nmELaCu+spsHmeFkcH5LHb5XiqK6uycuTcIfq0EHuMFMrZv30hxR9MqtN8d7SK294xIZIM6BFpTsefOn7L54F/4c0zYuaPf/ELYuWrr30rw/VWjarCwYDyr9w2N5lx4TifeVCdNGN8LRMVtfU5uVFrdJTAAAQAElEQVTmIGG0bsVrj8cdfcht151dVJiPkol47WqWL+cUuG6jqFOgglvvfb1Th8QWd6B/EfdkyA8/LdYusrMyIJ0GyYUFeZxYTMsVBwuWbDzi0H5IAEqtHty/y/FHe9lFK3Ydd9gBgwdIHBk/bbbZmzlNHuk0JPTCRgcKRLuWGpPW1oUtkikoLqnq1rkIOYFvRiUEY2tL5LqSBAKBjIyMSARH1G1uQX4cb5sQEtQERX0lCYcWWxcNs18I174WRhBSiZNidOIJ7BNCggmJkwlIAIT4utlWRsEuWsQjEGiB5poGiKK1bUXiukDZy0G29UZAghg9WwC2ibfI0TwAKPbj8FjS4wELyaHS680KMwiMdJgiAYxhVPOYBUa3yKO+3NFrmj0ZWFeCLPfAN6Zhvzq+dEpUggSMb6gmg7BsixkJAS2KlQSmqQHxhRBTQuJgJc0goYcBEipu8VgRAhMZaQFBgF2RCbI4A8hrizgswrL4ddKBwHQDxFejhMCmg3SwQRqVAnZN4EUiXrI7f/56CAmHFvd12gtyE4+3JsKcO6/hj3TX2/A2hI4Xe0TjIVGKIPWwkSH0LdNCgsE4l++pbBfANi8zLDbkGD6c2CVZ5/3sYL3gS2LrdJRUQ3yIJA8NXX8djSYjOhpfjjQ01nwlkHqnQM6k1P4LLxY7A9FjYqJOr02mbbgg17qwg58tNyRg1AC6AYxcFkIKc+had18Q0ypNlBNRA8c/LmSkEL/NXXzcxDEilBnB4Mjhgzp1aidCvHzluv4H9LQlU55KEycc3rlTeySGktLyvftKTYGtxZwadWzZtkuACpOXe/aWdJVxCuzYvjVyh2+mzBGkTCwlJauq/fz7YqFzjRFFpeK9pS+/+cXlF56MkoLBA3p9+s7DJ519a8iocAACgWAgIpgLAlu37xYljT+k9xSXdu0s4RTYinFEb1ZWxjsv/qNPz84oJYgWZY7kfoSr129DAmI1/Dp/lSkSLG46VHeWju3l3IL9RmVVDTtSuqV+M32hoFOggmMnDB4xpIcIZfG+yqKCHJE9BSeM7teji0SH9vX0JdZAPzsnzwRjTKtiTlMpr9S3AARO9sur6pET2PqH2RIjAY8xa3W1sYPSs0IwADiCzP4WiCMDU150bQ0OdoGk8sycApjCyXuaWUAkFZ5KtGs9hO+AwuFFSNSGIJaEFDHYcIEdAcd+PBaw+PSAgQGQnBFAyjg0GhEqMSIevYCAdHr1AMmXXVsHLluBZNYxIwrbBSKgu+aAgSXWi4Blfg3skjCFRLeuNoihscT8AqnSMCN1QExPPmuAiG1ZJWFIlOlSKVeUNgpQk6atRgJxl7hm688P1IU70F8WnJIVBXbKSE2XW8+dw4WSglz8RuG0NEU5JIRLrbjz+0qUjCrKSZ2Wtp062GFc6uF+6trr/EnKU482kFUBe0Lihh7bBgjwSEKMH4uT0nndAVOukgHvvXbSFlJ9dTpCrop6T+gxMIr/IpEMk2D3F5hzJw0w5VMgRUfANvdCTF7BkVzsIMYPuH2w+QDsKloCXgxEG+ADQhjuB49UkX4ibeaYmuA5UuwUCI27scvC041PgurGOMFwKOxga5wmNCFVwGncJWDjYqBzMY2+13OWQdx4RhvkJHS64aPPpwk6BSr4+w2XCu7I9d+X33/qX7dkZtoPKq669MyMoOhhl7/No7ib5OVJeFwp2LV7LyeWOj2yr6Siq4wvVmFBM+QOmzZvRw6QlFZzwjGjp874bcbseULUFpX+89JHgw7sediIQSgp6NyxzcdvPXDquXeEUcSkmIPJ7x279kpQOyqOymrKcbHN8nM/efNekZOFfQRGwYDoGbIatm7fg1wAWyf2aPZM9r6JdigtYx34m9Be/KEw6+cVEYwDYh3vyIN6tm9TKEI5b9H6Hl3b9Olh7+Q9qH/nwmaifezefVVVVbVUX5xG9EgXQjhC+h9o2Td7niUdCWUYL5l0Ty/hsku4y2BzYPwaaIEywAZfL5YcW1PHfHnkAJx729Qt12QWMEU78j5RBIwjOy1tzkAGFHPZqWeUzWS0c/jDgqNGkKIB+2iwJzMGJ+otCLLoUcCNtQc4irQRjm1iASU+LsBZfcN0IoouXKHxMNILBgSE6KLi7kbI1h0NTF5kUdc2oAvX67VmQruN/uIK2JHZgOPxY41ClhptJY6TJbjB7EwQyx0pLWElwKTrJEsfoBKoGzLSEqVJMISLbeLoytAi8rnhUnK0zociJyMjmJ2VkZ0dzMpS3pUzAhD12zGAkTrGNAorMZWdGYhFnbxMucEMamxPQo1jr6AplSoQCChWikQwjdIuv5hBRksRIwYxR46V20iPRYgRzwJ0+miRgPrDjYBS3SLKCBXbmgVxS4XzCs01MpZNiBMhaQFaoSjdkPJuqwRFIuH4tAC2k8pJV4DAUnacCmSTCrYjEALZUce6KIztq4SAQBE2QSXZlOIC7EgBAkplCCt9B050HzLypan5MhwkbxYhBiXXSkOIRNScO9xABLvR1ijIA1Z7IcraKASiWQ5HbMWJRtBJHeZIaYNhRblQuC4Uqqmpq62uqQ+HkIfwqMCsYr2XKZiyYrFQRB1YQrwfk2BGyYQXqdm9u3mQhkyLckIqBYf9kl1McgqemQrIkXuCpDdQbULG+62pUtXTeIuGlguwffFtHOWy/2K/PD54/6i00Y0CldXc/cYjsKkvaoL/wG7XUtIAfuVBnXZUdyeNSDveaNRguEodsJfvXMZZN1eJeoWffvkjFA4LuuX179tDhEyZUvp+1q8rVq0fNKCPLXHP7hLedp98Od0aWFlZjWTQoV0rGwpLibI2b2OhpEzskFk2duwqlqI3tBr/K88TD15/4lk3b9m+i69LIsCo0uV/e/Tuv19y+snjUVLQo2vHf950/n2PvyGxjsyAgFueIbfRvcfkyiM3J9tkwhbNCz59897mRW49Td1DmSgPBiX8Ajt1aL2n2K4tcPt5keq8u7gMpRP27pNo/tjuYac8QrdsLe7aWWivvo7tRN1Gv5m+eFD/ziJOgS2K8pAwfl+4gRPrYG48sQAHdjRewM/uE/zum/2RD4RwMR8yb+SbCUhgibN9qeG2GSELy54YJYwvYiILIUtN4z3WnGhYDMATwTYvQz36HXAZkV2tYBODjVbAS8U8PQmIdcQwOxVjJOb5iwI7gFsrxQUKRbppdP7BUBCmO1EuHpkOKz1QXWyMjFhAoMmwmhMfMMQaMgtYf5hjtnwLIwKaAjwCbKa3Kk+zp7oiw3Las5DalIg9L8RUxUxeYMkEfkIxZopsUw9PTRoRqciOHYRZEoSAOBYg7sxVMwD5uVn5edlZWRn1oXBVdV2kJgQQrq+vN+1xbhlWWc2FaZFWrTCLSQ9kZB7TAzE9CvPoaeGJb1MwQw6oW8GrPj2aV6CZklWC1gVibJ8aSweqPCY9IrJvp56Bg1Mg1FYTdQoMqj8yCsecAtn6G2VghLiVH/NTN9MwYjHfyJgdJQDMqPyqU2AwoBhT9QmMucJhSiq8pGzVwBxainR2hWOKdUhgTg8SA07MY2cYk5sGFiGyXlGjkbiReALNCKjHSARVTyy1m7Utd/uExLjFOglHatgLi1JkKN1CAGLdApb03ZDLscvssauIpNKqk72SZaXZhx38RlgsSeFCYCEjM1P5zsoI5uVktW7Vora2pqKiuqKiwoFE4pU2UbG9qWskvJcoJV2rvtq7Mgjr4mypygGHswpBIbd/A3Rd9xzCXbP0EvaPr6TpZpMQOHpsOIXgM8EzuJqtwNIRDREeZ8Z/20CSZuVTAMzrHXAjq3gs7E9Ogelcpp7uEbhfAjua7Gs4wMR3E5rgFLEJIOz96pLShwUzMpR3snAopLxuI3n4oJQvwNo6C5KDfe78zX986i+Ktes2H9CnO/IOm7duV2bjp8/8VcQpUByhcHjWj3Otdtm9Zx+SQaeObfkE1tJs1bIIyWD7DncbpKm/DZU+2Rbptcb/xpOREXz3tfuOPOnaunpnZ1+iex997fOvZz335C0FzSRcjhzj5OPHPPTUWyGzVaUHgmIHQxsKoFUrOY9Sq0vZi0/ekA4egQpqauqyMiXeFHp177BwyXpB4mMmHNyjK89HzeS78dW0uVu2qr6zO3fL9QB+Y8/eCuQpZv2y8rzT3Z5ITkKZ9//tj/Ubt+y99GzRbWIF8cXkReofbOtL5B287u587T69EA6cayn5sspgw6ICVQdZGORgSxtnCJdLERPLnNZEGde2ACECQIKpGFc3pbTl+N5RzYuQhCcfWanEuQRD7GNoZMCOxgixPAK5QoEWyKGnU8llQyDeTcuyES1wq8HFyqP1zljLeVwI8ZIGZHWkwhQiTOE0bDdoS2/1LjORgblKYK60hEBgrvMxXykJXzqMjEmYrYzMDnaYkGFixHYSWNKspjBG0fXUCSDetRD5omcemH4A4KiG8mAub0tg4lp4lc9eS7JMAAIFzbILmuWGw+Gq6vry+M/e1N92B0QWudnmYpOJwQMWOr+9VCcl7XDuyV2iMUYsUEOY6brjwDLEcql4397YaSVVur9Jc1NykbQvWmOEPB95eKto8grLdWJi3NgBj6cKNDA0mEx5oWgoOsuqfVdW1+Tl5uTkZLVo0bGsrKK0rAxLPQYSAKExjITABFVqS8c6nJVg8x1Od+BkwT6fHmRMTkSj7HHcQtIoKRwJCVI0gQrPR07piv0ho/t5K0i2UyB16qUJvmG/snQjy6xw94sbV1fdIIrR4SuI+uoEOD1Ky59q49K9OV3qsk35YmenQVEXc8wUScn/1O9/9tYpcPYc9WDZjz+b9rerz0PeYf2GrdG/ZrvwjwO2onUr6mZamLPYk5OTjWSwdftu5AKM45lkaoP/PWfzooLX/nvHeZffLURtaESxmwVL1xwx6eonHrh2whHDkM/IzMy45i+n/vuFjzQ1HJunTWs591Ck7fwng93FJbGrqJYD+nXv20vm7Go/UVlVU1gg4cTZs6v9RnQ67rjhDGW6U5x+3KiBf778CeUiFIrovwtOB1B2LuQ+RNiRsbDPvpt33umjkHfYvF3tM3fuLquqrs3LlaufHCgFsXDZFtRgAHaBPtUof5MQeFQAQQwMLydZxYChDFW+61zjuAeJSbicYJv8YrO/j/UaxKUJKYOZflpGXzezAkCJosjBCAHPFQwYfOxKZRsKVDqGXWmh1hwSwWBhM+WPVRDASUoD1gUyBdiWsmA1sLUGm94ddFcstreH47QwXRjznZfqCsYnA11rbCMBUwIpq6JsesOmdNa6B4nXB9D38aNK46hHVgNsPK6XZMHsW8QlJm9A7CWBzDYwLIwFUmddG4ghUSGtxEB7NaOaKAFfX4P8EQ452cEWzZspA9ryippQyHpQIMQ7Y6n0bQxFI6OwWErHMVwLwRw5emP0DNaaJ8Agk0d5Y8Q5wFePIq/Bq4epXamGpFsuNd2WaIJce/jk4SDqdCRH7wzacNzFo4aYlAAAEABJREFUzK7lRo7VObDprxg1ip7xAth5T+QfgxB/0tWQScHLLFdVx34koMxqdurQvnjvvuqaWiQM8uXfexM4kehXQYD4NoF+14X4kCoZXbt3aTipINjm3gW8eeqkYnzk4zhQHthhnGuAl510KorRHzDmLpzLaoIbYLnxUyMGTpJTIH0qtwkI+b9HIN4f6jkmvhsxMOeYhUbRunBDKML4UN8hczr4BMbqi1/VpkH3OcloS8Y0eHc+4cNPp/z18rORd1AEKt/KVEVZeWVhQT7yCNN/+DV+abDLth1yHni5OTmBYCAStm7Fh6lz1r17dJH1N9q8ZQdKEZz1SFu27WqWnye7Hd2Qgb1vvvbcx//zDnKKUDh8/e1PNy9sdtafjpx0zGE9unb0z7XruKMOjTkFqnB4VohSeaToO3dsI5ujPcWl5O09t12A0gZl5VUd2rUUp+/UqbVgH5adlSHlEahg647EEdv1obDUFoY//LRU+VbP0FLPuI+4e0SZ8zd34To6IdcWGJl27U1cbdm+t7q6Ljc3C3mE2b+s1i6WrNx2yNAeyCOs3WTbFTterwXGtRPkZgelfafcjmISXlzY4JbiNbQZJqD6GQGLg+kL5pFGmluNiHCB7kIvI1t3RpARS0lCltGSU1EuRipgdw2WOKDTE70KptMjiwrmKAojIJriJBXY5EvQVGJkwnsEUhVwVkHcAySleZk2IdPz1zRgOhtowGL0AukIzBWwlcH2vm6YK0M8NXFEa7J2gJ/VXqYQ6zsL3amOoMCmKJYEzJZGC6Tlg04GtDcVW6vJmRULiQLGiwBIrkcBM8ZehwQKC3KKCvJKy6to7oAmRntreNukxewpDheNBDuQ4zw5vSU4YfQJTixghkgFSpqPBzb8SRUg5RokE5ysemgITL0UZ0oEJa9o3I+xvPN+cCbAibhIdFbM53VI5/n0tPhx4kIZAWLRRypbDifGl+ew7hrYrl2bkpKyktIyIWbijHrvm5PvTdSfAU/sAS9V752174b0cEnaoz+ZSIWC2DYeJ2+1ez8a3qQMMh1Jg+sWxNBQc4QtFyZEhwj+jpDSB/vT8cFNaEIT0h0N6rmCUcN9UmDaop9nol1ya+sSKbetdQnDnkGU2rraIynGVcnt2lVcVl5RWODN+aS1tXWr127Srv9YuHzs6OHII7z/yXfU8PUb5PamUtap77jpL/c9+iI1Flu8re+89S9IEmtVlaRrjGu4SBGjy6574MPX/yXrwXbh2ZMWLFo1debvSLCe0uhKyipefONz5ZMRDJ503OhTJh3Ro0fHooJ8bx0EWxQVJNTA5F8JKCpd85c//fflTwXp77xF2qVv6/bE2dM9e3To01Num8BwODx/0ZppP8zfsm3Ppq076+pC3bq069G1fedObTq2a3VAny6dOzo/iLakVO5g3JEHHxAAUOaaQYASSWLp8k36dU1NvZRT4Jsf/LBk+abMzMxAIFBfXx+J+wXyXFisHjgMAsdOT9jis6NjycotI4b2RB7hyykLtItps5Z56BT4/Y8rke/woE/Izsm0pTHWB8eJpmzgggm/LS8AAteG1E2LgbyWZbh26TQJrglIKuFxcZyCRkx11DMRADVpYQkcMsr+grS6IWQWryuVFcC9pYYD1gwI2I6RWjI2SVAG57wOXqb6gTClK4jLsaV04PfDlmP1dqPQYzuZpCjTRhyYzciKolQhTD4KwNS1gaXFc0Rhc5qYS2CGkQHMfSybGJDpnSaRmpmMoQgZBcSzEbOSQ3JgyTSrK+9UIm1YGzjInACnVodatMhTBrGl5dUWj0CRXEgkJ0/mNNNyAPfpsIfx3siX1STlYtn0dr29swxIcvE6bE/hdtndrTsK1v96l0tXkpwzC3NKJGHvOCHNkkI48xhKAbxvFH7lBFMvGQHiiGi7I3qotUeiBMVUVVcrn+aFhRmZGcV79vK51AM1ImHvyyiNWyIPmHLlUyru18FYMLyPe9EeeQ1NmDP1wJw7u2AvYZ9EJBKuDyltM4J8BHYY5yVAYgSOpSMaIjzoG4yykg5qgTbUMhIaBkAjq4NUaBMSKIB8ht076P6K6G4laeD20oQ0BDS1GzHgFHbVWHbG2sCaFsCGP54JbfxPTxU+59J/I877YxnyCMtXrtOb4pffzkQeobyicueuYmrUjNlzZSd1zjx1YssWQufADhnYZ8TBA5AMqqqqd+/Zh1IKB1VmxaqNL78u6utG4vEHru3SsS2fJhgIZASDsU8g+glSPgrlF9/+eMHV94857qrBoy847cJ/PP7su9Nnzt20ZUdtbT1yh5wcbzZau+ScSc2a5YpY+MADuh86/EAkA6UmL1i0Rr8dOaw/ksG0H+YfOvG6y//21Aefz/zp96Vbtu3Ztafk9z9WfvD5rCef+/jmu1966Y2vkQvMW7Baij47K/OCMydoDwL+E/rPpx6BJDF3YcJQ6zfuRDI4dtxQ7QIT3wgl9HT4MHf9ls/i/W7GQuQRqmvqtmyPdVBTfljq4Yz4F1MXI/9AVxPYUUwEAFoU5qKGCT+GAzjh9GFLSfWAQdZAUyPCDDKqHEwLtFJa2inpR8K6tiWAhI9RIiFursGqPJuYz0wJFHwBlJNjV45M42CeDYGdIpWAlagxAbAK4bPb1xwmFTsuVqyNyiNQNhV/tJIsCB1ar4WZ5G5KKpGEXX0jvw2xtHO6+Rm3ozdnj9WJmYkxT47INV9PcysVAuiPCV4ePQJTpuTDlP50kGGnhGgT8K1aqD+CKqN4BDqG4wcHWB4WjhVgtQ4Oi+PYNJpuShNNvPf58RQGrwxsR+pYG5xyQ2BdDXtJSak6SfAI9ATMl/EkTbZLd/JO6pprk2Jf7AE+JCkBbPzwiNykgnEkEnHqMuyXCbBkTElZmVJabdq0ggQZlVLNLnZYV3iOVdhhUbgtP+xWhO/1GBss5AfAJmUZYOqlLQ8zKZ/7CGqC2JyNpCtBJm6PSAQrY361F0quGjjFxmEDS0ekH+xfVeLdghdII8M0oDKiI00bRfKQyH3TToGpQJMvYMMB9mfC0gn4qqSRovsZGrLlMTlF7ZFAL2REldJkgQPVPC2SuBrmEH+GdmCN8Kd2ffbl9PFHHIK8wOQZP2kXisrfTf/psQdu9GS/t3l/LGdFhUOhjZu3d+/aEQkjEIAnHrzx4qvvpkcTR8s+/sCNSBLzFiZhuyxf8MxLHx457pBePeS2pgsGg+++ev+Ek/5aV2/w2yNL/dN3Hu7RTbSA7njgpc+/na1crFqzWfm88W4sPDc7a+TwgePHHDzioH5dOrdDklDqYUF+bnll7NANx2P/jIzgI3dfcfUtT9tSPnbflUgSxfvKw8TsQN9eEmXx67zlN9/9EtK7ceS2u7Ca57Nvf7760hORDC4+5+jX35tulUmqNvjA7iMP7osksXRFYqfAaT8uHDKwOxLGyOHx5AR84o447MDRh3K8Mw1WXrZy82ffzXXTYVN5p8xcescNp3jSl65YnTjcvK4+vGdvRZtWBcg1SsuqlY/hmeX7WMh5AtdfMuqep6fZknnRjLxH3LQ2PhwyyhtFYUd+HjqvuWvV/T8kRnCY4Xtid+0HyHEx6YWDWNdcYjIAWMkxGW3IJHhptUhImljtEDjLF5g3iVvgE3CURwwCLdjW8pRADDZeXWICOZmyhU9VXRMrMh6SVQALydHvKE9joArETFGk5wWYuChigZyc13sq66sYpvDGbiAabbRhLMggneDlmIVfCrYEJC0QwxtrFrDMtR0ZIONBzGB8/mCaQDlgpgSTSaknAlMY7VRxoK00i2a4Fs3zFLbq6joBDk4B+QKPEnCjqlCWZaSLd3dOlPbpLDhZqa608LFaWTtwf4EFCMANvzdqYBEiT+CyCxYJlUgCC4aJR3vGk4wEkndwpCldejDYtQbPa48TIuR17ybxQGALcf1cEuoiGKiqrs7LzW3VuuWePXttWMFemihSuu+DTdJgy+yv7klt2e7S8qdNe5d/EBs+Ys4dl9QXYEkSn17tU9hALTAd50AFlo5IR0CymkZ6obHmSwP2rZGmKXzZKRCITxPMaPII9AOURSkvZacDsOkvm6IBAyOMG1I2xOe6AAKBQBAAHE8kIH8gnoUkAjNvGjvcTbZJYNrMX+LnZ7rFZ1/O0K/DodC2HbuRF/jsq+mc2Gnf/4IkMXL4oNtvvIQSEe10lE8gGPjvE7d3stsDz4pPv5yOfEEy6v5FV99XXy+9U0XzomavP3eHMQyT80Wbt+5Cwjhi1FBqeHVt3Q9z5t/98CuTzrrluNNvWrdxG5JEVnbi2FA3c/CjDx38tytP5zAHA4FnHrmuc8c2SBKLl60nb7t3aY+E8cgzH2gXCcUsKnbvJiHQKmBPcVllVTWSQUGz3IfvvMg6JNPvAgF47J5LkCR27SkNhxMSv5o8F8mgW+c2hw7rG6uimDmbi9XNDjMe+uc5pxw7gv0ZTn7+fs1JNmkLT4uQhPWh0I5dpcgLzJhjcLD+feF65AXmLVJ9NP19WrMF1kn2WuMO69m+TQEnlaysYCCNX9AwIkePIs5J9n5jmAyRKzuzHBa3nVSQIY6x+PO2x3Sy5FKSnnMihcKXL+oRiG0IJHQw1BMQI6P44ZEegYzpH2DecJPjw1aOFuzEI9ASL12+luCm+R8L7Ltc2/ZO9UUVbEqcQNArNpeWqO2JHlqqPkNCCCBG+7LSW69VcDcEBYFrJMYiK0eQgEoMfALMozHRM+1GhMtCmqWwICcrM1PMI9BRAi5YMdMsDrVI7gSOvJLYcOlAW+k5S2+HL/ZTwwSAoYyzd2OhjMhPMWL+OjF2yJpMYNtaQbW4x7pjaYOAmZ8uVSCIBScNDPkLV/IlmV3nxWENZzcokXqaUjjrmywSPIdw65ATIIOq6urszMzmRYUs+R73h8muDN7OLTkWYG9FjL3yCEzGEwwLhslReZR/dWfLCBY5WpcY+aTBcx/bRNJVdDG0Z6ZESTY19rF10rUZ6TUGYJHBoLzE9EDDLqP0H/r4D3MefT8+ON2Qsh85NJ0X3AS3aPw9VEM8ezbuZGBDFggEMjOzAoEgSq+CxIknY3raPm7dFA+EzBPHPvquUjLrWWIJQZEw3rRF2sXKin0lZSWl5WTInJ8XINeIRPDUH0xufwarvPvRd0ge5//5hK8+eMY4hxIryu5dO878+pXxY4YjSSiqTjF4KDqtqq7nmJxhX0n5HQ+8gOQxeEDv22+4wBSo194lS9eIixo+tJ8tzZbtu0897x9Vkg5q+/aVI49wybmTvvzfQy1bUibgDujT9fuvnh57+BAkj+9nzydv27VtgYSxbgOnCcdqzrDBfZAkTF3Q4uUbkSQmjj/o49dvz8vNsko+oHenqR890LpVIZLE11Pnko2hvKK6tKwKyeDBf5wj4vV1x41nZGVKbKO+bNVW8ha7WzYhjf/zPIlGxMG3MwyH/H7t0Zm/X02PyUnJA7q8olaKXin5d/591ikTzRtAKrZMpxYAABAASURBVFXi9OMGfvz8uVPfurht62ZaoOerc8YRg7/r62wyut+bmFiTR4VjEwHieisKi7WRw4LrkuU51mCzYraq2LoK6dfIcg1svxmW+4vJmxDEPQI9bREOnIco1cNSdRl+XUA1jl0g6KkANpyhjBiMQIvRUge7WgHsjxTA7iNL760OLA4mGTa0KY4QkdwZo+IzckQtYlsJ+AkhRupihKZIPoFQgQDjWoQMRFjYrodAC0yEgQ2XhUGUwAbuxieCxrFZ9tN0yMkKFhXklZVXsch46TuBBLOkiRyo5SonJDx6HhlKJ31A9Hui9GIAFptP2U/Jq4EXcKWyhxNA/sgxlwkQ3xJi5AjpSmgTqjwiXyEjHxs/0sr5lRe7FiaWrrx2Dlu2xYx82rSEC7287RIrq2qaNy/Mzck2peFOPqaGJbcnl04K9C+KGB8VT+pOJs7eyaJwW/Gwwzi5RDAOhepDoZDN+EcuwXR6isTh2VAY0dVI164zCuwqukGhMeWFRMPOV0MdePgMj48PhvQ2JLYeBZMcNPkCJgONoA27ricYoQZb11LWPF1DRHNQtwqEMCB375J+2ScmOj3rj2YySFwif9VkWEFZBgkopRhU31pEfsbkOkVDZikkzkorwfX9rN8uPu9PyB3mL1hmCvn4i6lnnjoRucOmLdswdyPD7Tt2b9y8rVsXiROENfTs3nnmN6/MW7Dsl7lLvp/1e25u1oQxh4w4eMCQQQcoLRTJ4+ffF3m156LT+u223X49Zc6kiaPGjjoISeLcM46Zv3Dl5Bm/WqN+nb/8aiSKli0Kn3n4hutue4pPFo5Etm4v7iN8wG5E/clhJNaAsAeTN926tJ/2yRPLV21asmz9r/OWZedkjRzWf2D/Hr17dHJ2zKvq/Pq9Ycc7KTlFRc1KSyv0HgKZr1BWVkbf3nJnQ8ehVipN0idfzTl0mL3Xpgk9uraf+tEDcxeumbdwzaxflmZnZhwy7IDhQ3qPHnmgA1spfe4b73+vXaC4lX6eu/LYCRKVtqBZ7qN3nX/r/e9EJcZDjbrceu2fjhkv59z5zidzrE2QKASHUCR8/t38UydJuymbsLeksrK6jtTkjyWbwuFIMOjqV2GKhF/nbzAFJnMEUVpegySRkRG44bIxV51/2J59Vfl5mRUVdc0Lc/JyM6mmcJcX8FqgiBCgkYmnKehKwlcGrLcCGQeaWBt97FJnuqrYybcl9hYgQ0AtYrmEZOxmCuFEsQgQEpMWMzJQKS0SMOgTTrp/EtgwyliL/gZgW9uFYtyQeioHhKdNxCmdypFIgUPqQE/NaNhOTrRmgqmZmMioBwebbhFXQ1KCidjKS4YANwuCFhO1HubzKoMzjJFZlq1wr+qYrUzbUrBAkBbbq6HYpkWLZlX0PQKphQiO0+LC/xYdBZZnEYH7ToQUhN3L8RtYKtiVTA+BJUI9SktAOLZcGO6sXRdPBiVGqg/1Gi7mOPRa71nXiMVIWZU7VRXUGZWgFOfCpDnlGEC4vFxBunKlS0+MqZfyzB4z1YfqSkrKWrVssXX7Toy5m1S4eax5UApSIlx0Y1o2sTfSqMCUK3q8M6ny8enSVXqSjNbxc2aJZZ4Mqe4+uOmrR8d5pqDrB0wSgF1FpyEikUgoHKIuVnr/9Eoj8zS8kiKBycE+LR7tr/DYKbAJFDR5BDahCU1IIE2fN7G1BYxcLFG5Yk6nlOjiAQKZGRmRSDgU8tYpEPEzhJG3foExfPDxZPdOgZ9//b0pZNGSVfX1ocxMV6OL6TN/s6W5/e5n/vfaw0geim6HjhisfP521TnIHSIRfNs9zyAv4K5Ku20Q19/2xOxvXypolock8ei916xcvWnD5u2m8IVL1ihTVOLuX+PHHPzAHZff869XQ+Ewi6ZF84LuXSUOw62pqSF7W4w8eAMPBoMD+/dQPn8+bQJyjZ9+X1JdY1ggLCuv7NCupSD7VRed8PC/3yNL31QPXnn6ptycLOQQMWFTf/ij+LryVi0KZPlzc7PHHDpA+fztipORO2zcsru8wrxJ5GP//XTiuKFSvryHjzjg63du/9sdry1evsm4+o6GDOh+01Un9u8j50NZXx/+/sclrFiXzXLF2u21daHsLFd96fzFG62abNiyp1c36XPSSazfXEzcEb5K2OuXHkMpJbC3VG6fSB052Rmd26sbVbYozEUCKctB5aFuupbsN0GG2egRmmcVzY/QjdqgS8dI1hOY6aXnXA2nxFKtmE1M5kL/sAgQ95re24vxaowAAmTURN0BeFGCKWBSmmGBJuZZSBXOSpQZRq0J7DiSmZcRWTM6MTtwsgv6H0yS2flCSLUAKTk4ERObRwc6AVMIJthBgIuoMwYubCTmZASsZJjOB84eI8IAokPHlihkieXnlEpmbmV2mpCLXSbhImp7CwfyjfkV4hb1jStoll1XF4qO+Z1n3Cd7uRWLbQME40TE+lltMPK/WrJTliJOpZNHylNwAv9WpdMzv6kDlo5IMmh6WJu9N9oaxwjOBXjJYBoDeAtscy8vwSk8kSMoBLthdsxUH6rHOKeosKCktAx5ZzhSF9cysQ91TCRRDd4knRYdV0oaUlo92xrZgxa8LKF0sw1QXudZaJDlGlFQF2FMXjXCIWFjOvF0v/cIpOTUs+ODIRUP/AaAJo9AnxFQ3XQylXV6tB9AaHYSN01OpAiNxvJpO5mHKQFJVhasSyoG+KUOdjkFTMOGTduqquUOYzUhEsHTZ1F2iVu1dhNyh/c/nmxLs2DxysXLvDle0zG+nfpjcXEp8giYfLdLbs0OhcKXX/cQlneaUx6+77x8b3ZWpllgOLx81UYkg5OPG/Pb9Ffu/vslRQVm38S83Ozzzzp28sdPZsqd6yqnQPLxqOrSZ8DefWVIGH8+dfyYwwaZArW606Ko2fOPXzfowO7ICzz9wqcopXj+dcNx4Th6HmtpWdWM2YuQJAoLcl/79zXTPrr79WeuvevmM+/9+1kvP37VlPfveuXJq2Q9AhV8OXVeXCd6m8WCEzYM9hVrtiN3+HoaxUSzflmN3GHmz6tYUck5TmXuwi3IL6iP+UAwkJmZiVzBlxdA6ZVjM8Do1CILg2+HudpicU14ScvkERzEYqZl9AvDNaZIYxHz1QBSBz6Bre8ZSnhICDGRELMww3Uwdg9MYqscAIbFqLzACOH4LKrAdCdJKhcwPAJBJnVKYunrEcgV6CQlbyRx6hgv1EgAlnl5TpHZNlJbCWYuTN6aq5BN3cbml1lOS+E3ATtVwVEUEY0FSFm8xK2UBLBjtCXgOzIK1hAP2odSMwryc5E7YC80oYn1UhT28gluFu6tNEcZB2OLcA9TH2IPmekge4M4cTnCNvFOIF8emJwcw/bEiWvlFTIcwZEIPVoSEqzYVUJ8qT4ItklRllSIxYOcyFQF5S4SCUfC5PSXnT1lVHSXFydNTT5FyojEBnJVXg7YqwqNXRMQhDYqYRZHElBZVVNYWACJF1U3INpqkvsUryDzdLQThGVjvIdNrcOcCAEd7fLoaVfgHDg265t+9RFTApLUdmLJNICWaqNfQ+xlSGD9T/zjaY4aaD+cftD6ENRkTgY82CkQmozLQpNHoP8IBALBzIxIOKy80SHfoNVwn4vTTjxG3gz40xbRU3gbKARqSMN4wcL69KTDskiTDGLf22sqksZx8V4lsHDxqsMOkTsrk8SWbTuUmTRr+LQffh7Qrydyisqq6i1bd4hQ3nrnU998/F+UIoRCoXseekm98rTMk/K4oWDx8rVvvPvNReccjyRRVJj/5gt3n3XJHdG7hC1efevLJx64FskgMzPj9JPHK59IBCvVoLyiKiszMy83Ky/PyVrajNnzibu063vXbdi2acsuU+CGTTsPGzEACeM/D/91+apNr7793aKl60rKKvr06NSvT5dxo4eMPnQgeDcE/WrKbzdcdWrL5s1QKrB2w/ZpMxdSo/71zMcTxgx2cPB3UWGe8hnQrwtygbr60OPPfSlCGWvUth2FhWDqrCVDDnSuZATjX+at02SSsr+csvDis0YhF/h8Ms8dMwkP4DlzN3i/K6GKmETl5SIzM1NWvD+9t8kvRNi82vQHeKgPMK6jCQmsxIGAHAsxUwfGjnciTj/Sbh/s3fVsQVEMGxwBqJqDvbzojcGqYMfLtB6TDFF2ebTc89uhl+3BJmuGagNIrqBB0ENIH0yAmcjOUFw4MRNYVHCcIqcMJX8uwhKE7emB2o+AqBywzsYDbb0WZAaEYLegYSsNOEt38gpYpYHxyYOZUTH7mMhAIBOkZTnJIfuMgCkHzq0nQuDduJ+fa34Rqyz5eVk1tXWmrcEFhTgiEwU2/OHIFyxuB+oJsXiZZy/g5NcvBhYgbM+wgP959jYF7DhavvylNMfmW6zMXYE7H9vkVkg3TxCXidjHOZeafFi9ODBWFpEQ+PA26SLnDlmdsck9yRteX+0zXHVN7lEfqg+HQvnN8svLK5ArYOZNkuA6zdgyiXs4E5QWFT+JSiQlqXT0BdSwn/Vz0gCBwmt8NmyqFekITHzv32DawO1Ogd4PoBsNmjwCm9CE/RANwPHPBpYJYmFG7OEWQZgZjOlhOCm2J1JJXTG7TTnB/8U3PyAXmP3TfGr4R59NQy6wYNFKdqQh8xs2bRPZU9AnPPbMW5X6Vot+TAphfV4iSZXt8f+8s3mLkDumCQP69fjnjRfG72LaTp7xa3VNLXKEQAAKmuV1bN+6dasiZx6ByiTvR599j0id0qxnfuCJt6yBH34xE0mif9+uj993+ZSPH/5t6rPvvHT7nbecN+awQc7ntxlWeuQ/H6BUQJmvv/ne11mxpWVVX02di1KE19+bGQpJ/BxFqBIaCb6ZtgC5wOate02yNfE7dpVWVdchpyirqC7eZzP77HdrC4Uie0scniDcCCDsTaITy3YIIOBmx2enyJGvFXZJO6lnCbNgg3o+JOUUhp31mGUhWL7MKCxGZieNnzRwiR0QUJMwOFyqxQogrCow1AAZet0HEbi8JgkixEZ6SHwABNlZMsVpiXQRyOtvyQWbHuKQtr8WBTZFiU2BlIZGlUASJC4wLQkLl5EAkKYk0yMFkED9YUSABLEQotyWHgaYpEijlyAmlAY7YpDKDual7s4sEgrEkJ+f7SZRh++BCR9QW9gWmX1Sjh4oLGXAJNxbJGdD6yhs7CDr3CaruKPhnw9IG49AAwDsKMRk2haMwwacNHk+pIvl/TmSMIdrF+mBCpT56CR5zzinw15VKXc9q6dOXV6IEarBni5DyAiIJ1lRVVOQn8eiAv3LRlZCZkr6Ftfw6jEn0E3IcvHEYV6kpCBhDiy10Mag8wq0JCEa6rAqYk/VYyUhFMaFs5F2bLk1CZl0iBRUoTRBoxjkUZC+dU0EWEj9xlcbTbDJoBOnQHJKrAlmJKZN0wJp/cxoQgxCs5MNdYguh4adx0bT1rDhj0Nu13CZvE9F4dmskSslsDeV7Zsps7CLCZyPPpsJ0ZsCAAAQAElEQVRKDd+zZ295RSVyCjtXRYPC9z78wsIlq1DS8c2UOW+997UhyNWsNbIyp6KS4YuufkDKz0nH2adPPPbIQ02BTz+fGk8yBVN/mFtda3B7Sqtn6DfTfp23YDW2vKqsW7+turoGpRY0O02ZMX/K9/NR0jH5+z82bd5Nj4vqed/j72/ZugclHbuLy195ZzqiqeQhKqvr9ux1/uPvOb9Fjwk2VjLtcvkq5wcTL1y61YYiPq3syB6iC/bTZqeg508xMPUSGffZtlrP923GseGK59ghrgk2qA0MGk6K3oOrfBJ0YJUyp3ypLFQfKXOUnZ8TknddsjWRrA1BJhjESaUhIcZ5igBMtzVZSbLUiY9n1RxcRTvhpDYTcZcpMMnBHtRnfgWmtESgMxIEwGm2wL5mawiIRgasQEwJRzRVPatJ7uCV1yCPPiMjkJWZGd0mULrpSbIQxJgWyAxBPpSINwKFxwzWesUYNmBGMm7HSSAZ7ijBFM0OJFJnBGN5LgeJY6u3VRKtgakJJr040mgugw2BksG0O99KFNuEyne2rhLmUIsxYM6dODx0pMLp4hHIh3iOk9/O5LzA9O6ovr4+Kzs7M4NxAKDIGiPrxhWS2jsD8qY2Mzv55D5r7NLyqcjSCembK0vf63/dSH4FdAKTisAnbdgg84r1L6/kNs4mnWxYyohDuL/D7U6BTTCgaXfAJqQJmh4nqUWT/X0Ftn+2+14C3qchKS42AnX1g6G62vptO3YjR6irq1+xaj0rlrvbHw8Y42+m/ijFct5f/lm8twQlEes2bLn5jqcoEX7UOdGilU6bKnjn7uL7H3sVOcIj91zds1sHMuSdDyevWbcFJR3hcPihp95C6YrSssp/3v+KekUrtCnfz0MpB02xW+97bfNWh92FM2zZuufOh99hxeL42t75f/0391A271FfH774eicHlzvoIX5fsBY5xRdTFrLUmDp7GXKKr2cs4cb7sMULTcpL//s1FIqghgLsvSlo7hcOlp+pbiKCasT3WZEevHCSE3fT8QDYIMreaQbbERg1dEYAwgSIUIxPxtYEvDxhmpkK241JAQYbgmgAEOHASAKMnkmIQWwJBI5k4CaKuNvaWSWI0MQ/8V3zZH5tCuyPOCVPVYY+0nJsaGJJcISIRJEtF4lWhlggD5hOppWaKcRCYK6fcohbXpqRL5UVIfbg0InBWSruQGoCcU38SwXJZkRZrq+qrmVLs0tUoIuWr1GelIV/1kZxyS71BItA/yC36iSriReag9cCvZSTDqm4ViAZU4+MGEEB5gBxTlELOPAO87t0aa2PMn3qsrPB/mckkRLzLnnp8kM9EOwTAIk8UO0XGjw9IUnyLdpEHaqvy87JRm6AJXqD9IKmtBcjGt/qtyTEPAKxt10OTn5OzUliypUrgT7As75XvMLixN+G1EBpGcQNLhc28GP+rAlJRSOqjS4g7RTY4Ou9f+Xe5BHYhHRDg+vlGkW3zBrsND1zko9GbnPXU8wKfvzJ4e5fy9kegQq+/G4mcoSt23aF6kNSLw3hUOj082+uq6tHSUF5RdWZF97OjPa0zmHy1d8fWAV//MUPv85biuQRDAbffune7KxMMvCKGx4Jh51sPegG9zzy2r6S8vidPvebFh0Cxviqm56KRIh3fOItWfk88OTbdXUhlJY4/+rHk+Z+V1JaedYVjyUMxYBSsOUV1Zff+JwtpYe4+d63du0pQ46gzSLzdDX2fZ9957CLrqmt37ilmBX73fdO2riCCMZzflnDjvfNU8Fisrr68JTZDr3PfQWWjvAhLTqxc7cGNpzIEXA0EU+U4hHCvTYzytiQJ0eACzGWo8zSsKg0GzmWa/ukEV1JYOYCrKM1fiqWRGOnqfLT0kL0TdqQXRImd08uwGGcGm0/+SOiAzjmlOGQlWebd+SJHDEawWpPBxaSzaml9szsEAcEZJS5VWLEUZjThFlkyO5aFiASjuX82OT0seuOHMOhibKzM+2ksUJs1VCR0lcbD81rBsP11hm81FPa4A58pDxbemamkBZy3LjaCfD63jSwe5qkNV/nk4YShNj/1sEThOnBNgFSSUjHiIt2IiOlvT/2JH2Ps+BOHE6JSV15BCqoqKrJyXbkFEhMuKeuKrk0ugdPIaYNhGQ7UwBz9JBndpEukhXn75oE+DqsdAXvhmUCOZSpDimFqKINICsikHx7dSg3bdDAS83m0dZI6qR7NO0U6Bppdl5wE5pgQEPr63Bj6pwbTF4owxC/XZE8gPBbk6NRlpvXsiQO61y9Uar44NMpyBGmzPiJE/vdtDnODib+4ce56h9J1p27io8/49rSMufnbApi+849x556TVV1NY/Ip8L3bU0AGz8Krr7x0aqqagciCwvy337pXjJk5+59f7k+qX6BU7///bNvaJtNpkdvdu+jby5dsYEIME/v1dWF/vPKZygtUVpWefG1T1abtzzxHtXVdWdc9mhNjain7/LVW/5+7xvhsO/7xind2r/+8/lPc1e57+UF2Rcs3eTsRO+Va3ZyYmvr6vfsdXLI+6ate8NpMzJ44qXZ5ZV+1UbnmcQs9ztfpjqF9QTkaJXdwmLIhVjqblzxWC4sLmH2UHHKC7RLEbcbG2nChk0kRJumBGFvKke2BbsgQDYegQQw4hOTZOxEYynGHA2xmcxiEPo+f8A2nR4FDI9AMH5sCcw0loklEP4IQpzYJkUC/JkwEVUpBFw7UHmJu/gNtqVHiQS5ZJzUETfEAQEdTp9KwI0CGpnefKwWoCvmblhgm4S9DrombN7UIDMzWC+6q7F4w2yAUGuJsObeDzPBE5EYeeMAJEiG/bCER0iOYlgiVJZESAg2zJfI8/PuRV1OvK8GwuKk0pVW0u86hA2X7syYfivL7j2pXDxJvMl0Yr3Bs+7ZFmDPzex1Utwhs51uszIzkCOJaf6UoSP2GPZAcUy9ZATYCHADGTEed2Jy4ryvKbGCjAlO28Et5tzJQWB7OUti6dpARfVqYB1ME6IgS60BvnViV9GNCPY5FXUKhIY6/eAzmnwBm+AKcg2rge7qvX+C8pLb0EoPG/4IcyUzmzKDZM/eHTFtTi+FhYulgs2Ry5avqa11svXXp19M58TW19Vv37kHyeO9j76LXeHYl2DBbd22c/zxl61aswn5hl9+X3TUyVfuKxHYIczT+oCNX56LtobV1NVfdeNjyBH69+121y0Xk6J/m7/s4qsfTI5f4HfTf73xjmfZs3mpBMb4nw+++ulXs20p33xv8oxZf6DUgmGtlWu2Tjr77l17SpFvUISffskjxXvLJdbNEPrhpyVnXPZYeYUTZ1ZBhMOR6+94/ZOvfjWmbFFG5qkkgjUbdyF5zJiz3JyYMb25C9cjecyObhOYlLbEcptIjJzr6kLX/PPTSBr9miSuJLaEmII9BVcsyBBbWSDK4sxnxdYVRkggdsRLyyZVH7pDDO3aXgFxFTGyfwXEEoKBYHHgVgJCVLF7jlcQsImt3lQUYmb9AcRWEri33HCmVx+yFcKYARItKWY0yNE7hPdSZSW6NZSd65gKbN+IBPsoUB4yyiA2HAlj+lq6xSuRXy2BJQGxheutGxhcFLUZ18gDFkACMs251u5lejZBuOkAOW6IUuoxiQMBBwUhSis2qHBQ+qLAXggxy8RyoxohmShdIPNmkzbAFP8qWS53afrCCHZyXERbCZzkxudqQH2cmaMFJcm9imHf86bLF0sKnNc2R3FO6Ehax7VJN4ekMxCWmZW1VyQJFYCeMKO+Y/oVTqGyJnAfi8GMIJKUhrBPsyd+Wssj2fZlKvqEc5w+844KZaYrHApj9VAUx0MsS6KprNaY9scDgf7A+CzxuXZLV47kQ84OaZkFGWBe0bj2B0qLp4sVpE5evaonCRglhqOYSdKEBJp2CnSBJo/AJiQLiQFTo+7BGlnmsPUFs6HlMJYFAbVjRyI2PWFTAvZ4BwsMhpavXIckUVJabusb99OvC5Akqmtq167fnLhnvhXR81RTU3vK2dd/9d0s5ANeefPTS665F0dSU8Wx/uWPaCvmLlzxwSfTkSOc+acjj594OBkyf/GqP196l1JtkG9QprZe/9+3t9z1XPweeYIVq7xxM1XUu/3+l7/67mdB+hvueG7RUumGycL8hWuQAzBsWFJaOemsuxYs9kw9ElN/WDDp7Pu279qH5Mtw05bdx519/5r125EPKC2rOv+aZ3+eu8oU7rKiicyrfP/jCiSPr6ct4hN8NW0xksen3y3ULuwzjj18S2KKWr953wP/nu7N2IMsiXQcb/Ps6Z2yTt0XVB04fi1UelbS4Mixw1a+IGws4ImpwT6edAOy8rFMzdkMiWVetveSwM/ZnQJMf3VgmhoWXvJDE2sUiM27BkYZgevXxY0S275OkCAmMPoBQXoBMEQlLoHxcZ4i6JscgogoUdPFtiLkSaAFAtXDkkpvT6YM4UKhkPrjFkwakKqS/peSUKIe8s0D5rbndW8GXBbgBsavo3nElDbLTxQENHFQFalbpdqwIGmAnekoCAYCSuWhkcln04vHTzAYaNE8v2O7FoXNsiWTN5Nj+kjJgWFlAUJBcaTJPKp4+lgiVFaKKxskzYQeeVukQAGP+L2S4V68v94xfsFmSTiNIKOhm1y5avd2zE4ykUbAgmF6jId5EBPF9Qisr68PBFhOgcAWmQ5woAV1zAEiL6xYsPCSaRqRVTaElNeP+lAoElH3nHY0wEqrVuf5/pS+5i6Fz5K0fHyJKgVS1A0NjTVfGhp47po8AmMQzamNUyAk5bW+CU3wAA2sdTe1LRb2n266QUH0FSoVxYflZk/dvIdgJ2okBS6S/naK/dZlJvyxYLltip9+MQ1JYtESs8ON1S/Qtvj+fudTF19117btu5FHWL1286nn3/zks2+jlMLHJQ1svVeD7n3s1e07nGz3qOBfd13dq3tHMmT5qo2jj7vq7Q8mR3xwrNy8Zecp5972xH/fM4Qa3Uidpfr4f9+779HXXeq8Y9fec/7y4LdTf2NS0PQ7/6qHP/rCrYerovlt97327bTfkTMw8h2ORC6+7qmHn/nIw6OEFVH/fOjtW+9/k7Q2Fig5jBLT1TU1dX++/Iknnv+iyjvFFH3e+mjWUWfcv5rhbuj13JYZn02ehySxr7SqssrGAvMWbZA9cFmx6o7diU0ifZpXlWFSB9JTZ6++4vaPa2pDyC0ceBUkDYIeNtZrcRYeMM+HL36LY5RiSbuHrTcJNYPC71/Akolo18iOwOhjJCxNtE46tChwb5FwJQGjzxO/NoLxr8UBi+7mZeSlEFiXhICXun0gPcrz34RCwg6eiUTO4YQXC3URriBf+4HNRatgAHZkVoc+2wpmILAcZAxIrKpjdhSFC9j6ANDDkZuyosq0FecgPbbyQrxyLB6O6MBVlwHEtxlSgyUFvXu2nTC6/3FHDR49su+woT3Gjhow6aihY0Ye0KZVgSVRofV1j+B1l2oETlG6jiEzHi3+0AAAEABJREFUpyUrJZUzVQZgG6cbG17RGCwYJgfsrx2Nz1OvUxJW3q8ski/tviXBfTH3aLTiRTVwIsBxomaFhYaeHld2H0ve6YwDY6o5TRDbdsGOTGKYgWMNJA0go0WsVBgsbh/mmHrpD0TTMlVF7cKDUQt23O+4NY1W9bAlyIBUjtaTkwiY3u8wc6SSTpDqGdN0cO0EWDDMmeg0K+Qo0lEncdjtESiO/WgHOLpTIG/6YT+H4TfQTUgbxMaIDaULa6o8BhA/7mnYDyE7uM9daip5A2paFmCHcV5zJQPcSVL2Kwf65EvpDeG++OZ7W5r5C1cYt0awx9eTae6J3Ck9ao5+nbv4qJMuv+kfT7jcmm7b9t0XX33PyWf/bcXK9SgN4GNLZMi96OoHnPnDBQLw9kv35GZnmcIffvqt406/8cdfFoZC3pwmvGPn3oeeeHPSWbes28jdH86F7T76ctYxp9889w8nu7Up2XzmxY+POe2WZSs3IHnc//jbV93877LyKuQIv85fcfSpt06ZIe1SZgDbbu9/OnP0Cbe8+Ma3dXWu/LHKK6qffumLUSfc9u30+TLpM/HuJ7OPOOmO/7zyTXWNk7PRdSjFN+uX5ced869nXv5WhB5TrmxJEwGYQVBSWlVaLncs8h+LN4qQbdxajGSwaPk2U4gvPZLobHViLL18ze7Tr3xr0XKHm0QqMwgr1u4uLa9BCfeLhgKT44hbIU5ZwG6WG+z8RQTd0cA7XxaDFMZiGY/FLpDtK4P5BOZcYyaBiTBBb9m1kW98VhRwY51ByFvIybIP2BNj0bqnh7M8AoFeEIYosJFs2FRPxCziHxFRPqcFHFEiiVrjtbkCPrslEFjbh9CTYJER/YOteRGj7jkAOIhSI+i7YGqXpKHAQBC/kx8vA+1axFCy8EMmXzK/CPzSR2QcIlVGzfKzRx3St3+fTvn5OWSL0HYNPGx478H9O2cEA3YJSgxyoxA3kRtLgv5lhZ2e4OertcFmQon4cuYGZcDhQICvdrKklmKkUAfMuWskwIxAN5k1vIE4EOTfo4UF55453gNb77GEhsI6+VidPRGdtE4uxcB+5dRvA3KFA49NVLNklj92HNkggfUvz6X6jf2iV/AS5FRXAwW702hyV0hf4Pi3+2wkf0yYQmRYg6CppjehCT5iv+phhKDM2AczgkrLDIfD6fLLJW/R1OmkK7DnDVIr61S1crH8mKgqKqr2FO9r3aoFEgPGeMr3P8cEIV6Kq9dt7t+3BxIW+/k3PzDinJj026k/Kp8jx448/ZSjhx90YH5+riBjSWn5r3MXv/fR5F/nLUFOFdq5ay/yDzTLl5VXtGndHImhqqaWItOSpy3bdz381Bv/uOkiJI+CZnnXXnHGo8+8YwrfumP3lTc+FgjAGSdNOPfMiV07t8/ICMoKL6+omv3zwv++/PGmrbuQ/9i5e98l1z3au2enu/9+0cB+3YNBe4W3bt/z3fTf/u+dbxVVowEClZhWrD/9tnTM8X+bdPQh1/7lTx3bt0ICqKsLLVu58b7H3163YXv0ARtAYti6rVi2A4tE8Auvf/PK25PPPm3s0WMP7te7U2ZmhiBvdU3dmvXbP/7ypy8m/4Z8wBvvf//Whz9MHHfQcUcdNLh/t4Jmoj1AOBzZun3ve5/P+firXyJyW+kRxWxb4DIE8xdtGD+qPxLGNzOEjgae89vanl3bIGF8O2Np/DKhOj8f23aWIhlUVDn04ywtr73mzs87tiu87aqxg/t3CAaFqv2+supvZqx6+7OFlVX11tjyyrqWzUWrjU/wepTCFKYsRTN+7waMa4LXPM61Z2FDgh6c9KnWVESuncLb0SAIBUnIA8HEOCZk+FEBOypxySPAmpuSTf7AwifmAQbIgRuQwFYcAsVhIRFo455UI/B2ko9wkrPz4XSSJk1stDpgzJFLi4pWo7irDbYjBotXjpkMKGRAEQ6Y8AciCSDh9IWpvKbUaQmpwZ6UpoAQILNuIMZCIoFRx8FsEDtBdiDpIbbLKhZjSaY9bcg8kYDI2ObN80aN6KO8diE2undt06pls1m/rBTZQNqzToQHqeKgEzvVk5m044wLMvphWOU1DaJtwaHwpBS2+9SSq6YdnGrjby5EOwweLUWqlNJ++7T5tZDg1Drewk0b9ktn9x6BSbUmsFNOqz7ERZfNF5pmXaUgfDEHNZVkAUsFx2PAmbcVNv1NPmTGZ/x3oiTD+yeKwJtxmrVROXWwR1MWqUQyiiYdO+IG+XDQITYWFSKKzRE24IosV5RwzCWPYhzBERU4ElauUfQiohg1GqQiHEY4rN7hsBqgfEUvlNdMHFZYorcKR5wHRWKBijJKKFIjlP40Er1WF/5xbB9kHHUD0JTWwiKJZ5Y654dxomwtYwFLsVvuTTNSUccjBKrjEZZc5WuA+wJmZWYGgsH6+nolv6jxIiOYkZGVGQmF6+vVdUSferI0WBcCbS4v2sokc5n2lTcYCCqFqDRYpbrKZzBNsmejRoaCzIxwfSgUdnnCnX/5FVh54y4fKm0R1A42hD37mbNMZkE6QoDCEKP0qBmZQeUBonQ3yF6is5JyzSUsgLXWqoQHMgIQe1ZS18/MDN4BhCPBnsQY3LlTu7NOO6Z3jy6tWzVvXlRQUJCvrO/W1dUHg8GKisrifWV795UuW77uvU++K94r6MUimHMQoJURpV9J2SAKJbPKQzMUDjMHBmAvB+wI4vGiNaNzhzZjRx888uADO3dqm5eXk5uTlZOTpehZvK+0RVFBbX19TXVtdU1tSWnF4uXr5vy6+Pf5y+vqQxZ9EGI7LgQhGAgElIHsxAkjHrv3KiSMy65/5Lf5K02BYw4ddNqJY7t0bqtUpGZ52UrvXl8fKquoKimp2LO3ZNHS9e9+PL20vJKpDT+QXQTN8nOPmTB83Ogh3bu0VwyVl5uVmaGUZqS2tq6isqakrHL12i0ffzl7yfINpDhQGnSm6nYfCumdM9hWHnOtta8YsfAhA7qfeOzILh3btGieX9BM+eQoWioP9tra+sqq2vKKqtKyqgVL1n05+bct24st0hhqgSAZj6Bli8KTjx3RvWvbVi0KWhTlKSWXk52pWE/hqq6uK6uoUYps4ZINP8xZtn7TTm5+TS0AmIrYHkfIOMsvkQAjCaL8aEmAiQZZBcfThwAEMNJe1nRuqnBg2wQYbVCvRHRNGOUFFjWMBADcwFj44P7tJx7RZ0DfdkoLzc/NyM7KLC6pbpaXUVpWu2df5fbdFVt2lP22YMvKdXvM0qKqKS0rMzMzpEL/sQpVH1JRAwHtSFDQrQE0OQjR8wXmQISsNyAolrQ8xZJAqZNg0MYoWXmkZGQEQ6FI4plikA4UVmsFt7MD0NoCEPY0CweTjaxqMGsUcBQ2NC1TuoxKazU1oEAgqNg5Oq+CWUkYA+kWMFVaUyBNSWoVRYjXQq1RyKwaNYhVNMiiozWWoWEwWtvUNhmrbGRxsIQggZLis8d0Qew40ShDdedw8WQ4gmY9yMwEZYoupMzPRUwLHclYbHMxyc5ZucWCXDSnQI586hwjDihPzEBQmx2lTT+bTBpbgMVMAvIvJlSN8WKmY5IumZSNLWrHBGAyKnEd/06ctRMhdInOzcYSwgmb6DTqrG0kLp6UGZvqjU3zxgMzlPoHSJkFUSeKcSQeG4nlE0eyItvLK2oTipnyxrC21pAJS2CatbHlD6caJMqFIgpbQhBDGqFI546t9u4roxJZiXWov5gNBqJz8WEUK0Qzt92MmRqrzB+OPaxfs/wcLUQRuGnLnpLS6uqauoKCnDatCtq1KdJNs27jriUrttrlznL6G4WMU9UR1/6mNLAtvdooA0GsrUpYOJG5jVjF2CtjCLWpP5QwbE9Pqb60fokWzgok6dWzo7V2HKFxc2oRq5Jh7i3HSjoB28JCwvkB9qSgbSOrrVUZo22k8bJFqXSUWEaIgJ3t0uXTYBoXBJT5kWhfHGY8Jm2EY9uyNkuSaHFioHbaAvRxRN+FIcJbg5AyiQ2Rw6yK29nKSedTyj76AI3mHEm1I6EoEUI35e5EjvK0QKqrdARRn6iepuVYFK+hMNCmdasNGzebAgPRbi62+I7IHHqYBRLWloXY7zBYkLKosHBPcXHiia99EbTKAECBMiQlT6HBPKHWt0IcG1HaQH93tTMgU5KppYEljscYfZLTB8TIjpf86wjOmbHdpQ6IjudUTxLR32T7VJPjwr0Wj9WFb6VdQtgwBWSlSgM4fVApuVPmapTcRdtjeuRFGLZtkIQ6cFB/cxiRqCjpaw+mZkoHm6Es5Shr/CGXbgx+QR8c2VlX1PrB6ENF6YVChgVT+pweNcgyNwnRsHgg1vpyLVB9SYuda6Fu5BG/RgGkjkw1rkB0jw81RPtEw5UBXDB+G0Tq2CYYvVbWdoLq4qcaFVSusVpRgzEyIhaDRhMQ3c9jv0YD9Ajcv9DAnjVN2H/huqqmui/CaaEFHS5008vFnhs3ng6Hn+t0zCW2LyEOyZatO5945k0yJBBdYFb947TlPfZGSR4A+9BwnNd57ryfgJGRSMrCWd6yffc7H05WPkypwLyxTyce7Z2zMpr9y2Llw473qxZVVFZ//OVs5UMZmPLm3eLTGjIGcFxhFy7dsHDZBja3UVFPTcVvwXv3lb/14UyFIqz+7iliUom8daFUjFXMerwpQz67SNPHAi+vyFwpADkqej+6N5dYtHyH8tHfys2m0Od1vQcIXMtZzGlPz0ydRc51NqVq4sCA/rOAzb1TWeRKhK1LGbAD49NAVAIQkcC/do9oL23v6mZQgO1iSMkUUKIojCaZkEAA0fnAdgBhcRhFjFEHcOQwM8RmMd2BeJF5VLbKbKH660JlejD2u1t6/ZFKzYc3BSxGwllJxWwuJOSOYJGvr6cF1OWqAGiTuRQ1sEUXTJVuuLUs08YHq+Qqg8nXjZZRg+efgcLoFKj8j5ByIokBYrzSqwOk6GBAW5bTttyLcmEcBE2aUn+C0dVJhONLlJHoZnvKl/InorkGgkapekLHah8EIjgSiG7dGCVUxUYtqk526z1kvIVgfRkYGGUH2DSsxMR3nCb+BxN31nIBw6owIEqKdC1MlQHrq9GxaDB2ZgliPS2wOulqKwEar9pcDT1SvMCQMdBUk6Kx/ft0jHsEorKyqnmLNlZU1moke/aWr9+4u2P75kMGdI1u2Q49u7fbsbt0z94KZHBYN+UZDCviQKaoX4HxZZGwPEYMOxoCjXtxAr9nIBLgkaUEyVJILO9pZ54EHKvmmJFqMuxTYnbwuWQkxIuT4nSqTl4o42F+vDaNG3lYKJ4/ckpvOFcSUy8FOdwCM++9SwSIEUeDKEszhJXGTpgcMzgDvRiSkbirNBwyMzPqWYZ9tZwvHoExMF9pGmQbjcP8poAaFbwomvQtXhvN0r0shQzboBuXv4g5BUJ6vkanAxqsRyDeXwoU+51X1zWgkT0R/YG8y0KTYZMMLGDxht7n2EaWpoYAABAASURBVORRYp4sddVTPmkrh5wMnF5tkVyF4AO0PT90j0Dkc148FW5cUEoN/LGWk5zZauJYVffTsNLpiukqXs/jk1BOpsjSpWV7pArWV7dFyFKcee+9fEwBgegPHBECT+a9XBgMGNdewpl6DLsIuPZYvJtoNEDjMluDemIpfd84Yse7hKuTmYzwtzAF0nd8NHt0ET+8j15Ff5GofjAkMmCkQdac6bFgSsaqs1UmqQmy5MKcOhgTIv0wEJkkz54Er5XMIMiiDCWP6i9QNSZsrJiM3TFjnhTY4NnOajW0mkYXyKLXiwC4YsAuFXs9uMGMvTP1KMxXhlN2HBouuwQxLRxEWJID4AxtBLtK3173wD41VX1gxsbbC6IL1t2ZsDWOcF1KkGEKmUkNTJeD4n0Db/QF7CcwN0qoBIDimCUuB3Mk6Bkns0wltlXVVkkeI2ZqzpdmnxBmkYHVMqIynRJb6Wk1gyYvKzPQo1sb7bo+FP5twbrqavNOD9t2lCjfw4b00G779u6457dVyAPI5tEnaZ6pQUxU2rSmxLAtMdbCRkHI2FNp44GEWy5BEE+Y8kDERpHG7ogYLWjDtuiOUQHaSUsUgYjIAGBmZnHiFlmEcMQi9mMGG7v3OCnZbxusZEkbc5OJWRppfshRV2fjcM6QWUsbB2SNJYoBiFSQpSyYeUbGTBIJgDmAw21LYO42APF1InkluvEUwGXaAkbwJjGHrJaKJs/LB2C/i89H8cl8LiSlkvuTSCrbpwewVR+Q4xaCZbsAFxAauMmTpB+wdIRnKXgj3DvxDan8Gng34RjYcbz4kyR9bduAS50zXmcTNmI4zOZ+uFOgmKUawe6AOP5pggukTz1wsstRw6rFjbuu7heNsTHk0LMXQ5y6BiiftFtlcUPrbTjwNS+NyVBRpE+GrKsQnknGSR8S+mNWZ9OffmTduN6VMjV8TdGdBGdOiRIc6g71QfVM7Ug4kjgP0AkSibrW2d9CxjK66kM2i2mMy4fUcPP2Z0DSgJUVxRZszaLASAfkH903DxKBQCYOZIK0Y20tyid824CSnFmPGI1ah9QzFswmpZztGzsNwUCC6B51KH6qgpmYlIYMWlrc9dgZRBbTIosqRLTVdMhoHUN5mVhoxQqKvZSb+NkxxoSAnqgyPx2qD+HYFl9krPmOEWEmcvdQozBj4zPYQGFwXQCGQ5epAuHoKqVhNVr7+UZsZzKkL5iDSYopJKGVeTkcA2J5K1iDzf0HccXoTcBoEUwmgLkTzDYBzqAeV6RUoLC6+5vl+GCfYD/N7mSBLEGLhUTqMZRLzKTElBscdatRtxqOhI0CsEUCNuqEKUkY7vQQw8lgtJMZDXPgCdrE/sfm7GFzlKZOhEgjTqhFxRKlHh+sH7CIY9f6yXR6rtWAiIkyEj0AR6194SiZqpJOEIlyYGQ9xxObssk2hX5UMoOAdm4eu/SJPocijSKBWpENHReNDFuJTQLiVtQrAjZyULOQIClslqs/Gleu2hb1CKQktHX7vi6dW7VtWajcFjXLQWy/KExPhw8sRmlMyF4sg5MS8v/s/QnQJEl2Hgb6y8z/vuqu6q7qrr6q7+7puWcwM5gZHMJ9kgAJAhQEAktJK+PKKBLYtV2tlpRWWu5Sx9quKOPKyJVpJa5oJCGaTKBAwgDiGILAABjMgDPdc3TP9H3Wff9XpisyIjPCj/fcn3t45PH/8XX1nxHu7/Lnzz0iPV56AMfKUBUYRoryNzt1nAGGn6FF0iiMislie9189mJYhQukjKBej+xriCapmmKIS15BB7ZFqkQQDp1So8p/GSU7UhhvKazujWR+rRaoJXIkRwpFqdW19l2k0V/GjZJ5a2CpB9sSUwJRNWIH2xvjW1epnCL8yCAChVSmGGVxSKeV0YTJN9Hqr3DeaWNGzNAxU0ZN1piGtE3Zo5FflSZptfQWHBDI4IpkGmZNPFvSXMfCQQ3kAr7Wce59ZtdDB7vvChyGNoo6zWxfH4zhAGQEtkiBGnHQhlAkDsmc3aIpyASDzyfjYAapNBYtYVaXcNj9q6wfH2gExrzkfG8JEkiSj3/uX78Pao5reZDjQI5zRsLayB4eMc5rwuGSa61wEFbOogD0KXjJrAyh0ZGVnIQJ0VOUwCIzx5KdbDQ+RreWM96ZmaHX7UGnI2S+bcxgTKLnTY2PzFwogZTQVgHaBE2C6TXERYC2xKlClLYPhpCWMBQRsetmkcpTNiif7xgb3SkBLqsHn8ojQSNRVGrEw78wopfVo8oi60l7NWFJLKVaAvpDzsowOXqMKDX2UTtGCSHFg2ZjiEqsWVJ7firLLWjATKCSRdOharwEVdqoteMRL0dNLJsB4zSSshXqBjAghdFpuXRQGjjM/1H9oB6D+nQZ1K6oCCp3mXJGb4UcxmTpNGvqQCIfB1AnzmNThZvFQeblsojBQezmraCkD3ABlBy8OO1KkHn1oswGijuJEXLstJi9+S1pSUiE4JlCP2BiJrgY5VoSCy1B6jz5PJK7Ucnbkww5As3t00skTozxSetMmuqKP1WxpVrJJVQS1qRSIE05clSntFhNxFPbUhRIRKHU+HQRSvabZS5WIMkT7dPVL1qJ2jCE1tF9UlA2ogWStEetMa+mSoewkF/TtjZXyoKLV24SwTT8c+nyjVPHNrKDhV53dXXxzp3dqt7mIM5SgZcRCOHqoSmLdciBGL4m20dV/kHKzU/nnMYK8uL135L+kTkVsOocRyVdE4OEZZg12sgRJ6w5E9PnYq9Q3PJJe+LCIQWLTjqLsSmR5HXYL31EvHYoZdLPaXGFjqSG5grtoy5gfIeuKJDjGu2TskU66cAUy7Np9BHcSOWLGy6504G8dkCbA645qiBwGGASY/KjO2/kb9bd9UhZ2cHQxyxx6xIca0N+b6N9HaLm31pQvowqCwFNXAcbGN4hIid0aR8iTo9kFfkw/gIfME+Xf2IRPu1QxTxJAOEXl7RIp54WlHSNIQniG41yTnBE1gPrRp0AMNs5H56YMxj3wa2P66BNClTQ5gLOISRxfNgxV7EcsRIxh5DjfwcXcjYCL4UZhAwpD3QPSjspYQYRaNoMtyQBRq1jN1I6Hh8gcgPNCKppDPryrVpxYMevNwymsLwyqwNPXbM3oG1jBlZl9QFmQUWFbR2X598AogQ01VqajrLxmZZLpHEI3HhAZAhhJh0ONwoc7vI2dEc/39TEbJG1OZy2gxzQKlQ+0yoQpiXCyofCfAvGLm4KOZjKwOTN/t/b2xsMzLfmqQTIsVQfA+AocrrM6iIvDxQ5lfhqYIxz1mT5ikl9kw/QD0pRxFYgoyw9UCryVLnqbWhKVZWDN1rOgrHFVXqgxN1i7Mk3jJ1+vz8Y9IdbZ+lkwuwLK6ETiU99iJHdDXgMlLzuwKOjUZUIRGCY/Y2k8GImlccw6A4fz+dpqvb1ytgDEldJahEOMxxyDCoemdsc7FwLEAcz+AgEZSTCBRzD9EIjhVqQALqM48NYP9u8EZKoXmbdLVCbLGoKWNLL7pE0DT7l5RXl6zYl9ZQaKy/SpaVDeDFm1XtGY3xVosaslJy8bviUCzxPiDACrNghh9EtJqXKol0+zAMQ1uuSmSqEPoc7CQKaICbL4hBiR0uohDo2CEc8bKyPkgKlHNwe5fnhZty8ebc831xfGScFpnKUYMiZVj+mR+btfh+vMewtpw+twJQmcVEEOUY83LxQSMdOgS5e1xcns1rqxSaZv0pgHioPHDJI4PLyrz3DXKjsTsxFr1f5vk17JwEZRM1upY+MDiGpXH8d3e8rm84wlNpHPYyu6sPvxkDeQrAsklghQcstJXVxIwijGyYFdsY3YOgdGBUWIBgxN6YD7w0q69opqbtHrr8LU2C0Eb3fqrIzxy0Z4tSJEydOHjt14mh2fPLE8ezvxUuX37t0taB64asvmnLRiMBUub4eYQwRtxswQ8ugM2PIlBDbfk5wJESAmTK60sKEG6khXWA6v+8dGKCtPDANTBENh32qaxiue9cWXLRJgWO0GYFzjlRzQb04aKNoMpgpPx+ATj/AcdsOyTAozzcODqSzRYfsPlI21GI5vbBREy6QGuVMf20hU7iZx4I928QSEShVVloMkjeBZRVYZWDyIBqHRcXbPautWwBrAhAyEW0Gqe0ds4EooVmhax4mGVXPaSYUWeZTKa39UlkEz49HBHrgZ142c8HypK8iH6BYvFbVAK1eltE63m9TSln5vnyzpkZkC6po1FXt4fNB2R90MpHDhK5++ZhQeTBPxgkIs1zLdARdrclpJ1ppSTvgVCQUAbocsI40MwALp6bjqrZ8lwBkxpU6J4gqVAnBatDYE5GqojzOsweNGjG+sOgDxpZr5e0oD4uq4aKKyAlKfdqjKjmKUSlM3SCUvT1kFQayJBvVSq1wJGc0YgXoL8TNj2GUOGlAArG3MjrAh5s0ytEVQiL0UliNKnM2DaF4hFBxgw8SnkyUE+gqq1aQFy/MACeBV4JhE/gptWpgEgNd5lExFYB6+XDRcW4SWURhqEQ6hNNVYZtLgEBS8AAZkOUmpJUesBIQjRcnGnLK2cPWqU5HBq9eBfaF3VsF+kwozEsEZXDAk2O1aWRldQqYkX5OrGTkTA9F/gnllOqEdmlQjhMCdVd5kZKhnBxkN//FQb/azReX0B9UtZ1uR7hsEQ04x6GOqau8Hwg1zq8iurXonpO2bFkeS4xA4lyUNKN+eLM0fs+rc46UgjBN+uklXUmKJartsoD2uwilXQVWUaOB7Y+GCeidgsRmmtqIVDl8w722giNDlEtOPNPKbWIWa4AntGuyLL4GyXzbchHlUcmvt8afVx3THtzlOPPwjm74Azxl02OWlpMnjj31xCNFFqBVdbwsf+rxR57/2kvPv/ANEY4Qc6KlzwgCwqa2rDDObOx3ux1GxijGG0IcZ3Yn1zGQ3bDRUWdWCpu+IuJYmyMgW7LudLLlSUH8rgLhSggZd7MRNmkPA6yT32MH/CChMZQ6gapwA1n96kDWvuEK8/Cv5/5x+hOT8wuA76tZJ88yH0C0ghmA375O0cy8tWImUSwcgrM+TOAwhIeDtEv+4pRYd6yO7IVNZR1ktCM1jAmL543Zf8W378LVnSLC8l/yZ3P/8DQv6eTExSmMCoe83aJqxJ53WX5N68jRryEK3uHf/AU6nVGfQqdNCszRZgQeetSLgFmKnzaWZxUzfT9wMNEOhnjMcrim6lf97iyCO5ws7BG+QZTgXnf0glAvvf+uf1RvPBNI1DW1xZB+Do5rACsVY5RmALQ+O0MPlBqDHtkRbvwHTH4qoRCE3ebScC0pUFjaBN0iWz+mB7XGIHCmWVguGWbN7I2XShLFFAvq8+DiXP2Fu7pwUi5mgPncW/32CKMH17nrXeGnvvK1VFEutOSJhuW6XkWGxJJ5WPSYNJ/jZkXZ18B+R3bkYL/fL/YOKYTb/YmEDCAa8W/C4Jj0rC28VPuxFCitxeAsFGikTzC8/0qOAAAQAElEQVSc0HaFaIdwlgYByl9hHXsZrWNqhgxQUdMz4ezEi6uxY3dMAi4BhMMPgKqgjx03DEAZYNqAcLKrqGErMCleA8B5KhgXHUFbj15dA5qqyhAeAKsILU4xEwTkBXoxzn8PfNgELspKIuAEgqwquhx7ykuJKvKNpWWBkwwdwQWXxgqWDZJWgUnzF4N6QaersOTmqkrotz3j4+pt7EKz3HhLuyYTK/S2lU3EISMp0mig4z1AnsMzyfzQvIRJig2WHGVEc8bPCibgxBCMzGne6Y5ha87jk4yAAx5tzaO51Ck5TI+WSE2YSkmeTEaG9J/k32kG2Z/BIOSt4qwqJkmSbmQnLRXrKHL0my+rybicUyeOP/nkKB2QEwRPPv5I9u+Fr774/FdfFB5b7GIRC+lmlujhPCNRM6z7MIDeKB3E+K4sMWag6sE6J4BfoSRxyerkeSP5awacDpAuMQ4GRwGPrSwN6h/lq8hwq9YODNxpVkFqA298It+to8+xThnD8IKO6JQ/bFK/OhHSGxu1xOK0dBhjAFmR6QxTjWT+enpJbMdg/Sh3kkC+fQkyUFwWjnPlOgP3WkhAK6cyP3vsK9ooh4lkHTEzAGX1Inky1zgPssirq3TqFth86lqnvbYJ2iougGK9khQoxSgXUJQ5f9lw6nTK/L8iR7AoH12q8sy/zihTMO+ujlRSAKGUMyIe5QuOtk7OrnqiRZsReOhRLwLa+GnRosQB+aopqNvhg9M+F4ZtD/r+ETIL+n5+B+hhoCRUiJVRNfxSNkKxNuTYbg3TyXsAjDCYn/QRkGKNOvpERbd4ZWg/a7Hx6zTHnZBtbVXVH/T7yo/5Uny9S3FJleVHZbyMev23lOWXVqkK11tqiAUxTvIa/1/xjp8HGhxY/3FfjzgmBZymCO9iTzhJDRuGLqU5OE3la3DJsYeE7Q7rdU7TAjhPm1NUr0rvJomSSuVvGJpzwnwh97I5Ipp3Djq4AK9jivDReOhlOEsCMiAoUVdwbhVYx5SAQDngJVYK0T07ndaEgN0F5KxuSwC0qRSxfqg61OYFjkB9UFINBIvHyyKccZWudyK6cfKwglJGXk2wvKmRRILAz4vuGqjJHZflGff4D8ENMunUXgSs8bphjUB5gbChAkbHUJaBWgXqi44laoO6KaBF6sgLJAGu5yNmv6DEgNwYq58SE10xMWUKnw0iOH6C1HL9WQex00HdaYTXNLeP68uPYUnSKfENa8FDfDdNp1fmNxYOXBQ30KC5uOuaKxyIqHvqyQtPPn5BLbl46crw33uXs+P3Lg3/njpx/OTJ0U6BTz7xyPjgQvYPTQ2kE5paTBBUBpkc7A0AJGsR0lxow+tUnVw6/DxP8cj+G0jJ/MYlE2STybBqyWVEePKdAqXsDoYbtvb99PwKrhUJxiFHhOzk72nhhRnPKBlAi/BFgOTsiM6gM8w0z/egndrUFuuKoCzSTj4eB/lvCWYOMqIGAwxgOCQHwz9iJpE8y77YbC9vsToROdYAzSJvUmC+/gRSGDsFFs8Pi9dFyTylr3jnjuyLIl9Q5tcBWTxrHC475VmLRYrkaPOX0SumoHij1TBnNc8ulLIgyC9wckybiRWDQ5wU2OYCHnrUi4AZi59DEc4NNtJ6ulFPDFID1sWgAS2hRBS5jxl7EJZf0kbbaiXpKb4Qt/HxxhhPJYscsuw6CpzfSUCkKTLNV7g60LfHciPOuxBcodXi8ecQhh+Vm8DlfaXEMd1vgEmy63RmwMgVsyk+ShSTDBM7zoC0f50VlxQ4fMjp3t9/ApDlH8TLsqIKf3dwwVauEug+4r34RJY2gFGjmylNxvwbASbVMXjwlNbxi4OzBYiBmc0IbrHWSMPjFShzOGTgNyMZpBYSKJo1IFxpk/bICPFpb2A4xzR3qLaUAOtAECOLKSqo+eyZAdijNQgQUc20xM0Y5fbQ6QV4fcEQhBxrPQh6Yg3GBbQ0EJQf7LsT5ZBuHQiyvazJ3FYAPi5AtQNOzAGTFb37AQ6xXgx8LXQdsJlmGqAlr9lw5GYRZFDeDFFCzCqojoBe3wcqt85JBsKTF2iXYRJcBD7horwzRBPyQE2pE2qKYnheIFTslVOtY2mRU7YJq5CsHesATt/xqvjw2u9m4VexycInhLXVxYfPn9rcWMkeJqyuLhaF3W7n2z/2qE1cjpKFXrWy8eSFs4+cP727v3/56s1vvvxejV/pqAGD1jLGFFsTj7NenIA7b3XGAeP7/rmzvEUsmF09P0HRmJkHf1wc5mEf0XYjI/DipcsvvPBikQioIitRCod6nnxixFUcOLcMbBzQTvg2HMkyw/fWOha2ka8lJKEhl7ynd8DkKN5oKQe8FKTmMwLZFFxLOoWjBoM+edvZTDCTXxijxDgB+e6sg9Fb26c0Npts6DCVKn/UxM9enSRkzXqVdPyEBcn3nelJN8w4OcYstKqcThL2ow0YtbgYpFES3KUSWduC6rA8rvYTzVe18jSB/Htcnu4nh4l+2VQJRcFg+NvT4oXWMl/2gcGoXHTylMBCwmC8jiTlWOwhSwqU4zujNiOwxUFCG85pkOjhH+DVxbvjXXSOB0/OOuocWCxIRYQhWXm3280++lkrB9hjEs4XKCCUugzxPZNj96rXxZ1up9ftDToDAL9YDgVaOvwitD/g/nho6lCfnnA50P3azCcHgLIK9ZmRUFmksFhleagdlbWDMfrau0KAcYPAbC0SpICdBwn0jRKXqCyu+v3uIP99GqmDNVrH/py9L3soZO3nILN92wiB5TOCdDnkTHheVZDWlNlxPid4p2stEMc0VahUFj2onOGrtxUVeeOCHDcGLP2Lusvy5UUZUlVHweiKbN/S6v50iBRNQW2V5Q1wcOgn5EQVGKtKoTQqEP97MwIDNCMiDUK9iUDw6JX2HQ4R5Lj/gDYLTErSBssCoGjMkmZyAVnBjJo7IYB9u51Ott4a/e6ceQem395DdajXSppR2Y9PUix6YTlVed4mXPoOcDll8JIZeCDIvMBxr1S9Y1UJgYmljt1VhGClSmsHByDoND/pZGA2J86CskqwIzBubMDop/rSRxaQJIdWgSOXbmtz5ds+fKE3XJCRhnFbW2vjM8/jq5WVxexfdnDy+OY9J49+7vNfl0kWJVidEO1/4Qno+LhyqGtgGk2POleZxq4WHqVz4dhIHOS2TRjl8+EWOBq95B1kqBmBeTrgS+9duuTlKvL/sr+f+dRHi+0Dp58XeBC7d54aJI3PiemdREYgQ8YhmlsCmgpTHZi19LKYZ3bWaTSTbE4Q+w231leJdJAJKA4KkrW0l7/qe/hmsexADNMROoNO/gbwYaZhXibE+PVp5avXBmLQHX5IUWyZCYPhscw+hq8ylnli4rBwuA40GD4tGGUtFtscDnPbh4mX+W9Kx5m1xVYmsvol6yifvrqQWHf91jXGOjdXTDrdzmhlfyauT82Oq6yxGfI0nXSYjalARXfYzm7Wn91u8HIVvzVSsn+T0QA6o3eHS2Sx+gDiwM7j0en1cuJdjWtkGpGsA/n6wFPPE4Y+L/IRUgBqTTrEikMN6agAd6dL69B8NjiqVH/4IqtHU+n6YGynahFQFnJAj0vXg3AdXdHvD/wbP/ifVU/+CjS1a17Ig/vZuTAntSRUGPAogm1M694pSqubVsJXpCfCmNUy3gaI5vRKBfXEc8wnEE4ChCXunhuQM7VVup3x/iKdAy5KrBB4ZKI+mdsMQAxCL3qoJ/FjgXsDcBbgChEuP9BNH+42nX2ny7fVkiWL01Vg2+lxLeEKz+8d0HsIRreCV6/wyDEPaRWuQM0rXC0MGmmQuqqohhDyuQf4p1DJFQBWjpMzfQqMtDqOCpGPEU9eoLNUkYPmBRbhLemMLkoPWLmEOhd1LAhFRUe4j2lZjm5By0YdwjGJkOBm1cpi3MslH1WLEIFAZUoSJYy2KwFu4+nHz/X8a7+84ZNja2v1ofOnvvnKOxaZYHUTS6lFCmFfxYtHCj4qwoDQpvgjJN0qQrSWyVgxPX0tQuDqHRBzjURRN+deaJEWRkbgb/3O5w2CB8+fe+ShB44c3cyOr1298dK3Xnn51TdUgt/63Oefyt8gLKaYFzi5KTmppjZtx4mZutY2YYnrG0NDSJL9KCLQ3jVNFBNy90z36hyHnLQOWqRCb7gJbb7+NRhufgTDJL7hU2wY5AsCMn/LcWe46WC2jt0fZvp1oJM9Ts6Ph4mDww12BkMu6AzfdCzzV2oPEwE7w42O8p148g1S86Sq4duRZZFcVfzicPQdvso4lLWTAoEigGGqYzf72x/mkM1lLAVdH3sLvW6ns5d1TIfxpsta6qf5Rarb7S70ev1uF6BBM4ZbSe3vTett8VkbodsZ7Pf72RBrv7U2CFkjmJVFbWz5d5QCrc1KEpeBS1fku1ikSsSLV4zc5wbsYWm++2x27Ri9obImYp/egbM2WKLe0EF20Rtezvr73jem+ncKoiDFZHZfm+uppE6fxtbHYPJOZmrkPDtpEYEIv82Xq5nWHsL4ib1mNV7lQo2MQJwFz+mJk0WWocfgEeCXUBM+S9BWAVNmhBnu2oiBnG7sA0aGdxpmABpkjpwT+9w0IKqZQPCa5RpBd/hjvV4/WzyRA3vdAlPjKDJVg1OQ80s8KtS9Px/YxgAmw+ne8D0CMZM8ic9KIQiBdZybt6hxeJdV5euhCcDoiEmsaRitttbyDI9IVMCoyqQFNxcU353BSw9WXmBxrqbZmSKs9EEwJZt5gapqe0s5EEZOWCUPzLxAq0qXQDTMMlD4q4Z2wmg9FcxVgvF6w7idqDFj0VocOEzxVOrC8SgGZq5goAgnSAZsTqOYwJXr5+EdF4M4Ot4OcG93/+72bn7oWm5yqNvYWC4WV48dWfumqGFWFNh5gflA7Pdrz7ATmhLTAXj5phPD3DlQhCWfhgzQdEilcQ57p0UC+C+oBx6hjVczAl/42ovPv6Al862vrb7/uafOnD5Zlhw5uvmhDz577tw9X/zS87du3ynLiyzAMi/w4sUr9quHG4Scz15vZykaUN1SzsR83ogFk2/cdDIC69ysTgvt4Jx3tD3YAkev2KhPVhgUiSv53yKvT45S+gajFyvnaX+jw/zVxQVd8fLwPP9vUGysljMXBDnlKClwtDPPoFgazPfokcWS0nCJvEZSYA6gCEZvNwLIjTn4t0l5OiYU70YUSQDBFRMADHNOO8PXPw6afNumnOqddWeY2TkAbx7SAUbjMSaNTz/AJcYmGiU9i6jrsePJB8MIj2TJFKEut0qMuJjIhb2lZeNwXwtijJGjB4D6gv1ADDqQXwvdsw35bcZnSlycR3D5WQ7QbSPDP56Xis4uXE+3CTB6NqEr5tKrs4Fw19Eck03Thka6nSvTQ8d1BXiLWAZBCHEQILqSImNltnirgcU13TmmrvbRqiyvqeGSBSJPuQEDikkvBKua+PGUP9RZNUY1/hZXsCox3vE5OGq9Big+hak1xAAAEABJREFUAyYL/r5jbuamqgptX24P5DsFwihbSf81vG68dwNBz7HWBOCx0yGN0YNHmhq1FhlGy4xtF4kvxIFHZtbEzGUT2RcwUihUyWURiL+hAE9ahaMupkrLBauowJcXKMoBiogsy5FtBVmGFaFOb2hX9Iu0q0AI3n6BlQQr/VAV7jiWmHzC3opZ9TfQ382D4sdHD55kSL2Y6lNBeLVqmc9qcKcq8hHLPeTrKb+Rfv2tq89/483hEbn0JLUji+w7P/Xk6upSdrCw0PXY5RpcaYHLl/kricqriHTEgAiaf+o2B0D1q0c9LSWIzzlmU6Lpvp491A6H2EXgxieU2qERG9t11UKqh3qJB8eMgX/5auHICMxgZASWyAqzqs/97h+qhXpe4CPvfe5y6+YWLZyA8b/JY3Kjc2qXm8M6AfHaHXVzrl492/m9GUjtg0XbIgi9Qb9I6htuhSbzXAc56Itx5l/+X3/Q7xflcrRLksz/H2b/iX7B3x/uDjVKHpRDCcPPQZESKEaJhoNRjuEYME5IzC2R46TAkWWyeAtxndcHG/kc+Z552YJBP2+zmAImOv9n7ux3Bv39/X7/ICeTDbrDdwdnIbq3t0fRJPmiO4WsQN1uqfw9cJDKv4MD9dnTge6+2UC6+dUlidmFMcbENSDmGSpLnDkcgcHTPIJ1hRs36S9qTH0T9D9LIDBK0yWH1ZQzreWFeIQHupuDegyazoAUoLMrkpoT+8DVUxDAW5sBanHrZJ47rzquh8i6RlH36qze2aVyDrgJwEGJswKvTJUB2hlBBxwyLQcNswSp8noDlVCPxCDDMxUB3Ex2EeoiKg1Sov5U0xsETqAfuIhj9ggMmoPA9AcuEii9grIfkQPKP1O3ZbTZBgAWmc3AoTebwAxAP1Ld09NVwVfE0LsNixl0atd3DUlWgVJF7xoI4wV7qQpAksN0CXheoDVa3fsFjpqqZuWpBI79Au0CUPIC8SpcglEEdP8U1kr0ZpFI7xulAFqNMg0bOQLQIYWKhzzXQzooFG7MbYKTzEgD2VowxI/0xoSCYaPuz+EBy2ZyYKI+okkjKXy9RFcJhm22T1yawJEXGAwo55ck4jD5wtm0VMqHY8qZyRyhKMrJ0JQrY/VWs6uoa5q3beg1pWF3TMvhk0GKvEDrFvTQ4BA22rk2+dSTF8pjOyPwwfPnxhmB8o+/9MK3Xn4tO3rowfs/8NyTmdysKiMw3iP8/FdfLJICT548nh1M4SXChwTVhfqgAw76lD4dHIKMwBYutCNqPiCjKw8UZNqJpCdHe6AV62VSVgeieFIkx6tZcpQXJcdv/LWPhXEsFBahCVcLVUVSaWjFMiow+9nsdetcaotPRQoiSDG1eJms2lG3TXePu8Yxjl6pLkxaNEGAugIaw6G8WM3rjRP+7ClWTDPgCmcbkeT6NAs9XseG2Y9YYFTIyTakcV2UgqhJdc6/zSW4kEBAaW2xcbxNPJyvgUAbOGM0pjCUmFPNbBpEc04KYJ+G9QOfnSvLnVYLzLI4QHh9CAt2DKrTdILQdmHzAS4ZUVHDiej2gdST+qAx6lDJEOlwPp8lSZa37+IBqj6EDmwxQM1q+F6DmGhiX0NPD3G3gvMnNZvNcc484GC26cn37+qiQOdB6E3e0ZEZ8HjPGVRgMCDEzvGIRAHVTNNQD5nNwEFIlwShniB2W5MCgu4ygZ+wFK8dsGQ7oFOyqrzA4lQ6hOVZNsWhmgzoTNSD8dPL4R+paQAlPaj4lLF5gZUZWvqhaY5KNkwaGhujSNcSiXR+sJtNvKsXtJEtcZs1BjrXw8tLsFgudJCDjM4LZMOIFMo+TBWZ3RVgl9WVIuFIpDXmf44eWV1ZXur3Bzdubt/d3kbIhFhcXDiytbLQ6W7v7l65dpuKhqNb68vLi1Lmou5uozSdDhw7srG02NvZ279+7dbefh9t6tra8vr6ahZ5d25v37h5h2rG0aPrQ+MHgxvXb+fvaEZE5cav9bq97Z3tK1dv0cavrawu9/v96zdyUQD685ApQQ+GerGOBVbwVUKICTkFJqAIxPR7GMOs2tWiNpoZQnMaMFDdX1lQtwm0ax956IHi4I+/9MI3v/VqcVwcfOC5pwoCIykww2//zuc//e0fzQ6emuxLhJUbrhYtWjSF+ZgE61p5sO8NarduDtwzzz0ojU8n0cFH+sf0PXEgAe0N0OFCvZExM9HiN+SwfVef14GMP3uaLQQadzjmVO/3Z8ZjBDGnsAyXrspGNU9RNCSgaIJ1IvJqoXlj4jXA8KZwxP7ue1fefPsSn/fqtZvRd5RgfDpIfGV0Bdc4Sf6CliEhzCQWGbDHGlglDnJwV5MlwGFgg3EhqDtgWPzR76/UQhe5oakTM0Yl+JjqTy0g8MEIwlUYq0mwFHHfSRuinMejG8Ya2u4ZDBhkBgtVAJhhmlP5AxXIUrOG2A8OHII9k41aC4DxYpTFsWOPQEDKSWJVmE+UdxAKnMCxR6CgTCKrbJEoQUECDgLA5OF9LHDpwktsTqxep7kQPnDrKQM0KywU0q0kgEENRuuXu0CzK1UaFcoCpoZCq0SFQ5U/J3SynGv4+m/Vi5VsiQgpjumt4wqRUlAv3oUaeYG4NY50OzDzAsVI4yj10cgXLEa9e79AQSoybUaoYvMCQXhyQ4GXF2jlUYInkKlqYGwe6FNgDVzv+6vZ6lymUzzGoVbvEJZZDQ+fP9XtdYrzI1trV6/ffu/iNYPs2NG1E8e2inTWdbFy/Ojmt159d19/+w1AJxPV6XXz40zU+tVrt95976ph2cry0v1njxfjdF3I40fW33rnys1bdw0jz509sZa/LjnD1sbqsaPrr7z2nmF9pwMPnT/TyzTmnj+6uXrl+p333rtiGb9+8vhW4YmNjaXc+Hf29weGqIfPn+nmxmeWHN1au3Lt9rsXrwoKwO4hP32orCgG0cC6tTrlhLJFBPghA7Q+agYz7q4ag/VABcKpE8eLg4uXLtvbBGY4cnSzOCj2CCyRnRZJgSWBivcuXb548fLJk0Ph6I1OI5icphYtDi8Ox3Vwvlspa9YfBMxxG6V1cLghm7i6H8SkQPqxiGy/wxxEDHeEPACd2t67m5hZjwCrwqaaoSjl+ha45CMKKeu/wyEKHtfPPuJsTtZSaKYyMdQnhyzy6UYCOM6SSZ+NyAdmWbz0oH7X0O10ut1ufzAoHp598csvfu9P/FWCFhFTZ7eg1PS0IL+k+HkZ0EMeA00S0vZUfgoZLIGzHoRI8EQdcdkFmj9ZvxR0CSYVZxNr9CcQgoCgsYpYwelUWmlGZ/iIxtlygCgAoZuBSwFwlek8liD6/hYwMnATMiYPV3tNSnAVAW6CSzRghQ6o3kJD0Rk7lEBdjvMLBjjObfraewQKLeQsDrN3cYtQCcIKPOHUjp66CBizGLgqKeLyBPCqpjARJWGARr7V2kHEeIcsaElKIzbhJy7pfW8TVlJLrQlEy7VT3nlrEozD28q3q4ir7fzAW1XZV0kCLOlNrVZyaegNyYousL/L6wl6QGe/qWmKVkNMyvEfq9aioJLPMD22vSWL+cpmQxojxpioN0Cqi7OEEIFAG+NuIM+osQRA8wJ5Tb73zNEyI7DA0a3VGzfvbA+33Bsh+9aWZwRWQqEL5+498crr7+qijnVGSXUjHDmydv367e2dXaEE/Nl7jhkZ7PeePvb1W2+qjFtba2try2XOcIalpcUTJ7YuXbquaTx9vKdrPJYZf+Pm9vZeZXyvU2YEFvo6HXHu3pOvvKYbf8/xriEqM/7mLdUPJsDOmfbn3qZAM9P9qFeoHS9F0yun0LSCySGuKWDlebvJPGXheifOPDmEjtVggakADSngXrAa78x0OkAkwwGae4ZI6uOD5JgWLVAknEtmENR3ummg6elkHvaDqe2D6TWxvRpMBh1xYAAw+teiwgEcR2D8i2yiKmMaAOufC3L87zBgqv3iB3gqUpo/NSdojeBaMb0uq6152jEXpxl7fOKXBKyiHNFPHxpBiC4IvkeH8k8igOOMU6HTAH5uFnNECVfH+m+ikCADlCxsRIHrURaLnaoB6ED23KUDTf92gOij2qLcdCDCb3tDjQu6EgA/DtPJE0XEgW/UM5tA7xGGiwmYVK0aMI6BrkL5qwIwmQE/cQMIA1ws4w9VDdAtBWrO8GngVCMzucN3NpHVfKQXgCznewwMXuqq5esOa3BioQv8UcSqAZqcyAgcn0Pl1dKLlmg0cEEd3Q4DhBCOjEDrPHQvTYQJHHQhUJP4rMFiOgoUHRaxIcyqIscE6iLzEPA6r9PHEwRQDOA5twpJ/+opXPZEBBivh1gxHoTRlGBgEsD5bzYRZnNkwwAoCahwpYDua2zFMMjX4DDXJ4UcKuC6/pKRDzyycRHwiNVGVMd4ajiiRT0CvRgc5NS0ADijwPUoxUDQsgGxtYDOaHjzSBkwdjlQ5EGNKXH06OoHnjn/8Y9ceOrxs0uLrg0CILSKERSrK0u2bzbXV9TzzfUlI4wyLC4tGGyrK4u2ks2NVaUAOtl3wG7HJOqIpcVFXeOqsLC+tmyIX1lZUsWMeDfWVbKNtRV7PC1Vxo/qVpaXhIWt9fURCbdrwVsYFySWGfFimkCkNeA5jxCB1DOkTsOb/lAJE8dnBY7n6wZ9XaQXmlxiXYGTjrqZmTNCDTl54ni5a6CKa1dvFAcPPXi/Wl6elgQqnnriQrFNoMh3DYw16tCAMcWGM7VoMTM4DMHqXZI/IKC+2M4O0qVrT7yVUvtg0R5oNNPGPMnooCQFtrmALeYIbbTOK3yLnSl7djaiZKJWRN1uQC0J4HqgEm7KFDuNpRpxVq3F4gTgSZmAY8MdmFTyDIhN1rh0loV0CviHs7FhCdACySdw4QgUwXt3obcYpwS0lCz0zQ/M55PMORqcp+ng+0oF+LMKJkAgqQYOYp4Mq9pZ6wWwuopZw6kWvqgGmqheIDhcXB2DdVQ3/JR2hezbhxSA49kZKHzMkFCNAUZ365pckvNzql2A0ZuCgdTEf2swALanlyPgDTJFDkYtTFtA8RAYdKbM0TEoB6YkQVjJK2OKAu2s4qFmYLUKzOssoB5QJIwY6FmxiEQwOssIDACtZ4Xl2JEORZJtDFh6kQahxKDSg9v7TqgSjH8Tw8Q0gmC0lGVH2bN6Kh84tapKQeCpeuPOAHqasowGU7sdWqPfKOASyhjAhAstqdCypFJlmYRXQWVSJdQ01SQuazAH4zMj0EWI11WLhac/x64EmqK0C0+JJ6Sylo6Nnqx41RM+gCwGFxnQVcolzyFQY733nqOf+PBjZ+89duLo+kPnT33m255YWV5QBRqvvA9qIQdodHc6+jl0MEZ1I8wiKrAu72qFvW4XkZSV98yAt9EZmVE5tIMl7hrGA2I8gPXdo4OOry7l7+T9IBIpAn0yjFQZwVnTI5GOBpGqL0Kk1NaIjrp5hn/0srkbZaqFOhqBWXxwQsINzsB979LlF742emvwp5sNhBwAABAASURBVL/9ozbBS996pTj4wHNPPvzQ+eKbSXaQnRoEKp584kJx8MJXXxT0nU4LPsB5eqBx8JMeDks62dzgYKdbtVvR+QGxd+kJIaMrY3GoZqEDkRR48C+OcZj7OQ6wf4mETRZTVT4XkKO3w8yyd9CFcAGNrLQ06gdw14F5VEtgs0is2SPO9TaqefsGwzaWu6rUIBhPX+pOsSye5GuIwQLrzTZDniKGyRdnRUhEy5KER8hM5Ftii/JXs2MamGVUBQTSYzWM9vFV4AYRzQQ3GbA0KjXOluQTdKfTzR7cubOxIMH3CfAGbOQk5ZM5/gC1PSH8SJ/4phsk1cLdOrqn8B2MyH2JgIwRwBkcip0SSXrtHDC1mlOVyYh9C6aXo8fcoY4wAotMlC1kkZGmYNRoo8ApGVCXWk6jw4ZUoypxZAQSLDgdYQYgkhxjjFdmiHJ5AJwDhSgRWOSCR8I45Yp2tRBUlarUnA+wrmcOC50JrQPFRVB1F/jF4ppMYQ0BfP/49M0CHIbwBDjGMa0GGXe2eldgjKuwPG/r1BsxrjFPjxDQxWN0gFhiHJPJ0LwuCM4LxKV4zu1K8JCR9eBmcZf4g83uI3PCoomF3qcOMlcVq9tyZHfBzz5xn2rX4tLCE4+eLeVAjBKm/hHZ3n7fZile+FtiZwd5he6gPzBKclEmdvTX7+7t7QsMd4cqKjN2CjLdrt29PUtjKa0i3d7eUWm2d3aEhUFfGsJ140e+37m747pNFnQYCppJnx2wY5+EMH2odmxk0dHmkRxmEikmkqRedT3ra4A1D9a0baJN06fMUNVR9PXaF8PdQKhHzQKzDPatI4Pm+RdevDjezO+pJy8YtS+/+sY7714shH3guaf+9I99X/YvOyhkZ1UZgcHy1BOVkOe/+qLLklqdcSB6sjYOvhcOST/PTzPbgdeiTSxsCuM3ZU4+I/CwYOy8eU4KtH4y3MKAnOcxEtSvM9RQwP618GLWX4/sXEpJ3MuNRgxvMSzAhFTWhsip4XN6aDLEoVEKop4T4niVpeEQV6SJ1snMaeBYy+YwM9DUD0vQZzw2GVOatyykS2XeaIkKDFhWA8eSVpLw4AkhLYmPnDFPnacgcfSBUyDNYxXKsEivvApqgY+H0QAQQgSFGTsMvOh2u72FBeh0HBwsbeA6Bw8nOGv9C/iAVtVojdLHzKELaljYctyszhsp9NhLALZhegVJYEryYORqJJ0CWIE9GlbgbalbljvEwCbDtzlC+hAQstH/GJlHAi4Nq6oPNCD1MhD6ODJ6TGEFarcpLHhACCweTJmVGahs483IYJgpBGa8XqjXEf0FQPKgQ6cwGE/sE/puZ5ZMgRpjCacDoxgsuuMRRdbugGA1H3Qn2HoVhWZuIdCbzPkw4hXaPwd57X9eCjMsHJTAVhoHUhBXqrZ3IGmRVVh1Mk6pRIfBqzsRysCz5SjHGoXdLs9+gVD1K6bCqtIiQZi9bTjDinOBguoPPD1X68eyCBRrAVSpgGrBFdL7BWrdRBpMnoGHVgg1wnC1DoC3QBC9EkIDLFsyoo2N5YUFc+e840fWUGKGPH5phXcvXjdK+vuDa9fvqpx37u7u7uwZQt+7dMMSdVWngcFQ1G2D7OrVW0bJrZvbg4EsJWe4eOm6LErGVmSr6O+8d9Vg1EuGpPtDjXdU4+/e3d3ZNrMJ37t0zXDMO++awod+uGEa3yRYUVMSsqmdUugqxpACz3kgO13lswV8irwE6kd9104JgO+kSlGL9AaIFk4YgVZDxFS4m1MD9MX5hRdeKg6efPyCnRf4xS89P84L1JAVZlVG4VNPXDC2CTSVpUQ7GoZg3gtNzltQ5wLKuJ8lWRtvIbQx16LF7GLWsyuYmFpG4GzNbs125dwmBda6zrX5pLMI0P8lFdbescwsZryDyHVgKFew2OAlZjTqCs96c7juJNZCOjm1KdLrbII/jGscriFXTSlILSmdWEsWPb8HiW3sfiCBo0A9SrCyVyAyI9A758UN5JgOBNYaS3xVnRtMvT1hT1z4a1k0cf0pySme4PHWxwQwkCdahUfuKExguFdgJ3BDLoH1p1OC++kIGGO6PFKe/tMqfAEvcP3gIcEHIHAUgXnmNJzMO3R2HV7OCDmaXo1wECwnlU1ANCH9YvUjIHLBlmJWuIY4gOp3osuASBMEQqjF7nCdIZSw29UEq0yztmwn1t9Wu9DXPKqilTOwC/U6m10o3nYCtA/tGGwBAI7pBBChREYglANM0DEGLOvNLiBaTZsx7kmMEXRz8Cowg0EloFonnEaqZ2Cbi+f9+ZyFQZUXxlYXkIgmXC3ocRMvKFoqeEkhqFANfW9cgbO2LNIHr1LjmAHEaF4HKtQVK7VyV5WaQqtmdIAyxECYhfaxZoRAjrWigsEzJ3gKicnId+4KDWBWaE6z/OwDJ0QYQrSZy6gTWChhavb2kK31dvX99iw3211G21KVAtUXd+7uvPbG5d2d/YGUg4G8eWv7m6+9a8t45Y1L16/fGfQHciD3dvffevvq9Zt3DJmZqNffuLS7uz8U1B/cunX3m6++azvi4uXrFy9d39/vZ6L29weXr9x6893LRlMGg8E3X3nnzp3tQV9kZNvbuy+/9s7+nrGZn7h7d+fV1y/u7Oxl9P39wc3b29967W3b+FffuHjtxp1+P2uhzMx7863LufHCMH4oancva2G/P7iZGf/KO2NNICgXcsEZaMHyuDNyMvhdkMxDYZIgVSvTOSvNRdg1+daH++I5KgzTlTDaDiZA+yhPQvxWz8eNjeA4YP7QoL5E2MoLhFu373zud//wj77wr65dHSWpZwfZaVaYValyPvOpj6oZgc/rSYFici0fXY+V06kPGkg1X01fRuP6atxBwtQ7+lCg9bIBsA6mggOSE3coIR0vN5scYGbGdmo3WPJ6Yr5Q99om23m7RTK0oZQSME8X7qa6vtGQgiQk0dRpwF3BZ9fVwXS+zwasywr8sQ0PeOpYQvCf0wQu1HIJg271Ap/8NBRzkZ7xujrF8EnVZODXA12tPbICSgAqv0ZDghRZhOCos87p7BWk0C9Zmyj8hgcMB/AwIU8NuV0AvGBRiMjNXgWjTSA8bXAPT6CrnFKUUoeJCTdVNMgixgOygum4dNcYcJRIRqXZm+AxCBijiPAbM05Nm2rPyuSedy5pdJRXrnNrN2doj7RSIzomAFysuONsYqsvUAZ8TlVJqeARwjJHmCzI7KDtSsSJTKRQlF5Gne3KmXZNJ1YvYkJpM4xauwxMfZVssqoqADzb1aSzplxMFm6FCALUHqvJ2HxSgf1VO9QA6eHwqwWUAYxzB2/1R9o/w9PllHEolcKKcvy7qDGZdLx6YxSL+R7cUpNQEoixTVhzskCVhDHVJAESJGZk/ml2atU4rUo5BuJOSFItlOMtxkuiXDEUTR43sJQCZXPKQkd4APZDNMKasXizwVKzQdXtkuasoSgxDsC+M1dtx+Yi79tcwGUCCF0A0dEW7tzdu3rt9lF9a8A33r5CNIEFvgtL8rvbOy+/Xmy2RP9gVsp3L15796IjUocWZqJeyXMK851ls0gdaCRjlqvXbmX/3Hb2+/3X37xUqqcM2x5rdEjLZox33736rrhKUI3sG/rh1XcFTgGSO0rV4PcSk9QMMEOXaQhexQ0nfT4TQS0C9JASz7CgHpIJ8kqiPQWKAIIqkZnpWmuKLO5vUgtHlAl+E1K0VtNYY/g2hfpthEm3yHdxe/6FYQLfk49fKP6ePHHst37n8wqzfPnVN+w3BZc4deL4k088cvLk8eIUzQisZLnO6wIakdo8eGE+f+2aM5tZxnqIRt+QghoN/iGaEFOYU8MeQc0jDnjzWhwWHJZAnrekwBYHCKkHWXv1mSPMfmcBeTIRjZMRXkMlxTqVbzoQWRdKlZK3WS5wnHG5G+1KvkkQwRMkNjVxSoGTn4ZcBkxAPPBO0IIEiPiSHmEGOjohhKd+/KK+BR4ziwzYpgQS8Ek5ooycGQgRZrNCqDGg/6FICGafOnc9EBLi3OqYp/FRpVoICC/+ylqsUNehRzYmGVOGHnrE85JXHY5Ry4G8aJs+IUaa5g1yyzzSgZZQym7NEU4HoBQAwipGQxwEFQM2O2Wt3W2ASUBDsbIWXAZQEWuw4G4H+zaL8BcJbQJDG+WeifGGuMYDkRGIdAsimawCU7jFyypXCCCIPprYUnVoAaxsBAoyXKBbGeT5cOzHWYDmBVbnMMoLBFdMyrJOItaPMvsMFVqaGWIMqHmBY+FSmFygpaCV6QNkXqCaVaawACCFqCSlwkrDMJrDAfBSmmDsWjAzk/y6DBaj1YJha+U01BO4tXQ9Xs0YRxIXOMou9Xrij7/8yoff9+Dm5mpx+tobl771yiXBghEVmu6iygrwOlLj4FIMAk2MDbLV0URWFApHEKHKqMEhAp0G/HkWXIljMkB6HJmTiOjDaIBgaIqSC+4ENSOWwJfOlqS1DjnApKuhokFEXHVMfr6SGkg8200O7rbDXLbJCTUv8OSJ4z/x499fbB9YlFPI0wEvnDx5rCxxZAQad29KmUgIVmgn0zOtgT89AXOhsmEcwPHf4uDjYMfsnLeOZf5hmHXkZK7h85AUCJO6mWnRGBrowslGRRuDaTDPfpxj2yG6MiFPPCC4OviZXigAOYrjD+ZisILjLJRbNNHbwKyBpi4dlVjG7STbBi4hk861xQ8bEFRM17vnkETdBLwTtEA4bQTewIlqR63ZxtfH4DmvBcSUCH3AYMObCXHChNlTQJnFinNvE7nXzxp94+x/7xjGR4d7OMTMrsA4RrjASQY1O8BFB2QNbQ1WiDYBOF0PwmcPMENeMKPVZQxj1FihQ7TATSbUfnWQgfG/Robq0imd06cjI1DYupA6MjeO7EdEslkFGDXeOlyRrhRz8liQI14Ix1kc4K6u7CAZbQORRgHvAgHqy04xArWLAScQhFUOYpsbAhlcJhwouBvFTHUySo0TGSKx6Co930vZ0FDJLCk+pFpukqmjLc/Ps+RUc06xrR9KIJUyEFjyn6vKkKdVgZ2dJwoXaLsMgielptxM0jJjLMmwTYyzWQDPGaz8D5YNYPWCye/OC3TT2gXkJmeI7UDmRUldFPCS0MyzvA2+vEDPPAF2NoEtwDTuzt293/n8N44dWVteXrxx487NW9uoYF0Ad8LCOkHUe3JTSQDPJnUw1g/hCWoQZ6Q/6PBxwdXmYeZbDcKOP2EHnFuzX0eo28cFwu9HjlwRymXGC4Tl53irA/MCzcuVkz4e7B31uD1aXJxDPNcEtLmKpdwkZRitXnP5WphXF58YEetUt2vAInRKiTRATD4iIqC1Uc0LVA8KXHzv8nuXhq+hP3ViuCPgyZPHT544pqYDCk9GYKUxcN45NOCFDWgf6eWnYdNnSagxlGMY2nBqGK2bZxBtp8wppPLXR3WwIaMubDFodwps0TgaiOUJDY+paDu4mBc/AnKUBK5V4+YArKJ6AkeZx+sDAAAQAElEQVQIvnLVb3j91oWQg+c8Tkp9QEQNR2zMS2L8UhPTBTFFfplOSMkli1/jCMZszMzgLaghi8UUygXhVcCi8tDzhAcXRoFsUKyKNKaBt1r6Iw4cYgN5zVP+jE26FNRP5uABmoFidjTZD+C+ZpTW7y7U5FH0SHOAtQVdfh6aOwm2LHAPWUeXK4WAkBOJaNbFAyxavF9MPsMbaL+BYTDdudR7i8FbiHeQlciHe8b5IlxVAtg1TstcYUNIAGEECCjPUU39vrgjKYCsAuoEsBsOR6SpjcCrSkuIWkceoXnKfZ084IFrSSW7liH4IKCY09Bd3xpWzMjiIxD00B6TC0qiGy0LUK1gseWZca6kMGNbP3Ak/ympiOXUMU6Y09LpFB+MM+2krR2wZ//mvolQia2KLSPBzgsc+VJiuX9jm6Uv/QH0jBSlmjvSSvOAzvobeQDrm7zCPoPQvECF2R+W4BaJiJZIsdCMBjq9w8qY1JE56fLV20LewpgpmYJFrBrLILHKfA4Ce5s9TzfZCoRdI7DeVweNwyShv7yaZ4pgJagGTdUoIWATmcdcryLm1pqhYuluqWmwS4uXmDlk4wkScBjcIn3nMIQHmM2YI+JQzlUNtT8hYMJGNq4Ppu11vgHV5RjsG0NdzvMvvJj9e+rJC3pqYE7w+CMOHRcvXnnhqy8WWYNMmxp0H1CNnSNMPcAS44C1Z47mXgIHLcBMHPT2TQXFzXzr24TgPXpu3R0LdY1EwcwnBR6wtdgJYnKZpRYa0AtRVUn1tIjEfPl0dHHXCxrXOBnhKdrlYpNCQPJrNPjrangwhLV8whPBa0mZCF+K0EocnuAorq0KatbHMwQ8yuJQAIPcKwrwMsDJIEgOk9UFRxtBhAqtMbXVyb4M5PF3K7DPPKwC8+J4CR54AlyK+Mbwx5AQzvyScVHgGKKJDDJivAgnAdMmoKmdG1+RftRCiRkn4Blz0o4Zt3dMsTo9RN62o+PRQw8OxyGigZRjEYP7mqUflaajPrRHqKoS7Rtm/InSWkUiGmVgVwlGC5XhYveL1UDH26L1Y9PlZRVWgXsKpdSY0DEEFgXgVtjybAnoMXgtAUsZYMSkIqAJgLAAPSGGKqXXKHWOTKtzXdMIcUpnBBoRDo5awh7hDh6LyUeMsc8OAPSgm8qCKuWQIGOMgczNThlPYdp6s7Zxn0ap5VyBmbgGZimWe6Yl/znyAssPlcBkMlSAaiBShUFN5dFbFJAXiB6PPaaL00waH5QbEeJZlcD8LRooeYF2K7FcMISfWepWrXzQqWFavKBxZcgX6uQDgtzay2FxggV0QI4EHQ8lHSePDQseJN4wztp5gR6L2BwmFY9Y4aKSNLCRKIjZQKvitcE5c3HsLjSS4U4pFV5lTHP0mBHm/CfMsjgtFbEvIn3yAhTGhVIUxq6T+NyiG8QTOL50sYjr+dTDC8G/aobxv7AxPATzqhHN7ZeUkheU48RB2HhYhyvQbqVI2KmBDoSmA6q2FGjK7Y5byvTKkhM3BogZiLG6NFVR7Z/P3IgJ+rgG6gbkrLdyNgZci+Yx990soytbRGG2kwLD7+hbtIjHXN5ktUgIEPbKZ/MaJyM8Rbv8bOz5mmcBOIpTLneH0052slACk604zsJErnUIZxcH2gHseqZYvqeTCdS832SIJdARGo8uIcZhCFtAlYM8oa/5cehmAeyshp3GQ0a3OrwQjxqIHFDWFYkhpk4/gXIwesITIM7ogJipCegqlAt8kkLnU0F3ocMbGIun+Z7exPNs1MkPMGpAjQJW6PoMY13fVauxlCywOV0Djj8TYJSIN7DWgUJL+0TrZKCJ0H4RqgCBpQ3aY12YXedogjAN1MTi1oLLLLAoUZPpxuqRgJSj+xSCymNrVBtDBY0t1CwXzm62T8A3voTpOCpUgDYRmzxxezQfYWKVSjxkbPqALUlBCD5xHEkonCZFSVNPoyRLVlEgwKPJYakc+UjaXIQu0J6LSmEkamk6YSxR4qE12o+Nellwkd4BJYHUhBfqi1NztbNMfFKrdCNH42D06l6J5AWCbo8hBbRUvKqZaP6QZjyMcymlwN2Wt1Z/ZzFIJZqhkiPH5ORjUsSCqpyaIaz9AgWWkVe1oiwA1ls1dUnjM6ASPyRdFrTSrYfu+EPvBXtuBTJRh0o1ZClnp3fhYRgKXb3fa1UgCumuFlXGBHASL73dDPzWMkntySUhgHRTRM+BPQH6yPwSRbgdYToYfHQcSUd1AIFVQjQ8zXAy9A4GA7ScLGLKTUYag+qyxqQXTDRsN0t/nehGQ44/FdVru2sgiIk4FpACyZpnytTA4nT4suATw5cFX7x0pfhbvlA43CTrGtNQlGmp6I3pmNYAAYjXPiWrgy9w7HlKYajTsGD2+iMZ/PUNdNWEAwDCe7JFCxamen/SIhmkmOAkMZNJgRD9BbDFdNBYwDY5EtpLcYOIcO7UBjug3w+b1tk4QPtATiIFpgDjbr82RTIJU5wowDxq2GiTK+mYNIX7nkcGNQH4akVNgSZVAoFgHCaPfwgo9RAkmFDA+BTRgV3PGAgdVZqyqLYDXpRyKIgYT1CGCaKY1XWu3om55oLfSGr4eFkBqYZADrTOMaCdTfbqCgslhxmCYwYgZUL1q6Lb7WudxW8fuIxjhC0gmp1Sqj3xqD5A9y4D2/toIhqYNZgG1fFAOd/mRuMkrNfJUKObVilibNgIAnGBPZ0ApsvuEMwzlcdssfoRWGQC7R/ag+RLqBVbbBnIpAWAV+ODBSdGE1WRAtVxzkDUPQx0FdIksFhIUINJEPEz2qgtWjiplC5mgU3IB2FSMuFxd/iok2bgB7ylXfwcm/FPJarcJckWoY5NI6MG0CQwsFP3NAI8L3BojCMvsBRtJuGphIDkKY5PpVEFwtjuLp9QJbUxm77VGVgPtkHJGwRB3YlVdtqFptns56aOoETsJFwnCJ2APlIfOQ/ZLxDcVtDtAk6jOW5xqpDxtE56rYnMbEtXY8CfFzjuA7ZMtxKBDXAnq935hNxRmcB3K6UUgKg32arzltD26hQB+bBCHfpWi53OIv1TVjnCyTF/4mJDZgxVQlCg47NBDAFtWp0+9wjOQyqfXl1fFyCki+lUe0ouNc2KxlLQDKJ6cuv1UAw3iHp5gdyKoPsqblMaC+h4mJdjl4nPv/Di+LDBZugzdGrRchY7gQSoR5wpZXTzLCLS2abnlNgLJ0920OXdZk/lF14HphEUgURSU1y6WswNIm4gWqAo1wtapIcvw3CWkgK1V5s0heHdVRtt84F0wdDO1vOBqd6JHyiA4yyBwIZEQY2yVDaEkDSiV5hPRsJNiTO90Z8shTYpyBR+jCRqISBHTAaaJJ0olczydi0XJLwm1xQVzV4uzkN5HiclnAWwQq8slipg6sN5CcMEUQweMnCeYhW4G4AlJRLgvN8Iemekp71sScS0AnyZDleDjwYIehEfgggRMKKBBd5thOpSwAnQKASXYrDloC8CpgSA2wx/MUGMNNy52yTwJIDTLKenBD20MQmULroRpi7A6tA8VDwSXV3Dchf9Smgs/MqLkS1HICyOnEvgvpgXjP8RXapUVBDJa48ha24kIwcsfQiBcE3Mdg1NUKkUTkBQcaCUYDlpAM08SfG1JWapFyhBTiplI0CfUjWkiwSXMnRU1iL2nDcM+UPIkVItxUENy3EWnf7+4tJSbF8jGKeZqVUg6LxAre2l8qA8G4y2aN1Qg/1mYPRtwYVLZdUEYfaU4iLTKYA9sgaq8ZoPnZapvhZkXqCtHTzPag3TgZvWpp6RFaNTrBGqznFbVUcuLS1sba1a9GqB1AtMsk63a9KxJhBQs6sqCUSfWseC7FNDDRQvA7fGmscirTWVeQixcs5qeEisxErySQE6v8om4Ac6U1GziEhtIKxM0xfBhLE+wwPVz5HI7DGVoGYsixRE6HuE04aTNrdWV3jRGPz+dlHENL64hZWx8RTIl24MjKkEShgSt3UMcPLB+HzSE5yF0a1XcjsCrmkzg6iJIriNjTvF5XqY8hzVqLY5Cbd0Zs5og+ds2M8HWqemgTQ+nUQHFoyvtA1gZpICq5z+FrOLhsNz0tHfIh3mrO/A+JwE1DW4RuF8shYlUCQARNRzy8IAdUhqXKZ4lmMvlkuvhdYKneF/AzkQg1SXZKg+WNYFNYEfI4nGHSBHTIawunjUnwC8Xo0MsxrbQ8ZVoUaIaED5x1GPloOfiKL38SEThsrf6XTzJ2dSSuvRLy4TL2RsAybCLq3skYFZCgiLx8nsAQvEiaOsrBJGlDgMAbtIIB1IcJtKiFmPrmLI51YD9sFhxKrQRqn+cW8yh4n3DR3u+KTHJVgSTQqNHXxCiQwwxNGgy1OOAA8wYU8ZqC7h6BfbDAzgVa/eG+ADzfKuHRLV3o6IDnwzS1uI5Uj7jKQDrAa1GREF+FcDdAIkCBgZgbpplKJaGYHgsNCiJWuoAkcpTlRDApOKB87omCS0Tpjgspu7uakf8ZVBIGM30wGhvzBYGaVFEhtCPzoCIZ1PLmFMwXsmWFoCSlYeYHZJ9YkpCCS3cHwijEphpMoBaZzQNhez80OASEiSxCWAAvDyAn29CwFPkZV9DYGRF6j4E7SH9rqXSJuUM9RKrS84DSjW0fv9we7e/uLCcHn/7D3Hzt5z1CCT2pFDqlZ1985O1U7EXod/ynOQdJ+arILTYzmtsY2mi9QhthTjHAJanNOyxDhHWLLbkBNbEw45DkFYU5vPacol3MVF9IdPrvnyTXW28U8l3CpTIma9IAPKqoHRX+DMKFXQC+FL/XJ3O3M2SiGFASXgUwOquJAc0kb0e4tmBkSUNqZN2c6xLPNeTotPObteLBDbz4DMEZw7jBRwiQL9dyoJFUJTvcn3TMj13iMHVwqBBrFJoy133dVxR+FcwtXwGUI6C2e0N2e/C+YMcz0qZw4yurIFBekP0tlICoR2cmqRFO3k3MKLKQTJBGY5MD6TCWwI4DjzUdfXF1JZVcd0o79lEMFVl368/Kqg2+32ut29/f3BoC8SAAg9Hvog4eiZYNexKIFHxpSmkaQTVYirO0rCxiRPJCQRM90rO5R/HPVIGfiILB7ACiliYVumrPEC9HpdgM7+/n6VFBg0UvIm8MYuO0SFsQ6NqBR8eZaYGmHCyFsFukoYfeGY1MEjglDBbCXPAxBNr/MCQaMVu93mVhGmK7gaMPGWIv+mdUDyWtJRfqLAUU/GC5URCKgEVIfv3bjjAvDMTj4JgtDFnXRwgcg5vjssNaKA7k2+w7WZDkwO3sNYMOUIpH8QHuPM6f+iwp7A9CqLH/RKIq5AuEMOgHKRsEbdONxse6zOpTrW5YGUNXyKxuCOEGOJcIJfT5EaGWKIIceZoDGOPiUVisz5MOwAVYEZ5gDjXcqEkv4y5hxHo7UpoDTsGhOAJsd0B6gZNuNN+4wqlRHLHISAZ1NOevQhcpHoaKQBmfsFKgLAm4MzqgI8h0wTpx1Q8bqYtgAAEABJREFUGU3Ayucy9IE7L5DkE6LYxE4SRLYWwL0Oyl9UjaUgwxtvXX3o/EmKRQnTgFH/5ttXNXHAiSrwZgr6YPcVIsHcEdLsNcFTGpoX6JTF1soDIm98pW5oDylGGVFvDwV6tNHJf77RVkAG8noYVSIZ1Ic6Md5d1MRCFYEjwYUO0MYR4JfQ/QIFX3Q4xnZHBw8p0VfWLOI15ldiEFFIFHsNdnqshYB3qWDeM9SCS9T4ljGpq2BG8gJDRIrAe5cw6eRlrBEAmRdYQJI1NZRNdo4iL2PSyzctjL8MJnJRwM3TJDH5S9X0AIeloQceB74byyWCKWAGkgKnOO238KHhzkkhHhglLRJj/lwM6OHBATTTqiRSU5lWXw5EV1bVYTckLJuhBm8N+nKNwSiDmtEEvkMWa0ri2pEDnnMmWxBzFCAxQT1bwfjk0NYUY7IxxDYrDUTYAOcXauXOkTZ8XhvRk4F+Z45wnyPjQEpVGoHTaAWBGYHueQGQSqCryFgBj3WOJiUIf7JNWOOJ23EznU6VgpWTCW3ePQJ1YmE7HAxruf2J7uCLRjMxgr0ZgaCQOqs1oWZZcY63ClzBZRyhEpQKjRqbckwyVAJChW77Z9sEtB73K6H1SKD6D+8CxADh8CkItGuYk7EeD5Zqx1yAhkqp3i6stKCiwTe+iFGPaMQY3BmBaCvsEqAIUgAiavgUjQHIwmLI+nMSJgkwEyoKNPLcL/iFe0DmdwCaGqXUA50XOCYQVWoh2PmFFmOlUiBbEo6P9UaOedTdZkCRrz4UBi2lD8lZtMVXhQUJElpiNPdpEgSadAXKc28YeUUIWy4gZTZA8avdTYJ6XinKxoPnMb0rGSpsv0BKDMpEhlx2+LWX3lpZWbzn1Jbwi/RXDQbyqy++eenKLREDQBL0XI7XfcIhy0uA/wRXGTl4Ja6W2UOGWXaQAzO3xB/eYwqNsnKxp4GEYnyoOI2Q6KFQreIJMCvIPiWHQQTiJERdpMghH4GYDkovvr77bYECS44UqRXNNAIbnKgXIExlCVlTFs4BTfc4CI4x0xoINJoYc3P3HuEhgCp139OUmJX2Ol3vvF2YG8xhdLU4aMCC8KBG5Vy2C18QaJEEknXFmF5SYLkQLNsQmCE0fJeRWry+qtmiScy/fw9shBgPxlKLTQ4o/wTy1NfKLo4gCuUCz5pESl0EbaNDIrSbg4zhx3yUWOzMXcohA/MkXhQm0CsNbCYXYXidRhGQWgrRlSzZsRI40YBwscYXYAXAolT1AJMYrfd1sytEwbbFQ5M/5MGKMU5mBIIi1kFZVyOLAly+VRtOTyvgKHZfvxyxAMa5WeYKIf0Y8ArsnF/ppwLUGILQSQwIoVvkuAowOWghIRXtBdZMQdpEVRBx6O2iylRUgkKC7Q1XRJK0pAnS7Wi6mBm0InC8mC3W5YGLvDzDxSImYVMw2lgw/ndaQQ463BYjtACLbE9sE9rpQQ7eXQpxh3t6Xzv3EIDlfcAtEcLVfKz//UwMSQmQXGDTGutnZ1gCgaMH3NU2kb47jpbHBoRuPItInWKo5L8ykq2N9EpaMNPgVDloul4lnM5cs/ICyw9s8V1Lwam8oCX6gTbD2xvhCfUVxkKg2Yf6hCW1D+FsNdFK5diVbAVGEzSzKFhMPlrw5gXSapUMsjGRdS2QUm8BHnKDgfzCl17e3FzZXF/udrBxVR7h7apKd/f2r167fXd7T/jBcpMo35WrMQo7tgN1KdtkRkrwVntCka2FYkb3VaOGkikMjOxLOy/QDoSqyngHMzvqhXC7hT90gqsqEsRr3uFt309I1F11EpW85IHybG7BEhBkRzmP+QdI8enNxrUHvAfshsXIUgqUi31VBzHdLFxjLTQ0FTq2GVDtLpzGbwGw3FgWB5oC9YZbWmDXWaKlJlnTgHEEJdPXoO180WHxPgR9N5imQU2MVJQLRGBeIIj6CJ5ma83L+jcrWVteApMmCV/Atpg85iBsojC37SpXGlpMCVNKCgz/oW5a9W3UTQPtxW9+MWd9h5gLU2lCg0rB+EwuuElRgTrqmwRBxRFETC6GrAh1ISwQxeUVhtYEaAgyhk9cQ2x0BxJk4KmvB0ZOU6fT6Xa62TrSYDAQjSF8XnJSetrldqq17F99MQ/tAIiqCmLhFzorcELQOcBBnHaOgmDWVGPDPyKsI6AIKF4IIcYqgBYJTmbfBOvgdgl2zegRsQh+CxmFDHrfhGuUAyD85ABBfM3bI9CVBYvWAHKkJz85Ik5tGCBmGGwg8IBHw4O01m4zCMx9FhXWY2gvUlpx7RgbOEYBqgtvlMFJvy+Y0GZ048ilWvKLzUDIsvWSpmNBpbqJCHtiRGijx+UoYgThZoJFShMIXLF1RnjPiRieepwRk2odeNxaX3oDrzZDi1FIJ5dLS8HkfiBdpscR+qvNygg7YCxBIlul5S/yKw7H2RhSqRJ61dgGKdShL6X5qK20VEvyye1As/eqtw+rPKA+yDNcIoUiwGwI1Q8wvgkvVIBw5RfarJb3tAIg07DQJozaLE3isVwYe9K7bSClBfgBCUizBGqy9PGDuHHz7vUbdxHduq/1amkdSkuF0NPQwMwo4oHcKtKkE6X3WWJrZWyYXc/LjHJT5OEt2PkuQIe2j4E5DnxiBNq1QZ07phfj4WrNrxaZqIXmnir5W63NsqHcptsFMReR/Mxh5AO4A4fF6aRKfneQECAmbxlLZ4xhYTwg4hEW3GlEBosT8RLpMdFkwATYnNKM/P5VNDKLxt4AcVkKNDxQmgZ48gILSOV0tuxnY57Mbnic15l8W7Q4ZJjH2S4UcrqzwjSSAqecEdiiwkRCL5ESWszMfs+cT8zrXYrzqdFUGtXI8xe9Wcnb1YijQPuI5K6v31EQwBvF1WQw8sSB5zyZYhDhwoPogc0RLtbDxBQIJENwHADv3Csq7xWAXq/b7w8GAksK5G40yKlgviBROB57MRuFnwgRno7ErnZyAocIKQgM6DD3soaMcyM4W6ab0opLJ5la4n+B74hOEBJQcrqS41PwFUOMGVj4MqZpxGiqR9BIKz5HUjh9OZo8UDJHepDWlWBqQduL6ACBEboKzSpbBTBn1dEJ2XeAsajdg3SOSyhJjXnBNYs4/IJI9cchYLpB4J1OsylESNg49whE5xOXC3CLXKV0hJF7BLp5K36TrPJfsRgCJqXZkEoCPqbIWZN6869bCzIiADsUNJVuhHCNem4MFASgZ24iEcgLf7Qf2YjjsoQkEROht/xMv3TibFTMyp8tzvnkTKJcdsIZVmElb9m5V4bvTDmjPavAkV8BgtyCCfRcK2NAljlprn7z9anuIbCXz1QbwEz2GhUKO2dOf4WpqqX0ITnqdRZ97JN5gYJqXvEpw/ICg8rwPiW0jN1CbjTJ0owwcvICqUB3MPBQiSV9YpPLgApcCMcvDmqIyHAbhXiSiZLvaMsvHlYq4cqa0IRXb32v0b3tSl/DucCcWpwMSLRzI8w9pyDbKBK0doaxPSJDh7zX5+a8HAtAzpIOzpECyYkhu9/rNBEbUUIr842NGgDBmauDuRPzCNZcTjCVJwWC51lS5LQBrrzAAlMzFrujkXWuVb7by5kDkCehAvSIBWSuaMQrkVfXxCaISfc5pJrXJ4CkA6LBq0w06t8jpedqCjMea4cZbac0gsAkw4knBU4zI3AWZ+MWLLRdd7Ah684K4Do/ONGjNyt5u9IIVJZzRqfKR4SwmgBvQQAviwfc1aEVHm0xVLW+PPuIQoXz6SGEI8qfEFnHIks+KXGHVsqJghXcNRUynlz4KCYz5zvGFTBZnMQEUWBGkf6gDAhqjmF+vcAjEzhZql7zB1D1njGcxWOb03Vu7fhuaCgjEk40sw+qDrMtQOYoWNR8ZUDWYIIBL0TEUR2BMVoqGP7LlWmBAboecAvRugp1IcsMmxKwUrve9AOhC1wadAvsmCEFg3CSAUKDMlbkQhBdhBHZ6Z5YJACREYhZK1BScEUpmIU2isw2sPlVObYZjiGFFWJGslJ1hSCTO1F/Gh+2y1BLFEOBrNJNAF0eKyYxW/xkhupI8kDeBGBqBAZlAwt11J1L2Nd/Q4h0VZalEqcHNz9IJPcKEG5VThlixfZggOSQwXj3LCl0+WNiJH9GeVFwQWY/wC+ESuWkdO3oTGUZFSlMekofEHmBQgiBuc18WbE0PjUrDbLRxCSR7gOBvwgV3S+wyvCgX2qJrUJbsoQdG0obISQvcISBlAu93t7+vvCAnQqJesbmEla/WTlkmufGVEqAOLKgmHmBOKt5JIgCgfYQ6hHlSuedV4C7yZoiS3cVu8WcAPOaIBAhiDSlrwHlAEeKKoQnrTFJxmSBgRIaVxOAZ0QUBJLLwSPgmaQNc4wgTiyHLEABMF45LAJNiIY19xWHvuEWr6UxbqCuhkwVQg2jAF6EGp93YkQ22v3AspR3jS1JE5nLc6E+Zy8sLAwGfVFPLSg6Z23m9QBENPxx5qFIFKhsMbFtrW9nmpaalypIM18khfktpknM4H1OixYTxGEPfxk/qacTOcGkQIBiCazF1JE67pqRzZPUbhNYA00GQgRk8BKbs2iKrUusGpCT5K1LKRBEEnn1RYDjLIy3JhdEccXp8pAE6AL98ZGLzjpia2iCNtyfaToIeP7mSsMZ6BO3EGc9Sw64CeqPL64ExyiLnDQgulLwUxBDpyOsPeAiRgrMrB8pKFPYmvRK3+DHA8xSxnAisBztS7kCs8AhCWG3PeoRAoKiduXKeEY54AIFZYTSw4ATII9XdT6D1zF8qXY5fAU0CZD0hMswa4U3IxCE2Vws3MDRbKupqD3sxERB9ZdpM2UYYBKAosYlYBleqtqqUBhBZJOR7xV2j2uw+hElEsxNCgXuKLwLUN9jTcArURF0AzAZpdMAl+DYI9AQImghVPz5yJQKugcjMwJt6XojGKMIqQAXWX2QoTEZAJcGjMFKUU5qcaXWj4V5dgL58MnJr7wL18gdAPDIVYqAzCFDtpaimZRMBVHlK4KZjoZrospAySaB8SNtSmZJjG2IJYyONBsC5RWl2FARN5ZqA7BSqsDoJdRK4cyK8hWT8eKwcGjLcIt2cPWuxqllzQD4M8GES5p2YcYN8AwDKoCRzikczxnPUGY0VH8s+TaH47wqzx3oigFSAG4GmRcoBCMhauwT0zfOICaIyZQqNNeTpVGvLa/IksuGkFR6DVZi6KuqiS4lqzCVQiWneYsHU+Adk/yg1jkEcn3wxjaEaaK1M2ZMhEsvYl6bQbDyAh0XPptSYHNVAudQRqGlbH0+wnqG+6cyW0eQRojR59ZUq8WVAfV7vLaEAG/UupmNgTJxZn/7+/WSAsX4OiLSjjMIoYzqL74GnwD06jsq81yAIlwGgVqSNFRyysIkxNqQ9LrXGGbZtiQ48A08LJjjXpTRlS0SoeGkwOJrQrF41r4yuIUbte90WoRg/t0NkXVzCSBPkkuvKyKNdXWkgOMsRgKXyFMw3dsAABAASURBVF/AEsMCBBVH+zNkkIWq4NGDCJQctPrQAFmCeQl4ZV5pwKsEHzNDUc1RHxrOtUiDAK7CgE4JcSdKBDzhKDEIEebjgMjxxTs4+BkigpBg7FnUEHI5AVKKh1KrApIQeGEE9jHd++UjesIAlpYEfQjsGoYu1fPo1nru/fZwkdiwV93rkQO8oaZIdESNUu19bategFjpekMu2Ao1LTAOIqk8KgeECpXg8AliP+lVQJm1EsHLoDMlAKlH8QyocaVbRunAdAnu3IgFIsHjTSskPgVlv31ZAdoy0gPATRZECRB5ggAVeMLFEFoTIJ6L5AIjEGdD1FIfPjSZjyYB4XJR6fTS/dS5JEbeCgzV81hhP70uwrgoAeu1bqWMUXRKJJ0ORu3BUiKAygssd3qRYxvGtRI3FcjMJNVRxoNLbJO1kTI7ywp7hzCe26RPh1WWEAhnXuCYTBCtsRisZ/cjCYogWlP+v7nJoyHfKtjf62MkhMKKEqye0EUj7bVkgpngVXwYPQhhmR2mT2rm9Sqd7qTjyqM8w81wso+d6R4syXRnhwHYQlSNEMJo6wHGAOPIIYtiJIcoZogH19UDmS5EkA3YkZfURc9XTRWwpIAQkhfdYXmBQrC3DAztyFAYI96qLFBXKxI1ydsCjDk9Xl4E9+juRsSCGVYMKaIumFtcpt5m0q9w9Lmw0Nvb26frg8UG7Og5U6iXmcm8hWwQ7DudlBmoqe5OAvQpN5CFchCzG3CzbFsSHPgGHnwc1P5r43JCmPjrg1tMDOP1nsjbwTDUVjIRKw8r5t65wCoSU22pT7Uc/4uX1VDraokFvKzO8nBNgOMsRgKXyF/AEsNCaICEVwSbECqJRx9sXwhDog4CHlkooGa9hwCUJwVuZvCIqdn1yBlwebWC6IWvmEqIuwABsyhoEkN9wvRGyKtMlU/gkTFNYFFhryY1S4i22JySLQfvCTzqDBfRBnNijh/YbmkQymkkP1EjTv3wdbrZJCC0qZ8YsaA2/EOJ9RpTryJRUNzCU4U2npgZ6HeeGkdIRp3yCaYI/AR7Qy54g7k68Y82oW1Ap4wp26OAScgbQr+HF7VfmIIIXymU/nR1NNQ1CUg9apleijVt7CusRiBjih444BtsuvGeyMbIqGOj1EEGhBbhF077SNDU4CPwI04EWzwX6IhpANEqJvewE3+hpZ8rgByKvMACki9a9Z7ECHQtdl6gSVA+4DMbDYLKCxxnG8KITyVw+AGovMDRb7gF6fhKkbXZE6hZbGYyCqgNsC0Ef0IaiMD9AkFdAkU6CMhUpXI+lIiLlCaRz8wRLTu7++tryzdv7Y/9wwhT82qBtoX36J7K7MEDzSoVnJfxQvHCbKpe+PP90D62KAVzgFeecQ1vbs6TSmv7J2TO8dPr8YMQ09kACP24ZygVDiuEJs03s2DDU3hGGT7shT3RSk+Vk1loUwIFdzVEv/W2ssHrdfoCEscZGpsu8TxBvMAiOsjNJGq2xCnCmmyj5PMcJPALOlOH8DBgs5PgKXFdT+tA2+w2WFgCA1JJKW5eEljDVRdo8/bOTop2VjO9b0fPhlB7tENdbkFZABNxB0zB6VNHdf83qa/APuD3x5PQNRXUukGaGxzKsdViliHTz3ZRIhtLCuQtIrRoFq4FmmljBq72LeYJhyZgQPuYkLapy0gkqPaOZQQ/eIjAJyBAVzAXBNIz+QJ4QiUBuz5IMo8Y+DKZlJzvryGi/ExeacAo48w04CuuMd5SDHcUC8sbGyfvXzlyZufWlVuXXtu/cy1QgKey0YzAqhC8lIKYeaA8gzB7aJNYMxzYZpCk7BBCX+OKlHhD1SjvdJa3Tq8fu7fT7dy++t7dq2/39/dKOTy/kaMMfE5iS1SrggcMPZswYxHcxz4WTjka7qh5Xsn8kEIJQbi0C6fTSDkOT3W63ZXNI4sbW4P+/vaNG7u3b7i+MmOaiBNAowgVYEgAm1wgFw6i3+nhbwgszgMGLAhnkzC7PM636uweBkwT6i+rSrcE9/z4HHlaT/exAPe0DXQVVkMqIjbXNN1uOtxVJVAjjdY5dkIFSxJjKCByEKkMOpIrElCzvobaFKLBsbTklR+0KGX3tGTIA3e1RV7S03leevSCkoEniidZJYHEtqATSnSPCaoqxY6cUks8Klwgleao7ofxZoTY2z6rdmlnxYl7i0Qw8gKxNCRsv0CVT7MTm8PzlzNLz2Oo4g+RR2fMVEb6UlUC7jiRmJDCQrUJVlOLMn86ixQ7O/2jR7oCN8+KBIWCkKcX8HYwMlTkws0oAE/il1NB8Kq/0nDFJ1qn8yWgtSCx1tlC2HZrCa4xK+y6xcBNsDMLgdqsE2UEVSFXBVLm85SHHWUQobkX/u5CZ4rRBxqiZei648lX7bGBJQGZlJiA6IzCAA0iMOnPTWJPAF4+kaoxwcqM2bjWTALkRacp1FESNeIogqhLSxIPJfJzSCeXmEDMrq2tXr16XaTFRGJzVhF6vxDnLIi4bqpUBUIU09Mod4JtKiyq+z+wJtzpAL8/TqugPJz+1pz+G6DDOx20aNEA5IzMdOKw7RQ4Q45vEs238TB4cU5xQLomvBlTbHga1UCeiMZaFykWmGX1pU5OAnDqIJyXIbVRLmdYpUEtk9KBJ9bORPCs/nr1AYOWC2YbYghiLIxSxKYPtNJfdeTexx77zM+ubJ4A6KrV2SPY3bs3Xv2Df/zWV/+F4IJW53jhpUMUsFjwN5SSwklLko4x4KXRMnVCbfsAKQFX9ag0X2Tq9BbPf+R7jz/wTG9hySAZ7O/deO+Vb/7Lf7x39yYmSe1HzAbOBQJh1xmJDcacxtCWuHuOcponloG+PbEMNtsLeD0qgFOF7REIbtWeJiDlSMiSxvtntYWV1Xuf+dDqkaOdTtcg7O/vXXvztfe+8byWVoLoAlodllZF5NQZLsLydAEPTbe7DArUJcTU5XwXrZMM9Hr70DUM0YApHQyYBODO6AIrhFKyJI0iLWQpAeExCRxTDdBigGDBqjCjKaXCmRGIkQsCwKIyKp10JFckeaCEhgD1frcb14gmHuyCWyyEaOXkqQmfTJ9n9V0DAX0cCHpOW5UQB1i+XZl0WL3UVidAX9ULWB6hZoUYaxe0pfb2V3mZwuzI+ClmQSlV4eDJIXKIU6uBygt0EOMKx+0gTVK8CzgtiP1+f3ev3+v19veHL/gL2Z9O2PSWVXYXE70l/JlgOBVSisXMyE5KkxP+oarGTdxsQgxOUyAyvoQgC0aCPT3K8z7FSowOckCI6NkWa7s5ViBMundKzP86d0ilbQyEYQtbZQIow9arKLElY9XgjdEaqSIVWZz1oBw7x3mz3cQUX9eIOjGsHAfIQDVKMcjGQ7+8JYk2K4DRf1W1OdIlzIDQPRgnImIYRWoSHGmrKys7Ozv7/X1Bb+8HQQ4vZaTZL7DWNYkDKQfZXZbrwh0O0G7CeRwJ2xjYYU3OiU0odN28JBHVCNKqqjkRzT7gwLewRS34VlsmO6tNGjL9FFBDZPKkwGKxu90jcAoA52kzSibE2oLAgfOp+htcVuMOlgcm2poYZYAcVUU1Jv56La/7Fd/ZLA5vMFuctYAesujjbCwfnbiIQoXya/jCgVefQKDuU45AZlcxO9crDZjkwBeClEUEMKifXgVeMSqWVree+K6/ePTs4zgHQEbw6Gf+jXPv/74Xfu1v37r0ugjXAcEh5CYH7Bx8XIQEYHMGdyKwtkXkfu33vZpWo+PIK//Q1crn8Yeeu+8D39vpLqDUnd7CkXsvfOBP/eKbX/ncm//qN+RAosJIZdyhCUYR0FV2aVWATxhAKOLAx4tO0ZG6WDz8aMadgXuOv0YFY3LANAZfI6DTOfPYs0fPP0TxdnsLx88/fOTs+bdf+NKNd94kBLuCHvWDcwQ7JjbNk1RrAflBt+IuNI7AItPPbWF0Y+xznw9Q7agJ2GxpRRA59eIJjqNiGB1InZjqVkereSZXWqiOFNpMZJ67DMB7H7Q/gCpTBKC+GlXTdVRF7SuLXxKDtQZvlL4QSmAsHTa0jAe1dYHJS7VDEvQ+4XnXSYE/DiyCGoSy1Amq6LGAnF+zQMk50ggAz98yq0BP0MGrlMe3wMkLHNntfICs+s+WrOw5CPqXRvvYnvlKccSef2gL8SeJfh+CI70LPIEBvrxA4c4uAnH79s762tLNW/sql+QoHB5qMVbSKIsuvLxATI0QjBebeo1UzCDaZY4CrzyMwWkoCEarmStV2PiyKvVeiXQiC7RsNDK8wtj0IPC8wEAwvA6ReYHB5igJnIDKJfyj97oM8aJlgPQOOTPNNE10hae5ICI4zAFhiZG651uDOAT++UEPQ5cywnAROrZSg7bB0pidZWsdILChYIsseUgi6RQhgxhMWm2/5BoYt6XWw2pPfAN221ihiW6/desOoVwzI811PhJNRXyGgZSD/n7+Jbe4R4+/rfGj1hQUqEi6q4UxVYn6dk2sdUTzQEQAJmNxMlVAlk2qGTTS2jF7SUGz4ucWOWREzUGAjJzqGhPZEQmRumkt+JiI72soaWMjPQ6IT6vvosSmHm7W6QHG/xKIoL+QQ+pmxpsNtLRON3uc3QOIu6DUb2AdCYFBR/DOGheMcxkShKlDSVP0EEjMqU8gUKtI98gXyBMXYSjBVKfL0QwHQHUtOHnBUbWwvPHRn/6/URmBKla3Tn/wT/8HGyfuFz5TiTIIMw+AZrHPgaisCfTa4jGsmjfIq1KwEWDnfjQLU9O55777/Id/iMoIrNgAzj3z7U9818+5pZWlgHjTHcwmeyiXcJnD8TCE14yyicBugEOUa9QKfSZQz8AUQQUi0HqI6EYcDgJJ+wNHEtxIjrDloMQKHvq27zx2/mHw9VC31zv37IeOPfBwHowAtgLMUZQfACx/CusThOkBUbVUcwZo5nc6nd7CQrfbtRRokrQydIs9wFLLwDIMzT8bh5Om3TxBDq1ClQHQZMlRJpAtjnpzMQHQOcEdQmAXoVWlyaB0k9YopRAbZZQmswrvkTJUxv1GXuy1jqOEg6DYzRjjhF1R4e4Vjyak0vUvVNekEGBXA01wuAtcfe4TylbnpreYxzOgJXN8AuRUowS5y0IzXMAaAqCIcYwOZUbJLxugFhbHgDay/KTmBECI9RlPNRHVoddAyYSZQkGddoRnbjF04xZRrEARW1cgvbMQ3Rru3N3pdaHXU36Nz9mGm+EXoGxHZWERC8K2HvMD+O0pyFxd5OG2BhGth2kMgxXQUqdYbPixGwzgvUaAt8Cux/pWPQGh/Y4DaEkeBeCywgvX6HXOIg6BgSDclBQuyQDCHwL0XETT129OTSHMiR28ZZCoPZEIURxvZOjEQQlokCEhyIsxz6j64ZCk8cjtDEEmYurCsbqSYfnWrduqgsqxiRqdaDzyBaTqrDSY2nQUdXGb5sx5GNA6t0WJmRhsbYrjfKGB/qotMt1OgbOXCHwY0OQsVE92e71MjwNyjxe6Dha/ClFmAAAQAElEQVRB0TzSfYGf7S51WludDJ8Ndzt7g4hLQI32115MEbWe3EGU5jiFYHz6qBNFVco1jeAF7kixeE2tZYgaa/+c5SLPErtXlEkANI//GuLtpohuA19EMtb6aZL3/+gvdXtLgmkKwLM//Fd/77/9K4P+nkvdiJiscupgVZur35xIUUsTDXFbkW8NERxnaCnofzxGeHwOOhkl0Qgb2Lr3wpknPiHY2Dz9wJnHP/rO1z/voFEcBUaxckZWcSYS92QUFUKV1f7oNiNC1e0cs2CKqI7BpFDPAJ9/wKMEi8mHP/G9osP9hnvznTcufvN5vU9GCo6cfeDIuYcxVbgHXvujzw329u36M088u7y+Kdg4/ehTdy9f3r513dQF2IfAzqiYAHuQASXBFdu5pG63OxhIOXxrD8WnhpGhiBBeDW+FnvY8OMPXUWBYJ8zwJOYxQ5yWGOfQ4ZysABdOKrWEGDOjMIVy9wgEusqsx0gNc0hljilCOwKTF8TonxCO+REEKtUHNmWk/BjpU0WQJYm2bykPA9YUgWsGlJvHMYgrDmWTGlPUmADbtip/oW+hB8htS8qRK6kGK+urINibwSnvIKY3kxsRwPhT4juilWpUU4rGGZuUqFvmjbpRrdaaBNjOQcDZiAia2uXKL5he7B4Hgu7zClnJrds7K8uL1WaBubxxx9umQdAINPvKScWpgDqvbARn0Ls1az7W4yxEfXVMb12I7E3GDy6UPyQ2i+ugJPecsz2T/89/vbklWJ2tiliN6eLiGi4Dn/p4xp5JK71cLoF+ZeC6kdBtQMtYzXFGA2d8mPsFpoTzMug1LGAaDRgT2EUBi/jihjbOM2TPgfAa4xEqIq5M5U1rvVftuGIVZRD8S4Hg6GPxOqUGBImooyc1IMYbIQHj982NG7eQm7e6sK5wxWdTE1IaWDfj8TE5liJUCUDWuEpDtSCVYrQRFL9jfZcfUae+tmP9mOnUksZaX2t6a3EYMZfBEvG97qBgRpudKikQ2umrRYUGbrkPPQ6ITwErmre2pbMXIuuSKwsXAGYdRHRkDZNA+wjgcBTwBclZyQjkloVrq0/kooRA+lBi4JExBGKSmAKBS+MnBCZB4lyxGkOEOPHQhpI88MEfWDt6rwjBwtLqE9/9F5//p3/LoyYuhDwRkmQ4AFtKGV3ePsAVOU89ZOCmiomt2HEH8Nhnf0YE4vyHvv/qmy/u3LpiC3cEivBVQRSXrdznC7AOHFEG1hMcJz1TM1Fl7btks1HHZZk6BHTise3rx+8RbMj9/TwpEBlaK5vH146eEGx0O72B2DdcuLxx5Pj5CyIEWUvu++DHXvztf6Y10JUza/oB7wdA3aVLQLkJcdbXfyCJiUJqYgCcCGheldNhP+lPvV5zlGvnSMRkIKwa+QsVYhcCKgrjxy7/YPwvbGmIq80qwgDnNIhu6KhUkYNXEN2EltB+BJKAADDL+NXxehuVWnjfHrSNKxYx+tBB539EBB696JznXJ6GMtuLRaCl+ED1WLKMfalVVVKqNBtVwqiu5AJduCurZKy8yk0UZXqjmmoFZTqU8upXKDnIBA8gEpkE51G4KPQRqVAeKZgu2hGuR4u2qyOy2JAKwHx34/bO6srSQq+3t6/mBbKfsoOdRYS5ADg+UfmcCoWb16mCmxfoV+zyuaCzZnH+qgHVqEWIkYHsFDvuycAGx/jHxRfrc5cigQ71wEf2TKPA1TWNAZ3XsJbbA7CGgZDsnahhWlkKXVMNUh8iK5BUvYQ1ChB+Yzgi8kuzCARMNAicGuuY4uZ1xZ7v3i1EDw/JXF5DEG+iIxWsrqwsLS5eunzFMVGL+Lt+QO+hZzwvsEL1bbCRbzz67VbzABGKyU8qgXB8i8jv7fJ6XhMaais9ZaVXyLw0t2gx/5C1qlskR82kQNCWp1o0jKCbARlz8yAimWrwtdAB7MJZBwRXxAibOOpZ7+duqKVcsRBbFI7681OABPAWxJvRIE9+kQ2krwMWN19FYq+zZAGPDKEBnhhmG8BfCrVEGQQJXkNVEjBs90sBvueJKvDznrrwMRGO4+efcckNCCHgEurVvGgC3glZNC4GNyWx5xqj+yzhj3ziJ7bOcpOfbl968+u/+d9r8lzajbACp1UaNk890O0Gf9nJntAff+DZt77yW7jvw81wEji6Vx2VtFZLwOL60Uc//acddGrvZY8vXv79/+XOlXdYw9cxQBy3feBi5Ua0az9ERsTSsAdKvDirl46cPS/C0VtcWlrb3Ll9UxeLnhEmGAXGUAcmL6kEtCun0ZeOgUKPc3QyIq5HvMsUGnYmJW0QyW3JdroNt0LdfwzUA1KmGQNqG7CW+0axz4dAMZDBSGQEAl2lCq8zn0IQeR0kEc6Km2bRhGp3Zl19BG8dwdMLnjwaQJMh9CnEs5tfSSyVDD87L7Cokj4TKo4qL1ClUEyUhAz0BLS9/pRKqPdUTLtUKFyOvEDhE4jm8EicWY+bYrqRAUmEpm9R9ZiJWq2U8ur12yePb9y4uW3nBY5oBIGqcYxIDRhuivvwLblUq0AE9RYShro8ll1UgUeTV6CrEiG2i+weHjePbCUkyLGohPPnLFJINS+FcJcSkOnC3QcYgx+VW2VAVTzY0orbrDrbGZWTonT2pUjaPkx83jtGW3x+CPF6wIDGR5+wunm8X6Bo0DnjKTdUR9QWpzWiGJRj77WJoTFl1zeFadoQdn1qDmtrq+++e1ESN3Y60plYexthNqUoL3X10Ej30LdbDU/ZIajV8klENXVXWR3ClPMCp6CQuDGbIGYohBvBQW/ffEAGFbegIBNcI2skBc70pq4tJoXaIdhCwQH15sFpVkxLQPuYCgJ1Q63qJDoY5H4JEFGTjiOFxtBmx1oZwMcnBRHGFGQ8eAscpVzKqKjz04TNCC4yCOw44AyKBIMjxe6vDAkAndUjAfuBleh0ektrR3ZuX2ModdgB2Bl7XgKzAKXSTyAkztFtwEA4TPSYZBObDGsnzq2sHxdMSONxOIMlatY/ev5JEYXNU/e/5epXYJSUFaxA4gwlLEiRst7C4vL6EcFGb3FJmMEJiFr2gGDWB00V9ecVnmzACpliEJb1E6dFFFaPHh8lBQKqA2gTrObg2wKicq3mA8kKoL9Y05wUwWQw65wlghh4ADgFYMwB8ys4dYEhlpau0SPdAZVpiPPALY9VBU56OvHdtUegKw0TNx1oZrCtoaPa3NQQbS7OiiKQnE0XLKG+4BjAyKNNrOGB8GU2GAi3oQolyZMEXooxlUKJ5Z64bQX6WTyY+Xd0XmCxM0beOzAyReUcmadW5ckHME6JUt67SuUFipIZ2CleDh8CkYMnWAkJQhDbyYE3p4rrcLqM7lNPXuDovIBjazi7Ynt3/8bNuyvLi3vVS4SLKVTaXQIuSag2UQUHk0NXarUb8Ew4wbNIJy/AfriL+ARG3hbOtLOyUSUZy+aoPAdA+x9EoKBm9l4yPUWOKSEEOt1wLarvALfwAtH5TUkMaCwDpgpOIjPYiF6vOfXs9QALE8GdWgPixFkjbJ1JGk0pjYysUDZ10ksFYI2bOF7S52kikBj4uvCorgFR81eEhG7E4rBZVNgCnDiyuXnt2o272zvCbRirKhAT3y+wlulQXuKEaGKApfFrnBQ/F91y9vwwyZ4WM2vFFACz1epD2w8tJoaDHV0p0veaQUfEAWa0PQcSMP7XvIZAJW0U1AXEO3+WANi/pLKni5g2aTws1oZaChwKdguTWFh/nmE1KriGwxHjgDiNEDisYrsGvAWMmomCaXGAtTw/RzYfE8sUBW6ZISagx0qhJ8KYFfzXiBPKfIEOYx3ZwebJByD2XvTIvY9bgm3NDuFg2OQF0TKiO2zZEBTn6Js1QThk8EMSKkkQworLK7uTQ+YnMouyf5unHhRRWD16ppSCfhqK1EPQJ3CfnYQ8Trikm61A+6Ao6JGrVakOUd9HC3Y9IgqQQmyTSMDoa35BBeugnjgQi2vrIgqrx46PDQExiihn60AA8UrcsadoVmTs0N0EllZtBIxMVSitCwUaKoY+zCRiRzjyFcO2hPGfaoQKu0VOQcDwJ8YnFDvBYSUmR7sOgHGRsPpDaOQVHUaP+pDSL/ABKBAb9GsFJddqjk3h4q4Ucbzok5eC3hYAWq8hPTgZTEof8P5V1On01qaoKPFpVLgjVY15QHjRE0Ii+GZDQwIg9pVDHikcz4IWsVCvIuhgN2YV/L4LjXDMM/TgDYoNCKYB3Gn1YE28th+u3xpuE7i6vIjymhcmVSpy4i3yNc2yj7iDcKsFF7k/3F2DikUKrkqtyukP08/gY0A4FTYIiSwAIEYNrsxFqrfDQQn4oGBD+4VDgKdA+HYjx8LNwUUGKLs1Ac1mBiW32g5O8BGkgCt6gEHm4HEwAoPTKcDkjHVJcKSzV7c0thgja/dyTA+GkhLK2DzBGpjxOlmE33ak07W6srKzt3ft+g0uJ2BSwvWqNRN2PGM0gYfZTRMhtrQqjS/ipNTRPS3eFlxM08ttD8865i+FTopDu61c6mbLlCJDdwocP5drU4QPJ9prQwsODlScRH5HVj7mASxTk7Sn/godc6WpBhVOC8m/SdK0oYqSfc1Xlh4B3cUmiZYIIoQYeGQ+eUg/o3QcWawapm3OAcCdYryrqmHtgnghQXpY9Z2FRRGLTrerCFU8SmrTq+LWQFmhhhoCLrFcYoyaP0L9lOFO4Yw1JMsJ+LIydHuRe6J3uj1EqLuVI1c5pgJw8bkEBwxVZocFGeDi4xLFzIO0BPR4UpORjxfUw1hh0OkE3kEAXUq5Lj/3zfHCvAwAywZixmNNfNg5OXpQ+1GJqAlYYALRTDI5VS/0OKn4I3UqIPqIStPARXunH0qLLcp1JOywUm1wc1XGCLSKoqBUeRE8L4TSj7ni+JjCZ0tgvZVAULf/ipMMJhfaIImyMDZRA3y/wPEnUArGuznBWIDUqkYnoHA7X4up7N0G2q5rWBNGA1zaLMgmguO7FelcoAfv7k5jnQgr4Kv/oEgB365v7DgD4dwfr2iuZG/qF6C2ANbPuFlXrt0+fnR9ZXnx7vau8FhBdzaDUyJVfoGQ/FVA4N2DDiL2DLPoYoyxKwtIJgNNFR1SoG2EJTAx6vBxE1REzQDQvRJ5rMFx5h/iwfIobtOx+rk1piCvrD9q9Dle0KM6BVyyYvREDhQnaYGgW4K0c5etolH5nutUtEyeuDpzlgjirRlflr4JdD0Ox82biAYR+JWu1ZWVbG3s0sXLIlRujFWuq/OE9wusiybHL0zqHYrRuRgNjBKYxKjzf/WZgAWE5kk5QIi5GmhiQp6ZOkA0eoM9g6jdr4cgKuYRsTsFtmgYoPybVw0tEMBcex6IfyZRSlXTRZgBmtEBrA211C+WrTiVhfWFQEBpHFVK3rj4gUB3pw8e8BaECkgDQA9dZFidMk6ZDQ1uDtSdwiC1wGgAclRXIODFGIHVX1XV7Uuvi1js7twuxCcdYzu/6AAAEABJREFUblT0hCUkpO3rqOuRq27CocgbouS4zf7dvX5JROoGU4VzNBBuUcpwJkoEkGSaYEDKRNSkBY4Qpo3HzFCtwecyTaLiH+1trTmdY/wA4j9VXgCaiOaxW/q7uyIK0O0JV1wpx5SX0J0DOQGmRxIR+Frfg12JqcYz3IAiAp2GCBuuGiFMOwENGnI/Gt5cTrrMMsBoHsZSNVsnxmQIao9AEMK3NY9+jhnmiEHVSEBpTQlAyMRMsKtA6TkvmssIBPXf7GcENmhfDID4F2ln8tbpWzyOy6q/WhEpgJgKzAGAVJWnig0UGWCKTWuE00x80kA5ibldlzAuBsVpoB0ITRkxuYLj3NHlwK8BwXSXW50jtd5scfZM5PLVW9nnxvoKImmMgZCDQV/KAaZN0JZUh9FjwrFfILB+RBBAEYqAmKS0g/AaBswyrxCw5wvaKmw6SANwjghrPGqf5jEhpIoQwW1BeDudP3uIi/gAp6fvl0gdUJvAzwZksAKL3zlJQZCJyBWqqgtfxpkCYps8QY24jKnwuoTWbZQUg+yyOhhMcLOieHttzoXe4pHNzcz2ixcvM5LbkZrkg6XhoZfa3ibNndwsVEPTjE+VOGbZ6MS2zWX/tGiRAjOXMDiV0Qj0PwfB6Pu5qN7BpZWXK1r6HXNJzE4KbHaxs8UIKe7gmUoCyZs364AC5tGD7pnIQ5dG+dxiTroa3GssTelkkLgcCDYV23w2FSI0zkFhGrHtZ5j8IbR+l9nVgSapL0tj2cSVO/oTHrFEu/371DhKwxRr5xw2gfMYt35+3VQlOHNtVCL3iAxNeLMluCx1i97bud3f2xFRuP7mN0SM7c7EKet8fH8eELRYX3NNU4nBmOQRes5zY6jGnSneIqsXCIgpzA4C5/5oQtx472URhduX31TF6X2DWOEfkVgR0U2+WQNMCUHB4oMqDM0YUAiVD1SQWzolLqhF/mgPEFML2gw9xvYt//t9UNy69I7bUeUxNT8TkSqENrc7Wq0LJ0IUVa2QEQJKVxk9B6Z2iIgwViGREUhwepNWKn8iiXTgeSpPlAN6aaFoHRocQ1HpZCgNHVXZDcG7ROs83J2jqnKtSgSbq3gRPI+2QPBuczQGd6hhhGyuMAPsf4mQTpLP4BqaNMfGmeQzkytfISvJ0YmEFjAeTQhpObGQVXZb9CqXYrwQa3WRkAchkjj7fCqmjuZFdZ5hCcWpwVHHqgJeGVkEfsE+FcO8wGu3t7d3jx1dW1le0N01JhrIYfLCYIBJ4jWc+XUctRYCGQLAzOMhxxyQhXY5FWuiditYCNZBNCMRuFIxKxjdpR3ydIW3E4TzqRQSF+xWM77IeoYFhFUoBPjZePxaRfUsDQJ+0XBQNwFgk4R0OHe6UOkhqI3gOQ9gjQSwXAIatV3O1xTHG4jIcZZfeQf5hbXx/ANI4wC1+4YZgUc2bt+5e+nSlXjr03aLOT01hORGR7Cw5qCg30yIYEUQxYVTA58XWLe9sQDW3QNUVcAUNTEEqh1/HQrrzem0DeImduUOH6ZgtQ/azcIM2ndQIZUDSVbOClJHLtD/hLOEOIbxOEMe2KoH7tPRAe+lWtDu9DgJTGRKaue9SSKRt+VEX74+1RCZnbkmYEUhnCmeIYnYQK1JjEzynUH5iOKto7cJLojiqkEfigj5fJYg4RDMoXE6i8FFF68xUiDwThrHNC4EwUkTt6++tXnqQRGI/b2d/d07Qfsm+QCecx/9uBSweuBLEKOFBqLGc3Ul+EIbVwtprk7qUsuNtyOTAq+8+pVKXoAJAXGlzBUh0Qg8siSAyKowa2IvNVBLKyE42d3KCHevXlo/dlKE49bbb7nkjsssT4BSbhDjEgQmgR73vphAlVBDFdFuiKMkCr52JaEP3BJQezwD1BAXNGHTVRAiB7hVUB1YhaD/ocUJ1yhxxAk4vO/TGwJefxkM4YSJrE0siqdtxlf1tCBSbA147aD01I8EMn3hJXNJhNEbNkcEVlU+nCRRNYpmKU095YlWIzWNUpGjEoD3jaOm7cjLu6qXpSmawPleY4ZGXYdpgQf8yB6pURmMTihmpODXDQP5HmGE6vqtuzu7e0e21orS6m3CnIZYnnKq8hENyaxXlQ57GFdTldYzA8hXsnp4wyexYJ+O4lm4+VgtCIM+3oQ/jlh1Tusg+YtqeezM6KmjIr3QkCkpGZrRl3CiCZQ6JhR86byuCRA4JXBDTCTsdcfF2VI6IdRVV75DtVZ6XIIWT8JvvYWF9dXlTNe77168ux38c2j7YgD5OdtufxsnPSEqg10vKb6carZIkjvUZAgkir7A4YoA8h/wjKDWSAcXT42jA8dU4CNIgU6n2+3A8LPTFZEIcHhK07Hvfih6WRO7w525mG+f8EtsGt7xpCPru4Ver/hKIXOIIDTdzPARmX0V7O/3B/bG7S3YqHe1ngYSW+sQB3rCZFlS/FOPxTgxaFwO5Wl+MFq1KI6LAzEiKE+12pEcZ1LgcDEApjb7HBo07+A5ud4cBDTnO9nQYkDDDFMTWg+BN/3zMGTAc87lS6I8nKTOY/o62uPU8uIntktiMIEQRR/5pBPNj9iY/q5reKrOBOeRqyiQoB4b1BsXRIsihL78B//4fT/474lAvP6lX4W4jECeiUrfBbQJXP7xcJoSCCrpiip8ULCGSrJxPxJE5wnpJd5tZfKjO1ffunP9vdWtUyIEg0H/8ivP6+IIXdR7P8tTrDlkE2lZdhE4acMQJMDdZDyU8XjyBD5lFZJdBAy2QNQSUzFffe3l4w8+Grq+uX3r1v5oJ9TwGxRwe9ovgr6i0V1C1wPRO8DSDm6DnGQjNZyGO/fZc1WAk0I4hFYZJ1AVFh8gUBPRGQal1UnMI9eho69V63yyTFYgWBC9wkHqgD9ISYaQ+oiuTi5hLlQbuqIXMdT44q+FAEtvMXYkgzIgqKyH7+XTa0FnNwFdFQUwsvlYOXWArTZpkpAqs4BrdeFQTs6dwwKbEwJ/Rwv+EIl8nqU+drcbO5K7vbv/7sUbm+tL62vLRUWeGph0yY/pP5QCAlPJHJVQJy8Q0v88mtGzjsGJC6IYAgYF0gfgWAXmDSOwxAmDD/NwnQlIcDo8glutp64ILp/oVOi063K3ahzdPhHhOK9b9B6K1OLU6zKhvIOTCnUJ7NoltEUHklIT7iYzLtgqMZjnIN2SdKFS2WgFhGeuGUdegHyqSPq5AK1ld7xUe5cQNu4AKUeZ8cJ1u47psMklh9dRy0kjkXijvPYWVDyyukOscKxh0+gRPgtFOmCn17tx4+b16zdlxHUQiMIwSb6rvQi5P28IwJsYU303ccuvvoN4XMeMREX68B+oKXoS6jdDojNV2FSQAMXLFuy0x1hp9BldlkgdWQidIQAG2V+Bo+mRFB50Q6hfZ1zo5C3MJqvsQMKBSAqUcgCDaU9wBmbLGj/mzd5pQfqqJT2TSZ5MsMp5OwW2ODyYxOW+xXyikdgwbpxnASxjIIzcJSApmF+FBQ9JjIQ4EnBXJwQEV8SJ06rj1jDiMIHh5VprwqnDiNmDMqytvL4KlgI8sijZTXRnUqc1rF3H1deff/3Lv37fM9/FZ7nx7rde+8KvOJZGSc7g3/OFqxAx7ggX59cBAYNpAvNLgFq0+Ku/9nff/+O/2OkGfOX5xm/+//t7224NvrnJcWmJXihn0tTplHod6n+rF9hF+rFv4GgrhanCL494xMIE2N/dfv2Lv3/+g5/gswz6/Te+8C/dxoDjFavGuXDMBOBjp5Rwr06+PQIpCY5OpkIIF+izE7BCpdoZt8zplwzuEI+h8tX/y0K9GuXz3qcAygA0g3OrX988ifaIr8ysDxq44Djz04chhLeOHpZkGP2FeuuzMTkPtfhHQkBh56bZKCwukoC8I/BlQ4ErvYlIORk95ZPeRJMi2EePZ6R7yxcQxlN+b2YYEHmBSVD6xivS62KyLk+ekRFSxxTCSupM2HxhCcv8ff3W9o1b26srS2tri8eOrt+9O/w9wN7ecFOK/X6fZwU4g0DoQQm18rW4gNjcOK4wYSVaJm7B+Pok+fkOYOYFJjfJkppIA+DJXczMSZSamHZ0OvAnNU4ao2nQOc+MDzxjSuPwEoxF4rRVZp5OrxYiAqWLRpRff/LJWU25Yybw0QDSJAPB6UnCn6GkEXtU5RkonQ5IOfwjAPwWwUgYS75TCAlGyqCXCRx1ClV17xHQvWOZoSwsqTw/xs8P4zzI8Z9akIzi6mQwfIExqbO3sFAcrK8u9xYWd3d2rt+8fevWrfQvDQveL5AlcEpT9hAy9JoRbGt4tEtPLBMeI29g5fg/4ya3iGRRCwi7lMAnTqIdhgMEBkP0nYTu4rBvh6nAveANv6N09/v7+XvMmZJ4dU1Dah8UOp1B8T1sb39vICf7xsNmMGzDYKZaMfcuVXCQ2mKgmRukBtDL07E7+beAHBIGw9tigIHMy4bfg7MzOa4f5HfKw6Tf0XF+3ww5V34kit+ZDIWO78mHxGL8VT2/iOW3nmB9k1e/A0ntl2xiXIiDE0qg7LkrGkV4YDdh0OgXT6MvNjBp9ZMCVGu5SDMO8BwTiphObjwwZiryWMZ4n1sl1JVKLHjqw6QFgvMcz13ccJBAcEWcuKoagrkcwuqTJADRqjSieYKnENq2MGBRcaWJ6FCp7wwIog7TA2gpjxer+ubv/v0j9z62cfw+wcDezp0v/5P/QgQBAiiUI+CLA14lKqypu0duz6TWz2yR58JhSIG97dvf/Nzff+QzP80U//qX/vn1t1+q7i4xxSwnOUYXOdSN+ohZoE6n1Lr2ul4pSrUH9Gq9PES3SAQ9iILF4iF25/K7l1/5xvEHHhUMZF+/X//i58fbBFJqgvRjLPVvR8DLQM+DgJcGzo+4FC8Fn2xsET0JkFLVoQSUUmQFmd0BykzhmBBDJinwUEV1NaNF4Dvx3TZEDFP6zE9fR1c62lqA2iskdSXU5Ad90TARWPuRjVSD61kyCCovsBhJjrfSlnCl0WgVqjQgHktVBKMmgp34Jkbr10OJVdKJHCcVwqhFJSXuBhgXSk3sSHcxpZZ5gfmGTpKaXcoiWfa3UZkvT4+NqaiLxEBNQPUHtDQeQ/VYknnDAlLoJcYDWWHYW7ZXKxx7QwqU/s7dnexft9NZWlpYWuwuryxkx73uMFtFjN/ARcQcsV4uBRYPknwILS0JTjIsjO0EJEnKwahJaQIxT21nJ8/ryR7cDcp9mKRPoO0gl82oMOk4LwtRHag4FzGzd1D6zDfdzrDDBn1JtdEjX9JHHnvy0HUkLTi8LQWby0mFVHby3Wwy2/rDB/NYrPiDwUfhv5wwIo37QF366xyXrPwJWf74XnIEouJD6mWsRL5VAcTdfOumfr8/zrUJ0hKjsSlRjCiwUXzTidmFjoUaYj2dES9ZTQoUdSGDivOEJzwZaDgdDfqD/f7u/v61G7d3ti/v7e+LGPDujtPfQ8/AfoFzlYIUZGo+QRdfIOXtQtkAABAASURBVLA70BpWBA8x3uU3yIbRRz4FDxzvnJXeMq4xgUZzLtbegiGy4Z8NlGFu8GCukgL9d0QV+rKbz2bDRorZQvrYbcHHYfJ26rbKBlcJe3nGnxj+LmYgsq/SWVG+NabsQJHLN9zWdPjtuiM6g2GyOGQH2eDuZPOZGK5RDImHixU5T/Z30Bl05HDtYliVr6EMr17DKW/4A5ziTBSXsuJnd3J8eRvO/AMhtJUSqfxSx75rM7+TeuZhGO5lOvwrOqnvek1Fte9+E2C88y7IqLcpThSNTQ/QoOwDh+nGwDwAfTo1M4Ca9XWoY4SwcgDqmwFBxczqSAvAUx8nNa4+AXwNc/MwaKcolimQ9zSdLa2pGYY11mLkhHGaD9lCeB1VUnzhH/z1s09/9qFv+8lud4Eize763vzyr3/r9/+RHP70MDTtIpAiJlWO/2pPUP53U4Zo10S7aBqDoZxO/IiavW+8880X/sl/ef9HfnTjpCt/dOfWtZf+xT+8dekNSlrYVc2qYl7mgPh0C28AYB3QdJO6KDXU2jRi6fngvW985eald88+8+GFpWWHgFtXLr7zlS/t7247dNT+Uge8eQsPP1AkALLfmP/OwLdHoE8YKVdwtNuVwCPzV6A5jdyJ3TeI+E7DLxKAWcTwqsbg0IecA13lKMCklCWEN5mjl9VcEUjE5a0jjK8lPa+sJUAyDYhYrIE81yVUnU8RKy9wpB083pH0uWYMViWKqRWE+rpGbbatDAWtCkaLrWMd5k4fo2VBqQzs8mnc2BIY26fm/YEuHIRCrFhSPK4c5/6VJkHxVjCRL0vKURKCkBU7iDIJG13QxcJFSdquGjNyhTX7jfb+wpbVyyRIXZJSBwa9nsGumq3LRwIElH2okOpsuf3u9u7d7XE2ZrGWKwdqso7rqahEa6RFZ5Oq+RdoYEtBLcWTFpFyqLGDLdFL+1haWoocrzzdYiwfbbTwFEoPFwFHKhXmB6u3JCGPYznVpdVJvg/aMCmwP0wKpE11GGieSJrfzAoZprkMJK1ODTxBdLHwWot7QZL0mUO63e5wP6J+X1AMjlYKEZ7zJ30yQgUqvpY+Frfs4WOy/D1/UjKoDd2hIMY4VxyfGA0dhDOLhGyEZKGgZmlETgXBXgmaZ8JZSlZXSiiMCSIky5r1Xh7JoGELywHl7ZHgDONwBS6aRJmIXgBLS/I0vunlBQZ/H+J9KagJENPxRhAm4gmvCTz9c+FQJ4qvQtFf3+ffAVNEcs9BQ6s7LVpMEsN3acnyLrDM0VO2pR19PagqyhM5/uZQnY1/C6ZWjQqhFGGKK24c5PgOSb3blca3Zcc9vSS+hZcY5iBqeYiNYTbm6bAb+/bacuAQdoGa3OVsBi+cEFCdwPwmPACeohnw+ujVDMB/UCuCn8jWIWSwFhvN2nu2e9giNNnVvh5OgaHAbF2s1+1mjx/sN1wB/SCbL59N24hYI/yGK8Kdbt8q58lkPl4GwRIXIC1AlILuEL3h4vygK7iAMALeeA3pMC/5qPadF3774kufP/+hH92899GVjeO9xZWivL+3s3P7yva1t17+/P949/qlTlbU6aqMpMyAaAea1acFoXKpAJPEY89w0s0WuqEz6HbKJ8jgNwMcMseSscLAMd4d/qJIYA7HxyMIxAXmKUGQadu/e+vFf/7frJ186J4nPr60eXxxdROGG6UP57m9u7d3bl65/MqfXHzpj8VwZugijTNsdboLPH1aSsM8Bh4ufVwY/QmoBV4ML85ZkJDNBNw+5Lm4oF/vC2jT7N4lWqqUUlaRrnNhGBzdTiU65+4UCHdjNuJGkkqB49Oda1e+9bl/duT+hzdOn11cXe0uLBa1Aznob+/s3rl1+dWXtq9eEcUP8hRvWJE/LkD9r5UD6bRKKJr0ZWs3eyd7oJqPFCh+5zd68xTaNaZYwOYye29GUCtsmVbfgG0n8fJfU0s5bNRCI6jAVGSKBbuZlqXDp9DdjpRdYeUeAWKAsM3QjMBbJ6wuE+rwFHoQGHzCqgLcKsMw7AhQLlWAb4DpU8XwOpa/h4IKfKYoJkcQTP8FMzfOlA3WXk8MfxbBfujPQS0xnMSD4aYRxGNbMCVAimaVSW4S1aj8LTbPi9DIsnNEFNmmtEuAbCNkaLU0D/TVXSyLRjA1SJvel34kMKMkWkXSywB6gacNaY1Q18cR/0lSA+UoykUoj0QPVRaiyjip4SJHmqCaaCHH+5zhb/lC1/7pjsBF2E6yQ4hyoaPTcQMkyiV9jEh55pXOePlqwEt1koQNlUgPry4nBzWL5OVgsoLKN6zyTEKWAD5oyUmuKJG6Q1BXhAy9oQi57DGinaSQjjpmqV5HcoJK6Z+gnEo4VdLP4+AKYOFUjUc67dc6EYbMgHatjzuy2sHkmrRRhpoUYvp76FHgzULNz4YOzQ3K5Tcq0o5wx8W5OrqDptezcZg3e5NjLhzQ1KhtMYfRT98xHu6RzEThpCZHVG/4y63814eD4d9B8V1aFGdiuKmplOW/fn4+GJHn/0a8g35WKgajiuE2ocPd+wci38RfjLaALUqqlEEYJwkKAVX2YPnLODkuVZyh36JL1F0UQb6VIRTWHIbwG3lYmvkrjb89ebKQrG+ALSy0F2oevI+0ZhqzZHY28/R6vc4oCwSlEG4BXEKGhDja4gX0oriIpAHLJHL/nsQYil1cWMgeWQuRb6yrT6FAc4VqiaTnsnLpho/nh9skdwZ9xt7m2CNf8DHwADy+8EffCrLBlw1AKBI4uIAwAmeKE1eIVhPCO9h/7Q/+0Zivs7h2dO/uzUF/r9vr9hYWBvvZQU/nAZZY8wz89Galo0dpaaxYA0Li+MI1zHYadnovu4OvNicBi94LYxgSxoTcXkKeqFpYadXYtKpanEA5Qwi6o1yc3u2LL7908eWitLuwDN3e/vbtkm5kknCYVIUPEUiO+NLk0ImDIBxVLtWibPu4IVx0hm+p61KWAOoBRZ1aCOCNat0Ppiih+9BUYSWkgkezD/kw6YqimWMJw01nup3w3Mosyrp6O6E0uii7+ear2b+R3qXl4avL9vdysiFNr2f1grIZUnWOeVLP7kN9qArUJSCFdpab9jrd/BcE3c6gI3r5ywTyFwQIrd1mLIHVmwqZI4QQg6kkQj0LEIQ+JSrmaZbgQQiGRptXGA40B6bVTdlVOHPbUHYflHQOIKNaHwKAFAplWsAkaMeqO1yNrdQg5YZa/Ryv4sHHkI2tbKRm92vQJzg4KoFHG2h9rcWVOrxswZnregsw6ErlvWkJkCAbwYnhmuI+bS2YcsAtG6gKi4zTMDcZU1ccpJV5g9YQJNpx9cheWXStdrORFmVFUEmTxpKcVP+HEbcUys/HNe7RX/eanm5OfgTjaJaWZqVdullGl2hkktRrqSbosSaMnOnpGNVlpaXQyZ2Xr7CjFgiNC5esmqFWSYF7SVdEtogokpYY2+EeB1oNQnpH6gZ28sDK96QbUH5CSk1Nzj4yW6bELsbifDDhCQbMdZKdI2t2H4zG5/DdlJLkQnVI9NAhQSeRPFKgZmsGr5MlWETIrD36Wh1qI6IyWkQAL9S3tGHoFrrsDW+LdafQBIKCJ8oUP5eDYvYjIAKz0qgD6dwZAghvXvgsYmxys6ZDmqvQ/F5N9Jm3oa9eDLGNfumbmqp4tLNiAzhIHj2o0VG0q7GlvQbQy7+hVt87pX6AFkr2sSD+WoVSiPFehZVeqdqGfas0w8gKK+Nb4TAjUFmWmiiaDIow2QcsI7J8jtFYu+ZjPM+DlTNoI++R0Ew7F1hF9QQmkZOtM/b19zL4mIBLmBjkw8zhI/cO2JnWgmJg6vISxTz2xOR0eosrG4767P/OQq/T7cq96/v9HSG0FezMjG538eSFj5+48PGltROLK5u9pdVOd2HQ39vfubN79+be7cs33nvp7a/8xs7tK6hwp3Gjz+7CSm9hWTCwe/cGM7+t082MPbW0eXxl8/Ti+tGXP/8Pi4Z1M/5ud/jmGDkw7cCs2zj9yKlHPrZ29GxvdWtxeSOT2l0Yvq+2v5d54ObenZvbd67u3Lx06eUvXH/rqw5pmHBmn2pky5snjpx9YuvsE+vHz+fGLHd6C53OMPVt0N/t7+329+/ub9+9+e43r77xlVvvvNjv72VDsJ9nQLKvl8Cr0BqxvHHs5IWPbZx6ZHFta2F5vbe0nifkdQb7u/u7d/f37uzfuXnj4iuXvvlHt4bpWcQkBoLhliFBpsWu2O/vwuJSVyxlAd3JtHf3Za8vBjILG1dKgH/SH1ZlA+n4Qx/YOvv40trRheW17uJqd2Ep8/xgsN/f297fvrV758buneu3L71+8Zt/sL99h5YEVIV6kgnvFoPCN9/v3b01KFJzig7JZqxBntjUWTz12IeP3vP4wno2bDd6i0sAXZmN3L2d/d3bt9579eK3vpjFSfUONROyck23s7C0LjC4cr4RwzudUo6VAzRa7JCDzJmaSY5gUSmsSwl0l7pLq4POvpDVi6KG+5vJQWdpxSAe7O5k05rVQfk5dLs5fXFiW1IeZ5Eg+/u6QcWjy87Rc48dve+JhfWthaW13uJyJnJ4ddzfy1i2b1y++toL1956Se7vC1MFoq63tJKx28lAnd6SCAFks8fieOJFc8uyFu3uZhE+Kq4+yj+Eqbm0xdX1I2cfWTt2KvNe1uTu4lKn2xtuMpc1fHd3b2+7v31n7+7tW5ffvvnOK/k7vnU5lXwwSq0xy5xLKwyftg/zjDR22c1mdhGSQl2IGoxvckwfDvcFLPf/G3s4z0cfXpnVwuxof3cH3XgPKnkCaXKeH5FdwddOnlo7cbq7tNxbWOgu9DK9eRv72fyUhdnujRs333t35+aNcr2u1FzFQCUYhNnR2RiSeWwPN/sc5N7Lf0MoDWNMP1jBnJm6evzY8mZ2MV3q9rrZ6VBi/gbAodC9/v5+dieyt3/77p0rV/NXvIH5zFD3A5iFmvFD+cMEC60LMJuzqbGvxf5IDvSWFlaObyysLHezK+1Cd5SuMciftO8Pdm5t71y7tb+9bwmsVHQ6w/Ts/hDq6yAFshsiYWGnA0sbSwtri5kBnd5wZ0ro5C/llKPfbw5vaHb7Ozd39+7sVS/wtIYSCNN7RnuVYnRwmRnlmRkL652FlcKq4SnkF5/R6yH2M8OGkdPfGezd0r4KmCMWH8FF5Init6vD8cob6MHTQSCDGYNxqMnOQz6jDCfX7Npir6lNDT4zpOTlLwIiCuq0Ekav5JVaGYuMJV1Iwj4QwWktaUj89FCt24bKkHXDXCJCUU0Ij7Os4sWbBb71ZyfIocaSwnQZq3MlTeZYUbcPJUULyB2Td38+oxh1l9TUU94sN9+VBqMwZZK+kqg9dqGkWFQf4SodbReoBc7g9Baqer27KQg9/5Wv0SWpJqx7PklQCdK3tS4DPiQSXkfMkNfFz5INAbQ5IST7XYFLy7hnGddJvkzRvOE8teO7ABFkkr8BDoqptH78TTNek2vuAAAQAElEQVQ/mYbz64M7iKSnXsyiAxx3o7ECo+6Kkyl3XMCmiGbH3gxciVq0aNHi0GMuZ1D4nr/wN6UYLq8OZD9fhR+IYkfAwWD0cGO41N3PNw0clufbAmbLzv1iO8BscVGOigZyvFOgGBaaOwUKfafA8SJfmV1RlFW/7RtudCdS7hRY5HOAyDc0nFRvNbzM6xKfb4HUGWXhNGzHFDF8/2O3J4eP4vdFYsyK1xZ6C51uZ39vv189KB0iwL4pN8WjPt+RpTt8Drffn2zSKvirE7mueHXuAM8nqyUYP483O4azt7DY63X2shDd73sFN/Qgz8/LEgnOOsiCVSCdSEQKI77CEd+64+ff/4Ef/w8EA3s7t3/rv/rzasnpC9/2wId/bOPUQ5ydk+7evPjO1z732h//yu7d61z7xvWPf+YX7nvf9woGLr7yx3/yP/0NqnZp7ei5Z77r1OOfXNk81QFt06zf+C9/WuapLd38+jHIL5OmHWNkFPc+8dnTj318697Hinw7Dvr7u1ff+Mpbz//WpVe+KAd9ByWyjZFNomP1yD3nP/TDpx75SDcw72dv+/Z7X/8Xr2T9cue6XxE4azFsnX743qc/e+z+9zlzTzVkl+5bF1/NHPXO139XuO2haz/zb/8dwca3Pv/Lr3/xn7oE0iN57ei99zz1mWPnn15ZPy7YuHPjvYsv/dG73/iX2zeumBrIa4xW+PAnfvLeJ79dMHDltedf+LX/Ty4gFw1w75OfOv34J1aPnPHyZnfg7774+Vc+/z/193YFZRKIU4986MKnfkpMCi/9i39w8Zt/7N5NELAPo/Khj/3IqQsfFjwM+nt/+Pf/rwW7ERZbZx5+7Dt/hiNkf3f7j3/5P1XZ10+dv/fpT26eur94bbEbN997/eU//NXdW1crfg2jgmd/9C8taEmNDWJv5+6Xf+XvKhZomUO6jaPjzTP3Hbv/iY3T53oL3Mkquwm8c/XS1de/ce2Nl/p7e+NeBVWsdqypHtE980M/K9i4efHtV//wN3WxMHy1fKd76rH3Hb3/Eb6oF3/rf9nb2RZYMD78iX9tcW2dKefO1SuvfeFfKgVlI9XrhemTrXvPbp17YHljnbMBaPbd8M61q5df+sbene2S/JFPf1awIF/9oy/I3d2FxcXhMkG/eJNA8dSn6gs7KoruWVhZ3bzn1MrRIwtLAZewve2dO5ev3rx4eX9nr1JRKdKPhN0HcO8zjywsszReefWd25evVyKgu3nPsbVjG91F/z3AoD+4+fbVW5dumkbmyG6Wsy+t+/v7g/F+RnqEqyzaWXexu3p8bWVzubfIvQ/JsL+zf/fG7p2Ld5U1EkuR5ajqg6hSDe4tdZeznlzrdhcCksL39wY7NwfbN/qDPTkWbfedgeHrgzvd4QtwBwPBiHH6AuvhCecI52IITYwuiO7C0HXFekniL9v1xPETh8IF1VOhr0p0OsN/AykGfV2KxLOH8k9plig0aB5UsZmewiGFdi51saWhUufHiEefA1X4oMqlKskG5esEZVlebndXrd8W5YORNqkoLSSMvi4PU1a6vW6eD72fv12mP2aXpbG9/us3bm4LHGNBWivyK844k1s1UO8Uy1GEBrpW2nppaYQEu5dReoNs+IJqKLZ4d+0UWBR41sXNiFK0SVqWtOQ5moy10jPwjOajDdS6Bl/+l2K4ytbpjB5hWDJQ11vnzr5QCiXCa7FJhgqzHt0KULp1OQtHhsBwu/ThXoqD0U6BgugaQU1KTo24m7AKovlalWMyFULyJAhf3A0n8+Ee4Xm8DFz7IwrvyrSDQDpPzRrGGjgZA2SP2VyYayBH/ixOUkQIG4+KXShcMemnZ1mDCiyemg3yp2bWrMEX66WXVFmQO9w1ETaUSVwuqbWeX0jkSDjLAupjDAPs2uZDfLhr9XUcGQY5XMkoHgdL37hm2RViei4QkC9IuBCgv0od2dq8dOWSkftsvzNjuLYG1WMaWdYBuYZm2cP96gV8CumepChJ6DgVveHrX8R+1aEGR4JByhUROfd6JGYR2+stDH9oub/H46DKGhpmCUbJwsJC1sy9/b38x65RIkLpEoJxIcjmnGx5MKPc29vzbAczaXhvDMOQjcesscWanpgQptDn2Q1SFrRZuGbP+iMMKGammEv/9JBdOBd6veyOcG9fTTFClmeFWSTHR8ryb7maWi725jfdecWwcMhTvJAQ8u0Dih+di07xA+ucIT+AblE7Kh/+7Y7JusP1qeFp/mPx4Y+zuzlvNzuWBcFQbP53XCtz4uHuBKJFY2hgRXeC4g87Zt2989P9s2kpsCrS2D45D5jP76K4G4H5xY1H3YABdSjCmBtxJwQVR6O3uFoeb5x84Onv//fWj51jc4uVjZMPfvjHz3/oR775u//DK3/0j0UzWN1C8pwWV7bOve97zjzxqdXN06ImAO5/9nse+raf4qezlOj2Fk888IHs32Cw/63f+wev/vGv4Bq0Dz+OnH3i8e/4ebThHCwsr5193/dk/268+9JLv/P3rr/3TZI0MKLWjp19/LO/sHn6QRGITqe3efrh7N/Dn/ipl//gl9/+ym9L0ezXqu6CM4MK8POVI6cufPJnjp59TIRjdfPU+Q98f/bv5qXXv/Ybf2f7+kVCVwIsb50oj9eOn3viu35+ef0Ykzf7VnDm0Y+fvvDRV//4V9/8k98wKsWUsLLlGcjO72ex18LxG2DrNLu7uFSyd5dWH/62H906EzBANk7d9+wP/MUrr33tlc//ysBMLJ5Od/QWl/gWbJw6d9/7P7O0xs0PViTD2tGT2b9zz37i6hsvvfknvzvY36dIfQVclfbRdJEtRain3vvSpa3Ne596bnFlVfBVdDrrx46vf+TjN99779JLX+/vBf2wCrJg2Ns1s4e9dvaWl48/8uDq5qYIx8Ly0tbZM9m/nVt3L7308t7OHqm9djcurFShvnZs4+j9p4G9DWr2CGbr3PGNM0euvnZx+8a2mxgY1dm6zdbZo6tbrB2UDfSWehsne+snV+9c2b5z8XaVD+AD5569u9hZP728tBr2pvKRYQud3rHO2rHe3ra8+c5umRo4ZRzcjMCGBZuPWCO4C8iaAmmuSAPrb3niVewgUKpMKsdOTbnNfIPj9nxi+hOoZ5tRDg3jK3aMkbYMwfJ4w/DHRb6uL4iHKUkMHQpJIEh9CiLC/B2lJY452ApUod+KsVODVEKVwhBipNfEyYy0xjFj5vAxQ/PJ9OSFjIS6ozzgFnc+I6pZTMAtWDQcqN5oQ6spBN6vJLv1qIl5C4g2gFu0mFXM39Bk/qTjQKCBFhUiQTSNNikwPZrvtUANzRt0UHCAEgFnoikz609fRuDcDBlwHs0MIMioqWQEphY8zxmBleBO5+nv+XfPPP4pEYUOdC988mfOPfe9X/6f/+b1d7/p1CTqI3t68tDHfuKBD/84Zy9Drx33PPGpR7/931hYWhP10On0HvnEnzv3vu99/lf/X9fe+YaliTs2ugvLT37Xv3nyYe5WZ25snn7kAz/xf3n3xd/7+m/83X7f2hYuxH9Lq0ce/ezPnTj/PlEPC0urj37qzz/00Z/46m/815df+ZKYNKD8Y2BxbevCp37mxPlnRW1snLjvQz/5195+4Xe+9fu/LPXXsPosCwN0eo9+5mdOPvQBEY5sHD3wwR/YPPnA137jv5HSfBHqlADEsb+YURnCBTGyTj/20fve/52c3QFtHLv/8bUT93711/5//Z3bihFThtuCtaOn7/vgd6xsHhW1cfTcI1v3PPjWV37vyqtf9xLXvgtK49hmu8eWDnDPk89unrlHxGLj1Kn1kyfffuErdy5dEjXgbnh3cfH4ww+uH0sQFUvrK2efe/Lmu5cuv/bWcM8upsfDO6a70Dvx8NnF1eBfBYjh+7u7xx86c/3Nq7cu3hDRALFxZnP9xHrNoIJhauPy6rHl25fu3n7vDofejU6vs35meXk9wSLSwjIce2Dp7vX92xf7zvU00A6bGGZxX1TSWtLo9NH0pQPJ7KstsNG8wNi8tmBHOk0S8Q5zyZ1AXqBw2VK1DFBCiGw2pIuviSsN6+3hNgKdbr7tTb85q5L7UxcYLx7wPXXkdCJAt4KTKBxtZvK8QIibfULsmEwuUZCKelNrQkmTi9epj4w0IEf+BPRMDTMwq81w8LRpVZEIu1edAzcH5gXOCiZj8gG5ALSYYbQBNk3MmfelcJg8D20JXutJDTk5G2KeUbVo0WKmMfUpbKYxyYxAaLIzgFnGE9Vg3twE4xFrSIMti9aYzuGNta63uPLRn/7PozMCS6ysn/jIT/3fTz3yUZICjJOYJh2775lP/W/+6wc/8qdqZASO0Ol03/dDv/TUd/879TMCSyyvH/vgT/y19/3QL0JXf4jOM3b9+H2f/Pm/lSojsMTpCx//xM//raPnntJMCfHfkXsf/9i//p/Wzwgs0Vtcfub7/nePfvpnBUzy7pRs89a9j370z/0nSTICR5oA7n3q0x//2b959P6nmDNFKLq9xed+/BfjMgJLHLv/qff96F/JN8ybAdQb08kyAqPwwEd+4P4PfDfUiOel1c1nfvAvLq4dEbMBt2dOXXju0c/+qSQZgQU63e65933yse/4icXVzWirpoMUNgF5qzcshk7n/g9/vE5G4EjccF56ZuvcWREGbguXtzbv/9D7k2QEltg4feL+Dz69cjR4K0omekuLZ556IC4jsMTW2aNbZ5W9Wsm7RgTdhc7px05v1M4IVJWvn1g59uAR6OoJdhYZVVVgYbV3/JH1JBmBJVa2escfXlpchcR3x3xRPEowui/hvANJpc0twHZyavmHB5NuLLALKQHJLIbkizogJjJIA+UfuHjmfS2KbXY4XzspczEBT81/Z3hmEKgZojBpF8EE9U2h9yejcrqLFAEap/qApNn2TtabszmRQfmnRYNoPdxiXjH3GYFtSuNkMdcZgYcMbVJgSjS8WBSyTArtTQcfMLP+CjNrhtoxf/GXePG4cQByMoPGw7SNajYjMKiiATTXOoBP/IX/auPE/SIR3veDv3j6wscxTaI+nv7+v/yBH/8/L67EvJHQwMLy5sf+9f/85IO1EqoonHjg/R/9qb/R7S0GcW2efOBDf+Y/6vZqpSZQ6C4sve+Hf6lKNwwJ63uf/PT7f/T/0Omk33A6k/yRn/qPl9a2aJJGHsobOPvUZ5/7ob/SRAOz3nz6e/6dkw/zwiykhZ3u4vv/9P9x7UjdJCEx3O/tnkc//dOaGVOZzZMoncaVKNP58Cf/1MmH3y9qI5s0HvuOnwaYya9sZWAAPPCR7zn7zLeJBrC0vvnoZ39siciMBPJk0pik8k6v98BHP7WykeDCV+Dkw4+KYPhbvHnPmXuffhIaeHjY6XROP/rQ2vEtkdrzC6vLZ556oNNJMOLWT26sHg14rXOBxdWFU4+d7i6kT8teWOmefPTo4trC8CQ8I3DlyOLR+1ebiPMsQDbPLi65cyCDi5qP7QAAEABJREFUZvLUVs7Z19oWBOY33dBS4V9Yn52grZPL1eJgwf11IipKGgytmVjvaTHCVL6KTmZyT/RtNx1Ysg5BXmDzauPmmGbsgkM65bV5gQfzS1N7mW6RDm0y0/xCokXxPSrbcODicLhqvpvYJgXOC0JyAdvbn4MIQIug7fR0aDMC0yImDyNpMyafEdggwFuQFosrWyIpnv2Bv1J/30EbT3//Xz6DphuGY+PkA5/4uf/36uZp0RjWjt77kT/3N/gZfmvH7vvgT/71JvLSSgDA09/7l+4J7JoLn/zzj33m50RjWN06/eGf+k+IRM8GMgKta+hjn/25Rz75U6JJPP4dP3/qwkeE15QQLK8fXV4/JhLhxIPPcTMXW2A4dt8TIhEWV9cf+OgPWsWzcuHvLiw98d1/9ui5h0Vj6HR7Fz7zI8sbKXebm2MAnP/IJxZXg7PNJoyTjz584qEHRJM4+fD59ROJo2J5fSVhIvGR8yd6iwEX8ZWt5ROPnIROU6M7u+gfPb+5uGb+PsGrb+PelY0zy6JJbJxZXNqcxbWp9kt2ABI5qzmfp5c8qU1WFBWxL9+dFiaqun1cUwvtdNeixUwixYr/PA9vsM9rNKextLqZlSba2X0yaB/NFS5oo63FQUH7naL9YjUttJ6fccx97xyypMAG+qvhpKwQ2e1tVwAa7rcamF3LPJgLw8nUyqYeETSMFBmBSX9VCpXUiWcEguMsjHfmuCadEdgQnvnef3fjxHmRDo9/x7+ZKiNwae3Yh37iP+wtNLIhn4rVrTMf/Zn/R3dhxf/zaug8+8N/FWASr3B9/Dt/YesMd5uoBz/2p889+52iYfQWlj/4k3+tu0CmIDQ3CB7+xJ8982iauHLjsc/87OnHGtlZLRUe+dSfnZWXCFuY6N3GDNzaHDv/xOqxBHtApgeIC5/58eX1xtP1Ot3uI5/5keXNZGmv84szjz21uDLrGYHHH3pg4+RJ0TxOPHTf+snZjYrsdvjoAyeYxEsbS0fPT6ItR85vLKxUqYre6W3t9PLK5oJoHhunFrC8wHY9tEVKTOp6Hhe3ByDarWcY6drUrnfOObjPtyaxkDOTmJWm1LcDYhe90mWWp5E0P9HFsrSdQ5tF698WLWYF7Wg8fGhXDFqoaONhohh+xztE7w5uoEUTd9Lh2ynw4MXhfGaQJcMhzJw+5D0eD4ioSa9rnlWxMJ1fhjWeEQicAr+kwz5un/vR/xMUr+SrPYmtHb333DNJUtMAOgsf+sn/MPTFvtFY2Tj5oT/zH3nJHvrwj62sczMJ6uOZH/zLwNiS8MQDzz3wgR8UE8HS6tYHfuLfB+wdjs0NpFMXPnLu6e8Qk8Kj3/7TR889KWYVnU7vnqc+KWYch2ZaPfe+z4rZwwMf+u6VjQmlZHWg88inf7i32Ox2ZTOOlWPHt87eJ2Yb6ydPbN0zuRzW4w+eW9naELOKxdXF3rL/8tpd6Bx94LiYCCDPC/S9oXj0HXt5c2HtaOM/mSixcWphcbV9l8Xc4hAuv8vyj1UaJ6shTLdrGNqbv5tzrxu2j44SQPl+3/qzxSFA0mX5+sLm/jtx+5ijRYsWLVrEoL3tbNFiqpDooWgzAqcl0ot2yTUeDX9hab8PNYTZdazHMlD+zhxmP1bpPQLnDNXmgCmMb8QB7czVgsLy+rHHvv3niMqpBc5zP/SLKxuT2NCoxNrRe887U+ug0z3/4R8RE8TC0urj3/HzbpqVrVNPf99fEhPE2tY9T373vyUmhfXj9z3+2Z8Xk8Xj3/ULE0tIjcC5Z75LzDIO0/Vm49R9CyvTzHyynX3yoaeP3sfdZDQJOtC5/8OTS9udNXQ63XPPzs5LvfGli4W1tVOPXhCTxYlH7u90Znc62LzXs5UmAJx45GQHJteETNexBzesUW32aW+5u3nvpLelXD/TA2y7wKbWyqaevnVgVkoP0eMYLb0svN1MjlDBs98B0lE4VeubVn4If8ccihl00XTsOTibBbZIjHYOmXG08/xMI/vi08m+K0I7tbVo0WIGMXuXD+fOb4cOk77Ct8tDhwlTclKbFBiDJnOJQnaBa/MGwzC36YAq3SxinqNwzgaRtR/e7Bnfzkkt3Ljvue/bOv2wVdzMS7wZyOw5fv59YuJ46ON/dnmD3Ajw1IWPTebFwSrOPPptC8tkylG2jPaBH//3J2/VyYc+uHn6IdE8oNN934/80uQXCnsLSxc+/TNiVrGwvLp+6rxoMRs4dWF2EsLEytaJc899Wkwc68fPHDk3iTlhBnHswYc7Xf+ecxMBvnSRTaH3Pvu0mDg63e6xh2Z3A8XlTc/2lkfOH+suTLpnO93O2gk74U/pWRBH7l8TE0f2zG791CTeVlwXbV6givlpwrQtTZsRKM2D2e0ImWg/xcOGmfXSwc6AmVrTZsWn9e2Yvf1S5xkN+6V1e4uDjk72XbHTaR9XtGgx3ziYV6vZbNVc+1oGlLaoDXU9gtwxsMWMoU0KDEbDuwM2Qttilv015z3ZBqKN1icRmGmnTdW4AxhOj37mL9iFU2kndHoPfuzPiHBIKXfv3rh782L2T8q+CAcAPPuDv0jVnns6eHu2/d3tW5ffuPbm129eem1v+5aIwn3PfR9Vde593724simmgSf/tX9bNI/7P/j9vYWYNyT293fv3Hh3+9bV/b0dEYVh4uM9E91uLQjHzj0hWswGNs48IGYG933gsyIK/b3dnTu3dm7fGPRjJk8xnI4+2V2Y3PtMZwUgjt73gJhtHLnvvm43JndcDgZ72zv7O7v92KhYO7a1tLEuZhIgYGGZ3BG2t9xb2ZzOS7HXTyx3FqzloPFi3uqJlbj9F7N7pP7uoL8/GAwilwKX1jsLyx3dJs02nwUpFyFlZF24mvnNsUlttmwsmyRsV7o0+1OSjyWko53SPGHtTOghQrLy0uwBwdOmlzPfLDSBPfx4VSkN8b7IWI4POKJSoqa4xuYwGV15QCF9o27al5NDkhEY4ObkbZOsovnCtMNWx3RNmUTAtGjdkh4y1c1zXRyWrq3Vzqk7KdCAmc2dYxmW4Ao3WxdJAjNgoQwobVEb+jrFgUfSpk51SM/IZgPzgYZTFti7A7bgYtadxd0dsN0gsC6AVdSiBYaZ28Vz/mP3yD2PLW+e3L5xUUwb5z/8Y6Fvbs2edL/0ub/32p/8qlp49L5nnv3+v9xbXBEhWD9+7p4nPvP2V38LqTr5gGDj7q1Lz/+T/+fNS6+qhb2FlUc+9TNnHv9U0NZ3Z5/+jm/9/j+wywG6D37kx8WUsLx+7L7nvuf1L/0z0RiyMLifToikcPPS61/99b+9feNyfgaFnAuf/plTD39YBOLJ7/qF3//vfknMJI6cfey1L/5TMdc4KJf8lSMnxGxg7diZtWOnRCCuvPaNN770O4PBoOyQxdXNBz72PSubR4PkdLrd+5771Ct/+OsiGeTsR8nmPffNzDaBODrdzpH7zopA7Ny68943Xurv7FZF3e6Jh8+vHz8mAnHywn1vfPGrSsEMdevy1sr2ldt62ci8rXuPiOlh6571q6/dAMtR0IG148Gpt3vbgxtvbw/2qsUtgM76mYXljeDQ3bind+VlJSrG7uJ0aqE+oO99Ql31yaNsDmYjHYc5I1DWJuDYQYrxpN15C8OfxakpR8ihRc8qEwF9EsfHlkdVSS+XZJS4bTESAaMzAtmNmmE4vI+QzsSEmca3nHHF4q6JGYyUBkxiXGvq5LZI4thJWAPcnIRERC2aRNsFk8HE/TwhhVOOn1m4LM/nEGrs+09ixpnDXLVkToyNNfNgZgROulXzFNGOdYqDiAPV1HanwLlCm8d02ND2eALQGYGtew8k2m6dBzzybT8lpo1ud+m+534giOXO9bc/93f+t0ZGYIarr3/5c3/337r48hdEIM5/6AfRcn6q4mCw/wf//S8ZGYEZ9vfufu2f/53P/71fyggEG73FlfXjyBsYz3/g+7u9ae7Ldf6DPySaxPkP/XCnE5ay8PXf+m+/+D/+x+OMQFF8Pejv737tN/6/f/Ir/0W/vydCsLC8duTc42ImsXb0THk86AeEU4vk6EB3cb3Mn5vmN9L7Phi2TeCg3//Gb/7ya1/4TWN3wN07N7/xz//RW1/+PRGIjTPnUmfIzdQ3fMSYEw88IuLFyb3tne1bN/v7YVNTEI7cf3/oG9gvvvTy219+vr+jb7M6GFx68eW3X/jGYDAQIej2esub2GaBcvqdu7Re7AVoJnz0VhaW1qd5eV1c63UWOraDVk8sh95Q33x759qrdwa7Wq9JObj59u6113dCO6HThYWVWktVUoYMa+mvl40sMzuVzebCo2zEQilH/yJNYpIkyAiUxqdV6yCombBFpOU56YhuQuXIkr72Pi8TiF2nM+UMzPsEApIl6drw7Mogf8yC8yRyPrOdmhiSOE4ruYUbdXzF5tXzQCNVMjmnkBGYTBoyHdSQ3Q6D2cAB7AdXYM7wLX07ItJDmtP7jGN+Y6Axy2Va2cT3ZjmLvp/jG+4GlmrajEA35uyaVwcHrUXtToF+zMr7glsE4KDsETijOBBxO7eNaGeNFlNBf3/n4re+cO2N56+8/q863cVj9z1z9L6njz/4/g7EvCjw9KOf+Oqv/+3+/q6YHs5/9MeC8sAGg/0v/MO/vrd9A6/d3/1X/+Q/+8TP/a3ltYAtr1a37lneOLF985JauLQasGnQ3p2bAzL/TN69/u6f/M//2ft/5H8v2Ng88/Cty6+rJQCd+z/0wyIc2fO4K6995fpbX7v25ld3797IJG+evnDPU5/udhdEIHqLK1v3Pnr9rW+IBgCd7rlnvzOI5a3nf/vdb5BpTJmdL/72f/f4d/wFEYJzT3/ntTe+LtIhi9j3Xvz8zbdfuvHuK8tHzmyeeeieJz7VWwx+SWVHSVG99PKXFlc3ewvIppinn/jE4vKa4GF/b+ft53/He0G75u3xyfwSufj2V0/Rlde/dv2tF6+/91rmpY2T95946JmVzZMiHEurW7u3rhbHb37ldxaXyxSoyr7F1Y0TDz4j2Lj6+ovbNy8rBUhTs3Aqnb127MzKZtgubq/+wa/duXaJqr34za+sHjt95OxDgg0QcPS+C5df+apWmiYe4h/JpYmVSl4lp5PNmythm9EW2Nvefvv5P9m5eUPIYjO4bEbvrB07fubJp7KpTyTAyF0AsHX2HhGCm++8d/siGRU7N25e+darJx55UIRg88zJ7eu3Ek4L/f392xdvbN+8u7+zt7y+tLi5tn58U4SjfEuvvsoqt86GbZNZYvfu3s6t3b07u3t39xdXer3VxdUjy92FmD5dO7Zy893bUigZnSBWj4WlKt69lt0fkSmne3f7t97d2TgTJnPlSHfvLpYY2tDMX0dscxejJJITrmE2sxxaK4FrMhmBxRQvtYQ/T16eSaLl6elt1iVxXyvsrZIhUlTz4vrDTIgsgjf14JDegoAGBDQ0zPWTw1SVRyHWYkmeTAjS+BLHb4oAABAASURBVHRTBQptDtI6CpgrZgTB5jmzZsFD5ZPSQgjePoupdIkkCBGTOBUkuCZOXjPCGkoZm5fRdfBngTloIStFid8O5VLIuj2NuI2NcGpUP0y486Z7GyYdZdOL4glq/l/Z+w9425KrPhCuOufmd+/LqV+H1zm3QishkEASGBAiG9tjI2zwgAOffw6Y4DFpyNgMnwdmwGYwQ85IQkiABCiHlrpbHV93P3W/nNN97+Z7T1yzz44VVsW99wn37v877569q1attWpV2LWr1qnqkyir5jZKqDwC+wPQ3G0GlJAjKG3+0A6VU6ABg/e/qTyAtiao4b7CVkcBNWKTVqpBP1Y3JRYvvfLU+36y3VhNjbt87dTppz8wvePA677tJ6bnnF1barS++/Crrx5/gvQdNJnD3H/Pl7qkIy/+7a821xd1FADPf/AX3/CPfpq44JbXvPPYp36XZxOgQ+28LSdnd+285aGFcy8o4qHnx3nuhd23PETssH3/XRde+DgbsuPm+zzc+DqtxtPv+9mV+TNpyMax+SvHHj/95J8//HX/YcfBu4gjbn3116ROgcW28l23PkhdfFsbqwvHP/PHeporx5646aG37Tjg4OS085YHaH0MCtqKr7G2+PwHf6nbWKlR0mp1NlYWFs69dOG5jzz89f+e3fnPErX6WLpH4IXQmU+yP91520P2ToGtjeVzz/4tVox8iM2uY0Pf53eh88on/mTp0olI0dbq4ur8hUtHP3f7G9+1785XE0eMTWVunfPHnmUyn1lhZvdBJ6fA66deWLx0mufB2pQmf+LAPXc+SFxw4+wrIX92EU68PvvUx+cO3urU1ey544HQKXAoa0ARSiVLlz1eM7t9To5evnzp8tEj0OVcT6DbXb129eRnP33TI6+e3pHz4NqM8/TOndQlz+1G89rJ0/oEK9duzB7cPzVr27H01Ngx2zsIoaBJm/Xl9WuvnEuLc+1Ge+3G6urVxX333lyruW1iF9ELelFKJ7fZbgzMYvH84tqN9ZTNxnKTLDdXr6zM3bR9225n59GpHePLl0m4whv1uRBo5VR/O+3uyhVmu0cILcaz2FjqTO7oTrhs/jexrRa7FPHocbdrYtG0NtN72SQIQd1JLNJ6QlOfrWUV5VJRLPrkC2hNH5H5ujqAdKmm07n9ic6CsksPwhKyxFYrZFBQlVAHWvEHh5oGvDGYQJadRpIqzKCBdyXF9HVmkU850EVYNj9zNhR29M27a8u24gku3HIY3a5ODRtAce2W0j3btvTgHbmlUaJl+rIRa7EyXLgVKRk8Yvz4+TIzde/+EsEqyJlHP+EgfvN2U4NW3n0sZTv+HHW4W6ZY2QMXaPW+Uyr6KHlzihpVQDlW2jSW33xVqIQcDYGRquODdSh5j8DKb6UIUGEJc9gNa6XfUO8RWNXbIUBVCH0E+6QeCsP3fehw7LE/fPyPfij0CBSxvnj5M7/5veePfJS4Y98dr2dvixpWd9qNhfMvXX75s2ee+evjj/3R0Y/9z5c/+dsnHv+z4Pbi0U8ef+yPu93e4ZW9PZdcfBmb60uaneFSLF05vnz9PHHBTfe/VQgZm5hx8lF77Tf9p9d+838+cO+Xjk/inhNXjz1OrDG797AQcuCeLyGOWF++9rnf/X7WIzBFq7H69Pt++tIXP0McsefwI5RxwiiwHey/+41O9Kcefz9A16jBycffR1xAKT14z5tIEWisLT75Jz/ZWLkec07C282NZ973XxrJPnP2GJ+aE0IG9AoD7HKbw1LSIGeK4LkP/PeliyfkqFOP/+X8qSPEEWOTsxZUHstyDknm9h8mLrhw5LOJFFYih26nc/3UUeKCqdkd49PbRC+MYsp62CYyYHafsy/v4oVzF198nvMIZKZOO+32+aefWr52lRSBgOG2/W4/D7hx9ly46RYwPJCp3YXTbo/UAHN7d/OqeWJtYeXaK2flettaa1x+4TRxBK1TgU+AyTnng4O7APPH59eurxHOdOEXkOWLSwtnF4kjavXa+Mw4y2tyh9svAVavNqUlYqS9r11zPr16ak6erYLsv33X5fogsGAO2CeL6A/A7pMS26fqj9p5OFhIcJalX/6G7K/EUu5pQcnD1iOQ5wJ4MKs04PI0sC4DRgRYJOfJIVESZB6mRqYiA2IO0cOKPldTyPopG0qCU9qGuQKtLBZmVlCAuaaBLjInlK0Du9cHa0WAg0kc2EqXxcBdEXBOJjAgtlUeSa0sJ9Am03JyUwY0dwhxoQWWk1nB1XIg0LZioot0y9tQWaJQ1fM+r4aujpSh0AAymadfLRmDfeoUxRC46jsElga3h8lgYN/hJhTFZ2OYH0v2Q/eSpTjR5QSQ/rj8l4aih2V9NcboNYfeTK79y1EFFsNhr2qnwCFG5fezNVGVe4UKQwbYwu3y8rHHTn7+TzUE0O2++He/sv3gPXN7byUu2HXrw6Q4dNrNs8/+9aWjn1m5dkqx2RWH/fe4+YGFmxpaVYTlSy/P7b6ZWGN8ctv0zoPrC5fSkNSXyx47b34g+JDQ62t98dLSpeOLl15evPhydDDxlVc+v/PQfbVaLdyDsKt80Qszd/HFTwrBe259FXHEs3/xX1qNFQ3Byx//rX13vr4+7uAPQWl9x6F7iz1gN8Kumx22PQsseO3EF5IbXY1YvnySOGLf3W+4ePTT+fubk4+9Fzptim6zB3Dm6Q/f89b/hbhgbGqmsersSjgMAOavSypIN8fLieunX2itKn10zj778T23u/WEY5POXkQFIrBkfWJqYtph57bG6lJrY92GcuXq+X13OWxwSHpd351Xjz3PNET3x/WITGBM73I7r7nb7V59GestOQvB1aMvzX7ZXkoLqOrTO902HVydvx7pA8iWoJAcdkw2VlaJI2b27Fq+EjKnCTevtrxw5jIR1er9CTTrtDrri2vTO2aINWiN8nx6f6d2OTSlCMsXl5trTVVs8HzfWNxo7p6Z2Obm1Te5faK11krVm9jmNkfUWGmnxmG0Cf8ypdDa6BBHTM6NbSyx+U2NR9O2a9w1kPUPKKKyG2Tlq3elY1Cz/YBc5edVqCxr3xOd5xTu3cWEIgWQrmSqPR2UZw3beASqsiXxhHC38ixcVEwjSg+IFNUZDk2ki8JrMhhScnSmKCB5vU+s4MjSx/pWVI6tRX3npmMei4I5CKxTukoqNknhFU1fQkpiMMSXhvyCcypZ3NOiZNlDKSA3CmqovnJGAdaNeDgxWi2mYAyxvkWqVtJB01Zc2X2yhwsj2/tuUrFW6I9utlL6aKkRfkJWylcYGQxNaVdOgThKm8KtHL7Kw6awLXUKrqBH/83WL4ncMluFfsCwtAebszi60Hnpb/+HDeWRv/7/v/k7/htxwfTc/lqtHu3bl9OCS5eOP/3nP9tqLNsnOeB4dnB9Yvrw677JhnJq+37iiG27DrFOgZ1OI1iS8/PSGJuYmtt3e/C5+ZGvJL3Zkc7G8vzKtTMrV06sXD2xdPlEq9ljzieiwjeL8cltk7O7iAtunH9pY+mqvkC73fbRj/76Q1/zb4gLdhy4q3CnwIltOyem5+zpg3I59MjbLYntj4GOMDkn+f24vzA015aunXpG5pG2sauvPH7Xm7+1NuZwZiUlNYtO0A2AO2fwYqK6amwLcaIiO2JBj/gQV+eFWzjz9N8RFVdCWuvLy1fPze27hViDKg8t7cNzqJf/Xbfc7ZSG1sf23/ua9C79w5JEX/Ux53NUp7btSDXzzzxeF31e1rnRWUEFErEZm3BzBp0/eaz3eKU6JygI9wu8furEnjucz3MXONUnxsfG3bzQth9E9z6k/GXUsMHpYOKxyQLmN1ZvLAfGUZx53cPShXknp8CYB4/JWbdihS6sXV9VaJQFL5xb3H+f23nT45P1kGHvf208GJ25nSYxtTMrfeEMeCHItVnUlNUK/PiCq19gWmoeB/UClnRQ7wsDnX/M64lo69XkkyoltnBQo4RoHdtAChFC3TwClVFIavaGT42mAoGYmM0FwjcR6jqrrY3pAWkqOF36BUYqYixJJIVNPFilYYhBGYdXDwUfTaUGlxoP4k2hHQJo7lwYgFtUOchhHXNDzc1IHQ0qgv6ZTol89rRKXXilLhCgD7boskAT0n9H/9HdSAhsKVxz6G4Ri4decUAYBvMJwbtV+INhddsZbEGXLt2j3fkSDQRgji1S+TIMUZJxHdjmbdrW6f0GCQUYyItFf2s96ANG9oFkhz5lb+StOIwPsU0M9ThwU5q8xHfmwaJyCuRQ8iStNfvN6FxSwQzqFVVhiyFblKjQdwzi8Q0DLO3TT7zX0tNuZf7MxS9++qb73kKsQSmd23f74uXjSYBnTjdWbjzxJz/cO87VBbN7DjvRH7z3S8m9bn6E9ti269C1k0+xIas3Lsy6bDeoAqX16e37g8++O3uHNQezfhvLVxcufPHKy49dP5ueW6qz/M5b7ieOOP7p30/YEg3nqyeecvWZ237gLu26rA92HHTzcApwxxu/hZSD8SnuZFi/DF546VOqqKikg8ayeOnELveSRbnxATk5+OhAlEzyPi0hlytLDyvzF9rrK3FCwD0Xr5950ckpUIvcFtUwSKLm9h4iLpiYmjn0kPMR5JYY37Y9vR7kw5IHFOYXGNfhHhsXJ61gffHGmVMJA4MP1I0zp3fffqf/ZoHhsRHTc9td0+0+XFS1F1EfK2B+Y+nCfPgNKr/A1nqj2+3Wam7Oc6yPR2Dz+pjDE5D0dtNcSSbhol4lLVyuu+u0Os319sS0gx3GpuoxGwoTU84GnNtX1g6mtTpVtyNgBwPG/QKzZH77BeZozlzS4emqSgMY7nOyK0Go0SPQptSMS3R2HoGgjlKllm5QfzvWAwXEhBoLZL8lAo4baGlNQHKso7Yjs+RmQQXYlz0jUCQEy8yCMkbNyVbJwm2ZO6GZ2q5ama1mx8Ow/qxL5vMm5OkL4ERg1doK0QNsCY0k5sbnzBY0cYNCTo/AHPnIDOz2Q4lcliuia/BVoLi6nxuQ/hkUaC381+l0StND3+sMvAH6dKTlCCoWoLzRkxYhdlh6VQP6p2axkqDwAvPUcMDlDJq7fmJEqvvWgMMbUYX8GMbBdImAImfuYLimASunwAzD4hFYYfOCesYNCao6XMGMeGWOVCgTfbFysK5z4nN/Yk9/7FO/4+QUSHqbtO0m5DjJh2fe/3OiR6DFSGts0nGDnzIxs0t0srl24olCnAIFUEojH8Gb7n9rp924evyJE5/7s/C0Yog3QiOi6Sa37SEuaKzcWJk/Z1k515evzWw/QKwxs6d4J5LJbW5HXpaK+tgEpTXIN+WzfuOSJjZqHB5HVMeJSW5HOY5hL6vUdiPAASCn5ObydY4Nwg6CJkNyoQDrgIEtJ2JsyvnA0/IwMcMpk9sWOR+umbdEqElxtbbXSBy4dVpNxbps6klGMsdFIJ1m0/FYaohTJhjsqdYCertp0sSvInPPdEO70eTtlCHdubDj7SMIAAAQAElEQVTb6tQmHZ0Cs1l4qI+7eQQGWL66InUhuINby9EpMNwxJDZabXyIRvG9zFHNsjmIz6Q4GdEDGEqH3ApKuNjJsExXZH8xGBS/dZCl25ZjKpQYNNFgSq8rWrsdeECtkcmPEMuBrrXgURoNHegVlQCEZgrEXFt4Te3XehSeilIA6GIdKxHRaKO/R0N1mcurAMksK+umsYmptBw0A1WAYpUXdAUKshb2dcUu3iQ1H9AWaaictnytafGeqHzBeotC9mXLFOzvweSJBzkrjm3ynBa33aklTwu1lZgPYBnm3Q+ak7nUNUfhFmF+nMpFrsLOp27O9qVLWORY27dv6j9KLkrLNlaSdLdyhfKLo+StVAvgDtyXLXmBAHU46Gn70phs63x5UvraZ6hft/Jx6xtcR/4eLMvG4B8S9qj2CNxMcJ3I3rQoZx6WMh8X8gpW2ET2qgq9wgCwyR9v/camM2drYyU529cKGyvzrs5MEzM7SD6sLl5cuXYKiTAp4nFOZXmYlhzjzj7zISh5PqE+Nnnwvre8+Z/+t7vf8m5aU7oOTMy4+cz1qgGxbQ4rV04TF0xMzpKiMbHN7XDksjE153bmo4z1pWvYqzH3ur/h5xTIMeRYlz+9JtxgE0YDnIxUYGP5OsKO59hYWSTDgmROVztVODY5TYYGYxNTwjJOgSuoedfqiquSrmcHtzY2CK+JCD6oubFOnBDanDW8q4ZlY3wiecR7lQF/nBZqv15gp+W2RXGWOvxTH3Obh+n2lrEh6XLZNW32Ir5urTaII+oTsZNizd1bsVQEIxQ5qwyyDsvUexF1ai8U+NCBch+mhbAF7afPKGTG31J56wwKVBqPQCQRcJcZAyW1TB9dA0aP3bHBwuOfvbA0Ne5mAwlb4MPsCxAM9yxLK6YGj0DNDoa2lvAN1WXAvcJLRZqWBkKK2cSqM7V8WwWnYC0ZVutt0uUAOEnFGeDBeBPPpzcYA9A4Oyo/KTqeWDUD9BLhAOIVfu+iD3HotP2ic1YmmU9+MuYRUBRcykB8TAGonjvgLMghS3aNwQWgCtMqDZZh1hRe2SmuLvjlZ7MAhiCveUrA9kFbTi5tuFJKaw67v7sp6jnyckehQ4s+JC4F5oraF51t63x5UvpaNMU/+PoMz1c1JTPovyVGyfIwgCY5QGz+sUq1U2APQ+GRVbmFVaiwuUG3xvtv9FoYdmiOO2iMxJa80TllgG+qZpaLpRpWNFauYTnSZaG5vjw543CGYM/hLF9hXX35c8o4iA6TI7IAWh/zPyqxBIxLRmttLF986ROHHnwbKRmBHW599VcfevArjnz4/75++rleEG+zyVk3n7n1pSsktb3Jxic+/2dXjz+hiEQ6kbXr50nRmNyW1zO1WIxv2xna0L9+bixdjXspNY/G8jzJixL72RwoVisg6Im/1thYvm7s9JurHjsFlmd8Lecwsj4+THvC1VPvpVRz35FWfqNCgWy5ZPXxceKCbrPFcQhW7eVnXla7SWttjezw2TM1zXF90k3DslGbGIdGk/g24G6nkxkIwn10s1N6070Hod1qTRL3HRYTuO4UCO0uPgSD8D9fwhsrjRtnFqKN9hJ6aSzEfHe70GnEvwPpndg7TKiN0U6LceBKrag4kZep2gIZDnHx2ekVBkvrCXtHgRzbCnr0j0D8u1UXGb7xrrpZ2RlbxwXWFPIqqJAARGKBElTCgGWAJCSCHxYQFSdBV3ThJ2MFqIaWiy2gDBX4y9u5CQEg3YlXuHCNqbUBQrSPaB0XgQ7UdEia1M8SiyO6tFywKc8OoRJr0EQq72146BLiZFTBXkWv4iRpD8RGE9eqRqyz5wSnympVx90s6EiLFVIZZnGAUXwRP9oE9NJIm9zaVUkstUoF2h/XJTCGOdZED3mFJyqsNSgpcvUlfbGBGw+bPmHg8HpuylTDkh0e6Ohu4KxQ1ibUaK1er3cBrPYyKLs4oPz2ZvfYtmLgSZ3TiP4dpl/n6AgohKRkDYoVVpLA/uTD8n3Dj1l/MJwPCRygvB2lXAwSw2WnnjZb2imw5AlvF/ZDuK46vKiM1X9sRpvD6Gdr+LIAw/OQK8c4qWOnkn0/C6VkWauRA5aLlMbKVSenwMnpvP5YV088oYtWKD81s5sME9obq3LgK5/63b13vH5iuvi98WTUxydf/fX/8dkP/mLsF0gy07nu5rixeDljYKg8sLF0LfioCfrRlsanHWpsH9BeXw6/PZt3sFTcbTdjDkBVfFpNx43BOBkFlwyEx19KB0BSUaRabpYgmtrI7/ILjOdPDr/AxuqiyC+9J3GQ04asJHuXBMXxviU9GBKNwdlBrVRAJ9yqTa4yTkzS6gWCM5EHL/bE2bgXzDFtm9TCrhuLbrcrcEj8AkE8azW8q9Wdjw4I+HWCqptkrz4xRJvvkt4efq3owq9Iu62OkJoxXWbDbtut8TIIjTbuNg8jb0yYZotyioWl0iEbS9FmgWz3yjYSyvyhbGBtbLiOkuh2QOiUCdIvc8bgLeOIpLz9OZQNiH985ZREfeeWtnhAjnhH3SxeVOMVTlBH6iOA/6NfxgKRAIgyUcIOMEbRtVKUwiMw7cFRHbhkAgHILMzKgKV7FUEUsaLMU5NUAsGRXeqxaWKhLEeZDrRp9UDVsLesjiegfquWzVVT0/2UQtODLWFyJyawnNqSkoLiOuMLZi54BSOWKiip2EsgVslUPBBmZlp75hapkXpk0d5MsWBLaAWxmuWs335WsUxhoMqlurmtW3YeBcgV4nMWiSV8Wptjq7bmR40UuYziW1OskvWhtAoS0Z965SrSrx6WzcobNPwlW4eYt+6PH5KlvdXF/MtFEY8Pax6DLVrz02EQ+pUms6+ZyfkSMCwAw30uZv3BqNnfONauoMLQ2St+GlbHB5eEyiOwgjWqCtB3FPCqq2XcPwz3oxgGq2DhsqVtAfskV4MyZW0sXy1bSru1zvN3rjIbxg3PMH5jUzNkmNBYR84P7bQ2vvCeHwfw9jlwxqve9X07b3kwuw9NNzbuZqvG2iLLAMr6iWxhXMfGp8gwobm2QHJBM4OSp0uGct8CzbPHg3/agfscN9t+efOVuq5Srq2YzfkGj26nTYpAkdPagNzkYw3txoZTgrHpaXRxls8mpEHjM27e5xD6HXZarXBHvR5qteE6cDZ1CiRexpd3iwIgOZdDiaSJq+9d4utJlK4CeNcSHoUMLBHDBYRljN59rTZcr6bdpJWjtVrKtXQD/McGDD04MQDimMAX4PhhTAHuacvV3Em+q26Q5dpioAFGtoCQARfPxQLCADKNpLSRtrISAHEW2CjIvkHeOg4UUZmeID4UNNfqAMASqmwIEhfgIjDLaVUiGlPryThRwCqNmsvIP6JzU4a/sZJgWe0BMTNg9idEtImybnMJ7PYIVMTZkUlNge8vxDQgxhgMBZq7OAy0STIqy5IzMLKRpSE2VCOwCjJC2QJ9mGmZ+zEsQA3wiGEoQJ8mp4IONaeIEuH4OjC0I2WfYHq9HfMCWEmY0xQMcw/jysOPwkuiJ9voEeKfuCCi8uBQtfqtKdL5APawdGkaoI+E/udSVMGJtExly7dGfuZuj+phKtoCngqFYMDdT+EY6fxsgsLYHPVp4M+BkrBZ8yViizoF0rIcsagz78ohzAF0E9qrqgADQmkdfJ+eHJD3nb1k8BO/5etoPwHqSaRKCYXNsurleEbmweTsbrUUlcHderT62FTGzysjzbVFM5E0N9VaWyLDhNbqImqB9YVLn//9H1pfuUb6Akrpq971fbTG7F0EpN1aIy6YFHcWhHwtrHS0G24ZLBvtPHv49RNFT65Zraqhq4PMvQ2ZtUKFTb+lV0P8ZgniNShVhk7/PJWN6LQazF0uA4PyJicvr9Q8h26nRVwwMTVFFIMTNHB8yvlI6KDBdruQbHYD3XYx3plFodvbQpJvfrlRAJO0aMM/rhsN1mo1nhX3BbpWaxglp8t40afbMW+40E9IO2XGuQSiehsSY0T7iIn14sUPYJ6COq4OpGWib7K0+XWzgZ+5EhdAtqRM/CE9JRRs25BQp2S3QywJ4oeXRSm1BCwQu5aUN5oMBEHJPZuXVGWWPTCKiUwyAikalQuENwsYVdUHqqgMdsyDsBKBPj67ZL4Icqevhg4qqxmxJG5QFpJlqYHQlaqkWLf2/EAtDdroJAIMJEgadT3xz4u+5RC+TWrqlj5QZwgPAPaF3CApAXOd9gWglwqqXDLt3EyVBFwp6hOZDEhcYOVS78bRXGU5YiMXG3IdA/a55gSHB5BFjdU8FPwgjg10FRDyVnJI/xiprIOHBGBVfHyCocqScwZI0QMHpzQGXeXcgLmf8Gja1knAkd5VCnil0vPwofbLo5mvigqKEOkCde9UjB5lmdVNhXz9vIOgPnLPZcP+VjJG6ogB+IZZwRbDba8tfXzwIFG5glWoUKEowFB2KYAeUtcveaZgDyK39AVnWMuuHOPO7LxZKwWROjm3l7igtW7h0qdGzx8B7JaugTtRtJlPbuForN6IrySjri1cfOy3//09X/rtt772naR81MfGDz/6zlNPfiANsXK7ZDC144AcCMAeVJhhdvfNO26+n+hA2e/lyyeXLp8ghaIxTJWh22Uda/I37PLf9mmhvU9uZiAeo1kIiuIW24sUplyhzLhssoYUs99pNutjw3JWbLvZ0GvrBGbSOHfbyVdrkqxkRdztdux34wt68lp9vNtu8TUOolNRgXKq1ScmAnriDC6HQa0gQ4NsYzzf+gAkOW9Z5BwNJXI0vWxtFTotN6fA+nhNYCWdoRtVYRrkm47RmZ3TEg/sSRxVsFZnY6kZZa8zTE6BYZayxsAEU/HGrliEtu1ZR6CcrncTACzDPFnZpLJNB8YAni11Sszd825AgHFPo0CMQJ5KzMS8yE0TxWiC8swcFoFNoOSGseeSirRAdEoCkgxnxutGTPRiZgEjku/tmKf3qvNg8SAw0aWgGQWwIWxKqmDFjI5UihiChHhJHJcWiurLQGpvaYR0H5H1HnqYbmiWTOYigkcgVSgpcyB8iSDmAhVDk/E1ADMBahw2MaqV+JyVkynZaqoKbyJQ1hklB9DqaQeswphbvGcNB2UwNaWjROwZ8zcxWS6VLtBU9kCboU1RelC4Espg9/UoYTTmMCKxq40Ogml6hYHyeRdTOUmySwulWNgBcn4FoJ22IzyfhgUUeUHcbYcCfUaO2lOivtAfW/hKGUhJjSbKNtVQFUXJypTbKjZBpR7hLFRdyiZD5RRYFKrdAUtFZbIK5aCo2ZUBIfeLdbFv5tE7tjQLTy2FlTZNUGIpI7MtFIlUpipBkcIwtX2/q5SJ6Tnigg3hpFTHMSYQl3VrRvlut4Ou9w8KjdUbXE0Sp1Lhlc/83uVXPvuqb/hBVwt74LZHv+H0F/4y9bZsrrqdZjs9tw+PgMgdhcvc4Td88747X0es0Wk3PvXr38txzA1Xr8dS0W0LjjVl9Ip5eEpp11vkVAAAEABJREFUi1Swx4tx35U7bn51k6q5RN9ANWQOSuVkgnGA1DmLeHsWxaACVzHekR0axT3VSLvVmCBup82Wh45wrq7/gh3lL3zATJJH6/dU8tly4sYl67bbtQmHI3oP3PfAxReew+tv+PxLwuHAAw+R3Gi3hskpsMuODfItIkhed8zYwWNajPPHaTs6BdLeccPoqiH3s4coeGZucvtNbgOGa6/caDcDlWi37ZG1spBsExh2mMllUi4ReIdATnfW30BdDYzuDcZUUlq39fM8q+1lo8iFxOJTxmuvzmniK7AjS7+BFyncMsTsu7B2+0CNsyC7bZ/MAbgkQGQ2oEqKBSoMCVhKcdso5sEnGEZMyIeEGQSlRPyeU0M55gErBsKdeyVUVCUnZWS50RZozKQKqNKqtNIkcKoctrYzEPOxYCIDEwckKhpugR0nnJvQsA1J3CuLNhWnLVimlpqYUSmpljpUKsVdPkO41iNDvbUoOC4I1L2TgYGloFyGAsM9msa7PGhhzIyikEtFmGf9NAUTuTVT9xKy617ATI3E+1c5LsohSznK2r+UnIXmrZGQb4xvncBPT985HCOK5VdGt1CeWMd2kKaxpCq93eSztk+3Yv0YdYS1dHDsLYuB8zPEk7/tE6FQ+AwmipRXEvMCxPTjwVdo0kEj/1O8whCAK7Wt6BRIi6y57vOyfZ7J3QyoTFahFET9wJavXtBPG5iEwQgWCMi/JtwcfoG4/5laytTsblc3u96xufkQ/eDeViqjfKfdHBt3ODDx3JGPSGGpU0VeLF06RtgeCTPy0pUTn/6Nf719/503Pfj2fXe9bmJ6OykH9fHJ7QfuXrz0cnTr6hQ4MbdLCktyBvGfFLP7DxMXNNeXJc4eJcClcnUKbKwuzJ95Xk9D0UsLbCz356joPKPgYjqa+vi0ijkYfDcEN3OEvPiHOwDx9CEG5VpL/MedL2BmEO4cS3hsepvOanxUu+F2wvXy/MXG8g0h0NodUkUYBy1fOSvGeNRuu8e2MyfC1lIvbmG6qIqsLy/O7dlvn3b7wZuunXyltRYWlrxDZVKlp3bs3LZ7N8mNtuNOge1Gc+2G+HDhG4NcCppy4epJeyPZP1LdS9gg2qyI6vwCPRGdH9htOh4fTHt+D6GLEbqHIWF8W8n4NucjoZOdC6HbctspsNPqNlZbuobq9lSkPHN+8RbwFLU66XaQWONGgOBIb+CVz8mb2DAo5iFsB0AvhwU+i31pQj8K4UhR7UILELm+goo45QdIFBvCxvNfWBTHAnVc41wPeQIgSLjm5FNUdWC7JQV7llh7r1BDbWSMIcYU5KJTsTCtiQDRCdfJTS4pkkptCSm9Rj2NoQzZ1PXCYNQJVEllYkUJKVeJ02AqVljQCyIqEiC2oY4+U8pTg93YCInARIS+v7i5wCrL20dz0Kmu7r6Ism/0NCBBWkYe5kgL8tXLjr0vEZaKgtRkytvoByxjzB2LufYPGMoqi9Ep7mxTcRHOzdvDWI5J8hdHMQVqWf2chQFy5QtX78A+VnXP2uKUQiyIfNkrxThgDCgRuTuIYcXgFC5b8kDryzDJzg2bR3//kGvwvhmwmfKSYlNmSoet4hRYztxp5RHYB1Qmq1A+YFQqGhg3RxpGgOizEKEEfcHSmcQj2lWPCDkWo1GuND+JPYJF79te+/Vnnv6gWgon7+63/jPiiMbqddI/AOMiQNqNVSenwPPPfnh5/owUTG32oLEuFcS3R8DSlRPB54sf/43puX0HH/zyvXc8OrPjYH3cee1fj227D6VOgY01x50CZ/dO79i/vngFj+byRae27SEuWLt+HuPoBq4euHs9BvSvfPL3pGCFM4vSc0TlPEGlyLxvJuIsZQFdBIjeRe58xyenNexBYzlWOlh0skX1ijn5KFVVHJHmwtrbYzHF1NzuWJke0gV8dlY6k9DeWCUuWLl89tLRLyR3bA2niKMQFb7kFiHT00hzmmnuASHvJK6I7nyAUStmltOBLOSwcuWSk1NggJtf9eiZxz/X2xmXJDqx2QSoT03e9MiriD+yufrOxoZTynarde14ehZ8VprMycY0+yvWCpKVtkBPiVhv8/Z7ybaK3Mp6LzD6Js5Ik0C71SaO2LZ728q1VV4ZhjETNj7jNsnT7XbT3HQdtzDstmH5YuQrLLdpKrRthkAIofg10gvE+0LN7B4bn6mNTdBaPY4NKnu7QZrrnY0bnaxwhDlkangZYBu+3RhPSI/BugZaVSm/FTnItnjr03FXiBL5yPP07up7O2FZVwKgISAJAShZcbFSlG7vQFawzFNxozGaqKecWqAFExNgtEMykh5eDGwUIBnCTQTqKCWxipJVgLgCkCt1ME6GDv9ES7Km4cyElB1aOpgiAEp6nbUJIhEUFdFWvTRcWbcUIXx9jH/50FVVd55a5ibrgxCg1VQkUypgSoiZjNilkgiFegg0fgAQQ5PB+0E8R1hTQ5UhRMVB0b+hZKo4syzUMjS51golur5BHcMktyJm8mctzq65GJQkQoNKr+1HCF5jCXAh8RFgaDh2zSyLcVDBT1skqatgJSMzMbJhpoKSucmRUS/Y12QzIah7FM9sOSeTE+SbKegPclTKchE/4Cwe8YVIs33A6XgUQuKSzvgM8okrBky9MgkrQxkfgxXAv28wDi5GBoXmZDD22ASlkGIz5SVCCTkaBSNtfqdAxQRzsYzLSrHlUZmsQh5EfTA1EhmdCgoCLeKxAKjDSL+ygCOYOuotJoJ2RoXahBWgy5D4BXIcC2NswajQTNz9lneff+Ejnea6Wkp8tW3XLTfd9xbigqDCLF87RYqAUPMMNSD8s3z1xNSsw/ZIe+98HeYUyGzOU5Tla3UiukCkyO43Vq+fevx9Jz//nuC6Xp+cu+nunQfv3n7w7m17b53atotSh1MmZWzbfXN6vXDuKHHE3V/2j5//q1+SgpO+Kimt/fe8wXW3peUrJ0l+xO4EcYEtXHjZKfXMnptxpkzpcN0ySW+U9EgqpJsvCHaTLmiiAkFpbWxyWrPnXLb2TY0eHHjTi5ZyKKFe2st8c3vvxSwLKl1eQWVFs8P03J6MEVeRGf+q+DBcsnT13O7b7iPWmD14Gzn6JOdvF5+bzOYBZKc1EhdirwQpUeSNoc/VBwPirunTToBTnrKZcuZFMuMAWbl8kTzg5sA3uW32zrd+xdmnn2wsLWXMEswdOHjgwYdqtEY8AML5hLC+uOSSnkzMsG7B2dMhWLumQrsjhDmImST1RiLMnu9YvcqHJJfsDoFFcA4Gz51ure5QBHMHtodOgeGaLZWaRTIkqY/XxyfdJnk6jW6aqeZayyltfSrNAtcAEgcqsSxopq1Q1rh55QY0MU3nbp6o1cQiqNXpxExQu8ZmdtaXzrdaDUDGhy5+1FnXmrPAi6mJuZDmZSQ8AgvjoHJaMibjrqLhBBsBSnqzBECukABBcSC8PhkZ97QCZSKBgDu9F3gObGWROYPAhGCiEYmRosBTgj6JU5SKCtTJkNN7CcYCD5QsjxeoqAyNBwgiU5R5Og4SeFjYAcRuJy4AqknApdUWLhClWyOYuzv2eW4sUxDeqcIw4H4UEGsi51epElZWFHQEQgyVyfA6AyoWzNiH6GEsbaolp0xlAIQeTUT0rVN8AQE5SgtQMZTJFGqAOhWTGh1KUOajTuv72geSaC2tuS3bVQ9jDcdkx5eUEPb4dwvN7X4SaNFNoSmk9i6TeHImks406UDE10DA6V1EOSSgyAOgPIRjmnAwTPEOVpmKWNftwgCmADtbpUVM8RT+FnezBpadrLJRnMaSVU469UBJG+3OsABiEw/qwQ1soqlLEjUbj3jvhlduZ5JLAWbgwF33CcV2BEpeAygAUN6MJtRDQWc2BcHnMT9KiCxueCRU0GDojIQrtBWPDx4MBj0RPIKoTFZhRIGO17XvoKVKLh/dTifyCtQRYbphkzMl56EU9jqm2aS3hVdQYepEyM2+PjZx/9u/54UP/7JRyiNf9x+II9aWLgXVhhQA7A1dR9ybdbvy8uf23fF6Yo19d7zu5BPvM/MOseuWB3ff9jATodNt+erJK8eeiK5nd9/ypm//L8QO68tXH/vtntk7ncbCuReCTypuam7vrpsf2H37q3ff+vD45DbiiPrkTFo7m+uLzfVl/CxpBfYcfs341FxrY1lDQ2v1+77iu4gjFi+fIIUg89YhrfUlpwzW6+NBMa1cP2dFTcnh170r9tGkUpygFMD55z/aaaxFGnq335KeMaZ+xVnsra/56pOffz/GR5hts3DgcHHysAEU4WaG8FPeFga/Nazth26n45PQakQslCtzYbNZOHeMvO4riTW27djbS6eedmN9iCZmZvfc/gDaWCSlaKu1ce3YEXap02KFUA0QxyL5+TA9TV60W812szE24bYvbH1s/PAbvmT50sW1G/NrN260G43J7Tu27dw5s2f/zM6dJAe4XPbOeG0Gn/r4hGXyWq02Pj3TXOt1d4JjWGx51umPBk/VQ3Ibz6L5glu8eBXaHWZlhfq4QWW9CrNEKfoFOrKMk2QJN1Y2ZnbMEGvUxmozO6fXFtZTDcX2GvLeeYtz4TbX28niNO22u07eijVKxybr7UZ8+jBfNZgQGjfQmT2TltssB1i70YHeZpeQ8pndPz690zCFVavTnbdNrF5vr81jux6C9EAzPmQIVuAUvdSwsEM5LwdlwauvtFp5K4KpcikTbFjwK1RZfwAsASBLL4BxEJkDdsnzIdieNsBdA5qKDcbo8QqNKQG6aEANy5tIbXoQDYUQCJd2NUOyCchpjXnDAsEsRaIQyagQmOSMfyNOH4A9vw0LUYiyHFkiBTW4FALYvUCNW4hYAbAvjAKLlhudNr2XuZDSlQJtAFY0TqYEI4HKnuqWSPAiJmaAmdCtTnikdGFpTe2/R6CrTMsK6sPaBrV6b46iN5EbF6bFc8GWt2O2PHr3QphD8uECXeUAcmWZsITiN8rE5qWt0/rI8waYAnKZz7tvN/BzRTq8lCueYZFBHYYMN9yhHwcMG7jetOBXKaynHmDPbZ/IP7IgKGW49LJlKGrsW4rhP4CGA8qbUcNwKz/gClwygPmLRFTYJNjMToGlTai6Mx6tud2hwOY0GVR1QQU6yIdLCeXS76KOjEfJYCoZQBeQ31fKdDp3kk3sFxhHI6+oI5DTQw++bfnaqTNf+AsVAaW1B7/qX8/tu5044sbZF0k5YPsSlQGunHjyIeKA7Qfv3nHgnsXLrxgl1upjr/6GH7Q/0rfTbl459p0Rm9WFi8QaU7N7A+MDyI6VsLF87eLRTwWf4ObgfV/2wFf9S6c9+camZki8BUMv1Y3zLx24+432yQNZr/7GH3z6PT/V6TRVNPe+9d1jE1PEBQCwcN5520I1u2zFbeH8S/tdMnjv2/7ZU+/9GSNZYMDbXvM1h1/39cQa0GmfefpDJO3M/VC0h1zClnWUw6aTW03igoP3f+m55z7WWl/CJHxtIhkAABAASURBVJFeParXe37DvV1ogYobShHEdzBMhPLKgaJ6aeCmZmlBbNPpJso9V9qOZRH0JIcfffupz38oZpC5YyV61mrxhkFAuq1Gc311YtrW2zjoEg898MYLL/ZcnzlfoWS/QEZ7uO31Xzm75wCxxsrl8xvLN9Aa4YNEl7w7aTF5Ap8qJCz6xmsFN86e2neXwx6NJE5Mtx88FHxICYh9QkI1124szu3fZ5923713n3/mWaYGiCPBdDPAHYdu2nmrg/7QgcULlxl+vs0N7UvzdLDAMAmxsbDq5BQYYMetO5vrrXajnSoj1Nap7ROTs7bemSk2FhvxgkfYOzVWWtM7HDxQt980c/3kssHgYfDM7snZvQ6cAZpr8+3wosdgYoYYPQJTbNs91loJeizNYm0vIKx9Xu67wDs1k4JQxstB7mdhgWz7pQvYk7KhqmTAnzqHUYORK6B8FWmsPQKBDVc/v1gnPp4PoquQV4lGzDgQjDMk/tRRVy+ogyYhShgrDghUho3uVBz09SO70Zc9YGmicSCIFPKWVDTsioHLg3DDQH5OkbQ3ZwKBcT2gUgKaUXGBgP2KiRBMpLrnAmEAiKinSicHqIwAlJcAWZRZCptNbvTABYIlBzY1Raghfc8DnEA0lxAOikyp9oGkBv0xDbQRbBWg6jTgbnw7KNsoJVaahLVF1SIAwFUfQZROtK5PzyFFK1EB2kMNuK7JkBDULVBmjzJQjg/FG6qMNwA1uCZrVLzwLBLHdIxWvgJRplQXyd1F+wQaZrDjb//TEtxbN5oWTARWSPPLmj2PhpbKgC4RYbSTo5TPMarq6bwAqrAcldPesMW1AH8oa5gmpigppsi0o3AV6ifOgcKfw4DLHIwBOfkPIH8F9gdDAYfRhh2zQWH0SkE3k1DBiJEyUrVTYJkoZGxZYXMBqnqhAR1oBzoyZYNMlIjxbhkxMSwQoPMLJMXoYTf/SH3T+gKYqxweO46FVUSG7vvy7zx471ueet9PtaW937btPPToP/iJqdk9xB3Xjj9BioSbZTrN9Y2VeSfNH3nX9336N7+XIItanNC7v/Sf2HsEkp5z5JGMV7fdbq6PTUzbJAzmcXff9sj86Wf1ZJe++Blaqz/wld9DrNHaWI31Cf9ePfa4k1NggLm9t37JP/3Fp97zU+tLV4So+vjUw1/zvYHmxBE3zr8E3Q4pEMlJi1ePP+nkFDi377b9d73hiliBxZowNjlz+PUOHoEBLr38WePiwTAgXcdiFW01VokLggr86Lf90LFP/tH86eeFiH13vObmV3/lzI79T/7xzzRDr8H+P5+xRxL4TPhzd+VlgmPe2lgjjth9+IGx6dnjn/1gt7nBOn2Oz8ze9NCX7D58/9L5kyce+6socPnKmT2HH7BnfuD+1107+WJzfVW5jBmGz+2/2ckjsNNq9DwCBS7uALYyQ55iYgo8n29uzxGWiF5K8yeP77nzHs8Df0sAJMP2aNJu5eoVJ6fAqdmZ2X17Vq7Oa/0CSW1sbNdtbh6Ny9fmk/Qkr4e0tF9gmFmg+f0Cw2Xn9YV1cpg4oVar7b9///VT8xuLjVjDyGjhn+0Ht8/tnyWOgC40V0NusdMAbCw0nJwCx6frk9vHN5aaiTLp+iFrPUJrdHaf226XG4vtLDkl2w66+TtuPzQ+f9LgJA1RttElT2M5A3ppm5xasC0EkH5BYcz92RS3zGS73GS9pBc1cDVZXJ81W8bFIZq9+rhvOQoA1KniOyQKErkIQMMNkECQGKcRIDFLqYDwFQ34ysYxZbesA6MyQAhqTrb9AAjpcG6EKDIgaSgmBqJKZ6hfSR+oOGo3nBdIAuo7yeTNdOIgjO1u1+dILXgfrNO+D4ArVKhQoUKFCn0DdFvdzlJn/XJ7/XRr6eXm4jOdDf634shUNzcGEgaAeWeddEOezQfcWn3NPugjwTEFya1+ca9qcig4JSm8HMouWNBGQSkKeFSQocam6XtGLyO2UyubB1vmQYdhszkFljZj4s64mrzxxOY3HDfkhKqq9EC5CdEBAISf6Y1moWSvioPICE1/YqqHqc7Lay/usGhXMAC/wExGOTt5KYSR/Nhx8O6v+Je/cf3skYXzLwWfWn181y0P7Tx0/86bH/BbGu9CZ/7sc6R8CLlPfj/e+7567PFbX/NOYo2p2V0PftW/evHv/odivbDH8643fdttr3XgGeDMMx9ib9cXLs3tv8MuKXn4nf/+8T/4IdnxjlUpwI3sZGErNFcX2Nv5U8+Cuw/ExPTcm779566dfGbxwhdvnH+ptb48d+DO7QfuuuWRr3Jymkxx/vm/K7x5RiU5f/oIQCc+5NcO977tn65dvxgfIow90Sdndz36rT9cqzkMs9cWLzdXF1NGucCVfxSgnYGx5Cg+WbierLWxQhxRr4/f9/bvaDc31pevj09OBxwmprePT8/WalJZhNs2UGTXAMGBMgxEthV0BCA/TferebpZxhxPOIJsoZCVRre9Qdyxff+tr/nmf9Vc7W331VhZmpieGZvaNpa01qDbT6oBnT/5kpNTICX07rd8wxc/9p5OuwWy5uHOZHP7b7nzS906zxvnjrNc2G93cBsW5mgrTOGI/mQerHhTQXvhzKndh+8kgwfiErJ244brk2L/PXc3Vzeaa6uE2zEys2F9YvzmVz/kxLO53ug2W1wD5obFtmALEqlVvsM4IHE3FXuwdDvtRmtsctyJSdCg9ty+t7HSaK42GqvN1npzfHpyYnp8es/M+ITP3M76UoNRsJevxkrTtTHtuHmm3Qz6nk7EJtl6L2NTG6/tvmPWiWfAsNvOPHum99RrNTez18bozO5a7xDh8DcAKjL+CRdT4hXHSb7Nik1RR4xbIE/XJrPyinOU4sDKnhQUCYRaIPqXUVwppDMk/h6BFus6Sic1nUegQR9OIZDDo2vAOQCeHVCzMmxYiCVQUvGqZSSgTqA0k5UCzC0QNf84OPUIlBSNtsmLR63jZOYhOn0vGT9IKlSoUKFChQpbCbQ2Xq/tqY/vmdj+IDnQmw9pLR9du/qxjUsfgm74jsb9Qo1JmQw2chxE7TDaGi5AIQqrB59gRe8nxSZG0CX3/KZ9svyFjw2qPSdjikWJVVzxUlAmjO+MI4mC9lkcvCVGryzQV/0KIw5dYVY7BZaDvk3uVtgEgKrCkNgtsBTIb046ulibAgplYOUKw+91atYqLrVy1S+Yuxu7dLiV98SyfqFWG9t7+DXBhxSBS0c/3W27HXBZCIBZ4z/1+T+75dVf7eQKduiBr9h968PPvP/nV+bPClGze2+798vevfuw2wZ4nXbjxrkjbMiNi1+0dwqsj42//h/91FPv+YnV6xc0ZIceejtxwfoN7pepnU7zwkufvPnBryCOCGy7787XBR+SG51O69qpaE/ErPIX1AagG2TwhU/d/PDb7NPUxyZe9w9/9MzTHzr5+J/zhzUBrY8fevAr7njjNwU0xAWXjn4mZRL+zZM/SP0ZaPZql5MtSH42hDCZb6wtEy+MTUzN7entBDY1u4sMI8DTq4hJz4JywX79vyqG8QuETs2lcyOxNnRy2/bgYnJmu4Zs5eq5jZWFqdmdxBpTc7seedd3nn7i726cP5E4jsWGHZ+cPnDfo/vuct499Opx1t0ZMlc8T+Q7L0w1/en7C4DYoYJEx8PGTK4eP7rrtjv8t6krCrFy3GATOp3FCxd33uywqx+t1W599FUL5y7Mnz7dOy0YmMzW6PaDB/YcviWgIS5YuZJsE8h6Y1DPgVbShUK6AR5Jv3xqWlqqyT2QG+fn993p4wgyOTsZfOZIAVi9upZunUsSH6K16xvbdk/ZMwmq5d4751bmGytX1sIKQbOFKkpmdk3O7Z9yrbrrC61o27Qo4di0zzaZ4zN1Mt+RK22omyqRephd+AA8z7FsjoKwyxKl5OXkwCpH3oD7EkIlbcL6CAgBgJYDl0RecGSdxiQ+HDmrLjDBssIpgbSHntQPMZeAaJdxIgh47pDpzLONn/rAGAowzpkhhBCMTPXQR0yd3KnzgN+DgkQRygUIHoFMZNLR9rq2bW8g2x4lNecz3ytUqFChQoUKmxLjc/fvmLt/++F/tnLuPavn/iD5CQEzEqT8CNFnQQ2sgnxgzyaPQGFUnAsFZbxcwGjoiQ2qh0LvspUAY3TJGoxELdZjE2QhwghnZNOUgQlbIaOGPG4qp8ByJlQHve6yhVCZusIwgZltHjlwukP/c2EhMn02FUbohYK5u9g6KSTom19gQT+5KQTHP/P7pBSYzZIuzbRbaxePfPTQI3+PuGBqds+XfPsvbKzMr86fW54/RUl9esf+uf13TM85HJuY4sxTfymEnHvmQ7e9+muJNcYnt73pn/zXpcsnjn3q9xYuvcxHwrbdt9z++m86cO+biQuunXo65RD+pcc/80eHHvjyAXqiXHzhE6WO2k9+/r2HHnordXSiuu21X3vzI+9YW7yyeu30xuqNyZld09v37bjpLurujNXptC4c+QQflrPv7i28dtrtbo2CeNJcsX6BMYJKSMpFeKRqAl1lRPYL9JAWiUlvfHcbiw73RJ/H/jUaMu8kJKb33VhZmJ7zOdjdTjo59/TH737rNzslq9XH7viSr72lsbGxcmN98Vq31ZqcmZvcvmtmx17ijrWFa42VxciNSVkprQDFDZMge7BH34UwjRn2uHU77fPPPXXLqwvwtM4LSH+4kc1wXj91csehm1yfFDtvObTj0MHG+kZrZbXVaI5PToxNT01tn/UYGnW73aVLV9OnPBVccJ2RNTSOW95elADjCLOxsN5utsYm3DYLLBDtRru10SJinwIrl1dmdk+55nN2z+S23RPtRjdg226S+jitj9cmto152KsLsH6jFWsTtq2aDxsyNqHaW4EiFYPxdAVFBFqdKEZoi2JHN9QgC/jbPqOgFUi9q5YQo/EqwxMBf4nGJyGACQB1El4DIbWoDpsY0CiCRMnyQKGMIEPSJIsD/oKTACINLx/inlTtvCewUhQTHsiFIlnH5Klhc+CBmj9g0wrApKJ8wonb6M53kLruNxgVKlSoUKFCha0JWp+ZO/wdMwf+3uKxX24uPBUGJXHIeIWqIsxABpresGdTiEBvJmAZlg/gFCxEe80o5clX/vyD9sqZSXFAXyiGkqm1SMuIUUChS5WDt8TolcXW2yOwhIyOoO02g1OgblBUDOPSE1XYaobzGttV6B9GoYDMOmYUVsuXxWYabFkVT5ifHEiu5V7ntIJLwqbvGRYuHN1YifbyKSOvDkVw6vE/venhd3i4cE3N7gk+ew6/muRAp9U4+cT7hMD1pStrixdndtxEXLD9wJ2PftuPkd5ZexvN9YVupzM2MTU+NVsfcz6ot7m+3GqsCoHt5trFlz55yH2zwEIQGOrYY38shxc46gsyeP7IJ2555B3EEfWxibk9twQfkg9nvvCBbqclBUOuNgLQ6XRIl9REH508lgOVX+DSpeMex0x7SwcJ3Y6nAAAQAElEQVRm108lLfG2X5I4W+GFgvqrbDs6g/46Hpk+gPoF9orjdGlOgRH/M+srN6bdN3ccn5wan7xpbo9bFyfjzBc+0fsK/RiYaudXTL7O+RIbRH6ufiqaoQ+dtWis4vKV84sXD+646WYycIA4g9dpt103C4xAa7WpbTPBh+TDwtmL0O1kvQTNUa7xLo9sn9OrJ1TogZxY8r446cXC2fm9dw3s1MgbZxfTPiXSMcpkt9Ndvb4x67JZYIQg+fhUPfiQfFi91gTI7Fyrez5dgoS9NsRvx6fsfpUFCzbvXISUvcm5BVAFChwwFYt84xGwIUIuTekAIZNnyw27AxIirXGojvEVQkCSh0YhuQAkimUEyW2y82H0h4/i/wMiK9GC85BDzSu+X/Pp+UBpRSgTIwYmKaRQwHUQQvA4RWki+QI1JyJ4BPLugAzl3Jvo7BtJhQoVKlSoUKGCGvWpg7sf/tnlM7+3eub30kBQegBSxYCHBVgFOcOeR05p3MjMg5ev+CKMZM2mIGH9BGivBoiylRjBsqpQFkayMgSzbCC9sAoUdJh2mTFiy7dJKwOMvFNgaZOulUdgP1EZrsKwAjZL9RzmjFivwAmPNVOGHPMMRfkFuoDNkrNTw6jWzi9+/DeSy9xZwBnYsm031888/cHDj34TGQSOffr3Q/cFEWef/tB9b/su4oWxiamxiVy+BRde/LgU1rPn8c/+8cH7v6xWG8C48eVP/A5vqDzVRjk4Pvn599304Fvr9QFs19RqrJ195iOkFJTcS0AiIniN7HY3lq9Nb/fZMlMrAKTV1NidA0i0R5w2j0UZICcf7PmSiyWoHhnx3cL54wfueZQUiqjxpLLOPvmxe9/2rWQQWLp8bmP5BhMguFp6AQi/VZr/TAL/YC+sDaZV/uILT83s2jM+5eytVRQgPmOSyjaaP3li+00HazWfY15zotNpL168HF4yvUS2naE7IElLmV8gpr5l1J1n6n+SXoR6ri+utTaa41MDOD5ybbHRWhf90dMZv5VLyzO7JmuD2CS424W1+SZXy3JoETyiBIcj5hBznpBoKot8wDg+ALWqblRzlxuABYCOwJdxgdQqJprycE0FOB3oydiFrZBc4wsIOg5RYqLXCtEIMEKRBPAoMKzQyZKQOFkB5khiZY0HIh+cCwgfiJ4paCnoigbYX4nEbGQyvESyQNS4IpERGSd2OAaSR2B0O0Z2vINO30cqVKhQoUKFChUsMHfbu8emblp85f8k0MpGJvg7rvVbhXEMNDxIVaRGitwivKJt6U1SQBVsfh8HY4BDWmco3iHsE8ffhVfG4ms5aO7KQ743leEGLTIXyG+Cc060iMlrIUA324CrQF2kuCLHjB2esh6sjY2N12hvXhedMfERQHWR7kBUCmYRO50OKGeQSmgvQ9cEbRUawJR9UaBlrXO6M6YlarMFsHUNB5vi6b2JAeLAdiQB+vnwIYHfig/x52tBPkh7AfMxEY4YTj/1waUr7DGjJb2927I98dk/WrpykvQdqwsXzh35OzTq/JGPbKzeIIMAQOf0k3+BGQ9ajZXn/+r/JH3H6o0Ll155TAouvuZ3WuvPffCXyCBw9GO/WeyW+RygD91ELOPyy58n/QDzWINkORmfBkMXlX0ExXf+fARmwAjw5Qvi/BkwDJcvn8L2nswH4Nb4V66eu/TSE6TvCF7zzz7zSS4ICLo/kjMAuXJmIdUa5yKOsgMg8oDIyaB3rOrpxz/VbjbJkIDJcrfTOf/cETIIXH3lJG+09DtPpYgaL1szEi8WP67ZqwUk9z1cfeVSMIFF+osgL4tnF7jeiHDX3Q7cOLVIBoHF8+vAtxyaY9YKnWsA5ANCiAk5imwQ6wlF9JKuwnIyAcBLSs8ejKqlxS3R4mlpCKJv+CB+iQpbeARiD3bC1E05FQCwB/hyUQwvxv1OaukZT7E3AKEvZWSkf3iJRA6WnmViuAzA4vlcK2sCoOqgIoCgBMA8c/GECk6Jk2IP3XDbVab3gcinfIzs/OrKI7BChQoVKlSo4ITp/V+58/7/jVD+N8zU3c0CTCMdZzix8RYIzF8sxiI9k28x1JTOCaCS7ZYqDwplVjYKdwug2YdGn9BnSg7mPqWiFvwLZNRq1A812wgy3ADswxWN0weSD1OQEpmJv6ECiDWFKML1lcit4GthjTF/MkRpbEAT4uRD5fiMypqtCnXkqlz01dFo6HpaB4U2w/HBA0blC5gLRZlvxIuBm0isMHwAv9KB8gvVUYSZvECdC9cNTxShMEMXwNGvPUfLJMivWoRHOhY/Mn3H+sq1lz/1W1Jw7izgpWbL9sn3/MRb//mvjE9uI/1Cp934wp/8hErBYCXp+Q/8H2/4X36G9B1nn/3bTqsRKhHe8+rNn37+1Bc+cPvrvoH0C+3mxjN//l8Vhiq+5i9eOHrssT+9+83/gPQRZ575m+unj4RLzQTrAYp7yeCXLIk/UMv3FjvPH/nkra/9mn7vtmhTEYrxuczjX1nGOA/U+9D1VL340uM3P/xlpGAAYfbTu3DksW17D83t6+tRtic/++HW+po63q+Qkjxl+fNGWiT+hR6zwJta75fizcb68c985I43v21iapoMDJmasdlCbTcWb1w9cXzfnXeRPmLh/KW160uxtSinHuf74QC2HCm/GaVQxK5shaset06rfe3Ypf335j1W2wnzJ290u92wCJN6xp1927turDQXL67suGmW9BEr1xuNlXasRGx42m52iRd67jldNi2N+XJIf76tHXTrPYS0P4LGNNPc2cHxNYsAu8ObnrS/4Bupm3wLNz2eHIw0AlkwJz421jsOu+foldELQwL5BvgYkIl1p/1md6LCgETpUxktyvpH4vXSfFJw5KjH1rNMFYiiQZQIiG7mXR7BEKUuF14rNQEy3AOROL5knwgMYyqn7gXRHe8gU319OFaoUKFChQoVNgem9nzpjnv+/cLLvyBGyC+msaMMESN0o58+wF0sOjrlCMCGLTiEFg3wjvTl4ZCvokxACVPh4tGxZbrIyYoYfdooP9Wj4ceSK2o8RW6ojh0X5DHBNxa8TNZ7foHR1mtGFj5ziL2jMzrtdpuMAIqoePwroH870/WKSDnUelNLvfml5De9hTQivwLnWdhPQVlMBgW5C6prpxvUqFby2l4S/PKu1CeY/CP9wYCeo0Vh9HYKZB19R4NxBSUqj8AeYOS7kZGAv42N7yA2qcuElQhgM2KocwXq7MjKrFsfMSg1wHK8OnoIFtieeu9PlzmUlK1nJavTXH/ij3+0Cx3SLzz93p9tbizFLy5YiS9dPXnu2b8h/cXa4qVjn/kDLkiy54nP/enixVdIX9Dttr/wZ/97c30x00Q0VPF16dwzf3P15NOkX1i6cvLk599HCL/AWmo3WAx/fJEVOp0LRz5FikO0wAzGToOhk/JXrDVzs4Jii1he/06FwKUXP19Kt5Ys7EcbDr3yqfe3NtZIv3DhpSeXrpxXrvJ7WVUskEIaSMY0Dy9Atr4j8YxMp9068ZmPbawsk3wIZFw59kXiCk4vcSJt4ey55WvXSL+wsbJ6/fQ5ktR8vizzgDc+9z7gV9XQ4iRRiTZW1hcvXCf9wo2zC43lBkmMxtRW4DMOq9fW1pcapF9orndWLm+wIYlu0O34mL3TAr6Nq7oPVV9q/QFjuqJhzxKIbaIS1JQE8B8A0G38pmcGahnYLoN27yAyWfgbecpL0MmSqhsgaTVR2R1wcnCPQD5N4psH8ZazABwH4RoA9whMmRBpc0EiX4P+7Q44/sklxtPOIxCUYoQ4wIiE7RjleLQnIFgropK80FZULsdwvnLujaTaI7BChQoVKlSo4Ivp/V85e9u78UVQ5hcKwn7rSUQ2uisITszcxMaL9DT95VbkjEXZvd/4nbnEjcJYXrX4Q90/2bZa0Z0JEol2f6x69qnXudv4EwbX6pQK4ZRKrqDgWCAFVAT+XQE8dGBZFQrgtSob1PQhiRpM7VQRbjLkqhcapv0AOp1QBrr5PzbodIL/4QX+6XRYEsiSdZRJ8n86Xh8lQ9CVZqFVY8RR7RQYwbHXrVwHK1TYSgDNli2ji2HODqeblaLC45iKMV5ZjfcnyfOrBff9AqNU2kxLmc2Rxz7i2Q/817X5s/1Q07n+wOqN80+/56df+60/XKuVOy4KBvtH/vqXFi69LEWIan7xk781uX3PvjteR/qCTrv1zJ//fDhHRPW6PfP+//Lo3/+RuX23kzIRGOqZP/+vawuXRQ1EBQsficOLf/M/Hn7nv9lz2yOkZCzPn3/uA9mJzFBQW04tUmBTA4Qt2rLgzNMf2n/P6ydntpNRBj+H6v+wVKwrp3NChRSRkk+32zr9+IfveNPXkeKRCYVO+8W/+8P73/GPJmdK30vs6okjl48+HYoHCqptNR2tGjsY0JhtyMGvW0m9IpLt6ZJvT24xaLg1IGF5JtHdbvvE5z6+5/a79991P/U6KySY4Tn/7NPg4zyaWIukniVxfqPQyy+9SB96eHb3blIyNlbWL73wxUSTuBzDS8oVhCtSFxbW+FygZ9EmLiexkmlwwHTx0kIw7z93YAcpGcuXlteuh768jAJ8jU3qcmjRhTML9PadU7OTpGQ0N7o3Tq8mrZIwGvZuO02oTTuXZqvRTZtmYnL0OSl4FLHVW7eDAAsAPREkJi0OdtWQtah3p+QMxPEqd4eo4wAYLRg5EqJyFmS6YUJItt9dKgiQJEpbAxE1AiStmAleM02OABGnuGWYq/Ntcs9jFcU1ZwLZMFDmQicSE0ylTIGcUJCkNpHSYxTUAVzVjusDRSJ7YROH6ewbSYUKFSpUqFChQg7M3fbu9tLRxsKTyLiFosPv6N7ulzFDCCr4UIVXsT9g5BtIk1jmS3jniu+UWyPZzKWgq0NUc6vk6fA2GPCo1+vBd63TAcals93pBJ+Mzrl0vacysEtvxC8d0S+8QVtJAR3ZG5njoIYw8OSrS9St1drtdqfbsSH2xZC38oLUG5ZcjmqfqsAmy46AzZ27CG55HCWnwGJnUPvBODeiHxgQL0Q/JugdWN/t17aZpUEzKoh+NdENBklQJ45crYKceeQEIEPM9NcvXnV1K3R7doA8jR1ITr9AGIauRlwEGwqlFABnv0AhNYtcBc+y4JcIy8Uwl44jgle7p9//c/MnvxDeJKGia1ehuY3Xfx0SXD//wmd+69+94R/+9NTsLlIOut32U3/2U6lHILN+RdHu5bkP/uLDX/tvD9zzJaRkdFqNx//ohzeW55UUTKl1Os0n/uTH7v/K7zl0/1tJafo8+xe/uHj5FV4DrTeaHUBVAVmabuf5v/zlw69/1x1v+GZSGuZPP//Ch/+HsLE5p5tzHU65AOv1QLm5QV8w28QwvlhISUCn/fwH/q/X/cP/jdIiNyOPpof4qTrMQEyYeuHXRl5yQdN2Sv1GYEBAOXiLfHDd+SI5Z3PIRFw7eWT7gcN7bn+IFABQKAHt9ZUXTvvH2QAAEABJREFU/vq3737LN24/cCspDeef++yV40eY8UtsWtwz0AmxgwIlNF9Lgbj1geAX6KtTNvBE/QJjQpg/eWzx3JmbHn7N3N4DxAXL81cvPv98t92a3u331JNPz8weZdCBgPmuw4f33n47KQ2rNxYuv3SMqPwm/Qe7Kt+UlDl4dAlxReMMB7wLCb1xfr650dhzeD8pDYvnFlfmVxOZ3LHIiVppUFKmQK6fXJjbPzt3YBspDRsrrYWzq+zRQ6GGaTOCtautHbc5OyauXmkyvKJ+l7V5Bpr+kaKSjhytGE6dEGijKR7kO+aRZBPX9UD39cNcnSjODexCDfGoJ1d0b9SZbbAawaCWCEiYMq1izUsjXNzeTnmdkIEkByR6wGLZZBAPq0EmiL3/mGxTtQj5msg6ANHQyiWu4YYRgNqyArGmBAjw/QcljO883fnlpEKFChUqVKhQITe23/Nv5p/87mCCmRBpiBksj/Z2kQvm4oDZMUmcEUydsIg/8qT1lpjNBSXKJ+832fSJOAOT/GqQhhbD3foA1BOLaRClxh+Pila2oNIjcnwMvnqHlbL70ut3vjbAs+y4AXFh5c/ua56TE/dlQcnBznnCU9MudCnQLnTtf4XkQTFUAGNAbo4V7AGG3mJzG7fo3G0Ka1U7BTqioDlZS9Tr9bGxceKF+lg9GATW2jV2GGhdaQuq3XnOdLfj03MKDHKqcLSXZhDFSPtgVYTTgNBi1ISs3XMbYTuJI9UjUwDkdw+jzjyiWeF46bqcAvHRieaJdxNFPLlBLr9AJSef1CR9uexLk0ok2uktqFRUyc2feW7Pba8iudHzCHzfz8yflo5kBcQvsO89FqfBxvK1z/z2v330m/7zrlseIEVjY2X+qff+9NrCJR2RVOJHPvTL64uXD7/uG/12gbLB2uKlZ977sxurN6yoEw2PfuR/rl47c89bvp0UjaXLJ5/9i19ot9aJhRqlAU4/+cHlq2ceeef/j1LXnxyYWENvO71TT7w/vKM4iZ+zGMNB/JFqNgDxZsvOwXGBAseNlesv/s1vPPjV311epVWjqJoh2wrA/zcBnFYKhxdHljInBcsTn/+rybnds3tuImUgkQXdziuffN+hh9980wNvIEWj22mfevzvFi+e6d1QNu/hjoFiFfR+jADn9+M9z8m5i+WskJC62WWuTGwrTPwN2q3m2acfH5uY2nXrbdsP3jI5o/PcCuy5cu3q9bNnNhZuEIZZLjWBdQjM5mOvnz7dWFk+9NDDZfQGC2cvXD9zLpvIj326IHMiiwbgJN/gIt78LalyrF+gz/w755OTvKlS1n9xdX6lvdHed89N/HGlBaDT7s4fv9baaItKRV/SIkro4ppkktLlKyvNjdbuwzvL6NlXrm4sX91gpSdGT88rJ+1md+1Gc2bXBLHG8pVGpxXN8DNag6JhMnUYgb64izEKoC6GtKiBvtu0RQkC3NJpQkFNCHpW2l0mBLYpLeVpRDKBA+/1q1ePJQBQplUYFgSJTFokBQCTRMkNkZi0QeDV4zoxXogYGPm2I8UW/wdQWwmwS2YkgCytoZlU8CTEtE8kUuOyhx1rLvbJz3gE9u5n30TqpW8BW6FChQoVKlTYCqhPHtx22z/eOP9H0W0ySIm/6/XosFxCQTf46XQ7OVyxXFNa0zOZYdWL31FpMvoMo7vd6NRMbqyYDr8oZxcQ7UGY38EJAaweKJ0KNB0GG+ikEHWa3sHBvdhut8M5BYrFXiLAGDBEKFW3nMzBI2azYPPncCQATsGbBFuh7vnkcdidAktbTiyNcaHodrvtdot4IRga1Wq1TqcDI75ToH44BeEqbXTAOU5AnIQ5Rzs3O/OKgjTpGP1qorjfTmwp1Gv1YATNhw2g+ddCdGtdmrZHz8LUJKPqeJdQX6QrvthMPPWRXOQSMrcXihcDv5SQt76lpjKzAdN6phuOf+b3zj2355F3fX8th1PUyvVzz37gF9aun8OjxdwV3cVlSzWWHlbQbTeefM//fvD+t9z75f9scrqYI1C70Dn+mT86/dQH1SSME5hU4scf++MLL33ikXf9x7ndN5NCEUwEvfLpPzz77IcJJ5NZacOTxZFnn/2bxfMv3/eV3z23t5jtwQJ9Tj7x/tNPfsCOmuSEsW1dP/385373P939ln+8785HSUFYvnr2xb/9tY3la0ZKwEcEdoh6YYr4FhDNxnVWfOUjjuUts+DGuaNPv+8XXvX1/3ZsYooUB7v9AtMzYEkB4Nn7lAbSnkByT/EB42solSkQ9kfUL/3t79726N87cO9rSQ6AaFmQO4wLRx5buHDitte/Y9uOfaQgXD/7ytmnPhEO8nEPWsFhpqBxAyQfv9QANB1yeD2T2RIUfh6B8gtbYbu5cfX4y1ePv1Ifn5zesXN8Znpiatv41BQdG+s0mu3GemtjvbG8vL60mE6VR1+u7bQb/uAscccAXk+hepPV+eunPv/5vXffPbd3LykIGytrl794rL2xwUqkaQcl2yj/4ALfrNG/gyZxEyax70iaiTCwsbpx8ciZnbft3bazsJ351hY3bpy+nvxWkPJ/WL0IGwp8bGOxceXote2H5qa3F3aUcHO9s3ButdPscIIJYXfITDVYudqcnB2rj1vtRNtudFbnW2zyZKRF8Zd67kTsTI/oYazyIsxWmpQE+J0CFrMNunqn9GjkVgXBQXpe2M2uWC2SOBhCtSYHeg6oy2D6YhvvSQIqDsASY+oJq3fsF6B6INDsaaeJEFpydg2YROAIAAsHiYMqO/ECJvDdCajLFTMpQSoC65SHJ8HBl5+WVMFJLkdkj0CSjrrpBN32GlKhQoUKFSpUqFAQZg59y/q593W7a/ysYfxd6x3wErz1scvB+ODWC/Yp7ShtX0yoFyky0NYyyfGCD3KQRSotaLihI6XcqN0uqadEM7V/zdEyysNWfltwTVogYcGyS5BbDtIqqn7L82I6XIhySUemVIhxj8DNDcdMQ0E0fYWnQkPtFEiHys4FrTI5oRMsgtkcNo+hDt0a7TkFdmEYnALLMl8NeqsC0O22O56GGh6o3HkgxYAbxCDaQG7QWm3cd7tNYtMF2Q3za+FZ4PGmj9q0pjG331AXn/42lahjjQuXM1XVWCIt+eUC512Ifx714pO3+aidXEq02ZVXPvfJX/vuB77qXxy4+83EEZ128+jH/ueFIx9xSlVaL4OXvkrcpaOfDj6HHnrHvW999/ik/5J8YIRLX/zssU//fquxYiQGtWLrC5ce//0fOHjflx1+/TfPFuEa2Gm3rhz7/Cuf/oPWxrKgA5UvUV1DF4ala6ee+OMf2XnLg/e//btmtvsfd9jptM4++6HTT3yg04mO+dP8WLP4OqLOKjRWb7zw4f8+Obfr3re8e8/tuTbOXLlx8fSTf3HteLhlJu/kQ9SKkVwtHFB/j3xjCVB5JEVXadzajctP/vFP3v3l/3jv4UeIhxiAhfMvd5prxAeAOS/68SGMWxf4lwajTDKH5+v2zmpBU800foE9nHnqb1eunrnt9V89PjlN3NFcX5s/9aJkUrbDgMh1Zu365aN/84ezew/d+rp3zGzfTXwR5GjlyoXzzz+2vjgvRBDZ2TX7PXjuJ2KuVsdOf0HeHzZIpZwEQ1p9uFrOeK11Whsr1y6n6dkNBnmO8ffUnNtjDtrtSJ40uKSywoGQ1kbj4pEXrk5P7b/7ntk9/rWChN5yN86eWb2Wbm2bbe4Y5h8kv0CmFdsDmNxkgcCIy/kkAq5LjtSFhHMootPuzJ+4vDgxvuv2fdOzubyr1xbWFy8sJF53JBuEAyWi12o6ZcielptZMvgf8LlxemFpor7j0NzUXC7XwNZGZ/Xq+vpSU1SMuRXLDcjVYys7bp6e3m54uVtdaC1f2kj4ZMndSxDUvvRGPoBJHwBYM/b1N4YFyipgRhf0JIpNBEHs28XXcpC4agWhm3wQOQyPAnVUds2pAjqVgGgsa8yKIgakYFQlmRhLCwKJUBZCYjCoJhayhh4IThL3ito9AtnbGpl5kNQc9jetUKFChQoVKlTQg9ZnJvZ/1drF96ennmYDlk7vB2cd6HBb6PEkvrDnkF+WgTVIo0w1rSvvAlBo/gfzDlliEQ5YmIfYAvTzYjEgu7gAedmTLzcJ4pfjkchY4b3/CGJLZtoaw+sUOKAp0wploCrMCgNDt9tptYTHwAAqZDfaKbC3ubnBSbdPSzWylNxWidcMAUCXB3aN1gjw2mPDwNC3NsTK9Hbir3s8OkutdfK2+lFwFtTTvua24R8NPVk7jaUjf/l/nNhx8J63/fPdt726VjPnffnamYsvfOT8Cx9tN9ddvSIaK9dJSXBw0YjXey688NELL35sz+HXHLz3zbtvfdXU7C675EG30165cvr0Mx+8/MrnlKfUqeVydyQLu/TFzwSfydk9h1/79fvvedPktp3EEYFiy1dOnXnmr64cf0KlGP8KR7UOa7H7wsK5Fz/3uz+w85YHb7rvLXsOv2pieo7Y63P19JVXPnfu+Y8CKLf71Zuv02nV67ae353GuoeUxvKN5//6/woMfuDeL9lz+2u2H7jd/kzh5vry1eNPnXv2QxvL15HCFb0uEKWaqwvEDyrGed+NgPOwUbpKkHazcfTvfmty247b3/RNew4/ZNN7kPD04YsvBlX9c13FVtlcf0cZlSQFwu9eFW242BA6bSy0JyEoTeIJIKL3TX6vsfSZlvoFEo3v+PWzXww+e+546OaH3zq5zWobVIDuwrnjF7/4xNr85YwR1zMAvxgeX69cu/DSh39/ete+3bfdu/OmOybndtpu1kqgsbI0f/KlayePdNpRQaQebcB8g7JmU9LtdGp12xYadCCMyw/HtrWxTlwAvV9hAecoSeMhR7u5Mblt1pJPt8XX/ITlwftftfvwHcQOV145On/qeKaHVFJsC5mYsdUtQidom/x4KulsQPLJy9Be37hw5Mj45OTcgf0ze/ZOz83anykcDOVXrs7fuHCxs9EgBkfqsH5KOrTb7XHi6MEmt9q0nRGv48QZX5jwERo/Q4USIZAcm0uDmtO6+vKF8cmJ2b1zUztnxicdfubU2mhtLG0sX17qtLuph6PsUksSPxbRrZjxtZUyQduNzvzJhfp4fWbX1OT2yYmZcXt7dDrd9cXW6rX1TjN+J2K3Gs9EgnBLol3zw35pbX3b2PZD02PYloGdVnfhwkZrrZOpzOqPbQdIKRLINRnR24iJwnNOky8+HeBktjCTG1/BiM8QwGvQAOilLgFYMcOiLDYF5AJ5ejVlssqBeu+BmFo39455HAKROWC6yPsT8jwQHzulUhE/PBpYBoqTgiXZsW6AMuGI4+OHUydFPolMj0lU1gMgNh6BSJiOXhXLegTiewRyg7Jt95AKFSpUqFChQoVCMX3g7WuX3p+OXLJfU6VvwVR84zGNcwYBR40cyJ1X1/yMY36pMKZyk1VyGYIhohDxtm9u1jxsU+d9qS0KViyHr7VKkKjOYAcAABAASURBVGY6AI/JzXoIwM9tDHfhuDTWEahmXhhUsx0Z0K/557/Q20+49/uBTuywAr0DZ7u9i/AbetvV9bZi6/bCe2HBd0gTBEJ4pH0c1YsNggJ+HQjvQw7QO2WoNwcUhSQuI9GHpO4jUVg3mxHvTdmyziXSZBjy21Dhng3ojYdq0SZWyjkj1EJkRFGv14djp8ByLViv1Wr1sXCnwDYZcVDuK8PY2HhQmu1Wy3vbyIJQVlEGFbU+Nga9hfg2lO4TV2Qu0pVqI4JqSmu1uGstEf65U+TFnmG8CSKAanBUhOXtLW7iortXJQuKsNfj9HzliA9yay4+09JgMBCH2HXba17zTT9MrPHkH/+npcvHOH5Adt10/4EHvmLbrlsmZneMTc7Vxyc6rUZzfam5cqOxen3p4ssXv/jJni+gSzt2oc3vu5pxGKvXx+rj7U5LsdGsKGt8cm7f3W/YtvumyW27JmZ2TkzvrE9MQJCWks7Gequx0lxfXLjw8o0zz60vX9Xw0UYYw7KboOPcvv+unTffv+Pg3ePT2+uTwer4VH18qrFyY2pub7fTbDfXOq1mu7G6dv3CwoWjC+ePBhr2vJOhC12j1W1Mjfv5TM7s3H/Pm2b3Hp7ctjNQbHxqdmximoZHW7abq+2N1aDCrMyfu3biC8vXzrLMbED1pFIXMV4fG58Yb7Xa7dDByKayUWMAIdsP3r3rlvsmt+0OMjgR5HF6WzBUDppDu9noNFYDm6/euLxw4aXFi8d4DzNN+VIbdTIfDdvuutcx18Iuq8M9fRRsbRWTKRXSmZttuw/tvv1VO2+6c2xyW1Al6hNTG8vXxydnmmtLjbWF9aVrjaXrS5eOry1eJYRadPaUl0ENlEEP3iOl2KiY0RPnxlqIovwpe6tos5ilKZoGE0QpzlNITdVPuOwq6Cj23HbvjqAsZraPTUwGt0G/HRRK8Le1ttJYW9xYutFYvrF48STzSwZBQ7U+WUySu6Czuum2bbsOjs/MjAelP9XrrLqddhAe9FG9T3N9beHK8uXza4vXmFZKJYZMVjkToVWXtYuqBDkR6U0w6h4bGwveLIK3KEwEFfRQB6bKc5pQ6VKoQVI59ljf9uib5/YdJHZYX1k6+dgnErapbljeCbnzy75icnqG2CEYcrz80Y9G17V673WzE84cMEzTPxRJnxgk+JravmN6147xycna+Hh9ciJ43wmeTcFAKzB8UD267eAhFlSMhY2lZZIeeosaGZOY5BjNMhXahdCbYCXIhiI1k5hrJh0fHx+rj3V6L+edaFaEcMXCEVNMRICZXTMTs0H/GXAK3p6CcWk9COy9XQRdfBt6rButjaX1xnIjeaXi656cm/RWKi6q7rLEUEomZiYnZ8drE/XeG0+gW73Wc0etBW93JHz7gfZGp7naaqy2kCcxlXpRiaIeIrIea+2xifrETB2CJ22dttY77WaHgP65gAYShYsqTsxFUROBAZZkIakDLYdgFDA+ToP+LBiSOL9rA3FMIKW3ogJLDiBHmSYFxXAQJvUVlElMMIgKRpKk5w/d7sTv8jIDwflMVBNUayT8HKf0Hg1q/0WWZRcxS5xeODkOODe+ZCY28/BLFIAoEJiNBoE5fSiSGP8UEBhPuDBBOAOcJhur98ZfwUi8NzMcTguTzOmwN2M83rm4vNIQl5GAs4BcDSlLnahOEDsIJua+MHqiqPSRJqzY0COQG7QAxynIdn0n3f/tpEKFChUqVKhQoWhcffK7O43z7PGQ3WidlJJwjd9pnGwDq7RWLyyQUuLUO3ZsvzZ/TWDM0tZ7C4ljQS5b7bYkPvxlhnLkKARQU740L5aal5RiQMM3kSBTvfmDvOv74E8BhnhHcHx6C/v1XlF2nFb2XWyfQ+9ishzU1SCbwapEt2NZiGXUpmKAatZ7Xx4fC16WgsWXvBV1GLOe6RQtDAeTUjAUJ3MiEBorWNDKCBZMJyYmgmy2Wi0o31ejBDirHDxTxsfGgslG/plCOX7IY0CaghbmeLMdFSLHCRoFhvMKNJzgroUh4YIV1MKLWpg8uqhHsUl4LdyjJLnoPR1qvZlQ2nM7CYhpdFsbC6XVeyEkDK/VoySQsB3q44MHD9+J1+HAaGtfYWuB9u2pDwU3DdhETQ15wg1Z9pTP4AK4WjKOXOiJSxJvGNoENcXx6a3fPRLpXegISSiZv/Bi8Mnu8ZQkNzQntamT2AA5EdAWrcbyhRdiT4ix3itdXaXDxJjtKVHupuL0Xr16Ivict+bcc9/oeQXSLoW8+nALY1zC5vrSuef+llgg25rHZU2cGLTK2ywldRD9li4dCz6yMH7+i5p5Z2FgkwTStg2KHZ/EUJVxASs+4PxZDIoJzFBB2UZYAVavXwg+Z5E5QjRhb38lm/lEi+oDySCDqgYbthUHz2kcSmImGo1AVUDYPn8gP49tRNiYrdtu3DhzdOHcy8H7LusjjDnlUL0+FIsSdep2Fs+fDD5REWCuNGnu0blWYHYSS6o+Vxa8Akw7SZgmyoolyHJIaxwQmRdXR3pasHokgeFrvqh82o44QYRIxwKz0w3iXpw91o3VZXunwKnZueBVP/3pXaRwxJryErft3mvvERig3WhKLQb4/iKUouoW4tLsEW4sLQYfwmaUrwNUDoTM10LizEmMSx+ArXMZadaFZu2XoicgM8OGrGZlSYlYCYFkvY1QbUhqK1Zpwuw+mJk03n4qcexLfncDq9dXVq+vMhzEdsT1JFQyUFaxsDPHxVRijnkCxtpAGquNxmqTl0zlNPwla+RICE10E0jTX5TyZ6GGexYGH8Ij2g5Q3KVPux0gSL8mjQXINY3wfIBgCfkIqqIhkj4aUNV0LCUWCKte7BFmL1PJy4PcJpWOBpy3EkQzq6TkY4R2yhQ3AFFyA0lTlIANBl4MS6DIrxglZBFXD5Rqs2cSg8gVsx4Au9sfcHwYH0HAdJVFiHsNWh8KDFkTV5dpqoDClhK9SqDgERiCsmxp1JUnWYoWAChM3mTVPCtUqFChQoUKFRwxsfNV65cv9MYg3fQVlIQX/JuX+LZiHhVh8EtVJifVCK84TbXS45dX9/civ7FhzlyBQyhOVIhZQR1uzV/5ylY4Cq3zDlnsTw0uGiC/KXsxGTqMZnGEAO/ICiyGtFrmUmuInAJLmC6h2lvH1COJweahT9LpFunGNvGEYrhw08f8QVHWBGGpV4shr6iRblh2nMxFtUP8ggoZymoONox7S7KMqxw4aOKtNPWIkeH6K5ZuvKEvyyKn5e0Toz5PhSKr8aOFtEQMqqNNkZo6IsduylYZB04F8APx0EP3nleu6eFme6Jaoo8DrrY+M9RMQhQuCRT1D5CU7CFQHmq0xq9zUpUsqghXBur0p3b8cyB7Emt4A+arQWUW1NjLpdOtVC2Jc4aURVNUWa45adUA1j0pCuBcCiGdBaaEcwlAh1ogcsakyddJHpFegDsUlcj5xHr3NE9sEl4c4xcYVySuLHjdgfNbAtHNScpUEgBZIMkcG1AHNPQhFQdLyhCBT5JVAOb38bipU9U2lpaINQItbnnk0bPPfYHTDFGjdujhVxEXNNYYjzSAbH6TtyqY/AITE/NOinySqKwZPsxYNazmzLnPRE6eGA+IQJYahLJkcalTFR+m7RKpeKQbpes2pDlDoGhuBO+y0GvI6AnljUZY9UNP0YSGF8E1hywJFTjgihGmD5OzQPhguXpAolt8S7k+RwZWwZg4/h6owplUE5jjtyQqIeDLDJwjMmQVI/PA7CsgL0UxHoEGHtwjgGMUXQAfBQgLLtRMnN5yqXR5BQsRYqCaHjCRqu4JdHJ5OTglb1dEjLVHYPpHV/p4eRJtWSACsWNmulnnGj5WSeYRSJJuNWh0XTp+gFSoUKFChQoVKpSA8bl71i99KBx4ZL/+oNk3yJe+cEoPhsksOxbCe6aZERSSUwswg15Hab7K5f1FFziE4kSFmDU3E8OQ3jrOS1i/2PShBvsgx6t6fu4DxPBqJkNorGBBu0lRaO42qamqnQIl5JrxrTAI0M1eaps+g/0at5cBYNa+Ng+8shOvFkLRfBEmJJ/HmMMKolmIQ55KqCVKlqXVyGLWNe0kle0XaFSgB1yD6PQ/oge1CtKkpL7xKHUAqPXmirq9kx4BpwIDB6MIBS21TU4SNXyLnvFaiPvm9Ab4KAeeNRrt9q+T6RwlAly1ijNjSNVzCayFxzjSDuiYxUrwKunlC5oYyNQhilTFNn+7ShXP74l7aMnVBoiaQKIGbVpZPsXGFaIIKiakKDsbMqHJkPQGSaV76jAJDRPBQC2fXUyuY1/HtKtKnbZSdrzhgbNW2vx1Ll+EFcFqAVE6XgRoNqGLeIqmANEvUAwjwPRhrB9kD+uLC8QFcwdu2n3r7dfPnpIkxu50tfr4za9+dGxikrhg/cZ13iOUnXNKDUVIto0TZqb0ZFuKVlKudJJ9QxFKtd+doAakvQrjkgZxjSAE22IwcVxkqpzUPNJqFQVSvh0A2pzSYEiqdMYXGA4Zt7ieZNVDdDxVt8ok4/jOq4n6ihooac4lhERJnhqyWyDCgyKjYOLS5xibnYxA8lUCwoVQ8cXDcTtASlXEwIllFBXo+aOKBVZEYGImE9VQlW0e2Eh3SurKEHRBQLQMNRZWvYOCMhCEIEDIgEhbAwq3Yq2XCYhIgCkR78ynyQRIeQEV55Sl8vRhfCNAgYq9AiwcUh2A0wMYnTlCAoLpASFmhar0w+2psTxyg4QId5xWVEFGSebGTDji4M/4blKhQoUKFSpUqFACxmZuT14f2fdQYA4xRIdSqnAViiO24OQkrBQGZvZQsoxiAYZ7c9JCslt4wZZaCIUzBzueQ1qzwByfY85ieJvTSDV0Hnk74hFGobkbRlMVo9PgnQL5CeBiubqzLH7WdauhsmApoAO2bFWsOkCybLUJ7ARqj4OhQy4NbRNHT5FsvS9cvwYdURkAvXeFpW9FYeAWR5ykuKrk5Bdozxxs/WTUcZAcncVAJKMgx1jWFRAYiGKyToc4mRRCi0IIkau7EXiCiEsyIUVxAgnq0VrK0sCK6vWCbrfTbgd/iSNYMb29Pnoc9AbXaKK3HjYQtijV3qQC60Gi4ExpuKUgELHYla4eyB1FEmSRIARx1LLRlPVapGE3YsVaYaaAsFDN7L2GAylJEJd7GSeh0H2qxo7FeC8QFqwbB8WjJC5qDjomurTcPZUJeq6i9Vrwp1uv1TvpOrpOlmRUqhVF7aIUPDXWE/3LKJaWqEWoaHzBV5W4IiWTp8m+ZAwB7hcobHqH69dYXWw3G04+fAfvf3jnLbdfevG5tcXrLHNKartuvW3/vQ/UaI04YvHceenpzPthgLxNZrzlH8oQWLIe5C0GE6tK+wVGnplJpvgkohqQBFPFA0+UyO34KRAAcuA3WrhEUiHKMTOESE4eCq8pkTmwzTMbHlAsXHh2ZXmJmQv0cRLmhqqfdNL2E4RIe+9pxlfy25JwCVYtU/QyrXEdAAAQAElEQVS0lCUCcdkOECPXaCI/v9JDpwFNIPvDEh0oQmlnGD2idsJ4OAHxgFUicKCVqcBE4MBLExwawiyL3WkuakOgilZyUBMAQoBDeuMA6Ro0UrFrICYa4DgDlgXWOlI4EKkOAxFdEVXSOZFqiASU6wPja35T//jBIYakqTjfbnkQReLkNSrJDZlEvUn0DAtbHa3NkQoVKlSoUKFChRJQn9qfXIprFcjEEOju1bAk0xJ7vhi4igX3tyYXmeCeRErsmgioT644FrkS+ZeJimNBqcGBtgh5OdmU3QJKQj/UHrpMk+HUSQ/5mDcNLdnMKDR3m7pyVjsFhsg901qhQoWtDHaNbhgUITkw+EwMHzSLnANTwSpyCAvTVSUnentipyL1NKM6Wa5yAWldvQgUww5Ui/TGFBoCxw0jmcXA3mWntyuifMq3W1cJ0G235RVEAVS4owZ6dRQlLsWB7VUWhUdfPQebOun5NXYUToFUlTa716lExVtIrK8Dzb7iCi2zyqoHLaGFSgk5HZJ1axqu6dL62DjN3KdklxO0DIxaUYKUtq52gZaVRWBWK+r1epCj3tahlGL7KxlrhYtEh8pGkWtqTItaUpVKCzBFYe4B/NaSwLo6JRFsIL5nGxB2Z0CaSSSZ3IULZ/befg9xwdTs7O1v/NKg+XearVajUR8fG5+cqtXrxAvry8vtVjNSku9Z2dYkOuSl8+e4sxZR+muxPNN9B8P6K3BIy0BQgzD7xmX2D30wgTs2FxgythQSZxeK8BHaZeprktZ5IKKI1DUbMkNFoOmznakysj6MQCBSE1F2hmleQmKKRMU3VGIltAhKxHoJfBGKv4dIV6eSladMGiVZHLPFICWc3VhVY7MlFUrep5BkBKJtKJKT2MpARA6pdXV9V0qpe+DFbqi2UJQgkNxgqt6g9rYAw70xAWEK3ymV9SaCgDEANggibznQMGFCGG0BJ9BVHYmC1UTpMgcEEyiylW9Yv0dQ0BMLemCVIAgj4G4BBAvbgqoSiRHYuIBKecSe4CTtNyhDC3xA2k8E4bUkoJbc1UltilSoUKFChQoVKpSAWn17b8BBu/FghgI/qiGaAZM2KoXTCM1uuO0cn096oeiHDFkkELB/mxQTK25sE/UFkLwQFMBpOHj48B1A5SoC+dQexkxDQTSDwSatZpYoNHeb21SDdQqkxZvX8yFZoQhUxs8F5YpnhdGCOHXMQlpQHFaAxkmjIN6FMSN9MqdZbytlSiv9chgbuMZZdpXtSM8OFIrMIyABufgjNaCkppQZ3oqtJR1oN2ZzE0YybxGau1E4+wUKfEMPEJrH/NEKZ5Yjm9Eru1ybuoi4yLN2b+rZh5VFcYbAnT5JmEwgTVhaBA3TUqUAKa24iZacJab70FUuprIDsS1FqcAQltGFpvtKtAq+uwCddpvGG8NQiaeQWZmhMC3LLThL5Kg+xpxTUzhHEOSl26nTGnQ7nW60jyZfqbEDX1WTy1KxyjuH6SqbFagcwPWtcQXRdMNsCLYnn3BNWIskeZCJM3mg3uMtOZOYUS7zC4wD6/V6rUb52sG+GcTXS+dOuzoFRqjV6rWp+vhUXu+ExXNnxsbS2QNaqweaj1Ea1CJ5x0GKNgqK5VFFLF5ThodMQNFwBWdKdeLkVs4SKFSleom9UqiFh7mHroEUJHc6tT5KWUTqFqVqI7LVdlAqJ3NcliTO0JtRKYxmYk2yaAzhea4pEYLXEw2VpASvgE8qIYbakNkztGdBg16/t1LYpfxmaqWBmoNU+QINAWTxoOaCutppwjTm6EUFzbZeD7s4qAfyatGZ07pVtloWDkqpWMJsS2fM/ZFfLuNiuCjWB5J3RA6+u+wtkC7DIgzsQqR/nLAecQ5vuhBp2PuRSTfKGzBPTHY3wSwwGkBC9p/w4zDpShUgmKJ3R9U0gH0RRVlrSoQVl1xnj/rYDRzYKGBOe6dAafUj/AoVKlSoUKFCKaC18eg7HngQkk6u8UMUhsoBTtTgFGwd7y+5yJTgRJ0P4isGU7hejHzLvKjs5uMDvkHFyesLjz5VLhu4qOKr9hBlV8DwaiZDbuF96G6HGJs7dySZYylgbjDCACYp2DWQEhj3I9FIoI8527xG7DOG1JBV+dqCX9yTMFKG5PNiyJk77/ys8qsEAyqS0uSWw1i3NJeL6+DbA/4qWbRexTYegfMwdyqJejZq5jGSLm2xtdeUE9CucFNHZUCx2GlKje5MVhDYJuPFGpRr/GX0MEwV5PnzL82im5r09AtP3G532qSDuLRkxAqvFNkvB3dOoXJaigugiAi1ownu4VMjtNNpU6h1O50OCE6BmuwonK6IWp1wEpNyygj1CNJUUnFlRaN+baRypFRMTOOLZKTbuYUixP35mITpybaQEkCkLMh1ClBuqvrN7xdYq9Ox+hhSASiXHWi3VuavzO7ZTwaB5vr6+vVr9bFaql7PVWas3st0t5MGJuCvlQ5Vaf6ojkBkgjRDquPD1kFFExbvKNFpi4ugjC5y8hplnAK7XaDKRsSoifUnjBSqik3YKKKIwvIoO2ro3zJ1dAQCneqeFctziBoXxZ38qU4uVTJHbjR8nFJRZYwNB10yd6kkdKYMFg57H78fWlgjD2vzcECKM26cAaYYMKat1Wg9/FUA1EJvOeWWp9ytcndCjDi7iXfaA0Uq3uktuwMmP/zmfSCICPeSyVwOuyyHXmgN4kBg89LzB+w5CEI3AuLtKNqTEcxlB7JIIEIa5I7jABgdawWjF6aQFGMIcpJ4wBDtM4tokdbc3q90uuFV2ByhSypUqFChQoUKFUoDjWYaKbM7e/YOBfxFdAl2w3UgtrCnzJemYGYOqZhXlEIVtxXu/3rVf3W9AMOhaRE6DLw15ICjHiNSuRwwwjmCQkhGGJs7d6Wg306BtKxScplUTYdKJc6HDgdoiRZnZFQoGzSdWxyE6ApbG8PfW/ZXQ+D8C7BoUpIyVv5AEgkUpY2SUen2l17AqZ44nyqgKtfcOeSUt2FoldvkmDzLDflowtM0Migux+GugblXoIejI0p8gqguHg0mWYytafEso6lF/6RkkRwyhyJQcwCi2L9NYXRgWRO1SkTaL5BoRIQuUoZijlZvqVULNZWVJqkQzWeVqFQEbeuOw9TCtL03F4mUVzSzS1WMUGlipenByAGSTe9YMn2psdyMtlYaTk2N8IfERAg3/ljb6CKkp1QpTmUc1AJKEzH7BSJNp9PuQrfFCKXMH8oGXnjuibu//Gu9z//NgwtHnm232oRRpl4Pd43q9DacJNn6g2RDyn1x15TZYC+LxCgZxqIISgnGn/2PcMPECdbGNCeKcCpzYwlob0PFDu32/nZ6h7mnW4IpNtgDQrhN8ahIA6KWWO3VbMGYCgAxSXKROs5QrgNiydIVJspsbMb1ThnfuAWAoAawd4TRB7hb2hNBe85JiJ8NlZyoKBfJiBPyxkkUk0pRmlREjALlxr0spTdMvEVq2u15opJe1SOEgIbWD4UwBMsoVn1qFg3IlTpYDqnValFTbLd7e+tmNRDx+wMpueymJt2LG/uBRAvKtPFwi/nLJxZ3Cgy3+2NG6MDpDCT1LwT2YF/IQnqed3IbBCIa1K5GsMogaWLVZKty3UQWBgoJRJdU4gt2TJKnC/Mzg2yWmaIlUqFChQoVKlSoUCSYdxLKDKyAf5WitiOzAlG+QPsBJ5rUlhR8UvnJUtICeIwq3RIM4aDV9A5FitS6CE76d1lwTdNXWOuRT+HhfTcasbc2dpLAQvXN/U5aQu62wEt8/5wCab6JTwVL9yQ0ncOp4I3KfAVjKA1alXKFdGK7Ao6+P0wsBILOsyS/+AgOfhujiBJygzWlIsUAsTmW09igeQK8LhEvtXNmNpGrZKNRLIsCUQ+f7IBWD11OgTMtiWWbLGPboqWcMU5JmF+DXBktyyhjbfILJDaRHGG8dZqcAM+dlaqMKZQMDBUBeO/GaO6RKs0tSuA1oACcP5FULaiUBYljrAKhCqvw0s2umWL94FOB5OJDDdeA6BaBSlECEeZGkyrDGoilVlhb5eqK+AWywYC0GFFRmvinYiLQPDJ9GEGaTrT5UkpN02+eUXjd6Zx//slbX/Mm0l9cP316Y3GRy2/SCHo+bp1kp0DKx3GBhElOpUiEMxtI1c52GuaEa25UCCRYIMWV4ZMgSoMgVOADoVMg6dDAWL3jN7tA0pMnqcAsreoAWRRksplqn0wDJu1CNDUwHn0gi2C9kSh/pDXbCtJfH2RfYhthHmtclNwGhVS2BMDAnQ+SQJWWqqOIdRRqIxcmRrilDasbDToZhQGNsrwByA2YKfVR2qN71VGMeDBTsvUfavUa6XlVdrpsZw2gkAHcrTLbQMS88D58ILCNyLGmBxJZqpp8Ym/vH7dBYBwaUWUhUTDEKQhzkXLD6hLgJcImlDKJp2A1R40IimtNIAhWlfja1Pa0NyZZS4x7fUCeLxUqVKhQoUKFCqWBci+i4aSaEBRfgi5psQDLsBLEFMtaOYx3Y+NFm+sVzC1xWYb04guFkPQdPjoNOB/u4n0VHsYCYzHs+rEQXltLbC7sXMLwomj9YGj7l4InFgZwfHCFCoVi5OfaxJWgCpsA0fNjYGUKA5IdLhTSAT0++2JzynoQhAG4rQ3KlFxARbGnLhI0rh7WPBySkgJNSHERnvxNypVWUaOlLWri7LxsXoSqybInpfm55VQpPuCT5Obomip6nRLbCNi0s1wKAuCJJaYOUjJSIKJzk0MKlFDpF8gxs6nqkjhQRVhkXiYAWxWQ5EnZIFIRQalzj9TJglCjFMWRv4aLHFJTUkdBoEuiMYuan9YvEFz2CySJ9xRFHU5El0Q5CxwBs18gz4pK30i+2SzEQZRhsnjp/MypY3tuv5v0C8vXrlx+5WgsPq2HmXcRZMolJcLtmIganJAo+8iJ51nzYqzKtQBgfcUSbzVdt8Z3QpK1IZEVe3rKyvBJIjMkTnuSDywwDiIkySmEOyp2ed+7ZCaP8sRZlFjDs5pK2FqWpM1qDNp14H1RmtE4qaohxsoCcnAx8DwpIiLxUqJE02+xt1KdSXZDYxsoZRRmkwGvmxTIZYFv8cBGc1F8d8JHZaIJwZzFMLIekfWDRKYD4oB0Qz2hzfoBSW4xX2wpFIQ7UEVpUxFDKpleQ5ZtzhHu0wEGHYC/5a/1lSOlUHO3TIpLJ9wJu5B1QQqBIHrmAfPN8ckMhMkFxjqCLcR4NR+pzPAmrA5kDywGhZpKxGcHC4aNn1HRcyV9YPW0r2U9T4UKFSpUqFChQkmgNHr1ptHcQfIuShXjGpq8HepgM+osK/Xg+SuGnt5svGhN9zo2jnp7inLma6Kz1b388neHlU7gkWaYAKZowH8bNuwZHbmCCFF+cwmnPWC47TOaZTccqJGSQZNPCYxLTlABxxAaciTLlmsaDusB/cls1Vz8oXoi9demRT8XrfmNVNXxsBJFV/n7InqI2BckwYmHPbEtJRUWRr51KAAAEABJREFU8g1sCshxmVWloFkLJWMhyE+OfnsaI1uwf+9BwPog5CvcXHqAHFDaexy2Qmugx4tbEcgsDZsNArZxAFa1DitEp15C3J3HxA05AdCncUAyT5vcIQvhoEutDwJVOr9WC7ymRLzWaZplBMQkoOLB7EaENRVNZcQ1BI16eLCYCKQL5l5XVqK3nMgdkEA0C8ArEdNfPPrc1ZNfJH3B6o3r5555yq7cCWNbpqITdnspvBMUbS95hIBYbKw+wNsVUAMCZ3WcFdOtycqAqkAVh1ayhRd+d7sQHhyMlLjCk4a54wgAI+SC+DxCcuaQuNEXcp3qJ+cX2LIA5cMFTcjroicQSwAUNibmlsiQ2QUybKWPCRYkEpnLEzo/gPmbk0k/jEOK8AgEq6K0qiGAdB0CV2AEElmg6WGMtEeSNRg0NrsFJZNUM03rdroWb0FHD8lTnVWSYE9JIYrjoy5jmQPggSBdEb5wED7CdRqSrrQLL5KJSzWE1zVNWVeoUKFChQoVKuRGb2Gfxr9Ty/7aI8/vjrARFyhJi0E2sOXuXdKDPs6TcR6A7t6pPJz1BsO9L5zVAEOiUoslH1eH1OCRpgxA7opSdrp+wUe/QeUpLjWwb+rVq6gbhtJeZSk1ojsFOg5xKgenwlCZshg4+gL2GVUpV8AABVYNdBrdj09OJo4cFH65MITNpnyd2IWRvsA+SwVlXmRTAFvg9oSyZOhGpi0Xr9FkoXWpmGoDHiNBSu0X33PB1L8B6lpsyg8QdO8lnoJoNsoiZjGqeJU4sXkQUQNeJZ14c/aQNC6b9RUDQAwcfTPzsApSNcuI2C4r2Kas6fxYuLkVOD6mgtBufKGvusDvykMNfNVItlnTVTZQViTANzBTa608P1nTjABnhTACdeHF+WS3c4TYzBSYkkoDiSZ3onAgl4++AF3Yf9f9pEwsXDh/8cUjnCrhhVQP+eoBSWHRdItFNrsglmZmA4YP2sLTjQ0kc4GqBbAskxsKSYRYkbMSzYg5ZaTaqKmzYatMUgotSFYOzVrUQ2T2ZA0RSo9ZMTvxMlYlQkHF1icxU0WzYVxmFGdkp9Hq/gYRTbJ+AzguUZYZRkxZMKmSGVCQAiNaxmLICc9sqxa2zUuphCpNuCQE/2UDJ4giBBwVxlwxNFF1TwYkVRZLm+1yB8WNh/wYpdVQlR6skouEYCNRS48UjbT9HkgpQMck+mO0UyxMCha+Zf4ar1jg/0ihkvJAiOx0DIwWrAWAcBsEClGZdrwkkPhwegn6YJlTmoJoDGEof0N9k/1BaRrAbRMYdj7BoIrWwq/Sf4FfoUKFChUqVNjaiPYIrFHSzTYKJDQJjyjQ0ZRqNiYHwDIsJ2wHcJ5MSSlK2wkm3rLxFwmLNCWgcL6llkfxdV5FCK5phgUjp7AlfPM1BPaAQkgqSBgyq5WoTonzFJSoZppzsiyaawUzKssXA86OQ2fOqpQr4IARGkoMTlGwCtqcKOWN3EFqbtDCpYA5rqR2VcCLZqktvrjKkq/JafY4KhOgCgUbel+FWZ8oyMSBWaIR2ASWiYWlCCsyi/0CuX15BG8JEGqkjUyrojLFAz4vS5SaqSjxGqIuX7VIQI0pKyMnBv4sQgWVxAVAJcD4s28gqJIqYo05bCqslEAOBL1ucmAsl9/YCeRUhtxdeeXFE5/7RLvZICWg2+mceerJiy8+l3iNipCyp8s7iIR4arGspMMlIa6quLn4zo01oKgbpEZHGxqIxBITnhS4IsTiiSRCXT3wazZTWCVBrg1JAKFRG1xRM9Ptx4AQpP0bNgVkFCGo+dJUyV/cblIIMEWsZKgLsIdsOwWVB+O8+gBTkEwlHHWPQJQTAd2mgIAx1lYhwvrGRRUdkFRA9NpmHQTRUjEVm21QQDRtmRBlE2ZLnuCNF6OHjJ4lI6prSFVGCFgq2WiEmNsmWk9V+mgg7BEIRFQDrQlCpkDxtsimpbGfdubYXU2sVahQoUKFChVKBT/ewH8eBGkcIZrhieXISkGMBThxtJPJvvGV8EoD8vtCvvcdPYkNb4ts+qhYcNnkglCwQqTwnlO45P6mHqTdvczoqzAMNq9GDLVyAoB/q7brXDY9Cs3jMBqsXJ1GdKdAO1STMBWGEFW1RLEVzDLyeeRfI4cWMDAd+yLZrxRKH93AiFZwm/Uaz7yBfq5lYOYapnIC1aZYlomKtGPfysRVEIhebM5qsj6BWubFwcTXUq4dmZkKFEYAaV8oaiIgmiSOuQa1QgZBRNMMGBZUFpEGKCYW1QkMKKlZSkJIsrsZ8BuARXmOd4rjAqPrMBVvVowDbnnCp4No4Z/PdLiPHJU5E6ISx5WUQKXsGkX9gKzdmD/6sb86eP+r9hy+kxZk+cBeK5cvX3jhuW63Q3jNeBNBFolonmoMycZ7xGa/QF6cskKJjLkIlDm3zV6ai17lAN1+gamuEZOYlAp20O/1KGx5yKhEsPqcbplHpU4j2/dSNHXapqncVUi1mI0mTFYRpIVMFZ1DxhwIunMgJERc8xQUSv0CU4OwfGiSJCJKu3SMTyaXcqwp4YmB15NmegqgVORMBFaZaO2ef0AJMbVR+RnkBcAC0qIs9ycRINyBJaUFKykU7FMp6PloUJERYGsgIVhtkSXZ+AKKae3NpS5H0OUazRxRVX9Q8GALAYhMBGrnfiQcWC0yFhp9CBqlqA9gXXdEUEY3NmXy5EnIstxCcn5fr3eq2UmpUKFChQoVKlTwBdB44AHR0SjsCxpFrhBQkn/IYhxvFgN2zFzYK00J2hbMUv/65iNs6Mao4BheqtB+pB4RuGQSRsgmI1x4UAhJwRL7j0KV4md6tggKdgqkyVCCFmZJSvxAt1xZFg1fy1fgkd+OZZZEVcr9xFaw9lavUaB23BgA+is9c7vom1AY4RrnqHs0oKEWZJQlt0xWmHwrVpC4QcSMceeXoUcukyBZ5Bya/FhowxE6XBxfQFq2oKlkgDr16LTj4hTmQIRF68g0R0kwTEF91iyfiCgdlbKlYsQ9RpN/ULsUKYl9okD0lRJIgCoOFQWiPCpU5MfKIDp9lMLSJwrRS9JGgehoRVV6ytd61qgRWc8vzgKK02M5AkIktzRROlFaFeDSS89efeXFPXfcs+fwnfWxCeKLbqd9/czp+ZMnOp1WFIIcSktU6slkoqG4KojWqKwJMmkTHwzEDqKTKGtPqZgA7ymUFRGQUlEMdeKcAaMMHx/7ilBMuNT0E3sClfzeWBPipk5yiZWCaMmMbXifVtQ0irkOzZTcYEwg+c8bmWuRrM5iFkhmkJScsT8kOSAcQyaP+scWSOFUTczFYFHUlErUJKFGehcqU1pxJXpWBmX8CYwMGFIH2pS7bRrwiMHpFLUKoYdk30yMjA8Gk2S9VFBF8vtqApIK1ByyKBBVAZkVsAIJYi/VTqsgqBKHAcinBgPBFcbM516biN4jEPAkwrVYUGx3x3Y7bOtLDw720LlChQoVKlSoUMEVlB91UDxYuh8NsHMAebn4x5cPHw3Q95m+SS+TT9G8ioWjZtn8zYDgJdlX3U3+AgT97Eh9plMGrEAfUL1iF4AinQJLaBC+LPMOFLY4KvMVjWG06HDpVNW5TYGqGHuAoTIEo01jbWH56mmrVOGCbmt9hThC48VRoV/QV0BaXAEVVtOHq8m4AUxeMtQlKRC915UFCyS8sKE5Kg4cvcQcyrvQisFsvqV4uShCXLRKTHk/FqqUA7hXCrPmTLWytC4sVJ0qkwOJMbjqquzJ+fwpuGOXROVDEy7YU9YVifN8Cn21COpJpW55woZwzDXqF4jsEkeI0ldA2wS4/QI5TohkovZAVbZsdGe8WESn3bryyovBZ3bvwR0Hb57ZuXti2yy18JYNtG6srq7NX1uev7x6/RqTdRrF2voFqjexY2tO4mSB5oRLQeVaRER6RZWM/dcoul9gxCXVJb5K/QL5egjJNdOWIdGOovsFElynuPgknximEgLuISfnLhWkeGJA0vko2yPBmyTXWOUWwVmDYO0lMTLuKMMTcwZn6YGjzbwYAWHCNSgiyZWZZ8kTZz+k1VOMns8E22+gUHbBWBjSxXl5umtaaBQNxMxBG21kYM0KJxa/JQJNWu7Oih6Y/xqytPoB0xIQeRkrrXQQ0/K3aD1PuIMqVhOmsakqCtQkiQEApSfoxoEg8MRUIAILpUpsCFVECeXhWkNE4p6WbGcVf7NPhEiddCvZVEGfZlyhQoUKFSpUqGCJ3vtlN/whWe8tKn7blMYfVBz5UMIT2o2LLIidGDmieN6QM37QGD79ht1ixcAjlzBI23hJ3hpF6YmhNc5WKLWqZhaDYpwCaSkF4su1mnvJhRE031A6oQy3HbdyIxlM3inzd9Ni81eryKFKWI8ZmWyvXD312O/+eyNZkJ9avRbktdvpEj84WCW3AUG/8Fp46RTNlt2dZ/RQWP33ZwS4W5WAeN1fXhAdjPmNy/ay3wu1Tl0Q/Gu6Rcpw6dRMlpCSggEuwowKIASA+9tgafV+1CC466jqOi4mWqZmFqiZKCCdTrvbrRGzZpqSYqPia4sCQyq4136BKuc/dyjtB+p43bOHuoQzBExhZbkT7A+pE5uq61q5djn4RKmmtu+c3DY7NjE5NjkxNj7V7XbGxifarWan1Ww3m+1Go7m22lhdTvmjm9nxfoGcGqmVUp8IhT8ZlQN5D0c+m5C6BIJQwaTeA7BAlVAdWAdVNJqv3bx2bGCSP4QZFwhMrhnPGMp9MfVCyjVhbC9Kih0xsVOtGb8WStEo5sEoWy80REKotBfwimR3PFF2UDJRAoQL4BlKz8f0CtEN6XzYNCafQj4KjSREe9wwIklFrHa/M3UkeDBnPt8ThP1SYWnBgsaNiaVumn3veDJcBPBBqPuaUjKSViRQJEXKi2PF1XwuVj7GFzLp3FOO58Bry52eDMCbAhgGgCuXBaf1ECSVmBgRYBEiRCpKBjTJZSNQJDY7lo9mbxdpf8t8u/3Mp0KFChUqVKhQwQ/Z+yPzdpkOXWj2vgikHJTFd7DwzhUUQlIij6EqL/CMK1VwCekG9l7gpe/mbNIJRiZ3IF1t7oKxQAkGGEab9qO7yOsUaDPr2SfQgmi2IkbbLnSY2i9V3gwQVb0fCvS3GEqSZmBL6RYcoFQz/hU8kU7YbD0gnj5QmOMbKPwCSxksaFxzDOncMpi3n0n9R+z4uosrpiMEzB/Sg7VT2xL4JyvBVEtA2HOTi6+uWSzn1AcOfoEmpbrdYN26U6M1WWYk0TtXuCr6MkGEQVpt+f0CGUaaTQGLrsCI6QlRef+FnYLUpRHzVrpcGjR3XIvglQC2nkThsLG0EHwSxwXCeWBR5jpJHPmJUNFXTO8XyAUyp+QC4kJHuExFW+cR9dG9ktkAdcUDQgmyi2JPGcIdVk84jy7sSOIkozxxdC12R6lcgZiyxqByxhIjsYVK+Ixb1Gc5lbpEFB2IVGeImLus6RJeH5JUmPSsYMrzIUwjzW6ldusZChoAABAASURBVCPR60LSxa1MJeA0ZFMRxYaFgFBKAHWPYO4awWaXPxOT4tMy7mtD4xGYh6OPXO4e9JRJWNQJQVwpeGLrfIhpEXNIzNNb4KJATCirg0RhwpQSRR05B1hsI8CEHxrF77EnM+SvsYoim1eVPA1gM6CxkpanwiNQIY1plEm3FHa9xrpRoUKFChUqVKiQE1RcGqXRSMb+d/6UFDFoGaFxT2mqejN2S7hJhpjM24M8yi4zjwOxX7+F+srLpScMe9UcjaYD2M2Wf7EswQDDaFPIMVXogCKPDx4k+mGrChUMoMqbClsI3OrYQFUYEbYjha1iA/YwxwqbB/HWFUNRjYfwrGnvkbdvQlA7QuUFz0c3xac6a9ZdEywFYC5L9lyUji5DDZCcCO0zAJJDEDh50tlG4fGgdjq0ZK4iMycpopxB4TnHqIGeINyDTMxGA+N+JGdKxQFkr7L0kNqMIOZNkqJH9wvEc8cK1kFsSGxWQKs5wwPzumMuMj6QuURiPHmXqdR7AskQsC5rOqMpckQicwLB+ziF+VRedKxcLlCyDFu5QLmZXuKjxdfHxBkFy0h8EbnqpcRpHsRqn5ElvTwVkxD2fGSCZtnYF1nvGsifrI7QgKKcJHlZJrJ6QFA9gVeCEqlzZkHxyVcxlZxQIlDOhQumNkLTjbsj2+DNl4O9GuCVSkMG6ihiiEqrqDkVKMJJ0lYguSCEKNkCeomHGZZNNFs6gtomQnaAT5M801Q1AYRowFixeWT5sASK3TSBIeCChMyqcs7kjhqUJ5zylhCTQLCgnnWraZNMnlhxs+K7ibS/MfdoFSpUGAE8fGftra+p33NLfc9Oeul69+XT3c883zl6SvS2+Y6vHf+Od47PztAT57o/8CuNi9d8j93wwlid/Lt/NBFdBz3Tr7yn2WiSChUqbAFQyg1+KMXHPpR5Q0xGKuhRw0OFbNyIzkuB4zBPL2VkMKz6FqnXqJWJBqOVlU1keAQjnDsohKQCi2E0WP8eyj5OgVSaii4IlBDqw7WabNGBekVVsAK1Cuo/qpJVoVzLUOQqDQn7N0pHsXSq+qQFNdyPKnzyMYp5j1ombJ3Rs20hgRN1f1HeKHkYJsWcdLAiZmr4ADKYUySWHHCPJWKQZCQoDiC5nlBb2uS+zKKCzP2FYlHINU9CDFv0mZSX7UNQZyZ3G4DoZCVriPgFYhwSUH5nJM4vEIxHlEpCgBj985S66wNxcLKYViJmRaE5rwviF2gWasxArIp2v0DEHVO0FrvLoX0FI1hlM+6up1IGy6DeLzDbUpJngdQFnFCKUtZrxCE1uyaM/cWo1L+FItZLb4l0GLBIwIbIcQkPklVSoqCSlY+v2KOZCZIW1JJFtkRKlVmHKIgsGiVaW0z0xQAU14Uw1MV4CdOwANtUTPVVpwI9Bywc4opqSChTSEUAhuRqd0YgoEuYMkDTyFGCWJGbKIsh4FRESy3tnYDgK7eGEkKJEz2lzpnLgLlQpMA0H1RFlXW1lCR78ESddbTxLYl7dUrsNg2tUKHCUOPOm2s/+d2Td92Sbax+7621L381+e5vJEfPdH/01xrnrsSefztm6b/+1omo0Qf0P/BPJr7vlzdIHzE5Qb/t7ePp7Z9+tH32cl+9EitUqDA4QPzinnwlIxmavclx3yio7XBMEl4yQBNRuvAyAFZBpDee7KH3uxnT74hILumkCEO6cxBf8Ya+MPMpiLwulYmRbBrlYgRNon6tVZJWsMGQWguKm/0zo0ZGFzT5VPBBZbiCQPlPhS0OTTUY6ephW70H3Qz6LZ8a7kcUXtmgyNUWxzAOM2n6Z4uiz3MNfZBlEFFoYavWU/tf1a0n0ny5mQjyZFn2QrDnpvFEAHRJHtCoBKbqAUrmOBnxtwzumg1pFH7gIIDWucEokxUPcnDmB8QJQvPLEfAHPiIEIgfeL8KsO3AzRCAF8qREK1dMptiuSaU/wQnAJje8Pmg2gP+DJERZgpge1PSIntoSBIk4/Q8CMSTMALckqOsSplUSBVKWmNpAMB1IlA6A9wziOCBZFih0sUS5WgGSOlpJsSXFIJ48sQNvc+A+glTIqmVSYKKJBGK2xEXeIBsQVMml7Incso+cGgr6EMW140ejqmicOEhrEJUInqfRnkwUxPUcAFQtReImViRCEA2Aqw8ipaIuZESgiUVS69b+gOijsprDRyiiomjG1Hw+IaUQLmQ7MBdCKm4TQDbzwEuWCTARAHgW8LxJyfUEIAShJS5Jo8l18jMCGk1JVG/EFSqMMu6/vfZ7Pz7NegRysbfV/uSnp+9OYg/s5n4Ccveto7zWVqFChRFC+HsqKq6FGIc9HpS61JCXUV8xSFVdZNfr9fGxsVqtVhhHcAjdvNj8+e1/DgH/9dfwoDDdBmHbIkhGHps+j/3OoNuLSgnTGr7uVNUMixUoFrIpndf6kSMqewAOhSERvSpgKNEyld3dUYjBBmB16hQ18GqRSwGHxKNY/7td6HTa3XjvpJIwhMPWIS0rR7UcDVt10P2GZQEVSyanEhNSHbE+LZiS2GtBfHMkpwUbMh9h5mldG67c2r8YYMsSmCiwTkXS1XwHyDYzdh3uDghglYC1G2AUKIGKHefvZVVyuDJyoLnMED5K5opryT+FJxBcTFTupew0JVhZWNOGgMjKKCoppMwUmrEeLiAnxS2JRAGvi9qwICzfMNlHnRqZW8jKXaZMBctOTzw3IFISzMSi64/OS8o6FEyp7ADKYOkDigy68M0Pc4t2ZZKFaT4+7PQEWg5gSIU3QA0ZGKTrs4C2GnW7yIgBE5FWKLcoyHpFVAHUisBHAUcvpifE0NZAQZacoa7k4CQKeCKBXpWMzxpIXInsoCxJC5H85ir5likqVKgwavjV758WtvtcWoV2J7sNYv+fH5qenuoRvXyme/lG1ujf+7EWqVChQoV+IN3FOL2l1G0IYk8NwzS68dSkzJeygo3T2yewVnMuzxGE+JJQYjXrsy2Vr1FDibyzBFvk3afUbGKv6xW2WhfYD/gcHzxIVMu6FQaLqgZWUGHL1w26yV3IethKHoFDKKdg2d1up9ns9H7TXZ3u1H/wNi+7AGg4nUIqSCjTKGDHHvrVhZT95k6kH2d758sprYbYFEVdUzlTuaTpxfpajbU/ywOYQIYAaHaXH65KK07KJVb8LYRleeVNATYDNSYxd+wtpIFhxWGtinOAzC8C0589ypg7ZBEtPvYSDZQ0UB3sTBTGhLRFsOZjT9yV6pJYYdN74FdlkrSitoz1AD2PO/JIYbUifIFSpJTTZSEiWEGoDBQ0HYAgShmPFUA6I0xVhUN5LmjRstwgEhbegjRNmjZqPoQKoVlt4y1POGtTga1Ez8oFLErLAWUkZJpifkmOUDdzfq9IOdpw7wywjjSKUiut83MGNIENMTD/Gf9UuQYKqUFgBTh7osw/KHRztxDPE/AEoBYDQl74KFljzvfPrC5DhYkQ9GISYZGsSJDTGZVREANu1fDkYMKkiXt/4cFDiZ0TfoUKFYYRb31tfXoyu338hc6P/HpjeRVqlPz4d09+9RvjpbTpKfJd7xr/1fc0g+tv/U9r3/TlYw/dUf+Tj7RePlMd3VuhQoV+gaLjSpqNcKhAR+0HScOLePRXjbVGHvFAGhnKjzqEF60hz5mveqa35M2GqsvpNza9xUE3g1carJwCaaJd0YWwKUYhI4ABVKzNgWEzXLJqsSkLtHyfkEHz7UuxFSxkC/QdLlmkSvqt3MlSw/0WB/WM20qo7GAH3/cEyvwdBIasfEelugHuGlUYzyI4KPnZCErno9GEOAdL8RZQpTXyRDVEr1knPAVBD+i1FMi70GGpjAqrY3UkgDucORtexQdEv0AukCiEoUaWqYCxP0n9/Eji/afmz0rSeM/h2gJRO8Nppj1CH0yCmFjIoxCF+gVG0NScmC2I/p2U4yD6IwoElM8SnzZMDsmmBpmbHqJhEkKpFMcAHKfRMUYK5oC5CwJXTXABinJGCTxY+QMw+xm9ylzMa6sG922mdGflsI2EdfYBJQ5DkVN9wcgUZPYCFciJhBBIoxTiEaVVUSCoJotBlCLMag/I4agIIamKwL/0WQKESGtz8VpjCp6UZtTJVDZNImm65E5J/KlQocKo4m2vyRbLgqb+n3+tsbrea/JdID/+641X3VU/uCdu429+uP6r7+ld/Oh3TX7pI/Xg4q2vrv/HX944ciLzC/yP/2Ti7Y+O7d7e6x6uL8HTX+z8+P9svPfnZiK/w88+3/mJ32gEFz/+v8YcllbhH/zw+g++e+Itrx7bu7MnaHkVfvMvm3/0t23iiD/8iendO3ocnnq587O/3fzp75m8/47a9hna7pBrC/CT/+/G0y9X/osVKow0aLJWQcUxDbUYZxWnRL9E8RiM1AoVKowQRqObAOWNQ7pNh6JzVz0yEpidAst5rksTx5YpKlToM6qK1w9Q5mIEu+dNWkko9zX08NHTPQ21XuMbZVDrlYwBewQOewHQQkiK1WDY9svLq84IN8J0TZEDNSTxyvDgHq2brLrlgFzcTqUJBSkv83GtHFCuGXEvr2h+O/QZ4ly0wNe3T6MAJLPqEsNYi1RBMPkFMtvPKYlRxY36S54J/tUpyRplq6hwLWrO7xcYjRgA+82SyUSc1mwgnh3gvLeQSysFIgcS1c580jXjF4gRgOwXSLJixy2gaHGhFyNqGsVWgrF2igqgNXKWWuvzaNrTEozebtE3JRTXMEKkJ1uDqJapXBBEEUIw10Yi7SMpMyFJZ0SwKDmViYBjhbYUOY0G1ESAssl2crOTYsnWJoXrU0YVrNEcdAzBlh6UxMBfCDxAZg6KOyEJyg4j1EeBOhhwXqAWg5sZiFKO0omOyyRSGVTXUqB2f8dEM5ui0QnBITxqgAuMngLKbVPtH8sVKlQYMrQ7WdcQNOXbDtCXTmUhf/VY691fMxFdz83ETf32Q7Xt2+Lrg3vokRO9i20z9Ld+eOqW/bU07Z7t9KveMPbQnfX9u+PRyOGDNYHD3Db62z82fe+tWaog/N/9w8mH76z/yK81iAsO7atNjPcuXndf/c9/bmZmOg4fq/eU/NUfmP6p32z81WedfQ0rVKgwzAhfdrphn5XM9ojfRLrJi0KZVdhSqAbNFcrDqHZLdnpv7k63eqSUiP4fH1wNEvqK6qFqCeoQOijQzdp8KHNRQvZKLEVH1nSEWiTV3Fkm2uIoyxjWfHULmRapLVJQyzBXHn0HJcxJUGh0hXLQV9Nu7XKkhsD+zMKIS6n5yJxBh/oh7FQEGmIHPpT5q5VFiiu1/s/3oV5ZuaD3VrOC6wnClkxtCpPKxMqEADaDAdZdhuMZOWrQ6A9VCRUcvGS/wIQA0j9ovgQ+Ek/mWslJbQnisF9gFAiKfSKJrphEv0CS0ev2/EsCKeH5gyIty5YwOwbyUUl0HCK6w6QOPpTXFlMSVH6BPBj5SksBI5nYtKLUPhlzwnggGioBly1jE9MS6L0Fr96CAAAQAElEQVSUqOFexcsawHyIFwcV4+JYhexUd9pNAUEdYK2ecjdFuXXLBEgarWTQaJxqo4wSg0GKBUwIYJegVk1imzU9hrXaXY9RNLIHsCwsSkbOqUQAunRYSlWmBBqb57NsKArQDXvEsF8ESz4VKlQYRjx7rPuNb81uf+OHp1882X3fx1uffq6zuAK//v5W8LHh87P/YpL1CExx0x5d/xDEsR6BKb7y9WO/89eeZxOnzosCfuDbJ//m8+12h1SoUGGEQZPxCxDP9ZwtA+GVeBQwUsrmBi0xw1vLki7wtUxl0cLhYNLK+i4YUmsNbMaghoaWs2rmxZWWpc0mBWVNVplNAyoYSw4amPlEPSCYX4ymVTdxqZZl8LKYctXGPtmIgGsRTgn7ugsZzb77a1tzDzHwsi5fAWoZ1l8NfBlRXWQJKLvOBg2RUlUZWUrmKUvQuK/VJXx6liExl2Focaws5FCKBDIYufdJH4U1Ru77k0RGUUVgycfCwQIMbg12UZivg2aNP/NpADWNIpFMw3svYKv4blBWEnAIjWLsNGAyonR/wDLFeV8wBJAyUpmF4+bo8KMudzARCFqp8oqUNqD0EG5oSBChab6wXAMorYHaM5MOompgrGxYOK8ZRwaqtAIBmNJiZErmMoFQAtGRqprqBFFy4EIEcYCVgnysqtyZAC4OKXTAyg7AoA/fpsQoY1qUBgMY7gtFccz9ORkNlRZuWkya5DZRumoQnQxszVwgE0XENUUjDhGk4YlJBxOxziMQ5EDAUzGRIPFBbpXiJVlClhVCkWsmEDAC0KQCY0AY5DQYBEDTZnN3FSpUGEl87KlOk/H6C1rzQ3fUfuS7Jj/032Y+8avbfufHpr/z68a3TRsa+d231N74UD29XW+QD32u/bGnbD3wAvrHX+TUCPAtX5Fra4/L1+HZVzpszzU1QR65q0YqVKgwotD9sogaqV1iK1ToEzZfRQT1W9MQoEDVhjiXIwWP+aMKOgyptQapVv93CnQBrWp4DlBaDedUoFZBw4Jup9vzCoQt0Rhobx+GonJavpuhlQRqT5oDRXpIMV+Foyi+VPjuG8yCzSqVrHSZ7IfFFdKh6RUupbh8ltNF6Xzf+tMbacGcOTkUGLbzlMtBWvDRXIRlpoFJay0EvysJ0N/abBQHRf16gzLcLKChNBQipYlrgQNPM5mkP1j32q7G85GiSs+EhcpQoyDWvCpNQEsgcPDjptJTCeqWDlMgPHkW8yBxNBRyMq8WWWqjIDbApW5ItGyetdKlW3y/QKYvxitgehqlbHb1foHxt3pTRlBuJRhrwnVgsmLCdokYgd7IwraDeoB1PwgJFVWwEIOTcMrS6XtRhpQFUhl0WmpBJRLQkzsi8VSL26yWuVFZkyziA3wCwDYsjgElc61EG41NExSgky/Q2VIAng4IUXi8pcXMBPKUuEcg8PmT5IIQLivGhQDOijAa4rFq/nYEtlVPKdepAsURYj9Ak56f5m9LFSpUGBTWN+BHf33j5//1lPzaPDFO7rm1ds+tE9/19RPf/3+vP/Gict++v//2bMVtbZ18/Q+uBWxJ73Dh1p/97HRd64nX7pB3ft9qo9m7fu/Pz6Q7C955yN+B7+zl7j/8kfXgYnqK/u0vzaQKPHxn/emXfXYfrFChwnCASq/DxjFpKaOUvg99tsZCqZTJ4uxclP3y8ZF29t+EAI/39wr5Ub2LjSi2QsENuFMQXydK0IUmnxJTbHlsYZNlqxcGKiqYCQnqPyj2EdGFboAt4RRYTEGUUqh45bFKNxpQ52mIs9B31az6msEivwJcRRdjdKn6hmKbHo2WkqkdgwLyqbBuAehlhVoQDQ52T+zSREshQ+IR6PbEyqEzLaAEQMV69CGtnSsW3fUEVBdbHjBZuQvFnYFlltX+Cj6CjN4DKh49Hwh9HqlSKM4xN4fyACpPE2IIleM4PxpqIDZy03tbYNdGjxmmggF3hCVPoPGeEfefI6ZrAay2gNNnTjigYmDhJKUhUBYZGgU4c5CIVZYR8gIYMUiWB6xT1ZOpzC7sGiirIWWEoQeEGNR85DoFik9pcOWNFXA58NAsaww6AqVVgSlQVSosCVPqfBKVDmmVAbRig7lio7doJZfp9axAQSlooSZD881FAZETY37hgDBhOzuVhY3XTgQa++NZJTnXlWn6DUzYZhgcV6iwZfHJpzvf9sPrx851VZ3DxDj55f8w/W3vUO61wTrw/fZfNyOPwACX5rsff6pNtDh6uht5BAZ47PmMePs2/47lrx6L+QSaXLiaeQHu21V1VhUqjCrYwcaWasnxuNsXw2QrbTa2ht/jlsjmZs/i8OVvlCzOvnBvjTbfR9gatJ+GH3whD98m4dXLiDO2vMksl9OHwguwwkjC3ReQSzcyQBrIJvYItPUs46wSH8tKc7AsEwUpwPoNmXvNPvWose9e4bJwlqXliHJfyE0uztRM42PCwuoVLdILzyUnuHEG2GDpwKQX8QQDfaJBZY7auHeV7Acqcfd50yuuRygJkCO2PLn2aY3+BExUfjOCo+LgnlF/eqNZetoAoLtP6Vn3LsSuwGEuJp0Mc/EOAdVOV2hg6N5jKn80IXYtbpoIgmIZPRCEDtQKYGlx5yfmVkzLkGmiEOYSMQjloiXGAYQgx8HifEA2rSkR6N3LUPrw9FgHn0ImCtiPLAEUH1x1t08q0eYTi7CTlkcry6wJRgORkolWs+I4GNVIOCAlpU7C8gMdZ8taCsZoQwNUn/QtphWuwe5oYDaPQpSsAcKQ8ZtEBak0lAPBROAHULBHrcOF4bMjSr8/yK1qhQoVBo8LV7vf8RPrb/ve1Z/77cZHnmyfvdyVT/799q+eUCU/sCdbcXvhJJfyyAnDEcKs1+CnnjF4EFrifZ/I+Dx3vNoasEKFTQ5KpMl97rsoGQNDzpHWYHSnAzba0AJUA+8KFTY7xBduM/kmfs0cbO76I3ooio/7SRMtTCl2TdCFJd3UtbpgVM/HGFR7O2SoSk2JIkxTsHnz+e1Qw32RyMWbesTIpFpnOQ+GBj59aUluQvrkGOcR6aEZjfbOo+U+kYe1PyzNJacMj0B8japAFOYRODyTT7QQZYp6ZvWpn3FN6CWojDpoydPC2U/54CjuyTR4Dh6M7Gght3ZmDhRPxcY4qSEQg/3ADLrBml+n2+3aMUe18iYA5g3aSEAU13orRQfFWkqxh8qBw6SMRmgvACdgMmxhKEN+bSwJjDSFRF597rTd7BxhJj5KEB+XAxRzKlZHoQz11UzQKy0vKkQoDhqWQ6gQxdiIJUbTRvKihyBbc4Q2m3FGfe4UACbfspWIqk6GRtXUWLvKbNV0PNpXTj68Y5lrEn8YXa084u2JJNLs0sIKLLHCmw10zEC6BzUBmJLrCQRHPIkzKHkCUUYRPIpoNUGiAutRq7SugkAWRXxgKD4gavlZPxN2UDQ9OxjtuCtUqDAaGKuTf/z3xuv1+PYP/qb1F59uB5/gulbrRf2rb5kYS2IP7KGTEyTd1Y/F6hqQZBO+Nz009oWjGdEO04Z/l69nryFrDVIIFleyXqzRLOQpX6FChSEATYYowFwzV32SntwVLbjEjMSs+2WqAjGCKjtj0+Vxs2+HuJWGFeWVZTU4KxiVQRUYI8MAecK5QgUv4PP/FSp4Y4vUpdK8oEpA6VPsPuz7kXXqFemvmfkFjCpv7NiXSO6PstuCJ39qF2/J3VoJDx8ePLrQZuuz2RvNk7gcUOJaHfxUj9y1gbkvBw587StgccpS5q8cXhR/UxwYadWwThu7+9j7tVCchzmhQrgSUMqzKuZMdI5cjuh0u51mq1ajlNLMeUv091G5l+UkEPKVNy8WDAu2nlqoWhBEv0QgtoYSW4NBbSCsI59NvlRqkKQWKCwJQrfFkGVufCASgLrZilFMznHXPdTUEhnnrsKaBvhykFVC7Z9FaY0rRSbeSqauHgi4V8UsCyzkIiBcTQr9iihRDXGFhASzD0ZFKGYuS+jzbs0n20vPJVVO0eCVSkMGJgI0ytldTLVXBReaLAaAiZetTF0iUN+Hm/cBTspWSEA4iFFMJQEFNyLYUyAARZRAo9eBKBKq4V+jQRmItGa2SydKUJ5PhQoVRg2Tk/R7/362/9+5K92/eyLe2K/bJb//4dbhg7VveEu8mha0+Fv3146dQ35KdPpS986b480C3/5o/Vffk0V99ZvGSYUKFSoUCLoZxx3xq5vibchi83kbCUAGaz1P2T7JhqqSbMoaqwRYzEEVhq1lWhwlGmCze3dW2BKo0YL7JHdm/esSNwEo86nAITPKUNiGKj75WFZQorBGUURpYamj9aXiC9FTU4tseuqqWNgbql6LFuyX4JamBDvkZpm72o9290Qjxw9SYj5KagDlPvVomdH5ZHvwsivhPtVk3+aWR72yspb7ianjXDaKEkE944ClclQG3MUp6XVPRDPDbIHf256U49YHgOI6DdMcWeqgoa9BjN4weRBPeusJLPlow11dSew4MNeSfxlgIlTXyYXybF/0pF1BohIU9xwBLJWpNmrIzF47ahsCYhCaKanJfioCMuIsCr01EACoCAgfLvBUEWuYgYJOnRYIsS0XoiOz1hpJWwBA+lsC/PPI8dCxVVPpVHISr1xf5KwHoK+rafuxawV4LU0boyot0UVF12JXwJCBLI69RLgBJ5HwRQKgzAUxlYSxkGxKUdW6pQyCPqVTjWGSAeZCXaFChRHE6hosrWZdwb/6lkmBYHaau714He83PnckOyP4lv2173xXzxFwrE5+5l9NHtpb9Q8VKlQoBFlnQmu0Xq9TWhv4CKSIlbX+YXS74/IXsCqMKqpy3qTwfFH1kVOE17W71EKZ9Vt/GwyLTgXuFOjV21Suy7aoOnMEVHkzEFRllAMwTI72g/GwGQRGqM6WqWof36MG7IRvxyb0kKMOCcqFszinBKk/YClObqU+pPJ4BEbHW1lwd+eMCisK+dzoKBpKDKH+dGha/8SeLSFx+gJzobPJ7KIpyWeO/oJKF2ZSC5p8BoAcdUJaby6iLIpw7LMAZS/9Fs5BZOSYnPmhBqoAEH/F9C0jh6OAIilV0WH0Zj9VqgmVrzVasuJZlbQEAoesoFTEqHyjkWOCyMclGwkIUuItDDUW0JjFTltZqJgcLU4hzDEKucPPL5Y4qDXKh94Bo1y7QezAeBeh4USpDQjmZKGpzJRJDniUMq0FGWI9lTU1IuwB0t9CkfiMuaYxkYAvB9dZbJQ+rWycJxwoKY0cAZWsIwBNlDb7xGAewlGAli1gUfx1xhC0TweGTKMDnkoItGyGFsxUyNW/FdQ5VqhQYRB4/MXOV70hXi+7eR9938/P/D/vbxw/D296sP7lrx17+M5aSnnhGvSOCcbwF59u/4tvmdizPe4N/uU3T/yLb56ouoYKFSoUjWRumNJ6rdYJBqodl6Sgu/diMnrodw70symOnHKwKU4Pb/mgGzIPWj8ew6XNEKK0eYbhp/H1PQAAEABJREFUQrkZHLJRIgyZPi5w7RzDtXBq2tBp09TvopwCfQcNFayQawGabC5Q7e3gULoi0bo+bMaHaxe6nXYL0kU3WxRp84J49bM+5nYtoWYSb96loXj+fSyz/vfk1DnCh6UHM9ckI/kgK1Vpi1ZsSpuLwjLdQAqOcyvgwk0zDnkkukcVJ6SAVNQ1faF9iAeJPaQip4XNvhUCng8U2Pxys5U9b5RR1IkDlS9LaZkazpbCYhd5UCVRuVuB5DSGXfdczqJJFqrlQCxc0PTiVDDSADF6rdLUb8woQpfBMp8WiYli1y69PsTKdBkJqBsxUuIqLpFPHFXLwrzwBE84LAuQlo4id/EZxFTBkCS+gkIUE8ITUJGVljnPMzxgWTY+UhyZ+5n9JuxyDpyQM7mRbXbPdAllAYgfIFe0G70VM1AHu+fRmCI+pdfSI1CgwtzswERAVHkB9S1IabGMgZGDfK2MAqI5STnVR6GJhd2JEWDk7CeaJaNYOGW62hQRJdU9GCtUqDD0+InfaDx6X3134s93cA/9sX8+JZMFrfwX/6Ch4fOjv7bxKz8wnfYg5T7eK1SosPUA8XQFTS6FboYOfDhSnAYip2IzZvsj6uHD4MvYFz031rF6oH2n2yFdsrnh94Y6WtiUTgv9QzktmRKPcwsprQWfGu1NUtYwnm4jWuqawMgQudIF2aBer43VxztdYatdaTlJIY4Kc5NRlnuTpensMM324Iku4nPrQgv3LB7MLdRCv8RaSFALXRTrJNr9NyyS3l/SC4HebZ0kfwMyGv+t9xjWxkLm9ZBJFFLvxZJewmgLyPxOgV4VVp4NriCikKYy2q+c1Dmin+i/Ept2AiGYXG93OuFTynaVluRGcU+NHBL7CGq4t40rRLhv6mJ6xQEVRB6x1BhglcopdcEp3bkUXO5GKeUwNjtT2HJC7n2Up+YG4NhE+tSX2GYbf9XINr/MrZJfayQ5ux6n1y3kir0Hi5T4vYUIE+zprSldDBu/Dg/3+wcQ8U1SB5uuhnUOUrMg3i3fq2qDS9GxS/LgLhCEtE7pqUGk2t3KhgCE/dmMuctPoFIJNzLVE2R/RALFRoxq9ZQxUOSYnfXi0AlS5Zq5zqqwRJxx0uQdxEAQ9g0FzrQU4W6VhfhbrQnCT0OASeeqg0cVTbtkmvgFpqA8ARE9pbgWhPbuNs1BRY9FZfZUQcNBQ8kn8ejnbBOAJ41NOntuCkowpACzFAc9AbtUeY+h/JU+cGAgsJGoyouFEfRUlhxEMjBxB8Wt8JwDsRU78MSUNFvJv+6qeSKgiZN1hQoVNgHaHfK//uzG7/741Oy0sl0HncIv/Unjs8/rtuR6+uXud/7U+n///ukZ5sThTpf89l81//nXT5AKFSpUKB5Q3OCnGNCcCqlnCYrN5xD6BVqq42ZhOiwVJNzbsh6M5ntOgRqy8O+QlYw7+p4Ba7vlqBBp2ww3WKO937lSAIzAEFY43DIFg2v5pgkQAe7T9jZrBil9OrMW+fFRfA3RiS3lE9gRZ3fmJNhssVyexjnlWoigOwr+KokUXGh8RcVgvVNgjdKYgIaOfVErqiVOgcF9LXYTjNwBIw9CGjsI9ohrmfsg7SkfiqDx38yzMPwLMf/YOAUeH2yHoXnwVBhVVFNtmxc0XEU0z7gWIcgiKC/L0pBbFvWMM3DFvTqLsownH+PT25VX9Kzu489fqDHAJbFtOppPbl7kqIYutMkY1sJRjjigL46nJbU1WgiJI2ERsCvCciajyoafVKHvS9478rzqlv2cLN281FgNaPrHxKkQdYrlAF4sy2gUVpr4nhpsAx1nj0co6wpk5M+l7Avcnk8FE0ORqw6cVxxqcGDmXAA78DZxnBM5WEpGkvg1Kl4lNiPCBdFWLSY7Gs88cbc/SVy2mZ+sCZU4CCJYHzWKpI0JqFI9rlBQAg7pQ8p2LIVWBC19IkAVTdUpKccB52Nf8bSUzq0KtI+wqJiive68PcY8YMfNpJMdB/cEuWQqHf6sPQJRApYGpLSsYx6XnBvfGY8Vxm9BrRsAHgUWIqLkwFk8f4nroNZQaXktD4QnNadQhVWoUGFEcGm++/f+7do/fef4d37dxDS/S2CnS554sfNTv9W4vpg183Y7I2iH7g0H99Red19vZfGX/qwxNU5u2V/bMUs/9Uz7E093vv1rxlPiLiAc1pskDzpd8aLqjypU2CoYyG5dplklWkwvJL+fFgzhdbdcmI3iMNkiv+f3EZRUD5kRBNVdKiZjsFiItiML/TuJ4GDH/YBT5KOZvEClEp8979BLDt1ut91uD9Av0A4+6ile4dX0MVWwTNoNDNLtAUnIzB0O3mhyTVWVpL7ydLv1IGG3d5hlG00ExLAUizgFxp9E09DVD2JCmnoBZtckcf6L/f+CqG6yR2DoGkh6ezdCj0cUCOFOgfHfcKdAQmL3v94fiKJI9PPr+AfY0ZW3UyD1efZWzwgzShjRjA6oVVD/saULpa+gROsVWKhDQpGlasurCJluPByzXHhVz8GwiNKimjt3XuHgIBgOgamilgbHHBTQYAZQZ/rV42bDRpr8zVug4vsMtSB3Y47eKIN8uRsJLaj91aGWYS7xxSBPnlzS+vdbFLliYjUegX5F6mQR+0J0yrJ91U0mL0x0xJqVkc47MgU4Kmzp0gTsXA4AJXbJDMKtwPkWKTjKLkRZALVgLl0LPCyAT1HZTjxTK2KIugaqJ9BdA1MZVQTEt20ZEUvnn3mMU4rZU4uph1igwobmUpaJqTIhYyIdM9aSwjXVEgjixAiWACtKmQq/0UVxYXIUqLOvESEHxbNLTC4icARMiEzABvbCQ+5IKpCTh7WNmaZT8SSmHJmSIANFasFBQ6yi1KdSQb1CllqOkCJ2wPDj4JQKHAjsprjFG8Cj5CSQVb/0o+FsIMDsbwyRCLDzf6nYOgjOFoxRgAhDooAg5EJmha7JeG0fCAo6I2ddAotIjDwxvd3Tv0KFCqOE3/nrVvCpUXL7odq9t9KrC3D0NKyuI13B9/zcuhBy/+30R75rMroOEn7jD6ylUV/35mwx7sT5ropDhOeOdd/8PatEi0AllOYd/wZP+Au/3ww+pEKFCpsL1HeYbs2eKCWYZMuvhT7yy8xe3+UYJPEvLIWwHGFQzR2xn6gD5oafyrKEl3F7DjyEdDqd/jueoXMZlPt21olqb/2YqCOKebEa6tcz0zt83wHhT/pCYHr5dU0acSQPTBMn9ujWaKfT7XTZs8wNHQ8/00uzkHT2NXvypTsFJt55sVNgRBb2ET2XA4hcAMMEkQcCSbwAE35AI99CUku8/CKPwXQ2otaFeLufYEq1Gy780J5/YS9ZNyLt106Bnp3MVsOWnj+S14WGA1u6UPqP0gevxZdnP2uImyzHNlV4RrwY5tOCesTYcqSkC+1Wx6uG5ratNQPqmsDEKD+RLT11T+IBvzfHHPzz0VHsKz80g9oiXr9SH4z8oE7BJlZ0EAPRcj0CqWWYd/7Lfv8u/MGDSylOTCGcKHKlAhjeOz0BNlukEq0y/Sk7FphEh9V3iqQlzDtqMY8HzOdIIYimbnMqTVTXqSwDAU/MwphQUgmYeQ2OJiEEkRvjF6jLIDURECsCXvnMI9HBRCjEQ315OfxhxMy15ixgLpAkj8xoIjCaPxJma9m8y8mTKHG/QBUHaSo4m6tCowQRVNKBMrRaAhxqAi7fwAgBJTEpdtdAOxaxO5Zlf66Bpp45Ap+5TT/Eh6evYC9CsIr1zQQQF00hbJGgY4bfoGFgIiAEdfjTEqDEgEcBGquLAjwqCQYxkL+2K0rbcCdCK+Zgxd1q/Dyo94wKFSr0AcHa2onz3RPnnRKRTz/TSUc5+3bS//zPJn7/b9qT4+SfvnP8lgPZ2WQf/UKLVKhQoUK/UcKwxe6VaqjHS4lyQ6EkeOphTiRMDAwOyVu0cCKX/tezFJ84Z76kVQ4qkUmMqEqYOsB6Pj5y/AGATkd3UHLfIL1OgxSneOGMQ+WZyThEdHy0nCYZMGDotwncxCjU8lUxWmOsVqcAtWi2qxtOpEK3Z8Ba0F47QGu9l5/es6RLu70uunf+cM+jsNdRU4j/1ijtRPsVAnRr3eiiRrudHrNawK7W7fZ8Emvh1kqhl2NvB8r4N93RaRI0OlUi28Yknn8C9cSW1FyzmSfACHonNdciif1p6mAMQCJz9pPM8zM5P7oWnYdUYo6LY+2R++IfLEP8qNqiE42eJVLGKnofOOaXRXMnygfqz406hLrQ5c9dtFgaPaXilxPrtphHOvWiyJ1fKwaFVv58RW9Lr3o5o/oS9SuF/KBebVnHMNwUvRv+LoTGZ8gVLUN+Ac/BRx/gkibZ0EpdzsVUQTm97cSCFwlCK6XqDbiDeQdKPLdQN4v0oSykyVgySRsSTW8p8ZtZKwSawnJI601P9dFGgCIZaD1a2CiV0w7nASSA6lWi5uc/JZIyVOKDzG2phZqsa0TOGmWwSUYSuSxRjIZK11lCKhNDMhrCDQWg44yLpiaCcPAlz9ZaiACSeL4acipdi4HM4cISWe+b45/pavALtOmDAK2mRFX6YFWrsSiguvN/iWQWwpuUDbEn0CRBAmnykRTj00KUGQGyMoRjprETXlIUoXHqQnBBOXsFHevy4eHIZdkKHII1FIxYsKEncT8SRQFPA2haiiyxMLeoBPFaJSJRQ5dxlRQhCleeqBOryChBVpCwa3YEbjzTDkzhmY2BGDS046wTRzk51JpJic25QoUKo4J2p3fK8P/H3nsAynFb58LA7t7eO3kvedl7E4skSiQlqvdqy7JlFRfJ3XHiJC/Fee9PXvLykhcnju3YcmwVy7JsSZasSjWqS1SjRImdYu/l9t52d84/M5iCwQAzmN3Z27ifRrwzwME5BwdlMMBZ4Kz5UfJ4zeoc9WJojrfAe9sUlEUWWWQxTMABR0SZUgKlqoq2I5K2kRLK1OI+RuRsqODqub92+RSuIP6gUc2mdpBkJBLxnAOgJWLzH+Z7OJ1RqTqfrGTMq8D8RAH3BwoIZ5KNqR4nE/sP9vwSMHbWMm7BYmqlYabOgD8fw946NXQFYuIUiEYlUlDL9RFGps3A1So9Pk8zhcxKG6FvvFFaddLGeM3XGEAsoh05rOi+fZoTGUBSc9qLYN2NT1EXjiOAFc2zTA1QwxX9r/YvRJLqHdLeC+qDOvmq3eiuftryo+53p72ftZOn1XDt/aXorsKgidM6Xe2zh2xFiYkDIAm0JnlImHWWNbL7bJrCEcDcOfohclxyBKOAToFek01eqeRD/aKFwYJXj2kxfdigqOMHPbMYe4gHUdjYaJr49JhzO03nFdPL9qgxmvkjl+FSKJicsLRKlU9K6aQTpa9VOvZJI63ELk5YMiyY3NCI0pMYVASWjg/EWb6iZaZ1p1YLBGTqCG5IGTJ+M4A8vrF9+KSQLADCqtbYNyAog8DpUzdWarJ5qdQRbzyR0H8lEkHSwCnGDR9z6QaH3al4k5oZzakAABAASURBVETYRSvmElgsNyAM4ICRbq1SzRi3rnlOUzLOmcFFSgkSJQenV5B0x4o9RINz+tDtf5ZBhPAaA+Ta5c6iDbSFIctUTMxyw1KpkDElbE9uy+uDOAQAfvVeshA5CvhVNq/Zadc9w4F8mWM2nsMB8/V0bCXIMEfkdwIYS/DhPyKj2ti6pNsWTM3AfJsGmL2Rk+yko91+pNK64Zptwd46Yzm28vBU3bla4kERHoD560uMU50vk6Lzt4CLHNgAX+AAE4HA3oOHkiBg4khmKu3ijESc6WUzYJPY9zyG/ECGwExOJiTt+VmQ4IkE/H2Rck3m9h3keB6LIAiftLrALLLIYjzgz3488Ng/F06s4ncHff3oG//aj7LIIossUgZOY+CTIdDftRK0wdTXf9Ufi0VBc7xOZCrvplrMXIlMOnb8x5kYxI6/xucz+9NZ9UFd0o9Eo1HbNcLBkDvWxMIYiibgADWuLiUkEihjCOSUYH8zQDoD/pAg/5GbUTfWEUf2kyezGKfVZtzmiwaM2uYRUyCpzdJoxyXrXn3qDSjaurH6r3arPyRVGkUnSOp/FdCJVVqkOf1ZxEndAVAP0BIkdf87RXcNVLQA7ZfbJgz/P70/tHcKVLx3CnTOywlmxUBAYJ7XTHQMBODeyiVISUo6CUwDRsA6ANwnRTD+aSADrQCbVzo81OTqKEvfHhNRi0YobQRZvfAJNbZ8BLJBp18qf36uOM9IFAiQmu2MhSh7NSkVBsOBNORga10rkImkV69TwUi/nHAqccOoNBYEZnrsgqWCMik+7EziQMHhMJdNnYpDX0Yb3Ug1S5xmfHjCsR9BEGZWANbf+FJjQDlhHlRpeIkGaf2YT+LtzBFcfnqQZThM9d7dvWHrHzepRJA/TYo5w8xffqwA4DsdmRpSq9nMDGbghCxEVdqjqgf+Gs9YfQTE8Yej7+mRMIcAswRc4gDKMEE4CHEq8GIDQcZ+XOtJENh+gbb1gO9x6P1V4uCPfZRxZoTqhLAHVwluLjIQvgK0v0yOnMQGAZ13J7FVB10EmA4B7nnErl7Xn4CSS6aM+J+5mDdLZJQnRu4kdPZdrKyPtEAnEXPB1TSD8O4AEU+hzGiRBnAq8xjIc1oEAiUE5z9mmFkJzT+8tNxwcBECXwdAwuSidCyB744mIAwCbpQ7FLiJhQQeaQMQ+PKXI0ilClmdARMs5IUl8plFFlmcPlCXwW78676bL4l95arckiJ79Nnfj558K/6zx4aUbJeRRRZZjAdg9tHxMcjSkDt9/xr+b5fVJdBoRJ+4Y6frtd3ztDVcbcE7hiIKAHeqyf0hB5yfSQMQfwiEeBkCx5MM6BEnpoKcNOQr1bkwSPZRouSA9gZRddb8LTS3Clo11pCcb84Qdy1gpI9xhPfSBSmKSERz7EzqvjQjvlVgRr9TxqvHIwsIe0onOw4MC6PLkt4zySOPmL59n6K9A3WHP93bL4mI55/uzKc7/yWJv6D+nNQIwaYE4ieodm2EFyLdnO4paO0UiMAM0f/qr26s+6yZfQa4nQKx40hv1xywx06BPAJ9HKEQSTCS1WSYakNUdwfUjD4KXjnDJUcyp+7VWqyNKKNRR2C6ZqN+CO1B5DVHCValJ3v8qP8qGExHWi+WmBss2q4A/N9osk0mQ8sAsumHrauVX7DkUQDzdRJSC00l9yFbLEAJBJQ8TEUrszKOxZ9doemA+cGZA+fr2bpCySf2DQiTuUQMRRO448DsQyAGfo4C1m2GihyTF4q5ZxAdkSpD0UPKrNLNuk9186nV6UhP6y2UxotFTmmq50qt7NNqKsgnvTTzQEZmiPmDJ8n+Sao/kUsRKAuOp0AflpBio8KBglPm50+XkkRwvqQD8QBBn+4/8RPQwOB0S/Ibg6dITGRJJhxeQFhjdl/jBLAeZys9KwawKEr/19onElHVzzznwJ2SLARQm+CxadmaKFmrQeCNR3Ew/vLNYuiLXWxpiRwr8s4EZxc1gtVbLoVfJOYE8tu0cIGK9cEKVk19B8zYZRZ5yHf7MlHpjO0liiLVaALOKA0CsYLgCalpG/Bgm5INZWwCyCelP4HvlB+4U/Fmojhk5j0dBbTNeGk9bOWK8rJ7SPU2lZrJTCa7iUbZizWLLLIYrXhkfUK91JvyEq3T6OhO5y2cRRZZZGHD+KzUL3JPZnwF34PMbGCm+yLXZxhGdAjGTIBNFdEWQaPmp5g5a6/zs7bPi0USCkSM37xhMtXN10FDxHrGVoS+lRFCySQSqQ+iJxGAc8elcX3tgGs8rEQUlIwkk4qnW55sIYo/cUbHK4me7ZAmR8ESjQAikUhOLAcl4vHR4VsZ0MzBcJr4BYLXp2tKDFEWaSNrxICIoSyGFafRtNFwZRWbF5IbofH0AqQkNJ9XJjDzAPn5SRwho0bFeveAXEIJCdJzyFIM0zdcAO8GGupXgTrYQnIIMJSHQKbm00ai2n/JCIBWjsz2nVjEwG/+P01Tj+buCAsf0uAz7AgunftBHCjxcCCooEzTZ4459gkKrClOMS5dYE4IHkVfbGHmHacUJRU/6oAdf/yIiUMICJiEjyDOFJlRgtZAfe8mtGOU8bDV+lDylDIT37qB7b+AMTWs9PYHYqNEMuwozyxQHLBIw+EGpu6w36cFz1WKNgvtYAUSBgkFXE2QZ1HawLLEYNkGexF43MsQWOwF+/B5qIm5RIJictx7W483bufrAOLWIdl5C0zkVTjmRwvmGpkW67aA+Wj/aEBQeTxPIrYZOnwFeQSsCESpzjQ7qyF67IXGt4vuegmp/dICKDVDa7lc7TPeL4DgPg0+gdkEl5ve+5q/+Z1YjGt6xV1LSSB488R2O3TwFqZyCAY/Ah43r5ENM9lD34FYQ8kKwz192K0A9iER8xfcs9pzCLwCZWi83/zgzBe4+lLmDZJFFllkoSHrDphFFlmEC3WpCWFjnTCCI9rKExBfuoi+Rw81jLRmgPUteRQYnrNMAYD54MPMCBu7xt9quH6aYRIBM5TSMxZVItrZhCieTNLLa5ihZJ6TiDNDCcF20nF/uIYJnBpf2WQ4Q2qftvA3KHZ8L2QxfpBtSekjVBuOrgIZG9XD2ykwSLeFXTMhWThwWrwDsM/ziMBfCXVSMakk0SjeDhlr+2lrIwlF33sTjR9g173XqMqngmHtA0iQFHyeBUnoTTw4qc3RHdA6URP39MeJcTAZ2R4dm/GAWaZ2R8p+/TgI0kWKXPTfZ2FueCSCsf4ngjzXJngLdq54j9VOd4q0kZGeKuALNJVkYQAHjUpDwWHLGw4c4UGMhTFBgaXiMJIWEITM1Y9hpuOSYeIZkDIk9mqUEObLxMu/J4DRvfmnnDZ12qBScSqJgksJ3yMwaCG5NSC/r9XeUbx6EGL/JNfU/VmkzAf70WD6X/+mk/pMFi+ZFDfHCbkyA3k5Oo+00m88EBuYmzVgO3gfZeRzAaHUNdp6gi0MafMyBLYscHFDfG4MZ28Cm7+QQGAG7Aj3Yu6UIqk2cjBxOMl5JOGCsZiTsw83mUJ259ej5oBhOYNEbDcOD/BrE/4NxAxBgkD3PXISAz/cyJKbPgBDp1ry7dRbEBVjV6GAaQNIB5NP+tzczMNmxLvzIBdEQIBUwo9Mrt28tMLUCqyHJDEbDwJXAnZJ16Uk+EYB8uaAuGQG9MxyyZw7rOqHXWBbMHiz9SKQ9Qj0B+ZPWvhyowsIUuwPssgiiyyyyCKLLNID1nfbw9qnDibrNdg+cZfsmqEPWowhGbnXzu7DkHQOd7D0aAoLRss8cL48fIe2Woh2OqFiDB1tueSDLhlJ6n6QinakIXNKoO9MGE3sTYtTHl6mBF0c9rGVV9qU6XynK0LVwZ8NQl4/A/RIhIYd/mqO0o+EEbPY2AYWbbWQRUBkLTjyCGmnQJwtzSxcyM6OhQ48ztoa5oWAPDUDJZlMyO3GHNSEzOpcCrwSCiS1c9iN08t9PDvBLdatSjr1IMXGqZ2zHYtxt2NUB0Y5sRwyPrI2NheOkzjDT6/jtullFWp9z0mAuGseWBBOScWBR8P6lyj4kMjD4UuUWtFkoLfFAUJTYBQGsSAJlqa0Q7GIGPuzCdX44ZekkT/MBqb3LklPT6evRyh5TrVPs/4ZJg1wugyYJAESGZ+vGFxMRMzl1QieRp4nSs00GegUpeSiEBCECQhTYC5xYAUz806CEN8xKSEFUwDjHYVRYD5Ymrl5g5CXn5mIOEWk+rYG85XC+GfIay6fNVkC7ObHh50WSxlcEjJJwD+ekw1wfZRgT/6YQ0ZG1Zi2HpITwYyuwTXEYLiZfjtYRMAGYsTVH3GIgfkm4tqBMiJwZASAJTbELQMFIvgIa9wFyL/u2ZTDDXnthBxSTi78EAXSPYChHvDIeNMD4E/mUhf8koBcFBUC4igxH+CoB0IG4ohIJBqNaD9qpU89k/sCAQkCLE3sBSyVN0DGDADytJ5btyyyyCKLLLLIIotMQUkqmgOd+r+204k6YNXWnvRxF5i/G6GHlyRA/6FGuKOnsCE7Z51pRQT8mQ/pTCJkIbwM4WHKiggjKnx4kP5HbiYxjNV5LEP9rFXXxJMJtYtNomFCtlCGF6eTvblOgQGnMEb63TGKMf4ngyQcJoYf49Xs4yZf4pVgcxyCgyU1AKAkM9IXhWF5VTEFkR9wIV+nQOeAbIwUvL9TgvfMPTan2507JKZWorI2S3Fp0Oetx+sXMebsnBVm0Zq8KMW8qhnmJ0HGyr46raBTaPsnpK1lBmtwOCbF7D2WIk0bmP8sIwNLRYu2vsKkZGW5ISlC6UaHnKqkDwljqLNkWP+daYB0QQRjLIyS5hFIHgqqfvCRPedWNo28MBwgNIAm2D+edI+yFRDLkXA8eAIjzTbh14uwumHmDSB4a1NBqeZONpE8f9NnCMsL5TtXYSGNKznnp+fg+96gkvAV4D3ypPtbBsyaaBrHRyijnixsdtrIO+l38pCvAj4EOHVukuCeTcwKAo5hkbgQQUxG0QNyOufR90iQU1MR7w6HDQ5UwXwrJ1g1WldfTODFgQB7BoIz1nwEEKf14ICc5YgESRDyIDA2efcYQgWtfshPrhmTCmPnUJ/9AgU00gDmFqTJvfkESC6SK8lHwFPKtOD56E3gK8DDnvSylFiEl0cgCIWCRU9GWdoRAsbKtM2K3i9QwAc5+IgJvDEiNZwyLR75JpZFFllkkUUWWYxjaFOd2jHB2nG7Copg9UFRn8nQixwrDK5x3zBudIXTGo5Jff3gzI34dNbB+IepDQBKf0FGDrxfvqTAJGj6UAtOTjwOXyoaoW+OtJEB3cfzt4+2UY52eLmChs0ncCQxRopy1KmZ4rTd8CONnQKxmc3sXMcoxXBVwdFV1cdGw0sN4yJv0k4l47IkjU3dwYdILmz4oa77JhOJJNdPQN8+UB0hxeMJ0DcDCPga5K4Oikl93juCxVfZD0p/CgiYXF0RieWk9MIF7wCnMdg4bl1zLd9j5xQBRknMJ7/1AAAQAElEQVRFcwnUPQvos6A9lyq5yOxuXan4LaUvKnwWmVB+NPEU9mihKCnHRPutbFKxvCHDkIyZv5woaR6pSQ6WIpwqIZFbeUFSTlSB46UOowbGLzYdmO5EQrlu5xU+AhQRDhTsSYaDfMd5OyGZUSnXtXQ8XrhRhguP/MjTAFiNxtF2gjV6uty5PmdoGOcLAhkBkKe2tGOc2rHG1QED6VvD0hTZm9hRTctHK7rUBPl1pmI3fAOH+xTmCwIQZtQjynQN8Yrm3SOmFllR2HKnwZiXipFLc0D2I+kBMeKKIANI6uhPZ1oqRF2HMv0C+QSmvuCU5dDSFSHXNOjtvl1xQg7gqCupgBlsZ27vQE+5AZOC8RdZf9NgFyLC0ILKDXhTyYTxIizrgUR6QOzqIS8VeDBhknoTABKJMG7AGUhbi0vmjuLJdYboQyqvsgS7Eop4SEPS5dJR2z0J5IIJMIcEeP0eE55FFllkkUUWWWRxWoI3eAoL1kg0Q/yRxR9xRHDHfxmSFboElHE5UgDuRwRGQU8QttOFRZUBweMYYH0Dn/amGEfIUEGO4/oxlrJG+yhk5yzCwri1ZLaKjDTGYglI6YyDJsg4MqaFz/CIv2IWtgapA8C1bKAzhKSSwElMfpVGTklG7E+aJASHMngcns9BrhQPrxAAr7OtsYve+dfN0G/Zy3dthvcAhDNo2wNaWxsaO2qhwAiWBONINBKRdSwAoRz+8pmYTcSEkfmwGx+96o78PahSlB48WaAUqa9487xnQrKwXGdpeXkA5eUDSCptAC0ynFJcgbzImVRa/xzUDw4HjJfPFA4YI8fZt3IZ/Rr29OAJItfwQJLhhVOO9CfFfgS8SIcvjtXNp9kqxMnFvSsGuX4h5f7ZlRAzfzlR5qOojgdQBgemB4GXGLidtxjOabyqGe8xbwXMZ61PgQiOYgliFwIWqKPRBjMLFYgYYsxXDHnyZAiQk8YjSiANCzR32ZutkTZBIGN6EIOgk/BM6wiz3jJcm3gQIAky60K8tMipG4gCKZthOVZcApOM3cIBgr7fMgmerYZxcxAGct5ckuoBCFOAFH/XtxDmOHsR0N0kuPjzE7l+egBCTUSB/HzQBKmUJZhpxRSyRUA/YOsDlCFwGA2oKHcs8mzdIuX8zCgBLKgWPG4j1nyyyCKLLLLIIossGNjfNcaf8TlQob+uLXBHoiMCp3CcHS6GgFStOGLWFwse5bWB27hSRLbih4kRtmZmxI/jKhJoSnbkkdLGRdm322mOsVTDsxgDwI4/47mCBctZRuwQOlN7rS6ZSGJnIQYUluGCD+JMEwoVclhHiSsgQRg2UmVsrxwafnJB3vqidXbPNJFIJCcWw9rehCJlmCDwIrDD7VUe16KhlrdoJKpCsVw2gbtqBxJBnGRCpOP3JOVOFYa7E5IvRuxPHuK2kcEboDMs7SGsh0dRQA7B6FLrxLBnrDQbn5hAtsgo8zEAEDaZlHKKBcxlk2ttMxWXUU81giYM9/uZcUKSIZNSQGDqwHzE+mC/ey/iFARjWWWQKYKba+0P5RHi1lxkIj43JFIMGOczBx8sZC6TR0myFMqXtSR2by2nkbgNjkx7M/ZH1qMxFnEcQIwEtYWJArvlIaF0fagFrkOzWR3IiAyzb3nGVuDY+dFJgIWpJOCRbx6wh46pABzFgtJnmCGAy/tqJHRAocpPhRUwfxlg4UeHnDjnpwnmygNXCOcRuZzfOATizIBbGdkoW3N3FP39BW4OznGEj9WoLowLydJNuT6BWx9A4rctv9SyyCKLLLLIIossspAA88E6MhqEMeEV6CMiTVmGvAxajVUbj6bRbqrKOOcgshguZG0dJkaBNcNXYRxXkbGXNeIUOEonL8cUxrMNU1tQziROyxo7NjKNU4wmS10j/5GARs7QOPOCQ5fgXv9DZlmmySplDI8VuadAS/ofcDmmVukznFlNr+EpSS0NKEoimURYQelBensLY11L0Y8+VPQtLkWJQSqIC977M6CJoto+hlEUDKwMur5GI1EciSSTSXAeOmav9DE8gGHlluVeqkQhIaB7k29sGHMcGWh4OMU46VTE7QvjdDOfiU5nmF+6YU1zpa829nkOmDyz8DkbFQujkLdDld+oEWSoPPiLaIbLetyDg4VOZv5aCbdtpZkj5OWK521S8CgvaaP5FgR41woxgYAz0G5tMswR5WMnIuZaD3mYGmzHOFfN55xWDGLO7tw52PmB4gMeTnDu/HJH9VYt5hLQ7nzuA4JNDrTFHB0GQyBOxcIdSDtQIhEH7I4SdktcuUhco+wncMrBIkovSJd2AITy6gvGFoTxgZRxEEOwQTkvynO7dewuUcdlBXJFgTMW/EQDlwsVLCSAVDikXwdALoYRClw1AHkk8REQhEySAAJ8z2BuJnh9OKjftkE/4rLIIossssgiiyz8AUqCDeFQ4TBGgKMC1icupLZddoZNkQHu+gd2hkuPVXv81JfRhFFv0myxy+J0MtOozmu2vqaHgDsFjoceIhN5yMS87UgCSwUNM8abkVPB+LBB+M4PYx6pLbqmIyR0htY+IhiP4LFU2DcgHDFYRrZHaDhahELinRrkX5ipyzJSKqBOaCTkaGUcJ2QpFVCw+p8OH2cJN3t/AFtfghsqEonGYnKjNc/9C61Zk6juZoh1h0jneq3HhIO99sVbD3dWFEAUn5DagF2iWBjnmRgjw11Dc2+Q8nZlnAvA4JIqMOWkwcR4pfInkUslz0G+f/OPS02afDRFGCiDMt2alw8cCtLHsGTuFWN+cDAm/jyk2okXQPx9AKnJDqN3gOBsREn4zkHY6fckKc4viYQrGI8p9or05cMKDWQ47M0ZY2fLAqdnFXYGIuQ4DBi4BBL3lHqGQxiWpEfUooJcWUgVE2j76gnUtkyOaZ7IZSLkesS6gZmOAjhkXG1ZxcHFRCSdUt3IltsIdggZTviS6U+Sx7cHb92eKbCIlHkjYG+5IMHeMSJy7Qwpmfdw4euLlhkACiIL5EhSVV46HZb2fXMG+wnw/0L28OdzEIAfAS+WVtEdBZSSwDK0o5hw4HBw3wAtHLi85YEzUn2Bx1wkR/+SIASCwjI6EW3JegDjIpRFFllkkUUWWWQRNhSl25h99Ro9IvkpsIwMshgJKGNCAn44piUFvCJRiFnMcIEQsGrjYZLrj7QrzLBmZfTYLSVktHVmwUXW2lmMFII4BY7xri1jGJ5Bx/BhVOZnvBk5BWDz31HWCsNa0B9xDNvXA7vJHPZf5w9FbgYZMkt7Af0Cw9ItTT7pJE9nl8fUkgZzH0kVGDuXO6RlZa41BfXGkGc8LG0PyxLSUJRkPCHforxWsi23QEWBZFL9R2GTitc6A6yQO/wKINz6oDk0Rukzpk2XJH9oR1Sr5ay5QoK1OGl+9ooz7hsa9KXsNHNKdSJwKpxOKYTcNhivmBEYJuD0m/vIjm2CSOc1QHcAtvZOzUDO+CzZk0TpKI9kwwVgRmeySfQbHFx5p3cSdjI07zXvIkC2ZmkaKkBxY8+E2D8JL63DgQ4QJ1MuC3CIRVkA++3A9/FiDt5lTU25urmjGCUREjnkyRsZkNh1L2haVyiHOYFdFuatyLBA7RfoTMuEWL4wPmRuiTR4qey9jUFgdvovo62bs1goM0Dgp3UDPGo9uClT6CZGKyyDiSLl2UhEQmAOkEIq4IUAzxOOS24/219SwCdgH0EkPQQC4McCNyHm8eXdcwQFhC9nVgvMp/MNA18F/NbUFb+3kiu10oUiWafALLLIIossssgifCQHm4w77BqlCuFNgaXHcvKUpyNSsg4/kRyfcIoDUx/Tw1C8YH4nZVTWsNZUrjA4HVoKjII+YYzZ+bSoFwZCzeqos9uYLEg5p8Dsi56DcTORawBLBQ0zAmjAXVIYX8DmvyObSxxexOjB8KmIOdPGmZYfOndM/c+P1TGcFRV7PGVeXspEw+Z+kUk2w1ObccqRMsxxSIwolvTf9GpCUlGQolhk2CeRv7AkxhGMFEiSjQI9k9pBwGed0cbGKReMcZR7mDL4BWDNoZBEKIZjjUWKib+NL08vsGv+aXWAfqVsRmLM8SvgNUmVMKJnX1EUIbVtb+yhFwBDZA9LwM3TmdpXV5kYljBIHZQllqGTZSVBzsZBqEMqkOyDglRZD783CJbXYDArH5JhRBHLGcG1xp/K0BuzfET8ZeDyOZBlkE4pMN5yiLIhctkzNf8Py/sKEH9fPR6xP4EgSvsrILODPUwtinLVFv6ji4y/Tx5tdkauuxQQG2XkkY5yiuYbwIPA/QzY0e7dHE0lHPkTF5BpRixVrOBdfpwo1p5WEgZYGMU59FmUVkQgIgZfaoSCvDGlACk1WCMl59YzLDUiaXoZbsAjTM0Cwg3hJETou66DF4EwhkfgkwG2ZoFrhAZOtgwxEjxyBQM/syx/cD2CSw33PQ/hViI3kbCUIVjrAzsJjrej2ESURRZZZJFFFllkETaSvUfsBywxUHQgtVFxGEh5IkGGEx7JnNFISRHMjEeDHB4cTs5tLsNiSd0vEHx1SRPDWilYYe5vrlGNNFonpM8iiyzGGsZqRfdzChw1r9IsAgMjhMf0j9DHsOpZ2AhWjCPS44xgTZNc2E5bRNgMzf9DYBUGsMdT4OR+dNjoWLEUdXoUgREiSyzXHLHPc9D06VANF3P5opVs4CllL72yltsqLWPbJ0oBM3/JbTKpAMRZWuEitWMzHiUCapaS5k6BfhwYBdz+FtzkQbsjSKcso9FoLBqleQmgeQSqpKCYO3O518rpwz89zMNG2Z/7Xt4ZgFyiBPyCDxqCQqZjCx3pNSUIrTGynkzpKOZV4KIoeac2aXDckiRSSZFh+g9bZzGXj7f3k/Pe4IN5fPzA6MDVB/wIMgG6rnKV8U+u/wWwO+9AmQKX6xU/ilJSxAcxURL50h4BnH2cI19MIPKzDDg0xcgra0C/rXgZ4YtiCNxVC1GjfrAcXdwEdIjjFGWOMSmJJITTjNzMuWC6c8bw9sR0Sn7M4PBFxIHS+kHiPZTKpqNS8iRkM9SAUkiYBtL8YYUoOXgl4TzQldBlQPHAiA3kW8890gInXw4B8gaI07I2AcQ+eRpH1nLOUA8TAQJWqMiMHubFnmnd9P7hmJtbH/s4+nh2UBJvwgXzURZZZJFFFllkkUXYSPTtY0apwzZYHwWwf4vCjNRdz+kgra+xcBTBw1Outhg82ipSGAqNgkyN89Z52nQ+kPm8nk4d+ahBSuUKab4jRhBBjg/OYqwVMw5KMCryF1wJrK/UYOw/YZdFMODwImQF4mEtwGGv8djIo5bL4fC3CVME5twJ6EakEDNsTiz3MCx1CkuGpS8GsDhOOjRdJXgPEpLklDEdPLFrFVqYwJ+lPC2SNxpOJZGIleXkYq+Xu6lSFxLQBHKsrAJSkoorTpgYkMMlQNsiUD8+GEkACIsgg3zMWWfFVpQsCySdAnPECxqnNUqiqOSLx+pnwbCIE77NXRG/xgAAEABJREFUBtvmlBCCAmjl6oCxDiueIiWaRKLRKKkWlG+oi4v1R5Q1TvvwHhmxsUDll845SErjyUgh3rVzpH/ilFu133vD0zUngFgRMcd/y7xBok8iCal0I08nCy4fr4DgpeHwxIjx+vJXWJDEYTeqtYgyEjBTIKobwHsfehAE0oHj0cGzFXNPKWK4wtBn12IhmeNfLpkhy8ijVYYiNWwnMkFGvAzgQeAMBV5/5l37+EEg946li4C2mIjYAqOzIIrPEHOigPuG9lAGufIrD7PMHZoG4uCEsWoGpn9TEFaQYlzqqSAIsWx9kIwCcaBmPWCpwJcJcMjc4yiAYARumWHZAZz3vh6WtnF4UXz7yI0jvcqI7nBRiuALxYgaLacNPHgMZZFFFllkkUUWWWQA8a4dKBwE+U4PCynLBD4z8HpOBzxe0vzTUgTCy4QUbGXDtF8oCEOhUZepcYascbPgI9SakeFqFtY02eiHwCkQZ3vK0wkjMfbLIjAc60DDJM8rImxdTpteBw/X9lsZkCLJcvgLcnjzyvM0QcMF7BsQoiy+l8TwQCw7NC0yl53wu0euWxGPMCBLOlEIWoeY8QzsdByUYbpv3XTT+qdPJFUoCPGcZJxQlChoDpHJeDxJ+6AIXkfYQy1eILNKTrVWn0xwHSbSMlwsFotEo0JZGMeimilwJOm5go6ZLIkgiDcdc8TJvTxzwq77omEbAKgVSIvJ/LAkWEXLnER/2K0jSBL3NnJSfLCLD/LiA8ImxbiE8XmKUmJpDS3nKqeetKb2na2zg9iLwEM3sNyktP+5pxuD9aJ0OZ9RUZxd/JDgFGODPXBU5e0HKAfwicTsHauSeDM/Y90Ac6OQ7T+DPQ1ui3CltUIAXN0Kq4nTrkIyIxQw9dLzkI4oDyQGmJ8dxOOBwO/lJKiW4CTwrwC+DVCCQYgAs8KHyzYd+Hm6oUDpQRyFZKJErmnYMJptPfBNCxwyVyrWyRD4SbzMADQffmMB5yNL4L6nNAExMcgaEhzm89/x0JOhh87cJNJlbWgn6nYkGzJNqY7Po6B04vgplFOHssgiiyyyyCKLLMJDvHdvcuCUfis9Oho34OUSD3PmfSZRwE0YXD1wsBjessWI2owxQCIUNI3v106IGKZKgsdiQxyJSjb2kLVPUIxXi435fGV3CpREevO5owZYKmg4EY74cVI8I4bga7WZs/gwleXwVRns8TRsYkPjIsNWcvAbiobWKm96HCRD6Thq9TIlBcZAp6XtKwYZ/ZaRNUJGjMV/HaaV1ww1dnZJPUR+2BU6apC2PgIGEs5PI2IKLHzwgr5xjOXnYSXmeEvo+yMC+QeliUBuEBC+QT35gaI7P4rSRSKqKSLItIWAChmeMbwIJNVNOC3Ai9ZZYkEEpPd+cRjd3YFEjM0UzZiIdro0MYmLFaY0xaJYRrYzHCM2o5Zrlx2POGC6Jz8a3iN2ipIHbT5BCTA1O1BFT6dVMC4L7nsXc35tAipApA/InbhKlzk3iUhn69mDwCe/WFaQlw5mIKIMgqhHOl/eIhgO7ntuQjo5Euz2R6kEopYn6nW9qoQXHz4p2E0YexI4nnzrPNfLEsRKIpdhGWIs5uAbhWQJQOYzQpSLsFIFAFjeWZnhbwjJCD34E0AKaUEu0DjYFxx1z4MD1yNQQOVJYP0TnEDCYlLETJZBzIH3CEzBgJMVSBcBVyL20TpYtCBr4EWs74Tt6KvB6KXBfrsN7M46BWaRRRZZZJFFFuFisPVt/S9YQy5r2IYzOdYPE6kqauQVwuKXCXB0GTPlYgIPQ2WC4TbJMJUCJWZsFTqBx4xJFhlG1upiZG0THlxOgWPuBRUQ4z1/0sAoiyw84F5FHi6x47FqcpZjh0VeyMxCZBsGqxB4YOGDdxqM7VdJKmqkrXrGaxI2LzD+xTJJgoqQCksJWDoeByp5aaqwSyh0fjgUrph7mxa7cHKKRcHYbxwYTgGmkzy1tMFbaHBrB9gWK3UzBmq7Lqglm0wkkjSFkywSiURj6oQpqFSmUyAW8MQiyYLsudhgMQdDXfDIj4vaw1MHRARcc0aikVgsx37UfAKJU6DbmRIzMtzhDECCBtlTf4G7XxBH+SX28UkKXl9lktBF4/AboAKRHB/sd4+EgeDbfEGiBkqCmzVx3u2TdkWZ8s27pHF87SbMC+YF6rdCy5IaLrcFp0tPyi/QVXstPxOrKfAMAkw3xRC7CZz6OLpGriBTO+xJQIaPYFJ7qaQHAeVnw6/YFjvaryilqsqRnxJcXVK6DDMH/mZyIcsIGCmpCfgFQ+C0wiihOxpvWQe4aV0/OeA9OnzlxPR8ddwEAg6AvJhrSrizY6cFkYmsX6S4eOoCgSHnL9tKArh55GRMkDhooDNW4X4CA6+7M7KOTQKzx1OgfycuOhtFclEWWWSRRRZZZJFFGIBk30DLa9TgzR6QWB/hUmMv8HnOOHBqMoWuZDY/5qNzdCCV7I5oFvDoMWF4qgxn1XB+X51OGEVVZ1QDPJ5GGJAtwnGM7E6B3hi107oBMCrzEJpSigKJeGL4f1gwxoFTDcok8DCMGIYpS9gjAqMM/9AmnDxijyep1OAZmzbCPuswIDvXKu0wYdi7c9lWGb5iadRAHCg+mdR8g0A/uy6FN0lGiyRDzEM6KjQDbVCWZcqisVQoDswhNQxneyayMB4OoUFEgIMcB+IJSLBU67gFR4XXlurB+McOs118PHQAV6cEno/Ik8CkEUgMu4k6xEASEihhPWpOgdEIKJB0OgVimgfmceU80pnEjqKlbOy0BJZogVwzuY3sFGqe+go8JiFYGONoNKpaj+KInfrxrQcstcCkYmVJlQZeFDfEtBT2G+qLuWE3AaYFYAKw8uVZT/jWZ9ws6FNy2SjXvQcBLVJEhgT0eghg3fkNnHyQqwZyosCuBiyZGQquVIZQp3Yube0AQaaEHaQ3AZ9WkIDR08+kTIsUNGFEOmXs7lGR1as7xfG6VsRZ4MLcKKCbo+/HiweBSWZXXj9K5NYxc2CWDDMqi5bIf/Kn5xGADzmkyh98Aq32KrSeHSLeI9AxPAEkRSZHAEIC71x7G0zt+UQk7re2OZLSX7z2gEd/OyBsDT+xEWh0rQa91skKXxKY21NhxG1CbBVxdZsISYwxMHWqs31UuuOdbEzmYHtwh40eESlIcQwwVW4J3L8ZFZ2JssgiiyyyyCKLLMJA36nnIBnX7qjRj/kVYgxZ8bCM+EchMBrVkC+XUVJ8Ga9I8tzHap2G8d0U1XlRbB5PhLKQAPfnhqMR6eoXav5GkbHGQz2PIXNC4zQdKfAxyscPqWLksxW+BgooSkLBCI/XQhtWjKgNccb7oWHPHhaFZi6XYSxzc+6k02Lk51kVRimEV5KpcTLOXRzuCmWvpgyvyGER6pW5kMQL2CQVDan5yaVtH5xJ5gKexoIc9qYKyDRYBJ8o89WMW8uCiMWZJcmoBbC5npkxKakyBt/ODfumDQaMOSvo0sPIFPNpLRpTIRhzCUIpIsxRwAhLgoIStv9fBEewor25qeOD2RLBHoydS+nuKIyFUcgjyrh1OgM5oujSZ8isQGeOrEfHFmhcezN8OMDa5FckGo05aegsC5MDP0rUO3EV4LodedUd8KHkS5EJNDwCsaVTylXY6d8GdCXhRJm+kdhBQBZC3O84jxpHk3h0RFhc1YUljpGTLba9Y8CI59Q1udIBt8ZOMv75z0y19+hFjclrjN3tCztp6OIQKEME8docdpOxosCvcNIDIIcd0hcj+g7CDFGmMuQDnMlliYzOKKbOPFhKzLjbmb2H80XCZ455ROASIGx14jbkqKAAzC3HFxCcj0IxjKcjOPT0W9ph27ThH4jtLo68HTBm3RmpNo0R98OEWS0RdOs2FOB0xSAk50c4hxbgcAq0N1nFdgZ1b3i9UelVRJ2cJG8oi5HW8fV+hPJno2gZyiKLLLLIIossskgPyaHmgRNP6t+81MbO1MdWQIzQJ0k6CORGFoh+WIDlNXJ/Ggx/XsjIPjNyme+Q4QTOtFz223/sQabGYe3H0rEIxvF4XMk6BY4njCqPwGECSKg9Lio5nG47BUq9PsfgYEiM0ZSZcWXY4QZZbUnRhNjn+bTA8GUaO/5wgkfz22MM1I3QVAyrPQ13+szDXv0AkNE2hRxhqaAQkQHuOIWYFJlLMsRpRY8shus1hcNb9E9RAd+AFLjJ8sBj8f0fusYYc38MBWGJwulxw0J9QLxuLWIiAvhQ4ZTTwjBGIcYhLO3yA25PhBH/1w6gnVWdVJKKMUtqp6D+OP5iJ2P6ya07J6Gr9xLlGHMeWQV4XqqIkYl5TmDI7USr772pkC04OW3LDjHzCeB09xRVbECe+wWaUXQ1QM5741GdpVRBmcKZUSvUVY6uKH4h8llyCkjzjolFY8RHRq081DIOXwHPwYDMLpsewdiTwreK0kTYK9IrBPlUYyoSqzPN+hWJYDAccITcsBxPUXL5WBxUBR+klsqfh2o5zXSIWA9jqb0MUwVdpQMk8PWmlvmCBnGwr1ogelZ7j1gsZuwBaHR0XAYgYuXyb+OS6fwjbnc9fmJTJiTVniSZ4KnBkwSI4z4oAnBffYw+JIQ+iVi9U4iVIpq99F0jtHeEvk6kGxAbaYw+0NjD2SnFrQQwBHY9BoPQqS7mKe1Xj5yvJGovaePVAtj8TYLxKqReOdghhewmqP+r7YXY9RaquBplkUUWWWSRRRZZpIfeo78H7UcI5kjMMfyg7scKcGBlyaA8bK7DCin1jGHp2CnKlDDOt9EbSxjTBZGtRSEjPYOGWhyjqGzHTzXLHh9MI4x52FEAyQWC4cIwiR/lo72QIG9Mv3n1cVLZJZHx3Eo3utFrd/5KaLq8wkZ6nEPQK10WI56BQDIwysiqoat3ynS+QuWPAz6nzj/YurJEp4PDNnQa/HyXfjOK1F0CUk2I00jrkyJI2tQtjYPHZ8q3IWCWh6l2OV2sjJm7wLIxyxMjrxBjQdqTiaRcPNIzcay/l1wUwwG5Eloh3gk9+QvTQTKZNJyMhN01XSUw4jxgcWNmo0whmEfvVIQX5eRomYWjm+lwR7tdMeZl3SaIRwZiUyHq+wxTM/e2l6VjQylOYVkbM3GjrAyBuPXoDqMYRaIRroV5FkOusZAoyhGCEWNMThLNNUvzz8IRJYIi2gadzDnbAhHeGvrA+lWZwGEm9UCcFgcPKv4rBSNjq0WjCqUxAMvsqyGjzGXlYybIPsUVm9twZlK8NEBY71N5u2H+hJCotto6cOUbrCJ6s1WNZjqk+kkHcZQXvd79Wuu7ZghCyHGaLaM6RopCceE4HYLbh4/njwjOW0COtVZgoiw/PCuhnZ72zQMglwkji6YToR4CCnDsau97Ay4JVt4R4z6oMCwQ8iguJFo4N0/es99NZgQhVZC5UyB5W5LuxLynzxnGxjtMzQOOH4a+jbgwe4hwFllkkUUWWWSROnpPPhFvfw/sIZkQZGgC7hEUGn9bDnEAABAASURBVH3AQdWSosajM7Mm5NQbLTnIlDGDMg1Vj1FeQ4YXWY/AEce4qYzjtVWNq3xlnQKzGBfA5r/Zl7kGn8WrEV+rEAAbp7KGzRYNM7zXNDKoThis01hgs5KIDxBOT0OvtVKJdOnDsYY/zPUqsyekT6it+tqXb1JvNm/b/dS615C5XJqyzJwcbVuewcEhf9KQ82Wzu/SClSvPXKTe3PPgk8dPNnsTG+daCX9riAMFh4DQOTvyygQMH0by5YORf8MdOf0KC/MHBgap81vlIK0wpjuw8IZK3vLV5fObrls9b1ZjUWGe2rbaO3vvvn9dR2cv8gFkroZie7w46pC2TkAad2FBbl//kMjLQSibbGnj8B2S1AjElB58vEVASlHekEwIwUcbVhLJTNE13OnlJk5rDwLsbfZcaYHbeIwoM96lqkOsU4fA5SCZwPfezQf8LMaUAsrPj331xtnkfv/R7pc2nEQMdD8h0Rj9c1dMrSrLUW96B5XfPHmAJirIjw0MJZ39KHb+xYjPlviLaFu2JZIJRd8/y+aD+amuWF07pb5Avbn3iSOJBDTU5l1zfp0a29kT//3zJ5jsIF4mVdx4UW1tRZ5688hLJ9u7EzzdBFqIeYoSWLjxwuqaitz+AeXBdac8eYo4OMIVgqRC7EYWwiyKqvKcz1xYRe4ffbm1o4ubR7vMPn95VUlRVLXnfU+3UJTgqQPwVOS9r8CXlQgyb2d/Pm5fKO3bzLAgvT+lJEIbM7CsvNcxpbtgV4a8+GK33xx4JNHC9X1GtW+ERCIOlBucl0KIa2VeiFMd15cI+J7fq5Ysr8xFPnYiNkicFgmc54h4L+7AauYuKOCnE0n00BN4fJBIL0+mrGLG+4UKBpYArDeq/p41X7zkhrx+cc9HKFKO8mehLLLIIossssgii+AY6vx44Pgf7REJMH84v+sPc/pvDOI0z/5YwHgvH8jUyctZjC9ka8kox3groKxTIAqw6DOKMcryMBLqeHginS4Qr2KOmTqeSUeYzABz7rypM6RS6myDZcGXm+yZs0H5olARnB294JtZDz2e7AzLmzihZkJdjXqTSCaJUyDxkkutKG++4bLzVi9Xb7bu2POLe/8gIkuzNVxxyeoZUyepq5s/v/dRLsG0qQ11ddXqTWlpEc8pEPMesGDRl4fMVfPwOAsYaoVbUVH6uesvUh8+3vLpuxu3oaBIvQ2NGLC5xxAIojMjFF120VnTGyeqC/H//cAzXJq//M7nJzVUJ5Pw7IvvvPrWx0gSQRXGIefRm1k0GvmHv7q1qDDfCqmtLisuLpBwCuQCwtNe37oFo0vPP2PK5FpQ4J6H1gskoqAuUanrhELAwjn1t35mdSwW7ejs+78/eVqRHhUHnyoFl6+MlGdbmP58RvkE4mn7jYHjzcpmB8zNyNjUSCCN4ecJLNQKyVrP0y9Q6KtnezW4xBmbrmGODsC4DFJkgHgOYe66gST9+ebNqFixsFa9eeXdo8eb+qj8Uk4WiDUF2PsyOUTnRHFNpdH/VFXkvfzOiXiC7CKFqTcj3+NtYl3B7KnF5LksqZhbQmr42s2zJlYXJBV45f2T737c4vKQY3gyJ6JqULQ9AjUHLUgq1FGkhm8ZPdgkmFSXV12eq+dPUZOdaBmoLMuNYKwGVpZFW9uHrLRMQuuxuDA2f1qJeqPK6+yOg8P7nKX3HfeR/tMGcCQSNE4oKMqPKqXA9EVzphQsm6fp8/qHHSdahrCwaTkrHw3dUwpT7l3nLy+tLs8x7peVPPl6G/JEQ21ubo7h6YXS6IH1c4yxXAea8jQFtycKBrWdKOSMb6M00pkzCWm+BYRuZK47IUlwArfPHfJ1HVNtFklG9FPSzTNwBZTsI+vRB5yEPIUcz+DHwfEXXGRe1uBRgjiKTkUtR3N4mkwABG6NTjImSlQJvLMiEcQXxzywVcJSEhvvei5D+6Ws/4sjxquLdJjGocMId7+uRGI4dxrKIossssgiiyyyCILBzk29B35m/SDDPOzBGlApnDRYNCDyGFSNBQRRH4/B3GoHC2Cc9ldbyMiEJfUsjmQex2L1yGKkkH5VGWVteiwga64QQU1mRFAW4w9hr/tmMRbgWpSir9MUw5hzaVHmuVcjJD7DPDJV4VJiKa7+Y8qbafibcNoSV5+zVF/4xosXzC4uKuRLSFvK2csWzJs7fcH8mUKKsdb18Rf0M8aworxk3pxp6rVkYcAtKwKWnc+LaFiKyalAOL2CfPIVZ8yZO2fK/HlTeZHQ2Fg3qUHzXo1G8aUXrEAZhtPZJ/WvK1+Dff6G8yyPwMHB+MEjp9rau4cG497sPCtXGN+C2HbaWbZ4+rxZDfPnTEJo2LoL/lI09iIATw42VCaXrV0ci0XV+/KywpUrZkpIBztxYAsEW5znR4FkKh9NAqtvTKSDKEqcTCZr4LyX4QYCPiIRSCItSKRFAg0Dl4XD/l7na4rVADSzsXTmlDL1qqspNAnAWVq8XANzxiWnmNQp9bVn1zlpyF83vXZ/2ap6pnIS35b6usKJ1dqmfdEIXr2shtXE4gl0QoaNSFWPSulQIpGA4839JOT85dWI5ccp9/OWV5CHI6f6k0nFReBUw8iriIBaewIBB8dFqW4+zmjInzGpQL3qqnKsOEo08NTjVGnaSXDmpHyLbHZjvqdKYBga7MwAh0acllEGwOdKF+lzQM66lQ7DIGk5ZvMxC/ild5J4EAijwAlPhrZS4CPdCmOKXqw529D4tgPfVmYZlkdgeOTZMYz+SPAIiE4hUBIMuRwm5onBFC3V0F09DK21R5Tgia8hV2mK1NkpmdEkUHHzoQrDMihxqRcPP3R2GJmlo//YToEk7ngFDe5BWWSRRRZZZJFFFtIY6vqk98DdoMTNEQmYQzHPD0gWkEbs6IE1phzzEA0jo5FITk5OJBrhjHNHaqWD/h1iFsEwHupqFuSTLt3ZnfFfF0LNYbbpZAyn+U6BY/5dhqWChgfZgUGGwa55Ys5dFjYyaxUsfPAiHG3wq0OjQ/lUPQIzhRE8e3W4oe9qEPxnU339AyUlReqNklQGXCcIjy3LZVJbXi8yNqwTQEucVnQ4wO5n8KYIW6InaUtrp7XXVU9vP8ossLFhSXqfVv4ZxLBgzhRy++xL77/y5mavdGnZHyTSg0MMdi3iYnlW6YORkrZQKnNt7b0T6wzvn5NNnchfui/rUAzikWWgz8Vlo9hUyAxxFigrC4kTurUAiid2RhlpcboNxiNTvmSSRcCmtb0VXJY3zSESh0y7ABL+hsVdFt4qIbERmHvkxU12v0A+li+oWr/huIz98/Nx44RCLlFb54Alqr8/YaayNOfnCxxT6FwfGioKsJlNhqdFAG9vavv85Zpv4qypRU6e2BCIHcrMm2HsevjWR208Ai686h7we03J3hiLImyd7L0wuVTs4sgZs4uiUXvX0JxYZP70wh37+/xanOPGfLaGY6IKKVNjGeKU+49AsmQAlA3T5JMmCUhRyeopnx0IGkVXRuq8b+CTSkny1Rac/Hw5gTCUQ8BUAPBjxxCAQA8RGYjUE3NIv7bLWpgN8qodUv2b9uVMXp6K/RrWoR8WjyL6p3Ui0vkqKu6CwuUoiyyyyCKLLLLIwg/9p57uP/FHAEUbUWgDUkX/DYO1kZy2QTGORBTy24YQfpI0+hEsjziM8WVApCVQ3ykwog0ouWxGIj/SCKLZ6VBVx36DDFLdRiSvwyk0TFnAvR3bCDUjo8gqY7+AHPOtGrI7BY4XYPPKYpyCnHvoLmJr7cJxjVFwc5gao2GAv7XdcRiPwuIJ3SEmRIajzSOQrKOmksPgLXP42zJmH1OT/4v7/rBv/5EjR0/+6oHHE4kEKyFAvobVBFi+dYagF5YMG9Pw6R2Hq58efqGB0Nc38LvHXz15qm3XniP3PLiOisnQV0dwE2CPJyF9Xp52kqM6Yfn6hq1ozCCQzcEvBDL/6egQ8di697fsONzc2vX8K5v3H2pyE5ghDmAeKxGxpybyAMG9Kyod+0GAUDPK6cfA98sS/zjUYUInNxB7b4DYbwOQpyxGYVpD65nx7vA8lhHcMkRRolSMGi6Tuu5BljVQ1PxcAxIYREd+bmz+zHKXDhz7X7RyojHMc2V8YCD51KtHm1r79x3pfuS5wy5BbCkIMgPIu2Z7VXwtZvfBnqGkdpMbjcyaUoRYzo6Nyhrq8gtzo+rNYCJ54Fifo2pxCogKAWZHNwcB747HxKGVKZefL0sncEh37LiGeAqjlYtLSNDuw30k6JxFJa5tvUCgnlsTJ3cBQQBAwMuRMiyA4D4gj1RywWUkKS8tMuCATuXWGNyJbHpj4dVB7GxuJgfk7o5oYrfKTk0MQrcpwdWUXMqYzQc4DYfi5tKZ1cmzHL1eg8DLnKkut3qb8Y5AVhO+MDdDb2qRisjcI5CTiq4GjupjG9YwupME7EgjBpu1SP+/9yPc8TxSulAWWWSRRRZZZJGFAMl4S8/Bu/tPPGmMIBSFGtxhe5iBUSQa1Q6cNdJZwxrRX/fDSCPgbG0w3Yd7HnhUWXY4ETTjxjfPuMfpUSFGJJfDKZT53AuX7ShE8OY8gsIziPHZfE/bnQLH/No7Fj540GUO486XYfQCW341jrAsbGTWHNLcMT9odBQW5twJSYJx1s7G4XhDohSApYICUwTF6dm+0sj1gUPH/v2/fhMqy+AIKgynVNtGMbDjD48gw9kbDdZzubmm6XcOGcrWBx/tVC+UQRjfMOlpD4JawzdLJKIFtnf2UKdVigwIvNcjZK4SEeduhyiUmjS3koHVxv48ZQl6egcffOztgAoAcvzshM8cAqvKRHmb2JMPiFotzVMgzg6mCfihbu5JRYFE3O0MIIaUQVxZ4utG3Ws35oNHlWPTCpIQJwXS4ui0SHDvkSPEi02hUUhWJOMeWM2xk5rllkgmY1HtWO0Lz564Y28H4mzdR4tAS+ZWGgkVJRaJMNps3tWmXsYzFlmPPNL3iFeFXKs1ViqtlghTqf9/eqB74cxS9f7cpZV7DvUIDQjofPPs4B17eygOohrICxHu2+ckZdmAB21KgYiah7WZlxRGqso0H/TBePKJV1v+8vbJOIJrK3MK8iIDg4qLDeZxYwi8F8scBJ41GyOpfsMFxysxJQ5ulqTd26YLzhakgqQZyKeV7HtdQf5dN4jDwB0KjnDg8QAfKSChhtkBCMk4GrIcwEeEtx6MexxzT5/XBs7GyFQtcChEEzrqIfCSeAECBbuV4cZ5mATEwyIy42H1kPZL15oKwVR6fR9BIxoi6v9DR1Dbo6hwKSpYjHAOyiKLLLLIIosssjABSv9Ay/qBU89CMqmPHhT74GDXkMwYgHh9sY0vmJ/9wyIps8CjpXhGYSUZD/VWH/yPuwbIAiTDsnBhlJrptPDVlcK4NcTp6RQ4al64wYGFDy5KPAybkmWYfRCM4UJNGaPI/OEgjAqbWaP4+tlIpMejqOQyokhIbTGgj1YmnUdOD3jWFDD1AAAQAElEQVTmtKKsdOmSebNnNjZMrMMYHz/ZtHff4U1bdrW0truJJ9ZVX3HpavXmrQ2b9uw/bIXfccu10WjkrXc/2bPvkMrkgjVnnrViYXlZiZJUmprbdu87/Pz6t71/JHbx+Wc3Tp5I7svKjY1hvnLr9RaBmvzp599obeecm1lZUfbZ6y5umFhbUJDb3dV3/FTzy6+9f+joSTv3+tZA9Mr8wvkzFs+bOWVKfXl5aVdXz8FDJ3buPvDxlk8ld69avmTe4oWzenp6//DUK+pjXU3l9VdfUD+hOj8/t7u77/jJlpdf/+CwqQAXC+fOWDR/hqpARVlJp6rA4RO7dh/8eOtu2kpLFsxadsZc9ebosab1r3/gSG+W6fSpDeedu1R9Pnjo+NQp9VG1GCK4sCCP5HfypAlfuuVqK9Gx4yqfjXyFqEoyrXHC8jPmTZ9aX1lROjAYb2pqfXLdW8dPtagk116xRg3c+enB9z/a4eZRVlp01tL5M2dMqp9YrZr8xMnW3fuPfLz505Y2TqldftHKCXWV+w8ce/Nd7fzZebOmXHbxyqqKUjUH7R3dR442Pf3i2319gyJlY7HIWcvnq/V2Un1NUWF+a1vXwUMnP962Z9/+Y276ZUtmLVows7en77Gn3yAhM6Y1XLh6aVVV+c7dB5967m09zFjbO3/VGfPnTKmpLi/Iz+vq6jvV0rbh/W2f7j1icbtwzbLJk2rJfXmpcXTjHV+4zCJQy3Ddi++1dmi5Xrp41uIF05JJeHLd29wThCfVVy+aP3361Il1NRWDg0NHT7Ts2Xv8k+17+/s5eb/swhUTaiv2Hzz51ntbdaM1XnrhiurK0lgsphrt8LGmZ158r69vAAXE3FmTF8xpbJxUV1le3NnVd+hY0+69R7fuOGhuZqOZ5fabL2JSlZUU3v65C63HHbuPfPjJXl9Z8+dosqZMqi0rK+7q7j10tPnTvce2bD/o7h7qasovXbtU1eGJ597r7RvMz8+56pIVM6dOLC4uGFSrZUunKu7jrfss+vPPXThVL5ekkiwvNU4Ive2za7U/5truc69sauvoNlNoWZs/W9WnYUpDDdHn8LGWT/ed2GLkndGn7NLzz1AUeOrFjb26kcvLii+7YPHEmvKBofgvHlivhlxy3iJV7QOHmzZs/FTtdEqLC665dFnDxKqiwtye3sGjx1t37T3+8bZDlHwiBS+ZP2Xh3Ek9fQNPvfARUXdaY+3558ytqij+dN/xdS9rbeTz152jto4Dh5vf+XCPQzNAVZVFl69dUlNVUlZSoHZinV39Ta3dL7+1va2tz+XKYz/PnTVx/qyJjfVV5aUFnT0DR4617dl/auvOI8AjRojls2S+arqJPX1Dz7z0iRo0obbsiosW1lYV5+fm9PYPHTvR/vT6rb1aEzb4FBflXX3Rokn1FUUFuX0DQ6daut/ZuH/voRaEhEJWnTltzky1f1V5xrp6B1pae9/7+NDeA80u3eCiVbPrqosPHG1/96OD6vPsqbUXrZ5VUVagdogd3f3HTna++PquvgF9d1t9Xj2ZTCqKdm4LYVNVUbh25fSJtZoBE0mlvav/yImOl9/ck0iCyHrlpfkrFjVMnVSpylV5dXT1v/3h4W27T6lkyxY2zJ5WpTJ58Y29znTaXSwaWbpg4owplfV1JYX5OS1tfQePd+7c03z4eKdDhC558dzaeTNrevuGnn1NLXQ8oabosjXTayqL8vNivQPx4ye71722r7c/bmlVlJ9z5dqZ9RNLivJj/QOJJs1iJ/Yf6bAY0uyJj92caRVzplc2TCwpL87r6h06drJn7+H27Xta3G43NZWF55/doIY///rBvoF4fk7s4lVTpk0uLSrIGYorzW39n+xs2rq7zUo1Z3rFojnVRODkCcZr/cxFtTMml1iOaNt2t+3a12Ek0YvGecCuZXs6ynaoamodqK3Kj0Wj1RX5laU5bV1xOms0W/Vp2YKqnKjmCNjRPZSbg2P5EaZU588snzutVAF4ccMJ/QRhrOc6f82KWjXXL+iBubnRi1fWTW0oKiyIDcWhtWPok13t2/d2cn1/COeGuoIFM0obJhRUleXFE9DeOfj6xpbDJ/oQm8Qoobc+bNGdAlFDTX4kihVHJbTzrt5OmWh0dG9uaqUKWLs5a2H5zMbCyrLc3NxIb19C1XPTzq79x/qZkXxJYUx98ao3m3Z0HTrFeXfkxCJXn1et3hw4NvDJp90OLcyVqpmTCxfNNF6FDXX5JHjZnJJpE/Mt4u37encf7jO7PHDkBxyOm/TNecvKyM32vb3xJBxrHpxUl6+OLs5bVvriux2uauJ70DQE8mH1pPZl5SkkZLjWEENhmCJ1uNnzWGoB71TGHfimorfVFO63Sr0WQciJK8XRkQI/McdzjU/g4utsMoA4gSRXXnZwG5l58DKLc3tFO8apLs9Y4BvgGUxn0yOlcPtSUZbBdiw3nMxJf0smeqgXI8a6x6DxD2AwDojX7YVxBNRBRu/H0L8NFcxBeTNQtAZlkUUWWWSRRRanNxL9B4Y6PhhqexuSg6AktSODtQ0CFUDEL1D/V5+u0MIQ8v4FFwVw3WQxKnA6rmibOF0ynm1zWch/2o4SQLbewph3CxDn4LTdKXBMYpRVw9HlEYjG8ygKG/5y5vRjFgIMi0fg6EIqSqXr2jgMCKhbtlFkAth0Rbl47cobrr4QU/vlVFaWLZw/67qrL3z9rY1/eHI9k3ByQ92KpQvUm/hQnDgFkgI6a8Ui9d/CgsLjx5v+/m+/UVhYaCUpKyudNXPqeauW/ey/Hz5y/JRIpfNWr6iqLGMCly+dTz+2tHY88+KbbMJzl99846XWY1Fh4YQJNUsXz3vn/U9+99gLZn5tFOXnf+9bX5hUP8EKKS4srJ9Qe+7ZSzo6u/7tJ7/p6OpBflixVHMKVG8ee/rVqy5dfcUl59rcigonTqhZtmTuO+998rvHX3KnLczP/5Nvfn5SfZ2tUlFh/URDgR/+5MGOrl4rvyofdZF7+Rnzmls7Ptm6m2GVm5Pz7Ts/q675I+2k2v7lZ8y1V8T1Ba/SkqLlulshwZIFM4VOgWayL9xw8bkrz7B1K0RVFWXz5kzfsn3PPb95es05S/Lz8mZMa3A7BZ5z5oKbb7wkGolY5i4rLZ47e8o1l6169sV3XnrtfYb+vHOXlBQXzZ015c13N//pNz83Y+okK0oNb5w04ewV8x9+4uX3P2S32cO6I913vvbZwoJ8Kknh1MaJ561esmv3oV/c96SiOJIsXzxn0YIZ6s3jz7xZUV7yJ1//TGV5KYnq6u61yBon1d51xzVlJUVU9vMnTqw8Y9HM3fuO3fvgswMDQ2rgmnMWV1aWMFotWzKbfmxt61y3/j1d9KxFC6arNxs37aI9C5G+395Xbrli0YJpVFhRbU3FssWzP3vtmt8+9vLHWxgfO1hzzqLiooI5sxrfem/r975+w7Qpmh8t1ku9qDCvob76zKVzHn3yjQ827UJCODyDSksKv3vndTXVdtMrKSmc1FC96qz5PT39/3XvM6eaDOfgpYtnMIyi0ejSxTOtxymNdd5Ogfn5ud/5ylX19VVmAC4qyp84oWrlirmdXb0/uvupru4+urE2TKxaulgz3b6DJ5paur75pcsjUaOnUsulsqJk3qxJ562c/98PvkjKZdVZ86r1clGo0++WLqbNi1rbu59/dZOhT17ut798uSrFii0qyps4ofLs5bM7u878z18+29XtcOKsn6DWhKnqzf5DJzdu3nfnFy+aNb2eRFkenKvOnltclD97xoQNGz+97vIzV581x2qSqs51NWXLl0y/9IIl/3XPS739uv+N+RW3dNHUhXO1JvD0i5vKS4u++aWLK8uNetjVY6ixfImWl8ZJ1bRToMr+q7ecP2fGRFrVkuKCSfWVyxZN2Xuw6cHH3x1KOtuDlvecb9y2tn5ihRVSqOa9ruysZdO6upb89N5XLKEmHNWGhCxZOGnBnAb17pn1n1x50aLzV9pNoLAwr6aqZMmCyX98/uMPPj6oEp+zYsZ1ly42rYFVArWwFsyu37Lz6O+e/JByHzBETJpYfsdNZ5eWFNA8J9SULZxbv+9gy4OPbxwYjNP6nLt8qlqdZk2refejg9+89dwpk6uQsYiPiovzVG7LF0164oWtH2095shTRKO54dL5Z57RSLsTlZcVTJtcec7SKX98fuvmnSeddtDIzphf/9krF1oVUkVpaf4tkyrbOnr/64H3dJ+/KnU+X3cKdLio1dcWf/Xm5QX59r5BjQ1l6nXemY17D7Y98PhmBRxf9ovm1s6fVa2GrHt9z2Vrpq85q9GKKiiIVVcULJpb89T6PR9u1ZQ8+4z6qy+caVe5ghyVYP7M6i2fNv/huV26kTGdi7zc6Fc+t0hViTJybEJN4fJFtV3d037x+83dvXGTXkusRi2eo7k1HDza1do+8KXPzCebhmoJC3B5ad6sqeUrl/Y8+MSugSHN/3LejIrFs+32Tv401BaplyVR1dB0CkSWrYDzTURH2SdEguZW2H7GPM1r7dLVkx5+br/hZoY4noXnLTecuV//4OSlqyZSnA1pC2eVzZ1ept5t+bRj/5FuElVXXbBoVrl6c+h4T2vH0G3XTouauS7KRxUlOTMnF529pPKhZw8NDbncegBdd1HDkjnldGhZcexLDcUHjvY8+MxhtxePetvSMaRavqQoRzXvWQvK393S7rCgiTPmlMaIj2NPvKvHdgydUJP3+cvqSwqtiSBclBerrcyfN7304PHeR188NRi3O4SykujCmVq3WZAXOfS885cMury8XLxghkZQUpxjOwU6HYrmTi1cMKOYUbC+Jk+9rMeqspzdh/QDjtlyxRg5zxGmDgCdP72QCHtrk+Yy+86Wrs9dor33F84sevFd9w9XMFCb5mk35ovA8OdhVXcDu32eBGRspPTXiowaKQAEvlmpM3T8SSltMEHgFeubnEcrPAXX+YRtcgAuZUBbgIuYYcD+RX4egeBNwJHoFCPWHDjehPSiMjiZOR8dq9RAJaF9H4FnOPDS1oD35J+MR6AoKoDnrJUrbL0pdHdA/UnRxhDI9B1U9OG4+ZJCxrF/CkoO4d7tqH8HjpZCTj3KrYFIudorI5yHcBRlkUUWWWSRRRbjF6AkQOlV4m3K4IlE38Fkz6fJoSZQP/ghqQ8kFH2PQAX0IYMGxfpZAtLvtFD78wYg0DBmFCGY0oDGZCZ9wQ7gpfOZeXNkTsJ435RsLGQPUoyjaEYim2Op5hi99NhBQGVDzds47xKGC+A1BXk6OAViwf2YAZYK8kgd7szyKLUhxhjG2zACux61VTzIOkDxkUG7YM6dbArZiGFGJvUg25Sm3hwz6xEYQs6HoxBHQ0XBKILxX/7Jl6ZOabDC+vr61Z62UF3b13HBeWctmj/7X/7j3r4B2Y3HolH8g/9xF/EIHBgc6OsbLCspisa00UhJcfGfffe2P//bfxd15l3d3eWlhqNAZPwvewAAEABJREFURGWkrzMlEwla6d4+dqO1ebOnX3T+WUibbVE6unpyc2OFBYb+q1YubW5pf/n1960VK/Xv1Mn1f/qtW3JyNIeMRCJx4lRLe2d3WWlxfV11Tm5OeXnpP/zNN35x/2M7dx9Ecli9cgnxCFSSqgLdubk5RZoBtQ591TlLm1s7mB3+pk6e+L1vfEGVZSnQ0dFTVlakKhDLySkvK/37v/n6f9//R6LAsZPNL7zy7hUXa/y/dMtVf/u/D/f1O8riG1+5kXgE7jtwdOPHO849a7EVFYsZg8BkImkF9vb7FOVffe82y1tRUZTOrp5IBJeUFEVwZPGCWd++8zOihHfefu2SBYZ/WFtHV1NTm1rOtTUVVZVlqimuuXzV7JmTf/arx81Fa0cbuOu2a4hHYDwe7+ruLS4qzMvLJVn44mcvO3T41MmmNpp+7eozbrj6fFJDVIMcP9kyNBivrq6ordEcL+bOmvIPf/PVH/7Xw52dvW49GyfXfe9rn43F7HW4/gHDnausrPjPvnUz8fZIJJSTTa09PX2VlWWE7ewZDd/48nX/efcfkOak1Vtm19UIqWC0nTXF/Lbrq64s/f63P6fmlTwqCvT2DeTm5OTlaQUXjUXv+PxlSxfNvO+hF7jJ77z1CuIRmIgnVX2KCwvz8nOwZrToFz6z9vBR1WjtyA9LFky77fMXk8M39Vwn+/oHCwvyiH2Kiwv+x3dvevr5d994ZxuJtRJaBkxQLbS7h7MPol7a2v+Nk2q/85UrY7kxovOppvaOrr7SksKJdRWxnJhqz7/7/ufufWj9p/uOu3lUV5XdePW5qqnV3qO3d1ABpbgwP6KrPWVy7V23XvLTe9ZpCnT3kg0CVQJtw0y9YOLOcrGaQGND9be/fEVOTkynSTQ1d3Z09pWWFkyoLc/R9Cn8wZ9+5r7fvaLrw3bZavv92+/dWFZaaLkTMVJUfPHG1ctMf8T+/sGBoWRJcT7x4KmpLP2771//s/teOnqizZ3ZyfVV3/zSxTlUFR0YiDsbjaML/eYdF05rNFydhoYSKs/unoHamrKJtZqj56xpdV+75fz/uv8Vp4jKr992QW6uJkIt1lPNXWpZlBUX1tWW5uRES0sL/+q7Vz7wyNu79wt9uBlNVp01k3gEJpLJnt7BvJxYQYHWhNUiuPGKpa1tvQlFIR6B6gR4T89AJBJRaz4poMXzJrV39j/36naab1lpwbfuWBPVzAVqY2xq6e7pG6wsLyROnzOmVn/5c2ff/eDb1ho9jds+s4J4BKrFqipTVJBH2pRaaT971ZIjxzvVlq3rbmxgffM1ZyyaY/iIt3f2tbb1qZapqynJy1W75OjnrllyqqX3ZDPtCwVXXTR31ZlG4ep1ciieUEqK1YYTqSwv+ou71jS3drsMpfkQnLui8aoLZpOM9w/ETzb3DA4lK8sLqisK1Qo7c2rl//j6qp//dmNXz6C71p2zdBLxCEwmoad3KDcnWlAQI0a+7pJZbR0DiaRCPALVrru3L642gMLCHNI9LZ5T09k1+OJbByxd1D+T6kq+8rlFKh9SDZpa+zu7B9Vc1FUXqNWvtCT3+19Z/tBTuw4d76E8zY0SryovuPqCaarOavb7+hLqOkZRYSyi/7pg8oTiW6+bc88ftALt7VUZG/5nWk+JDV8J+9hxjLt7hpwvBctDRe84MBOFWdcUhF7acGzJ3EqMI7OnlcYiWNvc0RRkCNH/nVhTUFaiVcuhRHLzrjbKKdCaw8OI5e0IqCzLveK8+qie694BdYEHFRbEyCtjcm3hF66c8sCTB/U1DINetc93bplZrgo18gS9/dr5UIX52sHF0yYVXXX+BEoILRY27ew4f4Xmf7l8Qfm7m9uMfDiyhc5aaDj1btzabh2brI65vnLdZONFloTm9sG+gWR5SU5VmZp3PHVi0ReunPDrp44ZDPkA2t7OcOAm7BtQrIJWc63XOs1KScXWtrsvIZi4AttP0OEjhWc1FubmaJWqpX2oZ0DrY/cc7huKJ9VKm58bnTox/+CJAZfm/EzJbrHhPbXmSebxYcRxbw0ZtGdXupP+wQjTTQvIK5EvK6rGgGRaYJ8w0M2WjgPf5PwQblKm5/LlAxQbblrzX+AzBEem3MwJf6C05RD7n3QMyPa9tVRh+LGpgR/MpvEoffBS0FJBWKmoz0KH9QSNGigC0yvd/EUvaLv5GC8q9V+FnOaip1CQMbWnjl2TWFG7xE6c7MZDu1VaBcimggiQ6cYP2DknZZ1eTFTGnKpL/eHm0/EEElQSgS7DehSTj3QQC9LMGNGso2iuEmws71lGDSTdWn3j/CqnpDp8ph55MoKw/oMM0IG41H5lBJ6x6b5GfCbuvTn4VmmOfbRmpg9BFVDAO7tekb7Zlso7koJ0FZHODgmN6oMw9UOAbDAGUuUbqL4GIM4MqU8yMg2oFgSnKni8GQJKkU4k2UUHiRQgokPRkW4T9oFEpiBFDkEAkYh2QkqSZDktnjJN2x3izi7dIVMNEPSjgbW/etFodTMJeiCgpPa9ZO4RqPeeijZGMEZX1EjLoUqgzDp+0okCIJRiSh3pNLzRCqbOQGodxBgC6DMC6LTAaM7maVIEIwlmeDFWLJ7OYHQYpGaRDrI7BY5BBPMIHDHZwwts/jtueg7HnN+otXuYwOlkdVgslLZHoDlTPPqRupZpuQNmHKE5EJ4WTRKhm2+83PIIfOe9jx9+/IVEUltzVefRrrx0jXqpN9XV5V/78mf+8+6HuBzchpo9axrS3QF/8vPfHTp6ggRed9UFl1xwjsotLzfvpusvffSJF7ncfviT31j3f/9XX6+p1bw6/uSv/h8r0Cn14rVnq/++9+GWBx9eR0KqKsv+4ru3l5ZoviPXXH7emxs2KWC7W3/zrpuIR+CBQ0d/8ouHh+LGXlM5ObFv3XnT7JlTYjmxr3/pM3/2g/+Q9EQnmxS+t3Hrg488ZyvwnVtLSzUFrr5szRsbPo7H7S18vvnVzxKPQFWBn/73H4bMqJyYqsBnZs2YEovFvnbHDd//u/8kCqx78e2lC2dPmFCthn/nazf9vx8/aLFadfbiWTM0H5H4UPzuex8fHIr/6d/+iETNmNbwZ9+8Rb3ZvnPfL+5/grWhAGtWLrE8At/YsOmxp1+zor78xauXL54zd9ZUbsJzzlxAPAKTyeSDj7zw0ZZPrajF82d++YtXxWLROTMbr7hk5XPr32XSFhUWLF44S53Le+SJl9/5YBsJXDRvxlduVVPF1Gpz5+3X/NMPH7DoKyqKr7/K8Ah8c8PH5Dhg9VEt1urqsm9/9YaS4sKy0uK7br/mhz992K3qN79yHXFoO9XU9v5HO/cdOn7osFFRv3vnDcSRYtvOA/c99JzlAzdnVuPXv3RtLBaZNmXC4gUztmzf96Of/8Fi+IM/v033GsTf/7ufs8KcDhwMvvHla4hHYDIJjz75+nsfGjsv5ubG7rz1qjmzJmvWWzDj/HOXvPHOZiZtYUHewvnT1EnDR598892NJCFePH/aHV+4VM2dao0vf/Hy//uj3zvWPl0oKMi77WbDI7Cvf/Du+589eqyZsKqsKPnOnddWlBerKwvXXXnOzt2Hm1q6/vL/u9dK+6P/8zWVeXNr1z//6BEeb7cLBHzt9suIR+Chw013379uKE7MqxZc9K7bL585baLa9L56yyV/9U+/cTe9C1ZrG5GeONn203vXaR5y+uHRX7vt8lnTNbeeaY0TZkydsO/gyZ/e+5zh7xuP/+V3b6it0rzi/up//8alkfZw162XEo/Ag0dO/eKBl+KGPignN3rnFy/W9IlFv/z5C//mnx9y9wSXnreoQC+7/v7Bdz/cc+Bwsyqdse3SxdPUdMdPtv38/pcGhwzXycXzG2+5cXUsGlHb+x2fP////OgJykYG7rplLfEIPNXcuXHzgYOHmw8fbXEVpfFYX1dBPALV6vqf97ykJrHyWFtd+r2vXpKXlzO5oeq8s2e/9q614yZ89fNriEfgoSMtv/ztG7pHo8ZNVezOW9ZMn1qrmvf2m1b9z3/9I3DkIrcm11y8RL17e+PeZ1406urkhoq7vnheXq7WhD979bKSYu3Ez32HWu57eEMioU2LqyHfuuO8ynJtj7rVZ814/d09ff1Dlog7v3CO7hGIduw5+dATH6pJiMiZ02q+dNPZatFMmVy5YPaE7btZt0XV8gtmT1SbxhMvbP3gk8PED2jBrLpbrl9Gmsatn1n+H798w6KfObVq8VyVHtQK8ODjH+052EJyF43iL312xcxp2jHod3x22b/ebScpLy04d8VUcn/sROcvf/d+PEHcofDZZ0y+9tJ5hYW5UwurEAsoKym4cq3hEfjOR4effdXe+bWyrPDrt6woKc5Vry9ev/ju325kZ5UwXHmB1se++9FRco4w0g/k/fLnlublat52N1w6u7g4V+V94HD7A3/cRjy0iopyv/75pVXl2s5q5y6vf/ODw/2Dej3XnQ9uv2Eh8Qg8crzr/se2xhNG4ebE8G03LJg2uUytBl+4du6//veHrryg1Su0PTJPtvTd9+i2gSGNp1p5brt+nppKvW+sL5naUHrwWNf6dw6rF0lyzYXTzlykvV+eevnAx9ubDUbY6fDntBiZRsaYrnWMWbS/ff2Jo6f6Jk/QnNfXrKh77f2TlJsZ6YW1McClq8iABz7e0epatmGZA7U/gxW1aqnW1k619t//5P5BzZJYrSdfvHrqtAatGk+ZUDilvvB4c9zs+eGKNRPKdTdEFR/taFv3xgkr12vPqlmzrHr5/IokdTQwmI59qlXe3dx23nKt+lWU5hYXxnp0jzprLKMS5OdFays15uoI54NtHZZFbr26gbzIdh/qfuzlk0nTXXlaQ8HnL29Qi2lybeGcKUWfHuwV2ZwN4C96YbpffPWDNvUi91eurlo2T60GsO7tZntnQTPn1gIZE0jtcmdRwOozjB1539/WZamx+0DfwtmawdcsKzu4rp/Dn82Aeec5ppPeSlAkyAuQRlrpTxKwqm1Ie2uEvLwawkaA/GCQIfKkxVTFZviCFFs2DITR4EdAPYGIgGddx4OHSUi8l7a0bHeUs6VaD7RE+ixmTia42vN04DkQI76eLJnIAGArhkV2NGZztNeGYpJh2n2QdFhmCOibBQKJwEYI1rYNxBFDjr7nj/5SUnQPwqi+9q8+qKGG65vB0XATtJUhf/RXimKaBAPyqEjicF4S8KcXE3iFI0dh+7NyU6gGipA+DSSSiMOA9ww+wr1Ze2RakAoE4dw4ISUNRXM5BUURT1ZAKmytKC/r+uVfbv7Ehxtw7jw4aY0J9IamAM+84MdIQmdfHhJ8PBuuZMUSkhk+3movouh1w8MpMC34VgCULgcJeq9apv82F3SvQBlWEvKlyp6bEqWGdCbc1c7B9JBLkUsI0/1pc5DrRVQqzd9ez3J6IgOlBmuQwu/KrY3PSbhijpx0j0BVXd1lVdsg0HAE1HwEFfNLiPyPzXTYHTQAABAASURBVEes7yNozSkC4o+XQK6DDr03yDSCKJxGlR8GSI9jvCPGKoY9Q8MvcNyVGQ0Yh3UyfEh8g4xZhJqR0WKV8V+nI2g8g/EwGnteHNi9Rpn1CBznsD3jMF3gOGDhZ5EFDxmvRdjxZ2wDp00wxlFdWb7yTGNXuV/e/4ffProuYS4dq/PL615884c/+bU+W4Fmz5o6Z+ZUec7xePxv/v4nlkegiqfWvfbhx8YuUGcsss6XDG0Q9tJr71oegUg/tvUf//Ueonw0Fps/Rzt+lKz3Xn35ecX6LoaHj5744U8fHKJ89eLxxI9/8fsTJ1uQvg3YVZetkZSurtm/9Op7lkegocD/u1f/xSqK5agKTLOirr5sTVGRocC//9dDDgUSqgKPnLQUuHSVFaUqRvZja5w04cI1y0lgWWnx566/mNzf++DTg0NDSArgkZHrrjqf3D/21Cu0R6CKXz/07AuvvsdNGI1Eb7ruInL/Hz/7/UebP6Vjt+zY+5NfPkruLz7/zIhgr54f3f2w5RGoYuvO/ff91ijT2uoKmvKu268lB1a+8Mr7xCPQQmtb9z/+2wNkx77GSXWT6qvdggrz89WJt1///vn/8x8PvvzGhwcOHieziGVlxbU1lUjb5rD7lw88Q++K9+new+tefIfcrzlnMeIjWH1evXJRTbW2AWF8KPnP//FbyyMQ6Zu93X3fU08/b0i89vJz8nJzuEz+87+fMD0CNWzbdfDBR4zzvmvt44CFit3x+UuIf2RTS8f/+pffmB6BGtrau//xh7/bs1/btE+tGF+59XIBD9lcX3nRikLdi+7o0ZYf//Jp0yNQQzye/Pm9606d0vY1jOXGLr9gKZfD8eOt//azJ4lHINK3cvz5/c+1dxgnfa86c56uDhi/j/fRFK64cBnxyDxyvOUn9zw3pPtDganP3b9+8WST5mSTkxu7jKcP8Qh8672d//NfH3nulU079xyh2zJCxsYv23Ye+Y9frBsciltTKVt2HP6Xnz6pO+FBRWnRiiXTDd2oeUyVuZqFB//w9r/9fN3rG3YcPNKsOPbycWTpnBXG9pwvvL71VFMnHd3U0vWzXxsbBC5bPNUKv+z8hYVFmv7Hjrf97NevmnscatwSSeUXD75xqqmL5P3S8xdaUT7A+PlXtz7z4icW8ZFj7T+9z+hDKsuLcmLRPQeafvnbtxKG/xzq7hn44S9eIe+daCSyaK69bVtZaUFtteYM1N7Z98Cj7yfU2mLOde890PzSG4Z347nLp7kWLw1T3v3gBs0jkBgN0I49p373pHFmdE1lEa34xatmkiQPP/2x7hFosEsm4b5HNxJvTlWf3Fz7m/rmaxYTp4G9B1p+9pt3TY9ADe9/cuSXD32A2F/zG7j1xiWk73r1nX3PvvopHdXW2ffDX20grCZNKKHP87XYqHXqpbf26R6BBtsjJ7t/8ZDhsVdRnp8Ti+w72H7vHzZbe7b19g79+IGNcf1RNfKC2TUWu4vObSws1Jr/0ZPd//3w5qGEpQyoreG+x7Y1tfYh7YT6yNqzJyEeTjT3/Py3n+jHBBuV5/4/bu/sMjZePXNxLTuD6Com/dY6N9YKB+RMI1jmcJCt33CU3Jy5uMYpxCDLzYtOqS/SBcIr755wVWrgM3ZJPdHS94uH9wwOGq1GrSe/eepAZ4/x/l0+v0JRkklFrbGQnxc9Y65xavAfXz6y7o3jdK5f/6BJPztYcz915lpfDdK9VE+0GNvgnbeiyl71MZaMYNXSSr2fgSOn+qwdMkqKotXlWuvu6B565IUTusehcR041vfaRuJeDGcuLKWWkcCZV3BeDmt6hshAZk2EFBuodW+ifvpwMqFs3t1jRb/5sXHY9ORazelYgr9UbMDJ/GDUrrQBkoPEZXh5jWKPwFQp+QSWDylQDmj+aYHP0FyGBYvKsiqSBCBXqwFOCADidHGc5g/C43dFUhzJeTpQIsHN2UlpZJ63LQ0gLk/r0cvd0Mv+MgD2Xlg73FF0ETv1x8jVByKbGNvhYKelxGgeeopZH/UbjaHeIROvHDD3/kFJ3WlJ2xZILyXjXtFOFVT0Uk+SixwjSLwEyO5BikpGSoQk1HaBUskS+r/OS9EuXbJ1JY3L4G+yNWSRSzEvio8dawgC9koAJ9ARZXBA5Erol3YP5BLw0WQhQy64cmdeuh2s3Dny6OTspKHSmhfwLtaG1CMojBnZS/G+EmKdE46LoeTy4SuQ8EyV8I/iseWVgvvyqBVmHnVByLjY5MYF1mVXAIeJlAStMDJutCQi8yLupchenhVesuhNbnxlOPWQx0ThXTpzYiU911oFdvYndhv3zianSjBXUu5KiK9kkItHn/SzM5C8BBItVti7PouulMXJNCKhxPRyKiXdM9fGlTYHJHNpfLQvdlC/n83XiuPy1TM1ha1XmKuncnRr+nskaXcO+tggof08gHRN2k8P9KGCopifwwoYewQq5ojR4d8J9njGOcBxjWGov2N3VUNycJgSdbrphke3cDFiWkDQmHQ1Hd6ckm8vNFYBgewFqSVLGSNg1/Ht3pkSxp1Fxk2G/DIyvp0CxxGyHmGnGWzfqmzRjyOMipIcXzVqxLKCx3/L/NIXryUn+e3ctf+TrZ+6CQ4cOvbGho8sYiSNPzy5fmgozgQ+8tgL5FupWHeJMxHCcKy3r++pda8zgX0DA1t2EM8JNGVKvRV+6QUrkX4q7i/vf5zL7Z7fGBt3XXL+WcR7wxc9vX1PPfeGW4Gt2/caCjTazi6XrD3LUODXf+Ryu+fBp8jNxWttBbp7+x969Hlyf/3Va6sqNX+v733j8+T4VLX4tn+6X4+07elZhflmX7liQZ5+EnF3b+8b73ziJlj34oaBwUF3+A1XryE7rm3ZvvfwsSY3wYFDJw4c0tzLVLKrL1/lJtixa//BwyeZwK0793d19+h5wRNqK0ngtCkTJ9drezV1dfc+99K7blbxeOL5V94n91+86TLEwx+feWPT5t1M4KK508nN8y9zfB9feWsT8TSrripDYeCGK1cbyjz7Vktbl5vg1bc2NemHJke144AvdBPs2n340GF6mzStWLfvOtzdrbny6EarEMtHE+sq5s7SfH3Uhnn3fc8mXKffquH3/OZ5El5XU37GoukoDVy4RnOmVKc67/3dS1yCXz9suK9dsHqRu+Wpytz7u/XuVM+uNzyianQnSHV9LqFqTHY8dVNTFf+C1Zq7mzope9/vXkU8/ObR1wzKVQu4XcHuvSeeen4jEkNV5LePv+XWoKOz7/UNxJUTrrqE7wH51IubNu845LHubj1GI8a3Xm+v+xhNOH6qo7dPa7PVlCfc2nPnIr0Xuv/Rt7nMH3zMaFnnnTsH87fOYhXr6e5/bcOnDJ/mlq5jJ4wzrNV174f++AGTSi2pjZ8cIvf1deVW+LyZxn6lL7+5y63fm+/vIz7fVZX028TGp/tPHT7WQacDbcfBU93dmonUplFbZbncAbFMX9+QSsCIUpNt3Wl4t09pMNTLzY1MmaS1LLUyP/oss4WnZpZDxzr2H2xDLr/AxoayhrpSpHtDvrxhHx1FEE8kX3uH9OToxivmuTvq7p6hN94/xMz4N7X2HTtlbMamLj08/OwOhm0yoXy09SR5pn0N16yYhDRfA+V3T7NJiJPGw88axj93+UTscuZWm+RDT+1y+1289LahYXVFAa0nD4y/iOikS8MRwgx3e5lo6Q4d6+nu1TzzCvNjs6eVOpZD9GWVi8+ZQHKx/2h3PK7wBTGp7CfLC0R5ZN0hIwCsZRpY/67x/qoqz02qPVBcXTGCy86t03fsg6a2/m17OlmJgA4e7Tl4tJfNDGWPDR8TL1U0f0YJSwBo0exSosJbH7ZaEbOnGC39jY9aHXrq13tbOoiHcUVpLqOMudzkLixg5Np+nEb2ETiCgE3KFho31Fn0OrNVS0pJke071g+UN1V7d6KzWxtk4gg+e3EpKxxo1ytwiQOPSx6+rPyuNJPzGIagVSoacs0jMFoQKXaZctj5c6DS2peQ3voHANH0ItAaiuobYmkA8aTTYYZwXrtAZrugw5ykTl9CNi1isgUcKaw9KAI7ikno7LhtAiZ3HO9Nq6g4YYjJJp2W09PY+bNqhystpQ1zwwGwWabUBMyE63L1V6RxNiBYO/ropNoaP4Kk7v2t+wRongAKViw3IDA953S/QMvFh8Tqfm+W95tCLtM3jYVC/md8gIDv9GYYjHFxMxkh+rJqMIeD87KjbJWMS6HlUIxZPkYpKlZvovDyaSuMvC66cYEnH5cFhDnlmtGHG5LgBmxOFfGVNPPOLdmkINyIAu9L8bt8lGQC3Bz8koMwud4QmFpJW4940dlunWbzSXpmJ2na08cmiGkW3MunQprZU2Qu04vI5yKOgJSVwOwK+Dx9KgCnIikBL7ZWS1Y5kQcbt9QUJPLyBNu1ETndfHlej36C2OrHXElJO3AvCP1SzH/NGok4VxLxw81Lor4NR3akG4hRaflOrv6lgLzrEu2zy+3N6M4qab2+E3oWiIeuPgDQLz0QtEDNNVAdGhD396Q57NE3PCVDKsUIMEcrwBnFmKMV5D2goYnHDmBsqZsaYDjzGZaYVPmAVNDYA/tlNDoxRk09UmqP/77ntAZnJmRswj8HMP6cAvH4cKQaNRkYJ/Yc3cCubQHpP6cRsL6VPwqGzFZOHHZxZBtSiBgRY6of6up6Ln+jqfGFibXaJmrqxMX9v31CRPPYUy8l4to+SaWlxUgO6lTIhvc+dof3Dw4OxbUF+2gshkLFlm17eMGw/wDZNwhNqKsilamutioaJUclnmrvpI+0s8dTJ5tau7u1RfpYTqy2utLNlqOA6fzHYP9BSgEddTWVJPtHj5/q6OzhMtQU6NEViDkU2Pjxzp27NH+RSCTyvW/cfO2V59Xo++f19fXf/9AzPPmBG9DURsN7cv2rH4jGmOtf53hBTZ9m7CP1x2dfRwK8+a7hPTN/9jR37Ktvb+Kmamo2NwSaVEtuFs43km94f6uDVPNuSSqaNxi8+qbBrY7nFdfU0v6m6zReFQ311WTGfteew4gH4hBZUsT3Q+JDMNFTXlYS00/t7OrufWfjNlHa+39vHLQ9pbHOHf/a25xcqMXe1Gp4n0xqqEFiLDItuWXbfm2/PXatVsNQPPHaW5tN+qkoABzs6mrKSdM7eryls6uPS3mquaOnRzsIUm16NZrnpYNDe0dve2evW8yuPUYrKy0tRMbCnz47zIpwTKTWVpfHtKNp4djxts7uXpZM/3uqubNHd7OLxaI1VSWMPolE8r7fv8rwZvD2+7uIS6VrKRy99MaWIT2qWN9xkJHf1NK14QPWUVv00bdp6wFyc+naRdEIduvz43vX/+S+l//9Fy8SLmpeSFkcP9HR1d3v4qclbmrt6u2h8+6tgha1fc8JhDgOByeaDIfXppbu/v4hY2mWwoHDZOsy3W3RtFR9bRlZN9tzsNmWTrkbDA5qL6aiwnxTloO6lMpiAAAQAElEQVTnW+/vZ7XVp9hb2o2ynjSxzFIyNyemxql6uibVQde/20xSTuImTTC8Aw8eaevRvNA4Znn8hW2GVIrb3BlGe9y4+ShivRZMzT80Oh/TidPBfNfeFrcbhHqdajI2UWtq7e0fjNNRhqpHO8hzZUU+WSSvqczXmwA63tTb1TNoJnAo3Nza19urH9UdiVaV5zmPNISOrqHO7kFku7oYE9t7DxM3UCgtykGOJFyAZ5TomZ/k7U2GW+eFK+vdZGfMMzaOfeHNo8BWD9ED0D0HaNvvxc1NAcHyCFGx/4hRT0qKYuaqKkyoIfUTPfPGcacPC1gZf+KVY86aQF9o577uuO7iXJAXa6groGlqKvOKC7ThxFBc2X+0l9RwVUpdVR5R4MDRPhdPrbgGdIfIwgJrJAZ2r2cHOFMJLBUM4BcKAM7AM+aWkNvXPuygFNLINu4w6vzyecVObuAp11d/kM0jQABioaA07Mmys5phGMykdQPfYvWXxWdLFzcE5yCOsl9Rdj7BFCWVb6DYsGw9QwRkYHvrAdsJMBWfVdy6B173QhOb709uLHmyWQEjCFzEnHtGhJ07rinA2zggJuTalV8o7kRcseAk1CxgnSDsyIt9ZLrl9qdBd1029wjUjwS2ju00XekUwxNICzOdkEjR6z5JxJVA/7WDylnBiHIHdLpf6LEaAbkxPTz0C8gOfJY7CL1bEuO4ZEc5PUWsiw00d0XiMqf2ZHJwTjr3CHSyEupmOjnp0gmBbQGnekYSUHx2eDIVc+SRu8+iuTOivREUc4FoCz0nN0oQYxYntwR472OHeJe9bV6Cp5JYeZQQCqJ3uuIJFW+7xdlJy9wSMkGXu1ENfHbncm8S5lsQtDcbSWs1MZ/K7+kOyFQhbm13XR45goSiX4ICEu2ClpTYX82loW1GQQsFmSvhmf2kZ9EYiilSgpI+ZS0U4cFQJCWpBMqLV+nI6JxIMW3K29qRNo7S2BJPSVW0lF9d0ntfTMqDU5aDVRnS8PbzU4arkr3XKbXpKSTI21n3rTTqgLF5p+nJauwRqL3/k+Rr0RglKfqegWQKSyGjB8XaJtA+Oxi4AyrwHOWMMaiZjWB1wjuCncczZwapCUhZLXA9QrCBbuYASKIWpaqDYzidaUh+dIQpjnxLjtbWF7ZeMC46mlABzCyq73fpaAFQ/w6XwGzlGUaEvPSeRZjIeg+dljhtPQJHdZ6zjVEaeFTbiowv0lJR275/CMiJ3uN4uBKNRmO5uerQtbevr7evX0Smzk6cbGqd1FCHMa6fWHP8RLMv56FEXBTV09OfV5mHwsbJUy3c8GMnjS3rYpGo7pGMZk6bTEL27D3kwfBUc2tJieaQUV1VrmbfFQ9MHTt1qpWvgGmumLmV18zphgK79x32YtjUVlKsK1DpUOAXv37y//5/3yosyK+sKLvkgrOR/u35s189pijCqhqoMVi78e0z/CnBzWDXpwevuWw1E1hZobkNJRLJVt6OdwSf7j5IbgoMLygH8/0HjrlSaAQtbZ0zp2seh2QnQhVkm0AVm53OoOqHWCKhYKxe6kxacnAwnpeXQ5yfGOw7eBzx8MgTr6qX+aTpVlFRWlNVFo1E+oeGurp6iYOXZx8o2wXNmm74X5pb/bGmJs8nTrYlE8loLFrK80Tcf+gEE0JYtLZ1zpg6Qb3JsR1wOUXZaLoMbt5xkEdkPH20Ze8lFyxTbybUVHD5CAId4dOnTCABew+c8KBsauksLtYcX6oqS0610Du9ofbOHl5C1Nc/qPbZ+sShdGUHVR+jFu09eBJxVdHR1NJRXKRpXlVReqq5k34ndHX3x7UTvRmpDlPs+PSoFcLYSG25HZ29tVXaPlhlpYWMo+TBI80CxTnYe/CUWjNjsWhFWdE//fVnt+w4smnrwT0HTimmA0Fnp9rJxxXzdPhpkw3XqH2H+HWPhDS1dk8r1lyaKiuLmlq7uBmkNTpyrI3KHbGLRnyq2XIK7GJEkLvjJw0f1hjVWv/4wmb1Mp/0xlhWWFVRGIlEB+Px7u4B87B74OmCDh1tY6QQtVrbe6c1ai7asRi2Yv+//3hJ/ZvUD9hVg/JyItWVRaXF+UNxpa9/KG7ajXiRIsqh0PB3JDOBjooA7Z19yYQSjUV0YxhK1NeWkuhtu5sN9cjeQlQFUdUYHErm5apJI5QZTSOfoCUiK3dNbYazY1Nrny4PmF/gnDC9BnN0R0DQNj40djw9cLjDluCqqi3tfUVFZbr98042d9PK6B6B5owXJbF/QF31hAjWdyLWlUH2ZpPWZLPlwoItzwuDDGg/C4dm5mSrnnNsTaNbzNH7nzRdcm6DaroJ1QVlJTn6ZnIGh6XzqkneWzsGmtsHWX3s1RR39QbbsQOjzh73CEcrx/7+pPoi1rohikFxUYxoffREn8HOtIZJBd298XhSIboZJessuz0He+fP0GrOecurf7fuCDJNdv4KoyHv2NdtWVWNXPfmqXVvncKU3UqLcypL1fqLB+JKT29SrZkoN4qZ7DO5tgMwbwHDFUDNg4LDe9QoaKOiA5oyIX/yxHxHctNk6qsWUOS9LaRDgIba3MI8rU9QTdTcRm9RrKn04fbOC88sVw1eUhSrKo+1dAhHnlThcrPjfn1JDf+NsgrjWyG8DyuXf6cnnTcJShfyOvjK8l2cAu+0IJZtQOtQQGA6QLKrS+CKEZCBtzbASc3LB0kLnhLFdnZIcSkBYtFAM3eNG0Wp3BSiVAJCy2fSldbDMxVE3NzJjLcVE2UNFcD0A9R7OP2dZ7/fFWvWQA8gL291cR9HbKqIuvav1zMcxdpWQFj37sLGmje28oJtl0Q2P4S5K1iQd16kR4MBD3phIN/yCLwDxFrQSqgmhgg2NlfzTOWnCvirxESBOIof5GETT0FCIhkd9FrIOt1yy9GO8ulMPZSlycRR6S2Je+ngq5/WBElLVEC8d5akfiAhODgrr3SSoT4FaN9GsLFjohR82qTHc3AE5RDEXlYkYNJbAlIk03hHS9ldOiYMM4r4Yt3NTN/VUkSSvpB0SULJvtnZKBGIIsPlbriV4QyrQLFGRmbfQf3USi8WRR9HJI04Mv1g/DjE2h4Q7LeA0bPSr3UAKX1IAPahCZDB4YM2D4KwNgmjGSi0z6RRCOnX1PCVxYiVesYwHDkC6t/RhRB1Gn9VIyMA5u/YRrbQxzbGmVPg2B4NjDLtx5wx8RjsjzDnDo3vYa0M7AU8CbIxB3zal+84AJjVbyx2O1KYOnkimYRobev0zuapZs0pUL2ZPWOqjFMg2euLi6TmQ5MmwN0zHDvJ12pwYMgZgKea5whfvHblReefjQTA5lGh5JReXxw70cRXYJBRAE01zxG++PyzLzrvLCRSAFsKlNLhyWTy7nse//PvftEKeXPDpsPHGK8mUpSpdEMV5caWYMdOcPwsgRNlyCrI19b4Y7HoT/7lzxxpeFrk5+U6k2ueuHHX2bWEIO46h7q2xvBc/Kvv3cpLgk3vA/1fjHJzY0NDjop37LhXNZ4xreHKS1ZOa6yPxSIM4xAxbYpRE46ebBHR6HUdevr6y0qLo7FoQX5uP1Wl1fYbj3MalJr/oaGkYIbJkYfaGmMbxYOHuI56Bk41tWurlxib1QN4S8Dg7Rc4ZbLhhHfB6sVrVy8SiMJ2za8oYbJg+ptyBAF3HxrO+dl207D1WbVw7bkLkFghclNZwW6V2treLdDH1uTIiVannsQbyEjSrjsFIq03rtm8/RBNeexkO/ICm9lf/ObVr926Njc3R22DyxZPVS+kd4DNbT2f7Dj83kf7jOzoKRsbqsl6yfnnzDvvnLkiGXbey4tc0jll3aH5NdpRlkNb3Oz2u7Xt6Oi0xv2gUY2p+RNjYR5Pb6y6ZM28xkkVar4Y7Xj6mHURgOpPHNoOxRNc7fNyoqvPnXnmkslFhTlmxvkNHjTvWKOfbG7t5alhYHAoWWj0IUbJV5uHHX/3SysRH8TdDZF/c3Ii8YRC+cyhDu34Y8aGGq11GK6+cyGJAPrc50G6D9TLZtJE4+Wy5sxJq1c0UCo4v1eMRygvZR362zr76TblcPID1ktS3IHSpEzfQjNhaw44mFspYPue9iVzqtSwS1Y1PPbCASvV+Wcam62+9v4Ji4OLCTbzAfxPFUDtXQNM87MKyLlTl4b8HK0CDCUVqnpjojtYfnIIBgYSOUW5iKsMQm982EzODp7aUGivBWE00zom+MNmJon6z+T6grUrqhvqCmNRuiRSeI2RF5EcmWc0obn2gpqy4hwujT70wu9t7iSrXWtXGG7oH+/qcTNLJOHIqcEpun/hBSsq/vByk5wyVk6wmByCGMrfNJ7A5A0Wgl8gcbQF8N8yUFblNLPmxTCI44hHRkBKllQq0YZ2GfAI5PQ8vFTAENg3DkkctYEniBPrzJ0VDk5iEEWZbjfk/QaurQp9lfEpPuCNNZ1E/hxEaUVJdCiO1w01rrE3EMQmmRGmaB5s2HAG1M/q0ZwCMSZ+Gbprm6K7uWHdZQlFyOaB2H6bYcP1DZuuh7TW2PpjOz24diThlja/EoKvDSQj+M6kPuUialOcYH0EpO2cxJXjLYX966cV58k/CS8rcrpxQj0qLDcVMQ549igeXVKQFskHy89DD5+0nBjfIhfYxDihFwVv+MJ4kGIlJ0725RfIu9K1+bXmXIR5G+cLktN/5IhTAkiGeUeDFD3W+1Zw7UAdLnyrcYrRKadVXy7am0h3DBRQp2kI//YSAhMpFgYT/fWqb7Hnru3DoQz7erEH4ZY+xqjN3Ixae1KozpvUUkWrsAqY31zm/oFWD2/3acCVxtFKpG2grIWIAPz030uQ8ZRkihSVTS1Zmi9L+bgQEYqYVJhEo+pMBFYUYwdtf27DZJAw4BxpjCHFLYxojzD6BKYE90/MHH/HAKS/jzInJ4tAMGcOZDA+nAIDTZTiMVDX0p/5HcviUwE2rzHdj2C/2DFYMilgrBejF06bQjwtgHGwGbmxBX2bAvXvQP+gN2Gv6eRXUhLk1NRhhPxO7Xl59lI0lliDjeAIkoB8Lcmz/eHkFIiwCvT09hEPLfJ48PAJFB4scR6TyEmF471nbdLGZgpzpaTVS0ajEb4sRqhZKgUFeYxT4KmmNiTAnbddtXjBTOsxkVCGEnF1CkMVGotGyYG/Jve0clFSRA6C9HKiJbBcS4uKCvpZP1e3GtjPMcOOzs83amNXT58HR6QvXarzOTkx7+yDh19gbq79PSJT8y1XJIoL0AzdMhzJ/YonLyc1fWy0dfQ4hXOYxB3ubmShF5lrwFitXYQsJxZxZApQc3Onk5NLhDPDh442/+//ePL2m1ZPa6yx9tTMy8+dVF+pXldddMY7H+5b9/InRrhRFmBOuSJv8OwDnj43rF8gh8BaquAaX4+97aazFs6pt8JUc6n2VHlG1X45GsnJEX/hAjLcpjCrEnkCp6TaqqJv37Eqam4EqNb2RFJJxJNqIm1L3Si2NxzVU1q9MrA6bdS/AQAAEABJREFUA7Vyr/lwq2VrRyGsak5UkalySDsxNiceHwCHAxyVI3vlC5xR1j/glETXMcjNiVrPrn6bo16E9txjbpC55SGrDDLNjSnjIJc+YNZv7FzPM8sRWa3HiiLuT/S8m8HjxbePLp5TqbKaO6McG+McPKGmQHdqhMG4sm13G3J9iIDt2+f0BXFBezc6ahe3PzLCiGGTSWcBgV0vSVcwlOBuZGJIaW4b6OmLFxeqHTBeNLts626tc5g3vYRsLtjRNdTVE2cS33TZpLnTrFO/UTypxJOgtx2t+eREI5Se7ht3bwrmupTVuMwYx2IUOLUAgyG1vSPi2tQJkiCK0ZQJxnHJ5ywuO3txqZsyJ2K0ghmTCrBjJIgF7w4+ASGi43yAhQ/BYRoL0uTDZjqlz5dU0lhJmX5VNplUPMhzoG2A5OFwIQFX98CTC7xAUQhtHZEvF4j42O2L+h84HAz+SBRlh1FuLmzBgWday1TOygZOHd0cAAlyjVy5cRoL8VRAXsXr6QPCZpp+LSJX/2u9S4F+NSjWSjV53ynGSxObGzeqq596bMQgxUn9/RfROUFE32TQfBOolBFLkOZVaO5HCPQ711XNseNdxckhEtoHIWeeXbfeFYgyHXA5iwuGrWAUQ+stQTEy/wBWQI4VxZDVCnlahptl8CfhvAC824/QwQHL9HLMXzKEB5Dv7rG70YtkuYP8pXi8xrzbLPKur47C9mz4WJ23wcbJm17MBE+iIH8+KFRWaZEhs8uK6ANWXzcp/zohShkwXl5/P8hUJKMfRXIjATFNilPB6WQW0khNPhkj+tHzSkps0iwmCKmcg3DBeq4VBbkHV+FVOnHf7u4KgI0yFFGM3onsDWgNw4D8cgzA+Bmg/p1pby5o/njI6gixVz5BLgujH84RmXSSUYlRoNiIqaDOhMQ0p8BIHOK+b98shhmBy2BYC21M15AxpXzYynosEowepD3vNmYwDpwCx0lhjZpsnD6VfwQhmNTKwgTODgPHMDJXejDq2kmAvIKZYFiRm5uzauVS9ebw4RP7Dh4RkRWXGDvKWFuLtbYaR3NWVpR5Z7PO3Jjt8JEw/c8oBC/3ACkcpMeONy9bPE+9eeb5N1545R0eveV/EICtLEBXYAlR4M0XX32XI9qPxZ9+6/O0A8dtn7ti955DXb19blLv/a64NbatvausVPMkmFBbddw4lJnNaXVVuTvzQ0NxtSqq//75//wpR1SozaK9o7tcV/J//vOvOrUjZZkXLiYbPSr2koCs+OuuXE08ApMKbHhv84uvbux2euz94w++WlZaJMHJv3ocOdG8eOEM9aa+rso7VUlxIZkMbGntRL7wLnMnVEuW6p6+kxtqDhw6aa1J2e49ukp5uTnEEbO7V+C/6G9mOHGqbekiLb/Pvbxx/eufEH8ZJMyAm7s7kONh5AgW6qMRHT/VfsbCaZo+r3z08pubudQOdzlfk7Iaac+V5cWU7yAVof9fbJyjjVrbeCcjg8/mUbRzMNK2gov/6qHXkVajKhbMqZ82pXbShIqCAk1EJILPWzk7mUwSv0A170sWaOeYv/Dq5lc37HLljhEqGsO6iwDEUR5pgccEX3nRQuIRmEwq7206+OqGT3t6B2lFfvAnl5WW5DOpxFI4GhDk5cW+efu5sVhUnYw/1dz10pu7t+9uopjhJXMnfOH6ZTTPE03d+mtEfXsWCGRowfn5zHZo0NnVX1qqJfmXn7/R1TPAvmww3/JOE4GZL7DJgCPdvAVXtTRwqrln0Zwa9fnlDQdef/8IZoQ6lME5MQ0uJsARCo7TY1m9kFhVthStKDC7Incq91om9PbFjzX1TaotiuHIqmV1b32k9mxw2epJJPqjbc2OFBQDKojmJ2qG9PZRmGcRjY/6KolGcG5OxFFeTNlhKCqMUcXqpNSDP9nVsXqZdtr7ysUVW3drg7dzzzAGZh9ua6dWgzRdL15ZSzwC1Zfgh9s73vqopW8gSbfjP7ttRrEhkZ8zd1cWi2J+FoXJgMNW//9Xjx+xvRIRnQjHdNd7Qr1iQZn1+4GcGBa0ZSMwFo0snVOyaVe3U7q1fwa4UgFPAQGBGyBNKQvMcf0NDKAu5KUYeDNJUbbwySeNpESp7IAMPS/ecMRCDl9jBx2IEwsD7bRixcSpzEeXZEkCd7cEFgFvbxkrxP3GsQSBkxLxRVCpQKgMA0B+FE6GwnhugbE8PHhjiwbziPUjgIl7P7bJrDOFESa+gTqR7hKoL+XrSTBZ+MfaOfMRcnqg7hSAyXZB+rgYGe8TnSlwXlDUC9IrK+6sceqOf1m4AsCLOUslWQQclzZMvuXMo4PBv9UgUScEQnpOKpCqhh59kUfO/eq1kAqEz7oXnOkSCGl17P57R6bOgVNDeATIi8i3olMdjvEftyxk+XimkKh+QgrZFitNyfcI1WsD2YoMHGEhS/dKJM0iiCz/vsUiBGOMzfmti6SslFJZ8v1iU63sPtHY2H9OgRQqahqiUyjF9OKpjhBHyInhcvti8pilSAW87hl48UC2rSQV0qiVSDEo6N0sHR6BRk0R/yxW9GYEfvzIInPKBOxbUxSBUWoA7q0jyP+3PBkvS28tQ+APSObnCyHIBqmgUMDxzoWMl1QwhNVph5Nw1AkRy4a0XMpHVR3wh6e6gTs+jwSSx2LgoPEBdYyqX+HRqJoqiqJCLpwFEGrKkl0kwuZlxWNkb76A9XVZ9T8y/xnRV3Ai2mOEbIgb0X/RpF3ajUYdARzVA6M6vUoZ1ZNrgVi7V2dmI6A+RqxU6r9R0GIjRhKNA1b5jGmnwFRfvKMG2Od5mDHm7TlGwFtcle7+xnkhWb3lGHtRZjFsAO7C7/ArMFbq6dLFc2+6/jL1pqm59e//789FZJPrJ5Cbk03GWaVtHZ2gKOqgoay82FtEdbVxxuievYeRDIyZrkBFF4jenOYLQI/IuOzg4WPkeca0yR4J8nJzJ9Vrp4seOnoyITzyWHa6FlELRwcOHSOhM6c1vCigJAo01GseAIePnEwk7Z35bv/8lcRpr6m5ra9/YGpjfSQW/d43v/CP/3avwH6+tdhh+VPNbdOmaOdITpsy0XQKZDFz+iQ3k66e3urK8tzcnJxYLC4+JHpCTWVBYV5Pd39zW4dTB28NHX9PnGqd1qh5C82bPeW9jdvNCNunhSwjlZUVVVaUJBPJw0f9z7wmOGuZ5umjpv3JLx87cPC4g62O/NxcauIJsIvAqbZX1IGDxqHPE+oqPVKBedry0GAcyQFjb/F2zPGTbVMma0dqTm2s050CwXLrobth66TdFuMAX+THmIODh0+RG/3c5E8AWYfoOpCXG5s4QTPI0eMtiYT33C4nvYitO+3Bw02mPnVibpCXm1OvF9DRE610S3SSaTAPOHHM1U5uqOJuKEj0LC8z9l41Txl2NQTnhmRuAm3hmar5hPHxU+3qhZDaNLSTf2+/ac2kei0La86erTsFwuFjxqHGU6fUoA07Hd0ppX5uTnRiXYWe9/ZkUgE2Hnl2xWa/J5xSoSobb5Jw+aLJ+twa/PK3bx080uaeRTD3O6RLzsOA7igyOYkXzKrL1XcAPXq8478e2EARkPYNJcX5TMpjJwz33AnVJTRrWk5uXiQnhznyGJ1q7Z08STPprOlVH205hgTql5bkV5TmJRTl2MkeJsrWHmHHPfACKRu4cfi40Zyn1JepddDV9RgiVeNMqCmO5eQ0tQ6Iu3anlkCrAdRriPaxEEaZz3SU1e1anS44JdKbDcLL7xz50vVz1IeVZ9S89eGJvLzY1IZilUZB8Op7J/iK85z/wDYFU8+p2ms9Ync06htIlBTmxLSpp0gyqTgjkVV2uVHrmGnaHHbu3t7UsuqManVmZ0JVfk6O5mVSX1OgRigKvL+t1c68vt/cojmlOi944OnDR0/2UZkxLKk7KRpmoyqfpkwsR6ehM6uZBaorc9yGQbZ96KJztgQEDH3/oNLPbF1jfirHYpBrbJuKzlxg7HR4omUgnhT0ImpjKYyVl2i6nb2wdNOuLoajAM7KDu5+DeT4IORH6f8uomXilJLSTOxb8KUCd6oQIM1Ndrkd/J5T0p+TyvYFcwpxBdDhvEAJvyLG9uCjn3nwnDM51T+xHMD1ZOSCEgwsuZiPjwjSeQJn50FjHxy7UwMBD/naIBpS+PkCAvIvDtf5AKSHNPtXx8va7jwxkJ5V/5WGduYv2GkxmMbRvAQt3hGFbAgE9KtNj7Z+zUQtLPCVNXONJbIJPFYig3FZeASkQs97YOuGtsyhnb5sejWx9V8skXPrUTscQVigjPsBPHXA3FiP3PqCMjNhbvwoSF9o95oTYZq+iEIMmeMbffg7qzSHQBwCEsFO6KMLamEeC2VKmB1JZN4i9A4FLzIZVlwy4LVfpFcPve8ClIqbFMMMSavES+p+8gv2jZNKBYYB/F4vqQnyTOvD0vd9l6pKRq2OGFt0By761E0BDgXShH+bc70W9R34QHHuoJe+JhYnEHbeDKH5j3FjjSutegjUnn/kfY+tVGDuNWwSOF0DTdH6e98e8jgGaDzlHBNTSBbhWS9FfnZ+Jan1f4J+OsmpBT7PacoCf6qwi0MMSDnSM1kK37RhIVO2A8mwUYq0VM14PjMtAHtH6j5c5gnmErUXOyfPQqntAfYAH8PAnDsUwHlGgp7DGBuIaPv6CygRp+Sx9T/HKRAwNZNsOAUSYeQREy9ArTe0nAKxcW/+q7v9kccINpJg0FVF5r/EpxAMMkcUqbcGW7sW4/FxfPC4wAi+CbMYPvB6s2zRn04Y+dImwwfsS5S6ptToaDiGhJkyqY+hMlySjoxJlRkX27bvJTdVFWUeZJMa6ohEdYnYkt3XP1BUVJiXm7d4wazN23ZzE06sq66qKldvkvFk38CAm4BfQKEUmzmuIlvQpS1AG5AdPHSC3E3VPJOE+Oy1F5179hKV7slnX1v/+vsoXdhzZUQBFVOm1Hsk+My1F2gKIFWB119+4wMSuGDu9LOWL1RvkonkT37x8OBg4p//1zdzcnNqayuvvfK8p597kzGJddpjLEd2KHj4yMmVKxapN5dccPaGD7Zyaa64+BzkavktrR3VlVo9WbliwVvvbWbT6NTRaPRvvn9HJIIHB4f+4n/9F0oVR482oTO1m2VLZr+rOQVqYEbx6lD5e9+4qbpSaxR/93/u6erq9WWrKlZcpDlpdXR1mx6BiKlpalU0whAjzyag6iqvlpp14YB57vPUxomFhfl9fQPcVBevXU42Pmxr75JubE53B+AuKmpBBw+fPOdMzQ9yzcpFr7212cENyEKQhssvXkGSHTvW4mTi1gV4X1AaDh0xXDOnTqo10xuLqDSuu3LlyhWaN88zL7z/2tv8GujOCBukM0bUmai5ObGhuMOh6fBRwylwSkONB7frrjhr5bLZ6s0zL334+oZtQXudC1Yt3Lz9EDequqq0TN+mMZ5IJhJJMQ+fvi4nJ/qX374mFkWbdxx56oWPmDwCNT8AABAASURBVLdJW0fvf/7qhX/4y8+UFBVEo5HKyqLW1p5DRw2nwCn1VWY5u6eM8bWXLj1r2XT1bt36T954b49YPfejaHgAflkzCNQqX1So+cJ2dvdrHoEOYkNEbq59mDU4vKyCYe4Mo0Kuf4v/EmxsYN+tR08aPs0zplbl5kaGhjjrLjdcsoB6MrQ6drJrhdavo8VzJny05ZhpLFbnr31heWW5Vjf+78/f7O51nhgOQKVy5ppUffMO0XNTwFmfO3LS8KCaNLGUeHVQjd4ulyvXTl+xeKI6o/DKe0fe+uCILQ5JzW87p+ltb8Fc1mOSrQyUHkxOsVdPqDtiHDjS3dufKCqIFRfkTJtcPH9GBZm72X+4Kx639sxzLf8D54Bjl9sccv6L7GoJDlXJc0d3vKRQfWvA2jNrXnn3lB1pp4Vzl1ZbW+IZK3mEgppyGhpKnmztn1hdqHZq5y6pSiq6NzCgo0391NnEQN5FRfnaG7+rN3HkRB9yTGoZ6ukb71FaaifIJ4n5yopykdsGCE+uK3CEeB8pTo4v01lrTn6cssVsUvuP9m9lWaysWHvbDiWS9zxxzLQVBwV5kT+/bYpqlqry3JKCaHdfkuboKixksgKeAsiHzB3vB5CioqjTgLmYaG7G4DmZLJN/Oak+z4ESs9EgRRaEPXgQG5tLgcw5bEwfyE3gtjG35wQXCfetaj+CmIPx6FMo9KYz4CIDZ67A6YzFNCgmV46tBCkHPuBYUpBbOloHRv5ulul7BHKbqWK+U4EdIxEHQOuVgw01gawLGS8urP1n+AUa5sCG92TEyJa2mRMZqdqOU6TzN95Gxhvf7oswYuoR+GXNM5BXkcA7CeLVWd8kHvIESXQLaLstAlKc+yT5iwNxlF+4VFSQLHsyctyCJ7UjFquDBv1sWDD2A/Pu7UFWF368X0edojG5BOD34MvQak4B7Cmkki1W8ImQk+jLjaUDD4HaXqQKUlIsHZCm9IdfHx8wTj4VUJ+N8llNTZZMjBUdtjIkqeNNDT5FH5p0/7dBYHYpMCGvXt83ha90CKqT+C3GGYlB0qQhvx7Qxxf2McHkCdF7nIPjxnjAJg0gCPQqScM/OE1AoG+hgJxTr3Zht30vUpCiAz82KUJOujxdShrIyklLiERQpkSNNoT/ig2TgQ98+gvBhnNYEIWtf1yhnACVg7poFY1EUQxw0oOtgA1rHIyD937JpKLvSzKy9Sxs6Z4NFHwoLWAOFZaXar7QVRMrStKx4wOznOgOxNQddgbrEwFWSQP5YY7+GUtitWfF9PlT9OT6Dn8Rxd41UBu0kh3+QPdWjBq/NcRkXcv4F5lzEyRWd/+LmEJMgQgRv0Hd0RBF0NgDNq8xDDYDI5YbPD7sqWOUZ0FQ5uPA8KHidLDHCOYRhmGMZrxnUOoIqGJmcyQanaTYawZRNoyM9fb3xxOaE1I0Frv68vO5NJMbJkxtbCAS9+w7ZIVveO8TcnPrzVeL+H/19hvJzbZde0U0GfqAHRgynCEaJ01EIWEoHm9q1hxiCgoKLrlgJY8E1Jn25UvnancKvPnOxyhUDKoKNGk+LoWqAmvP5tJoCpyhKwDw1rtGGRXm5991+3Xk/uEn1nd09fYPDv7qN0+SkIvXnjV18kRmNN3b209aa2V5KfKCnWzD+1viuk9bVWX5orkzqMls4+6cMxdW8Litf83wXLzuqjWiT58L1ywjrg87dx9EqcDQ4YNNO8j2jXNnTZ1QW8khxNoZx8QjsLOrp6urR6Y6RiKGF6XmNcKTe965S7DLCYdMxw0OGg5nkxtquWndYWoWjh3XfOyiUXzrZy/iporFoldedBa5f/nNTSJ+7m8i7NBR+GL4aPOehJ7ZyoqSs5bNYbnpf6c21k1r1PYZVRR4bcNm5AuBpbWm16Ltr1ZQkHvhmsUWNT0Bq5bAMv1IZTX0nQ92cjjLzfaQIExtrzipvsqlT4LoU1iQe8GqRVRVd+izdMFUQ5+NuwTSHNqBc0Z5Un3l5IYqF6GGL1x/Lrk7xO5k6ZIBXhP7akZKivJKiguXL5wqomnv6CUnsOXoJ8DGE4nmVu2cTbUs1p4z16G2aWT1C/IM/YhhNdW7H+1D7r7AQ2HEoQA+MfBoyW73Wi223SUB0aY998ypdj9DoljnBmqG1X26BxUb073TsG5JNqHuEDZrag0jo38gceyE5hcYjUSu15z/wJpiIFdZacHi+RPdmft4xzGy/+WsaVW1lUVcy1WVFxKPwK7ugW7txGS+ve1/mFBbF04COkLt6FraNaexgvzYmjMnmy5FVremEap94sI5NWSzkQ+3NnEUYX1onPHAVpw+s6usrSygjAoUDeREIyuXTKiuyHfpQ5GxQh1RoG2td5IEXbJq8pJ51YTo+TePULrQCZ0GdGWTrV4ebkO0pgg+3tFGcrFySXU0SsWaxaTW4vPOrOWld/goqdc7nxi+vMvmlS+fb+zf/NbGZqdIiJAfkSLQ245pYsrIZy4sx443mXZ19QwRouJCbRaU0VKdYFqxoMxpKOAZy07VP0iko5qKHNN+rkJ0mcPaEe38ZSSDsHN/jziJhv5BpbndGCuet7wcSQH4JZ0iGXKpJ4wIckHQy6hSxpqiDHGgDAoynQorDjHHApCOeiCsY14mt4RJ0lv2RDzDIhnpjrQgozNykSFuEVDF7VQPkIuYV4JEO5ofE4U4KexUVn0UlQzV9fOKz77n6OtUkaOKQ5ZYjtsCGHE6N2tLNmMTMkQsim3jK8YL1NiZSbFriL53kX5usGIQYH2mXvPnMjkpxmVnU+0+k4CSukuPQijMOmKE6RvoGbBKmgGRT1+K85GJNsi1fxT6MuOTinE5o9TPA9elq01oHEksNbSLm4RchIxAo0wCl4MdmCSXIcvF1uRs2ZqYTMSNMZrrzoYdafEG4cUphqSXXOtyytSFATZqnB7LTaUbXxEazS1XcSfX7QkeNJ78k64K4yIQKGPmmzGCAnyQAiBlyreYo1Zz+AjLzIuMX3aOHFEVz/81DtxGyrlM5uC+DFY6G/Ko8Foo0zocrU/vebwpuZdvBQO64otrheKbcbm6ZPQbVjcyHJe4tutI+ikDKeWdbaeIz8pXf6la55nxNDiQC1K6FDAswDbMgBe/c9FfwoLLHIYo1rvZvOwRCJBH8pM08pMp84xgIC9+Y6xlvLaRORrEjoESdQP6MANcAxnOAAf7EXGTyRPL8ct4mrB1ZngLHkLibw7sM5UDkIyUpcscwhaSEaXtugb82BBAu3DgVKB5FkWsy41oJCIIFl4Yp9CZjCJg18UnS3chHziCgyNtNdJH6qUM7os395TqxR09y4Ae1SsgC+/hhz8Z4sTa35/mgMUcgVijRTPGHjsZ41lzNEXGDwYnhVWZ/qvAWHQKHHfIuoWlDWz9N0aQ9Qg8fXGaFnrAccNoJ3d8RgdEEOlhDKo/3mx4z1xxyer5c2cwsVUVZd/5+hfI/clTzceP2+v6T657tbdX8wkoLir66z/7qrELmgn1I+KbX725fqK2XJ2MJ+777RNIDOCuxgTLHcujuZlsEIWuumy1MEUA5gbuecBwpLv6sjXTiK+kE3/6zVvycvPUm8PHTg4ODkmyldfhXtOTT80XOQaXofneN76Ql6cpcERVwPSM/O43bo7laAW0e++hdz/YQgJ3fHrwg4+0rfLU77Rv3fXZaDRKa3SyqQ30iQbNQ67KayNJC+qQct1LxgGad33p+rWrltIMr75s1S2fvYzwtNQl1+59Rw4e0XbXy8vN/fod17o5T22ccPXlRjmue/EdlAYGhxIvmj6I377rxqLCfOSsPfm5Od//9s3k/p0PtvG5uIoukUiSTf5UW7n23QRVyvVXrhFxaG5tJzdXXHy2vyQz7FcPPkuMuWDetM9dt5ahKC0t+sH3vxjVzlJEJ060fvTJbs/6ZkdhNhTsv44YzWvkD0+/SZ5vvuH8ZUtmMdxmTW/4zleM0nxjw5au7j4kBeCq+sDD68nNFRetsI4kRmRdXU/w7a9enavvcXX0WLNaygLOkoGaIZrbusntZRcuc5M98Mhr5ObyC5dOmVTjZvOtL1+ep5/dfPR469CQz8mpIn2+ecelkyYyrqvwmavPapys7VCofq39/ol3XH2l24BeXc2ppg6VoKAw76qLznBzyM2J1VaXkq/L9nbjONrfPGY088vWLmw03BYdK+ffuH1tbp7W4Rw73j4UT/rqEER/36xBMqHoFQAqK4rUiyEuLMi96sKFiCcWBBw9dD98tJ3En7dyhrupXH/ZwoICzsGpDz9jOMguXdhwy3VnmFFa7Jzp1X9+1xrtd36InjfU7oaGkq+/u58EfeVzywsLYgioZQUEObmRb91m+AF/aJwvjFz2BKph285ADg0BuQLNR7C8KNRcGMevX3Tu1MkTSuhUhMtXP7coX9+R8XhTbzzu2QS8OyfzOnbSaJIL51Q5CYxMVZTl/+DbK65cO/VPbl9y5flTGQsCawfgidHu3910MqFoJzPV1xSSE2lbOvpb2gdoTuCoLuDkQItgqhXYUeDhYaNhy6ftnd3aSzwajXz95lm5eRF6WiwnFvn652bmxdhjpinpNu9tezrUHKmhJUW5ZcVavzQYT+470kPRaPTJJAzFNbKK0lxyrq7BS58zy8+LXnwO44NogKSKRvEVq+scM20IvnBFQ55jZ0dAnEw7auKxJrL3LcyfWYJYAzNLajRbfaIMwezGQsLrjQ9bOUmcy3HvbzOO854/o5jPV7wEz2Uoewn5ynoAhHxZrQi81QtRohLMYkg458pj7gcv3ZC4NBHXOGCVKYceURVYJwbL1lYc4lEybMCdAwcZjwax9ZRD4FYZPAgckWDFUpWG5sGrS3ZaW2tAVFJGFbpcbOsgTkZcNgfgmA3ZBexKwsQjnhxKf8YIblsCnVGgzUL9Ueyd/PTagV0laq3uG4t0JJnuGUCupD4eJHXLsDhZDXSs6ev0WJenn1SkX2BdyLy0R6aOCqyEmdyaWxJg6+gjQ5bmBMldSwMP8xr7FDgucCrAv4xdEIBkE7GtDazcuyzNVQSAL8hHf2ASYvfF2gSQy8RUC7L4UEXmso95mSGs2kb/ZtQolYPCRDkyiD0uXo5cVZ9jMiqL3OpnVULkCRDb3YtAxEddBI+q69bGFpvI9UZAnHJx58vxTuC+Wdz1x9tE8hcIK6psWrqX1lk5nJPExIxoYbG4LmdyzL+AcyHwqplMCxfZ35EjblGwHRdPCrdReIwuPDTxKiGfLHOt5NW+qEsBqs/XjWb+K6Gzd5XwSm4PFxQZDvKj4pT0tBRSfJnIZ1kwOrVzZI326YZjDWuR0S403ZK6ZknTHRABmGnMauMKQdR4D+w/FhVp5M4Y335yuJGOWAiFJEQEkAZBqCGD2ZCtFMNYeSBQcNhiMsjear0uCDp+njOf7pyHnZfLd8+FWEy9KESpy4Ec68ohV05OrnHl5tr3nEsVa7/oMmhVqcvDf0uEZNL30pC03ZtnAAAQAElEQVQg/ybIVn1WWIKPeCLuiyEV8aDXSG8TOIKiMwTghYy/bPIRM1169QOTtY3m9aMNIKIfEwT6foVAOiTNgxCTEG0PQzVYpdfJydwF6FsTquOYCBmhqxPb5uejOsZRjPUPfcyr6F0FNn5uCWawEW8ph/mbGGOUKsh3oL5/NJdJyKUOfB28n8MH5iuTecHDCzx6W62gzMdbCaQNUNRXqqJ9C8kU5hg1Hzb/HekKC5kxobbiqACIRsJBRI4qci7wsBRi2po+8LunF8ydUVRUpL6Fv/O1W/YdOLxp887jJ5orykvnzppy5vJF5O2svs3vvvdRU6Ih9b7fPvUn37hFDWmcPPFf/+FP3/1gy45d+9S1/wXzZpy9YlFJSTER8YenX9YdAoIqCsaxSilh2469y86Yr97Mnjn1+9+57f0PtxXk5U6dUv/7x17o7esPXjRAxgjHTjZt3bFn4fxZ6lfS979725tvf/TmOx+dam5TP6gWzZtx0w2XlJdpO+Gp4/e7f/WYlS5EHD3ZvHX73kULZqpfZt//zq1vblAV+NhS4LPXX2QrcM9jJMmlF5w9uaHOCLz3cTM7KvCDjzw/d/aU0pLigoL8r3/5hp+rSWyFcU9vX3GhduDg3/35V9a//kFHZ9fEupr2jq5X3vwQuY2jQ41afc6S6qoKNdVnrrvoqstXt7V15cSiZWXFubmaI8Jz69+54pJzIjjCpL/vt8/+/V/fqYarlecff3DXo398Zdeew+o3TVlp0bVXrllxxryIftrWa29+eNJ09xTp4IsXXn7//FVLiwsLyktL/ukHdz3x7Jubtnza0zuQl5tz3qqlV1y8MicnqnZTx0+0PL/+PYq/SyByyNx38Pi82VNUPf/ye1+4/7fPfbr3MAk/96yFn712bSwWScSTMdo3AsgCF2zbdXDpYs2jbtaMhu9947MbN+3Kz8ud0lj36BOv9fYN8PMAqL29+613tpy3SjtPdNXKhXNnT9748ae79hwpLyuaM7PxrKVziUegosA9v33OVBYQvTsJ4hlQsF6HeVl+/6NdF65ZUldbqVa/22+++JwV87btPLjv0IkpDbXz5zQumDeVkPX2Djz1wrtWYp9yckkhOH6ybfuuQwvmTlGnKL73tWvffm/H2+9vb2rpjEbxgjlTbrzm3LJS/TjdwcSvHnxRyAX42WRAbLRz95HFC6ZibWO2id+986qNH+/Nz89tbKh57Jl3+voHT5xq2/7pkQVzJqvV+0/uuurt93du+GBXU6uqT2T+7MYbrzq7rERzR1O/zH/12/XkW4Yc2UnP/CK+KsZkbnwokZuX872vXfnJ1oPbdx9t7+idNX3iiiXTq6uM7Ta3bD/U0dmLyMSud5asjLsIH3/uw+9+9RK1ea1dNX9SfeWjT7/f3mmcl71wzqTPXLUiR6+0R462GbtgAjp5qmP77mMLZjeoZfGdL1+0YeOedz7c29zara6ozZs18YYrlpWWFKpkQ0OJex9+y5kvux6xOffpkoGaSNI3wLdTu2YlMRw82jpnep3aGP/kK+c/9MTGPfubSezZyxqvvXSJqraalxyjMYL9JQS0onTpAK+9aFSf7Dh26flz1Q/deTPrPn/NGY8/tzWhHSUAxUV5t39mRWNDxcBgIj8vZulGSqq5rffDLUdWLNY2U1w0d+I/zqxt6+hT+8yiwtzCAq2fPHysTeVQWV5kVxhdkVff2Xvu8sbCwtzS0vy//tba5179dOunJ3v7hnJzY+csa7zw3Bla36W5dHe9vGGfuEqA/Z2LTb3c+SOB7l+bkuqJ0Inmnl17W+fOrIrF8NduOeO9j0+8/8mxlvZ+tUnOmV599QUzSkvyQHMXSz745LZEQv+9o5ORWW8tFawfElOFYimK4MDRTn1iAasm/YuvLn/zw2PqzEJDbfGmHc1qlEp00TmTrJfLkrlVz71x0NWHUTkXGUdbI4Mde9sXz66ygl597zjRlpqOwHQans4WIbgyTtVeEG2Pq6V6+rWjt14zXSWvrsj//h1zP97ZvudQtxo1q7F06fzKvBzNYbGje6i8JM9M4rAYxQzvPdQ9d5q9U++O/V3gmO/ApHoePtE3s7FYrdJ33TTt8ZeO7T9quAIvm19x+eoJsWgknkzmRKNg9CmGiA+2tq9Zrm2puHRuWXVFzgdb2ls741PrC85eXFlWnBNPKrEopvQj/SGiNHS0vcMn+o2Czol879ap73yivvRxfXXe5t1dB4/3O8rOtqVh/EWzi7V3H6hmiXf2JKncucyry9q8u/uKVdVqvvJyorMaC/cc7kOsJYUAdyeGuVRIrIYH7xRSpQ3gjw/C4p4qUYj6QBoEIAy0FlfZ97vdlTrDgcOET+kUw76NgK+P9QBuieCWCEisoSsDztYhYGvTCO1pGwiD226WaIpjkKIBIRl4UIBXYlcUCP5SBO7BmdHRKuQLV59YJ/f6/wjIZDsm/avea2rbA2qefGogodRCFX2zQJ2Oqhoaf8Bs52q8+xgFzTl+rtbmnStKbByx0ayhm2RaQStw1AyvqXr9hHpVqLYCobk1OcyBXfzA9UDDY6TgfBVxb8mzR30SxILICEJV+AF80diwoO5LihGngXsLdGRe0MNxk7j1EEWBl0E51AxLTxoqDGhl9LO0NDcdbEf4imYlYI84CRapWdKowpIjBYk1ea1f0Tx7FVnNU1jn57bsgCm9owDJ8GYpzOVA0nsE6e6kKk1wQ8kJTSUtAXbYSe839TcRljguVs7EfLFOBdKC+MUtWX1N7/G0NXEwRXyVnGHul4gZojjbiDUeUihGpADALgiHa6CdEDkG90CLc8hOq36GihQVoQdc4uLUqSD12itbrUKC/xsQ5F+7YUFUv7l04QOzd9hR9lxyqVUlHCieGlDqDmVegyeJVx4EC8bsQhnop4WyU/lMciwYpJr9j2NSxewdzUkbV0rkN6tmEiqmo3OmdrHLXG0PNg4EozKY7t1cKv5HT5DxxuhFqNqOrayPWgDy7B99EEOmoxzod8Q3EMxt18ishRpoOPUpWHcX1EMQxmT6AiFyrrEWqzsP6h4vxjwEWaHUKIEsBWh/IrpfIDnv2Oo7QP/pIT1i1X7TBYpXziWirFtrMzkgczKZgwzvDHWVIlnZxjZqwLyFs7Cg73salxtGjHHz2ZVgRFsmhG9IdYCUiOs9eyicwWP5DcuSZwbY/Hc4ihAQ32FHMjXAT37xu7/43pdyYtquMDOmNaqXi0Z58tlXm1vaKIna/5/u3v/zXz181x2fieXE8vLy1q45U73ohEpS+d1jz73z/icoRaTuF/j+R9uuuHhVTa22qD9j2mT1IuHvfLB5x679KDCMwZD6/y/ue+z2L1x9luYuic9fs2LtmhUMaSKR+Lef/Ka7txdlBr+4//E7vnDVWcsXagqsXqFebgV++JPfdveqa+doQm3V1ZevMRP+MZ5wbNeklv6P737kB3/x5UgkMm/OtDOXLdi4abtevlpOH3rkha9/WTsAOhqLXn7xOSRJW3unyynQgf/9/+676/ZrFy3QvNzy8/LqJ9ZYUTs/PfDCK+9dcck57lRtHd0/+tnvv33XZ9Uk5aUlX/vS9W6aLdv3/nHdm+L6EKCJ/9O//fp7X79p4oTqWCx20/UXqpcVRcai7R1d//6z37v4e+FXv3nmn/7ursL8PPX69p036L8PU3Jzc0h39/HWPbFodNH86W6VN27aedkFZ9bWaGcXTp86Ub1I5Hsbd+zcfchD4uPPvNk7MHD5hWepOldVll1+0VmXm+cFE/T1Df7s3idb2rooab6DY/5SG1gNwEn//376hztvu2LebK3TmDWjQb2YlEePNf/svmepJJzpCr7HhkuZe3774hdvWrtiyWw1v2vOWaBeTJpEPPmjXz7V3TvgWQ/Ab+rIwEdb9l24ZnFNdZlKOK1xAjkHGWknUO/ZtfeoenPvQ+tv+cx5K5bM1PRZOV+9zKQGa7W5/fiedT2mZyd46OMOBfTz+1/6zp2Xx2LRpYunqRdDtnn7wQcfY1zukOARexAcPtb8xHMf3niV2nXDzGl1f/u9a7XfOyoQ0w+HIDRqRbrnd2+Y7zRN4V8/8tbnr1u5fLF2Du/qs2arl1OWtnfmT+97ubdvEElk1owCl7YehQQeq28P/OHd//m9Kwvyc9Xrzi+sSmi/4ITcHP30Coy27jgWjUXmz/Y6WZ76PPRCe2f/S29+evnaeer9GQsmLZnfkNT3Y4vpPlCq3P/69dt/8fW1Bktr3QKjx57bcqqp+8qL5qkqqcS11SUWz57eoV/9/oM/u3MNZRNrAgn/xz1v3fWFs+pqSmKxyLWXzlMvRtPOzr67f/u+oLEDe2PtQGSGsm5zIJ73BfTgk1tvumLeGQvq1Fycs6z+nGVs81ct8Mvff9zdM6hNBpjVyaGFoz8whQNPGML9A4mNW06dtURriaUluVdfMI3EKbq/oEoyaB47ixAz3W8Nx7Ajr1YtAmfdw+ilt49YToGDQ4ltu9sMrticW3bMJoAVQtnLLD5wLzE7FAPgdK3kZv+RnidfOXzdhZNVC+fGomcvqlYvaqoWvb+lpaggVlaSy/ocsx0tvL6xmXYKfOODJuTwCjToH37+8J/fMbsgL1aQG7316saEdmIZyo2RI7nx9r2das8wZ1oJybWl+GsfNC+dV1ZcqA0jJ9cVTr6kkLINPPTskduv1bJgzOqQcPZLwDaRWtCbdnYun6+9E0sLY5efa2xPqDatg8ddO87aBa4dsXz2QiOPH2zpQOC3TK4vAu4/2jt7ivYjltVLy/ccco3ciMLCzgbxFvXE8ryBmb/DCXB6BKaZE1GCwOkCSvHlL0EAgdIyry1w787CoRfqyYZThKI+hAoGjz7ffGTzB4B8VGAeqfwBnxLcSpKWT79NrCdMpbEIqEdHv8bVDRyiHA/2cAJoqVw2XnUDOPeA+MnYIrN0wM5CIl+4pBsF0y9Qj1D0GXbdWVD3VTD0J54qOrHhrKOYv/fA2DQCOPKrywfnC84UD16Zcj+4wF1S92g8wKMCmbSIV3HZVA722mlH1lZNHu0iRbcAkKwqHGESqTzKAEQRslHGs7mHlaPPpxqSd1F4BPk3JV8C3yIBiRAm2D8/EUD03rMCPn5cZKkRp2eWYiNfV31t4i/Gtc7m4WQTvBGx0uRJpGRBQHob2PhaUcg+JZJZk2jkgTWRSejPMiiFdTatRNoQpKdTc/x5SBaekeVQlEE+fRjmUSMkrORgv6uZUQypnuAMJx04FWg+W/wAmO4G3EL1W8wJ90FIBgwBvEzxokcbwDfAFT1SeQnacacPyrWP4xRoeI84Fo6oFBaZKIoNwQIF+E/qSnVcXeZUhqXHs1hxf7OcwvtSmjxF7Y1kmZvbGLUN2h/cF8CYxfjIxekJYdnFkLn5MZnJMY4wNr+aEBk/6dssk/OOjbMLFPOGfIgrVkKTE5D9AsAadWJEcTaHN2APz4wHeyoZiFOiOB/eb1TXwAuzFQAAEABJREFU+1ObddH/46YdHmDHn5FUgYa26Ww0IvTiSe/NkAZhgF9E6Nvmahv/RLjRXh8Skl/U/uB195koacyuVI0XGBvt6N7Doy57EE5hqktv8bjWf2Kc3uxKepDLTcp5Jgn1X8EPex4hQ/2rmy932Th1dvIpUsnikWMn/+IHP/zyrTecsWiuO7a5ue2nv/x9S2ubS6L2/85P9//gH37yjTs/19gwIZoTs+LVZeSTTS0//9UjbR2dbi0tGre4eDzO0gXIk4P03376mzvvuGH2zKk0hfscz4H+IaOUxFKSSgIb6/pamT7w+2c/3vLprTdfWVhQQP+iSm3C73+07ZE/vuTYGdGPuaaAFOzcPfD7dR9vVhW4orCwgN5lSEkmP9i0/ZE/rted/7Twr3/pRjK5+d7GrbvNvesohuhUc9vTz715/dVr1ftbbrpUTW64tGL06d7Dv330+Zuuv5Bs8mdoOzAk0M3IpNqwf/nAU0sWzDp7xfyG+tqykqKheLy9o+f59e98sn0PYj7AKRw4cvKv/+Hub3z5+pnTJkfJtkIm2jq6Hnr0xd37jjhFmbIVxW0igZJGbG/fwD//6MFrr1h13jlnkDNeLQwOxp9f/+4rb24SNd4B+lRoiwRrXlD/8K/333rTpQvnTVetR7bdV2OSSWXT5t0PPvriXbdfoz0qCqsUQj/6+R++fOuVs50edUPGgZu2GokkW3tfWP/Btu0Hv3rbleVlxeaZYjplPLlz96H7f/9i0tnKwHyZKsCvmWLzmdZzpkomk//963VnL5973RXnFBTk0bVRteT6Nza9/PrHTu5G30F+VqTYK1Jcrxhg6stDf3h987YDn79hbWFBLi1LtepHn+x97JkN2m52mNbVYBR3NHzg+QWC2w4//uUzX/r8hTOn19OBQ9RBqL97/M0t2w/efP0apz6g6bN5/+Pr3jV213OJ0A6bphoN1/BHT7T+y4+fvO2m8xonVxu/m9LJBgeGnnrxww8+3utKZVizbyCOPABsJXznwz17D5265fpzJ9VrRxXrR0kYUYlE4r1N+9at36yujmg7v1vr+IAffvK9LTsPf+6as115h01bDv3xuQ8TSYUsVrPiqdeVBX2DPZZAvR905AXMToZwdRSZXi4GQTKu/MvPXvzcNSvmz5qged1FI+SQVVXK1h1HH3560x03aUd1K4Yd6DptfqkaFQ9A1GUZFRm9tfFAZ3f/1RfNL8jP1WUZtuvo7P/905ta2gwfI8eR1jrTtz48sO9I27nLpzTWl5eXFapy+/qHPtpy7LV396nNU9UZUcpZ+vX1x39834bLzp+1cumUvLwYrdDgYGL92/ve+eiQmZB1+EokFVdl0x4HHWf7mtZ1FgRRxDSyrdEfnt+5bU/zjZfNLciP0j8vVm37yY6mZ17dE08AcvQdxs3QEF3iRkLBhlF2wLOv7VUr2NlL6mwXQ61PTpKEL79zZMHsqsL8mFpd3/jgGJNN5w2KJ4zSV7tulgxQd8/QiebeiTXafp8fbGmmo8DZZtkZYPMxkbAcMaiGH1e41EazMlZywBxvaNVx8662oyd7b712RllxDt3p9fbF1797cvOu9s9c2kj0Uqi1Hsz+xBGfaunr6Y8X6+dZd3QPkYOJqXyQHkY7QfgnD+25/sKG2VNKtPociWh7zmItfPvejidfPX7z5ZP1ty4wRfSfD+698eKG+TNK6cDegcS6N04ePtFHapVuassqRmbB8haiVHnu7VNqQa9YUB6hsuw8i5xtler4J4FRVZmWQTXt+9s7qAx6jA3gjU1txClwYnWezc3OICkcjx+o8PVJBdSrCztCGYQhi5FsLCKCee9JjPz5BU2QBoD560PmTQD+acF1S87aA4/eiw4Efjj4UIL4xnoCoVDr1U3Xar6OICEFXCLMf+3cAHLY1CMJNumBo7EQIBdO80yBG+Jp7k7APAE9zFHoN6DRts0sG/sFIssvECFjnzviEGjsc2eORizPXWzVN2wFA/3hqU+X0SYEp0UxX3OuHcDKlTtKshScHRp4kvJ0oEZ8Xo3LNAkG84RcbCwwIIEAGeGiFF51hmcrJEgoXS1BMhXyzJe2TIMtV1EfVxgPU9nPWE4TH1uDTGF455rPBUnoo51xpbuSOv1npPj4BbpjJAvSMydS9ZAhkbUnGDt3ANMfYyTJwCdOXmNJanEOpRLThNqQU/cpxvooMMiMfMCJbWGhhJjWnzmnWWtbvSjS1S9dorQg23i8NcFGvxFKpqSKxrPZOP31gb0FJxkYylvZAIsGOBywNcKwNeHUAcGDJ0Iq7hTZcDKBBf1BGorKJQWfZ6lE0glZ+Lq1CZb1/aIQRzXBu1+tnPrhYGFVCTDHwKT8MKIGss4GZ7YAc5iNkdU+TNjWwXRKZK3dieExZW65x/D059w5GGGsTrySvQZHbg04pXd56ixDxEhZzAOABG8Unv/SKNQ/BUDIGRlFVhkfBeQNrzziy7/6b7oDX1LbDVVJau4qWldFHtUvyqR+7nZS3x/Tute3TtX+JBF1MjfSkms+1DoHPb2+r6axl6gRYk4z29/w5mgGiHehNQzSu3lwfKg4BzB+b2Ng3g7knGPss+9rBoCFDxlETk6u+u5JqMuVWjGRdyVftrq+FcvJYQ438nu1+ULqIwvE/aSHu547StvuJBrVDp9VkjL0aUUJ6BGn0xcM1FDgaqAt2+hllEwkFEUJOpYYrkrnDZAJ1XcmxYrHqEunQsOLgKWG/aKNCeLw3kCBDSKdo9RMre8Hyy/EoFU/cAQKICN1ZdQOJ4Ij+ueQxOELvuwCp0ixCeTl5ZJN9SZOqGlr69h34MjuvYf0w3b5iOjQPvx014qKstIF82ZGY5FtO/a1trUjPy1l4PlhK05EoaiwYMa0SRPrqg8fO7ln72HK9YRHj72Y6vvcYHrCWA2Z1lg/qaFuYGBw38GjrW2dFBuPL0c3b3k4hwwYT2+sb5hUM9A/tP/QMUsBN6UkQ4ttTkzbGiiRjKu5bZhYO31KvZrxbTv3t3d0ixitOGPerZ+7HOlnBL/02gdcUXU1lX/3F19Rbw8fPflvP31IpFJxYf68udPyc3NONrUdOnyS2eCQsAqUIw+CnJzonJmNVRWlbe3dBw+fHBxSswzaYZfWrIKkCDMsFotOaqidOknbzur4qZZ9B44nHbVOyFKtq9On1tfVVh491rxn/1GSSqoB6HMf9ROq5syc3NXTt3P34T7HucPctNjdz8di6lAiJ66a221wcSrrWR1Fz5haP3lSzfETrXsPHDddbbjti9tb8fXkGxtHpkyubZhQNTA0dODQKbXsbA5YIr2AmDyr3bdqCCWZjOtZKCzImz5lQm1t2bHjrXsPnlC/Znj64MZJtZMmVvYPxA8eadL04UyhUXKFg3/8D//j5uKifHUo95f/8BsSoitQW1dTdvJUx+79J12dGN9AWCDX8egsB3V8NaG2fHJDVUFBblNL1/GT7R2dfToz7QdCOBIF8vnnZKjGNNZXNUysUPN+6GhLW0cvTYA5spDXANhDW0EU5hUiQTQWbZig5qgC6YfqHjjS5nRGx6ymXD5OK2GHaLWqxNT3YCKeKC3OVQVVlRe1d/YdOtbe3jlgpaUrYSwW+fs/u0y9OXik7Z6HP0DYLVt7+se/uFQ75jiR/F//vh5xoCXLyYnMmFJVUVbY0dl/6HhHX3/c5oB5qjv+ik3q0IhXkbhVGKPJE8om1hUPDSUPHe9s7xx0sFOrUFQ7lEobLQBPLsvTVahUQE400jChtGFCcXfP4O4DHQO0Fz5CE6qKW9r7krSzHvaqP0ioBOaEuVOxFdBtMIw9pPNqr9qmYtoEMUom6ZU5XFedP2Nycf+gcvREb3P7kCsdhxWisyNuKQwh0pyD8cSawobafPX+VNvgkeN9VtMRVi7d0g11hZPr8gfjyrGmgVMtgzzJHF2ZykAe1PGkqkB9dX5XX2Lfkd7BQcWLAymuSFSd0NGaOSh+Eul4PwKUEgFOjdUIQJ0UUkd9avMkb/8R+NkWgyAr8XJU6Syf27M+3DVGbWuhWFSbqUwm7Y1bvGYi2Xv3PKYorWAKxB3EXVkGlt7tLkVRUjOxtgHtxXOGEtE/3tYmfY2Ehn+tnV7/35itimo/PEaKPn+FbL83MPTX/tdeGfmR9q6eAYH5OXsaGXyMdg2sTfznMQX2B9eDTUK3a4Vu5QCuc+fJS9ayrfGSJPeGi6AZhc1vEVDfC9FIFEX0OXVFoRhgaj0Gu7KAHU/8zAsnPJFjyVVkLiRR5/nh4prvIYvEg4gO6x2aVq/09ggSzJwtwSMb3BooiOKnEqrtcN7w4sCL8p5GdcpUJ6nUuXFtOSeZ9K8DPlHSNJx+K6U+mdsWgwLYMo1qTQsnySoWazdeekkx/imCs7IDZLMfwFZgvNH0TsV7vj0l40sY19W1Iim+QfVwBZCgiO6ggfTfmchXWt/aLw5LtQ6nk1ZcrlgH+BR9eloHY5GiGhLVzICRZbrh+3JNNd6T1P3e4byVnIMYcL6fnVFUkJVSn8/RMqtQLr9s/2AOORjRnkilQnDmPwSc+JQ6yspKW1pbrGTmMYdql67OY2s/XbY2VHZ0mebgUOLjlPno9cgpRecuTM8vP0EH4f+1qM3NRaOKlk3F1gGzEzTsTAfmTcm5ydjpEI61uCqqo4u4NqpPorShn6ehL0nE4wr9XR9CF4QkB3AhCRFKUEswNyc3qe0OEx+5r2+QCkqPpVqUSN9QILxsjpS5vKD7nkS1zkdht2bgvZlGYxbkEdEW9iPa/Efqq948jBarcPQg5at/QokX+MSzssjuS53zzPZUgXE8Cwkkg3Jybq8eov9cGiL6Ddm7Des3Ue0nHRib4eq/akhUT6tOHUT1A3yj6r06ZaXdkEccI4f/6vdRI5UeC4RGLeFR7BSIjc0FqdJylNgYcQrEwofMwnQKTOhOgV69ckTfZ0+oW8ZM5V8KIJtQb7Z6v5yUHZqwg2NedCC4+n//1Zsg0ApJLyh95wyJt6z/17abApD/Bwz/CbixjgCQmiyhnAK93zrD2JYCF5w3HRmPY6A+1dJGYGtgzp0PYSD2oTkFeqXwZyUhLKA+JrnmFBjRnQKVdIZHKVtjmOq/OSSCZLCvvmDqYec/ARIFFeK6ZSj0gRHymyejeWDvaJlQX0q/UYQMW5engO0UmKC+Z3xYlZeV/OMPvq6SHTpy4ocCh79L1p557ZXnqzdvv/vJI0++guRUwgF0Ryku3utQ36OxmOaKkUgk7S2X5DlIlSH2isIe1BL5CtIfuid3JJwCXQml3hbcXGEekZiJ0GkD8wM5jRB7paUywjgFCngL5PIDsDsUCyjdToHI/aHp3z6wdxpeLyW0D0a6RxeOkm86MRMvC7tnId1JsDiKF2JNY7oJ3JywmJWHPd1F7ZwzxZGcnBjWnQIVhdkzDjPSrYT/8OeX5eXGhuLJ//XDFxndiLzy0vy/+tYF6l1zW89//OptxAfGHnJvDc8AABAASURBVGWHPfPLNxpy5RdzQ132xCK5VDvEUdMp0NrgSK5WYwFvJKuSyRzzYwWVikroTclo5q4xbCNwR7gNrrkYRe2f2vMqCWLh0f9z02G/t42wi8NeZFLdkSixzcGjrMVEmpyIdkq4+Nf23jbysSCvyFLjkyZ9uuncUJun+v7XdlvUpkokhrnhz/8E5AiSSQLkxHfuUBSlzU7obgTJRII3h+ReEQLx/In7zslLAXcgh4yxD3BT8fZQs6ZejX9oLcBIQ61A20e66MpZ4kw3QeRgaPM0vqW0+Su1wWrfGknqx8C6g6CCDEMBmE6BrPqmMME8sLHFMhUKfFNz+bJiEL9YqSdMEVJrwMAd8ukrvtZytd2jYcqdEZmhRqD60a2dK6zPp1sGxmw2sV3czAvNVpZbuRCSqfOAPCdhwSst51k04wtInJwK488lEadAzl41IMEZuTh7qi+MQpwokd0lqqU4FkQK8VmRU4C05R1jFUZakH8USyB23RQmEUSCNLWYi5iHahDVLMaiFRKSCdRBHi3Ck0AyH+AbIIoDOTImgKw/Ih+P2iCF4H7RBIMcvWwd4etC/uorKlFtTTKZFLcseYBkGApYzOnI9eBLVp7BZxCYqmKyvVwqHPnPEkm1LMv4QQZpTAHE04+cQYz1AM6EtjsgKS8vj0D7XamtoEdQRD/YD/ivJOdIJvU+SgIcVz+QpjQhcgqM6E6BCuUU6OCPeV/5nPkRKjLi/Palb9lPQ/cXK9cLT3ONMN0WGQCXDxtv9FfkzQU8CR6f2Qgh4byByN60puIyQWTTu1Acv0ynQKTNs5FPjLA6DwShcfIS4vjDxUg7BQYeAqbET4N+hhIOzylw+G0lBa5TIOdbZLTqHwgR3aUMQFHGoVOg4BtqbDkF6luRip0Co2DQC50CY2jUIbzpz5GG33T3aIHm1ZIMtYUPO7SxcgQ7NzgZWeAUYjyhFVJE7T80VyTDn9Y/DffWCsCI5oLBGvqBI4H5Axvuiw0zYdhKDDaB8fWB+WqkCJA0pf4ZGEbbw7IWt75AkVglYmbPnxRl9j1pf4jIGjJEyQHlCVOEonpAJiGbK0RrZBKBJQbT0v5+D5AuqCGc8wX8pCnoDDgj5eFQ0bYPSrkCcJPhoLw6OrvVL/ZYTqxx0oTpU+r3HzrOEOTEYldeci6537JjL/JRydbEK1vAW+3SUyEf5iIC8jISzlxiDw5S9veQzomiytdR1PzkwhoHgkVBbHOUfqsIqhx4KcaZ9QNmNsoYd4hnmBh6IXMSaA1O7KkvN6Wz4Rt0fqUIzqlHEUMrgPxxjDRI/p1TdsBw5xMb1c9R0NyK4dzpErsrB1gRJo3QPqQ9YOysNBSBrTxrFEf9sNa/MeJXG2dOfJuTqR5lMcytjRwLeRDQUda4zbKkvbcPdqR0M6ItrP9vupO2tPY0TCzPzYlesmb2+rd2UwNDMpSE2z6zjAQcOdZBOTcwAHqXIHYPT3oSnJMpDHaVYqPcVQKQgwM2c0Ttw8STi8gBiBaNWQcMw7ic3Ry2BPqjw0pg3GEmgW1kK8B5R22Jj6miYaXaUdZL3MioFYUZSiKdel+4vQ8dLxMMrkqInQQ6bzCTWTUQnG0GOAdzAyuZJaALl/iYCForZU/sZAisvk4DYoeVnLx5AM7OA+Cix2x6LOAHpFrp0XxfEZ/dGmTh1TlhYW5Dx//P3lsA2HVcB8Mz7y1oQVqtmNFiWZItk2RmdhzHSRzXTpyG2zTF9Gub/v2Kafs1TdM20GDD6IAxhpgptmXLllGymBlW2l0tvHf+y3fgDN1335J19LTv3plDc+YM3LnnzSBqVFA85oe4ZrmKm8rAmhU44ZvQdIEPYGCbdsIkPRBbw4fTXIcJSiMjtGCuEZDupMELBFaAc1AaH7hcAISWFQ1oltxyAb1kCYjSa43MFcgkVRJUaAinMjviCOn8kAycDEKYc4Tjt57poBpm+G8AohE28jTCtNhYLk2G1TR6kxDmvRQyKqHXfCKocUDEwDkI97YV4WJ+Di32ZtDoDwZ61TCjIzXxZHHAiZyojU+UrRVnQiPLgDkATokA9jgubLU5tngoAmhJPEsUAEDdcbFJelZIsql30gEYEyzzDDhBcjRJDrfmIKbhzBrAYAoDtTuiQ3ckuAZAOpRbDKwOOqnSKvBqF1BHgofgr/rR5GEKMnVxBgXkq8rAsh3qSSF+UgOX6YFVjgjioysgCMmwTkA5bMX9ahAOSOKdMkD4C0RghIwRpuEDtIVhc6nFkw/w5NGSiMgVQeaed0HMBE2fJmawVRCvCHA5UUB0Klh8ruZ/YygXAfm9HUWTQyiUaFk36UUBpGvJVfStLa13UGfKGZkaWMUAaSPNEyBHFTH2yhtbon6CSnXouzIMBGtZgdBlDRq9+xEGhI0Gf0WZO06rMg7AoMDqQhSR2fcOkPswZyWU9o/ctztUy+j+lhK9PSX+7ZQSmRgVkuYyju0CCHFcyDADjf/m1UYL/tYISEennsiB7qFQfrQCkYrqOUH0OyQ/LBuI+EiYgpMNKptJ66izcGZ+7AX58ESMa8VKSVcJxI+ZNE+mjgpQyLdMOoiXDoNrezJXDcPGQKlDnWUQwb4OR6TEa2VOpcXUwBlUzBbPsWQL5qGAmlk9+cxLF5x3mmeoT33sPbff9ciTz7ycZM2aMenD739HTW2td71z17431m52aiS6MSvvlqyfChpGT1tlFAYHJouqCDS+DWwQnIVEXt2k+zIMMLwniB5CFIIorq2w0hezoxb4BuZIS0gTla0d2BsNAMKMEHXt5NMtAxeco8xU0KLFZy9lDlFdU0i8AhILpU6TskQ5YPYBPoUqVBaZs7cocxVyqLsQTClg2pdCTgJDo2Ek3fvo2g+/70yP9qKzZzc11N798Bu9vdGr2RHN9bfecOqk8S3edU9P6Y4HX9MowGYBUh0a6wFJPD2iTjodBg2ERh3PaNOoPPl8RpEDhMyBir4bMweGiqbaMpjSNR95SJB4X04xrsqTLG2UMOtI4X3sOhEKKJ0wLjJfKJKmcK1Q8JkEgSkpARk5OF9SiG+jhI0KVHaVHD7/IMKIoJi7CziE6QYE/qAwLJUSkf1jOINROZEwnogwBVVIYKQWEG1TigUT0wAPxMSEYYUCRUnU+DbSLHohnA2ERgNm97dqQurYWSiNOCb2RiagxgI8MQqysTzbN0007aQF4qVUNrEFWdiWjRfj+hXuL0jZ8T8RkzAWE8jTFEARIOyI2PfxwJAItNJXlG2qUIORiWRSlQMAhi4kBV0MswlgnMgO02E/D8EGRSFVmYkLJNFAElFArFPZn4uFL9/LjCaUUywdY1LfSjt2bQ+oNyPItxgvUFIwo4jQbXM0ei3wRxwQOlHPQDSdBOgaoNwA+BtQq6FWVNjjSYVGTQ5p6sRAQ4tc83Jp8vtjyCQlRUBvFX6mcQ8dLtG1PQtGph4x/kkOmJu9sXNNgEopalyLUiRsLbs7QqSpmJAt35Hg3KFgHzGgVgeqapkTy8gLp57HmOmos1xNNP3xEjGwt5aVjSoLKHXWTy6DY5OD45jKYc+QRUkw90m5lF3fO1tSE75lQ0Z++ExeJx57Y0T53kUK1+YaNY0nRsBzSW+ZsV9s717DJhyZ0CdTi4JQ+RkJebFMZRKZC+KVesxycEYh0UJoAsBnAHFjiB6k2cf+4CQrttVHeziHdYMuW1PFdTq2UiJOepJ+OTj8zDE0XyoM6k+ZQDdUubDOsX+La9HqycaBbY4qYuyVN7ZEfQR5yzQ6L+T1hrQ/rOUCAEK/KuaTE6CCAWGbExWUwoAKCqR2c5TBAZT76ncYOoYd2FDd+vaGnnCLWuNa+GAGGq+z9psCVPUg6qqUrtlxb+b6oDJpeJa8ShccAMHQqZqUyD+r3XPV8OERcn1wyNbIoCqNE3kh3UcApM/iAqmwGOIgM4uG0RqdLbWrCEBePPMJrs0RJC7i2lH2WgL5BTtJjCMKy8Iw3cQ6vE16PvXz3M/vfnTunOmTJo4t1hTf+85L33XNBUfbO7zFm+HNjXV1dSFOqbf3S1//WcApVpkaFSNWjsYV3GhfHIEZYcwcQKO9uRbAEJrAHCfGpKa0VM8W0Hd1KsuBEIoRr77o6oZtCxaOh3JTRjEqAgBV+ArmwrI203eYW7sFANMosIoS0mIR4hsIKZoyWs7EvT51DoiJlI0j9mFOlFB8/jJZLUX4sJfBMCNv9UhIusSq1krcJZGg4aE8gqgPRZmzv8CgKHK8Qou7LL/jDpeVdOcMArLtWNpdUuY+vIxS1m/a99gzG85fMdtzmzOXTz992dTOzt7j3T1NDXXDhtUkk7Gf3fNyV3cpaulCe5SbdrKMLcdRiTF0kvWSgUqzayBhezumBiHZAJFBkznErzCYLNGY8VecCnJFyMaMLiniMpBSUSQLZDfnRFDBDZlVd8p+IfsjADf9A9kVgQgIhEegrKFEj2IwBQU5JMBfB0uyeJ5EanBANJC+nGJZSAZJUkA4aRkw/bjeJst+y1H1Ap6Dy0V0UM+jjRzsQMm/XwBSu/XRU3Y2KXZUjrsdqjiANW0cFYjmqlJsNiKCVAD3rUIDFTfA0YhCPXGXGkRVpfJgEsIWCpLgcMR6iUWB58xSaAwCVI1ACKo2bl9A0HEOIM43+C4XxP4+6uFi2fGIEMwvqOiEUcBzEnpKIxMSad7CKUqZ0iH6cz0un4VD4g+WhhVJLZKtOQOaTn3LQnhGotAqVXZQ8JcT3TaPBDuTiiI0uaAhVBALuX7Ug2+ZMnChJ2DSAgyKWALWPejwiF4NJaEtQnBXhnKBFPxvMc4mQbMsL9jimBHR1gJ6rmY0jDLB9g8no9QPuimXCbLBn65PkBPslHB1JH1LsSNE79OMcjCis5HX2f0dFeDAzFrrCmlpeDJdOsI4FxhcvNXAqVIAizSItoWLfpRgO/UFp2RbgPhJWnRvZimCWYgNkwpMB54e3uXPC+LfpmFrK9zgLbcmIHKWrK3w9NKnzzLURsnk8VEzBAP6OMfdl2OJhKj28wBWsfAL67qleiAoN/ecpF5J7oB4iTVNjqBYz8jEiVRFQ0kGemMmqrJqxEaHPqUcHPJcIdmpnBCHZ4DBDPkVa4gaqK8hmgAYMazgbbdTYN8A5b5OwAnIEYyrnyeAg3K53NPTo8PIYEv5AYTnBjyqQErjH82DefafG9CCv2Oi4acbpnm09JMI/IfSNAgK9FdcyuFtiq+UKty4PKVaQsJS9YafZAeogLyC8vTlfoGJnm4yXTWMVziSLzN1BhFUnSAvQ1gyV6sh5jgpbEIGNFDDjSHS2rS/8/rX//zuDddceO7KZYVCsaa2tnVkC5u7dv2Wb33vzo7OLpNYs6IsIEr3le+D5CLEQRm9omGf63AisJgFTqZhjUqlNSaqwMe4gXguqFZ6suZEpcaH2jaWa9V2dImSF4EcIkS0Aw7DEm0Uzu0OdAzUN2oaMQWIuKocFTy+1PGh8mqqsNZLD6XxAAAQAElEQVTBnhUb5DNvxzkRssRkXdXS4YGjxZgDF9isL5rATY9MVPoRThUd4a8ffXP/oWPXXLSwflhtsVhobq5rJnUJp4OHO7//yxd37mkTWaobC5sFjDdRjjDpFjCe4fm8XGyhZNhULkMVVzfV7xoYCYakXXOdFDKua7LEonN+yL0FAd7BhUYkrDSz0b2yG4iFCr7SjZ7ifNbawKuX0sbbHgDHO04BEMIxSRQnIgCnYEzLsqIsLuVl8Tfy3BewDCqdQo6gASHyMeIxPSTYvHdJfsVLAElKlECFrGibB2CiQgWQ6wtHkLdKoQgHhU9yXbUaQCbT4lcPkg1F0GXs6knVZ7hpYYHtcjwcoAigIMRDSVQbBwLOhGMARKUDhomiAVGZUroFQWOQMIUL7DbxorTgPFqoEO9jEM3HYoQkHCGNSwhSzWEKYJEi5rL/NSgaDtJ1NHYEuwAK01j2HOF4V9N4p15IaNmw9XSnmrD8ya4pkaUS5pERkX4PcB9IemFK8DJqzULxssuIoMECSR8ET99mxaeGkJPvLb79g/g3m5aCM8cSwVqZ1LoYG7XJVF0MMbViYpsL5djNQE2pkKUY8WREPBV0LQ29pVb4qjy9iRgE/yEu3igXpcKnNDgzA5qJLEm0oLcUQdRDFwLBvJbr2E0UMovkjx0tGFLtBLs2ZwTCA1nBhSSzLDMhaHONYDkRjTCibiHYkpZYSrfu320gs90smCjatPcA7u88J+7WpiQDCxwDAKcAEe8Y01PCDfBxLCDz1FKIcSG49J23QOLZQ7xezm5CWIZSGeTpmXPfhWxAiCExX1xZaaoZtekl2J0CwYQMLGouPqUBF/6QOd/cd1ZeTrBKcmeSFbjOn0JeP1erskNU0mNnCsXOBLlK6et+vm9MlA9g89rBpL8FIN17pcxOwACDfg8KzMm9BgZQ5U0fQ7D2Uy6XensB3h4tL5xH9rfNs2e7iDnRlzqBMfjOFaKVVasapdgTGKXx1DfvibVWp/DX1NSJR6Ci6tFb0p+LGIxeXgLDSWZAMxoAhEUQsVQ03KvQdvfqaK7DPNiCHpWEh2/4Mkql8BxoICaf0C9jZeohIKatbteneH9PLLXOWjqmKtg1kzxEAFG8ZGC/3AHQFy9ckuqluAVb9l7B3HLWLqIl/ZTQnvndoVIol+H2Ox++5/6nTj91weSJY8eNG+0lHjrctm373jfWbd699wAuUXnoLVEpJudxDJIWa/APo1ls7MYtQFEVD6LKM1WKglwbj6hpj0qJ5WBmmJ7KwdGCsZkRAT29wRRDeSBuAHLDIMq2AooQECmWQxlgBMmrDCaezaojBYD4TTDGML1N1MB3+PvRr55sGd548PAxDFmskogWGF54ZTFuLBlB3SmZCg6puTIixAGkRO2h7NyBysbkSIW6BkilC77FBzOJRkssH+YKgmJjAkk3wAtNC2kWRBhhAk8YoD7/0jbvs3ThpKmTRo4fM6Kutniss2vXnrbN2w5t2HKA1Y1pkEzImuagcCaLbzWabiGlZrhQqWXJcpkWGhc/7nRFMUyzTaZ4lIjqclmMYpS3J9IfMKoLTs2YkgqEgoUUGxOiPhYWWpQOVK5uiRZ4BCoixH5FhO6Y7fCB8wiCeilhJHI2oYoRQyq12D1IfFA0rBNi0EBOzHamjLR/QOTfkGgAWnr5FGYiKsZJc1CMIsW3ICMqZfoAQBHZlhNzV1RwJQRjPhjQjBxATZUcqwsk1V2Fj6eD2eNUGibGAgU66PhwahsNDig3MMqClJabhhB2j0VACPFb4pKL40AWZzBrFc8G2aE7uebjAkkcAhiNhJxtIRkcfKqg0y5D/M4/hvgkQEhJIOasmEmJ9WzpM6oszALEnI/Zlx3xnasmDUkNt3xPPghDR+ZZug5N+bSRhRlEmGpAzPLWpnyPYtudgZ2Om4EiQgAjE+WtnGwhzwiCD4YLwv4WcWUbSn2CMtW2plQNREFrVWN21Ro0meAAWYhuXTnYSwe9Hg6c9BlOeMC2i4zvCLKpCCa8vO2PYoHYLRArhYzK28juOwhHxmifgjKF5JQQ07xdXFvJcsQ2USxiSatvZeZaXFlKr6NHvmgGIHeA5aRk1Hv7AUnAr6bKjCXKUGROXB7dik0jgQr80mXIqiTDmA8mwkqbjmbOUzGfjJA2BcBXNTPwIlXsZNzmYLYsqgMWPXtGZnYUFYns02EiB+gL5+tHCGaqeR0JPYAMNBTrqgI4sVNgdaBvlna1UCqVSak8EDTpAwiX1AZ6WXPSjw7tbozGn4FaSJBfLmeCKhRRp5P3TNtb1u6YGAKtKDvG8ncaiU+mqA6AOr7AgwKtqSkWCgUNdXwlLUAKKeL/6KsQA4Sr/8JLYXk+DPJrXaIqjyNAptPXLEHeDCbTS103KohEO9BnEIHgR7s+WGDas9W6qiXzirubTKB3rM6ursefeSm47GvdMHNUbiJ+4U4rVnARC8F65ozDaz0IiDLKQ7rDDVIul7q7y7RA1ZpQLJGkGnJJKg/RlBcsE5HjZqkLByByXCDS+VJ/NVXNlpgF6WmxnDfWbWflWwoCOegN4QFYijQ+RbNmHiE0d7gFl5oD8CKoQgTKAVJ8oot4w8tFsev4Nv1DtPorasrVu5iM+CrF4Y/oJS+/vtP7kKRQjLFjU7BZgrbht2wrISuenVAq7gop7nLHfaWv2AmNdzOiiNwwhYuilTeVTCUAlwaiRdis2BwJ2/SSpaBYA2dvIhHxHy6LCCaNN1+CVOPglkolUAA7T4iR0yB6YESlKSAi0LT22ToS+zwqTSf583yR/QVjE0q/E6BIseRNHJAJWKILR0hSm1E2kQjumtoKEJ8RWhZQShR1zdrN/yv9Ngn9KRCnJ8H44pCWTImmDfCixAWUv5HKZyE2hHgnMpIMecwXj2hmlYs+WfLBggJciPTZUVunlKh3yENYYa6uQAYJTUOrdkb+0hh9KO/JATwOu21f2NKAYwXS9mxpe4S4n42Soj4LQFZRt3GXIJHLSXpvKiRZB3dZ+jBSKfFlmRtZysk0J/wbDVpxAAobsE7TWIAyjQepMAPCqGyIDvZMQgaoKB6Y/7yhkIKFitk4D9LJ6wkIq7+EgfUuzu0a7aKCwJboxwOJM6S5EjrRcTYfiqlVD1Soeh8DOzQiWBiRhmifhkwqCLXi3HOBahBAS0rkGlQiRHcWRZGaAoTTKZrBJGhnqqClBto0w0kNqkfmnM7Ezutdwv5FnkRpOWcBTZWrOWeb9YBVkp9KaXh4MOBjrUV7dM0wZmaVaJGbgtcCykETAKIouiVH1UzbCazrKxYqPG4okNgHR+9TpCQ4vagA4XghcTA5W4mUzFHESJcgppiGGLlHEAZRkNEEKV75irQIMppj9Vba6ivsMzB+ycyJT03mAHmDC0s7XKiQPl/IJDNHRaUBHfAViorY5giunVV/Qq6KZejXgVBqNUfLR96AAev5wyAC3QBWCbP+hqFURypwK2P/BgXSIVMlOS7ZVgbce7uBHyaXH1D2tdIJGNRA85gVVhWAf79tRJSgeo4K6lfXVkYVN1jhM6177D5picBK4wsOUCppTgpAeCjumWT+UT3cgbIM0g8IDUbSLisb7UZpsWi7A6KwloCUVatLmOlvh0gL/lmF0t7/jo0U3L2CI+FemlMzvit/hjsinMmwYUsEfNFVuXxLtRG2Cs7Bl8lJPO8tlXvL5fA0Sap+S8OEjBApKiDBSkEjl31comp0K4Ngi5nhjhvUhiLAo4CkVwyWxrDhYLJ1mCBGzrE3FH07ETVobpUNdFQMtcwQmK1OsHz8bSGVDIU2HD4R4iuK2khKBI6Gx8R6xiQOydx6UkFU15Aje8d6Ic7BKA1c5Ao2yeCaOLHoQ4BBoIrMKFSHSp0ebzGFbpDUjUH5yNe48rLfhK3kVAfeuSnPjTD9ddSxgGTXWL0YGd8UkPAIXBbERJTzScLzEbQCPosI5Ug2AaXqLFQGzo65BU4fSjRKYClgFRsnZwmDNe/qUQxhSiWKSKs6jfVgmWAnHcsl4kQkyIxbCQ4p3jIeiRsHu02Jkh+7U5SW/zV8fNgTIOELSB8oNEa0QZMYE1S3ILKS2pwSKMEdkyBK46nUTpDFL5Ih6YNBplVoiLdHCVfub1Cd9fol9A5UStMAWEmzkMLEYBEmZkyeU5AqgC1T3lktqUxohrcTgFxJtABxXBsf2YZyk/pAUIrGXBjlyX5jDOVZDeBMUrmgEgAiAqgEEaQMSDgiUEhj9jCJGDhl8aqCmkqTpU6x0JYkPSSDTJPuPo4LDPvgKCuJm4xiu8NpeZQJyQ6BLPO0V8U73JANn0LE0oCCFC8gYja1PytRVAIExvYtJSip/7tM4NubSlODOynMqWwjdipK1MSGn7X76mhpvDFemic9n+n8WdNaZCxNxUtpdjwxKS4kGE65DIVCFCppw4rxWQsBNjqEiBEm0k7NHMEoH4zIYWCkaAdQMrUuGU9n7dnZwalL5yAKDRWH6krqWdGNsGQZyw+V2Y3tAiDsF5JhnCKz3GjIsgHN6g+uSrR2rszXE6dI3DN6NCDSSALHLjjNpxQcH1yK8B2PKUr31NRioZc27BUp6PAD4gDAY9B46mCQ4KxS31HruLBp8bMrNUzIXfgTIw+3kcyAa0HvvfIpFIt+mymXM/ce3E322smnXiNWGe2hJ8lRQ42YqkmpFCpu93kSuy1bMISDCED85dwg098IuRZnANlm8FdTPJPRYri1wX4JCqRDrM24TIarq8IJOAGDHyjzVw/mHrF6APzarBFRBFq9jhAqsQmzmihzcjK4TWxnvjWYqusHPJV6iSNQ9FIB3uOZv6tc2V9k1HFyA0Pd+T8B9KBQRCmjbxBSCPZ6SvyFKACfFb+BpyH4gYjMuhGE60qu/ouXztlYebZ4wF8S57aiQeUkTgpVYjqxJchSiZlPqVTykWmBuADkWwO5CoF0rc9EHr9TU69LKONOOBZSKpLtxtxBbpwHQhb2poFiCpajxsynau2PZoU9DHUJF8kgwr61mCUGGqfhR0zoKyR/LIExMbjULDq+Rqu6DBFag7HBgeeGu2S8dh4xpDICiCkCEyreJiMBJYyKKQIFJoVSiaeQQkUGjFi+JMaKkWMTcUOzCDKPlCg6oQ64w2oTBCpwTGcgMbmkDVvPRDhXmc+KcqIsxqJ8M6dEqppUeUlXcV9AlhMjJFKeiAdlA6MquoswCHhpFhC29oFKlaPdGhDkQAc59I75iuXQsDaQ/p7dXQAETmzVJLyEqpTbS1p3XFMjgqD4FigeXYTu/Id10iA7OD+xEGwe43D1DkSyWUqMdSkg92MMKyomEhA5UHGuLWlISHpINwIQexRIhko8zRYMv550YWUASrJDfmrEm6ix+wPlWEgNMyspYE8FdmhaBABdLs4n8Drlj2hwEhkDlPxJ7OA2aOwfIZe7Q+0KKnYIHzaeD2UoZiUxhWxvk3odH3QIUQKoHRJknYViIlZmbjVVL6AmswAAEABJREFUDLpEWzeLhyQAfhyDcHoZj0VlSPvskCShDlYSgEYRgZTGu3oCN8IznSxnc4rpQ/BER3uAJk/MAjwdNCREa2TAEtO0cjIQcNWvUIPo1dAqg+rKo1qKsOCkvDfSsqhlAgW+DTKZJg5gIyNE1FoQxXdEyECiwgHmY8UKHJhnQ7OkNSODHVqMELYaUOM7KWZFana6DJKs25GUW5S6DlJRqV16VVe2pude+8y0CSh/e0MZiZSwwhEKcWdvSrTa+sF5JYL9FMoR5I5asUWwN+qWvVGiHAQFcugahsokoyqZgBvgUUVwi0kDFDJCOGtXeXEqAUCutOhQybNVBeBipuwmpYVCbU0x3OciRz/rU1JrAa5bwuTXdQ8BcGw4VYdMo/lggETLZHF2iHqexQg5KOHt0FFkKWPfBwXSIVYZ/TQVIZYqpMtNJ6Ba0LcuMNRrlDJ/BwcIs4MhBtAH5apYRlgFwtvQrGxIwiw7F5DelzvRKym9qWdvb2+JlgwMQqD6JQ4hM3nNzC+00CQmglmqUPU/5iKLpfPMVBQOegYEGVnmIOiyDqixkdIJSP7eccHRMtE8RWzaGZq6ySFTlpAnW0KSsAQjovUe76FthXf/MRMBzVwWECMGqALBEYBhqKHvg94aiCKgy4IuvSROHCSjqRyMRjslgpJKY0dV1YR9BMXoUBKsq6J6fMpIiinxJWhAvJLpmb1l4p6eHiI9k0CiTeLlxpiRZG86ipSEQzZtBIhLoLpMkb+xxZu34TIC76KIl/M7LoIQ+iaSEV1kDsccEF9BpPMmC72ZQ6YiLcuN5RN9l3p7y0jwtFw3IKoR1znFi0aJWIkhMqiLoxPPpImZINsNkrc5qA3DamGaGtdl04glJYjF/EtI9g+lXBZlWqNcKUKNcFTAZRGiPn+aAdbIQp8AhCq29EscjcpZ6K1AG2kFgDRzymOG+3WAZB++pwCGBxUmSUS0G0cpkzC1BjK62KWYeyieFRgJKAjHDBo6WKpIB6LbU02YZwq5hO3BgMrkRGaCSSE2yFRHZaDNBKDMSIOuQI8pERJrcEDNTgs4MhgT2Cy1ndREoMUB5BZsMI3pAo7wMAOKC/ZHYsCzAMYNeM4yq6j3BPWLfGAkcF8FWvAe8YL38WXgSHgmIPMkOCarE7GhsuSp10DDoUzYn1XQ2IqU4xzNU/2fEgK3nWDY9P2BKIlyDnLjsz3jEZSdRZXVCoKcFBJBKoxRygoSuWxfKdNTPJlQzFEJIYpkfDiTJ2xRQvQPxNmCggOR/E3KYrkjjBSapLNKpYg4VZ45CAkUZZHwsWssvrOFbggg6YyFUQA2H0gztegUIVR5GEU5aHtdakIzIpD0iaQcHNgNhg4ELJmDjKNABq1iIqUlMloLFu067mlUQRhRdwFGLmY5VspY4zJURnxtpcgLfUYFzApSqdlTZt7OfQtkihuuW+GGDB7KJT/yjU8D4ZvhGZx0L+/WxzRN6ZkBY4ZoIpQWa+GecCC2bd8ZlA4NBGtX+Ug2denKRFMeMP8FdKlOUu9gp6ngJjA75MMSiGqxBIiyLJBBuuMsL8bgJlXEErLJSvAAu7YnZ75I5mrKu4XiTcR2cbISgzoAWCU58EtfpuUOFdcwzqwCHrk0yYEH6i5gcOhvDbkWZwDZxkEVgAFZq+Aw9jhBXwYF0moVoj9AN4PvUxg6Jq0Y+sUUfSo0aEJ0yIakx0DpQD8+OARxYmDfTVMyKI5IJni50hwtUJcy5jjE5cLK7tFE/y4TqhAXCOAt/RADUPTSQigqMH6KAeNSrKXtQdDQf2nExFuofvMXrIvwjz3RGi+bQ1XrsCF+GLQjrWpxTZlG4VOgUhktJyVEcayzXR2wK2mMyjmARaVYxwUy7EB8weTuCnxPglAon70sIHhRJP6COcqyeyg3dnTmnpD1V+rQiyZ01F0uEKnjpWky62ciVXLF06JdGegVCL+B2K/wMG4QCUZFYKMRu0mKqZ1GPXOwHu69pPZ3QS1QubmzYBHZGWMIu8khPQJTd2wz5/2U7aKYOMMQU/WCivKkwpsEoXUC/4pC9qioiURcsLC/NEVRZcCIZjYOZHfXE4osOSdXPmB1FThIXRLwRhb4Mj6taCqcEOINuyVCy4ViMSaILSavD3G2im3ABw3QVJvkLTvDR9jKkX3bLe7yGJ4/mAqkrG6sM3DfTGOPjiukDD/ewbggAHbbQ9aAQrUSpuBMdyRsDYh1NFyFAl+hsucHYY3JLZXch2s4EQZfX8KmTikCW3cJWwCuo+HyhBSh9rmhIDq5nSjeu8V+LrdfkPxcbkpckSnf/ESv5us6ESCO5EJFJczZquL4g4jJUac+i+pMJBK2clm1QvNK2kXkXLo0gqGWzwqUyBI56ayRcPoKNbAHiPp2nfUQGncpmVHspQFyD2Y0HQewoOLWibleAkTmoJQIinQ5FRA03HdBKUUKIBR0A0wqKGUS0QCylvGhpUCL3rBZKKXhbrGAGCFIAIkvx5lBwgwluzHYV7rGB5Q4CDqiAyHccB0OhX6/TqP+AMJhL8pJCQhTWOaQR+4r5onFS8njKygdT6TFs7B2AYoE5EZ2NrW/awHYP8FwDXHfCgY+oM6SqMCAqc4ForSImKDLBCO1RUa4jBXklVVYFiVFNLMkAbdMm/K6qIom+35TjvfIV1KZuOgVAetEHM0StUJBcc9SVpJZ66GUYUxQJmZiLwDVEYXvGcJfAjMdpzg6aBqzUShVVKYwy8ZWDil+Q+XMJKtsjHNN0iGtfWWvbfWmycomxlZTsZ+ZBQBJP9n5ZAZw9nxQkAFPJ19B/LwXLt0TR8i54K7SHR2EfVMDiobhxlFPlYmsEpPmUx3OnZiaQT6g5qc3MWTIyQBVbwR9071kYZQ32HPs357HFsRdhYdsQMbgalD20OddeO5gHuiyq9svxwefgL4EblHqBJyAE1BFwDtrp2eVKupREb8QLLlSpzCjREZlOrPPPbTy4sdBETFgHKn2dSBYbWSjkF6BNUB821pF7wP5FXIE1I4KoLfUWypThANnVYoKwTjrSFSLdCR2GkpM+3rIr+EDKBQKNcWaaHUPHJ55gQkPYdd1ZCKQ8tKN3lTCoj0HlH7IRDPY+wpgb53waE4314NKiJUMg6XfNK3suVxvKc3uKwB5uzQLIrEtJ6DbWlKRBXFW2GuJfZeWIeJCmqae+hIwlyQloGadgajjAomkStJyuJArhZJiIhV36uIw00gZ114ZrEciV84mZixHMZBIKRLSRpx2RBC+haZUQ0VNbNmgJBZBsHnSw2nOoWbxZRKQuUm3hKSv5DkEqqTlFQCbJkOkkqpaDsJEjaC1NrcrIctD7DvYXG4ICbYG5Js6yic1IDOCCGMbyNKBSUFCcZm3c3GjYySCfJ4vYS0gbMuHVAzIkYWUcPoBE3ap2kQQuY0aiRJBqM8ouDDdhBGA2+EWacGAKqF1wLhSiMlPuZKgv+VBiUGhk0ApuV/iNQTURMgMiGmeYV1Hv1hJqdJvyeEBUYJDwCHQlepxUjNLgDR5Fb0atDXnCDSOxAKSRGVlg+yUlkxcXw8acMCEkLY6VV4YxBv9Skrs1XAJoJRjTkVrBzB0YNABQwOCKIZgxq4hiJeZAEsIogDgpMSbU3I79YhqEEkEr5WIqQWXiEDQ5YMFd4jTVFNu9irotuIeMB4MIB3o1L++YDhRpdHiW52xxPFDwUaXlSSAxJBB0VcXM9FUuLkmmTVG5FSYPLvSSVRgh0YMYMnHEiEAiiMD9pXcAPuTSR5BzwjBsuy69AhgTUJNCCTtHbhEBW5wVYhbrIvH46gO3bsP1IDpMORZ2VDHJDhYGpI4MtDhWjG0oAZLPCO/yJAF5HmAKJLkhxp/09ZC+F3Afr/u98zlsvu2ToyzRU6sdBO5tw9u+GcyHKTSgmY+xyOX/SEk3ITWon9zLD3KB/JgUglZId6iKw2OBhu6vMCSISi+0STsyraJ5VfAPE2lmEWBUQPXRyQQlk18oAaCrEXN1umJ2BB+rMlFhSttQDmBw6/xLTNyb6oa6EtZlpCrSjmXz7JhDkCrKkGeGTOrTYOpICYYyH5VCQylOqoK9EFQIDWt//Yl5LC6SpGrfoF+Fj/QgPa1PfrR/vRE18aAxYy+L5VQPtawPYc+mCwvjXKwCasfXzqogs3z4xk+XeaqoKSc5XxX9d7fmjYLOD/0VgBgeB1CdVT+g265TKzAugAKFzW1N0gjHPRYETt1BYkburK2EF/2KN8b8wbM3FMkqwOBuWUXDgMxwqtolbRyCBdDpaCK5H82lhk8mF1KS9zCWxks0aC4DA41cMiOIKEySz3ROJChaHbtS8AlUXxEmCUvCYP6xQVEFYrItagaYWWMqroM1GWoTRnTxPjsLYs5YXzaLuiHtsRtufV9rN5EX0reKFDDDn8kXS8Tt5QELlXYmk5TC2yQFF5zXN+AsGQ4A+e0VHq1zHZSckeaapIoRjldBOWxAFqu3EgdgaQ4Jah6ROqfIGXKxhgp3J0QdoIBSnuK5ElLirsdmji30NennsD2X4GKPLKsIRA2iVDCBasJFUQIujVgai85hE6qYmCyKFJbSulApW5ACIxLW1tUasoWjAAyi4Y0JXYylQgibRwYlgf4AhPGE/kdPFntIm2Edg1EaFqCD1BJpUgskRpUzIGyNSzjMK1G2B0w6UsFWTFqiidoLTCXegdJB8K3WiBuM/HYzkg3RCW/St6DplkUZWiUqAY9McrOhm1/gfumKSomOalTFXwOzXXvNzkB0otwn0UixczZsVJlg5QMOCJKwwwTwCUhJZctY8AhIo4cSCfIRQ0YZCSRgTx3lisfhKE3IN+d2lYEbzeVnSUZXJrBo6jINu2VwiMbqdSlssOrfyRAsGV9oCAVhp6yTnKaYLIGqLOkS8lUaubK974CO1BkgoqaVzq2X7LjKT6MKrVU34sOacUBFN8yppaNNltRYXrThefkQlnLghg6AaOrKEFm4kiF56ONFm8G4r3SYZRkihxwo9UwAltMJsFSkIYxRDGBASfkQdYwaVN2uVRHAhaHJ5qLJmvnMsNk2EC4UauiPwfhZyeOzMULHEF2Ugt5+dW+in/FEhI+eXDKwgOZpTA9oT1dxWDNUOwsVR0bKCmQu+QxxKiGe8FzMhVXWD7VTBc1Y8sOQGkwLU3mciqHJgfa6A6CFEdGFVVQfg3B3tQA7ElxuTdFrWzSJ5CbGMi1+eUOID0FKbAGDUAlrXnogGMv9PY2Vs4QP/VWD07sFJgJqlklJ+AEKIEO2BcNucJgb1+AFgG4t0V9UUioihQ7rtGhDFXibskq+wG+DBMfKHvjzoGy31loK5GrTnAASrR7PwKDZ1bEmJFFCs6YI7GS53ewdloB9zK9XC73QI/ibXrC2pZxoooFegXx8OD/hDaRUygUaou1Qj5OB+KiNuVPcSb8i4Zk0SeyLuDsWRJDF1oZxCE9lH3QM3UWRumVtHDNZF/jQsCwoGpCPIZhTH8AABAASURBVEsxmzBQpVnAx344KqAI4UJJQFtGZSKIGhK0saROwPUbqrrI6IEOlIDvlAdonIxgKMRDoq5PTqR63iJJCCE3uZqw7eWASIF3hI2EoixdiEB5Dv6X066BKlqFX0m3UnNggqUIf46zko8hWUDgA6D4XgjkQ8dZBKFd4M0NmCyONkUWOp+kG6bJVheE24iRoUoViG8huQOevyiCgByjzlelrj0mCEqfJyQJeaGoDKGDiGipYAckDlLs/lCv4DORDfOI+IJU9bKUiZ9VRCWmeMAWRQmc13O1pcaM0PgWQhUkYn8DSB0l+MiPB2LFiIIqcXiQszR7f9GUVkKgPBbCQN03oOg2+FYPKECyAFVyA8K8Bc/GPANpNkFyk7FCs8XRGgHQrKitGGMFACGywEyx5TYk35pi/lCp3I597N/UGgJzYBJJnJW4ObAtEdK5VBQ+CUloRZLFcmaqgC+julKkWtO+fGI7WELsMKUkXjFjVcojSyhbfPaJtoTix4p4aPP+lwkwto1BGO4FDdwKqMwSzKZH1uDikkCXid5wCamzBbvuUmLhOZosTCVnWynKZTaIlQi2PmxJwlRAGoyZzgXBltKSkZVC4IAvoIG0HzqKZsPKiQrHdBvRtDWZF0QzeiokoXfS05l+OQqgFGy+p8EgdhAOMDyZ3OtyXwL4S9TBqFRWDaNAKo4IdESwklZh7YNhwCSVRpuAqi90ZZMrje3QlDNY8xTiJ01zDCVqNLPAqQYgZByVKiaoPq9K2GSk5byiomLkZ09huLZBzxcxB8jVuyAXbgO3RScAFeYPGoAhVJZc4YRV+gEqMnpVgwJ1Kxf9BxZrsLlT5gYDQIUT0N8wxJ2AEmr3qmQAQvo4lnR74vtZiiRXESBHUcC+og2/lAtAlQjNUedc4gJx8Na2SG+8+A8mNZL3yCE4qFSJNVRrZFlYmkuJSkySBV56/GxSBBRRFpeMq0P1iKgUSFo8GJ4NAJWpx6d8QAOKBiaMlB3TRTFtOfptXnBaSlkiMakIiRKgImFEK1azFKuyylSp5ylQWigU5PpWFcFj4OH7r5TK+lVsS1cQiFyQgdMqC7i0a9DfG4wRfVOhQwtvqDoQAWmHIARpGBQBng/SVKmAHWnKZUrIYVOgQNhD3AjBznETObDuLsZuyeVgloKwXQORV8hROqM58Jg0wmTLIqudND62JwEiBsCBIlxGUafAIGh8BsRalnjwkyJEICCnxiodTzBmuudekpIaC6k/lpx9tRF4CQUqbCQHCXO2Zijf1zGcOSmE8bdUDTbgMq5fkmrFnYMaaIU0JVA1KuBD6HhLylXJzVtAHDZYEcCplxzpx2nA/gI8ls+XDrhGByT10eCWCv4fsqeic4v7/1HB4HywmRSXyLkbTxsXCHCPljsKtpMCqYMSIlZBRR6HhiIcJBIitQ+Zyi+0tKcjyoow8+cIjWcn6Ezwdo5j6vMoUf44I6gIiHd5UdY1KkiJQO045Axg+wuUPEWSZKs7yP7iyJkumyCxgjVoltzSG1Bm6agiuymp8CxQ4ovpoL1KE0DJgU8EHRpI+kJCxfTeeuMIeoKumAC8VnLJwGAlWz8C4QLMmKidWcW0HEBOpISdgYA0CES2EsbFKP4+8LIy7mLCPILJ4h8XASHDm5Qwg0q22xaSMc6aLA4FH0w1akjTvmRiRll0jDlRVDg7mIGoIJcmGkRmkmZRrPLNfPh8jlw3lwgSLLSSsrj5hsbrYypIydTGxJsX2r4pgqBii+IAwdwXt6CUQ5kLUFCCipMqLXY18yhO0UsibOKeqEcxXG0vBmWnbdnCCTfaXJHzJBSjCJUbqj7iAfTGyhYuwTdkUOYhhGUS97RSVgjmihUpNDKZDOpKa41gAyA3D4Y3rUSBlDO1QKwg3xHLf/w0uZdlZYM7jsXsw6okYPDutDdmV2RNUxcnyMMBlaWwM0LwN1yTKRSCegWnhmNbhEqKio6ALoQViqyomnLpZEJOmRzMXJ35aUjsOuyBAvlEFPZFyUDfoQ5A2yJg6nCHJPRp4+tDyKj326PSIzixU6Aj2D8hnIATcAKyQZZWlj4nDGzo+/EFcjQLIIsZ1bB5jmzz3y8whHKpnJx7a+F8IL5LdVCpEmsoaB1ZuuC6aputdBmkELtlqmSZFFwWiVyLYEvCuW+urU1mVi6Xu8vdTIKlMGqXSa25ZClkoVCsrUUmtPgztLcwXfDXk8rlOA4SeFw2okVaZwbN+hLvQ44gvGtQIajfguB9HUZFk7cRoGOo0ETRq2r0B+KIHxBY8tGLEF/DircUQwb2BaLZIQEq2bFTxxh7LyRohpoRFCkkfZMlUqFtBSzZCm+qqVIQIjfhQDktEh6mdgHYQbc8hqk6gdfHNJijtEZPQSI4Ve96/S4kbmOM3Th/Zc9Yjpt/khXlyC+fUhGQnEabMGFrL0BRUNOkp6NitYbXAGlihADYq27KVgtwWYSw0cfSjn2phrwpAUfApBBChDAKWY04hwqdPuWGBentKn/QM4ksJroHJJMNAMH6HDmAmIJ0jljrxeRSEg9hFEUXaCW2IOLzTQ/wDIWIxOdl3yCijqmrkNjHpA3UdJIElhTRQqwyPeDI6oEAtGlGcU4AquTotysATjEElci1fo/hpA2gl0ock/Wt0AmJo9bKIh4Qrf5oKwJVhiTRgmE0BOjfYjC9cowvIQAvFxCqsPWxJRe3FYyv430E2Q0DJWVChySytkIaYKUJ+jfKpyWq6T1KU99g7TuAJ/tQRgbrqLeTnyHigS4qTjhsUak6qEFmehuZF6gKTcUB1OiaLE5LkwgiWViDyQIwKoQlKwjt0cxBhQZ6ZCTLaA4LMKtqLQXrS3wP0hsHTLyMVQo6ai2lNYLl9jpghULjQdCeSotGCTbzUIznFNncmvLfArWKEWFVK5fE4Da9cwc/filLp/mCmVIEO+uBGT/rdCRLP0KY8y0sW0S1lLGwTGUqoRzK/EhtKcGti7TkgOC4+pQZK/RzqFLl4mi5ldVis94ogRJ+h+c8PCcfqIYexWKhplDsKfWC9zqGVApu3Z49pzwArBO1GZlF9RGn2GMd5u1vJxhsBa+Og/YXqB8C81266V+AHDAGIlTUnw+GIkP8vFcRVCkokGJPSYMSBkxbr0CRIVIVWggfovuotvrXKSh2xNkJGECQVA8lfNOjiuuqA+Qoz6p0AwtA2i8qH7bBqpJhxZ2yagh3EoZGVgWqgzIKwkKBcrnc29vruOG5SVvRbdxsYSslwUpl4SSCeGWVGcUAkZZ39SSWdR/y5d8GURVPYv8yO9CACWcQmVvWixZNWPGkSkx+eVKNF6HE6HEDDB0Vw8QTCmUKxWI5ANZsgFGBghWuGskIRW+Jy9/skKTaWMszLX+T8E1IAgWv56L+7orxdMK5exG2PeHbMSgDMmJcPhnSSBhRBBGl6NqaSi62lUcwaaSINjS9ZBPxGBxGtuiSAhcWk6cVY7MEOSKyYGhWlGApJSh7ReCQuH7CyI2rRLEmQErDDn4FruEzFZf2SBSfdIjWl+0pGC1ZRKeIeuI+kVJdo8cl+9+U6egETQj/jp/ajH2xqlQ1KkkdFSW2jTnY0g9rOxRpRyC+hMR8BgQcYN2VispyKRQ3VGRoytcXOlYkqSICpUQhhSBOiiFQyQFEg4D+oGdCcJMmF0DE7kblwJQRIGtFCCJXyQdkNNYLUpuLKbw0KVGWRIh4ieMKoKvrsACavYD5QYKgfKoBVQsQzwGSiMD4b+UMnRMcmNkhgx2aAQGUWUIfm2y0KPNQMpf76egbtFTiLc9ONjUQK4ZJd6MUFA+ISj6A2ka6BbZzAz1yqhdeOoMgKVdbKaDOQvjJaGCZEcZjiUMU0itzhOFECNgmim0vjRaFTaIMrqZEIHAkOIUmi6j5G53KyIHwZeCcMJ0Ygl4thTPr6tmSm1qCGcD6TpWEAw2AEBIHfcmFNbJXCzO2fTBQuoNqREUakoFRoUCjwc+kjG+6cmw50IuX06mui+HzqAaNUpWd+QkdlMu21g3RCklgWLZKAXcUtw7FibU1L6Hlcvv9m6mVzNwbK9giVtBq1BzCoaVMXMC9jBWiV0Iv9lHBjK2chy3tBFuigAML0KZxqw1x72GaxthDVeyG9IUmfBmbmrZbV0oxjnCZIPNPrQz9Fijm3GlaDnWURzVr1DQR0eDh2boDrwwc5345gv0LtQqGSAO7/oB+Fu8EYDA9+xgymMqlhQyTujwwqw6Dv4Ki/pFUG/INCgwXYelQqAAB+nOFtzLZA3VtOn94m5TUb15DvKgVFA8GlB+w/SCvFu1zPfO3DLsUKocMUPt30zr2eekMilAFVyZEohdetdqpkVF6dWj1mQB+rBWN30k4PMtk0NaVKn+vZvvXZFmWze17lRK+Lmq4QRiV1BfTTkiiESzWcfwv0+v16L0Q9bf863VY4/Q3CgzW/EtQSlMRYUr5VJtrJJehWCjW1IhzcsU6urgnALfUzT/OpgFMbKSJv1MiTV4doXwsIOWXXpGsQDVS7LmiyFoOVI6Pkb2u8nYNyqigODZLO0SlyNEFF24V5aXEwKwRi2MxTwUsGkkDC6K4hzgoClKp2rOVKVssXcRSKJdiHORbkFIUwxEFngMFXMn0hg2iApxv+uY5IeJR5N1cgcUXz2BNmKS3aBhiioDtGkiYWqYpZqxEqAagWrIF4YRGusdvIoGhjZyEtVXIgB0fAanA9Ao5nphZ6KaMjiD5Z+LX0h6lphqHxHi885C4AKn6yGUsXnQ1SsSii04j2iaWRdmUkH9qBMJfUSI6GlswBMGXS6VHRKBYW5E5ss4PrN+nGXJnAgij1NWp0LUS4wMsI0Fqh2kTFCLb0D4/pMDEAbGYUiG9C5ENgCEDbhM9AOkDiPYHjENF+nk5G53NmPGt0ECVB2Za6TK5jyNs1GyA/aNFEi9BloYlAIKMCApVADUO23z4REFmJBAYLYBRI4ySTBiB2J1Bsk1g3GyZIrOGivcSVNacuAlOekPFGlFWMuCZXLJcEZb3kjGlvjSBqEcuE2RQDsYOKtcESW1MJU7JLbcXo3LEF9P5SbDkeMIdlZJwu/Ip0uilUgZNwbvjdKjEm4+iC2YGWH1h1bWbpimdTcLE08CWo6StypW9eVqx6D/glkrlcP5IMqhnwFGTUBMCwcsu5PHcqEoSM6GiRMIVJjjhEy8Q82Gi3oqCtzYAVO3VGscRehNlJkpq0IvYqKPBj5sNkDI/R1XQ6pXXkmqSLLhY20XoHPV4MdC0q8zg/E4YtiplAncOQJiAc+eeIavGlZeUUFsmyFgRTlOosxr40FMhWPekZQsu/JoAIekczURpC5nKn6k5OPML+jHNlJG6sdPnmCF3Twm5KmZmeYshAwH65pm0/8qaadPjPNTt5+odGN5lAaC4xpHD1dJBUzgN6MqQLvvSvKZLfQaDv27AcSmxAjhxfLAOdI+ifatChSyGQn81IKA/XeFtA5Rb3BlKEC0ZCUqHAAAQAElEQVTW9VfxqjywVIV9jkxBWEPOjTEVTpITpfK4gC2op9laqMQaWlpJSxkov8FSpRJZLE6oaxld8IGXJ9HRykUk+FZuBkYMCZmIbsykZWKL+a/I3NJH7dCSlwFW2+kAYK/TJIZx3+oClOJv3tSSRLHU7BsOztNb6i2DahFQEfQQZrn/NhUKZQAabIVgTaqIhoiVSd7H0JqaGqqrC86B+V5F8GNhoZO5QykAUUsJsduoYkZE7vhOgAimvEBADZ0bJO9k4wBFu55Tq3oqHYhqk1QDJZIT6Aia7ppJAYKFDwr9GL85YIwAaUpSRwoOiHgBwaADcLeCOLbobAoICJLCVFQq4y2XweZS9hbioqQVg1QNtWm/wW3i6wwCd09SBNnasp0FOWhFROVLtgZU6EqxgExQqCSQUMGKymoCdJomF41S7pbICERCYOrM/6RhRiIJogcWdCkdEQ2C7TiDUCGFcyipvhgx8ZVhr3pkdKbEGiInVswOhKEamOAkBdhKly2vRHPZB1Bwy4EAkEQ0m62Xt2g8FbJQVYAMVlmgQkjaLEYoTlnALIhPBw0aO9QgHIBHUiEwt0C0mojNTcsN4y9wEH6tIgtUglBko2g2ya66syAnqWBEQ9PDgS7q/7mZZvJ7ClD1IYBLF2/loUGpG4gcQIUpJ4mO5GxGLEvfMUCBFsP4rjKUIYt0MGEDal+RSKulDmyYW3BwyNcNQdy0TDHCZRvCYjuXywCgtjpnUm46JZPwc/Pom4KUxF3SQqFAC4G7BA+9xhe56MZiLq9/QdPcKgfdUJEH32zKa6ly82wllm33UiwU/b63DKYQjUqsDKaEyivNnYM/sgAITUiHrb13kFp9MHgZZFOjEtUBu8nWhDAUy8f5rFBBycGYU2FTMmfhgnIwvoqKG7QycVDnMfv9ynS5NK7KmIDyxozOpxvfHFQE2VXLByy5Z2skel59BuGRR+VyqZy+XOhzJbKCxUxl0JTFBQyFov6vjPyAsVKp1N9tyAkGf2X1bQnyCgocIMudOYDp/XOfQY6C6RDtxTiofkUNBCcfOg1NBxWVEgamlcIWmL596zctqiI7OuEUqnGEd44686wg88MbQ+bIAaKQhcwl6h9aGv91HEhcJAJRB5rYUrpR6dyVSu8PmNVpCZVoVMq/zYlxcnw0iCOvpExMvEQezG1oLPlyfSfJ06I0XiikJumEKCKQBASDM2ghOssYB9FX7fogJU20JQsA9p6QmhihEBUz3H2QOQcZYcPu7SX3h8ljOReuyvsndh4wkcJlXAAZHKgc2hiWkFhxt3dS6kIBEirqoila8BaAMBaiSiqI3txpmSfVEMYXKRDCFGD5yNuGUYYBpAFLPAJBx00gqrGYE5HukkksIiOB6fBA5MgpJtHxeOH+Iml5hCBWMcwa37GPqylgkAk7lUzWD/lqZY6FTwSx51ZLri1IiSjEtgn8qCmePZ3oAAR5JeojUKHiqECb1iwk5WARQKx08RxzkGsZpEOlIwdO7R61CxGBCCBtRyTUK1N3okCSIMS8gaGPN2+jnGDEW6lV3wOCEpTNEaNmAUEjSYa8l6fgJCyy+BAAkjIE73momGUICYkjmoAZLVhelEUVQdUJAJ+vRMN0UyFLzCuDCrdgBxLvsEjY/TUGyAE4YJMGGmQXeiWCilHsaRabLAJ6id5zvFMUNH4LpzVwI2mXwycBQsVicmN3ghQrBzIfSP9CnAUx7zTCig8MApkD4RCUCvOZcln0gKBoPAuzBZLg/uucuEUjcabAWVS4Qutd7hl0XopsEqm4kZXAcY2FBzWWU7MMByZSKBb8d1RcdKtVq9Qc/yxfaZCIRZljkGYgFLkSMQHTSeufyWU5bjPpQx7VqcZOyJAhk2pIraDMdKFselROY4Wwd8qOEDDK6KoQlME/UsA/aRdM9E75Nn5j7SkWHGw6OBsMUFk4E0M9SeXlNwiwVp5GD/fUPyhCZ0sDe3MfVRGCEdw5xJ1KgeBLPzJ2HrWWS81bMlGOLgXE2/WMcnVY0HdeGIH6DlvqAS4XVPpXoxXa83WVnlnb2NGpnKqnyvpsVS27GmdXfdm4+kASQAWPt5ml9iXIvVBVtOu/InuL/zU1xZ6eMkR7HAwk66tBOX8c+mAuaxAUWPRfEJTKUOHEp+9g8Neh1YiUZzFP7BSohSqMTSdgcMLAcQXDPg0nYIBDVHnU8uXeYIJki5IgHoTS3BwV8muAIAUWBODGnlthda1H4WkVC4fR65NRaQdaBItq90PU87LWM5XrWuPZbBLFskp0FEfW5aL4VCTFGYAmz8ycTeN4WLHlYyHUZueqhuTTHkGS6O4pfKoQfaCPUbaIYOZMmHF6HoddVGgxEEIrQD6xFKVCuzujrAjkFbU4iyrbiPfGpbe3V7FToGM/C0IIFMNHufbLYTFfYNKHOSw3AO+No7e0gRKAqACo3qVJqwzoex08aAaIfZUZANgrscNLncR/w1oOgjGp/DoZpJ4FiHnXwBAodkuYLoB/DyqcURuQJNajEgeeJ3HRQe4k2arkkKnIUqYlLIeEictPJYDvMHT9hjSRAJUaqBSt4ZIalh83KPeGOeDEvE6GSG74DUnjTesL8MkvleyZWFmoa0rYrjDyFtbBeYSQJD5lnojFpIxaiAOb6k6sa6ke+D5FmBWke7yCgM98ydUaF4qkuquaHsVUBoupq1QCOV9BC/Iej6CdUwX20Xm6LJrEniZ2r8kVWHDTNi2dcTBOdsjUOUMAkMYeN4CYS3RwawWsUM6kQoYu5FbKV6KPPFgnwVug5QwsGUjcNIK0ZmRdHBBaVDFA0oHjgHKS2eoPMROKwEmNxAFYbAfIkSPMdZRmzLSfViFLWXozcSlOzqu5I/GxwomvUaMMwHLBWgVDDLZMIDGxc29Frl0NiqWDaC83/atHsEixyeIgGdQpZYYxOzoDMoISaVUqlRU7u8tOGrY5D7us9k8u3d5XzMlyVhSkgmpgXFiyqRS5PSH1HutQ5vSyAQVDBWaFoPZki5oiligkKRTTdYAB2yYtyctkCbDPt+52VU0GYpfQUmUpBmjuVEkZmTtTAPM0DWrEyv04h5ZgxQps0BInz6GvcQCHLhYn5MG4ylEx5Fz+KgPTdTGJkrtjWApergpUy17AX4OclFtVVcAHDPdu2blQZOTRV34PNqIqVmYAteLB06H0Qb0MRMi1UCccL0cAy1eOtouHNlBhUCCNP0OhqVDkqu+hP2WfAAUMoEoZIo1NCxVvNwcDth0B9zZ7qM4wghd8OddAjnWKsXJZ1mUhDlDIUJWge+0PnAA9h0xgR8uqkb3rcdcTYirn8mW1Sbhm4x+mCqbnfFEEik0xTI6gUncGPhyBkWvlPCocU+kgJLKpHVEvMxpQNW6GJpGEr+AkNA1ctmCe+KRBQ6pIdaoVFX+kcITqmVciF/ExNoiGT0qpdPsdKl+LURU+Jz65twk6NPsqiERsLSsJ9HJ5N6DqVxIpqekFvYpetQVXamZOTLCFI2VsgYcMFaj/z4/3AxAYIySUmF0LSKbOXM2MqSPKZ/BJPJWwVqw84lpmJPQShCRb7uHtQ2icbG58UDSLTLAqA8J5j7DXHQi6eQmUiF0CI5fyt0TYuIAq6keK8KLsGjtNyhpdyRvyEaTnBLaJJeozCFwbBJDaF78dHQgdLxCuZdDUZUSn4Run3OTk3RYB62AVstgUpnjA0bLXAKzE1DCSZlRUTMYR7MibCPhMsSycr3DOzCZGSRSZLwBBOCccsBESiPAbIrw4wSXgKAhXQ16sJnWix3pAvSo8V4qytObghIpRs5u95f4QmgdDOw5AKrEE6O5xtoWC3+zCcPloZAQDV6Ic2sFeNaK0KtrNIomSmnKnxxICIxXSXOBzo5YOiQwsvjkMwgEu9AIE2ZDGWbK7CRoAuNJQPS6oaOU7VEUtrbMTRmVMO0m5e097Sj52F7DpDnFTSbIG6DXF8VSjGAp8/4bN/NGZqG4UINGW5EGT1J++QNO2AcC6NyrSEuJBixdATK6YBez6CtFc8Y6wYtSTqYzibn6WNjG2KcL2NUyCQ0t30QJs0Oz2ShOvhBRQ5WcEjJHbTr62AyikTmJCtUtjs93tYdUPgT2VDgFUU7EUwV2SiAgmhCyQkyOA2qENlJXLzgnAcC/kAriu6lQMkPwh9q2SwaRGVP4CzSVaNKvMPChcBdiOO2msOdYRO7dZN/SqOo46GciAaKEWlraXEU3mAABysqrjbK6vIJ6VGWs5G+8BAwNJFyUI8zsnnb0nD29NgGSa6wwYcFMd9AQDyA6DuEpcAHJ/4DyxU6AE+T/SDw7ZJ+AEnIC+BoDco+eMIoO/VRVapfE4x/EPlIEDDhIgjrRA39s6cJBJqYhi4JAJHGkrclTLZQ6JCvogLjBtEVCG3t4eOxJqh6EuOKjehNgrb0IGLMZCBMr8tWMbP0BV57jwShs60pry7GYhCTPTIWCpMoK7Tpg7gWV/IWVRGw1EicCFllAhiaeiKDcIsxgqdUvR9Bug4i/gg5QukFEF83Kp3MNFN+pbkBbFSGiTzvuw47DgJxUorampZfJwHoWCHxToHxMAbisAQIhqgRo0TIQ89SaUYbaQErdtBsHQBKkiBUWQ3mBTltgfoahDTQBRbfQN3KaLlqxUCGHUHddHAOv7WEmj8L+UiCuogIwpF1ge+DSWlmmISCmjDQhpqqdEy8vjw/4IciSu3GMJwzLV2TC4k8+yAeQAV8DIqSgRJP6B88fJEEnEVGIZBnqrXnApZrVxHpgpgBBF+1EyBzmTYmqzNApWuEQqjp/RF5A4okinrq55oh2QmlVCwbPAegCqlWhOcmDoBFF5s8UEumHbcXLlacC3W6AHMwKPEpye4w+M/mZdYZNVnT8LUopqUFReggUm6NlCigIIn4Rc+COyivWHxLJMCuF1TiQDyifaKTB9HcZJFXRDIC2w/UsYrvgEHUfYG9AyEq+ttUBomOoJgAp6JEOaZEvQCTE1Dhd26CHU4pUloA+K/FRK6q/xDi8V7TfHQtEfkAs0OgsTnzlGJP4m2FDGOIleohWLscZR7K0Esj4KeXYeSuIGV+a9zKhSxhfyxqIDgpFXR41cKqgAkgBl0KBxbECTp0/IBBiXakQEhnyTWXPFg3DFpTc7NjhRaTVKKxZQxEp+2qBRt3IXqZADoxselZKPE6sbIMmBiZhpzZRyMeHu9I4AeN9kATZTfTB7OPudN1SLb2ZwnhoixK6ySH4A9ijVG2iyMwAzigmKPhR6e3uhBJkYZIa+9mXHVdUTUH3INPv3Hj9qa2uCk5FKZFBCNmfLZXA/AZUD5LYqyEDmoMD8VekvsH7PVm0YOibtD6DMh+TXPw28SvHfjwxpV5FjVIYcBNsNhOex0vQt4NAtMjBL35WVMsdREPRvUG3kBAv3FeoD5vgFg0qV2MSBljpTVCoxwge7l7ukEikpmffiINx7wHRcslkEYPj462Uk1VJ/kQUrlHOecDL7FQAAEABJREFU8EpSgUSNUn6lYFaAealMTU3bslAxms7nnewTEVDgDUM1uMQmjiD4o+q3jZ0IJJWTtTFxpHwHC0a5JEUP6h6kUlMdLb/WSS36KLU67LcUV4JKZ2hAXZUofkImBnKhIwEIAScUFBSsPdIwFjaIhxCVkgxH5MxcnpytJpp6IYPHxTNJaf7bMG8JQxvF5mf5BwiXC8GuqUL3keIISdKdBIb3LLLmUnqUILu3ELkF4X6INNlvh8her5auTqfeK+hiwd9NtljwT7YGNYmooDZXB4Jrce1cbHVAuO6L6/ICf0yaTJrGG5NHkI/gTdwuJaBCQ6DxkC1ooxbETyxAUiPqarnWxPp+cIuaNG28sdKUH9P5H3PE0znB/aTGCOwBrpT7YmUpOYgqqm8FPiwaRWcXTIUARkWwtpPypzJDARfpOpiK4xJjthwRqoNEYpUFhKRvNgEZPYBXEAXLpgiO2dRI4gi5MYz21QDIFhWYjxqgvMnCICMKmDJFBCYYGJhBSt+6AWXN3YMyS9GqQKGifGch3QJH3jyM3/cP+AvCapj85V/Iq8kVb8yk/WD4THH+oN0dTZElF5ugWmQCariXuxBKGJfTT82xTOC/444XnekKqNHEl1Ll20vjKGkFgFSLjo88dIVz1DKwQasiR6Ie8VnG6hE8psNTDd0IK1uHZ0i2aKRCIdJEtn4ozoExlIKFvnaE+SfHF1Qksq8iCQqFiV4piqsBNPromVv5MjsfBT4BB9dQAMCNQEz6mZH99a1CWGVQJtQikAZ5CjPRyLN9FRidX+aoJeTRUd8KnI+COP8B3UBhBSDJR1TS0To6iTsERwUQ1dTPZj4Mzgi5KC4ARa7UwMw3VH1VXgBWSZXxBSMqtUGuyL+rR+SAH9QjZKHkebij5+k9YIeTDGOkUqiAAxjuSVbu/qodKVBhxcYVnOmq1AuYhVY61ORBWh2IG+WAU4wDoQ4y9JLeQFooFGDgFxWHSnTukyH+bQ5Og3x+cGKnwACqYtsT0LfwdqlEOrQ74HBpq+LKjNdABx6kbxHl1Zu+07fv7COv/FYmNUczaVnZy6lUHZ0kYIUoESuxiTUtdaaoVGKKL2hQJSksvikmECFxFWGVkwNzI2YuTpVtV0cLtrkwFTshX1egtEKpEL0RyMInWVviENwsjq6TRz2Fip/yVYNFQ0OLw0e1A/ZiUqkGxdhHWYBky9yELdAQdhgEO23Z2hocmcvZ+Q7t4FJBXEq5DOVyshMq73jMIrsf+xZuieRvlCjLwrd9QZLSw2S5NzS46XGeIArm1nISv+NSvP/FGv93xwJT0MizWB4KggKL4W5HyCnzmt0QqbbZEZsskSUnTHxBwr5eilPSU7Qh4cELZwf48Ju3HpWS0heKcXKwGQNzJnvy7imWS9k/gp5MJUp1yq/8Uz7OjBLx7TtN2XBl4BsI0seA2L0Q+XhcNjIy7rOkqqPAIbBFEXSK/0ahGKyhGDI2CJWxldyJo2jE6tcrIEgU823eH+tVUmOlz0WqpihnhQ4GacegoFT/jk5sA0K27U9+wHCv4m8NFma35QTAnhwO+XE2CXbAy6gUGHJBTwMGaiDM+3TgOwE1GZElm/DTS1CjyVv9gMiBv01P6SWsUqhqICkAwGIAsy8ggkzi2NNQbBQRKCig4i1oYaoiIIJkMVNpbdOPvhQ6VATMAK3uDaLfjHoTtqQH4r/UAIQdY9UaoIQhlMrlkr/1BaiRlD6mogBtruJWSJNyS57jFErePNWzExBsZ0MwSTRk2anNZYEDspmbOwmGaOoXjUhgQrBlpKZyR7NRSm7/oEKTLjMr5oplbzDXXgjH93e9LRT8bTPL4M5TzbdSVCcqK74ujRHsUY207pChE8gkgpJCseDXeqnsyDlrc6iyf2Xgli93gTXalVTEUXerJ81BgSraKieIhzjI9HiVuXvK/CjHcbFGjfe47V/oE/l9WMh+s6fFnGSQAjB/BzYoHmZwJHt2gwNy1XbAFX0oNSgUqlhAp6BAGn+GiMVzGNUrhaqrgK60D1mo9FcGPK+cIPc6HlKNEIFwOXQAtM6+gnSFGIZIuf3Qg54S944zygj+JG+QSb+D1uIW1ZFTEcyS2AXXKPDBkUMl0onwbhzS1OpJlIjA9L6jQilpqSjFfupEdSTETgSoAmpEThlMDNogGFaK5XG69jpEDRswdHe/4dHwWgA5yQXAGsGoKrXwE1tIx4LMHHhlMu1kqtmeE9TNII6zQyynaolScVPa8HUOGjoicQOi6Bk1lQhYpAgokZFaBgUmkcKY/Dtqqgl2Wz6KbMDGS+GYs4YXkSkXtgXppSg9ZkXC9UdK2OgRVhaRNskT91cjsQVALEKkpxySyVcH5akYJL6OmXphugXvf7nXe7UdHofLeSGRZGCAZ/l7J/o/DCXBCZJlogPMpbl7iuErBweekUZz0WKF4Iy9iIwayakuRTA8Sh8GlEY/n/V8rwwJsUF9WlmiAJFjSCMSlQYOYGk0CAYOwD5sJ9zCe7QRhUiqGAIh1hwsujXQp6QhTQgtLgI5OpmhpTrR+iwgiAcxHRQCckXwVQcav6BqtgY0wCdKNh6Igo0a1QaQPn0hsk+o7Sd1KgJQ0oVtB9h4QCmWTUVrRkOzdAFGYKAV0xX7GQAmVJaiaKw8IeU6iHhjWSDRzusBREN/2AEUYt40DrakJNziN5yFJD0qZZQjBlVoWlxJQ2IAiKX4wzuEoWYVgVAFSCKVukhaKITlL6cBvOFfdbdDMTnEwt8xhVWhQtJs0NafDa0MTHzw/DTYNOjGQBvz69wzkEzGq9RfYj6uGRxC+IfSqA2oqsLCMmBCUHduWQxuUwkuSqk6N9cdKrODRRSHqEt+iuBjSjSWUeciu6mm7oN06a7mckMSWkI8EgGxUddZmhNt9ibvIAiQSbsDuRtadRqUO6QFD/vDqgRWWXVclXJ0ZADV422vBHEDxx6GkjhULkORsvVmhFTa3rmHcDN6CNhDb1YF8iLKzSgsk+x8nCn7qBmAISWrGgOlgw1hYGmjAWHaazm7HVqQa7lO+GHuIKwI9C28TXcKpMhV30MfyaZ06HZuDKRvZAZgYfOr6rdHZb7dIHxwjd/Z9V2nVK3Bx1tTL/WW4+V9Csojgfq1AyYWWhhVTM9NrbA0DuSKaqtEAQMtjV4D0/wWLbNpC9L7cgv8jECRx7cc/BXhwj37gxQJ4yBVh8wWhiKvu/MbW6TVx6y+mi+agUUI7qqCKUyHuCJwNUWIiVaDGPa8FMsGJg6MENVLHWRHPaWp2NAMFzM6ZMX3rty0iZSJ0mGyaUa2LnrZ4qrdM8zlgjj5hs5wiOODKJeDxxsld4IHpYvsbGxTyocShcLAagGIdKYMwJaFioXl4jEZj0gwAHppmZSFuD1FVCbSOCTEkLQMJVrwF6G9yY04pTFxCMWY+2Z9nxxVHBVS2OPDCRfKVSwWampqJJ4qMK49p1ZHEfwjYDzw91T0Iz7YGgAwez/CE6gBQd8PiN2YMDJh3iXH4wJLCfFsyLo5U4VuqQ5hCojbHzowVGDhLSgRweEq6xxhDLpE0OJT5CqgUne9HNPI+4OOBEK78SgaWgUCldEorhfOUMHWHqqxxbICou4bQBlGY8mhWgCO+ZCNTMoEMy3TGVBmPNNSyYG1FoJCCLd11b/ElsdGkgQtygqmBQHCYRFWYY5Gvkb1iQxCed3CFJr8xCGICownHuGzZHhAbmRZ/2jPQhQiSFUNGWm+IBtC/G0MywFly2B5g3upXNLULRhSAUcE1eyKQy0SUiiQUinYj7jM1ZVeqpwl+TWoGWi6Ob3R0Ay71qTHNLeUuP/3f3sAYqb6Xss0k4lEBKNE0NwpkixKwVoMgk2+QdOcVSlChlkuZNEWLCiyGEHjftFPnRK30TDIExyaDzhwyCQxygk3gAc/8NiOeQXrfg7Fz8TKMlv2N4inx2VCMhevEm8xtrBKXRFUxmd+2EBs2FSK4AS5N0A923zEGTv0/IUYMKlTF2Odb69AFSFpOfquvIqSK6DNwCJ+XOvDgg5xqLoldQLSquyPYedtDPqpsBp3KEGu5Trhh7kDVLSUWDlYBgX2q475AY1fWg0AT+4zkw6RuutDOGGxAQJOb6qGEIhr1IMddMt/0nF0lgzzNY2WobE6ctPFpVzMeo/tu2QjR+17aKp+TZPg5ClRT+XQRrI0J2X4o5IZoKkZVRIkUydDWSMzGwlQw7zIsnTKhg1Wb/JUPKmYwHBRolkATcYYcFaLiDpR7o6VURlU2tlBxEOI7vNP3Qp3BKHE8PrNbddA3pRCFsUZIS0CWCo0MIgj4eM6GMWoUVvZN1kuVE5Po4OSL0YFHpNVLe1RjLsGxi+1k5fpLGdNiA91GMqAtZpRH10rJKxsEROwyAWqlZ7UMHKMbILA2AfiK6qXq94fVRAhV18oETAq6sJB1plojY9VDWgOahfxS71hM2dTFaRUeZMmcjWA4VNSLpdpIdilzz+ejI0KDBEUnCWu7G5RFMU3+awAsfFVqsd3wMbxUL4n8lMKBVqsKfA1oCuUlJx2gtGvZgitqakRzYWRgwV/1KlAg8im2JrU3vQ076y48oP5KGUijipTRgCogAQT5+ir1YPA61B/cOBQzeIYWEu1zQ9lSRIyV8EATAipXFqoKRYorSHlEi0CLYOOCBRsXQyvE6DaF83vRXrLvaQMKDvmClQisZQ4kEZIiW4hkpwyhkjHQE9vQPCGBP+synIQg5IEKkFckCgqI9CeCt0gq5UyQlLyinQnX/aZhOClk1IhDJfBAbU7MtcVeWoZoMhAXCMCtawhjywDJuTER5/F1imo2oJLWwOz4hUgmGTnA2A0glBKhfObEJgcucZtCmNJIWWADapeAYjjZFVdYB6VAfb6xEigZVc5oD0fKLKQZDsdLLwrM++sdtCpUbFlK2FgDLOsVDvQN3B9by2hWyHk4Kp5eDvPxZsaFGlwYjKU84yqUpY7RxnZ2eLVa+KRk+q5N1UUK+7D3Q1j+wDjNL0ysLGmVY9KldVOJmp1F1IFLwfm40JUNezMYBjPqRnLnW9/AajTYUBp7NKKBqKh84BcyzWwjDQkqszWOau4AKcJCqSx7AGznJkH0H4uUL/IHlI1qIE8ypmzrapg+vhw3aE6bMUgv1x1B5cHgL4CIMweDfw7R4iS4i/oG937QEzuIvqDIeBvp6kTkwwyLGgSZSrTQUtbFR/Jpi1DhTEY0dz8wVveMWni2MaGYV3dPdt37vnCl79vL4tW+71nCmB8ea8rpzVbFCO+AAhfwuW4C6SFDoAFEKlxiQWmz62xof54V3e5bFMSGp1UjzESEixe74MWQViltEJobhx2rOM40XmFzEGtXhTdF/0P3rwC9U8qo/GilaZozlnCgY60Eobshl62jQDS7pCQpuZh7e3HNXLTKRVfD4AjA1KgMNFSPb2zBHDRuUvOOOUk7+I7P3ls156DETrVE0et6s8/eT2l9K1NO+vht7IAABAASURBVH9xz7MYMkS6sguslEejaC1EKLW1NZ7jdHX3sswhMRjEfCijlagn06ooCEpwTFkq7VZ7lB8Xbr1xxYRxLe0dXV/+9iOJoFveFSd+51FWeMOwOm+kKAPo2xawHadGEY2WTPVFOzayLRc5/Jutbkj4ADtB5gL2Ex39lHKpRLwPPqDxgTRUlRWrYkCIoETL4X6BvvRyKQixE7pPvSaRMsxhi1hQPFXVACsLUi9kuPH4wB/sDURoF2LP4+/nV/D7TUlnvTJJkhDiDAHD4FjqGF/Vo6aNalh9TXdXSfuOS6wtsMM0wjnLJy6bP9pzsh/cveHwka4o8bQJfiLAD+5JEzWck25Cgcl4sKN6WlB05w4kTspUQls9SFbq853vcYC38qoBtUZBuhG2+9XQUz/U2f/vxzxDOd7OTi+OsbaQThgEHOIOAXdaKnKO0r2pLy2nVcvHooFSdDowpWhMlB/bXpNcHj8NCkxTSPh84b+MD/ZyC97KM8fyQhI4mMTBpWfCEswkihObAcE0+TfSeYLhHs/D+ahPRzByDHt6ACWFljWAAVmnOcHta2kJI4q6SLososoCbvth0CNr+DqYCAwIYBClQzQ7pJQPFtnpHyNPgzyuGt21zSApvQM71EqkZ+Gk5QKG/PC+wrZlxgR1uo0hMpglgzIZGWZlF/xCLBp9skEl3gIVIxjJcnHmaulZVW4il+jxCkrWI2lGQaq0HMCJLb9KZMEjJ6Uzs3ElDPGjUuY46mhxK2mSOfQVkGdAa3YYEEqQPEf9HMFOgD9rdVNloBh9UIL8YGGcVZOhCbmVSzsfPwFVBaj2ytrb9PjgE3ACMMi5sSnWoStjSN8e3fEAeYFSDQDvLW0vLVE0MFBGHuSmMPlr+nyX3rHEWsp8TWPBMNFP/7qzIsXcyxXLBJ6DwGVU64ib332Nd/HCy68/8+xLxFE6tTSOc9Gz1SMgThMkTJ8y8dN/eFt4fKEHjTXF2TOmIFR6SEOEqFI+i8ylur45tvQ6sKkEB7YhXhl6SW/4ktE/3ct8ZlMm38bMBZieGu5LF510zllLvIu77n9q6/Y9HNuA7P/80S1TJ40vl8t33vvEbx5fRayBYo+OUQaWzGdqwdxjINDcOOxv/vwDDQ3Durt6/vOrt2/dsZdUDLfdfGXjsLo9+w79/K4nGGW4WDG1lsD2LzydiUpIiMhdqFhKaZO0D9x0ceOw+j37j/zi7qd47XySpqZhf/2nNzcMq+vp7v2vb9y5bcc+DkUhhFEE8XkQ4s+EHJypwCHtslVxbjOnjhs/rtW7GN48bNeemBCMuwb6iRPG+4S1dTVMUCCCl4Ac30TVIt551RnnnDHPu3h97Y5v/ugRFo1feKFMJesss3j+lBXL/fDHXz+8Zvuug4lGyB6VIAQvcq0r7k+iWKJZ08d6pguDXxMOcSKwSvzxRy6dPLG1VC7f+/Cax59ZR4hShKy9gEAREhUHwWhg6txB01otumb9iACmroB3PUOrj/7GL6VZv6CEyttDg3jLTWGi3ItXzpw2qbUM8J2fv6SjZRQBKiJQuYvnQgtSfEXxqOdRPT09TGyfvtYEFKS50+DA5WinQEouPHPq1InDPRf9/p1voow+fvOSyeOaPHd98MltT724U6EA1dypUymGxCVOHt8wZlS9d9E6vObgoY6QZPK4xjGtQWJz7cGDnXqGkgBK8AGWAFFmFfzop+AHDVBOvF9VZUQHoM0VeiA9soKWJJPJXMDCpGqIoq7C8KyqvWdSF9dCYmbCBKSOlumCjXxwBD8osNdvqsHeq/Euy0Z6ZXybWpbSdjzjuJuV0MvpTnv4pFYlEedvYsWnoBFpkZ8xIUoYOaRyQcFfYxbKzz1Unm0sjj2IioEtsjErnmAC0RjcUECiwAJ1lmQdDWacoTegLR9TRQi1qblzqFCLmGgw3Lv5TyXOlgXSrkFb6USYMynZsd+mfkBDT7QOJadYGd3OtkDYuGI3WiNvK7agxs8bwA3Hrj+xybdo5m5lz2YpjZuAKm4qI1s3auduxx3VNBYZoiEtFQAHXEtuuVOCBqWi+s/eC2UWaQdF/8crwX7LYFVBOSld7e5MIxnsOlMXDSseI6yGVDUNnpTRxo5kun6hmh4Odr0jyWaHqvun9RQk09u9gQi6aRwMDMV13b+WYshBruUaWEYaqlUmA1S4+mcDqqBAOmQMTZGrfoF+Fn8C1DB4qoa+PdyIxn+HYm8fbM0F8blXFFs5TRcsKOmbgaBKEPgrWFRkWloxuYL33BnAmiHEoRNV2Xs2U7k4GyIcWke2LFww27vwXqOqgwJxWkpU5wdj1MRV/Wz1CGjI0Ydve1cSEXjkyNFDh9vq6mp1VBgEkQtgi5+lyMRSJUhVCu6YzY8s2DKkSiQolSHYB6XAPfVbamRWgJqSQXnDky2YN33B/Jle/ouvrIuCAhmyGVMnTJ003rssFAqXXXyGMSjQ37ck3GspOqiS7aOYmCg+waKytaUmeJyZgHrFxWc2NAzzrurqa6+78uwvfuOXSmbENmfZ4pOKRTp16vif3/VEtCet23QCpCiHRBRoI4TE9ff4HtQTGi1DPlRs6eJZxUJx6pTjbFBgQn/FhcsbhtWRIELumsvO/Mq37hZ6SP8X5KXAD9BhSmFOdrWVKwN7EDWVGUnRChGFftshwnlPfEmVkwNIFdR5HZeX7tanFh1+rVg+JyzbonlTmhqGtXceR9GikkFyWqrSM+fNnjj/pEnexcuvbdu+8yA76WFW4PVsQGqi2LQKEJKpk0ZNnjjSuy0WCpecveCxp9eljZ+i5gLum8oIlOAYEgLvLULnSwUEQrjIB9Zf4ylWPDhQXlycQTjXkcYWiTllcgMEYG+p4lhx0FVN2H65JCohxGNdeh1U3dJFE8eOakpzooIxtHJHJG79GIQ2yuoBe0sSiayRA9tTQoB7raw9DTm9Ffs57s5v0gV/VlYu+TY/ed7oMa0NJDjhXWY7dfzwSWMbPRUKBXre6ZOeWLWdGKTb65mm8OGfvL3i0vsKxzFPzM5k5eDkTdnnibKDAyCm4QPLAIj/Cy0yK1BcDuGamgUJT+smzsDRgq2BMrIYiTdpq8xkJmkVEtlzAPkO42QsrjLf6zU8d/cPwS2H8wV5M2qUtqwtBGDEYjyefBMjoaUC3SAOIhogKrABh7IqwF2wkUfC3oGxchB1mwlnnkPolQkhENySnCKgxlAAwtbR1ZTomi39DBl8vci1KKSo+QBaQcid9h70mHyqRaEIUdYmhqvIBJ18bkdIcx0yXIwehKmuFGQUDWosK7PzKDYlBSKWwSheZxNNASorvoYC8GSbNAwL+9mNk04YV1P7EtItqi6DSmgd6vhow2yJnRNaJYnpTm00W56FfFr1kEyVAnYtxZWrTbJFpgvkFSBUcQO0SAUHXzWIASNGbuDKMMQveFNVbyW3ZIGaH2TmV1lfR0i0074rlRuWs5Ju/Z3dvBEAoHJzZULvm77SVkoWbapYAhfWwFyY6Pp2gMofBoD+wmy9kqaoJADrmOT+hLz0G+xOOYAhmpjqMWxGukrh7bFTIE3+nIATcALebgADtvVTy2G26iUwj0jZwN97LF6+NfMHlyAXDU3fQCKZonmkMsWyliulA8iugCSdxp+sDHInQKlq62pHt7aEyX/7L1/Zu/egDZUIVGiZdroxlo+52INZBKSxEtTRWtbYkEmjbABCPA13k4C9gL37D0F8FGRwVqxJfrncE59tae6EtV0TC2aFLcy2eduu88my8PrAgcMkC2icMM5KUKj0AI3TKjpjIJqQL20XLmwJJjIlOHBNgU8nQiPctH3vuXH2gYNHeCr/qlwq95Qh7ckB1VajZ5rHgstWgqoM0CPaDag2wNWff6/VsfN4z/CmondRKpe7uruxWhDCsEJIzCdYGBRyRD7xV8iH2WdZ5MMGJIHMQUjZf7At7jfgWEc3LxhTFXiGQITNG2XNpXeRxqoTayRSwug+kJgmju7C0dF4R8TaRNM7xseRYzuIAtejUMSMkNwyCBSpStbmIKsX+kHcJKhkNir1acAHoVF8B1TJCQFt1IBu9Sm5rnheTEoVFxhSUpYNixSw3X+4M3JXIO2dPUJhCFX0PKDojrg0ptKAlywTChdpYAykYUIC5PuTtkgKs98dLlMLlgqBihhIRuBpqUlUzgDMGyZHgQ7olRbFInDHKsMFB5Sp4QaLcTh11CuBkVatrvJNgoIPoGjooKY/5Z4fwJSNR+yxAOTSgkQBCAOIQ/3Sf7gQVZJgZ8QSVGt8rTwrkPo0QMqO38iMxBRAUZJ6BGLQGxTXSkyndoUh2RdQr7i6uVnxsS+4gGSlP97g3IU6+oORmTWJNooAjAlihqmLsBdlxEGamx2hCifC4p8/Mhhf4KtwEVVidV4eZ3Ch5A934crBGTUblVOenK/yI1Dv0m/D1g0yTjxcUB26hcpaE2EaVIWQnUsF/pGlvbi5XA6QE0P7Xj4X7v0CkFPjAodUO9T8egznzgpjUil6laqbGYiMgY9VHquqCen0kZIBo1QWAFuUgVRGa6UzMIaBXZ356jaIHTc79H+hgeS6eqoBOSiwjwT3AQyAkpxQoY+BOq7UV8U6VHlzAswAUO7tLQW/w6f5dcYwEGuCap5D0teABH1FPhggfIrxX1/y82EdgPk9JLWnqTawm+nkP2/IWi7gX2Qzydm4hOCsirrCLCVmoJo5fXJ4cfBQ2949B9XSDbKo+Ahup1tFnmgmTlbn4w7BXpixvPGCebhxGRq94842xlGw4PjjwgAnQ5I7Oru+/9P7Lj3/9MNtR2+/49E4JlajevCSNzgXLmbLipBoEW0pqpzZdsk7D4WGq15aO33yuEULZ23YvPMXdz9B1MAq7e56cV1DFDRSkfNaKyFUHo2sIYvXeBdjZtBRvfDSW9MnjV24YPrGzbt+de9vxRUZGu02VSAFWiiAuOGK7AAqM4EiECeUQgUuBIkSI8khpoxTAB7KE2IB83JHJuWQibRXHBHjlpiM+BtQ0d/64cPXXr68rrbmgUfXeFM1hrlW7cDDwFy6RA6nDp/HRJkh5uTGPzD1LJ3He35y56oLVsw7crTjjvtf5jIZMWE0Wam3xBw8lTihXNFCZyFvqicoxa6FUqZgDEJacqYqKX9L4jadlCDaF0/qJ5AtLSVT6hw+RQDRZygToZF6aHQrtgXK6w4URUjuQEgWGjQQ/iRgRbBIQkDDZscUAHgcyjYZbDdRSkCKoVWfh8tSJUWPtlyMrK0H6Ozq+fn9b517+uS2o933PropUTTRWTgxmRrUQGeIQhIoOIGhgxKTsR6OIyFqbgTpM8Gooeh/IhpIAb0yjhLUbF1pgevAqwzMD9vzCVKoChMLppZywSIbLMjDZpXsEwoYDlElgjrLMh3EJHx0lnMAuQSMA2AXrHkAQ5OQ04sknfLSZA48K9U3uq1hKoJwmgCCJ9DoQO2PkUWyMuYR9cMTIbq4Oa0HgjpTyWyTAAAQAElEQVRLjYoigzZXgaUvF+gyEQTQXWrE4Vw0bdG4pZTBVgglmBCUt3KmTaeYTFfkqSZ6DwpZQh4okdSqWGFJFMIV0fEwcRcNHO+Sa0Or4Wr0Xyt8Bw4GZH0N45Sqpmh0QttULsvN2M5ilPmcfLmsDgG2xBUcKCpHze7MbpCnnCy8HHpTITOz5pADRu4i9ciQDhegw+tnyE2jDH0WgqV6fMwINoO1Q6q7LhX1beZJQg5Qxd63cspcmfoU3jpToeC/azAMOwOvoTIwoJUjiolj5qaYRejAgmqoNqCKO9Ad0gwDrARDfafAPlhiHdiQHPsIQ6DxWAAdIE2seo431F26XCqXS92ZfhYz6EDTLrFnFKh27UOkVXVF0ApRqmwaZ1bVtFfWcgEeeOG4GipIz1pQh0JkK29KNWrkiPDirfVb7KkEiF5ZU2qJr8DKUBZbkggv488HcVDHYlQfRCfNKPzZVa95HwVbJVDdMkwWTYT1lDDGR4mqOE345/c84X2YhGw20XTpvmyt++hpFVm6WEz9+IIe75TYEg0WUbNisn5x79PeJ+HD1k669Ro189HqiVAiUuwAhLiVfMBSiXD1CuLt09jlq8hZtmzf98Vv3id1GBGOOoXEq9RcCuWQgXcSzoo8H7aT5XaLi5KpWCg+lREEZNXLm7yPJIVjEEQFlkulHkqTMGIi1RWoRg1mecou3Fw7gidAlWvZNFGJI6HsxnixkYG/JYRvwhKCGMCUFC5CAEqVXqs8pDgukIxAwudYjgujUqKwJCpVKWaHHlXMbdNHE8lUSAGCVFZ88jbvbnyCqoLEJhLt+sc0hthbeGuufm2v92HYCrZB10UpG09KMAyGW0qEJCanhPKbh8UxehBbCXMBSFmpPMRlRgPxIapqiRJ7AS3by0JRR2opXQ2MZaoLSSwld/JmHiwt8CrJzkoCdmSaNLaHYZwctCKQ2EG9LM22U4piihQqa6ARcqBWG0Q6kZaksTVqJSFCizqKKCCHqHUGNANErSWV+W9LbMsMhqmhp7DINVZolBV7Fxi7KjDzM+Tbm0ivsz2WUSLgycRQRwaxupo3mY+ARYpNlgbBSGUBwFVEsD2xulPRsMkBxbI4qOcg3YSBVpmvqrgKrO3ghE5S8kIGI1k8A3Oc+zi3vjxcOg9eQucbJTosnlUsvAKEPBqjhO0yMBopM0GevmHHL1PDd9prNR+osB/I0uG7Q5XKngFyGTcdUu3wBo59BhPkHaUwQGohUoMWaE1NjXfT29M7OOMx7HWGAWJ8OyWGamsd8r3QiW42f0iCApM3Y4Pbyg7rydWFAaPI2wP8owB7eqAMFi5cxao5UeuVQ/KClxI6tLt8+94W8BfEgwIyqWsqJlTEvWLxfcoHstuQkFGtLddfd3GYMKK5ObyYNnXiB9//zoTp9u27H3j4Ge9iwvgxV11+brkMP/vl/e3tnQH58KuvOH/SxHHd3T1f+ebPWPYL5s9eeebSSRPHDm9u6uw4vnf/oVdef+vxJ1fJiixftnDpknlH2zt+9ov7vdtx40bfcO3FkyaMGzas7uixjp279j748DNbt+9SldcTdOG5p40Z1drc3Njd03vo0JGtO3bfcc8j3V3dIcKkSeOuuPjs8HrM6NbwYtHC2b976/UJkwce/u32nbuT25ramuVLFsydM33GtEmNDQ179x/ctHnHK6+9tWHz9hBBCEK47ebrCsXCE0+vfmvDVu+2trbm6svOnT1rSmvLiL/57Jc9i1112Tme9TZs2v6YZwEgp5w875ILzxw1qqVQoG1tHa++seGu+x4rl9PmPn3KxHdcdf7YsaOG1dcePnJs247d99z3xIHDbarqXjh/5gVnnzZm9MjhzQ1d3b2HDrdt277nznsf84/vJLqosxCuvPTsieNH++o9tdq7PeXkuRdfcMao1hGFQqHtaPtrb2y85/4n2C09p08Zf91V540dM8qroyNHjm7bsffu+570hKpiCrxn3TOXL5o3Z/q0yRMaGuv37Tu0YfOONa969tzBoglajhzRdMapi+bMnjpp0lhP+K5dB9Zt2PrCmjf3HziSYC6eP+v05QvD65nTJoYX56xYNm/ODBJzfGH1m2te3+BdL186b8nik0ql8i/ufORYR3CCMMCEcaOvvHRFGeDndzzsJTbU11131blzZ01tHt5w/HjPvn0Hn139psdB/SaMemwXzZ85Y+rEpuZh7ceOb9y64xd3PdZxvKtYKLz/pss9pEeeeHHztj0C5cK5089fucyrsubmhm6/ynwz3vXrJ7t6ekUJSUkYuOLiMyeMH3XsaMftdz2WJC5fMufkxScliePGtF5/1dkTJ4xp8JrS0c6dew489NiqrTv2Jszed+Ml9XW14Z3nit7fYXV1t918ZcLQU+zndz1WKkWahLpMmTR2yeJZs2ZMGj+2tburZ9uufW+t3776lfWdnV3EBiCNkzl/5dKF86aNHTPS09DztD37Dj/17Gtr128X0NNLoOPHjDztlLmzZ04aP661t7e078DhzVt3P/DIiz09pQTvphsurK8vhtdxuWo/cNMlCULn8Z7b73wibHGXX7R8wrjWo8c6f3H3U4K5Q00XzJmyaMGMaVPHtbY0t7W1b96+b9367Wte38y9II+r55Z3X1AsFp589vUNm3ZTWjj/7EWnL53T0tJcKnuqtq3fuPP+R1aD+JITkoCcMaNHXHL+0knjR7W2NnulO3jo2JZt++59aFVvb5l7LQbp/olhem1t4aqLT5t30uQRI5q6urp37jq4buPO5158y+sNGCMGRPzmV3x8oX83eeKoUxbPmjlj3NhRIzzy7TsPvLVp1+pXNnce70Kqkr0LeI0f23LZ+Uu9y6eeX7dxS+r2N99wTrFAn37+rQ1b9lBKz10x/7QlM1tamsol8C2zac+Dj78C8bmLC+dOXr5kZkg4feqY8GLlaXPmzpqQGHz1q5tfW7sjFU+9IWzY8qWzZs8YO2l8q99j7D2yYdPel17beuDQsaR0pokDgPDulJClC6Yunj/F85Y771/dfrw7EhbDyJbGM5bNmDV97PgxLWUoHzrc+cRzb73yhq/YaUtmzJs9/tCRjnsffiUiYXbgK9YUPIQ5M8dMmtDaOKxu/8Fjm7cdeHXtzs3bD7AiwjCwpQunLJo36VhH1533ryG+nwy/+uJFE8aNaKirPdrRtXtf26PPvLVj15FE59Qo4d6uBbJs0ZR5s8ZNmdTa1FB35Ojx3XuPPL9m24bNB2QTJJQTx7csWzhpxtTRY1obvX5px6629Vv2r3ljl9d8sJEoTkndMkKoqy1ccu6caRNbR7c2eGOKJ33PgfaHntpw4FA7rysZMXzYNRfN865/u3rbxq0HZRF1dTU3XrHIu3pr84Hn1+w474yZUyaMCIm92g+R3nfdySkBkPsfX3+o7ThbvpbmhsXzxs2a1jpxXLMnYPd+r1EffmXt3oNHOqXDgmHJ/PGL5ow51t5z18PrvKQJY5uuOG/2uNFN9fU1HZ09O/Ycveeh9cc6E6+A5oa6qy6cPXni8KZhtZ1dvV5Jn35hx8ZthwW2yZV3ueLUSfNmjvKM7PVaR9u79x3seH7N7vVbEhI4+1RvktVIggfYEU11YepNV89li/nAU1sOH/FaKF0yb/SCk0Z77nrvo5vaj/cKrdRrF0vnj50zvTXQsObIse49+9pfeG2fryGVTjGOpzpzpo88dfG48aMbmxtrO4/3Hjh8fO2mw8+u2c1iKtoWyEGrS+ePnjtzpHfxwiv7Nm5vk/AjTRed1Lpwzijv6tHf7tx3qDMqKBDF29pU28gihH1PaflM4IpGrAIpB8+6GRNtJB7lWinjyvIrJyDCXMIe1xYhnBEkwZSg5gLWPGPODviAUYD1u0nVi2Q0HdRoMlXsVewdxwqlTaiiW5NPYnoCUauN09gwt3Ynp1zQIwFJoiettdbxIybHUBVZTS3kggkZayhgrRLGNeBoEdYDxMDQ8YxyYzaYUMAiRcgxuUHGneiQO5PdLQWBHS7iPNnaqWUOceCvILSnr+Jrf9THLM0dX4Jj5YJDaprlbIJs/bajXydZYNN23KvR2B8SewQHYdWlcmqdFrzyRHXplnLCrFLjdmILyCX3Sz2okpYDCtQFBdvXSI55JjwLWuvu1FtJKxaL/gFqXhnLJLtSFogZy5IFrEVll5+/5pk4ckQ0esniOMseEOCmYt93PY6zoSyob1+AATiWDImKs53f9F3YR41LaMrggf6MmzkRGNYP4L2R9T4F781Yv5u/+gq8HTws3N9yyI/XTnGBRHwVO/Ah3JemKnGBVQYX8TQnPlVgMm7c6NNOWSwkjhjezCYuPXn+/Q8/4wmYOnl8mP7Whi2/fe7lT3705nlzZwYotPN48NI9iNVtamz4+IfeM3vmtIRDc1PT2LGjFy046bKLVn7p6z/atWsfK+605YuXLvbjAH72yweuufy8qy47jyWcOH7sqUsXPvXb1T/82T1CeVtHtvzRJ35n7NhRLLdRI0fMnjn1/JXLH3rs2V/e9RDxjwyectopi4QyNjc2sok9pdL3fnRXeD1n9vTf/8h76urq4kza0jLcS7zs4pUbNm7976/9uNRbFux9xml+FEJTQ4NnmeuvvuiSC84sFKPNorxBp0xK55+9fPjwpgXzZjz25Kq//JPfnTolCW0hw5ubJ08ad9F5p/3Lf3x71579XspHb7th2cnzEoSmpkYP4YxTF//irocefmKVUN2jRg7/w4/fzBqhqcmP9fSMcN7KUx5+4vlf3PVIeAKsxkfOP/vU4c1NC+bOfOyp1X/xx7d5Fc2o1zR54riLzj3tc//9/Z2Beh/5wDuXnRyGI/gcmxobJ00cf8apCz1Bjzzxgixl6qTxn/rEexsbGpKU5qbGmTMmX3LBGW+u3fSlb97ORkMmsOKMk29+12WJGT1oGTF8/rwZ11557t33PXnfw8+GiUtPnnPasvkC7fQpE6anFqbjxo6KggJPmb9k0Rzv4rkXXn/zrS2RepPHLQ84rN+4bc++Q5/66LvDPfyDopExo1oWzJ91wdnLvvT12zuieKAU6utq/+gT72XN5Tn/uHGtZ5y66Bd3P/rsqteWL410+98f3ptUwMiW5j/86I1jxzBV1ug584hZMyafu2LpI0++8Kt7niQipB18COetXDq8udEzXRwU6CMsXzrv5MWzvYuf3/XYVZeddcXFZ6YimhomTBh1ypI5zzz76o9++VCYeNbyhWHMXAI1NYXlS+ckt5QWHnnypd17osghD/lDt1y1ZNEslmTc2NblS+beeN353//Zgy++/JakM0E8D8i0qWM/8v6rW0Y0MRoOmzhh9LKTZ6/bsOOb37s3CDwS4YqLl195yRnsBoatI5vnzp5y0Tmn/PiXjz6/el2YeObyeXy5oFhTPHXJHJbVw0+s3n/gqHdx7orFw5saylAOggI5GDGi8VMfuW7s6JZg+zf/uXf48IbJk8ecfeaCY8eOtlCZcgAAEABJREFUf/Ebd+3eeygtUlDM007xm0bDsPpdux/66z99X2NjfcLNK+xJMyeec+bC//nOfdt3HuDt4Y+F775uxcrTF3Cla2mePWPCuWct+NEvn3hxzUYiQ2DjJYtmvP/dF3hljCzZWD+qdfjihdOvvmT5l79939bt+3kSfHkkjOd67zvPOfPUOUlCMyGjRw1funjG9Vee8Y0fPLRuw06ihOj3GpPHjzrl5BneVXdv78YtuxNWpy313aahoX7nzw595g/f0dg4LJHaMqLhpJnjzz5j7le//9DOXb5JT14wNWTCwtTJo71PcjtuzPDX1m6PvQvOWDb7xmtPLxaKCcKI5sZ5syZeedGSXz+85qEnX49fXPAH/BJ8/GTTTjl52uL5U7yLF9ZsWrdxb5pPyamLp733HacX/W4qQm8Z0Thj2pgDh47+x//8ZvnS6SfNGAcAQVAgB5PGj/z4red61ojuvXGzqX761NHnr5y7buOeb/7gqXKsQvi1bNGURfMnebd3PbDm0vMWXHLe/IiMkMam+vFjRyxZMPnZ1Vt+cc9LfJinX8KWlsbf/8A5I0c0xsnUc8uJ41u8cm3csu+7P1/V2dktxSySd12z7IxlzCBOho1ubV6ycNJ1ly769k+fe2vT/lh+Asx0lTmN+vSlU66/YnFNMa2X5ub6KZNaT1006alVm+988I2INhijWkcMW7LQj+0eNqw2CAoUtiEkw+qKIULL8GHPr9mxYvnU1paGBCHEXbJgIktz8HDHA09sSDice8b0Ky+YU6Bp/FjryIYFJ4254vyTnlq17e6H1xHWfoQuWeAHBXo3dz+y7soLZp97emqTxoaaMaMal8wf98v71616xWsacNayyddeMidpwo2NtaNbGxaeNOaVN/f9+O7XI+syWwdOmtD8/usXj2hOe4mmhtoJY5pOnjt2w9bDP7jj9ePdfqzzmUsntrbUCetunlz29uCR4w8+tdXTYfH8MYtO8hV+8bW9G7YeYXFamus++r4lI0fUs0WYOLZx2cKxm7a1/eDONzu7+JB0D2FY7S3Xz582eXia0lgzetSwubNGnnvapO/e8cae/R2cFyRKcpsCMi9CAZoba5bM8xvypLFNX/jOy0SCwIBw7UXTmxv9adijz+7AX3FJwCJB9qMA83625Ff+SUbQq5TT4xAXFO0UuVClp3FXtvaL/2BKdnxnH+yCnGxOie17J9OKHKxcm5WIo6oj5wDUt6lKyZvUOB94BSBNBEkyphCCSdBbBE1s+bpqAe4rvqQ6BD0nLkmnmgW9mhnYo0Yp6faOKkvKXI1NA2GVpQXhpECsdZHLi1yDTrYdBpgyNIoAUecpxYIJQbwwIRqqQMsDjP7gxo9YQTY0oyuiVE5okHkMVfQp4ICrZeyqiHBp1WPqUrLVfE7+UgUGFUvOhVNFDa46/kMUfRS4k2QGB155iQVAI3Eyi87THJnYmocZyF/LKpW6IvD79PzDVara6t3Ae1L2llb8gMDensG5vZwtAMkx8KifOiwH0sFVldm07c8yVm0AffuB9VNLH8Lbp+L6uqQFMoSAcl/9qcIJGKhQrQqiJ+o+fxjSFqUW+9oMBZALaD3I2a0RgsWbhExgyZCmH/xBvD+nL91d3aXe3uSTpLOJx9o7Bar6+rp/+P8+FUcEegA9zPZmn/n0R8OIQCiXd+/Z99ob67fv3F0Odhsb1dry53/4wWIRn1ecu+LUMCKwXC4dPHzkWHt7uGztPfees+LUSy9cweBCXX3dZz794SQY7lhHx5rX1r3y+luHj/iBPoVCwcO/6rJzvevjncd7YyhFm575y0BMEUvHjnaEtXPjOy7549+/JYkI7O7ubms7Wo6pZs+a9v/+/o9mTZ9MFPCJD73nsotXJKFs4P+Aj/v53ic/8t4wIrCnp+fgwSPd3VGcWW1t7V/+8Qfr6mqvvvzcMCKw5O8TdqSjM9riyON54/WXzpwWio58pr6u7q/+7EOJEdrbPSO8FRihLSApXnLBWVddenbaAkxLQb//4XeHIW6+eocY9epq//wPb62vrb36snPCiEDPagcPHe7sjHyDForvesclM6dNEvhfeM7y//PHHwgjAjs6O9/asPXV1zfs3nOgXPbNMn/ezH/864+3tjTH6JGKH/3A9be854rQjJ4ab67d9Mabm/Yf8HdO8pzh2ivP/dRH3x3GXXjOmVRiElzIV27vkSNHbZbAxo4Z+QcfvtHzHI/86LH2I23HfCUDMTOmTfrY794g4I9obvzs33w8iQjs7endt/9QR4dvkEKB3njdheetPEWWUl9b81d/cmsSEdje0fHK6+tffX394bbIby8+73Q2mC8FcFjMO/vMk0Mm5VL50OG29vbOcD3FK83KsxZfct7ykMfxru7EUAltb2+Z+ZQ8DqH4MaNa/un/+3ASEejZ5uixzq6uaCeqmpribe+74kO3XEVw1TloaWn+40+8u2V4k5fjSdm+Y/+b67bu3R/Fr8ydPfnjH7xWLuofffyGqy49Mwy48armSFu7p0DoSDW1xVvec/HlFy8Pqbr8bq0cfhIdvAbFfsolvTVh2eIZf/vpm8eObgnve3pLR452lHpKIUVz87D/86kbz1+5GC2m57p/8YfvCSMCu473HDp0rBRvZNjc3PCpD18rb2Hy/vdcsPKMBeFmXQcPH127fsfmbXu6u/3IyNramlvffcGkCaNQWYvmTbvtvRcGnSr0dHvN9lhPd9Qb1w+r+6OPXbvitLnEAjzkv/6Td4cRgV4T2Lvv8Jtv7Vi/cVd7sKemV78fe/+ll1+wLEYP6sF0vLTss4UC+fNPXhtGBHrud/BQe0/se8Obh/3BBy8L69dr1z29veEnrOJQqx6m0z5ytDOWQ25773nvfceZRT+cFw4daV+7YeebG3YePHwsVPSqi5d+/P0XxKFaIMVMAPbzXDC1Nrju0iU333BmOJx5Pb3njZ5ETzFPzOjW4X/5qSsLsX34/hfOOfOkP/rIRQ0N3igDnZ1dG7fse33dzj372sKSzp01/jN/dGXL8IYEn9XhrFNnhBGBngMfPtLe0X4cgiHGK52Xdf6KkwSt580e9xe/d0kSEdjd3espGfqVB7Omj/2rT15aW1tkC1ZfX/sXn7z49GXTPC5lzxP2H31zw971m/a1t/tbRXqe8KH3nXXJuXOTgqHGCb+WLpx449VLagITdXR0bd52cMPm/e3HuvwTqAv07NNnXLhiVlwFIj8QX3IidXT02PHAGfyeKrCDj5N4SOgtHZ1hYaFAye/devrVF86N6gVIZ2dPe0d3PM0g55w+9dMfW9EwrMgvdEXXK0+dGkYElnzLd3V2hq3M33nznZfPnTlt5LRJI8KIQG8kOnq061h7d/Le/eT5Yy8/f5bAdkRz7SduPmV4cx34P0so79hzdN2mg94YEoqcPX3kB961KMQ81tHV01vuCUqUFDO8TT5BMUGqhtSNT5ox8k8+vDyJCOzqKR060tUV90szp4749EdOq60R52afvHXptEl+RKBXqL0HOtdtPLRrb3spGBRGttR97KbFxSK3+4QESBt6ZvXu0NXHjBrW0lyH0AAEuxL6WW3Huvcd7DTyFLJYz+E7ItB/GCY2HyfkDPh9zza0GHvycv9/wOFD+Np0NBoICKh3JSpJHMOcgJGJA+b1ROfSNom6cEAiUKjYyqmgvAUkPeYrGFm4IIIxWfsLtckZDdBSsVYFkYTDsQNAmAN7CxnqFxdgKpJqzy6VdA1XTSboalmpnU2u0SBAiNSOlLQuWkmhHolJcZVA8S0hKKTrwT4i0MzJbFWhLXIZbGsCC5vLuqNs7VQ3KB67PFdVliE7YM4Homk4QSN3CDxI+wU7/RKy/MNUJBGVIbIdjNbHlAU3tVNnCziZGKMStQVCbPoxTZajPhyRRXeRLc8Vy0Bo6mSgAjk4RyskcEI1YAgXZoZgwKgGZGWbuaseIqDq7U11qBuhDHTaBkPMcjNVkIP7ZkKEzKzcwNTrggWiWURukLWuXLQf6A02m359V6p03udm+KHdUeZUOmlwGQBWy6YCzfYJ3oOEcQxqHM1HDwXujuAY7CdK8c8GIlRMJyGTAinEtH5mhBClFzippMCrWaA1ZJAD+84KiDHGhsZ/c3TsE8FgAx+qGAuouDkBAwoGZt0MzBOSQ5XysFgw3ChO37Lj74YIeVe0mSFEBz0anyX7xwM3bt7+B3/22eCSzp419U8/dZt39errb3356z8WMJPptKfoVZedm4R5Pf7UCxs2bdu4aUe4d8FNN1w5ssU/zu/goSOf/+J3Dh6MAn1aR4748z/+3ZYRw+vr62+56drv/OAOWZmb3uWfW/rM8y9/70d3himjR7V++g8/MGK4/0762isvePSpVT1xNMOVl54d6rBv38F/+Y9vRVsVBnDaKYs+eMv13gTm6svPW/XS6y8EnzDrrNOXvv991/pSnn35+z+9R1BgwfzZF50XxWNt37HnP7/yg/aO6G304oVzPvqBd9XU1tTV1X38w+/+zN9/Sa6w6dMmNjb6KpV6S8+uemXd+i3r1m9lt8FramxcuGC2l/udH961KlbpvLOXv/edl3ozM4/5pz5206wZUzxLPvDwb++499EQYc6saZ/86Htqa2u96w+9/x1//Y9fjiuEXnnpysQI//qF73QwRjj9lIW3/c51gRHOfeGlN/bsO5hGGSvczVN+4fxZ5ZKn3j2rXn4jUm/lKe+5/lJapDW1tb//0XfPmDbJU+/BR569497HQoSTZk395Eci9T5467V/809fTfh7lX7DdReFsTiPPrHqZ3c8nMgaM3rkn/7+zSNGNHsu8ZHb3vn//vN7SdaKM5YsPXlOaMbv/OjeF15+M8lauuik373lWs9Q8+ZMv+rSlfc88NQd9z7ufcLc991wyTkr/KClH9x+/zPPvcoXzty+Ljn/DO/vzl37vvCVH4ebAtYUi7//4XfNnTPNK9HsGZNPmjVl/cb0ZNv333RlfRA8Wi6Xv/3De15cE24xRRuH1X36U78zdkzr1Zet5CX4nnDFJWc2DguqbP/Bf/vvH7K7D562dN4H3neVH8N06YoXX163Z/8hSXVj3xs523veeZH399lVr3//Zw+GKaNHjfiT33vPiOH+znzXXL7i8WfWdPf0/Pnf/k8i4guf/VSxSI91HP/Lv/tazI3W1tQku1594kPXNQexXKUS/OSXDz/zfOTAdfW1H7n16vlzpnrXSxfPvuDsZY8+9RKmWKr2H3z4HcVgJ79X39j0rR/e1xuH7s07aerHbrumpqYwc/qEJYtmrnltU0Jy8XmnzJoRbQD22JMv//zucDNFWl9X+6FbrwilX3nx6W+s3bJ1+76/+PtvJuI+/48fKxYL7R1df/UP37LvZhsa6t//3kuKwfZmnce7v/Lte3fuOlgqlby6Ht06/A8+el3ryGbvAen6q1e8sW5bEs6Y2H/ubD94t+t49xe/ec+2HftCuddefsZF5y3x7GqnRAYAABAASURBVFlXX/Ouq1fcfvczibj5J00+ZYkfHdXb0/uN7z/45vodYaV4mn/0/ZfPO2myR/WRWy/7u3/7sazqeSv847O9Av731+/esy/QhJJxY1o+9dFrmxrrPcJ3Xbti9aubjh/vxjbEi+uFklvedd6oVj889+ix41/61q/37Duc7KV2zaWnXXjuYo/V5Rcte+WNzfsOtofGxywH4muYqMeJLufO8re7O97V/eVvPxhsl+hnX33JKReds8jjX19fe/2Vp/3y3ufv+c1L3idkc+M1Z6w83Y+T/ukdv3129YZIdCzc+z7jlFknL/B38ustlX/0i6dfem1rotviBZNvfdfZNTU1c2ZOvOy8hfc/9hqvqnAHfLJuXG5taTz3rCjactvOQ1/634d7g0ipINZtzjsuX+YZf9b0sQkniEMoR45ovPaSpWGzevK59Xfc/1JcDjK6tfn3bzt/+PCGEcMbbnv3iv/81sOyqtdf6Xdxq17e8tM7XwxTRrU2/f4Hzhs+3G+bl1+w4OlVG4OjtCFU5tZ3nVGMY/L++9uPH/Drzpe1eP6km647pa7OG9FqPnrzyi9954lExE3vOKW1xQ/YPdZ+/Kvff3rv/vbE5FdeuOD8FbO9tYFLz5v36tpdu/ceZZ6rgRD2t3fQ0FDznmuWkGAWdP+jax95ZkOUVyhcfPacy873O/lLz5vz3Mtb2zt6IxsB8v5ZWQdAvvzdZxOJf/bRc8aM8vu3v/7cg4RRJb6k11++YOqkkWHC8y9v/9WDa8PgNq8qLjl71kUrZ3urIqNHNt7yjiVf/8mLnAYBXH2Rr/BTq7YnuwlOnTjiQ+89tb7ODzK88fL5zU113sXGLYf+9/Y1oTMMb6r7+O+cOmqk3+Gfs3zKY7/d6m+AGm2jSD70nqXhhqZvbtj/wzvf6I3Cr8lJ01vff8PimmJh+qSWhbNHv7Hx4Nd/ssabSHgDoleQP/7d08eO8hn+3y88JVmE8sty6dTTU+zma+dH0ZmdvV/54csHDh8P9Vg0Z/S7rphTX1f0CvK7Ny766o/XJPTXXjR7xHB/jDtypPtrP33lcHwKc0vzsE/cfPLwZq/vL95w6ayf3bc+kQ7sGmyyz1i6lO+/EvdGkLc2HZk3u9VLuGTl5J8/gOyBesFZk8KSrHptH/am3pdljkkGbrsznhyDuLPS4YhS7JGJ4jGg8sl/js+JaZyI0Bv2CYBVkj0KWGPaqAE6hHCnQBJaDo37wCOfifo2ZotwIorQErTSUIkyD5AR0mt8T0GQBLMKAGM13CAkVAJoHAQodf+8vjILwLFxUcQ6W7QjLt3ERc4CG2Q1QjhEJh0fMLY1FV1dAdytfVvCULT+bGxVBuwM1WvSGVcQVAhSknUlOmhurAHLKlJzVg6cRnNYUClR7GwFjsKNaGBEg3B2yzypWEsCM4qQblcey1JjJBXoxyCAOq7dWpOs+fmTcp5lAEoorXxGhimA3hixnSidEXFi6BtBGVjlKM+iP1XTZMjMDvZsDZ5TtdcMVSp4dqDsIhEHlagK2tUII21F+QbC6tTAAKpXUDyaOHPJB7IyAluMAdekUMiiJfRJ0dAht6rjGnVMzwrUJk0rFHJTikamKkRRa/5FmRKAweG+MVRkjWAtUpeLJVAmj0oINE2kSZwEjV7h0oiWMn+5aAoWMfkbKknj7RyCykpDGuMEEp7fGB2kE6VRhvWQ2imwehOiEzB4gFqk9InYaomhbxNHp0nnWDmnQQmWq2ADHOxWJzXghtinpgH/9WfJf0MPzPtLMC40ZxGVBwdbvDAQ7ZEnnvuzv/rcnfc88trr6zuPH+/p6SmXy2ed6QcBlEq9//zvX08iAj04dLjtC1/+XjhTPHnRSShnb+Zx/0NPfe+HdyalOXDw0N/98/+EOyHV1NQsmjc7QT715AXhxee/9D02ItCDVatfu+83T4UMzz5zGbGG373lHWEJn/7tS5/9928kEYEkCJT8y7/7r2PtHSQInnv3Oy6WO58wInDLtp3/52++8P2f3vPci6+F27+x4Fngn//jW0lEoAePP/XCPfdHARmzZvihLT/95YNJRKAHb23c+oUv/zC8HtXa4tkhYXZKfMrwf3z5hx28EZ5f/fp9v3k6MsJZS0N8Rg+CQqDet1e9/HqC8fjTq+95IDrNNtwi8We/ejCJCCTBqbtf+PKPYvVG1oRnmAY1+LHb3hkexfvrB5/62R0PsV66/8Dhv/ns13qDDSanT504dVJ0EmKxWHzv9ReH15/74g/ZiEAPXn5t/X999Sfh9aXnn1EIj3S1AvEJESXbvnPPZz//nY7OrjC7t1T64tdvP3y4Lcw9b0XqS+PHjpo/dwYJLPZPn/t2HBHoQ8fx7r/7f/+7bcfe9ARbSEUuWxwdYvufX/2ZcB7xqpfX3v+IfyyyV2UrzlwkaIs+4qrAM8yDjz6fRAQSvym1/dPnvhuGqBZrigvmTldTM9zj2cS5Zy0ZN8aPp+npLv3j576XRAQSf7fRni9941e/uieMUIHrrlxZX1erYdvS0jxurB8OcvDw0a99557eoHsM30GsXb/tnvt/G6Kdu2JJUvra2pqrL4uidX/484fjiEA/t6u758vfvGv1K+uDUtMP33oVUgpOB6uu8rabLg0jAvfuP/zXn/3Ojh37k+Z+4NDRv/t/P3wrOEjXl3jL5ZIIH3q7e/+/f/5+EBEYyb3r/mdfXBPFRZ28aAarzBX+Hoc+fOcnD7+5fnuYDkGU21e+fV9Xlx8J3drSVF9XRLXdf/Do3/zrD3fvOwIx5d79R/7vv/5wXxCt6BXk5neeS7QwZfLoRfP9wMqe7t6///ef7tl3mM29+8FVT/42qvH3vfMc4gR8rwP+LqS9f/tvt8cHKPvZ9/xm9YtrNoc4SxZMM3DhbwvFwg1XnRZe//c37g8iAhNR8OqbO77y3UfC3AvPWVjAfoGgfQWSWDS8SqoMbn7nWeG7o3Ubd//nNx5MIro8+O0LG7/87UdkPqGg295zdtgz/Obx1+OIwAjBc63P/td94badUya3ThrfwnPwwRP6yFNrf3LnC8leSgcPtf/b//wmbNo1NYW5s9PTzK++eFFdnT9etB3t/Kf/fuBAFM3pw6tv7vzcVx8JN2ybNmXUonlRxO3kiSMXzgn3si199ou/2bv/GLtKee8jbzz5/ObQBO+5ZpmgmwBnnTI9HA5eeGV7EhEYwmPPbty89aBHVywUli6YhHFIWwfg7RakdWJQcfD+jBrZcNqSyWHq9365+uf3vR5sGxzUC8CDT278yvefC204e8ao2dNGyjK92r7/sfV3PbQ2sfzWXW1f+t5zYW7ryGG1tYX1mw5+/Sere2PORzu6P/+t58KgZ6/SF88dkyg2orlu7Ch/+8bDR45/95evJiTeZ/2WQw8+sSnEO+uUSVx5InuoQMqKXfuKc2eGvUfbse5//fqzBw4fTwz06lsHvvDtF0uhJ0wavvCk9ITuUxaN9VBKpfKXvv9SEhHowZFjx795+2vhdG7ezFGIwU2KPfBU2E7J4rmjMXyPbUugPjzx3E4VQ3W7lSMjZXLsA/iGc6aPDpkYPoSYcfruA2mYEboXnom8Cp/sxQFna2sqlOeGe1RIiOfrwiz0bNEkNTKYOYSJqmhDk2IgpIoRJICykkVAbBNWmGxk1S3EJdDXC5EKqkIjJokaTLua5cqqZ6RXko11NmASCyQR2yknRbCxGIeAIcm01uaVswMhvFVBzcWoNpEUswNrRDs7Z+MTp/h7QxTCB3MxpJZHl8yB2sdCYQDiWC7AEi1pHdH8RG9SXfQeJApUiWXPT4ULAC7BVs5g47wxohWrjAiaLgT4/t4SgJAMVgO1ExkYem5Q8J79KfqL/EzKgPLGiJ1JcEVOBlw3rkSya9QuYnNEsmoLjj05cKZRYAwkANUgAHlrOsAKHoDXodfU1XpDHThVdLaezYpvJfkGtSwCuK1bq6bjdGXlBjYtNp7EZRfRv2A9URmITUqGzFo67cicG/TJAEqxMIwoRbs5XAGHYjH5xFAQPt6qb02xKHw88FZfa3CoVX1qvQ8CdbpPXfzxrmv8q/DVyaACyPyJ1j7Ua2XSUlI5/QD7SSBOKYufgCK8ZvKBR0mZEY46fAAJsUPqcnwZCi1HX+VEC06n6H6wBgVyjbI/A6VOxCEOPKiyW1DU/foW6JAPDYyjmocuJBHgGnBc7Rh4YNrqww7cEPvUQsFoXCIwKKrFVkkP7421G3/2i/uZJK+U5WH1deHBu6+/ubFdOnR4z54DBw75QSoNwU5pPD8fjrW333H3wwJV5/HjL78aRVxNn56+IKfxEb1hoJ4ADz4S7cI196TpxA6uvuK8piCqz2P4/Z/cIyO0d3R+7X9/Hl6vXHFKQ309htPxb//57Tg+D7HnmlfX7dy1T0i898GnSvH5ywcPHXnsqRcEhE1bd+7ZG8bQkBlTJybpBa0RfhNEmHkwZ3ZiBGYlD6vtNa+9tXN3ol6E8evfPN3by6q3WqDavG3n3li96VMnhiJmTp88dfIE76qt7ejd9z/JoEdse3p7733w6fD61puiWK4brjm/NggpW/PqW1u375K13LB556bN/j5qtXU1115xblwmGwD9vTff/er//irNjLPvui/akCkMZQvhxusuCC9eeX1DsqVfzNWn/Mb37kSeeyGsMj/96LHjRIKHHl0VXsydNZXoCgL6hQOv9d35a3EfqY7j3a++HoXmTJ82XuAoieAGn3deE0WV3X73Y/uZYN9U88df3L33IAnCkm5+98VEqTk5ef6M8ObXv3lOzn/oidVhaE5ybq8H11+1Mowu2rv/8G+ff0Pm++0fPhhGzrWMaGpubmDFaTThLiF1pEnjR82f44fnejX45W/dzZ6tHFEAfO27vw6PEh43duSyk2fJzH9+zzPdzKHqIdx+xxOhVzQ3DGPxx431C9vR0fXKG1sEPh7+6lc3Rm3KrzWkUN/+0UOlUpnX0D+X+Ts/fiS8Xbxw+rBhdcyTqqAt3HLDeeHNT+54Oikv+yj7q18/393lx7BOnjRm8vhW/0R1ACnoVebMfkc4v/z1812cZfzs2+95Nny8bmyoU7xv4FPi4I3rLjvFW8kgfpTb9m27Dspom7fu27LN79O8NY8rL1pCcMBaAKcFV4a62uLM6WMC9vCDnz8bP/v7eeGrpK3bD6zfvEfmOX3yqMkT/eDatmOd9/nbFopye0ulBx97PWR103WnSQEYXtPuuvfhV5kUX/Dx491vrNsV3k+blAS0kXNOj8Lof3zHCz3dJaFsh490/PrhN8LrlafNDNcR3ntddOj5z+9dzZ6+nbzSu/vBV7u9tgYwaWLL5Iktor2SlRACs6ZH8V6/uO9V2aAPPx31RVMmjOA4EJElnybXlNXb/N+5bkkcxLn/1bV7ZcZbdx555oVtYep7r14sDytHj3Y/8tstjGK+3L37O3bsjkL/SyX40V2vCbp5Nnx+TVQ1k8Y3JzIXzI5u78vxAAAQAElEQVSM89DTm+WFoyee3xYeEzx6JNdRxH1C+ImAEM0nwl55ajRt+Ok9b/b0iGhHjnY98ETU85y1bELIf1htoT44V/qtTYfaO7sFtvsOdhxu8zuEYfVFTnnOPqyZY7cIMnbvbz98pIv4Ad/FxXNGAQ8LZ7fWBh3+rn2d3b29mgKqgHNIjXFkYJW3jEnTsjVRgxRfaFSxD8D5tUQmba2Lq65/XR1xDJQWZmtbV+8GVcJMjWeqaTm5wDdvgoQnoo4DoNCT8L1FzBZsXJLIZgPBCAIaJNKJGidtorGtCEOurkWp+ojKZ7iqFTKwauR0Za0IiBa2IHkRUTqTstTA+2jiMImFUTsxlSVlygqxfTfOh+jKyPoehowUmvkSUWX+RF1GI5jcg3MIHIFPMnFmEZTOIxdJbWexupTSUAfDORfkH1SL7QKrRVSqHuzGEQBzjWhEaHJAjxYn0sAm7I7XGn7qulKRA1iWhehZK5DRtqvsFFyYOyQb8sBFMsbQUXmOgRttdJqaW7XpFUBvjNhJUg615gKGYucgIQvH/JCIcxnASJO/UWK2Tr2BeImOB5kbk0HoQIJCeDgisR2CCMnas5lNUGF+H1oY0MsBAZD8y8wgHzXybDwSc4ABZ/jMQJGPxYmpbJxc9CmkH3soSjd2AQP9ZH/12RVYqIpsW4lQW1pVfGK6KZ2W+QCGvq8+yGWeyPAzdjHg/iHcRbLSwq3b8As1hE+JyzqYdwrsf38eDG3JHHg0pIAK39UTMxi70xMwYIDZH3YIQ7j00qeFzHvKYPOA0GcdQfWeVjgol0pf+saPJWEwY/qU8HXPW+u3oIQHgvApr9ZbR46Qc9e8ug6l2rhpW3gxcfyYJHHduk3hxW2/8w6Z5Pjxrr/7l6/84+e+9t//8yOCg2iohfOiyJ6f/Px+LN+H9Ru3bvMj1fwinDR7qjzv/p9v/Iw9L1jm8vDjzxMMDrdFezi9+NIbKEISqzd1ShrOtfatTaGID9x8jUzS2dX19//6tX/63De/+NUfozzlMj7y+CoU40jbsUi9l9einHYk6k2O9vw7eVEUj/LkMy+rBP/mscga48dGuw3NnjUlvLj9zoeJAh5/Otpea9H8mTG/jG7P+vDBQ0cOHT7KZ3pA174V7WnUMqIpyRs7JgoQ/NHtD6CcDxxs27x1l5yecPvA+66Qczu7uv/hc9/+5//47he/8Qui0BZZ6ZdgTRT8J+Zt3BypNIEJcFRAICroulpbh9cG0SFH2tqffvZVlSL/+4P7wosZUydo2E6eNCbsJd58axsiEfyzZYl/8mZjkjFr2sRQ3M9+9Tiqpwevvrk5vD9v5cl2S1ugSlzsb+Pnw5rXNh46HHm+8Bqtu7v3oScjxz554QzBIlAuB5spiiI6j/f0dPvxcMVa7rd09bU1XhG27zpAMH12xulTp4xNEhPYvvMARhhk7Tqwfcd+EvRX06eMJWoY3eof0d7b0/vCyxtQBE+9dRsj51m8YGpPb08ZyiRcc9UByHyeeWEdEV9XQ1dXdxhDWZtsNYr4GOJ4M6dG5frVfatiDKE7gCefWxdSzT9pkroZiVSJQ8af5NHa6+Wi/mrDlr3tHV2oej+9c5UsaOHcKK79ty9sjHkLr47hsWcibceOHk4keG3dLkZcerVxW+QD48YMTy7CqPGDh9vXb9qH1tSTqzaGKxrTp0QdwuiRfi/X09u7+tUdGImP/tbmqLc/ef5EeRqQfLcMr/ewOzq6meBCklhp+54wthjGjW42tVMg0uoGnypoAfJn3Jgmn6pc/vFda8JyEGb9IyCGex5e2xNExA5vrmdxQqavr9+LarJrb9RF7D3Q3n68B4RX3AQ2bz8U3o4Z2ZDU+MRxTdFkafMhrMikq8vXpKmpnpGlMBAX1iE3GTJudEN4hPShw8c3bjtCsJinZ17cGXrCtEmR/0yeOCLUcNOONiBywJLnV/4PP7y+paW5nuhrjyASn14dbgEI554+SSA677Qo5Ynnt2PBT8BXneqTWgCNGwTQRhPafyDHTzn+RKWDvv1EjcK3WdlJeqZiWuM71gha2RXxN3GInSfpNAjGgaily+2GpRLLp+oMUNUIIgG45smyBaT5pvksWoqMagPsN4sOPAKAkkVMGAsHIimFUYCMwN+CKAFEBZOqUSulVJmIrCR85l7LCpArxoigodPrVx0AUy4Qpm7kLG2Kk6zYtqLDqASATIwj2prWyfZgh5OhPhXNXpFMQFU8wJSxMIKVykK7sLewvU1s9QdbhhqVxEQAe56ZpIMh08lSEZVKadCLUrIjWSBzXeDNWpVk4pLcuesDyhsjtiVNRegoC2Mvns0UWo76bFt5tkqBGzHkXGBrqFRmlXXuJ6s4QkVOUWFeHvn9ApAhp0oCsyLmQtankG2o7k9AYv4Um+DF4XyUDdPzPzz4m9wxUEy/ldveBfvbKYDd0c5DpeajBSs3fVqLycJAmsIuFghQxqFUQj8M8HcJ9PaGHxZ6kk8+0M1/ev2Pt44fnMHSLzBoWs7ghRoy2CDdnq3f3ONEINgAh6o4x0CodQiOKyUnwBYGdFOlJ4a4IQN+XfL1CbL3wWAZOw4dOVpKd5NKlX5j7YZP/uk/AfPKqqmpYdzYUU1Njcc7u9qOtXf1ROelFmuQ/aV3797P3cest8db6xULKdXjT7+w8ix/T6PlyxbOPWn6qtWvPfPcmu07dicIydZ6ljB69Mjw4oWX3xAUYBV6fe2maVP9N9azZ05dveZNtoV60/oNm7dLjDkum7agZ+GRw21to4Ot0TZu3oE6wu49UXFqmK25n3j6pZX++cgQGGHaqtVv/Pa5V7btTHeo2r0XDTOKDkahonb+loQo/pG2Y2NG+1Ej4S59MgTW9rkmpxtPnTw+lPLSmnUqb/dGq66u7vr6usQfRrX6RvAeWw5g29GF8MbaTeFFA7vdmu26s7KVHTx8VML1eXZ0dHnPZuGTbZIzfLgfsubpf1TaETOWQrZs3T1zuhju8OQzL68842QP4dQl8+bMnvLC6jeffeH1bTvTzSP37DvIU1CcO3sJIuKePQcZhDRjR9zEarAN3kESHD7oz5k1OUzZsm2PRJEy37n7QG9vuaamMLy5MegC8Efwn/zykZ/88lE2pbV1+NjRLV7r7uzqamvr8HeqA67YI4NAJa9jWbt+G1HAQ4+tHjHcRzve0eMv40Zh9XqQnCFY8p4eB7a+/PrmKB1j9MJL6y+74FTvYuLYVoGTf2S8QsSxjuOj6mtjWVHmn/7fb7Fi6mqL48aObBne2N3T297R1d0TxVR5tQahZZijjTanlSL5gZe7fe+USaO9qpg2eeza9XjjrfPXVXx/2HegjYS2k8rrpW7YsmfxgunEj45tgDL4P8Omsli5GQKbHMZEonCso4s7eFo3HsZ5/rGwYRBb6eDhdgzDh7UbwkA6aGyoN7HVJkLUfU6dPCpM3bn7sKhofHnwUHtvqVwT7wwaQrhNoAdr3tjB8g7cNbJ7qVzu7u6tq/Nqm3LyAzl79h/BdKO790bpEZW/r+SoEGHr9rg3SDvJUBR44/jTL2yaMMaP0fdW3bwW67VfL33/wfYIl4L0SyrYvPXgorkTPd5+NFjgkRBzZLX6/Fe5EN5CTXFUS0PryEavL+3uLbcdOZ4qDASrbyYlNQKgNQjoTYxWLBbCsOaOzp4Of9M73rB+d+O3qBLA3gPtk8aP8G4njG3eve9YhBP83b6rDVVv74EoKHDfgfbEwhAtQPq3O/dGI4tv2xjhlw+s/eUD6xI9PeSRw4eNam3wFkq92j9yrKs3iqQEXiIrWnZXmgYmpaaC6ZNGhMjbdrWpaHtL8NvVu8aP8ce12hqvQfmnGH/m80+xtm4aVjO6taGxoeZ4V+lYh7cMWIoHfapo+LrEZ17cdfm507yqmTTOa5de5x/1DLVeygQ/grOnp7xmrWoWB3GBlT+dildjieIFt+QlEZUwbrG0lvPzDCQKJsAuafUVhDaLr/LimCMfR3b2M0N9ng6B7afSAMGUHrKwdYmlkFgZr02DncATZCbAc2MHyggBZH4pw8hafqfFhYoBU9EgBVkqIBaoy0USQEo12hxMmVABvYCBVBzwfxQIOqYkNKydBop8MOCDSq4NgAnVysIgP77j9Jo7O305Clf/Mbm0GUGFBpq8IFVsj3aNx8ImVu2I1SEmyqOvlvIt9E/6Io0jE3d3cIsxdOIOREnk7rQiLRUr0KXPknKy6WPyXj0VYh6XwbSy4NBMlVJ5RVakshW3fCVYcHSps6x4EDw2gS16X0FWwZqOIc6APnyY6C/gxzaC3NnlZM8z5lfSqQpoFpG8Rh4W2NVoDE5NvN9aI8mj8BRbJ0zuw1g5rycK/6IMqEPLFZY1/Agzkg/guoU5zHpMOgEHiOYU4SunMAgOeUxOkBOmFDgRyHsFEEhUwO/WgUKlNayaPFbG19zHODxVWSVm5FSOz6UFqNSSmaA/O4d8YDCUYPAFBfrwNpjxnIABBX2/bo+CHxTY2xtuvja0Q8qs3vifgCoCnLC/G1BscXLAxgVqFTmw/xCaHoYQjWptufaq85edPK+uTr1/DAbbd+1F1ejq6pKRt27f9dNf3f/ud1xKaWF4c9OF557hfbwZ6dH2jl279j/5zIsvvPQ6cYHm4Ozgnt4e7glDtANsicPmpsSRQwl0Hu/CWSfPBuVycg6vAL1xrMyhQ3hcTk9Pj0y1Zfuun/3qwRuvu4QWyPDm5gvPPd37eFKOdXTs3LXvqd++vEqx7yCmnU49TzoNIjcOHW7DEbpF9cbFm//9xZ9+UDM+RpuFUlpXW9vd09MwzPeZmtqaL/7bp4kJghNRc4P9Bw7jXk/lQAHiaUv8zZy6NQx37N4nJ27dsff2Ox654doLCl6VNTVdcM5y7+M9R7W3d+7cvf/p5159QdyLMVqmV8tBEHZw8bVpsfQKY+ATzpwWHT25fdc+THoq+lhH58gRTTU1hYZhdZ3Hu9Vqw+yZk6+69EyPcxCEZICGBt8rgngylTVg+859//21X8nKmQBBGTc2itzatJnZ61GO0917yJtx+fuetoo7uh3rOA4EWRwhfsAr/rON+rqai89btvL0BU1N9dLajxSbHH37sGPXQaKGXbuj3EkTRqlwZkyLurKJE0Z9/h8+qEILtPKFj2hukl4Z2Q5bxzq7GarkyyeXj2lm0bB0nyrsBGpriv/+f28mJqivK2hYxdfEuJg7MfaQvfuPQrhYFUHYm0UvOLu6emoauUFwXLz5359+7FKNhKRX9MrVw5tl99421OBdXb2Mgj7C5InR5n+797UhZYiHmDvuW5NoPmdWtO3ixHEj/vUz1xGtesSPjR4WsUrWpigRogNPXzb1vLNmj2lt8tY6Ew7hNbNMCcxFaDyIXtNyBaUcOmd1lkX81iP6hmkTo52JDx3p4Clj+njQ338wCAr0d6Bs3bXvKKMQOdTWGaMlcZL+bU8cs9t2jOldARLVu46rfqkFCqHgEgAAEABJREFUM6eMvOTsmdMmt2i7wXjdkys1CMVXkPpqTBo/PFR89/728B0YSnPXwxvk9JEj6i47d/qC2aPr64pqIemkybStRppb9jcfPbTgpNGew1x81pS7H90Upq88dWIhaEJrNx00deHUr2v09aVoL4uhIKXFZRmZuCzZWwNYic5PXPJCHGK3y4EpcQf0fQHJVboYkVIBq6izAqZZGgOnkkR3I7NyzLj8t3yTai9molIAIUUywVoN9qUmJPwAYSLzASTLBHxJjVQmBAAjCWhzjVXDX6K9N1RcDHtEo0GcCADBAj0mscgOZzigQyAu/Coyi9lD3HnaEipsKVmLGPhgt2bpRgRjrWto3dHyayUWslx4OckFNZGp3m0lZNKnUj45Q2UWUN64ECqTKqepCF3BBJKH1ypJcOHYN66jmwJUFG/Rx2DZ8EExf8goq1pQFWejyhwdlSOFK1aFYN7G0k2NgeDKOEDlftunEL2kFuIAxcPRUix/5zxa9Kas5WIcVsUtpvEhgTL3NJG5icF7s5NTUCAY0kExo2Me57yCgB9DVsovThFVRXVvRZQPwABpT302lvZXeQduvzXEYHAEBfbXQFEsFKn3bkPc3aCq6uT6pEBJ0d8wJhilgNrTgibbMD3JQqXFNVLy42gwHOXVf1DlTX9B+IBDh3pMoA/qh9chAsEr+ME0CXaGJHy1cnB5XogmpqQvgcYq9oHPVv3Z6cChw3gGpWevOOV9N16VJJRLpZ7e3q7uHu+dd22w17fut05ox6w22KOPP7d+w9YP3HzdpAljKS0E8gsjmptHzGmeN2fGre+75ts/uPOlNW8StTzZUD09hp1Wj7QdCweQhoZh4SNYMqh1dHaRPodHnli1fsO2D9x8zcTxY2kQaeH9Hd7sWcD7zLzlvVd954d3r34FjzOzdhQnj4pWnYItsgIx7GOwmk1TY333kZ4kcMTmN3EFAce2beGPLuzeOLal1SqpisB79KnVGzbtuPW9V0wYPzosbyEIbJ13kveZ/js3Xvrdn9z/0qtvEVcwrG3ZVnXCJiEY3twQXhw72qln3nW8mwSHLDc3NnYe71btF/jhW69aEp8uTfwFi3J3bw+UoVgs1BSKNcnRunFlhHs09paU2+8h6WJFaqwjZg2rj4JN246FIUSERnMqUYq3eFOktNafRSehFKhqaCok4WQTxo389CdvSPbL9ExR6i1195a8/NpCYJSoNUWqAmgKxFXg0WPHQ4LGhvp4l0EW00ceNizdn8/qhAWasGdsAtZDOas53oJBjvNSMXfvMdBfyoMUeQlCCXmhYaRwShzpwPOR9+0OtvEDS209aGyoPXK0l1OrHKomKCw7BDQ1RNV6zD/gWDY6JEt0MQc/MjVFogI+AhT39Ui3Yk3hLz5xUcuIqPcINjIvd3f7Nqmtq/FsWCxQiVa401tJNoKQAcxKrA+dx0t6Pu0dUac9vKmWIOXSz+KAb32s+xL5+pbrT140NznUG3p7/b3x/F+KF6m/tWESJggJZ+A5CGpQBQI0NUbVeqy9W3gGpziHCE4/efw7L5+b3Jb8nw34ShYjDSllnEcEEDRBcB54cuuCk0Z7F8sWjk2CAs84eXx48dDT200DctQSVABJaKnOlYxulqARPab84wEbKmvRLFTI0ChQcCQ34oqyc6GwoQI7NEtugYdD1IJA6It05Nm2AwRFJn6LXssaglImzkTokSwlyrc0jnEEwBGki9x8yKZaXRFAk2diCMacwF6A2dzILavoBAFM+FLRzeVhb8EG08zO64S9RypIImcR3ro7VZKDBpWgAjHzMlhX74FxchL/bdogz8CMRbCvK7FSKu6Hjc7pWKdmflpidweyZs1/I1lZ2Xrz+eARiZZJ2aqD0WNUtkegIzEovkkms+RYexatxpHAyCEbFPzN/0kZ7X+MPYozQEXZGVFdwJZt1Rq6A2hGTyX6wIV81ON+aqLBGpDgXpeZ5062HWVfWgp5ZUD9oSk4r0cYVij/B8lCV2xECvCPas3znL1kakWFlFibVLF4tlCGQniQbMadAtWm8FbeSA6QU8sMTubIN15OMxvqxyY+wDtaZxj0veVgB6j60p8JBkFQoDBy9Klo/wj0GvxlX7UgOZ3IAtU4U/SWTvyXVP7IVAYqESvXE6jaNQF9oiA2qxx2VqvItm5eYn7J2c/NM4S3T4fIQLByQYY40LCxDdUaDmJ09bUYT55zhiqxxYEGESUAfVmRFU4dnBdPQ2FzT5qRRASueW3t3b9+bPsO7rzRD33ghuXLFhFXUKuzfcfuf/q3r3n2XTBv1uKFc2ZOmzR50vja4ATbutq6j95247//93c2bNpGzLp7L7xLhUIhiQdSwdSpE8LVdP+w4yjEhFQBHGpw2849//i5b3qPywvmzVg8/6QZ0ydNmTi2JtjKrq6u7iO33fD5L35/vcIILrq7edTBw20tLf6WS3/9D186dOQYQaZqCMPu7m5PZ+/vH//VFyqRbgG2FkYfxHt6ejw962p1M+RJE8eqsrbt3PvZ//iux3nB3OmL5s+Y4fnthDFJlX341mv/4ys/3rB5J7GAuC+zWXp2t2FAtH3nviWLZhF/t7nROrz4VGWvdew7cDhUS5b7jqvODiMCS2V46rev3P/wqqNx7F0I//CZD7YEBwEntL09pZraIne2rLI4yr5dG7bGWe/Q4aMjgoJMnTx205bd0UyQkmSvvFC6p08xiEg72tGJMrMYZnw+DcNq/+z33hlGBO7Zc+ie3zy/5vUtLOmyk2fddtNFKhYjW5o0zCeOj7aL2xvUCGq1LduiDSA3b937n1+7m89UrbZRIkf0KRdm0PA1KqExeqcpFENJk7q7eurqa7q7ev/isz9h9EOtnuiMNhbZNvLDTKg83bnn8LLF07zL0a1N0S+YMb7DhsXbBMa/cj50uLMlcK1/+I+7joghtrKV2WIAphpeOyHs2Xf05AX+xfgxIyRrEpTx1p3RHsBbth/80refwLhyMXZpfGHKLU35g9vOHjHC30qws7PnN0+ue+bFLaXgSFxvYbcm6Dn/8c8u58kBUQ5iQUFnUlNE6oiELzQJwSI1/e8Dh6IeprWlPn1VwLlw5JNjR0WtaduuI+kpvKKweCgLc0Dl+VKAGPOe4qoLTwojAr2F6GdXb3/kmS3xJpoR1V99YuXw4fVRRet7d1BKDBP37m9fNGcM8T2hKcYHsXeW+upZU1uuv2xOeP36+v0PP711597khG4f7aZr5y2ZNzaWgtQd8D1heJWkel6092D74SPHR7bUNwyr8cRt3Ha4ZXi9d0v8aObuvQfaY1mK8lN1VqxSGMopt2SWC5sn92tOUL1fhldlG0IEkgNbI+fWoqryc7eCNUPVRgUaAiu2BjTwH/EgPe1IXkAznGEtZ4A638RKrBgw6GF/eB7IgrR0oEeF6PB5SJQAlFHaE4NVjZm91lSfxCgBDCQGM4GGVlP1HJoaRR6zDKxMOTaiuCSwF6drXBaVLbHzXx0Xiv45ViUg+CxOdQc6xkbJVghGw1gVWc9CvFIgKNCyKWBJharnTOuOZq4px2Lr+j4XVk5ibVtKRh/yXwkV/FlgyXZcJFWAyplWxgGI8ic9GVg5IGSSlE8V0CAo0P/ZXKlU1sxK8oGquE3FQo0do5kkJ7Bn6+4/QLQ/pDISDxKApCMePDq7A4RzaO2vhAc2SO8DmK/k0n+HFkC490OClq7oUnEtjLLECqFseomW1NF4lRgXVE1U2JrdwysUSp4CwZEpA7A281QJ+qRhDgQjDuXeZ0DA28fAUNHSZE4w0IMC+9dC5ZL3jqOMLNYOCC81P+KGbwE89UulEpTRpR2nlSCtNoRYr1HkAhRNoi7S/IWlmqIRzbCkojGifplY/BZT4yvxzaz/YB8sTud3/s6ABNfq5CgHAwwSNQcj5G1a42gdbpg9xOHi888Md2K9+75H770fCSkY3txEqgEAb7y54Y03N4Z38+fO+t1br29u8mMvbr3pmr/956/Y8Dh86OjYsaO8Pr+psaGdjfIJqy2u3mmTo21stmzdSZltAo0qElfAtp3Ropdff3OT9wlv58+d8aFbrmtq8g1+y3uu/Nt//ZpMEfy1FOGs/+7dB2ZOn+JdLJg36+nn1nCcaHJFWluGj2pt6ektbd2+27ttO9oxZnQYblfTw51lzGk7Ydzopsb6tmMd+/YfJtnBPMmmCoyjxzpHj6qrqalpqK/rVOwIOH3KeKIXD/D62s2vr9scCpk/Z9oHb76qqdH329+58bK//9y3SQbI78HBc8DeUi8t041bolN0JyiDAiPBw+r9eI6u5CxpCMO7uGi8M06dHzCH//raz4PzeUV1h9XVcWyBehU9qnV4saZQW1vT09PLSkzwzl+55F3XnetdvPL6pq9/994gjcpzMZvt7HbuPjh9ql93M6eND4ICIy7CTCs5dXf/gTbEGKKWquYGJy+cWRPs0LZ1+97Pf+UOIpGOHNEosabJ1SQ/7E/JfMK46KDbbTsORElSUz7S1u4th3ld39jRI2QOkRkD3tOnjC0U6L4DR9vbj4eLdhmnYBJnOS8EKqaKBG3tx8fUN9fV19bWFtN9XqXOc/zYEQ3D6o+1Hz9w8BjHEcQeSaNMkpAc2TxxfAuDwq1I1tUW62qLPBu6Z1/bjKl+I5o3e8JzL21SyKEtwxtaWxp7y7A9EETl2DuJRMoiW3ZESo4b05xoCEQMuPy7P7uqocFvcX/1z3e2tXV666JeFQexccquBPxxsJUW6IGDHe3t+P64NTXFieN843R19f7LVx7u7OwReDU21BI11IpPXlHbHe+XRaWUEg4fPR56+PDmYVyLlN6OjB7VGLLatO2Qmh+o00EKNBQuoutTF00ggZ9+/ccvbNlxJEZI21NdfU3i8awIvmthgYlYjrKiv1t3Rh3U2FENjK8CxwXI33xy5bAGvyP62y881dNbPnv5pLANPfTUloee2UrEktJmvAZt+4OwjT714s6rL5zp3V28YsrGbYcvXjE1zF312h5WlopHXBaiRjDqwzUH0/ipa3F5U/EsuC5Nrvp8ANjXS8Yf8wNylSs4s00agAN6xWjJvAISENq+5cDCMHSkUvcKykoSFpjAxBlE9UR8UFDJ6dHfsJDxvhFARLYCob4WQHtrM09xcRtbI5Nc5bLooM9mbipRAFyQw2x7bpVaBvTI8YtHsCVyrIgspJA5k0fT1YtBBoRRuJFrmNzVWicrRMDQHYptkWnqHnVMwJafVo+qr/RBhfk6itC5VM6hopJyspmgYqpcLA/sc0G2zhm5MWL3HzCzaJCqLmtLyAz9bxRI/ljgVUl81Sgi7x6YryNyVqpCdo6zdnusvrO9eEwPc8kgpHc8JvZYSfk/IUC53FsqOW7+pphDSxO0cCPxMCgweroSfpqKqkk156xR4dsXVIZqRASSE4AA5LhkgbOvGvZgg/xKZ3z+hhP+nhXABqOaTcYaBmhQII3/AukvQ/lSy3lvskkAABAASURBVFU6Eb2vIAihL3ljq3+2OwzqoiSQpzd4L72Ss8n0oFlYAeSQsegO2KOX0kwqPOPKLwLC1HARmmeZvj9ML6q0lRUD4Q854uuKwPA4BoxISqhxpzmMdHCAakpuJDoBJqiOlXRjdrxT4ICGpCnV1dSSTDBtavieG+69/3HUGuPGjiJ5wIL5sz/wvmu9ix/fft9Lr4gHBL+5buM//OvX/uXv/tB7hmxtbbHkuWf/wbGBejdef+l3fngnjkTp8mULw8u3NmytJCLGCrTzwIXzZ77/pmuIb4T7X3p1nUDw5rrN//D/vvnPf/sHnhFGtY4gFQLEv0e0jlPcumP3CrLUu1i+bF4YFJguPTLl+qPfu3nMaD9u6TN//6XDbe379x8Kb1ecsfjxp19C9PA3aC5+5s9u84bmrq7uP/nMfyZ5iWb1tYbtHo3AGR4LDNy3/9DoUb5rvesdF37/p/fLHBob6ufNmS4kLpw345b3+Jtj/fQXD7302npGmG+bN9/a+k///t1/+uuP+VU2crikEbHtujL6pK9HocBON6BULnndQhC658PMaRMbG4d1dBxH6S+9cHk4XTp48CjPlSTnCHv8m5v840QPtx2L2YpeXlcnPHfA/gNto1p9g1x1yRl3/PppQefw6rRTomMuX3gZOXk52XPNtF+gn7V56+4Vp/t7rJ171skPP/FynCXClZecFl5s37EfYcUUS/88t3DulPDi3gdWSaj+/fQp49TUZP6cKQVvDo+tZ3mlXjg3CrLZun0fw1VsyF3Hexoa6xsb61tGNB1paydCWfw/dO5Jkz5xm++9m7bu+a+v/5oNVTP5JajTKd8vyAuFkASx+WFSEHOLJ0gHDraNGeUHvZ2xbNZTz7/FlTECWqwpfPoTVwc9Rs9f/vPPiKyw40Lvlu1RhOWcmePraovdPaVYsTTi7sZrTpMZ7Nh1yGtG3tXSRVOkoMAU7fduu2B0qx/99vefv7utvRNThHJ3RH4dRTdvi5ScPX1MsVAoxU+r7Cug0aOaGoLQrqNHO4MfKBPPRA0Ndd5nxIiGtjZWdPq0Mmfm2I/cfLZ34Yn4yneflBE8WDhnXHj32tpdncGZvMD/mHvmFGYyEFdWW7x7YkvLMKnT89vUjCmtRCx5JD15nKqrod09wClFyPHjvY2NdfX1NfNPGvfm+r3JOzAWxo1pbm3xe6fe3nLn8R5eeuieSGQWiC+TAV10ZsFrsE2N/iB1pK1r8/YjIWYSqBji1NVyJ4bThHXMk4uC5Wk5hQlNggJnThtZLNJStH8ShzyqZdiwYX77Otbe7fmzlzd5/PDA5OWHntkilcCf+oxubYgFMTbgbAFETOXdFMjTq3deft70mmJh2qThNUW6eO7oYAoJjz3Lnh2saJ+aZsvuKmb1roKJkjSjIypZzIwqnS8qFMt1Gpq8GgaQd7vTQn46hOzQd0TW1NaIlpjG+Eh2eiy8WleSCntFiJlqYRgKqMj5CBxA5SuECGtRahrQFEREBIRK7B+4bQPNdST4CkiZthzU+WCDDyYEvnuU8nRaAKsKAFJIS0YoiV2moZZdIgKVaZagKT6WY0QHixQhX4/gwhAsEdw567jIBcja2VrRoT1IFs3VmeBMm+KALT+tIJe4CCdr27YsxyrM0pJ1hP0I7JCRAyeSly2HBAz2simmzsm6kO1w4oKSBezZQm6U1aYbckAtUVRLjeYnNrfTVQVU+VGUX3rhIgV11xwxcy8rUCBUvc1eJkgHU2biG8ftWY20OShzwuOrBnmaVp4ADaCKGxo+VP3R5e0LYINhMeb0CVhFRJ2AwQpRuP1A8baKgdrh2Ja3XCr3BNCr/WAIvcmn1Kv4lHrLveHHuyyxUA4/fqgmD947evDDNwHC73Lyu/QgKfmRegAQLVO7r784Q6FYrK2rDT81tbpPMfzUeJ8a4VPw3gvV+AdyB//9T8H7FMJPMfoUw08huA1iNv2/1P8wEJ3YOsgdm1L9eyZ1AQdNuWnwVE6dWqWS0wCHAR+8eqwjPmIvawyZ13Tj2A4ExoxpbRkxnOQB7cc6Rgwf7n3OXbmcSU7lHj12zOtThUQFRAjJ1oZnLF88sgW3wA3XXlwfnC/c1nZ02849tHK/rQDajx0fMbzZ+5y38lQUoe1YeynYbC8PlwJwe+KHZ1e9FkqfP3fWhPH4DnNjx4wMQwCPtB09HIQi3f/Is2HW9VefTxXd38XnnRYG67++dhOb3n482rNq0rgcYk/x10bxgHrHvbG3nLqwqXGYjPuBm66Uf1FwzPfbJu9zzoolqLC2Yx3ZqswOX/vKMajeeuz4bK8p7djpx70Vi/TWd1+Kkntj+FWXnBVeP/DYKkys/+WP10G1SuEsEZy3colc748++VL41ub8s5f6nYzEfdKEUdOCyLn/n73vALSrKBOeueX1kuSl994DJIROCF26CoqACCp2RXf/Lf7uuqv/7urq7rq7NkQFBaRLrwIBAgkkJJT03nt97+W9vHrL98/pbWbOzCn33lc+LnnnzHxtZr7p35kho6RVa7fZonSzrShPU8V5QIl6f9XWrKreoIG1Z86bpkW4dBo/btiEsYoPNBl3vfHOajorytgLvNLLjGuRO7UTFp3xJDOmTxlNYW5AKp36+JVnUU9Fufyi08rVhLd3dB887Dz5zFmbP1y7Q5WFb//MQsSAKy4+TXt4e/kmm6OW9W8g8N/Ga9evVUXDh9R70V5fukF7ueayuYwGAxaeM0OrjJu2HXRUY4uPt1yAoa4S3tmV2XdAOYePsL3h6jO8VAMHVCv3C3vC31+9M6P63k2bNHzoYHovM3hQjeYR2NLa0XKyA+ljeY8iDp0p+nd2dTc1K40qqZtXXjTThaY9fepqre+AzTuOaOGrNuxDqiXc+on5iAGXL5iuPbyzcic175DSkuj1NJPLU5U+e+5YL+fm5g6twtbVVJDhv0GkA9HqnHnjWDbT3aU3KaNH1FuiDNwVq/doITdePQcc0yNL/Vs+Pkd72LzjqE1lp+KWtxm/GQGOXRmtIFJHKbo6psbkd87c0djtHKz/29WlH5U6ali1mQpO80JCOjozzSeIISmXL192/niqkjd8THeq3rKzSYtLqhfJufPIoG0YUFFXE9b5Hqn8N6sSSZ585upp5WWK2Rw40t6dzdkSheprys+bN7KyjPqdKvAlIDFFkASAYJgHAyQFiQBw7U2aGyAQc8OKUChNiyBsxakEMcXQ7D5tbnct4LDmypWKcrTqzh8wSIHGhFKmtkYGwN0eGi2WO5Cui22U4kYDu0RwIfgyd+nPTSU9yVII4IcETGY8QYKxPkkSA5EkczPWQyLsEcjnBgLi/MoY7DaJBHIMBEJkEQoGYH8COgK4iwB4fHjMvFRCOQE0dME8FGwpQZqWhujDjx8Rt1GAcGZEIitAHECgXIBAugOt2BgIsoxlCYvTHkQm1cgpof4utKjoOIVipl5Iikt/8yBKKI6dFhzAd0winxHafpW12WhsQSYS5v6kDWxbmcoGZ4os1Bm/pG1PNG3unVo/MvWW0ctdDQBsZ5brG8TqbrG+SaxuHmugbTlre9BZdWda36C2bWJnst2ZjPnT/3Fve2dljkgKUm+ht1qubcABJZpEiLbZiDGZcpwjThdFAMQugiO8wKKLkdQ+0puVEJScU6C1CR+FJ0lIFfqhNEDcFIQcIE12yuBJ9c8z3PTov7zozwO6Z18eRH9gv57GuVBr+1kdkTM8XjCyzfLxohSKu/JiTxSihmCaMIxcohFdoziAzAZMF0W/n+7SSAdM/bEBOXweKXndoxonbT7e22flsn7XxRnoHDp0TButDxk8aHDDQHkG6OixRsUOE4mzzzjFG3vnV27GEZX0nn0Hs7rD2YTpUyfaYvSsGz92FJl7k4emphYBfgrVrj0HNmzSPWP+8e++NHzYYBfS5Refe8nCM7Xn39//FDZbuxiBZwm79x3Maf4lU8dPnzreizBh7Eiy5oB8MkFsRd/oVbBwkru6u19+fZn2/O2v3FhdVelCKC8r+/vv3KY9v7Ncv194y7Y9O3cfUGLLy7/2heu9bCeMHXHtledrzy/85R171O49+oF2p8+bEc1+Axv2HjiybafiPUOa8H/7h69o/mEakDb/O1/99KwZk7yC9uw/oh3HNW3KuOlTvD4xMH7MUL3ImlsRXVuxnQoxLDucVA8kI33PRefN9cb+/k8vajP52TMnfOYTF7li6+tqvv+3t6VUJ54DB49/8NFmhlggye9WXd8GN9Q3OE7xVDCqqyo+cdX5XunrNu46eEg59oyI+O63b3QdJVhVVX7nVz6ptS1bdxwgIypnujrVdCUuPPdUr0I0UJT883Nvay83fXLh6adOURfV8sg43HnKxFF3fvE6DeGtpWtaWtpZrETsa8eeQ9rDZQtPM+lM+PTHz9Nud6XzV2HBObMuOHum62il+adN/tiFOsMnX3yXQmyzpqdeXNbdpZTLhHHDF5w9w4t86cJTJoxVrlQmy4SrFA9C5xajc1PfChdrXbRRK8uCd+8/rr3MnTPeRUT+37bz0O69isdqeXn6jpsv9NaRcaMHX3Wx3h/9ZfFqGeWAE/rQU3rjdvqp42779Hl2hOmThv/t1y7XDt10sejO5F5fslF7/uqtC6oq3CVblk59545LtOflH+7Q5QnWeyNPzMCHn16pPSw4e/Jcy0lRR7jg7MmTxivdHGnb33xHO2sWPfvyGq2Gjh/bcO78Cc49UuV30XlTxo0ZRB7IQvDqDfvMknc5j5l+dTOnDMMYkBWv/D9lwuBJ4xsQdquuZJHq9JZKJj75sVku0V/4zPzy8pQeAu7Pno416SdcXnreFEf+qNQvv7m1XT2wsKoq/e3Pn2Pe7KxRk7K6/VPzhg9V3DRJ9X/0Oaqbr0sdRDuvyekzaP5xlCBkc/mubtXteECldjahGqyjVVWkr7poslOe9Xy8qUMLueTcCXZNuJ6j8NgLuu/sgtNHnzZjqM2ZUCFaMH/0hLEDVBXgrRW7NZLjTUqzRtrV02cNde0zkPDbb5iFsUMErfq7y8iDr/xeeXuXFjdzsu7Nv2TlXqtVAHTO3BF//5XTr7pw/D9+84zJ4waY81+bUApbM3WAXNNl6g85i47/o0j0bMSwQBQPAGRUiuqHaD5e/r+IQV4BXXm73fgWN5h/WD/kWGPhYJkIFJUMtShEHg6uhCC25uCW4lgI8sEHShHTVAJhTE/LQ0k1Fc1ABQPNheMFcL1QNKAqxeVDR6AVI5cLTaqrlBw4ZmGx1AEzl5wo7tJ02io7RZx8MQscuMi0DOBmJTieQbB0BIGZ/Vo+nDpr0lWXnW38zrrq0rPOPn36iGGDbNjgoffLQF4e08pX/TU0DLjqsnNPmTWZhssvFOXvlMmjr7r8nNmzJ3qi+QDeN6CUWbDCADE6Syq4AgVpWTHAR5NLFLgMgSlVgNxPlIxuYGUgl4/5VFFRdsXl599x2yfv/Potn73pmnMADqrOAAAQAElEQVTPPBVJqYagrHbgyNkXz77yzgV3/Grh1+6Z/+kfTr3g1obxpzjleGmDWpHtKRiLkLQa1DSMmXL+LZPOu5n8Rs1xf/1YN3zKlPM/q/0mnnWDK7a6YfSUBbdov5EzLpCtmBzla4eMn7rgVu03aPQsFodYIHoJ8essDGT+om61OLe5S0jBmABKN4nYJ8K956VvhtnAcNQjy7BY2aTDSetMEXEHUGC1tnS1GLSYghe9CwNQOgdgINpmWM4tZX2P2fIWNMG9ea2+a/vitoNs4rw0US3VhLue9gAIUM8ASrh2RgixprJP5GAhoUQztOeXM/S8RJTk9cFaL9pf7/tBgYidMnqiZ5UbcKGrCBklQsYYFEYmlTdswDhP/gco2g3eZJSaStOaR/eiFzhfXEN3cK7ogLkYq/kGAqgfJtmzAoNngai/KRSC4tbpgkuHADJbT7bV1taQmvWD733tlTfeaWpuHTViaGNjy6LFyzhUppjlK9dMHK/cVvm5m66tqa5etHi5Fj5+7Mivf/kztTU1mWwmHfRuYhe8/NqSa6+8iFSPO7968zvLV/352VczqitDMpm8ZOGZ11yxUEN7971V4jzveeCp//iXv06lktVVlf/0919Z+dH6DRu3HznaOHXy+PnzZo4eNUxDW79x+/ade80zzyRBtlx4+C+/9s41V16gZMKXb3rnvVVPPPe66s+BU8nkxRecce0VCzQ07fZerghx0B3mRVBffu3dixacXl1VVV9f9+///I0nn3/jg1Wb29ray8vKFp4/96rLzkurZ6QdOHjkxVct9757//Tsv/zDV0n2zp456Uf/9LVHn3ht09bdmWx2QF31x6++cP5c/dCvN99eeejIcbu4rTv2gtpiVlSU/+j7X3v1jfdI4zluzLBl76/bsm0vkkw+ZjybcP8jL/3g77+ofABalv6bb32W1J32tk6y8jRoYB0xQqLJsy+9/YmrF7qo/vL68ms+dh5R8ht33LBsxdonn1/cnVGcYMga1sUL5l19+bka2rKV61BhYc/ew3PqlfPJPnntBSNHDt61+2BdXc2A2upHn34DqU6Kb7+7euF5yu7C+efMmT5t7MoPN23cundgXfW0qePOnDtd8wgkvfHvH3iRLkA3ZNi+68CMqeNI5fm773zmjw/+ZfO2PVr8uWfO/NR1FxI+2UwulXYfB/jHh//yvb++heTb8GGD/uX/fv7tZWvWbdxFcvuUGRMuOv+0ZErB7+zs/t39bul79x0ZUD9BSdc1544c2bBr96G6+qr62prHn17Mrlmw/P1NFy84ddjQQaQob/vMpVvP2L9+4+7tuw+NGzVkxrQxs6aP1/Da2jufeVlrG5msaPcVO0zuw1Xbrr50PunvZ80Y97kbL3z06SUZ9TramtqKL9/6sXFjhnZ3ZcrKmc1mY1ProIG111977mlzJq5et2PH3iMTxgydM2P81EkjdYTmkx+s2k5V0mxcyGrgMy+/d+MnFI/M6685Z/aM8S8v+mD3vqPEjEeNGPTp684laiB1wHLvw28gnRcWagCBI1aIcvuuw8pAidTr8rIf/O0Nry9ZR+SOGdmw4qPt23YdImgP/Pntf/yrT5BmYea0UT/4mxueeOG9LTsOkjysq6265tK5804Zr7UYby/bcPjoCa42QNOBohgJPXK8dcWqHWeepuzRnjJz9E/+8VPHm9qIYrXV5TU1lUThnXuO1lZXDBpU4xgCIrzo7Q0LzpxSXV1eX1f1T//nmhdeW7Nq3Z62ju6ydPK8MyZftnBWmTqwPHi4+dW31hsSsUs6ZqXAGbhr3/Gde45PGNtAcuCWT84/debI1ev37znQNHbkwIXnTBk1YoCG+vIbG44e17yQlXuon39t7Q3qCYKfuOLU2dNGvPLWpj37G4nUkcPrr7/y1LGjBqlKkGxf4RIIuhaKxbe0dLa3d1VVlddUV/zVlxfe9/iKpmbVPTeZ+OQVs8+eN15binaakKLz0vd3XXK+4tV3xqljhzbULn1/59HjbRPHDrrgrAkD6qqy2Vwq5TkrVM2AjduOnDJDsflJ4xu+/rmzP1y7r7wsPXZk/VOvrG/vUMYGDz+z6ku3KG79o0bUf//Oi95fu2/LjmPZbH7qxCGnzx5ZU6Mf+PrC65szZDrjcFikPmNGrBfHjqAVFuza2zxtEikX/O3bz3jo2XXbdjdqCGeeOuq6S6emUpjokNZuEDZmBapzG9q04/gpM0hlhEnjBnztlrkfrDtUUZ4cM6L+mde2tHdm7KtMdj12H2jZve/EuNH1ZD5x49XT50wbvHbT0b0HW8aMqDv/jDEjh+lHOL+6ZOfRRv0G5/fXHhwzUvGSvP5jU6sq0kve36eFjxlRe9snZ1dXpbuJhin5gzY8VepYY0dTc9fAAeXaayabW7PZ0bOff/oo7YFYywXzR23d1eSZXLGVEF1+VpmIDoUMPIzkh9lyvgNYenqHpUR4JAIyf8DPvYJNPCEGUeAbwAmlIhhWCM7JvBCtJ0w02/3RmXHAkQvCmDymgMzcMN6ByhCwq9Gi/qvVeQFTAO+Tq60GIXq/zHXh8ZGYowtu2THGH9HXB40x45kaDOKoPog+UVQM30LRm41zzpw5nHZyPMnDjq7uF//y7rpNu3x5RoIwavjgs06fOXXK6DXrzbPM0SmzJp06Z8qmLbtWfrgRcYHMfKdPGTfywJB167Z7xQkWgTEJQ35lLWJggkboUlLKdKVFyNMGQKaQS3oEBpDgDvjsTVeT4dBjT/0lo37NZcKZ8+eQ5S/zmoJhQwbPmDrxwoVn/vFPzxw8dFREypQLbpt41qfswTUDRwybfMaU825uPbbno2d/0npkF402WB4Gz/lzb/+fihqlane2HH33gb8NzzZVXjV94ee1Z7KpsXfNq/bYGRd9YehE61T4A5uWdp44bL5OPOuG8fOu0Z4b9284sPEtrigJ9QZPmDt94Re05101gxr3rZflIKGGQA8QmawCgUwbIjrSLED/GyvICiqEYp6914T91VxEUz+2xFTaZEK5bEy9/E5xCEwlCWoinzDvJMHKTqVyAn3A5IDR0BvrHIwmz+hiEXVyCD6HoaAAxUObE3AJkBgUq846gPRl6XQ6qxximBMmKrrmQRQoiex2QOlp1A/+0BdKrY9YppbMEnJIKiGnwKLmSo/2EeuVEKhEsFhYf2lLgvVtf8EkqlIRcCZxcZci0P0RgR7kWl6mrI6BIxq0/VXjJAMXfxe3SNKqeB+q8y2ZWTFG7NkIAJXEeiQ2k8vlVcvBiocnBE1GyVdYJXkkzaF26woB9z30zJ1fu5U8JFOpqy5fqAU2Np7gOAXa8/6d5R+dMW/2pIljiSFd//HLPnHNxaR0lS+81Bs/m0+0PP/yW5+76VoUBbz82tJxY0eeMmsaYX/+OfPITzs7MKksCuhKrd+4/dU3lonz7Ozs+uG//+b/3HnboAF1hMmZ82aTH3Km893lqx58XHM8Kv4Bly8temfs2BGnzJpC6u7558wlP+3swIQtEzaQTHhzOYoIJJMM/+8n9/z1N24eMXwIsagbP3k5+bmWfhqbTvzHz/9kXylpam792S8fuvOrN1ZUlA+or/vaHTd4+a5Zt/WJ5xa7AtvaO99Ztvr8c5XT0QbU1974yUu1cGKEXKdA5F6nsb3kIZ/N5lWXJHfiiZ7f/7ff/t23b20YpJx4V1tTTX5m7BPPvnHQ6bOoVf6/vP7euNHD5syaTNra884+hfy0swOTScvHdMPmHa+5buDlauvSORg8+OdXfzz9K2QhjWhx9vyZ5IfUNvzRp99QFYMnnnurraPzykvOIm+DB9VfeelZ5GfnQPL/V79/+lhjM1+X3z/wwr99/0tVFeXk980vfVxZ6cnly8pSWvI/WruNrOvNmTnBRXXoSNPdf3zxy7ddlUonqqrKr7jkDPKzI2S6s7+659lMJutO1xNv/Gja51NKuvDZp08nPzVdoDoFAseZ76e/+PNXbrty+lTlfLUpE0eRHzb7ZBX2HTj6q3tfMPF5foHGMiHVl6ux+eTzr6y47krl8uXTT5sy79TJecUkcFL1jCS58193Pf0Pf30ji/nPf/fcd++8oaqqYuL44eSHPfn2898/z1ESQPdsWfb+ZmKC1197DlmDmzppxNRJ13gw4ekX39u0dT9C1jfOmDaOcb/S3SJF/QLbO7qWfbDl3PnKPc71tVXXX3Wmqc+2ncohi00n2n5xzytfu+2Sioqy+rrKO2650CC3RKzbuPeZv3zIWKOlhQko+NizKw4ePnHd5acR0yIGNmyI4kGF1QMCT7Z13v3A4r/7+hUuGRrLn/765a/fftGIYfXpVPKTV84lP5f4phPtP7/ndY9C5hsYOYptCEhXGmwDRIzvvv+tO245b+okxaN91rSR5OdKxbpN+998dwuyPFrQex/uIpbw8StOJZYwecJQ8nORKB7Pr67ZvP2w29nCWDAHrAzmfv/Ism9/UbkFfviQ+v/7zcu6u7PkOZ1Oap/0P/HSmo8tmFpdXe7i/epbm848dUxtreKiN270QPKzy73n0RVf/ezZFG9UQB+u3X/xuZOHNCiezeNHDxxvEK5YvXfLTqUp3rrr+L2PrLjtU6eTbC8vS503fzz5IVs2kobomVfWr1y9354mOdC7ClMpcLt16eN8/KenVv/jtxZUVqbJ70s3zSW9TC4HZWVJjXrtpiOkR5g5ZbBBY437P1p/8KJzxg0ZVKXmTz35aYzfX3tgy85GU4aeX8gaVf/+0VW33zBnygRlG3XG5MHk51Jr/dZjb723x8yPlWsPnTZj6ISxA0luX3nhxI9dMD4PypGK2n5zS2vXa+/suuGKaeb5A8owV1cVHGojV/pdgYqwJe/vve5S/QilTTsanTg4Y9sMyNE/A+OWVvSTU5cna2Baf5BXnZK9QcmB27bHB2EEgc87NQYkGLLRHMf/iXHgZLAPFfhQAS0Q6W2S9QaeCGoPDrRKRJMFVCbIW/EB1HN6lMYEGG2FScdYVfG+i2YgB4S2jP1NBzgIwKHjU1Lx/dB82YB/pWErxUH1k+JLIgYC1YvMCw6oZ40nkokBddXVVRWkFyMTkE9/4qKz9h1++M+vdXR1IxExEg2FGzWTVZy38tm8Ean8P3XKmMkTRtfUVFKcAoHOh8XfHwGoET5qM5kLIfpmmh9tQDQ5kYaWEIRazscknKnb+EyfOoFMAgbV1x22rTNMnDD6uqsuVCdNHe9/tKGjvWPKpLETJ4ytqqy847ZP/uRn99r8KiiaVNQPPevmH1UPGMGSWjt47AV33LVt2eObF9/n0geFTA+SBRg4crp2fFRZ5QAUBTQf2JzP5xIJZd5N/q0fPuXEoa1m7KDRc+zII6cv2PHeE6oiyj+Dx88zow5v4a86hreBqKzIy5b6dVlJQhR6OadrBRQcii23/baBK2XqFo++pwT6ZE1wIRHbY2hLpYoSebFznlkALpZW36EtKRih9iMyTFps+rorOyQATQAAEABJREFURUr0SJDdJbJ6q8wXrWEqAERSfOAXjVmdt89oCQKs4/bas+WMZBl3pKFwQ4LSA8rMgDV76mWg1VQUHkJM+GLP5N5QL0s0Cb2+gpQulNJ5rdjaiOqHfogSsPPX46H3VxWM+OmLPe35XD7bnaH8Mt5flvxy2i+r/xRPk2zO8bPfRK2f4m0c7+24QVr5g5SfbSU9ii6STBjTaeXUq7K0/lMh5fillJ8K+mMyldR+9guTcSJp3K6snN6OtXPb9YuRtQP7tQMQ8yRnjNNinFcjS+gthFLMyoBLQAcx2Lhpx58efra727E+3tnV6ULr6tY/Tfam6Je/ffgvry3N5XTXNGIhCfXUtF179v3bT3+bN1YkM90ZD6nik4dk4O57H//dH/98okW/aFWzS81doOXkyYf+/NKvf/8IizaTpX9z1th04vv/8st3l6/qzjgygSShpeXkL+5+xPAIVMFpqVmPQ5I4dGV12s5un0zockq5+w9P/O6PT5qZoFZGPRNaT558+M8v/+qex1Fo6DbV68rwMbucJdvW3vFv//WHV99c3uVJV1dX1xPPLPqnH92d0ZlbrdiuvQe/+8Nfbdq805ulpIB+fvejv73vGar0R59etHjJBy537c5O935PNkspKZfZa0BYZRRLoDssn2zv/MFP7nnmxbc2b9vderKNsCXp3bp9z7//9wNvvbuqqrycRoR+e/9z99z/3ImWk9qr0oimkkaRtT3y1Kt3/YGeOg641Ovs7PTrFdyrY+2d3f/1q0cbnTdNkwpr8/5CL7+2/D9+8fDxphbXFb2ZTG7N+h3/+G/37jtwlMrcDqQD/H8/vW/thh3aYhZJe3l5miSfdIArP9z0x4de1tC8zh8bt+z6wU/uO3DwuEs64fPR2q3f/Zff79l3xCuuo6Pzv+96orGp1ZmuvC0f6EAasd/88cVHnnyzvb3Tte7W1ZV54dX3/vNXT3Z02K3awvH4JjKWCI2AN5asue+RRe3tCjeSFcl0SvMIbG5u+9W9Lx45dkKXSzPRltaOH/7HI+s37gZnjhEdlq7Y8JNfPNXRkfFKRKptu4LeWbnpx//75JGjJ3KeT3J37j70bz97YsnyDY5E0Ls0HUHf/nRIsOeM4PqsgvbkC+8tfW+jssZrA3tbtGf/sX/+zyc2bzvgbNgV2qYTbXfdt+gPj77Flkt9peiW9TB/e/mm//7tqytX7Th8tIXUgu7ubGNz22tvr//Rz18k9pxMJTwrQwpVe0fXz+5+5Y2lG7s8zSkJeeaVVYSc9VV0R2dGY8MY+bkWmZWR4u8fXvrcq6u7PbLa2rp+/9DS+//8nrlHbRIv+2DXf/5m0dHjrbaaosOuPcd/8uvX3l25E3FA9SHZf/DEz373xqGjuvWWlZExpGLVXd3Z5xdt/HDdAT3J3Tnt6khT/o9//frajQe82j741Ac79xzPq1mqdkngKs27Hnh3+65jrkzIKknQ0bbsPP6jX76xZ3+Tkr0mtfp1ysEjJ/7jN2+tWL3Pdpujg7nicO/YVNAR1C7PJhFctzgCMsi6M2bLBUSB//jt0g1bj5IBMIkjI+hy1SOQzAw+WnvwoWfX6kLzbvshvH7z4AfbdzW58ieTcZcUSRSy3d1JWtQ/PLHmxTe2dXe7Tau9I/vHP6956Jn1zpTB7x9bs3jZ7pxqAwnlGAblYiaiwb6DLT+/7wOzvdFFm9e+quKyGftuuf6UzXpd+pSo91YfMtvY19/Z48h+QK++vTujEhJTeXXpbiQArp16oN9RS6mbAj8bJsj+bOaBSvOnpw6s/Qnyy6u/oDzD5JJ0XiFhHQTLgm1hLh01ZEqDTyd3NzNsURaR7oDrVNlHlpAU8P61fsCnsGUCMNEcRarvzmrO9GqTYpfqJKBpDF4lHZFeKk7+uiwECRgAO9bKMY5BsnVximcDeAosBIDPu70MxVFtIfzUCKUA3AzpMszMBdu/BA4fa/7DQy+T3z0PvPhfv3rs//3H/b++5+lmddY8dvSwb37leiQunx4LvvjaokdG4rQbvkTGCyfMigIBNFHpwmggIy6YCClaBwWAABLNvCH6RPmSMPlcrVyRgZubW378n79/ddE7S9798A9/eubp5xch5U7hijNPn43YQMZ353/hFxyPQBMmn3PjyNkXi+gTG/g2RAGh9fAO83nYlLPN55qGsamyCjvm8Knnms9kZbt64HDz9eCmJYgJhc8rYQCR9rw0QLTTKOHcjgTYwwC36x5WHOLVLRl1t0W7PBlpWzHW/oxx+64N9Mt3k0nHJo/x0+P1t+C7HOAZiLnuts3nvbfbmjtm5j22ym6buu9GduO0x6zyoP1I35sr6eoXnLTX2XlEHXsPhL6RyMhTaQz9xRgXKJMLflxSEaFgvW0fydASHb3gK+74L60/Vs7dzWt9cw4ZHit5KypnR1MQQXlA2j31ajjK6y4tWnhe9WtRtve0RXE9BGlBypcM6qRer1LqQUugu8IgNUJxxrdVOH0xxQLwmzY4EZThUUJZlM+pyXTE9FJQdh+TigOB4qUExbmGVQyiKYJUMkmGwXnl+5F8DOxLBTDWd26UStdLIZVKkzlIjmzD6mnsbZWUzK9SZWlSiGReA3nvwpPnm63QGaCYjXr0Omee6QLbUr4rwv0E7DVMzRlQ839EAcCWcG0K60th7KdjmqLuANej1dEIK6vcNJ1SHOPIprIjjbF7tQZkQkpk1KihkyaMJcqu27DF5SfE4as4NyWTZO5N2tjhwwZPGD+mtrry0JFj27bvbe/oRGGAm5Sy8rKxo4aPGa2sZu4/eGT//sNt7R0otAzCdua0iUMaBmzeunvP/oOu2KTiCpvKqisRKJwgP1wh/PKysrGjh48ZNZTg7z94dN+BIzKZgJGAKGW9KJnIqyMkJMNZg3Q6NX3KuIZB9Y2NJ3bsPkBTjyK+prpy5vSJ5WWpg4eP795zyPAg5CmaTqXGjRs+fvSI5paTGzbtbBdyNsXMF9VhmjSP6gAY1KEiuu0zV8w7VTm67N//50+HjzZSOV535fmXX6ScpffSa8teeu1dL2+SqNGjho1VigztP3SMlFpbeydNvpy2tlA5PhoMGlg7acKouuqqzdv27Dt4LIGwcjkvINVLySr3kcMHT5sytuVk+8bNu9vbO0WYO31olf3g0aOGjh+tnGF24PCx7TsP2qoSW3OVy+iRgydPGEVKY+uOfdoRID5USrrqJk0YSdK1ZcfefQeO8VV1RZGl0knjR44bN+zgweNbtu/nGiFPc8wWocGA+urxY4cNbqhrbGrdvefI8aaTot9yk/YqnZowdtioEQ0tJzs2btnT3tEtrqRXs8GD6iaNH0627HftO3rgUJOrd1a289OKK2c2Y80dMFcEXQxHPU8MaUDGjRw8ZnTDiRPtG7cecDsoG2Oi6qqK6ZNHlJelDx89sefAMa+zlLdq0OVpgZhCTEz3R99VTjDduffo3Q+8aU+Y0iuk0nl1nfrH37uBZGAmm/vej59AdhXtrJKJKROHDRpY3djctnvvcaXU/L+KwDTtuHmrJrmiPD1j8vC62sqjx0/u2HO0sysrkuCGQbUTxw4ieu7e33Tw8An9RGd/s7TQKivSY0cNHDG0vrOze9+hEwcOtyjjNPV0aHXeDzbZtiEtxmNGDRg3alBXd2bvgRMHD7fYhPASW1WZHj960LDBNfsOt+zY05jL0afz9bXl0ycNJT3a5m1HG1s6uOnxPorVfVoj7OJFMnbU8NrRw5UD/w4da921/4Rr54IMNNJpYlE55RMaZHneVFWWjR9dP6yhev/h1h17m41k+jRlWhZXVqSmTWioqyk72tS5a19zR2eWjmzA0MFVY0bUV1eljjZ27Np7oqPLB98ZzDFoPWbahEG33zALqQcQ/uS3K7wIOIFGDKkmgxoquRdIW6EOz5QBGmdlFmMhbiy1AwF2/S0IiAojO3tp0nzl8plcFoGUxwMbpHkIOWhIxIAkDwHxTmJQz0BNkbpFTC6fd69MUjkYf3juO+xFTOAnynm9ALAF5CncgSbGvUIIeqTLP83yJTXI9dmy6TJskKkrcqSz1LZ0QV2YczDRCfL2OXdVqoOMOV36WqkRnZgAuGb6rlcOJR+BvjQAnDdvEN+CtXNT1EWhPPIzLy6Av1jEyxnOuo8jJHTtY63F0CQoj6rvekJzGvj6F64dPrSBTGR+f/8LXiZXXHzGOWcq/c6SZWsWvfUB4stnVyOBEDJnGfrl267bd/DI7+9/zqxin/rERXNmTD509Phv7nnKw8DB5OZPX06mz3sPHLnH80WcQEFYpa2cZJ1QPlbxrCuK1h0xdG/BiJc4iMVDEFoGaGvm3E1cujgIZshS+LR6+q//fCfpbn5590PmSYEk4l++/y2SkAcfe37T5p12mn/6v18tLyvfuGn7Q8pHrXQ1Zn/sW+PmXmm+5jJdGxf/8diOD7ramgaOmj7jojtqh06wlID8kj/c2Xpkp6VSkIwXbnZpVFd/72XtpMBsd+fL//lxL0IAmHrB56Yt+Jz23Lhv/Tv3/5UevuBz0y64zY6Zy3W/9JOrNWmDxp1y3ud+podnul766dXIT3mhUBUmnPnJOZd/S3ve9cGza17+RZgEsmVi9eJVnFd3YI34SARRxYXDiwIJ60cU4Jy+sifYSPmimLM+0KdbYAbb/3JG5ZgVqU2YvboAi4sN1Pt0E+qhE3k/ZExZCPCj0Q+tQEGAtqZA54SZeYPq6+uOHdNvSFfXqhOap4JDiJ099k7mgYJpIAErysYRIS4ScKKBT0oF1W9B8ZWwlWkQEw4xjJQFMZ42LOUMknRac/CUowwNQXlJpxEhzR9D3SjMlc7GfRwGoC2E40iO7WRO48SIYoWEckcaaYIgV1BPjEhTJ8wsoewIpNSPgbMQbw4XqPgEQb3tQPO3YbuNeRt1sI8CsIWELb4mJtbvKVM9JfSuWWn4teZf9dlIaO79SD9fSdm1syEk1MGdGojUV2X5PaneapRU7mpQYtVXnAILXwtJarSgcUCJEro+uOBQ0CXbfigM4OKsyPdD9NCHCzDoThYXSKeWy4p7BkeY/diYP0NIKar7navPsg0aPQtQ1ukOtgUQ+7sbD6hqeRl7NUPsUQLm0DihQIMhMqTbt/8w+Yns/DuisBV96PAx8itMNe3u6t62Yw/5aVqggAAuWsJ21ZpN+gvdByDm1Mmw7+ru3rpjz1YlE4JoJUSDjfM8A/nvkkn92g3b/VZN3HCyrWPFB+uRDJDFg2079pGfESCRISzPIOysfoePNmlNzbzTpr38Gv2ymEkTRmkPm7bssgVbSz9d3dntO/eTnxFAwWGAhRC5CTY2tTY2bbIFKEUO2F3iBw4dIz/BNTLqezab27X7IPmJ0Lqi9h045nHs41ORdLVo5wXSaq2PODKx37pj/47dh5RFc8cFTFicFeaqp0HzibZVa3c4iBgqeUO7M7nN2w+QH/Jvmfw1OdbYQn4cNbAPC6oNeyzhal4AABAASURBVAOBJoJu/6QB2bb78PbdhxGiqqPTtrV3fLBmJw9HSb1DhNbzY7omlCSQ1UmyBFBWlh4/Wr/g1XkNkYIzqL4qrX4M0HyincFNec3m8hu3OqsAgHuBwA1gbjrYVra5ZaoOXzq7Mh+tt1+kTq8JrojjjSfJzx+PiqH+09GR2bztyJbt5kGeZBsmi/W7I228QL93WKcHtGdfE/k5tLWNz5wr8JYhtXdkNmw9TH4WIXZqpQaeaO16b9VeB3Pk3h/AHiq2AsgzQsOOUaOhhpOXYgC7958gPzctRWfHs5rMY+TnIMM+TZlmM+0d2Y82HEaIt8VihyPH2snP0s35lwf6QBozhpK6thedPUYL+2DdYS+98iePDhw+6SJ2lkIQ4HytZEly88chhuLYZx+v6ADIcc5ZAb9zB86bAIEEoQjQDAN8CMAoX9BD/K2LwxIAyaaRalpMESCJ74wEf1xAjCSAAwMMVYDKw0MLDG5yRe/S35cW/GLAhwR4sb7cNbD1R+Fqpi+1dDwt+RzTEwZecwnOf6h0zBDl9S9vrJg6eUzDoLrzz57z3vsbWtusbwOqKsouXjhv9MihA+pruroyR442rVq7df2mXXYOo0cMufLycw4ePv7CX94ZP2b4/NNnTBg7nGwRNZ84+fpb79tmoAq0tLQdPtqoBAI6+4w5c2ZOJIFDhyg3nzYMqv/S7bpXU2PTiaeeW4y4MGf25LmnTBs1ckh3d+bosaZnX3ybSHThpMvKrrvyfKJhTW0VQWtqbnn19RW79x5SB79w+81Xp8tSr76+fNceyvzr9luuKS9Lv/jq0v360e/o3LNOnTFt/JDBirbHjjVv37lv8ZIP2A5xVvhFC+fPnD6xvrYmD/kTrW0frtq0fMUaO+rVl58/avSw5156q7m55YzTZ8+eMYnkRnt7O1H1mRcWszfIwUrmVReMGTWspoYks7upufXV15ft3nPASzBq5NALzjt95PDBlVWVJ1vbDx4++vzLb5nfs5mtLenuL77wrMkTRg9uGEh2c5uaWt7/aP0HH230KlBZVXHZwrOI8gMH1HV1Zg4fOf7Rmk3rNmyzI82cMWnBuXMPHTr27Itvuuivv+6SIUMGLXpjGclM8jp61NCrr1h46NDRZ19cPH7ciDPnnzJx/CgyRm5ubl305vKt23YTnFQ6+flbP5FUh83aAPHTN1xhXrvxyqKlDz32QlV11dZte1yyEqrzXFsH8zPRumGT7B6Bbc2H3r3vO90dulEd3fHR0R3fnHbRFyef/SkthIzdZ1zy5RWP/AN5nnHpl0dMX0AeuttOLP3DnemK6hGzLx46cf7AUTPe/dP/aTum14KRcy4Zf/o1NQ1j0+VVuUzXyeN7j+78cPNbD6C829Vj2OQzp198R1X98GS6nMwUCOq+Na9vXfqgdprDKVf/9ZCJp2s6aPipsopL73xQez6y4/01L/6P9lxWVTf7Y98cMHJ6Zd1QkpNdJxubD23b/u6jjfs2MLIBDm5aajoF1o+YYkaMmHa+CzWZLKsdOkFzixw25SwzvOmAffEETTz7hlGzLqlpGJMqq8x2d7Yd37tv/Zs7lj9mx5l52ddHzLiAPGTaTrx179fS5TWj5lwydNKZg0bNWnr/t5FHSe3PoLFz5n3iH8w+4YMn/6Vpv5KuASOmzb78G7VDJxKJSPGY7Gg9unPdq3c12xSbpUhcqEpsfuver04+95bRsy+pGTyO5FL7icNHd7y/9uVfAHjKZeo5My/+auWAESmtXFqP7V396ua37/N8MIAaxp06deEX6oZMKK+qJ5idJ44c3vLu+kV3Q95z0whOzrjojmFTzqluGE2ytLu9peXojj1rXtm76iUUJYhNEjDCvI7Nv9tyTqeM2ZVznuidC2FEi6GpnM8nkPABLrQRh+tcaxay2AcDpQy2j0+iAlyKGaGej9RjoAcakjT0hTT2gwgU3hL6ba8nQE8upWI6BeodcAH7YezvqNHbwO7GUXoQmWbY+dy7G05tHoJ7bSK17VLz375SVQ3AvSzBoZLj8s7L5TOQESamLuazVgCAS+UD2NXqWGsAyrdBrgOkmOus9ok80HX0uf8BuE9cECwmjGKokkW3eIaTT6H0Asks0IpUyhMOSiCXSxqww/MDf7h687VXKMvEly6c/8Zb73d5rsOeOG7EpPGjkfoF5849B1E8UJAyUxedIApR4j5MvowUwJJRSE0G12PGL0pf5AVf9aSkcHUGlu+WIB8WcwcHfWXR1wvNAziy8bRHhETCjRiE/NzUMPJj445jeDQdOdYyemRDOp264sLZf1m8zsQj9V27Zfjzn9G3kXbvPe5ibtPUzDvM04GupJcQPK+IFoIcPlVuPto4w+3j6EeFpGs0dlUl0F3WmC5ngvyDoYFVIOyUe2wdswMRJd8czLGeYB9a2ys2Csf2gtx4GFPCWWwxzaMCY0qgnY9shceI6oQC2ifjkE4nx4ysQepBX2+t2CtSk8UqiPkLBZ4GQNLOUVS0hQHLwgotlfUWmE1gkP7U3ajK2NyIpM+7GLSMd57nFjvKeVYfhSsj3PbMV14oxHmNAL0mqkE2x0B7MJ0/NWm+AIxBEeuVyUVSaEhwc1Dv+EvkeaeZ+QqVTTj4hYoYgyyCCw9Y0X6MhLwSH33yjW986ROkJzp97tTFS1drgdOnjLnxExcnk7rXUWVF+YD6mqmTx+zYdeChJ17LZvRD0xsa6kePHFJbW3XBeaddsuB0k2dVRcXnbrxi+cp1L7++3AxsOdl2171PaY3DnJkTR48cakalk6QHHKI9Nwyqc2lovOoht3z68mlTxmvP5WVltTXVf/2Nmx564pUtW82uE40fM+K2W67W9QdUlkrXVFXd8bnrVnyw/sVX3yFhQ4YMICGXXXzm7+971iVr9oxJk8Yrp7Br31BVVlZ86XPXDRk80EQYO3o4+c09ddpv7326rb0dMfK2vKLs21+9iahnBlZVVlx9+Xnz507/1W8ft8TNmlRTXTV82KAv3HptVbl+Q2t5ff3A+voZ0yb+968ebKdcKWAkc+zI22+9LqlfDwJl6XRNdfUdt31yxfvrXvjLW3aCC86ff+nCM82OfNCgevKbOW3C8y+//f5HmouYUqlIUX7lCzfU19WZhNVVVaNHDTv3rNN+c8/j2sBeA6LbZ274GFm+014rKyoGDKidNnX8jp17//ToC5lMzsirYWNGDa+rrfYkAU2dMp4UwfDhQzSnwIaGgWNGDiOYCxfMv+xC6+La6srK22+57t33Vr30ypKaqsrxY0bamQwf0mA+DxvasHzlWq+gWTMmp9Np8vD+hyxnODTJ8PbTYMWj3zc9ArXMIf9vfvMPg8efOmC47irXMHYOqGeW1g4ZX1mrWG9FTUPFgKELvvjrsooaDaesoq6NmHdF1bwbfjB43Ckmu2S6vH74ZPIbOWvhuw/8TVeL9WXLGTf+y7DJZ1qYiVRV3bCp598y/vRr37zr9kxXe92QCZo4O1TW6SGDxuhXJI+asfDUT3w3aTvZpKJ28HDym3L2xjfv3fbuY4gGrUd25PJZjSqZLKsaNKq9cT9Zpq0dOt6LPHLGBZtVp8ChE+abgYe36pdCVNQNPuvmfyfamlGpsor6EVPIb+ypH1v+6Hc7T+get3VDJ1TVKa0B1A6urB+68Eu/K6us1TPQeHABUeycW39mpu7IjhWaR+Csy74x6SxHUabLqweNnn3BF+/a9dGLa17UjzMkWpkSz7jx30ZMPc/Erx4wonretcOmnLP0j9/qOHHIDD/zpp8Mt92nrJRL/fBpF9w2Yf4nX//VzZkuw1ownv2xOyeecb0ds3rgyIlnfWrs3KuXP/R3jfssE60ZPOGcz/2sssay4bKqusHjTiO/kdMXrHz8n/N5xnq+bfbDXofFiLuri5XzQZP6bIc+QUGyVxiprbtrhOWcfBmfVLun5RiJjIKjuo0yGi4lCuBeXPHG9xYAfXYdbGDsy7tkoFfbqwlR1e6IIC5lGEuqvRUKVqaRCgrArBAJLdWGQFyvHtiU2VVOTp53ubZuA/rnBfq/2r0i4InSnnX3BeODY7BwzDGT8REpmBJB3w4wmkXHHhX26hbx2qp6DG/C3sH2elBPalBcUvKQL6VEY+MXAQts284l5Yu1K6t69RDDOIEDeoUhY2phkrUY7X6Q3lpZ1ZPtE+qV6XljLqn9sP2lSBtMUUpVjrBlnj2GpbTQrqEH0Z/xzRzrJ72tyHKbwNrirH6OPbZHJZQj/ZVGOGH+EvrPC8j8i9zP6k8TZuJqYXbHWctsuM57nmUUix7zfslkyqqVpk44nLlKk4QxTiwYhtTrZshiNOSl7tLlcvTBkk2XBL7epvhRqNaZ5F+xw2Rvf8L+mFJs/SL92TpaVw8otVE/7l7Dxu0dnXPnTK2tqUolk2fPn7V7z8Gm5lYTf+G5p33+lqsT6gf9r7+9ctOW3TSBPgG+amPRHPBNPuZLUa6Vd9xPIUFOsWPRosF+wfK0WqYFMT8lilR4bQApTuJ499Gc2xxjJEyCbf/zMWlIfFswnzR3drW1d0zZ/Ahtb4KZgGnUbFr/VDOVwYhL60RpbG6bf+oEpLj/Dq2pqdi687BaQRTXkNqqsq9+buHokYPIyCGTzf3mvjdy7kt1MBJqAjhFb+H4Na8sOXw0vi34FxMr8011tcubEH3C7e2RuEWJ2VrRVBBCoxseQj46UHFZ4wpMw3Ajk95Hu1bG0wL7tBgC6rPS5H/hL0euFBWJuOScsRNGK0cQHTjStvyj/Xx8X4YaqDNEbHOggcCspIBfbaKVJQZyEtWLN72Xocj68QQCYL7EBeDr88QNswFWhwfa7XvmWSwCHGzubsBE4rECdhSHEhxC/TkIr5kBhS1zb9aYUOT1i4PBgQz6jN7BI53Mer/AYSrCiQEkkNm+Xmd+pSyQvSAkWnUbUOacSYSM1Xc/zp54aeOSjwc/pCjqtV8Wkt4rodREJaPOmDutprqq5WT7h6u3UPHbOjrPPH1GWTrV3ZVZu3EnCZk8YeRnP3056T4ymezipR+99ubKnbsPVpSXDRpYN3BA7axp41d8oDtXDR86aMa08eVlZRPHjWzv7Hzu5aWvLV5x9GjTxIkjSfczatQQwrCjo9MpVvlz8NDxbbv2r9u0o76+qr62urn15NMvvU1eyW/12m3NzS3eBM6ZNWlww4C6msrBDQP3Hzr2zPOL3162KpvJjRk1lFjGtCnjli5bpWGTvu8bX74hnUqdaDn5wMMvPvvSkvc+WD9yxBCi/KiRQ7fu2Nt6sp0kZ9yYEXW1VUuWrQbnuOL66y4mE9vDxxqXvacc6ffX37x54IC6bD731HNvPvbUa4uXfHDoSOP0aeOqKyvPOH3G0mUfIUZZfPFzHx/SMDCTzT7zwhuPP/naW+9+RCbLY0YPJ8VBFop2aAfkI3T+OaeVlaWnTRlfnkqvWrf56Rfe/GjN5rq66oaB9QR/9Kih5NUpQRdBls5Ouz46AAAQAElEQVS++ZXPpFPpEy0t9z/83HMvvvneB+tGjhxKtCXJ3LJjT2tLm4Z59hmnfOzSc5Fy6l7Li6++/eqiZQePHCXJLysrI3I3b9/derINq0P3v/n2bTXV1cRu3lu55vm/vPXR6o3l5WVDhwyqrq6cOH7Uh6v08wInTxzzuZuvIdWxu7v7jbdXvvL6OyQ5lRXEQuoHDqyfPXOy6Zw3edKYsWNGdHV1v7t8lTOj0PnnziNWt23H3r37FNer4cMGz5o+iYibNH50W0fHsy8uJmyPHDs2aeJYYkujRw9bu37biZbWg4ePrd2wlfzmzFKc815+benKD9dpIVu278l42sbRo4Z/4dbrSJ04fOTYojeXsSrg1IW3l1fqrpBHtq3Y/cEL1DLtbmsaOfNC7Zk03s37N7c3HRg155LqASPUEDzutKvS5VUm/t7Vr3a2HD3v9v8dOGo6VW66vGb86dfsWPkM5JRz6Safe9P4efS7dxU/whFT9q9bNPa0KytqByMGdHe07Hr/uUFj55x1078ljKMEXTBkwjyy8Hpsl7tEtCXLYZPmV9bpDrvtzQeb929sGH/a2FMu10Jaju4sr9YdZFNl1bs/UjJq9hXfMo8tXP3S/2Q72wj/i7/5YFX9MKoC5dUDSCq2v/eEdurb6FMuqx6o+HqSDBw/71p7Bu5Z9XJFbcOwSbqXZPPBzYe3vUcy7aKv/iGtHgRIoPX4vnfu+w5ZoWkYe9qpV/81YsCAEVMzHa1NBxQbHjPHkljbMNaLTHQgBb1jue68O+W8WyfMv47KVi2XqfvWvqq9zr78WxPPvIGKmUimR51y6e73X8hlu4jkdFntJXc+WFZB93qsaRgzbOo5uz98jhqLkbXwTI23FsKNtT3rCWFjdV253lEtOLCT2Ikhtv1gsH76rrkIsOqvyChf21XIS6/fFgI4U0c3JnuKVVFR3q47qWslj53DJEzlRY1ATBX5SmI2vRdLOq6AUEIWom215BnXXvciUG+CLsnqGR3oLSunKes1oDpiYIivCykl0N1OAMVZSUsxG/VdePeqB2PxFSgInuuDQR+K2iXoIxftX2Tt7GuR+gM2rg9WLxe2EPQhj3ahsBGbUDvJhBGb0IrQhm+GqKw0DggX9frgEukc+6GgEE+pm0M1rXL19iZaTWIvqD99twmAPFkkMU7vLy2LjaNQ5KsldSu2lIGqKEA2m8XMzWzuWFJoO8e67U40c9m704kkTqVSnMuSyfqs9uW0NhRG9k0dk8Z+ggRYTCgXGkAJlC5nbxz7IPRCwOJLN3YA/71yCxMJC4jAPoTp9TVCey36n7se+dH3v5YuS9fX1fz1N27u6u4+ebKD7HbUVFWal5gfbzzxzItLUAxQOLvTjjkNLi9wMUkZQwEA0xpqTurAOfHzBVZ6RUXYAz0RQsz9isodH0PZgNiKKYhlFAjnpzTtlh2H3li6/uLzZ5F24bz5U86eN6mjo6ujK1tTWVZRUUZ6QE3fR59e3p3Jeto/s7dzHcjn1UEDTp5olw1jNhWLCSAhKiRpk8IgMCQRSb9NncAGwEJzCGekmaojJzMRdYmIEYhoqoIQW+vMRc34qMjUIlD6OXAvarHUQ4gX5SdIjZg/Z7iWpCUr9rKL0gUiCMa/PpYWhTHbeCFPhexRYB/f+9dQOmUosSgkpwAS/eT5xptHH0AgDpxdA/CRyyQB17v1CFR8b4TBx100wJBI5UZFBhsK2AKtZ1rCQMAwWLphAUwJplFBdJxlcyZATsbHjYodgqfDrvypWlrbqqsqBjcM0BBuuO5CLfBXv3+qq0vxsjpw6Pi6jTvnnzb12ivPJ2jzT5v2/irLU41U/bb2jv/65aP5vHI+XGNTy7Zd+//q6zeSTuC8M+c89/ISr/SDh4+RH3mYNX38mJHDOju7N23aZaDw8pZs0mzdsffBR1/WQl95YznR84rLzikvS08YO3LHbsXT7qz5s8rS6Uwm8/PfPJrNKlt07e2d9z30wt/ceUt9bc2F5819+M+vLFm+5oJz55I9oXPPmLPE5tiXTqdGDFM8rpa8qwRecP682uoq0jz9zy8fbm1r03TZuGnHz399+G/u/Gx5WdnCBacvfvsDr6rVVVUkXeThngeePqjeQQz5/CuvL6uvr5kzc/L802YuemOFPYlJnHj+5bdXfLhOC3jgkRe+cOvHJ44bNX7sCFZmnD1/Tlm6LJPp/t+7HsqpZ/i1t3Xc96dn/vY7t9fV1lx03vwHH3sRqS4Fl12inHB28NCR39zzZ422senEqtWb//l7X00lkrd+5uqf/eL+fB4uufCsyooKkth7H3hq9x7tjDR4bN8rjc0tF5w7b+yYEbNmTl6v3A4Mn77+MhJ3oqX1F3c/0tXZrVjIgaNr12894/SZH7/64sENA8nDyg+Yx/JxgLRTJ9vb//N//phT91YbG09s3bbvb759G7Gl88857ZnnX9+wcZuRE8qx99u27z585Lid3G4uUyaNu+3ma0getLSe/M3vH+NUmaoBlvva8T1rWGiHt61Yv+i35mtH6xFNFROS6XIXyZjTPlY3bKL2nO3uWP/67/avWVQ9aOQ5n/uZdqBgIlk2feFt619T2E5ZcIueOsjvev/Z/esXD5181uRzP5NQD4McMmFesqxy37pFHS2KRY2Yfr6JfGizfj7fiUNbcSI1/4YfmAoc2PjW5rf/1Na4f8bFd5in6E0658Zt7z5K9LFpCpqX2JHtKwaOnqUFDZ00f+eKp0YZfpAEdix/YvbH7kyVKUdaascH1g2flNDPqlQS2Nms5Mnsj327rLLGpGo9vrf5wKYBw6fWDhmnhaTLq0+5+v+sfu6nruzyZqALME4tuOM35gmC3R2tS//wDe2q3wlnfsJE2/Xhixte/VWqonrqBbePn3etFjj5vFt2rHyKagZHdqzoam0aOuXs8qp6LaSydvC40z+x+4NnkOIzepueR5DfueLpfesXDZty7pTzbk6oRxUOnTg/XVadzXRUDRo54UzrjMCu9hNHdqwcMu4004kzmSw766YfvaveiTz3+n8gr3r+HNu98fVfH966Yvi0C+Z/6oeah+WA4VMGj5t7bPdHXm1Z4yVjnk0ZUDlGQWAgq4N1stnCYgj5+Dr/iAEL9rI9JkGhgZVSHCoTcCxZ2HdKRRrsZ031bujdxxUhpf1PJFMpMlojgCKEUs22PmCzBYOen5U9sHv2rp4kUKEA2xy3bC+FlO966IdCQthSx86fO8iB2NvBmBj1EMDsX98FUO7Czelny1kmjXtjxrCOJeE4ZPli+AtFhQSGNO0kSLKU7PyZIXng/GhnH7q+KjRO6I3AI9AKt47/s51HqP60xNg3WTH3zBmPZGfdD1pE6icrPMDUH054D2Y0vkWlt0i4h7W0dMCOP37IOGADhClPRQZ5RRwU7Z3dP/jJPZu27NJeyQZJw6D6AXW1mkcgqQhvvv3+D396L4NVqKE/tpgUZAqh2jnu8ZauAQSNUmIZfoFiDIOXlazOrE1VNjIfhRMtZBXg4xzgDveiaZnPQTMCQVA0EggEGicr8MXXVz/23PKuLmVTMJlI1FRXDhlUW1lZrlWVpua2//7tK6s37EU8AO6rXa4AuDEZzC00oHFnlRQfzX6+Mo/KGJJ4+XtCwLpbEpg6gGXtgGwHPHtx7Ml3qUpDs/MUyX8QLynw4vsN0hRUyzlR0IBtaQLwQ2apByL4TklgLy7w/ByEw4dU1VQrW4Pd2fzqTUf0z6rNMuKd2w3snxZvL0rOieB8VlTN/YApjXH+B/geVS71Q8zSEaK1F55LFV6aUJhfsHxm5T5bWadEJJZFPoXq4gMcDoiec2w1uCmiU7nzwkYilLuGap42kkqssnXnBA2PK8+Bpv8vbQvgeQXnm93S+HwsHKArTCl3jzjEQaApwS53rwJ8BBdPdw4DB1cAgPfKsEFJ8NXQhyfDFOmhjY3KyXw1NZUE4azTZ1ZVKn45D/75NdeZlO+v2nLgkOKAdelFZ7hUevqFtzWPQA2aT7QeOdpIHoYMHmBTSCQfuHmrsMk/9vTr9pBlK9fm1FPWRo7Sb1CdOE45A2zz1j25rOPQjo2bdpKRqeb7mOnq3n9Q8aw6Y94MO855Z59CcMim7dr1ivPZBeecpohYsVbxCLRBS2vbuo07yMP5Z59GVXXalHHk3xOtrZpHIDJG70vVA/OqKiuQE5pbWkyPQA1eXvSOSpWora5CNJg4fhT5d5OSTMcG8/qN25F6G6+eonPnpVNpknEPPvaSHU05DnCFcp5fXW11bbXiv3XuWcr9ttt27DE9AjXMNxYvz6p72GfNn61YyBmnVFUqh7T96ZEXNY9AE1Z+sGH/QcUn7PJLzkVB4alnX8/ZTltpbm45fFSxuiFDBkrxmThh9O2fvQ4nkk1NzT+/60/ZXJaFWVZZY79mt/XoLlukq3bDrpXPmr+TR3d7ubU27tv81v1L7vv2iz+5pmnfhmkXftGM2rDot/s++gvkMoRw0+I/muHjTr8umSqvHjTK9BI7suP99a/9tvnA5i1vP3B0x/sm5oARU3e9/9wHT/0r+YGxPJ7LdL//5L++/+S/kN/Wdx4ZNfui8ir91MPujtYPnvrRyWN7IJ/bsOh3mS7djBOJ5LSFt7s01067ObT5HTNk4KiZSHUNNENIbNP+9SaTQWNnD5tylhmr+VMm0+Xj5l1lBhKVFv/mC6ue/cni335x89v3m+FjT7mcJBp5M/D43k2L//D2vV9//keXN+5b74o9+5Yf1wwapSc8n337D1/PdrVpK5XlVZaFtDXuzWW7u042rX3pfzvbmrXA8uoBJIdJnXLNpZfe9+3lD//fVc//x+s/v7Hl8HYzfOqCW8m/1YNGW+WyfcW6V3/VfGDT5rf+cGT7ShNzwEjlJMiZF3/FPDGxrfng67+4cc2zPyb/blh0t4k5cPSsZKosXVk7fIpVR1Y88vfHtiu+xQc3vXVkm+UufMqVf4VkABDiDLNdkAekrpvnLRLvKjvqSeC7GNOzkhMKdFNgxGIWTRh5hQb1pG21uoW2076+4cqAeLOl72W6csOMejslihpE5y69tgmMNF3BmcWUvX2k4+oBySz4SYG4iNnS3yf2VBB3a+gjZcy8jrU3QZ+pr1g/5aMXJxgLhNA9MiISFzfYz1jj18yodAvi8sSnIUskmUyGs1yvnHpofH2JlFuv2ah+moSBJIFUkiMRbKqBFWvtzenRZrg1LMEmJ7vzIEQ7aimgecp5BCLjsOpQwuIHHDiSSYJpDtktJ9t/dc+Tgxvq586ZqlzPVK9sLRw+fHzPgSNr1m1rbeuQEBAZVgAAX97cUteMP1gaZGgl5PLZQoAo6wR3+m4ujyGmBCJJzeV0xkx8kGTuA/r59RF/xiuopHhavLkqjoY4tCs+2kF+p80aO25Uw7BhA8pTqZPtXfsPNe7ae3znnuOMKzixUyRgIYmIW0Z05p5kiqOJ2ENYNKfh+HAzov0KTo/n9ab+IwAAEABJREFUoNkxObltDwSbDpxqaCExBntuhsajfgGFU2mTA9BEgA9bBwdk4272+d4qS+WD9fGQTSJ243uBU1yOoPaOzNOvKKcuHWs0u0sAb5sp20SB7V9KSj2YvhCwgRQCGQ8WQX4B1QW76xhEPLCNEkA6Qg5VOuG2uknvDO1zCtcj4soDNgrTcIBOBVQOYBJR8IGnFXj1Aych0KSBhz+Yiqj/g0OKVy4zlhHoMzyRMabQIx1het/U+XICgZCQCOEZerFD8gTa8IZjyahS9VFTTnRGaNxo5ci0440nDh9p9HJ+9Y33Pn/LVRXl5TbOyv9bt7u//Whsahk2pKFa9S8Uthl/NDLlzHR1u6g6OrpraioH1OmHh63ZuL2xueWjtVtcaEePNZGxupJYdeD19jsf3vypKwbU1w2orW1ubdWQTj9N8RHcuGU3Un0OytJp8rD8/XVeTdZt3D5n5mQNwav5kWONy1eu2bv/sD2QlMqhQ8r5iN5VhL37j7hCDqsnKRIYOKi+ta3dTIWJsGbD1uNNJz5au9lFeFR1x6yo1BRDY0YqV8EeOd7U2trmwnztzWWnz52RLkvPnDHxvffXpNOK59Oixe+50HI5WL5i9dlnnjpokHKI2vixis/l8ePNhwwN7fDKa+988bZP2ixEDkg7uGXbLldgY+OJ4UMGV1dVIhm45dNXkZxuaT353798gG9Y2a5O+2u6vAYJAYXryaYDb//ua8h0kE0kTP88AhW1gyef9xk9xvAzU7GSlfVDcvnc1nce1UIObHyrZsjYyrrBue6uEwe2DJusO95VN4w6vns1XxnNk0+DrrbGKefdbL7mujvShh/egBFTaXxQW+O+XKZLO7GPIFcNHGneJtzReizT1XZg05IhE07XQkZMXzBguMXn0FblwMIBoy0FOtuaN71pfRq65e0Hxs67prKmQXsdNGaW3QcOqRn41t1fBNdxAAaMmXu16b5JcN578G+7mg8ptySreK1HdzSMnaPFzrr0a9MuuP3EwS3NBzauef7flbuS1VYogVEi5XDLOLR1WeM+/bbrXC678okfXvLNP2mv5dWKA3Ee8luWPKiF7N+wuGbI+Mq6ISQnmw9sHj7lHC28qmEk7Pqgdthkk+2aF36WVa4JVmD7e09Mu/hLpuZDJp2dyViVMdvdMWr2ZYgGVYNGUsOpqzCBgDZK4WFGDhGz5WYMxDuNKTGQzNkwBRGTbfBA8a9KpUh1zmZzPcR5NcyEtkckMDT0jVQWD3pr/kaarn4jLA70jHyP3SkQu14Kmi19aHhUkhA2/zHzpU9DCedE9KpRd956NGDPayndBB2DJsZxbD7zmlKv4Gz9gCyR5cBAKlFbFXG4BB/XDz0e4+KmU/ngM8/acQPk3vai7BuDCwsoO2AWyHsFqscVMvMb/NZ1TBUpUX562OOx409vAUpyIHRaeXTHjp94bfFKFD2olSmC4gm7FEiWn0D3KAlWq3UFSumsQZDysdPAdiqqRD5gQbH+IEqMffAhnF+gvmuvHGQLptuIdowZ9iM0/IQsXMcLBdmBAiH8Ahn6GMwli8UhYtX6PeSnM1IhSba5jCul+E5RSO9eqJ6j2PGGRJIFnqIwbRVT0JCrIJBnTO2ksoCBBqb3mK+bHbXgEJ1WzSGnASGaMSC9TDEHDTlMkZelHiNUDB38jQUMWr+id5LYdHcjAx1fAyxc08GitCVDyKfQMSDCGFPwGdyAFmU8tpzsWrn2oBeBUnjgUcmNYb6DZ7ePoyo1KjAmi7bAEExVOzmEZhIeQCpYCgmE30Qi1KprNzlgoTvnCuCORKwAjmhwv/hTWfXC3iQgQQDvI7ukgEFJRQcxqYIQhZ0YWCBEKJNYBo5fQQPy4+w1Zj9N/DeVQSgQRKgCCBJGMIceIqk2aAYOVNzpmpoVxzjtbL/jjS3UtOxVz70jnd+woYPMa1upV6G1d3TbCUXUEDGe9s4u5Kl/mQyRZXmMrVm7dePmXQvOOfWmT15WWVmeSqUSCTJcd8+BN23ZRQjTaeUK4GdfWkxCGgbW1dcqDmFvqI5xo0fqvlBf+fwnvJroZxQp7nflnR2drth9+w7v23do7mnTv/nVG+tqa9LpFBkSk+lCzvGdjJUULfMdEUp+5LHjuipHnqxes2Xjpl0Lzp178/Ufq6yqICISCOc9+dbQoHjyNTaeQB7I5fI//q97EskkIRoxXD9n8dCho15ZryxaRn7a89Ahg5DyDUMzosHe/copg2R8NHxYA9VrkA+e/FE0aW/vRMKg2X5lZQUByOd+94fHfe0vn892d57ULvMlUDtsItq4hIpZVlV//hd/Yb6ufemXR3estA9w9q9dhGxHZtYOHmcn106eo0KyrPLkwa1blvxp8nk3T5j/8Snn3YSY6fOBAcMn2xWYfuEX6BJTTMfNpgObBo87VXs+5cpvm+HHdnxIxB/Z9A4yTrAbOunsytoGE+HIlndJvWiwOQU27V1r1hSk3KENjXvWmvcRDxw10+UUuG/NK6ZHIEVn24GOq57/z8a9mrcuaAPqre88NHbuNeZdxqmyyoZxp5LfpHNuyudzez58bsOrdzkGKSoc3fmBTQK0N1k+kYlEqrx6YAfJjrfum3rB5ybOv55VguqX06iyfqgZcmz3KrMRBsgse+CvqgboBxwe27t63NxrTUyi5/SLvkRlq9zfwmoKcaDuxak1a/JAw4wDQrOlqcvMGEDOb8nCiSlZUI7PU79kEz2dV15CaWQH1j9Vz0krw0hAnOkKx7j3H3KD9PrZFxKqQF9JZw+DkNUU9QMD/JejirJOyAOqTgU5KRAbwotvUNj4t9+2Sx1cCxyiNEFvP+xRUJppjMWfrNdWVnNjt4ROfYzJqHzMFaPSr7L8jeV8Ngt6UZYYBGlFBZiGOjwvtDI5BfJiuOAWLCwdvKtrwpBMJtPJJKLtoZjbPrY/tvpvl2pGG3+VttC2eQ3uvQMayHWgxipEyQJmBYcdcxcl3WISgYIbna7ORitwdxs4/2mpi4YWpKNkBlYCiAHyRJZECl+OuXourHLvuoxRyOqDPH2Ut0xN2dhPEJOWdlYfFqDliDB7E0H1RNDo9owpOlAbPKAzB7/xi1CRAd2ZzQewqDcbQg73FbdTmieXAAkUgfbX1mVi5MH00KoHCRtGyU8nOKltguwMPcpYxaxt4YB1jJb6r6uyYSuWpz9yZ6njMDHqCcDsglTGIdjOGItQuYzEBZhO6wwCur1zKCg5FgjEeUi10CUHYKtBBZfMfY+YPXIPtAMwsEXaqyczA3nTIt40H3wEgxQVWP8DH9lZdxzI4Imw/UthCwzmYGMIDBJw/gUPH0+4f5HKFDoIUAlYb0QG7colX1w/TGmPQBDCkk+uwKIBiMUCCOHrCHU1ygW1hw4rTn5lZcquR2d3txeNQDaT1Y6xra2pOHzEFBZRwQpANpPztfJBA2u/9ZUbk6qvW1tHR0tLW1cmk04na6qralNVdtoNm3edOnvq7JkTNafACxco16Q2n2g93tRCEMrK9cP2UskkVVCn6qFYVeF1CoREMvlX37h5QL3ibdmdyZxoPtne1ZVKJdLJ9GDVS8+lfybLvNzWi6xBw6D6b33tJu3bGyWZrW1dXd3pdKqmprK60rpxuCylFqj7eEU3VFUpp0WqH5QidmOoMixTssVjIUZCSAGB8tFEbU3VocNIFvJ5wZUrHpABSH2Nch7escbm5hMnRUjaju8pMw7YGznrws2L76eijT3tisraIebrycZ9LoSTx/bYXxPpMiQGybTi1Xrax/9+1IyFKBwkkmkhtLTLKdAaxR7eutx0CjQPBUTK3cFLyIw309nS2Xaiolox4xrbUXbdHa25jtZkIpG2XQqcz2WTRvVRb6jNZbutypIs03x5LXtrtd3IzG9Whk87b++aV+wD/c6WY+/cd+cZn/lxRfUAF3IikRw//5O1Qye/+8B3kLPJymcdluwSmkgr9WLe9f84euZFyA8S2HLhLauo7WpvMl+bDmw6cUi/mDiX6UiKGYZ2GXHgVSdfcJ9Jrk0ZS/dcMppetNzB7CFh0MTFVwgGexSNBLIklU6m8kC2XXIoNog5O0QBAqtRIglggXMjAxAqYqUsWFYVciRZVOgjydTuskc9BkKqGldKe721lGICWTrF6BQY3RigpwnvuxBuV14oqB9UKGbOFEK2ckpNBlAeSn5s6w88w8baXmIpzFJjLFbM3ubGqIdXc115sLaoS8ZaXd4WrPiAbItAbIfYc5k0QZlshrRDAYo0n89lfLYYXRtchq8A0DZe7E6DlCcKcLI5QZYP1e0EL6NUMpVKJR2HxoFLKFcTzN3BDA9YKjiMAHC+RsSVGRCWYRTscAl5pzsACtlDYDE1MCuK4vGCGL5lAo41zkCZXAggl8oBaXLBh62vCB+5cgWsayGaFrl8c5zDxy0md8cAXIc/MTRAtHP4qEyoRuFlrv21e3V5+dtbcDE0S08Wjr01Bdo4j0ruiPYrOEEDCGKQkmhUZB+55hMZY2R5W+b2kQK2UdsBswN1fOf2mKuno1J5jVuayoFgG+a4AAwOmM/BRWFgAoWKmiEctiKYNuE4KK0QyDWHgSDAZlPkyYyEOXvMAj7vgmRGqG67wBYLFA60MJ4m1PE/NQqo+LZ4FgL4SQb2gwgrr55hLCd+q5OTEMyKfKkcuQ8CaMabH+foPQIDlojPGpdIWgLBpQvnJ5OK68mWbcoVwI1NrQPqawcNqHPJ1qBhYK3WS+7Zd9QZw4IAS3eBGyI95POfvTaZSJ5sa7/n/mcbFfc+Hc6cN+u6qxZomBrqG2+vPHX21PKysvFjRuzae3DmtPEk8L3312uszMt//+euRzo6O+kyqWoAuuHjF5NsJIskDz3+l63bdptxiWTih9/7KpIGiuDP33pdiiSzvf13f3yqqck6CPCMebOvvWqh+drY3FpfXzdoYB2V70ULz2oYWP/hmk1aYskst7qmsu1kuwttxPDB5559amdH14uvLGlsbCZJaxhQT2XYMKhe+8Bi9z7z/GP6JxepBPMQxPBAsgUpXpvdgswb9643b92tqhs6+tRL961+zYVTVl0/+VzrAL/OthMdzQddONlMh/219cgOK6q7c+l932Yp03Hi8Ihp55oegflc997Vi47vXZPrPDl06rnj5l6lhZNBpnlbrgnKqew2v9WWY7vrhk3Unre9++i+tYuoInNZuyer0dSrv4Oblsy61G2lAPmjOz7QHDeO7/5wlMdJ7vie1dpBj037NpiBRJO8cXSi6vYOA0dMMWOb9210a5WxbA97Mqv1+N7ahjHa84hp58+67BvrX7vLjtB0YNOr/3P9gOFTRsy8aNDoWbVDxpdV1pqxDWPnlNcM7DzpuBi9fvgUjNSz1VT1UqmKpOEuSZJMipgIMj0Cc0q5/OXYrlXZrpPDp50/ft51dladbU3mzcgjZl24a+XTZtTlf/VkeZVeZT56/qcnDmw1oxr3rlv1wn8gOtmabzkAABAASURBVMTav6sCeozfhpyWWH6QUUoQTFljcKQsVjImk9EBDsAf97BiKBUodqb1l1t0UKyM7K0F2IsNs1ckrXeVT/ROgY5VUlz4trYAy6k9CnDBsiQKMaF59JHip2yxFVByASCXy+l7s3pSe1i7i33eXXFFT12MxYpt+2fYeLD/7cGAPa9FLUksFOQTISAE61Ny2cQWs8QdpicCeRWU6y0wlt2xyOXy7rMM/UXL5g69tDEvXoFEIpFKqgM/zz5lSgXzTgZw/UHWm3GOkP5sY+J01RE6zJAFmPqI6CkLZVvq/eaRW6exeuWShcJB9JXIOqcqNr9AjamA6oEdhDjUwoCNfxltG7BHXuDwmREC4DmcUUYQEDp9QcC4WtoOvpoAwx0KUcOxKLI3UFyQIK033Ey7MxBTCxyCisB+OCwQRhO5/1kK7M0+o/FUj181ew+tPUSMonGGa87l2MxjuwU6sw4MSW40RPFUc1yp7JJLo9XUxi5uNADbH+yRyxCkdqOkfuWzZKSRSBjXkHFbBqD2hUImZNZjjOUaH9tAwMgLLEDlRaB2LrYkcLm4aw2Y5wsAonAWNfVA7So4/kiA0Bhdnq0EuDJLWBZIhBYEgh+K4suYAsq9T+rV4oxNZmD8FePuiKK584EvK/DHp4UDC4mFCTRKTw3UG3zQvxIyJxUUTLAPQWnMOcGsNpxvF+DQ0RdfbExMzzRZMMoeBIT5iwt4azAHJUAC3UVLRRDi4ypegTyqriw/78w55OHw0catO5Rjzw4dbpw4fuSwoQMTCew9tm3uKVORckh2rrvb5+Q5YVDUSCUiG3iRnle7Avi+B1+0ewQSGDZskCVTrXlNza3NJ04MqK9buOD09PI16XSaJHnZyrUaVldXdy6fTyYSM6aN/3D1JpegAQPqvvbF65PJxN33PnHcupxXz/SxY4aTf5cuX233CETKlcTDkDQAI5mKt9MfH3jO7hFIYPiwBvvrsWONE8aNGja0wcukrDx90fnzyRRm7fqtHe2d+XyODLHmzpm6dNkqlwKXXHjWtCnjm0+0vvjKkoOHjk2cMGbY0EEE2Wsh8+bOIP9mc9nurgx56O5W/q0op5yLVl7BvL7WlOuHgNJl9FPx2to61m3YsnPXPiQGW5c+PG7etamyCu31lCu/Q9aB9nz0solQNXDk2Z/996TtdL1DGxf7ss1nMtnuTo0t+ZcMZduP6yrhVHrhV35fUT0Qqcb45l23DZ1yrkm46a37d614SnseMuUsM1w9nF53plRPZFQeEsmyuqHj27RDCjE6eWQbmnWRhjNw1Mwtb91nXso87vRrZ13yFe1537pFa176ucYJmRzV7rvjxOFsd0eqrNKelpPH9+ZyGe35wIbFXqfAg5ve0ezhuH6rrwK1g8cNGHPK8V0faa+DxsypGzbJjG3cvw5xwdUuHN/14YF1b0xbeLv2OumsT7WfOLhzheJ7V1k7+OJvPaiz3bNu2UN/qz3XDZm44Iu/Ngtu8Lh5+9YvsvMce9qVW9/6Q7arjSxKktTP/Ni3zKhMZxv5d9jU882QjW/eu2PZY9rzsMnnuLQlWWQ6BY6eebHpFDh4wnzTI5DAkW3vJRKW3ZIMOUmsAnTXyZrB4y6447dIPSOwo/ngm3ffjhhzsH7gA/Z2zhFO8EsaAApiLTiAlNIuglKsaELDudghrpwp0aatl7W1xUpO3O1QqRQTWBOw/l66N0MCRQrF7g37yoColAAbv+CUOLKS6zMGwNqbjlgGjqWUxDUo7assWSDm+4AtR6XebrYYF8JeNVFRy2EzxNTXopWl0G5jJIKCFWbRjTxQH4UL09ZGAYI6aicgOn/dxoMBOe2XU3/aXxMUf0cF9D95shAMGuTNJwOsHXuhiQRZDk6nyDJ4mfpLmz8SqP5S2k850dD4JfWfDgknKC6dCWwDs0SDZZ4k2Br4mHvQ4Jt/6jlVGVKuKCgHYYR4aTE7CklE8cccEGkJ+qfaaTYszwCp3JNexaD5y0a7LhCj5WAelrDnhCcQMzt88LyC5SIhgOZiJWBvLFbAQVO9+oFBS+UWDE1EYR4Io/oXGTtGkFZcbeDmG3jcX0BtWMA23wExJiDIPHQUuKLA8eNQUWj5CIBcwwa6YqTDIsOVfD6ALMH0ihDKAwgFxQ+q0LBfAESuuWgRAAJw3I4tXmp+aMBC0/6hmw1ISOEgaBHANTl6IAjhA5cJCsqBH2gmCnnEsQDEggW5UdiAozAD8qExZooSIwQ2AjWfkRi+IIKvqgEySiztDCzH0Bfk+BKYOG7Ed75+YyKpfNby8OP6uWgrP9pAaguZRV5xyVkufDLnPEf1INy156Afb1FL7lRdxwYOqDcMToSQh0bmwVqmtJw86RwcwtTJYwxyC5Z/oJxqNmHsiIXnzyMPO/cctDu67TugnJ936UVnemXedMPlVZUVZEzi9QgkQGblyDqpzoIzTp/pRQ4AZNKPjWS6oqZOGWd/JQVK/i0vKzvnzFNdmFddrng7kfRu3b6bPBw4dIz8e+EFZ7jQqqorJk8aSx62bt1F/l3xwVpiMEQBjdwOZeWp886eSx527tqvhRxSeRLk2toqO+ZFF5yhlU6ICaOSgafNnsaKXr9xu5YiEzD7B7nM6ud+YmHixJwr7rzw6/eedu3fzbz0S2ff8pMLv/o7+8XBHa1Htyz+o7aoYp8SkxUWstyCbU6u+zcsNp/PuvlHZbWKZ2pZ1YDTr/9+9YDhyXQ5+XV3nuhub8llrVMGU+kKUJeOksnyMXMut9Ks3O+cU395zWVNgzNu+unkBbfPuupvxp1xw951r5uH8zWMO2Xc/I9rSRo8/rTZl39Dk0h+R7atQIxcJdC4z+2ud2Tbe9bz9pVeyiNbl2kPXW3NzfstJ9pzPvsf0y/+8tDJZ06/6I5zb/tvM/zEwa2dLceQJGxecv9hmyZzLr9z+NTzkFIixxBOJJNl5DdkwrxhU87WEFqP7c7nrYPGM93u+pJIpC765iPjz7hhxPSFZ9704/FzrzajDmx8EzmPVEyldbfRZKp8zGlXuVjtXP5n83nQ2DlnfOZHI6ZfcNq13zvrlp+a4V3tJ7pOHu9oOdRuHDOZKqs888Z/xVj5FLlm8NizP/tfJCSVLie/pv0OX+SesM5aDMDiMWFa3Z6V/RCyixGEYmZKXK6Phcg3Kej19+qSXQt1SINLI529PLcLAz3MZvvLvDjQw/I9ypMCdZ96XBTP6P7BJB1i24cOzhUzX/pBAqLOuf6SCAhYItQbh3t9zmPTNQb1irRy5ueUQ5XiVULe9iISLyuiR3oEGpQhz0+LIe04RLTmycchVR3/8pxpusUeIk4dVq45SbAP7TM28QzN1JOWjN09cCmnfmhuND5g2//TvDwdqcOa65P9plSqel7F/JfrqMsAIMjEi8tDw1II5ktOORFT2SfAPsKYIjD2QRCAKGgxOwqJRGHjzEh3TmAhhhEDw82xRDpRT32Tp/LLVaoIbyCTFgvRenRBWstC5WkLZI7dWPqI5JXjSD//4yH1BAkzD6MYPTOR1ZhixMxPF5Hv1cNauNqs206SxHQ0ZO8AXKMTlyAbLeVKZUTXB6hNOTvTHFisauLJT8yM4ZUR2KKEOmawysstWqZtcblohPl8C2hh2KdxILvGCOfVQ2W4lsYCjEK0pYDCgDEGcQUVCFwH3UU5YYk2FSDqGxZOiHAoGAYDdOygatmbLhFcx7sPMbVqgQQyvRT81AWXPPCEggcTEAXNiyMkkoMASLjARKsGCISIkevKARNBXCsIGBcMMSi9NII6d9P6BmA1EEMbBkwYP2Lq5DGTJ4zS8F57c0Vzq+5g1Nh88qO1W+adMvWs+TPJUP/FV9/VqQYP+MKtV6dSSTL7ffzpN5CwSnzMw4eUqzyTycSC809b8s6q8O1tplv5di+VTH38qgsef2qR2R5dc8WC+rpaQ6wFy1esvfzCM0lHOXa0cobfm2+9b8f489OL/uZbt9ZUVX3+1msfeOTFvHG/wdxTp40cPpg8fPDRJqoajU0to0YMOeuMWe8u/0h1zVdg+rQJp8yaqj3jcObT3d2dyWXTJJlXX/TYk38xw6+9cqGeTAMOHTq2Y+feiRPGXHnZue2dnavXbNbCzz937rxTFQ/F1eu3aCGPP/nqX3/r1vKysm9//ebf3PPnTEZxpRpQV/OlL1yfTCTILPj1JSu1pH24ZtPpp844+8xTiK09//LbGvmwIYPu+PwnU8lkLp971FBp974D6oF2+PZbPn73vY9ns4qz2pxZUy5eeKYzD7BtlGb2/uZQX/sf28euHR1dVZWVc2ZPefe9VU3NLa5zcb96x41jRimHNb6+ePmbb7+HfEBh27jro4Ob3hoxfaEZWj1gBPl5sfO5zPIH/xZAuSgDOQfU6vzYuIpWhQ2v3TVq5kLt1L2qumGX3flwLtNlP3GQwKY3/qgqsGb8vGu1kKkLPjdi2vkk62qHjtekaEDY5o3TUtuO7y6vmqOFl1fVTTrnRqS6621959FNb/5x5iVf0qJmXfb16Zd8Wbl3OGFdMdzZeuzQlmWudNk7mENblg+d6HAP3b/hLSsHspmTTQdqBo60GJ5synRa/nYrnvjnS+98RJNI9J9y7k3IdvOywiGfW/Hn76NAsOKxf7rkWw9U1Q/XXs/49P9b8sdvNR/YdHjLuyOnX6AFnvWZH+dy3R0txyrrhyYTKUNo9si2970MU2UVMy5xX5ecy2c3vKrcTdy4a/WE+Z/QAqcv/MLIGReQEqgbOsFeLhoc2vJO4951g8bM1l5HTD1vhOqwaIf3n/yh9vDeo9+/6Gv3as/Dp553zT++RtRLJq0zNcnr5rf+4CJ3tBveCR/tnQoxXP1RVGC3p1hwiBRSTI+D6Mq/WJliDFSjnlixKlY/xFPWSpdJhoBYPZo635/rvQd6uy+rF/qt1wYQAUapQWROgb1r/NUPfAjjYcF6iQh65tlyxYbSzDPj7uAe1/FiiThc/PTFXPqOla4eXjuxT6Tfpbphk28uIvIxYgXMOGyNTYCKDGEUKFCHEukCRlAgU9bubAYBb2Icaw+unFoHGVmfU277ad829bDF3kdm0smUPplMJRJOXwXrLzhC7IsuNDT+BqkTwaZSjLaI9a8YY+yNIETbBagwFREZmoD+VxgAMSk4UUxukg0PVURYlTAqpKd7GKCYB5ZBpgT6+AVi58oqlhcBDGXB6WMLNBxEY05jRQ/hB7IVowS6AbuQo6i1UVR+QR7cggNBxzsqWztgWiAyPEKo+U/lIMXcinKrDohx/7IoQ0S51pijoZ2WgWAxdEjHFC6uHPNtrOxFKd6yRWHHFkDUDIsOEfYRIB3hG0lFBgEcCxxDOhBiBX5p4dNySSkDNX8SGooryOlrBV4coLB1hNsfwBBKxSw0SAgOrqMgJbvUgYoQii0XAcIx9CEEPwRfDnbACeV2Uf0YehuMHjH4h9/9go5ja1lPtnX86bG/HDrSZEd+/uUUB15BAAAQAElEQVR3Rg1vGDa04czTZ8w7dWrryfaKirJK9bLXfC7/9ItvdUVwd7Cu3ur1W6+47OxUMnnpBWdcdN7p2XzuyNGme+57hk3ln+HvLF+98LzTZ02f9E/fHbdrz8Guru6xY4bXVldv3LyDBDrEq5P6XXsPTRynuDe1d3bu2e84BLGlte3VN5ZffvHZE8eN+se//cKhI41dnV1DhgzSbijee+Dwy6+9Q9XhxVeWfvn2TxK0H3zvq/sPHj1yrGnUiCHDhgw6fvxEbV2Vdo4gRpSmRAwU5KXLVl10/vzZMyZN+95Xd+0+0NWVGTd2eA1J5pYdM6ZOtGM//vSrd37t5uqqqhuuu/SaKy5obW2rra0qL1MKtKm55Znn39BkNzWfWLx05UULzhgyeNA/ffcrJ06cJCrW19VqBvPnp19tO9muMXzuhTdHjyTJGXzWGaecPm9WayuxkHRlRYWan7knn13UZRyR2NbWuYnoM23S8GGDv//dr7a3d6RSyarKykwm097RpjHXFg2MKwtQMuGcOygX5uoXGSSTllvbug1bzzrj1Jqa6r/5zuc7OjvL0+lf/faRw0eOa7Ejhuun+k2fNkFzCvTmr32pglSXPMDaF/77+N6Nsy79itffy4S25kMfPvWvHSeO2YitWPWKiByA9VlpPpNZ8dg/nfmZfzPvJnZ5BG5Z+uBB9TTBg5uWtDbuqx00WguvHToBcWHNSz+/8Kv3UKO2L398wKhpI6cv0CUmHFuZma62t+/9Op2pkZbDm5eiK+40g3P57ImDW+yIR7YtrznjevP1mHFBsAZdrY0r//zP8z/1A7uXm8Ut1/3hk/8a4JhAXUfILvnDNy791iNaTpLCOu/zv3jz7i98+PSPBnxzelXdUA2NiLa7LRJY9exPCa2HW95b3CTwwyd/mM12EivZv/HNqce/WNugnTOK6oZOQmxY+cQ/L/jiXabDogs2L7n/+K4PtefWo9vWvvKL2Zd/y3AtTdjziiiw7MG/7Wg57GWCoxgiqL6rWLu8JCYRpQPWNKy3TStooJ+LXdAClDOYKM0rxJi551h5rz8psI+A6/KIfggHvTgfe1LSIKC6PbL4Irg+GNuHIQUdkGDbrx8KAEFyG3vLKbZC6yumgFEITxVM+5UslKJuPJPGYhumrsBipjJONxO7qw3GqKd/uufrQYH5912HTT6OACMaECrJWFoXeXbhFFBXcwMZrkTyhQrWv4EJndtk/Uxd8AVWAePoZFGBiM5pFxNbtxT7A4DtCmM32Efm7A1asnaonJ4I/JLGjHerXIwnn1Ex9r4BT6qfLSlfyaNEkmwqkIVX3k+/TjmZ0HcoEvZfwnnTsn50outHky1hCdxkBqWNyhiVm4uUUy+ivSPYR6byj0eej0kEEBECbC5q4sx5QrW7a92JZi4mMQLdJ8WAffKOebRIMi1+aIDYx9a4UcVkSKoHYmjId3kDxAiAhuMuPuywHOcP7D4DQJNiC3T840IGSqBuSKy02Gi9V+AyVbKlEbx3jLJBAMWG6qUStEkXlRCu8x2YRcHjSNMZfKnEEMCsWWArU5cYliUA3TbsmMD9sagC/pjJK/gPxcZWMoHMzHexlFVARJZJIZ4iM1D9l8JKAkDnwKJlc1SpaC0c8KX5oLhQOaXqweUEWmcEgm3bz2JOLTvnGx1NQBFPaRp5zudmWItP4ll24pvFftKt9DJIfZjz0UAgJBIQyQfjr18VMJy3dVRttmLiGOeKWVMUyEHryfZdew69seSD//zlI06PQNBG+Xfd+8zbSz/KZfOpVHLggNrKinLC5nhj8y9+9/ja9dtN7GxOOfjNtmPt1pVMlxFX+e7uzMN/fkXzMkwmE+XpNJGIGADqqe2s2FxWuzIV3nj7/SXLVpFkpJKpyRPGzJo+qbys7KO1m1565V2vAkg5HVC/C3X16i1etu+8t/q39z3Z2taWTqXHjBw2eeLY+tqabD731jvv33Pf007tLNi379DjTynpItPE0SOHzjtlWsOg+r0Hjvz63sftoynsVp4CWXeUTv7G4vfeXvYhmZqnk6kpE8fOnjGpjCRzzcYXX37bNXdob+/8z/+9f/vOvUR0RVnZkIaBFWXlZFb/war1P//NQ9o4VDsDnmTFnx55oas7Qya7AwfUDayvI7bUerLtd/c9sXHjDnMqTFLwq7sfXbxkJTGAVFKzkApiBsePN/3Pr/60Zq0jGx974pV1G7aSB4JZV1tTVVHR1HTi9/c9qZ1EqJmQ8pDJ2RJnZI9t8qwc2G+b67/0ytIt6nXGBIj0RCKZtFnOmrWbVGb5ZStWIwZ4GymShD0fvPDm3Xc0H9qay7u9xzJd7Wte/t/Fv/lCy+EdxqKK8stlM8gqrG5Q7pFwEDbtXb/oFzcf3PxOPufwpm1t3Lf84e9ufftBM+Td+75zaPO7LqHLHv77TFebV/+Tx/e+99j3ujtO2rIoe+LQNu35gyf/9b3Hvt958ridhCDsfP+Z13/52a42yp3XSDdN5Z/Ok412zicObHZJP7hxif310OYlrnn6ka3vLfrfzxzd9aF5lzFSfUaP7V696H9vOrTFSmYum6U+6yS27AWDVVdb8zsP/JXpfJlMpC74wl35XObNu27b+u7DuZzba7n54OYlf/jmvvWLkAdWPP6PR7a/Z/fjbGs++Mbdtx/cvFR/x2jpH75xcJMjvaRE3vnT//GWS9fJxkW/vHnHe09kM1328LbmA2/f+7XNix0n/+1c8eTrv771xOFt9guOiSZEHxJ+fPdHiAHhl3SwsXBLmXIba3S9EIyRTolCREt1RUmh9M53WIAIEuq3oF3kWqBqoA+4S8aVLKbNDWQN0PuhdwDEWZrRcY5QzWj49KQqwFtdkKcrLojohK+4479A2xHN50DbXiWjUm1vTP9Pi8rZ0RREyKlzg7x+H10upx77rf2v8VE2WdUtNu1bDYWj0vyrQcqJ6/pKkfZ5g/aSt655Uy+Gc83GXQtOPgl2b1Gon2Fh5VvAPDAn3r0JyJhYu8Y+k8lwbgwU54fkQd8pLwikUmmy7JLNZHP5HOq9QMw4lU7ncmSqnpGn7jFTIe0+Q/Kvtk+PSgaCmjSFJpFQlnqU9iiXRUWAeI1By6hUuozUSrJAls/FWitjSovo4oF2QLhSlMzGJ6pJJRZHleYtQKssamOcJWtbEI+ESJhin3dBLslEMpHAOakxQwyXK/sUeQAGbNB8w/KewxgQr+mTSrKvd62JEiVbN479Uff71NYQzfP9PTbkdg+VLAXgh3FqPPC5k0aK7DUlkkm+RPsNROD8R7vgAFSHTHBHgmMxwzYSpx1n55sLmBuMA9DqZYelCR1RGOl+kOrZeOoauqQyPD9QxC1fTuK5rLAgPnLkL/ZF1oE0BKl0iuSFum8HvsydYUzmOAgVy2zofqpCYb7FhOnhWBmEpwgog3D7Ho+o8hgLy/XoLTgu8DEbzMMUtF5GzhvBCWOekstk6bSifTS1fvtlNRZDcwdgfrQnTKam0zLMDEsoQw3lZjrzCj/JXEIME+JUQy4rTqSG4BuFhSP4fBhhWLUxoqjiSCG0oyAo14UuSeXHrrhAVg/IUIGMZkmTDrQxXkQAIeO9eGIUIBjGj7DjaEjEzEhXSKprNpOjLaax3bzs4yY6OjBJPQM4MwhQnkXjDLCtoNLl5N3M7S5x+kHbgOySbbqp/+dtscjY3VOYKMe6pdRRZTare1DmnS4aYChgXBlZVdbVYtz0SlnS9SZBk+XuUfNAyTkk0EoILjVBIEofBPXLHLIclMtDnlnwvmzBD8Ev3FblRGspkpMN/GhPiiw9EopBJUjuKDsR7tZLqDq7sKqryiaMG9Xc3Lrv4FF/Wr8ARqgidMiQQSOGNRw4dOzYsSYWlUACrPkbmacMHTpw2JCGXbsPtrS2qqHq917qvkueUVU4jMlCx7gxI8sr0gcOHG1pPcmjtb0NGFA7euTQ480tBw8cpUrhtG60YM+ag5LMQcOHDt6564CRTBeC9Uj+HzlyyJDBA48caTx0+JhGjpU7XgGcjXZFZcWEcSNJ07Vrz77OTpuLFdaaLuXrRG1zqqq6YuL4MU3NJ/btP8LJQ9Kxjhk9tKqqesuWnZojIKe/N/oUTqQOpDjGjx6VSOKtO/Zmuh0L/tU1lV2d3VmPkxlVRWOwhPTPPlWoqB86aMzsVLq89ejulkPbc9mucB23EpeurB4wcmZHy5GTx/ejPF03MjGoGTK+rKq2ad/GbFc78hNZXjuofuikk4372xsPUORjXDt4bEXd4JaD27raT9AE6qAsbCUSjNrBSxTrzQyqqB9SN3Riy9Fdnc2HURCQaLU1KKusqxk8NlVW1da0v73pEDFYO9E5t/znkInzteflD//98Z0fkpahbtgUsqLZvH9jHjJUFZKpstohE8qq6pr2bsh0tyE/ncsq62uHTsp0nWw5vAOBzxZGZd2w2qETWo/spJ4O6CNJup1HSWVzJZFTt3vZfG3taSwgxVai+aeD1hSGHdPHkhXYNVlm64iZ02pUX1977NhRZQyQSitfjbt3lBjLPqBFABeTP90DHiGLFYTgoOIpMw6EM2TwHMZjASTfIxIjDmqrnFCGvUKWG1NVFRcjrYDmiUF6n+5Mxra8U0SIKw+V5YV0OpPJ5CLa7TUnz2HGJTEBRrrfeR7ikB4dzyg46edYa+eGoDBQhJIKBYofSsLYEjLAczGKE8C5AostJLOXMectgI3L95RA0BfR1YM+1H+VSEioDwn9+yblIWlDUF71QHUVgYz1NQSMkqRtVWOToGCmTHwdQX2wOBDywE6BSD3SpUhOgfrQx1sOzndwllpfdgrMagfhIGkIspAtsYsRKahOgcks6ZD6nQIVKIlNiMCgtHYJ5ShT1gnwhVJDPFQaVXUKTKntZ+GdAmMxD2/dL4hTYEymbu/F/VAThlNgLgKnQCwVKZf6cHmFFadA0qdkM1lmpYyr4RHmi4WCRBiRxlZZWsrlJLzqQzgFyiw58AL8SdiQSKjfyjtXTv1UlEoy9o8Ish+PJXBouAllZKwNUMUZOpGCH4bqW+MxN143VEocc0/GsSCa0JovdaWNOrAGG50pla4LQ0fVrjANB6x5E6KvWblLBLyoGGjEflrZYvV/tFEHGPVdzAXHHYBFSZCZdBkSM1yyCBDFlLjjE90pEGWzGT8SVm74CsO+VFxq1mwDCwXzBXl0NwNSpBdMpXJZl1MgEtQci6WFwZRdZP4dn42bvxlg7isl3MYZa06BedNvEhi0wjaMsbBVUDjLGa2/oXIQWci0SFNLplOgm4rLmZVMZnoE2jeB7loMfI+4F2RoFZK+z81zCpRVMgSVv70VHyynwEwOUKROgYJOS8EZy+4LRLAjaw4+sDnxyWa5cwGgvtqyWVgroKQbrDjwke4eIwHD8QDsj+pL3qUD0ylQH0SCS5BhVKBMJFIpZUqczYG2deKwN6pTYGdLC8tNxGOt5rv79nMHJiDfPSVBR3cCWAAAEABJREFUE+PleehNRNWHkmyOaovvLkIQ0EquAvpii1Y7PkPgB4AIhdcpELQtZMEMciAEqIksZH/l5exKooGjp4LjFCjOm4uJ3SjMMa9ttgb0cAWcHx8G/fqbPZRRd/SUGKA12vTZgNovmooFabr98UECV16ENxTTnALFGQrESyTAtwmgo8vUdiqiehNCQtuhRKIg314FAZH2XYKPxynwA6y63eRRnrMkJAmRJFxYmGQ17J1OgQws7WIP0EdkwRus4ER+EKFToPKlCZnCqFNlF6mXmRLWY50CyRKT8hlSNherUyAvNIQYcdCtNw8l5RTIFiatgOKJkVI9MbK93ykwlUqT5eLCOgUW1CQQ0jZcVOeEvKjVykN0XKPgpDkFKgPjPu4UqKvPX5IH56q4bdvL7GUK6BQIqlMgEnMKTKEwgHte+fZJwLaHQhVYiS6J90NPgxJpZALasy8ZxnLXL0YFMYssaIpiEMZZ6eQRYantep8IMZHFA0/NLJE2P1I15Kpn4XMgHtunN7qFSV2sUvwcKrDuWxaIR0ztuM4VOJKVb3Ry2oez9G0OfwDl0yftOmYktC+krrVhmi52HBsR2VNP0s4yZO3zWpFgPFtv2h+wnrH2YRGPMwesIbJ2AZnsBcLCucwuIJA0fVl8FokvHyU/UBQQunpQTUsPxBRk7EeLZPLEzcGY6LvsToiWskaMQ9DywJ0PWKIcvHkoRWtmUUQGBNQWB5jr+A7ToG5MewK1loSew7RAyyvFFUUVR+UkvEELhs485zPqzofXk5ulpz2Wul9mNx8OLRWUi9kd+nGX0nh8HPqrmcjQJXSbIwORWHlBNTYgmvpZKIheW2Mc4b81D4IVFqS33oAiSooKUalAAB+oMXQmegA1H1zIRj0FJwcHgjNQ5CQ/LykljUARy+fpjxlrJXEUm1shf7MUjwU/PYIlU7jg5NCAjuF28wwgPY7SLJCFsAIxE1lAMcx9okZQEb2P2LED4QblQInQ+8fsGkx28sh+l/tQSZ+mQbjlCA44Vgn04Z05fqYOfqVYu2ljzq3SAVyEtEYjU8A1vpRBXZZB8UBMfAuX28qRBOrnBLl8KbgcxQ89wpDDNLMmhE+pmBq4DzXiEhBV2+t+6IfIoAh5mkjgVCoFBqCIod9K+qFoENApsEj9R1GWS3sDYOkiC5LVpVI8fcBM1J1r7Bzu9cZkFzZNUfttCZL1Bk8i3jZlXwHNfUyuY5TPquJnrt749KRJZLBM01e+Jb12RXFLuJbo1+QWRsPSyQfjyDbe6mORPAL9QTtwG/us1mMuuRefgYtsWwuCACjnuB4CM7Ao+w2O/VLKo/EuuLfrAbsq6oFAZFqE8/mE72SfldeUjXc9fzGbGrOFMKKYl0rTw9nFBfyxD2Cv6xuVCaL6tPl55oCYJxwPsARnQQDTRYzNH2mtpCdr/OXaMMBseLi0rFySc6IyfTTUv1QHL8wVQUUDW5Ar3PRgY1k7uLVDdEEGGyMc+2oVAMDlpidvVxBKB3Gr8QkUiUJ+sVTNOFEiCICY+onsXbjUMOsQ0OW6vRApjET0FIbwHAoASl6BnmNQcD1FxTHxorjSlI3HQcZIu7/EBw0h5HuAmY8/iliULOdgJOJ8OLhR2ZgEH7FxbGB+FFpMHfhJsdXeXK0ZCBP6BfnqE4dHoDbkEFMQWLxdeRvQnqgTCRmyKNCooA+dMG/kgdlRVox+uQp58M5G1KudmMS0+Z99YIe84wlnfmLKo1Z41qhTjXSKyEfVODDBfd+UpBng6NovD2MJNTwQRHk/mtjLQh5sKtkSEzzvILRrHC5CPoW0FVEZJVj+NpBSEJDAUBH7XDDR00FktFocCGNs+nGIwvQlb9hU0PoqKMaRIYUG45hwVJIQnfn01mbGBX0kmbgvVE0nhC/ZvmAbJZTGAKrIOQVavmVF6GX7XP2LEoztGrFCC5LVlG2dwgPuI2ZiZXbvb2Jj8z7CEqExQo8WiJkvPRaCpgIbLgKMSMaLtJASyGdvM1sKKgWK86Vil6kX1x81mnyKO7exbaiHRbAjEhorYKF4l1uvqFLF9ggUBqcvhUOU8aGBGMinGJQ75HKGNOdfty5cyZQXLEKIGAlHdu867ZB85aodxSkQ7Ftc1r6Ze0PWeQkNuNAU5rr/FXUB2n91k1YPjX03mcOw1LRiCnceBTayR3IQhh0S+EqyzBIYgcjT5gpyoG66+tBiFkPHrMoryEcZm82JKCnEk12/qXYiwFAYjbFbbMTxjUdXm1ncRk7bg4FSONSss1dXjD2YyJ35tp1wwK4jQ6nkariV8xwbQ+5Mc5SXKcubfU4+YIvCAvhePR3ivVResBWNmyVI0HpiwIvGa9GAmzoaMgOFVh98E+IL4Tn4pSk82K4Xo/tSlgCwd3OjVBeQi5+PORn2BFxWvhoCEtNGiMpSTQpYVwm7HlyRwEADCh9be2jcGgx0iY5bkoGuLeUROGjsvORkfvFB+Pw74LyxKcFfehAIavA+aG4qTK+swaSLdyJcwMLUgt0CNv+lTGmc4x0PgjpWT6hXSqlXSTpzS70P16+hYJiNt/7RTE44H6GkK2ERAMeadgf3MBcHRwfCCQZfSsxEDYImCrho1iooua1x36Axc7TnbHenrUuGCLgXCwS+TXQCiPgF9rCGRzNlt86A5EeBPRbkfAIViK2UYzWfKOaTEhDRqKgXAr3OyYG1vqG/9YMA9OdWL4K+UIw9Po3hrg8uHPS4gVtJgK0LEkYPg13I8Us/qKBWjN6b72L3OQZiHBPIMy5o6UUpjL0n7IBcLpfPa0dTxNGMx5R9gdjStzMF86kwEIl8HORQxNBCUZEAI67jjbBePaWZ1hyBpNffgsqy/SkyaOMlbN/QFCKLR3scMj5ygcFQ4wJMeZIrNyqQfkq5zSqn3GkFTg8hpxS7eNoeNCDO8q3qk+K7W+kiokQlE8lkMoH8QJdoZ2/zWPSgWoFkizFB9heVTcaEcv5I8BYhruVNAaYg5vpGp+X40lltl5mXjkwGmo6eQOzgSRWELMumWrhoWtyieYFYiha7A921EzMdGaiCqEOmMOUYAHTOTgHhxflykKphdmTOvicnCrGaKSchm62SIJbOfLmIXvqA7J6YmKeGqTkgZtVggCWFl0b5TjhoAykKEVo70LSNW39WOxCakxCqiHCOrdpN05eV7x58yCipsnMqA7RADm2AnPYPlEcDobjoLDhY7RDIT2Y4Nj9DAQlCPlrozGcPY8XZYh8aIW6uYYZ9DAFMTMojpv1xo4HjlTMuV/+AegwfeGNcj34Axj+OKmr2tI7a79UJayfjYtUD0NVA+V5zFqbmigNIhscHEhJ9xzHhAHQZseWBMYsoob2C4MllUPIZKjPYREJ1i80X3tT8QE4jkaxb85efk5/5qvoKi0nBxaiLMhC9gr3nvEBgVQ0bRm+AIKmIzbBjrTHQq109SbuUTCVJk0wWXHtOOoMUuGPw1nsBEILebbKxQ6SZF0NJBGXZK4wCQkX3CBByCrTmyNj4FSjtJTOD6anAXc+w48hxpL6UBPRei8Hut4LWxGJBqPKM1PDjArkDmkKKipyLyJ58nqzC5NVlGTJeLFWTjaJdw9zXaKDIRout/3EhlcEBYiKVjLmxgsFRQAHy3Lw8OE5ZmPIUtyRfTP1AeAmNeotHoMpUqCeKJsU8JsCNBtaWXyQqKCdq5EiHBdlszr0xSOeCBSW48eipBO7+I/YIx9p9YXywFqSMuZx5KQkGxNzz164uwdo/SN1vtPffwPaJEbEiTMHkN7ZUNjapXkZcAMZquatlYiQT1HGNiQdUnrxA7GYvQYsozk/MJPtUNSRrh17+Esg0QTY2SONkBWIWsvlGv3IPHApawcb+qwiyUTMAe70eGRzse/iY5ajgCZdbaWJkCXnCEk2Hk5bCWADAURAUPr6G4a8YaBlETxpgSi0WTgYIoBRqblZAgCJ6ZhRtayQCwdpF52A9ozBOThxPO+BRMVGCUfmROGjAE4Ic5uQ+8w9oxmZjAvZ+k4pmDwDRBAhmjkT+F8BkqRlORRDkE4aKBu6RFmvsRyUzX4AZ42TFLW2HHdLGkQwlXCM7jBCHFlNx6Vi87JOMo1uquxYyW5+8Nm03xqYQygDiMntPphWk3+EHiDHAEpTyicLx5gQg2tnQwSSGoQ0PjIxijbCRPlNOkjlb6fmeBFEIS3Zp+jHH4biXBKi6CSsonIxSTjIVepzC0YHaAUKE1SZeCNFUqrcHRzQBlVSjMA08TuBUIpVDuVw+p0stYau2aSevqEwD3IPBMTbv3aC1Q6gPQV/tcXSQW6ftqVDKJwX24VFP4SDqPdV+iAX6cl7jWJqCKHM0XCXCBSjeyATwFnK56IafUUk26ZFkj+Y6EdcmIndlujjQRzporVxpqY2mOGS4FMQA1JpaKFMrnkljWgguheLAgmFeCLHwgHVXGZ/FoJJoguJYX9FSbDSzIC7RJwoHokJiQPY4MhlWWbHNCJiCPUFg3P4HtCtbAhZEIpFIpVLmciclsymPFBygUAGiboyH6qkoyVROP85kaKNTYOyXiwSafHz9nICG5qWlAtDQBBm6AzFdSfe2vae4hLJI0t0wPmRqXshWYRa+Hq7GgYBOLlPGwaIwM8pOy4nypQ2DgNx5RT3kBqgGIlLVRRTQIwGL0kbRJwlW3vCgNeZS3EA6Qg41TNLE2/igSdb94THzPDBfDpRgiI3WjwkPDWwPgTR0d+GcrZOo7DlqXtJcFTTs25r4hYAYmhiCHJVQ84XZwa6hLn3FQkgI5NX/WIlytsgCxWN4xICTCDhjJmFTggCFxUPz9LsgQuVAYJ1myiERDRQnDwo4Sn7KOecYq4c4ouDgVAlHnOCCgn2UH10qwnbchQIwRglRdJ3FtgNPJfcZWkUxOi0NUHNeIPsBoPckOiqIuu4XB3wGlQUH4fmkNOgLb70Z1FlG3/Cugh5f8/yhD/nJiX+o1mugjyW3DwLPKdCx3VHoEXD/YC4ywEGXZpjYpVo4xjIU7uEzdyScxT09mT5g7pX54ASPDg+l31JFoGGgFgA7n3EM1houaT2lkykxPcl6Pc7jIo/9C5gnpvuDdbcTFSEE78hxZQF7XuOQVoSBBBYN1q/EDs05LIRlG2L5FxtOzcCKRxFB2DXqoMTgHlNgKm/9yMTwDVzcBp5XVgxzLlGUvVn6G1U754ar/dIxYO0dYuFAxMpxYLzzF1sdhE6qELt4HOWRGaUcKAkomUwlcYLsPVi5xCxy5660hYh9tTHRaCnhbQCLmh/YFRQvTe4xfsYTQ2+qMZgeEXbfbApbj7OOVSw+yFq420eAY2UavlUI4FCOVp5mlLl0QkkLwg4S0P+179hIFB52sEH23MD+VPYwSz9JWke8E0E0IX5SKPVfkyRVuxnM+bgitAGTyRIWDTuGCLOiIRQk99zsQvMIyUJkWzw0W+OMQC299hz058AOkKINkj6gPHGQbAHghwyOQBqJ5ryca3gAABAASURBVHjqzivmVgrYfjYR/skGq2F3BLLRkS9mQGPCgSOReWcE1ns1q++U5gr6djKHLOLaYof4Gi8dQDYa+M0U+JBTacKYjQ8aFjZ9i0TJ9ISNOSDqyEtIk5hswz3MZ0ZEJB87ZvUhmIabUcQAweSDXfeIUhGcR3xriPZxtBMilYhRkVdBTS0E0OQ/AilhKIEa2KOBXUF6CPQwz6Og2gad30YFBbMTx8pICZdtiAwBiIhRaQPY/u3lEEMiI2UZrX6iix4M4n4oIECIObjfSYG4APP7fugJ0DPMADufe2hLJJjX2Pi3lza46pKo6NFN/c1U3CCXw9g3IDSE44ilI/hImi8JtrrM0LWy1Eza0Ceby8Xh4CmrRrSoPBamawMuRpILaQZ6MnGE/l9eAQVKEea8MWlEL2uIM3s8j4UB4yxXZrz9xXfSwUXAKNy0xc6HKhoJebQwUDA23Fp8q3sBejkHALsGsS66BKGs8MNXt6mlNnF45ZvP5zPKMXtOCXSxnic6uK3TFg40RMzlwnHNcaQrmUim0imSHN/bbNQ9aUz3R/DNVKDJdsQ4VRVyH2GlkRpOCWQf4wfCDZlUIxBFiyHNDFwZqyabWtdYzQ7YePhkteHYAjbJIlp6SttS0GsInD1ytnH507IRwFuPBRtWoDCg4GAr04TYmlylwI+W8cWIGENvnKx6gSCCgwtiOvsAAkXIqiLYTBpVGzjGJtCIy6dJGIFDxVHVjQB0EvA8IGcmePG9PBEDmRPoEyMW7wuS+jCB1zPTR5ye5l091wyrnxhgPnePcNsQQQUyJMnxWkVwonv4UQlogxd2LOKL5uMA225BRpg8iHGO0yNQA1mXKZxIJHAiB3mUBycfGalSiHKlEFVFCwsYQ3iXEr9cDSoAx5gl4BlXqNO6EBJDaxucgT8lSIYHABAdz8YM0WtRGukKCXLqG+u7PSbR9jICxOvt2Qx6ZAmrt+qiYBB/mj1VBwLLVZYaotU2bIsfPUAPNUJJgChXr0ocClaevcxwIk1OPMsygbj2kfrdS6AErw/uMy1ncSCiRevShp42o5HMaYBcNpeHEhvcxQFY//mMjAttqVHKw4YbTgwT0lB6hiDG7PDSMNjCGUyIuWv0EBFTUCerGGHc0z7Ykwfl6hmMzFXkntnSYKE4285V5MnElKfYIKAIwzODs2kQp/IFu7GZLh2Z/maYsiEX4a3oAXxxqNSxZBdnsRFoe7qMKBRnlFNF7E8lux5l+EAgdaiZz/kVvg3fX66O7KlihtFhuvONY4+d8ocKtPEGIMaAksGIkjgrXepBitpdd3keE2tGAhTmTkygRGPnLj63OICrO4+Aiai4KiQSlCyn1xY9kGxSq+MEnEym8pjMV/JUTOBqhK0AsVRjPibQVKUG0lkbO6vgVNCLjGhVU7KGghEl3dbZ7hDESEiWK4qeJb4tCSchNoRomm5w57ALMJVEBFhlJAAQDUOIsMN1S3XuIsY1go90693+FBljEIsB54OkeHD8CQIRr8MDjwbE8T19K2VkprRB+ndy9lgrXhvMgHLCmXo/uNY62L7Mwe6e15Of2qDVOmLPxADOSE7vtykxQiBtA2A+GUBplck/6kFvjuOZkYeSJcP9l1O1/fWn1wB/QhE1AWSpGPiYMbyjhIhKCGMA0RqPNk71Hy+aoFSBBMa6K2hkrSRLWLQSoubHATVj5Vau+NkuYoQynP3zQjqrtCsAmIaBESreQl7wovejdM0kobff3Yjpo2BMWgU1+b0t9fzyVwcXkkkuYDMUOQRTnDoBLmHAiWQSBTFmG36PKuVS0LQnV4tYIEitAQajXpezva+j4UN/1eBCX8ieEkpjeFXYToExLUn2Qw8BgS23kgTc+003T3Yg81lkHufUe1td68SqXlumxtFyJTs6jM4ZBKvJLOaIMURaREkdRRlUXizWHjLxmBZa2LIsUCPgEJPL53L5vMB1ojEo5+cWFYYLFyu2wwLjLkFMfRSmxs7NSzbzyKG4HoEm6NcHI7dzS3SdgDgqMLHjzSsZv0ADMBJztbER8BkKRgnnBATLNbJvDtkcVnYbE4Gae4i7tLiCNH2xIDKW55CHXDaj+E3aPAx4Rx567QAovSvmijYC2VIEAmkA4PHINNROJNLpNPsUVUxlpsdhnE4n8yogpoOBgN8Pe0uPun9uRXH1ZPDjenHZRneAXb4nmIKvBdrdWWgONIijj4OTeCqQS1vjL2t9mh3lKjZMpUUMDtitGB2Fz4TFzcRnbc0H6Mcjb7XkGca3gQ22f+OCsNxtjUAwVsJUIIgMhusE5noXeGOA++plACxc4DcRiMXbl8rVULirEttw2SMCq7HR/ck1Fz2lt9P93rQuTPeCQ9qJKOrXKGSgkUgw+zb6x1nY2+nydqaImFwuB7GZFtAxPR2ehxPOqycFKoMJRj+JqPIZ/aUQmggIVhBRVpiZRTwq6gvmmn48zVwYnkHSK0nLBFoHX4C0IMHk4ChLyz54jr3Dw7FyjwIS2imSyjzFHSUyAI0NsH/3FBWIdvQ9G7ylmVA+ykoqRR8g9Zw5QdFBH0H0mkLt/cYZHsgKBDFmUujZXFY/tlsIipC30XQKMomMFeJqCaidcyk3OzbAkuO5vlDDwTmn7Ie+DX3C5FHvArdTIC7a3KCo8vvBAMx86VFQ6nYUKmeNe4pwr6kvmBOBcckkMvr6AMo9ermS+rQidAvAcJuQ2M4MLiUmniLC8nnIZtSZashaiYWCig5qtSzMmkxRkw+G50aBmyEsERpWAm3fHEc3N2d5xMQHQUVhz0PsEHG7GBTy+bzSfKmuUbZzsEoWIETnZFRnLqJ4dcf+KkUcxdZdlhsfXxGlu4pp+cHLEfs+nIhcxPbvQdzCdSJYb1ImAbSRTlAO4Mwa8DotWDFURmzJ1NxQBxnek5CscxEc/lUGC4GkUfwC1T+kcchmpZwCTVDOCwSaUyBTByQlheEvgGkUIMwZ2FEUVKvbSOBkIulba6kZmUym0um0GpvTOQOdjb0ogaOWlxL5JUisydMHuS5egs0lHYTMExv13ArBvqMLRib6QLDE+LZapQDg+RUa+PXDHHEboaIaYuojI8CQxIqjcEwkE8roCJIY55EogIeZcIYD793ZGbs9o/IAuVw+ks0ZhomA2XEZr8hqGIwbXkH1cMvndR89Jb/zFqZxIJ72T17fTlLwnQKtuZd7pQQsce4ukpZ0S1lbtGAWSaB5TNaXFlTvSd1f0qQAGnPESZefYtJkgJBowuXAp1YDNwqjwEkOjQzCgd6YICKMObhQWYksx2B3nfWyEQMsmcHFYRmeoxA9lsIOBZGPTCwMedYQT5nFAeD406dAeuTRWyBQgoth0ZGM04Ivxhu9TKmDcYw0sEZCMUBwKdjblwszSype3Im8egAMihZKrMXu0W69wnmpTlGo07Ee04EWGXpKGxUUIk1ZTNnU1wzVfxm4F+aI7hSI7U1TfyPVx0Fgdb40AVCPcFGPLH97XE3FMnH2O2RKIJ2x1AqyBJ7L5jHS91uLmErMfIlMAsZRJVBeP0mKIBmgFqV12lhka3dFbY4xN7gQFRMXMQPMJsjYTi9U9xJbksXsyzyPI4KDPbHjTyygbuxGJADTDoWMQXnsfgJXcJxAkaXc7pnNJpStSYxVZ18/VaBgTROOXAHMp1V7Kr27ApZOWE6lyKOiAhAZl5XeUFM7tInql+T2D6AFauHeVgPomFRcM0scuaNycLPh6SAQyEkXCsGWBpqDhStblbGN7u7gBBZDKzyfTCQT6mGKOaDFU3sklhzMl2UD/+Ucyk4uRQowSJDlooGt1oS0nalUEmNvCvxzPpkipCmkXrisd8HgT4VYFRP8ECR4uVGkmqQQ7QZmhZpLVVoTgHGPmPj3gxB4mnVRc8OSEf7XEGAHsubvm1R82TCXoR14dukzaAV+JHAwcmQumsvz2gBgRzkC7R5EYAsBJw6YCOoqHJihkNcc/bQQMK61NVw0dEwtRn1O2fdBXZ4cFKdABjgxwQ89apAdL5E2jFiX0s9y7vz1beiZAMHIBLACStf6Nm6ChBQEH+ulvPnjh0WLXISMXPBHx4L5VgyIZes3ePX3DFlBGL8EwWrDPaDaBA6WABw43RCWgbC5xLuZEIvVhgJM7/JL2z4jAse8TnZioC319iBPJdP2evvt2FFCoSqsuxoKtz6JZDKVTGaymVzUPoFSanjpUKTZZkwberDliuYJmEvKNBb9VbdPQ6TFH48t9ZXRgwT0zvxIoSKD1PJyP0gBdj4ze55AC7ClCKAsheZB/2641GpsxDlbqpu1TOiZllUwraMtSTm1o2sB2Psy+lZPDzDYkEWObSf2yFL2GFD9WIGzyBidoAIDpodormK4QAsJBWNMk5VT+tCMtvMZMrW+u67hIVreeq9aMCeD0qvy2kmBXKcdQQA3MfZD8HAI4REMoTJXq/MUMwCtKShWuWFLDcR1h5KKAr5Xou55I7hLSxERUC6KGRiXPjNEg7hPHJi8RbzwdDYO/izFLJlgNwbsnwqVWLBCmSWNhQOlkAvA1h4ra2OcGkRFB80vEKnnrZJ1fOYggvpisskDSkM2m1WutgTwQ3eo6zVMbmWltO6S3V0kddOXiX8HASihJNXmZlQkKL1tYSaA8a/5K44GYqFRMGA7QsgQaI0sJtUz77mFkc0q8J6ej98O3ylQXQUDNw3yBohluoyN2HgD/8BlcOHHAiAZLotDRwNGOJfWnR/YXto8QhHm0sQCUyDJoosqy6Vu1hDYrUVCQC2K4BYijKYECvQu4Pz5CMLcRsGXHEkACAfGAcwhBPZXIoiSMuOAgmUC4uRDYdVgysUx66EvVUZwk0uPASuZEEeCS8JsEK00lS9bEzgPJXUDU7wA+tQ+VIKDTgYLC2BV5B4BwWeG+jc0vR36TC3tG+2R1uwWIKXFzEz1EzboSz1MAOjJedOHy9XmFFhQh42eMfzomcD0anBltv82RU+DXD6nbtiWSGLiV6NUZ7dYOoKJ3isM0w9wcTaVCtwCFLpeyoiLTjX5uXkJmriQShjjmO21iDnjEo39r8+MWGIBWDKi8+r1XThcdaX4HUQNgTwOOYvjiDLJ82cu6kEi6JEZiazggPWjTkFIFPg6bVgIWIIDZiFEV9Y8MnVRg+UYioOyDQ9xSuUUBCB9b1+8YwNhZzuOnfmaIAtBQJB1zCAHGQk5n3md9GQ5mLoBhyEF/DAo8SDoFwj8zJEfx3u1QF6vRTEvHSyChGz5ySF2logDkW8YTlZGS6GcipXNc/MH8wKxcsRXNpu38RRjhdlRXKBNAXxpfduB2J2msfm/emCocfyYuFQhe5IBKJllB2EQbMsj5gM+74GY8INZcbJccjllVKwcepoX3PbwoEmlHmiPYP7NC1E6uAAHjSINXGhUtvY0mp+JeQWBiwPo6MDAFwdGOwlheIYHYXE29Y08smitWSd4aQIChIyXQAMPbsTMMUNMdFJkMQPTRiELwM9WAAAQAElEQVRCiIeOhBkNjKxMeaRYa6KnvcVACZflU2BwmnUfgXB12R9c7aotvNdCNENSHNGoLQLwyNXmkc6VWdUpMAm5XJ86Oy+KxFK7hjggGHswfv1QTIi2d4LCiIkZfKsMhPrEvSdB36qfUaQ2tFnQVqRdC2IRmJ52dXvYnUFf6Pe0DAMunxnz1fzXueRNCU9Zwf3QGyBQWfYbQI+EIrmSFRJwUYyz8CIjLMow24GxQiQyIlMUc97Ccpa5fKAEcx6LBSnjCBzj8kGhaqFIcrF2Olh8qS1Kk+ODoN1iGC7BsaUrBGOgUpOU5vLZfF51BlFOwQxb0jhUdIEAe16x887sWMREBuDHmoNAj8rnIZvNGMegRsY2TJTXf8pGFSAK+epAb+7lXMAhGn+yQoBsuTgCMRsZi3GwBSLGdhU3ECNntyTPgQfiHPiB4dnaw1npdYkIaYFSGeWmkSEDy8+NEYWko1DQukYtMiyHwFRNxDb8ccAVCTzkYCJkOGhsoFBtW3gxpvcR2F5DcCoGcQgOMv5MFmjNOXVj0pdh8JTK7/WCcKAVC+G4SZJHUPB+nGQLKABygHzmoGlFAC4c8KESZC4OsYpwUzHm0367qyhcEqUh2oIOLoKxRAi2J+C2F6z8F89NcP0VQvYPjAq87RJvJx7HvJxTUCPlgnKwDe5Be62xDAxkTD2QAkHsqZBl0nPKPzIInmTc4/IrUnV7XvJLG+R7BOCfBR4WSqeAAXrmYYEBchCiZFay0N9wyAB7ed8W4VkdZIWzyWlPtHBakLYphhKJBFIPDUFc8F/5YwPZd1O+is7HcWl6hFBaJs5ZkAVJKqQ4BRa6McL9443YAAvGYAGKHg3Fs7ACZig2dmpLoDJhoaBgjHGhGo2iVQa1e47CD0U4CfG0AOyRDTavDy4U4MCR4cTqR22JFWYJNr/CKqnnBMY5ZS0IiDVcMRtvRJwl2GBxFOmGtwCji5hEqCckgjbzCQk4VHRIEPUIwdQwrH4QFuEhoGKJDZol4EcKlKkxjxaIGajfmif8NthwAaJisBR59bA+ApMTA4AFrrU1As1H1y6erzGDDJUuyLNTaCrAVdjiCrbFHHsincam44MPW3/gchCq7hYHGzpXBw9bzGXLCtSnKcxtOjBYY1cETaZR1o4YO2MqPnL0ZnTm3q1215qYL4mtLKxEiVFRwsFZJagkyLNJj50o3ix3FxaIoks0s1YA4jCUYSWCxbECf+KIAFBBIBLlXZZTaAg4dwDmSzAWgijqmjgg41xKH2x3ZPAsBv984oxQgI1gj3KeEQgcEqAG6kqCiI5gynAF2vjzEwz+4eCLLMVZHFmQA6vqsd8lrChMffZtE8LoIFjveGgYY0ZfBWyGPGEC4EQTX6ILW2SCKXLYCOYQykkPDzGxlQQ/LXBkisbX1ISkQkbTihkNeGCIhRbzo1k0QgMDYJz9XyLGGhf07tTxIHDKe6JNRL0cH1sehGr9+tTpj/FCuALu9c2mADjywKfnAr9Ze6/IUADEumNHGNzLXZgeh710kssidHRQdgB6QkkIpRZLkWLGi6MIuOUrJ680oUdVQ4g6d1OoH3oJ+G9DgwR6D4bem7LShv58DwEYh++JIhkRxSgd45gHvjhATPQgerhyiCFdXCAhTdvGj0e9+BONZSNwbMZb+GZTXGIYp3PGhCuyBMdkeuqBkEqaA/EvwTotJR9LV2nwYxkJAvZBkQJMY07HDLy8wWHLuWgS2LNyTi4FiAL25J0RFejKAJDwJAsNclyBnWNYOBBhSgSYrmee4kPI3/WNGlhgDlQIytYaKbBlATJdJz2eZRLWK2kEAexQ2si0v1hOYXef67ElDjcvCrVcqLF8YLWEWBgBCQygsBga8sgV5CyuCZ9DsH5BVgoLQkjX72wF4XxD0SYWAsQgXxWic4UBb4DejYLePwKDHGgB4oqBHzWw8UGcrTwmMEL9OYPNq9FhbaENitdAhucnhxaGloUGEIQqGEQoQs6EPCg8NDICTWonVUA+dKNV4rkah3phBKEoZBUHfI8hwoyGOzyID2XiBKPFBWZUGLYFp41FLJbWqYQs3F8Zo+xxiekdGTjXKc2eRCyxMWVJQXNacrQgCqVoMDaFwqpX8ORpCxwia4pgn6L1YlCS2VeuC4W+4tDKSaV7moa9AbwQjNyrhJjNinnRLaZiG5DJZPK5HPKBqCqn65Zfihjjj2ctwOrVqTQ2EJ4c05e5tSisXx+cj/loz1JsD8BREr0bCuMUiI1Vm5ALN/3gBV6WksqVV5yerW63rxRA4UZ7xczRwg/ZS9mDpRTZC4K5bxq8OHEEGMEBR4QTN4cCgJjzWAkmRUYljIyTAiNvg2Jy9gqPhEvU/OTUEsfG0gmm+yG4AUq7Itvb4hhULWrSBRxuAhR7KBATFl1BiE+Pw37wyNYZhPwCoysGCOlZhf2WUdiSwbWEwxLhiAKvLN0tg4atRVAR7MVHdb3CtBi/7HKJwt6xmzMBDnyBstDxpWyemhYeB09+MZBteOD668tSV4yzauWS71uIyNppdfDAPsztmybYyYfC3MPHwRL88M0AbGMATjE8QqwlzykH9BizCLxELuk+8TY87FO7fJj4Gqqn7iARtr4ANuZAieGoEVAoBNa1tKSAY//UFxuFBlEWEYgSBtEdY1te+XTcjr8Bwc4mGCsJKpsQoGw6OB8Qcp0piLwkjvdkEhtE4MCnmx94QhDiKeN5BWBG8XiKAFduAA7AjHbmgqCgMDbno5hvhA9zIToxNOX+KuzZQ1ZeKH05swsQ04caKFmzggsKRgsyyEYgDtPUSMjyjYpDrtpeC8j0jN5Dyo0KOSSVk0EBRi7RAXV0Hha403kcs3UWEcBWwwMmsyfkDkausVqBBrcFZEsB5WqPhDrD7AM+R3ITl5IF4dpU4qnE0fRMKFYfoxIBYC7d+IKxYoU58Vhg88q76MTdp4F8sFtcuU5d4EF2bTgoF8w412nc/MzeDDuX49TRnpsXogE/wwpvjOEECkwWhQXweAAkEhjA12mvJ9dl6TlUL4T+kwJ7N0Aum7O2IHAvnvjYQO//CpDSYs+ziyW/R60v9AiI4qRAETEoBhBzuMIhvaqwbGTRKoev4BKsPiWiUjxqiBkoP7JUXQKlQCYN2sQpSD/aw3NKcwaT8ggrbIoFF/jd035RJXGPK0HfDJHeEsHWWBmQsPOcDIJPFI6SISvWHch2EcMx+IpKF0q0shFiuRIidnYhCj7tFDjMQuYxl1LDvcgnzwGx3e+wHxup1PEXq9xGB7xz9Vg8xNMezu6C0Xq37zE1jYAoXjL2lWT98lLL2ZAjw0IASjwWpPUoSEdkFTHmUpqRbGUwh6ebC9DxGMy5GrF5CJFJcKZDVFJ4zAXWkoX48EKD8A6TdvANEIwGHgnQ6xSfjoUAlHd+bXE/gDeKQ4XYVNQHL55rG4+x74JRMplEymfJWefJAvHYdow1JlKDZKKpzSjY81acNgBEyxyipmWhSeVMsSDeTFMnJnRaCCTI7zIAqdyWaYKiBH5LHiZXwwIuFXuNUwvbSLPYwKwEULTpZnEBkHMfvxf7BRrQYxRVIZS2ZGEmiRN5BD3jysvwAKj3Oz+q0COSGbJVcLdNVAGoJ1VoZoaIHIBmW9WjP6qv5uKN4ww9O7Jz1d8eZVuutLN0vSuQzWYDOQWCpFF488Vh+LQj0yOxBv5quT+EPi+vBzZiEAFGT4Y+0e+kEspHBgntY07lDGbSfuTVViSvVGycRziBlYZB8efNqV69BPJAnhPkb145S5IQ4HwCJyCfU7x8Ia98nQWJfCJHeCbU4Uo+nyD/Kh/6Ke6mqrcp0q4AUL/7075kUQITCj8V9K9bnGtPzgVHvxIC9/pyQvl2laQrl4AEF1UYhMkEp6aCDG3tpN9ER0XVT3XqG4NGFPv8pSQml1o/HrcqEpsyUQOpk7lcLq/ug2GEIjqUrDQXBrDxC0YbGqMfIgKs+1LhntTWBrAPjKK/O7hk+em1E0ffsQRVUdZpQoYGPLPHEoKCqKQPl0SxlX/AegwFIMYExGVhOT6a83YhsjlSGb4ZAtLudFYrLk8rBExaHFAi3wiB4zjl6zyFjX9B0tRth3VQpSN6FP1MJj/RAPZ1NFHaMGUoDv7ZBm4POYTY5wUySlPuvEDWQY5MXe2NInYEUF2vMIOaiqy9uS4aFmMOCGEB5maUuZaARfBdGiJbf+rtJASk63GAGVE8AL11YPINAezaGIZlxN2Zh1D7F1hxVOZy2R0LACoagL7YZv2iZM14CcIgZloQCjJjwNb7oVgKsHAZJkMVSIJVcYxtP7OqejGpgYiDCRREQTUhBI7YXhEHE/jv4PlXTJoMgEREOB0Ec0s8Ux1Esg1XmLTwipRCGyBFIpT+pg7cMTY7EAes5DIgIaBYzi3xZUMhMpgCwA0oZFcrRWshRLPib1x7Z+uGGJiiVT2qwiyEUVAbhSIZZAEhArvR55QxZ1Ro9tg+1IoeaHPgYoJ38uunW3F1p0gXqn1y516LQ0y5EYqtMLGsFIy862HI6SnnCESUpW8qsgcnT7aqDRc6V/kmEknliDXl3D0RU7XmONjGzEYJxuIodvnTeY4DFIpCCFFzKSfpEah4JyeToB4wiKID4L5Gx7gf/KE3ZxmEii4KQDyrk6kESihti/KP4g2o7RKAvl4NJCSpOPMp8rVwtTnC6kJPXmtJFE9BNVz5C/lEPqG4DILyRz2BVHEHTCibrDgPamOR146gVNiAPsHXF45Ut0B9mcD4ZlIvDKy3jPa2EXnzyPnuajFJm5XQmn3Ig5Mk0EdEMn522NWws1i69GLIlQStQ8CoaNNtH4h2E9ocCOAS+DQszgxXL7iLoVkIvIUSNUA+l9Um9b1+GhuTdyemPPUuwL4BBQbMO1OpBEshsErRpqWIOYOFUaJthAKNOQL2lXJEgMKf7BkfxKyWYK8qrUUxclNApmNmofe00gB+0twI4n5INgTsp0NgBE8U7UJYUVoJAPZoKyaJUtxsUUZzYNs4idugWSIopmIFgfkHMbZIsYcKjGCWRxfmKOCXC0BjwmLuQdamjdhfDSYHZqAZFdDMnNHAY67OuZEg2G8GxgLMzTcTxA0THEr6iHCSIXNlgmKJRhRiRJkM9MEi0EVQo1QyK4rVftDZGgieDybtL+Ck9Rlis4Wwo714DDRwoSFPDoMjN5AXH/npwFLJRivFgM827lZTHFirVyI7F7IxASG4KvLKAD83ANuqpMRCGlAfqe9CUdYKIYjR2hVgRzkYggODdyggjQqc7RIgtkoe3fz8Nuj8RCGMfYazbRAKQvqaMgSi9VdCpr4LigDuqx+VQFE73oIoFa7gYgEQDpRBA3sbhUILCoAcARP5LYooyxdLsxNFxwgV8VQGT7NSrJYQZBFwFAWcTJBtReWIAV9eAhdERFWIhapZlGZBgaAZWywblpMbTV3DxUtuPzCBciR8qZZScL2UwY7cidFFA+/0zV6s0QAAEABJREFUuzhgW8FzrmjbQx1n65lxtkUc2/adYyfPReyWnGE7wyWTiVQylclkSBeEZMB+7bt4lCBvFDUkEol0Op1TDvKJ0inQhJKsBv3dgx36c6M3QEpx1NOce/N5gJzyQELyOeXfnNbO5fPKYNqGoKDk9RvHtQdQH/I5UPCUGyPUh5y6eqadFKgGKKNTA2wnBQLog3EV2Vj00lo9zoIU5dRRHoLqhJhEqk835STXoPYsMfqMosoE4KGdOwIlXGVJ56sc4phg7BRzwbVupOxdKqdfItVcgYIG3IUS+rzZG4vdi5O0JxT7gDX6HYbS2bNwQKh8LNE0WaANTqNWs9SSraYQx1onCuAwVQyG/SAHMRRA1MenyTMT8BaKDvQJs4gg0Al0QhQp6MwjxeQiYzXt7mEnz/OiZCGYklorHeu4JWju+Vp+mKrhoDWMH7MQOLTCUQy5vrTawBNzJCKmMxMg9gl8KFqnMRo+YirmjfJPJpaNQXztsAylDRdrtytr37Xxs0tUAtA87oBRQLoWzjCqKyG1oMEZ6ovv0YvLnEbsalowI8pfc0ThI8gcsT3SREjsCCEqCLj957TG129n0kNmi/IbqAC9QDATIUh9Cmbn0mjAxvdhRwOH/QTuSDwMuTKLAGAsrIHXByu6z0YjT28sGSh3cyaAdlxgMEnUdxBAlUEIFiWJJAHAfeWHgyCesPQAyIIcxAV5MfX1b71ehi5BOQCJUFG0yPPMTgTG8MafbUSl78/Guz4sgCxDI4MMXGTwDfCJABHRogTxQULZVMBR3qkZllGwriOw1OJkexwgnG+9J8kRgjavpWYN7s+y3gEQQevEj47OVMKOnkO7QwWUWxwowfqJbf8bIcaag3sByX6hFHVDQe2lE6rrh+VJpjiaUJ00+GAzDNcYUL8/Q0UAT1oYM33hy7BUpHwuFk+4GCBGkwIQ+aqrH1DEeVQSGd5f6oWDWPM6pXhOqS59echpTn7kAemugVqE5gKoxirufTk1hBDltHjV/0p3HFR4aY6BkFdbedDcARURyh/FEVALUi8aRqBfH6yPW11OgViLteUDf/3S8+5q/7HZfOtnFvYkEF2jxp6XOA6Tixiw4maOEwlKFDBfqEHKnorqFOgcABhnBoI+BjCOo7TowMMSewSAe9fAFiC1ZxEOsHYivpplkNAu/xYHv1oTBPr7g7AQ7alcmPJUZAD1g0WMI7UV7PobgkV0QC/Kkm+D+4EH0RafPLdimI/xIZ14je35Rq46gvnc/c1OJUSRBeAjRAwNB1YpxiMiAzmsRIwgSutc96IghIoCihcODs9WBKTpbLUBewfk/ry0TW8BmdSMkrgR2HrXn+y6Uj3AsIcKhJ0m7Tst2A/ZjMI0rfmTB2y9OS/JBZrnIIsBRROmflgQH9GFyFoYm7nBXaxFAkdeIVomUfHNN/sTvUbSLArAG+byMHOCw1pMA1c/j8wD71wumpl5FjmAfu8B1URtse567SACDzlzJd3Dg4PCxXNh+2xrGvN9v6QLAwSkE+BbXHCt2gP1MbyMaBkEYwhC0SBBIoTj4At+XIDLB0Qk0aOAhcNsYZw+aeBBZtiNezHNFQ4eWmSoZyK4RNDSBZz8AL+22hdAOJCHJm1KIu7f0QD4BgRIryNQLL3mP/5o9GDwqzJcDrIgzkY8+QHAvynQ0JhVmx2oAI6hyWYHRgW81g9rGwrKMRYipAH0DNK8SOSzYImziT1hsZZFSQO/VvRlwL0yTwAxHSEdSDHJLixATBMVN5SMqUChWrJiJ1e/txHbu4+Qm15BXCpdTn6OF+yMsP+DPQ/udRxtsZ1008rKR8KhpXJyE4oEwPmPNzKwNUnT9fc+vQn61ngKl+q9YeFBaDbaa1PvhRTqhx4AohaJGS8lPvQnWyG5bNZna0wQsOYUiFUfVmsyyFxL5GglT1IYSCQSyVQqmUqkkslsDudzCcRb5QDPSqVnYAg0TC3CtcoGFPZcr9MI8guHGcb2BMC2f+XpgseHBlEBxERyuWwup05xcGTDqRIsZv2OxZ5igCH0xMZ/EdzUEFF2BWFDd41A3r7U/HH2K3rV2JHuFREJlPIgG9vOPHQUtZjGJZE0SQ3A68yCgnS7kaSdXY/A18vHgUePAmvdikuLGdNgEPUxckchis+WzTMMB2QrI9GMAsQ42ZNFxdnTEit0C8tkgPl4nrCC1axAGY6pQ3BB7zp+30GNpWajeCAzHBwOYnYfL453phd8haKgmrtyWSpbBEW4YgPUPjnQxOTzue5uwCEPaXWWnx2wL5kMAnDbaBlOvtgiWGBgyq8XsGWFnnWCCFIwCGwi+olkxi/+Ow2j5R+Mm2fFI3bpgjvSYZSC8FHgeI+spMzsBvoGrrQg8A1wB/qK8OXgC+LNBbBCwB0YXismrR8XQSlxNxd8ydyKHN6sXOH+DMNkmrC64q0XcJBDt10gg+wTxSCI0rgAmYdveutZQUFeXtQaAhiHIYTlLmUbUkilMA5RcLBcSx6TJlHygYJLjBqK25L0Q+kAfUSpzap6UJnTZ/nYgYD1s1/IY8KO4HDAs1+Ha/7FdK4k67K5rHIokxQ4ZgjOF+NuDQxu33vnCYFMUE8KVK8xtJ0UCOphgai3AfQoCw0GEHMy+5v1ogBOJZOkIVKvhmZOZnspQKH2HUoBlKKM1ikQ91faqEHCHPlbNqVcNmR0kcvnUBSg+AQqDDHZYgnxRUkPaAVs3keqrxW7fK1BITJcPSw/PgAkOKZmIMVoWOaBiO5RIwPAUEh/E12P9mBiD37MdQdj92WFQRlRnkoB1CNke/PnBhb0BY9AUh/y2qk24b0CS8sjkAagHIZs2G607Z3/iDOK7AkwrlU6FPXKZEEn3liHziBRVBJqcJCxs5x9j7grIWA5VXFBxwHl4ga9Xgcyc54s7IcQiRQOAugOM0K0tvGVZ0+JaQ4Qoh0COfcjo8QK0NMTc8hr13noo0fwqKIB5jNB2DWy4nhiIUTBBa7nDXbzBVcw4viogVnoYL4hhjhsS5TSM4Dv7rLX9wiQfRUXMTV0yrXL0Y2Gaovgzj0FX9RUmMXJNTmPam4Q60joRQy2w++wiHOalcnIXEp3RCFblDvQDDBqv0OCpyjtUeCMohPSdwPU5bYcWXzT/QLBzgEzCBHDtDwIGIBJyWYObLWx591A4xqZ0dT5oQgDuP5yUBhx7BUTORCqXxCAMY1Jj4EodQ02IolsTxyQ/fBZal2jEvkihjnVhqMGyNEClZDV13tPIgR3VdQDzH1c46w/cDEEN2fEV4kKUmUc3iCA8kSPp8QBnYLaB4VR1aOkvK5+OCK1AKhvwEejRGGqMO9Hz2IAPuHiiQpvTT5yfAQYR/r7cOEEB01BVPUxJrkyp1dKoBSgqYmm1qugL1wBtwkIxLlgtIXhD6ERCgkiymDb+kVJKS8F0pr7jhXkGMUFkXEPzagwthGhlPC9vALGXqgxqnev+WD3CgJtOu/td/P6TmW49Ooud+CU5hDnFk1xEHQhoIhBb1god8aCwNhCuzhYWW9mfT3Ui6CXJy8GKPleC4JeZR5pquLPIqze5Kk6BeZ7myH3wNRADA25HSJ0CsQ9JINjzc+iAXOE0hch5A5+qWeicn93JpOHZApQNptVbu52gW9FxFxs/+GcIIRiQLqiZIpAUpvaareOU1gbix2O1SB7bw3uESoYoYYksK/1O5WO7ly7QkLpmnA03URJO95hT/vT45tl9ziEzOMymQy2fJJRbOCYr7Mg1gwmLYV6ymVMQmIe43lcZSSIbMMKsYXz+BIizjy0GmpJY8peVg+oxiFUVBKYz+UzkFH5BPb1pWeUgDeYrBQUlI+vAqCkHtNrPGgLiUH8AgXkBqHlRyGe15RYFOTz2Qxo32iAz4YcN4HgHXkKl6A/LgRs7MR4UgPVTyfz2HDjsmMgt80jd5hEIC/Kdl1sMObuTUQaZ2S5c2HEVdIFwO46gCqUoQ9TSW6UiRC4SkqReKJCGKJuQtGZMlWEvVDZWEisoF1sTeAUlgsE1KELBT/ONEFuJh7eQmqIp04GqRAA8vkWXmK8TEAOXUYQYO3AJedOgFSJAz8aiUWDMKUUL04QP4rbvktzk8OQA5AMl8UxcYHDgWkEYOvpQqUcmC++wXJo8lqGMlilseLuw4W3F5+aisSi/TCFyUEMGeNkIql8pZmXEUdJq1QGhqraIUBUrlhZCqgaa2pihgSxjWRCmaWEXccOQw6hEULz96lKPbmMGZBQT1RQvvME3/MUeh9EU+t7iFkU4MDvkgC1EoNM90nz47O96Yt82PzHfDbXVKzDAJzXa2AKV2WKkEcZ8r9fjaNal+2dNNc4r2x6EoYOcfKrAdhiH4fvXUCGCZwgm7vkIZvLQr6XW28fqZ4RQw/IswAqRpqqfrMKAz0w9wqgciROgTjGdes+CqL5iYMQ9QkIuqvdAzJRG9vhfEI5qysP+bzQlC/wbmyxQPt+hAyLEwn1rBrlPmhXvJfG/Mf663IQdGM7AqP4nNIDZPhLZufuDLeJSKbIf0l1wM5fyAK/RzZ+iQBGjrXvXgy4lydRq1alcPYjW4PImjl1Lg3qUfeFcxIuQLr8dcAxWXKJ9EBawtzDKDU0cFFHkjSKYuHQRFRSNr1B7XAxxiHsHCgOUXLjDwaCYHJ9wbhOiQP6rIZm/GD6BSKqMiDqNkRBFKZF9twAabcePYyToWD3sSMNYEL1fcOgNYYB0q5Gq/Ee40BsHzhXdtkLA/N1xhQ2fHEYKIhUEmtsSXKD7MgarmuGMCkTpeennyWI1gWwfK1MwKJmxskvL7KXCun1CPxqG98OHVHmeJ7xYbyruhqjTXAGYj6+MwqcUdjTItgX3l0ANh2QN4mYTmWjxuBBwEK0DgSgRWF3CikYLARXnjgpOTohJDCw4dP7cYkMRNSQhQKo7QOgG4Q9dXGk1CMXRQdxzNOpEqxHvc2k1iYWJYOVIJ07yMVHqPyAq47zHdh4rOP9qNxtLTYg45NM85NOoAkFS4rOIKppFggHhmbNM0r/5EA0Vg1SwcFF+DNkmr2vRfqFG9EgiiknSLySSlZnuWIAJNAmqKBewodypMblRdA5wVxleO9iUWwaUSJhuUAbh0ikIjwEYh6q2aPRYqTfQ2NrYARJRaPD5mLoUhBoW2MtaVNKqYG6jBNVR1p6yQsIEbQ1pQQAJTCp8AWvQx5lHm0654HxYMPX3MiSyRSoW7vaMhRoFxYFAY1cY6/etAbUub82bddm4YBtt7Aj2mQ1Krc7sI2WHeMtee7BKWMF9fgxdc9TsHMpKf0llSkV3eOdMMfsm1xaBlx8bUoiP3rNqIAKfcrkQOvQor0+uB8iAckRXg8YEPYU6GlZKatvD0sf5NRzEBPJpHZPm3O8HTYxtE1yhh4oHCRwKp2yuU85RunkHzLTSSfTSPdk1aJskwFA9GcDEVsBFmdtKlNSvRrWEhj2utlSt2IcpYZQQAejIIB1n5SimZlfqiC6hDz+MB4AABAASURBVBsfFZbESfdQgHpgLdGgOABKsyqbtcW59FMUiDCLBBsBDS2h90XBC95X8/AIiJsoeulZTLl+gTavG7rnjdbjYjHPKgqpKQTC+QUKRfEQuAkB6lquFQVB/AIDUslgCeACxy/QBCxGgrAXU/vjtTAWexAOpEQZ1YCFz2cuJNc6NdB9eiA7w0xSdxWUkGuL8tQTf89eFoQ76VOuzsoCIN/8AsefoFI8rG0SzFaSQe6Zy3h429DARQosX0IWQyqA4S3JMWove388cZBUOELJYUDbhtHyzndLJh4NAsTIY8mQggi+OSQEDwG4n4DKwVdxfm0Cf2RHNEhSsFGBH+2jhTiu+RSRUYJwoBQHKmIYWWBwCDDkFrJdX2QBNBHaqBoTOh/uMYERyYqGfUjDA5mGCmztkkkJfPYiQezI8NUqGECgqEjwwxMWEwTbUwmjE4sMLjNScjDqRtyCCsJEkI/UwEOKWyEhmFxttlpKI9v4RALtI7WSAedigX1qqa2aeL/sU/zbXRN7be8smUymU2kCeW2kpBJks9lcLovEwNOPgRmhPGn56HNoBea8WzYXzWJAXzhgLsyItFgQaMpf/BTErEG8yez9NUEOSqJD7t2FUlqpg+iWmPkQxikQF0rJPgWiWSqX9bivNapS2dMzzVj3UeGj9HQAbRNJmQRA8BVuFusCQR5y2Rxz210tpgRK5BTI0rYA/L6Ijv58Q5xIJhMJYweUvxpHEw62/60grEz4MOA8zjtp3aQ8zVC0Zh1xV5vP5zOZjHLVdR9pcwNtjPYEANr8HyP/79oCmFOc4z2wb/CLSlHuHMnn8sq1I1KWLJsQKXxxZE3bIFmqJDybR9p6DKZOgUTY0jADKiWS6ujtB0fgvl2wWQySUgPE/AK1nsbPNTLYeYFOBIqHEnA9kyz9rABMi2JJ9DJDrKxw8KQQA6IR+miif32NmCVDY4WQ2yXLE+UJpODa/dw8Qdzs5QKmVnb9I37hZpcli20PcqcMWibnAKaHGdDyCxAzUdxyp3ee/FKwR9GUdg4+Hdf78FghrYF3hGNfEuTIAzMKC1M5Hm2JwlRKarPjigRPDCftXgQecFo9jMK27SL9ipgA34vh4oMS6eACABQpxxBfbnF0EpCaILPhBAbwub6UyxD80MOn3qkbZexKwbc9gDyCE8cxnLAfDQgeJk5WYJxeKWGa/D4C2JhSbPlx1LEhsPHFuEYI/jbgQ0MPFFcZhN94ge4o+RUvEAgRqKMBMP0IKJgSFqHXG9A9Sjn11EHBePPHj9xcY3JKB4QcZ90HkxIw7ZIdgGB8YFp+ZfHpfkIWT5yNm1RxgFDDEhRBWI2C8gncCXr4xFqMHLkyiIC0I1Ox2RwWFiIbZgQUzp2w0R7N1wR9HsOY5YPMXeSgzxZt0qwGB5B5zKF1HoZ12q01V1exEmTfCPLZfA5sd6OZ96QFHaBQVQ5JCWGQyEyDbL4pWZyP8FZd8QFMOLby5MVpWgoL/udI9JJciMiq3JW5JHMnyMi1xxdz6CF1yQCEii4wxKyNg33/SYElBZJLzBLoIc996VGg+W6gPgCCBtBDdy5MUIoT91wvK+WG56zPFc9kLqt+8pQVSyGmB0VU0GRvNalAwgqyn1FohjmH9HbXRQA3AqhHrxsHhts3MD0Lb+wsoKUxTJrNJdTIaoha1Hn1wg4M0FMtVhx6db8C7tUUvSGSoQomK1oAab9AgkdaI6yuUEi2u7IJiTPh8kBap2wuq/iCYRzatqNKmqaDr4cZEhAnhIb1djZ8vebngK8ydgVwUCkUBJtg53qlDcG4NoS3cAU+/jF05m4G6l8Zv0BfhMijDKAeGxrUzGnFH21roBWdxZDh/Ea1Q7BFmHf10g0SYwYrh3yqy503yt7kYD8XRlsU2FJqaYyo6XJHOVKHhZR0/MW0LLW6HNZXLeFKmlaQ4IjCcu6Vzldx5byNg2zCvKLdm1q2/REaA1uBgzfO+cRoy1wIPCxfPognC8SQ2XcQYwufY9teueHMjU7Nz4TSBHPWY/4iZewfFiFAgBh5pYAMg1OpJJmhG7vN1DoCYrL42QR8RFuorcIDnRfyUcCbCuAQAkcXDn8Bs5A3Em5WB7c5MaMB5K+DkDQbS+wajvpQ+keDKDIXTbCcxIs4eNl4yEOyCiY0bg5SspxVFyiBXAokP70F4cBoIUK5AagKkMDYAGz/clHkYnoUGNfSMyJ9qSNRIRoQ5GO2BcBNuwSrEgdNS6zfSao4jnER4xDuAvoejdHkCk5GhLSlnAmNKaKthT2EaN/PuW88wFRGZD8rgfK5HBIGoD4im5Eie1cE1OVHolqO/HL5rHp7GHZqV0o2KlhkTCAGnE6lMko6ocQan+jZ9pIOhgvmsfyoT0DkySzFfLNtcEsQod4AAgPK0gcIFV1giFkbN/tgToG4bzTmBQPR1epgq9rh1sJ7K/SOXMH+cb0/ob0FjH1M2eFj5HlDxjrKlCTvmHIJrZ141yXtj1i7exXMLc+wXwkrBxomfa+Qc21Js19N9alzVyTT6+Fe5y9HWctQXadQQXywIYSZQ1RVRMgnMFKJMUiRodKc40C4RQKm301EoLVErNUqujaibD22DcytCCmHEY/XE+oB3RnWyjGCkjRsQu7MND+WyOvFF8iFzmLlQFB8uzMZZERyVnJBc1/h3CSMEFc94PoFmir4sXUryJeIvNhIOSuQIxGw+7oXG7UujeX3xs4aelEydTB1scIs3zMsKsM3X5EoJ0sLzKNS6NRTC9n+aOwYJG7qli3ZqIQtQadyNXrYg4xceNjdUDh8vCCX6zaeXQMFoJeKSy4nKgAJK8oVGGsUEkNATmR+++LTAEUL4IcQ/ihBrnR7cwOGWYlMUEKoFGOCCg8xHc/kEYNihWDsZTftGIvg4PPOiAZOXACQJAVuFCsWwN1sU6mAQauP2p1ogNzhiJHVLNGIo7BwxoAMBvjE+7NjMwMU2S2AUhqJo4FwhH+AnAAHEkggixSZRLp4wQKC+ADipkjLX6BG0OmNNxDE5IcGhng7IXuFEhYUpOqwGchRBcwNEIiFQNzDtAki5FEUv2gzwOkpohAgVfEKBXoXG154cdSPA4I1BNKA3b52tDds+99JzOKqnB2Xpzs7gl+nBvoinB6Faf2oPj3321DJQxENAvy6jUgqbD9IQOC89DnOEyhPJQDBhgVFT0IhFID+asWESLOmaPncKwq4JEdrpQNSToHY+Le/6kcIoivNYXy8+lSZ4UhQSh6w7YeM8hWeYPQkwH3HfMOkNMqyVr61y+V90eREYsNaIzzcP5FQzh9UH9lbGvaleDAOf0LaRNk7lzacI6wJtAtBALD+UR4g1l4tlxF42PmSFAU0J5HC7TAGNnFgugRJsVSPfxSrpWG0FYdgUkBq1CG+/eLxrYoe6N0cDz2YA18gDzMmMooiU0SECsryRcMOb7OwuvNNQ1xnHC2CR7CFoNzdkcsmzKNtEU8EoOj8ApHk8WauKFNToaroyRCzu8Mg7fsGBkNJawGnf5kwkUFgPfK5OLpzbGeDPTzdlGBEYBsisLW1N5nYLt/IVurRek58eyBgZySNv4MEO1MLThxMUxg7GDhk+ZQK2P54Z6l5EpHLKcM0nAAWLUU5YZvnKObhjoXoDCF2QVhcB6B/OiBaJU0mrpKw5y+VNdDjwMnBTecRwQPN/v3QsCA3xJMLHHxbtL35YF7S46FiRPtAyLMGSwW0TAANWKUkUngRaRKSIrCmQHnixYNWK42v2nxo7CFAZ4hEdGPEgN8+E3gezAB2lJMQ3MHA4MNUwOj0zOOKOFkQ3OIAqGOgsOBKra/t+QnmlxiA6Ljdl714DoB/IAjT8lpxkNTBiwJgrgOKLjgIchaOkEKWssMwHoEeDN9Y8McOxDcWCJi3YCw1ire6tMoslbpgWRFfBhodPQoAYepOlBDU3EXQ/br9aFJYkGxiSI5AdtHUFxbMRsTyAZxIAMmqhM1/zBDsG8Ke4ZFVKeraEGCRiYn4aAaEq4oQlFqr2HOgd+eBaOpKKhfEx2kyRLEnsTB5GI0U5pEspQjRzUT6oSSgv6T6rw8uMvSOVeZSA+y34d03oGcn1DVR6m+sewHgiIsSIJvNChs60P7wcX2CWKA6y2HlEEOcoLFwrcpaX+3Zb2kGN651k6VMSuzCo28R1HuSw7HV1Bfb5Y8+CT4swbVzDjgKBehJDpY6MapAvDUKLOwdElSWhAVY+NGfF+hA1v0/jeqGQ7GlyUGxdNCR1BCMzbXKvN7shGVq7dF4lkUdCH5MEMV7CYk7MDEQLMbgGXi4+ixga885MI8rXY/SJZrXFgeglYlisgXNzYbmFyjksAVe7SlF5Y32ZL8PFVsTSXuNrGEDJMZEAywhBORzAJk56hFHVcGlPDXKH9+qCGag0aDaULzcqCCikj2Kmv9hoqixwaIExWkIQoYkCJKVITKhgoiSTsS8igBBqASiAyCWMAAg8aOf4wR5DcJNykCKCqjvzMv4gEbDYFiArA8ogmsWvlHgfLWmq0ag/VtAYNAi2isLjU8SEA2omOy5NrfZkQKv04GseUtJDFALigBmnuijGX/PDBANBBkOUsgSGQeizYb3zRYIrAoia1ES+MGNo3CfkQbDDaIeBIxDgTMSBGOZNUbOpMVRfMnDFz9I1TAkUDGQNIIIVrSGDtI4EKqcinf0k/gEgoZtDEDsf2gB3jfkuJfWGZfPQy7vf1ICWzdwhahrRYAEU0vGU3k6Iu/jniJDMK1Y8yyQ65mLAP59uVAdBhRdicq3fAF4BuQi/mlTjwYoXkOKCpuHYWXFYawxAUDvMM4A0GcTXgSAgq85ijsF4n5TiBqwNEYo6+hLJYiFgno82PasPVOfHgqYGoJ79XGBoJxLpAwc+0IV1TxO5AdU1M4RWPNkSYi8ztAWFax3pZzBu0esOp15Ql0IKAQAMr34sBg65dGmjs6skC1ODGMkENoyVv/HOP47b5A0iFEF4q2mGATNzlqL0w7kjA1AzlVNKuUmMrZfi0ljYSVXhq1PmB8Tf4kg6i/J42bz9JXMbJ44w++LLlkqP6m8kUCeuhFsRmsEYKudxtjb6gJi+gUaO3SIc0CskHq2Q/ukafVHEzCfFpCEXyDmUNnojUyl5xNCnAjHkrkrErEd4JDzTmEffLDF2ore9eIlt5/ehhElld7UUTUBW9OC2D6UHj6A7PK5+LZw5a+tLMVbLDsIW5Fz1ICxZNNBEesRwZHOjwJaRRY6mxMoTzb9OMM2TJXtiKJcHAk2HZw5SuEAdmZehCCHCLoZchLoQRMaI+l9lPDeh5nRriIEh4XQ8wf5aI59lRDjUyCQqU5U0JtA7U8BUwQSoTL8hDkA80WAVnMIBCYj5x9XpECgJz7MRWnU4wDdjZhLY3DSAo2bPRx4QsFwoNQPVgSjA6NRASOKISjoJEze/kAqOCCeuiTibWD55cv4KwR+NgnChLz8ES1NOhLYMXHCfzopXNHjKQu2AAAQAElEQVTEU4d8lQ1Uu4WxQJTArEF8erFmh/3uF+4PwjUXAkXZULBpQv74tJY7fIUSoArf9fnFWjlBIw1g8YIocYJovulLdhYZojy6WfsgULELAkFtLLCWUS912pf9XTNbzFopd6tDaRGZnbroihADRImAFsTqFzwVUTyPaZjaWr6ke4p0sQY2IBQE/Orm/2fvT4Bty67DMGyvc+8b/jz03A00ZjRmQiJFimNMURJJDdSESFYUxWGx4kSio9hxyU6xyrEVVyQ5rsiMpZSr7ESxI1dF5Si2LMYibYqUOIEEQZAECJBsDgAbQHej5+H3//+9d+89y2c+e1h777WHc6f3Vv9+95y917Sntad19kaHmU5ptrH1xMeXE6niofqQAtwBWz4BGfluuJuJAGQHMuJ2ElI6DQwdr55DuMiSFNi13JtYX5r9xUmBmwL2+CN5Bfh8AQx/ziXsdspt+1qw3+ODslwtFu0naLBTHVeraoApS/OqQiHtxGeFSZiuViWyvtREL0YDzH1ZDxQFzA/mDG3k80RwWHaWw4oKoMDqPzBa6LpaLHsq70T0cMHBfSQkUT7V0OVcFAg8KmWlTPAEQUzShQj3CwxLeGcLuCcNBTHH1tm189vtSeMKxqNDMlObpBYieTeOvqC5o2VQddh8aaqUtf4LpyQmgnD6CTkR+pvc2j/A5iAlyFEzA9RDq2tSnHeUjZaIaq09qN51WZVx5U6+NhFYayfsTohAVKMo6yADUFHAx8c2ECWPLD9/oZo/JskQ1dyYLP3vw3cDGiHA4JY9ilQsUytAJm2IHDuFl2G+lkhxD9DZZhh6PhhERfDwYWwWHDUzFKTMYn/vkQFyy0mbYXBp0RSGjvvVciSSxSplFq2bmOwwtMnhDHy0Ijp4BMdEoKLnEZ0kgZEUVOPLAmZQH8pdjr20D1D7ZaLHIwRAev5o1QVqr8BqqQFKtF3hmK4/MsPsEUE68GsmUxa6A0I8AqNaJQMwqGqHRRlYqMxevOgTdE/pGBNI9o/5UthP1Wcp5Hw2IGZFUVWDaoGd9pJPEZCekwEQUJHld/fp2U5mGfSXlk5ADoEhCECOFZZpcKOPWImV9m0C2TePPYRh0MYf5UMiob4Yfc8QiQyru0aoJmdV9a5LebWaTpFNplABlP4ms+GFpvPdBJOJuGVmO7bU7WpVNkjqz9c5z94gYM507k1+7UtCNnve5Tpgu5I3sTZW9l6nwMnWhM8pcPPzIt/zwb7m5TDD6j029tMjUJpE7mmf1Cx1YgFFJr+vC9gwtE5FZVnicN1AatuEnJOxklxOUf4IoW2E9b/y1kk/B9DvRQjUddZctOyarztWvM1oMyUcQL9fIAwWl8sY/X6BgvQVAWtktKwQrAGkRTwhJduTUx0GDgfYMkWGpRgHv0AWURhzAF2SoNMfxBZz+AUyJbYNw+uYSYgHwhuky+wuOhVQ9PemWFeBI1gOAKMUHw1o1Nq7L/t0ERIf6RArYNGSCJZD9zDA04hIm4NWRUXJzbFVA/xUUowUBWyqoe4KE4UoZiJKyXnNWIMhRyibEYpeLtqxNfT7G1Jy0SbOCBy16LPYxKDAodqIYXeikqOZ7QWpQEbjRU2I4GtLyOQ1BIep0lkiKh2cWsPBRqV3CTIC8GiHKHSoR2b6wAHtuBICsDkIXXjfg9jRgM1NJaDS7iOhPynC7i+aziQygh5K8HBLzwjBLDG3GuN3PpsCfvG7WWhP+aUPc5/huquAM/zQwVDwBNvjORxsxgWdpgbt0vucI9wsUIoe7L209TecQUgoZf5VOHav1qwjezohmKFDMJVb3LoVW5eL/qZl5DEndWVROtkFyQ6IdoWrSLb8bk9SBPMCRV/S3IhZkINKnV2hQquS2xC6alZspQ2C5N1ENn1QvaYLJKVZMUnjaAMSZEhDORLZtGyU5L6MSRPKBvppXK4+NwQrE0QKA/KRChon59YxJsrudkwYzwVUp8NDHw/DeKBDq6cbRnK9Mx1KVTe2SY50MLdL9kPuGoNCjLf0MJekg3WIVXoa+4ZSO46DoCFhMl8zko23VvsSAu6BRjg7tLXNrc0BGjx2YoIlBB6sLxtTJO2gtxnaVqMMtHwCNwq7V0QyrLOkdhwuTgrcYsjVkQB70LgnABvshNcM/Y7MrhcwOGKYm6R7AVE36+4OgLT5vs8A7I12LmDPN5VPuRJnq+UYALydcz249YPolopSqmy1sjGroJhpYpWptOKfKMbdTEQ5ugtpD6AxF0A564H562Yc0ympkF85oVups7PwCFF/sgN2Hi75mQMA6RdIvW0EuCow8OTyBQZaLoPmqBlelfg6+x3vXO/+q9bR7syEnXJJpwba2qqD1hKlMLPRWlFd6AZVlqgMFS6kofqqgnCwAxdXEwXt1KhK8voUOlj5SdCIAoKbX1tG1BCKMEZq+1butNggTj2NwxilHnEbV6WTaHmdc4j0kFZAMgqKDnWkDlCBKE9UVjdkL2RS8eB8AG8GxEAwy3xqoDZinyB1HC3Gn1wKBPBBVQMGPmrULlwOVnqqMToyhTWa72SCsQdfEUdoioxAL1ukHtGJ5+MTC31NRA9CmCxOLoWSxwGPlbc9dmZrYnvlLQQedhwyspAxLZAnnxWeCzLZB7VTcZwTiNaXPDB1fvHFYvPJC/orFkPlsKYRhOCmibJ/Dj7CFpSl3PIWPsbiDCPdfjyuzyeb6yA0EtU9cBjJl2W5qhaOY8E22iQGE7x6yM5ibtcTXmaZLX8UqD6V2bmL7YOU5ooBoel8E/DaXY1tzP7MYNbfLU10qlppW2TxYsU6AQl37ARmWw+sT/IuYCfgXJWUJ7GkUyBELJ1egA9YWTpdvp+fEu23cc9LNYadN2nAQDgHVrutsHg+EhsFyN0x3TwQRzuJLdFZn1jX78GKDUySk4RitVrZJ03kBBm15SN1NXgMtawhOPbjoT+2UCeEopjP5t2+RH1gAeqbYMKptZE+faHM4oASWHF4DUNpSC72nZMykAt4vM1/9YcBYVULW7/AsPMCPahA4qikrjeWAkJx2jDCGIBMcWiaIxYA7RWEaC4wp0DwgZJ+jv0Dq+Kh6QwmRgbAq1Q+EfGnBmL/R9nkUv2WbHyNaqkH+ORaOdto7VSxpwYOpGMceKnkXkDb+CAbGxocQWPTo9uFgmQndWsZUrfNLTC9tVE5j0ZUuMSOnmfXTdr6hXFlvCatfaIuE6cz0QwVdoXUSG4UIh1l3IdF6iJXOaQEOmm7KDSHLxoX16a3KQJNBKSJHExc4hyyepQwngoZDUpbQ5UtOkztGoDf+HiAuVii/W09OaPKyyMz9irhEKruoEDblVcGsl8ER7ojZXRPQ06VXPztpGMwPd+ypRHtfYSDsNsKdXqshpUysgLQHu0VkF570RzNKJGRLQSzoDgw0RHnj5KQkIMs1Sir0XAYNiemB58hywMYXhrBuYptI0We1MRmxKdMbx8sMcoLQFH91y7TuIraZziZ8lgRbWRCRibEKtL9JpEiTYnOYLRTahG2y0P5DCI3N9SpAjVZJIBCHecS9RUvpWBDm3RUvpnW9UPpuc3q9TRZA9hi0RcZmoCYBAfa/7ygdxXItQDxQqanC2eujkB8k6ONVGskHz2oKNJ9yIJGOMFsc+VlN+BX3sWGisoGmI6B3UfhGEaWCluVjWGAu6A8v0VPLekCXLCbubdBrS9OCtwiUJbNLyABurnVvhvT8QKz/U7peWkRcC5qbRK0Din96nDmisGbXjKAXAbKAbk0zJV3WSaauGqgew/QC1hBpEzbolx7bCHMhL7oIKqV5oP5QdkefgGNV+A4eUFjfovKpYTq+UgqYys4zsCTWJvAK1wOVnI97uorMt2zTGquX6AIVtTNvLuuKpxRfqvkE96C15GnyyT+4hmAozdCZ/VkgrwcpJh0INCAwYfylHI7cnk4gNC9w0I5KGYE/KngZigSubSGitdYhPqEWEyQh85sBAeZrgqDKg5QLQ7KC9FR4kpUTyupr9tVOWWgMxv/yOcs2zND77j63R/w4fdRhE+Gfly3oyiMKJAf0bIt1RQhUgyVNwzy9AIfVWgUWsQAg3aMsQF4MdisFIY2Ykpr57vBlq4PNBmCI5JmLxjNWrLwY1MRdlns3HUxYZLmBIjUhIZm46ljiETkWiGTvAnvZNTH9jxZluw1OHsYuCLRhxllTEIzEuWHoctoTb2VLyoB5C5oZMWg853O5/CkptZWi3VUL1b2liuPbVDTRi8mQ6uw3OEnczDz9vnIFJDONpdHoNsWjPOnKJ2zFahCySLFwHA/t2p6UswKXJUrRrZ6YkIwMZ40BVhtR7gb9ITSA0RMlUOs3lGZLMXwoiKH1RZ9PqN9a9jNqu3Sm8+U6zVSowt1K1MtQmI32DOjDdO0Jh9eoSsSgsuqcP3/WRjqBFMhxwFTRFy/PCWE53v8EHUj9foCGLDrJcMc46zdy21TljxGrtGu96C57pXFuTCf5wounAInhXAHh/yryRewn1CWq8Vi2JzdUbt9Ud0VIK/q3HrANZcjbn+9UZZ9UNmeFunaZ8kA1N0qWghkDP2/bPU2IIuQdMGJceUaQhGXy+UKiJsyiqIQzYe3y9USm6MChesjN/YxgWbQsJLYnE0oHKBvIekKoYSHGhmoIZpsFoTU5iGDIFQEE19OMETXHwtaz1YOsLaeQJ1N5y5BBK8TqtXnsqzdX50NW61DubRNYoguTxeWWyoaTilqobcIHm+bnpSMRSkWbOQWWpmzykl4CsNSh9snLcVW2vpZdtDqDpkFL5VZKKo+YCMUdFb0bT3MSW5onXKUZ96FDgWMrZ62uaCfBQryZDwvoMEugIWiM4YluaNFX80UhFMjMh35gOqP2lYLql+gQiXsIKWYtGIOr6+wKLU6xLEVCg+FcQQHB0IQjhuQjSn43WJ4w8D+f4znkUURlTgrTDQsQMJarRUybURP6hE4yED+ER650NCOhMaDG80WNYxskCcCeQ8gHV+mkSMSCph/OTC2C7X7QB++8eJDztE0/FqhHzmrZDYygwFLBqII1ab+vg7VEo5REdn4rMrjkYXuaF4YkwsMdiJYKsM+hAFO2EzcKErTUS1MWLPnixQhlT6XRCZC7RxZFPXhctH+0KENKoSYATldKbp5JjFlU4ftOoGqUKVRszIiCEDzVenn+kF3/6tUV/DmF2iO857RewHdciU3FzfjEciDENWy3y28RUAO1v2pCEtnbK6EFZL73UqHjIvQA3jnsFH24OiKmGD4IoduTLZ5Wwyiq5feNEzWriZP5WazMTBXYk3BBawRcK/LZYuSNr0q6F1CbLecof+bd8HxnMNWeQTCObO2+1yTu1llWa6wbHyP9r/ZwnmowfTm+k4AMjWHoatJK0ucMKcy8VbO2cqubxaGGZh0s/SNNU4kPS5a8KWNokW0nVlYlEV7l279CXpZxiaXkeE4LmEW1PfDxtJgf6NZ8z1xtxg5lkh3jEDjXdHfw2lllYvI6wAAEABJREFUqeQJ9A22/WPpZ6yeTf1GRSJwa6lS7gFELrzu9uQReZTgY8vEtCOHtU4kOFBoUnlY+5tq3bspbvA166BkehST+VB8mbKQgeDmMyJop0X2KrZ+TjFJlhc0IT7TkMwYVBwYw12+WnA4q9XXF5VoGPt+lxfiZzFaJWNz0AwM495bQwyqUUQaTCs2mNMOoXGfLR0SkaaVqiLL6Q3V397OAY+qDdesGXhJhKqvkhSqDjvbrgi2GXQO0i9ODiqkGyxTAFJigk249q6WXhigL8LaA7iIpRjwYOpFZcckJLTNk0uiHtYMRkWNgACFDWXENAAZWPfX4Pb+WlPpytJFZFQgig/fyU+xnAyq4ew3L2d/BLlLyNEcfRTIpdUDvBuXvT+CvJFrmDSStSPMhoFmoC+x6GE8cbWUNW7FoROfxRY98bZoDIxmRekoyMR3sUGvri5qkSyfhRWU9fYwN5+hDwcOtmV0wUOdADJKt7cvl/9pkBSOibbHR2ZnfMfRQrN8VK1alWKF4cy9kL+SgBlgn4kKDshfJCkzHdTnLv1R6KC+GwqJFSB97h5DmVEptEf6yD1oDdRFXxS1oiWGjFXWD0EzAiZiwMQyJNl5LEZeYNmfbNwykQb0RCoed0QdqccmOFBMtmBeRsIUCuH2JZMDgbbAeij/BLDJ/AwqTW1wljJUWieAfSdsEth8lrC71C2EkDWEC2jh4qTAzUP8XtoF6NA4jwGci8wE6e/uwUV1J6D2QQFmTwacsO0DkBSN7o+xc16YKsmtYvGswV08qewNhhmZhOhWlrhYLLBbQss6vZN5+V09wM0DwmlN+mrCs1guO1fPLrlx/i/AxCqxrCQKPoyZNpQFjHHefR6QZBswm9XHFiJaJQl1XodqHBKnKhq8rBCa1a0i4wJvHHNgepcJvWVLwWmNlFGDE8FQWHpul8mZE/2ABssDqTKpI2RvlloQdA05fGQCrf0MLczvXGhFwB4BwmlNBFTP8evieG5bciTQCLUz9AK7YKJODO3ZuBnJVcscUQxtDQ0ANCrhzENbLx3QbNvDZaFfKGI1Fp4u7ghZV1tUSENEX2UDKoIuPqrQDRuJWsMmc46IQrlio4OKY/lZEhlRVgQ0ooBNS1XjMOl2NFKEDccGQb1bEDIfH7vzyDoSmtZrZRIUWCdwzJqbanhFKirWfMVDLoFRfNhTFslmBd0dzEJDBg6HDyfWMglAHy06qaiHNquE2TDRwEe7LMGIEpYodMTxOMRB6HgZ+2qAgu+iyg2MYZbRCHgOzLfTESEIaI3lcPDSJebqek8HbKAeds6Kugu0faUYbOBjCj9w6SeoFXMjPYgZ6zS3haeIjM0iQU6YUPCbYUwbcSOA/jIM+y3jdPeme/1t2mrFy4VmnQ7bv0pU1WBAHYyjbS6lcq0IDSm5IMX404g8k5Q3FXxAJkqofsgqx50CdITnSUoClxDS4P7IwOdXWtcELj3TXB0uslePyCCM8ZVDx1sCTGYjsDfK+epwJphEmbWkcPPZGFBxU03BpgBmsxkUsFquqLNBdqxj8cGeJUeDLUrd9KpwJVw4BeaFgEVksL5MA/t8ntweJ00BoJ7U04x2AuLKC/a7iwLSl8wKKHtJiOC97E0AivZSyjy8WucF3CHDlr14sjBEu2+EjxJxVS25Qe8RsbHW6VEXo/0CJZT2u9va5byAAFobOwZWnb1iZeAStEmpk3E7dh1VczRYswban5nWnh2n3HYiZYbslaAba62X0nwJGQ4/7U/RHp7oxfMw0w/MM5jUZ6LZj4NEnVBGVIND/AINtlqMCHJz8QolFNOCoK4KnBxV5QZpQfOhXDqkfs6ym+DhQ3P09x/KiYl64jTnYLI2WUJ7CtQXEcFDa2WulZVnTICeytYiDM5czSmqRQVQONuZ7pwInlqmRbV/zCxltQFzdAECyXGzylOKRTUKTEJtFRMqS1FFF7OZroSLFhQNhW4upV9KSYmbFC9nGkll5I6S1bLaZiYb+W+vAtxjMEkOetO3tR20d4Wo/ZoQpXtgYxRGU9LCenVVXbH/a2zlOtrc0N+CG0eVj05WJqmbmwkYgqyzBxY+Su1nbJfgTmaIHlGwXZ8lovHa5pR+tSuKNWSNCVlExm3zsmlwuDu4rWv8QRHaIpQ3tDMgifQQZ3fc//W3A5SVcacRCVJ9GNj/x2EjP6TVCH4JDdj56j26g4mil2yjo1cSjqgA3enKhjbMgHAVKTJXXULH/zGQA09ldmBAvBORJ9EZUF8RC0VZuwSWDHvgtRJhsCZfQBGWnHpE0F6bKlIup8PgiC46JieZvJkWwjesds6ePQMXGGwIBh+Yh6QWpgANUaNAQQ9RVUHdT3OIuzC6ocHY2nMtpRhjgCkvGM3edNadQlMDTnygiQXMbORCKbPmKmPoZCnJbKY5D2m8HVaI4nvyzOAa5gXWWCK4775iIV8OTJeX2K60bNYIRUFk3Z08qZvPysB7HaTX3akH1bpU0SyCl/XlMFOqvQXlSYXsSElhBow9goDEXjgFbgaI3aKp5e1tE9im5ff1gOEmslNugVHl1Z7+iPtcj0XveCNSADfVIPyC6zN1FstuHzRDlcXRK8O2kb0xgN5VTquxqOypZ1A4CxeKSQjjKqX9htkEZcDi6kEayiDS5Wpg3987Ip2BEZFkhkRTtOVdeJQIkTWy65bWl6vmqEKAsizPylJabrWB4g8k8XSSsHOxmo3N53NTAEpSZB27YpLCG59G6ItQYTG8VIld4GK4PTbMUqHppoXZRnyZWxhdl0RnTnuPFUyQGklqr7RIVjGHH48bQfTXa1vRgGV8RLQa2DUACQGtzYjlraVHKAg2ryWSQ9cqJDroX9CVKLXpmwNWVo7ZOsqwKmU0x5zth5LHNBYoe4mF6IT8TDMNZA/mtdhjFBUYHIV6lKYnkyEZGxKFZpR/oOpnm6KSgWDoqj1wagenEmE+Vny0aGAO+7A7vFmxSLl04+e/MNWaGJh2hiBD6SauSC4ZIKPkiT0CJRLUfd9s7Pi9QDoa+jBSpKARpc0BUMp/PQ9QJ1cfkOQvAosGrS88kljA8Gh0IkdkQnxGRcGaxQ18YByloxuTFWaPiLEJ7AgMZkKzUBojmq0PfVxYUXkhQQeGjjLKsJoQkv9c5j7UlPzEeARv7hqjkXGC30XCGDF8aA06xfCzWq0Mp0B0atA9SyYfvZQ2hsjpga3hgfUpFiME8ph6tZPGrmum8dbW8EnwN/nQKjH+2r5jjR/rbjavXIAiaQS/poRlE4PCu8uwjiSFDSnCce0tN4ZbNEyflcMsdFtgGruPa9i43l4bZYLRH++S8nbYj1QMsGfJ0WC/U5cEF06BuSBgDRiCKS7ABkAGwd7lrnPbWgjYFSsXXCz1zRjt+XLnwozHV9tx8Qc3Vfu9grG5y6H1tclSZVHeWReZTw2Mz8eqwi6Xq/4rVfCv+W7eWiHtf9PCxtVjaZJe7xnLDSCG4/JYVCkSZSzRS7dQaTUMomWN7Np7+bA5jaB2ECwDzkcJGg5h90f4SZsz/Er5XY0dnlAoK4XKjx6OBK8m0H0pKNbfi4mCiBmJutwY9nIstmBY5g6pDB4KZuu1ovXbBqAuUYW7niSZEdouKXkAguFVymjaQkepatpqtawqfu/CjqZ7mqqI48w/lxqoIoBwlDKyfMIMvg0TFMYJcoLjM6ekHY2jOpFmNsar+auUlqNyqLmiOHVx24Auf+AFguGsJoepaTRrQZMpbeErIzEXLWosZJ6goEg7diZDOgmC9ksCE8+It8ax6x5SUUQ9o1u3sEXZu7+BGO1RQCbeJl8Pc8/AHK3Klpu9UnofNiyUD/2Hk4MqCNCNhjqRG23UisREv1JeTBtw1tGVFoPj30GixzBwIEp5EUm0Dhim0u0G2yY/J8w4qY9jxFZA9wVEgxFJIhiKcTRAXyD6aL2GBI1oJAwTylwGnmpI+9CazPFsRTWeIIiBMCqMIQoGa077ygh5yBEXdKEZZEf2B7rVCcpehlAc+31k4gdLFGFqI/FkRfFhuon9fJoG2J+MJyaF8L7Ca5ci4p0Vbhg3YciduXZmIURcdKAGttSnadYZStn13UaEjNqdbUt/vdXWGoUzjBPPdvVDqlLdKEib41gkE8AozMS6S9SKYT7O1Xbi5jORVOSHBlbU3IBMlED92poJw6e+UW3YxTw3Zj5myArikoYBjwF63jnQnrDgv1QXOXEpa/Wu4LjsIDFCrg8OGvzwOU5mItRy2OTsMwTi1Kx2TmZFUWL9n5gQtiIT66U3QP/4W6+wO1IDNOg+rJxG+S3MkmmNwpph69KxVQpdOAWuG0D5WavMvYN9TZcddjvFUU4BWC4XOB5aJPYWQECgT9uwXqMEwfizfmAKzliSikTcDr/AcrVqPJeASilRamnlRTGM5BPDBHrnKcypjAU8Ovpn/lphQKAAgaAt4AqeXAfHACppg2RyWesC1NyEnLBqQMS0cre3lo3GdX/urJjN592dodJya/8orxah8nk78ayt1+tPKcDMWzSziPIQaVdghZMnKlzsEnjga1z6RRQOvyU3gpB8iuqfslydnZW1S+xYEVxM+posIRBJ9uuJKgJlo2wcnOYNZachxTcNYpiTgL6KofsAa4RrNE/IdXFjxEP3N5v6lkYnS6MQk6MGc2fZmIwW1/0bxkPopAIiSkbIF+VOroFnZ27Dd1cJdDS0bkMXAjigw0pmbltOhkylovn3GH29kgJk2gyJzp5v2wCo5hsDPbP0bWBlHdlZmWLra8LZyWIqxupS0UPpZYI+LPQFOTg4cgvVTEbjr/kqnIqi4OERKBkqHQZGcEXatQxVGmOjI3MnbU/XV68lMf3APLEUMTDchhtUD7n12RntqGLYuetylVpDWSdLR9e7rx2ib9QapUI0ejdbVmdz8mhe+USpebaM9cdxbL3A6Few9wgkP3s0h+Du9khmKSuTnOWV2KI9jHD8P6GZBiLxIM8IwWHSA89TnBoiesMQ3OZWxyrRqzQv9Wyka4N8l7jnh0zCmus6YSV/DR4mK12P6GY4gbDJYS3y+0t8xLZAfk1mRXFwcLBYLJdiKaaCLbJR4dOVXTCwFKDjbf/AchPABewlXDgFJgJ3vRhiiC7AAReZWIO0lLDHBrs+r6o+rQr2/rzADNvKuPV+gQD5loMMicNdlxs1EP1uLr9d2hbf1gqWsnPr1l6UrFwIPWXlY2UUVwEM9AuE9otURAtWXMJDyn7EdVFplY7n9END6/TZbYhynfHCpAyrA43h8vpnCHUlLFQlobiQ9UEU/ujrSkJZrpZLVQC1IGmuUloW54V97uVyv5jVa2aFd9UKrSFoInRN2jhRLdVm+7PdTWz3CzTYRhogaWOpqZHYOusbQw/0tbv+ZDJrkr22QkKgmXA4CLr1t0/9DhXaaSkBTasYDuUK83pECUXb8OoakKX01Kw1o0BWzwPkLpn6TYajpqIa32/6gcIWdar2naqp3RVM2XoAABAASURBVKOnbTiYqli25KMQQDdg6ghANBiCo/EHNTaXeXOOXj0KeNKOPp06HhJHQ4QQhBZIqzPs4FrBi9DGuxFAqxZIIBgxaGUFthibXBsgG5OWyKDC4S8qD7LEcMn5Iah1TA6oPG/grIa8ElPWBJAV1MoYr1wWvExD6a8LDf1YyApEHhrdNtC47Nc2SjUfNK49F+jcleSck1upzoQaF9uUMIJBD8hcsa1DpGQxqPc8ckwoJ+ubD5sXNcG5gGqUSzLVkYm4tsOilLAiku1v+Noj8lmNQ+y+reat7LKoyThTwkQMoCsE1D8EKJHcrrq+wQZLVu50hdu7tZpflKJ0iHVb2yyTLkk0baNVBQWN41fZ24+wygn9EYl1i98Lp/EIR83EClOIKYJ1NmZaA3d8gn59M1brfRTDtH43GiLYIAbl3JoUzVRtVbAu/fkgPdHoCGZz5yN2o2Yuw3xtOr7FsLm3MJvNqvl9cwWc2ALIWl9Vsmb3ZLpZ9lZk3wjOhO7JGYE6ZE3FFjeHnYH4+eAGoNVmygXC4PReOAWmQGBRbtfS8E7DRVYOAJGbLjsFnW/CfqcS4k65I7qVLgg31VDcgqeosai7PmRLuKxnsMEH94TS5oGXqRpEAbo9kMi9coAw17o84JHAVUArIODTotWZTERCHK2fyqyEECCrvRlzWNIOdQAJwFcaW0ABBjuXaUDK6tziwDrRXZUl9fWqUxngYhqbnFaSoijmc30kL+1kDY/GtrY0L1f23JrnAsD0imxfjcWjrn8enicDVz5oOEihgWAyGdHsG0oePua9TRDIQSo71eVtrK4cs48JCGaUcXkugjUDouSiPYpn75N6UL8gmm6oJmhEjSyRolVKcmxGlM3uEJFiqmwrKgHjC2nI7J9oqJenIxFHLkz3VK5lfDSCdP2lMNCpVUl9EgTd0YEtSuVBqGmxwQ4AGTes/iukxqOfCfoQBKGnielok362tJSo9ogs/rXDEQy9mvOLZrmPClRFJEIyg4zQXxpcQTnhDTgeDaZkz0QJ0mLYqOPmmGfLg7SbLlw/IgPDZSJ4zNHF1DKTUvVHlW2MSqSFRDa5F2haZ7UNFScnoZ9YKRaMzYccUpCYDiZhERsyZ4pr6RDooYmK8mByLQwr0NG+IzTMkt44wIRYL1hHgKQk7EePYGGjxEgvoMz2XF9oY1niKrixjr8oVOOl1Wp0MAkQ2l8rLZN7aaIRAss4tUJmqNAhWSmyAZMVBoSaaEMFQ5FV+QhAb3yOmoOmGQxPdtigUGwW6qUX7hTxAmJhM5m3x0VWLSrPZrOigMViUZbbmNAdyfytUxN54ejC3SW4sKsXsH9w4RQYDdz15bh16NzQbOvviRXjbqU79sF2C4itMSnO4bWwPzDu6Fx0xCEw5Na6zZBrS6+psdkVQs0vsEs6rD3pHfSnbIEI268V7sxzA+YoafT4BbagrKRCbvc4Hniqd4wC6PMcAoDxTClqHyyt1bF11nbXXJ1EmiwQSh8TfBRnaG4YG2ayJplFABFmxPRxCczNSCGCznrs8YgiW62q3f2lzptgMp4FI4cJErPzDgnwGmg1m83rYwtNjjKauWbbBKINBwWhn0cVGcCtsp8VaLkJoXyQ9PmRWHE4DE9g+Jehyg3s5GDlOiDoKKrGYPbcxpWz45u3JCS5Oq6D1hKlJSfUDUirgcrJgZ6EdP62qOLG2xAuOiqPaoIxLPU0d3vbQZ87HShJQKqyEVRUGPo6eHT59tE5qfsgCqMVmXqCjuAFm6GipVM2wsZB5uPFcSPorBjYHLkDKlMBg85LhbhaLsvCdAl11MxoSGxL2wOyqVq3aJEDkHyM5sGlQGk7gzMA0ToDOyJDNi/Quw6ECa/CtEuoiEYVrT1bGUfvBOvfzkZjx0egNeuCRoE5IatHoJ19GCdqPB8u2hOBXPxA/uiJVzDtAzErCTPQgRhRJjy5LPuL3oAuGH0YnigbtywA8gOYwdobqIFUl1t7EZQrj559F6fPTNAYjIJQGxFq4w7rSKJEjMms8O4gQAjVVjGlyUSjOeiy1DB/TzeDGRRAF1OwChlbRXA+R8nGofCzKh8BGBETyVCMrvVi08kOgARF+Z1oMgT3V8w4FrQndbP7xCCMUPLWnAStKzHxCihmsxliWa3ocrnlKPkJz2xDa9B2NFNkBSXww6lSuEXmrfXyFO1OhBq1ZVfYbzFsRZaEj063CjApeu8gMr0XToGhELY0HLNTfwE0hGQi7F2ecz0h9xdgz606SP9ElpVmibO2sroWcIhsb2Bdi0THSUZZ+DugW9fkjLQgUVQWSpVJC8CS4/HWmr7moc9tIJDZAKYbluukvDytLIpLIBFSZNbmqqcaqYzhyAwgQEOHCYwYDowJWZpfUAzzkV8WzD7fFeQS6xMLCWy/7h5HNPXGLne9b/lV6/Awa50CBb3aJO/UDM+1lSQulcfWd7yJVTgBdx0Lh0uQLfoTJa/FAIz3owu7INFtKLkRFClqlVatjgtofyxVdY/DloO53xPXZe2JDJRIQhRDAgHtRh7IYI1tUGtGKp99d0Ir5YxGLJCrkCBUeqFXCnVIqHZHgpZdRwG5tQQElZUhUlH+GitlfYvVHEw2UilZKxsZoSuDtqguIeiglV+o6mRgqVFUhAMBhGBaJcd5fJJDDAr2Hr2zXtOjYhYaT4BLcvwAvOuA3SjV/okoRVHMtI5DWPjFAiTSbxlIdWw7rocMU4I0a9NB1xAHZ0rNi8TE5vPlxDMZen1UGPNQVBDRjkJECLmDasdcqJ9HHQAYFBwLqL0x2Idq4KggTe40o1vhLbtgk4accPRTZM3xsCrdI0JzICzXBiM70BMZmPIAuVEFZ8f3f7rlGO+peO7+lh42eIAY6ElTIDKWpG6hQFwJpxrtDEbNk/6pFN4672o3ma2PKYAMi5eaxW1YZmd7ieIwKT0U9RUKK1wlHIc8Vdbx0VI0mLzC+oS746epP/GFnXPkNoVMDRgzqk1rmbvyrbsyBw+5EqFaPJ3PZqsS7E6B6HgLhcmzE91xcWsKE0JKP7te2JhZJ6F1Cqz62abeSoMueuqzXcpvBexAlmxjg1XgolopEJ8dF06BQRDWKkBEEE0G292ifbDb2k8Lu5E3GbTc9zMRod+vVfeAc8EGunVK5LRnWyK5A4q9aPU3jj+fQe1KwksoxXagjPFqy1XSTlZ9tsJYaR14E1c+LaPBjIhRoJ/GDFUH1JVsmqCXFp3wKJ2HVcDgG359suoWS7h9NH/Mlf40WW58aymb0bEixnfo/vZbUzZMhgigg1V5nJaLFrbgRLUjuUC5WIkDKJaramWg2bVBTkKwbyXAW4EDW4QNuruVQVDWdWgwyq+8cVn9KWazAgqcaV0WMj6CdDjASQh0NQjhYAZ3doDk4GlCxsqjfteW5MNl2jdUWUvNFrzSAxVTadU4yyF/GG0be4lodyMD8O7tM9p3TrDWUHD4aaHIFzUoUFsFHFa6O18RcLVm7xgYgmiR6KjQjEiRi3Y3QwrQGqzUZZapQ49DH4cJEy0Is4Mw7EBB7UmErdcW6uS5Wptp6HYXcPwbWzAcAf6w7EISyNGDje1hJYgowg7k8zH2ga2c2LvqaDwIe8gYjgQO2tmiHDubVyMmKOtzI1BSFSXmJiuZDydp/IGEN5wXHVPlkBPV1q2pTyP0QDYBaA0MEKHiY+sXKFzMHXwYokRAgzIofYGR3rosKvvHtdQHbUB3ibxhS32EkXYSjDfHVEuCQp8GoMbH1Lk0OSJLrO2NB8gKSmHnikocXg05zlp9DMxNJqD1JRaCut225uFoSIJVyKNzKFqS1LEZCYxKcybAiJhUgaCU9rZDso7VulY18SnLla3bWl8urEMSjmtlrKkYJk/WqAnC9DYEh7kGHan8pkBOXkECx4A1f5CmyBYZwTtOy5zKbbZv3o5sF4yzH/YjFTLseIp2UP2tVfnCKZAP3EEGxBBNC7DbjT44E/tFjh1PNwf2Y5+CAefilmQRXW1ds6BxGiWtGqwL0LIKOZ0G9qzoMwLXkgGWS3XDARWmbJq1+AW2sLE7mu1ArB2k5AmqDlgMPjGllgk068GWbt1f8HhBAkGfedVmsP2g/LgkslaPDHyheP/RzkURlzUzLK+2QcJyaVB0DvDJFFp/oIQq7zAcy+dPQr3MU4b1MYEtAxkEQAWBxELHRupXSBXIOCaTXDKUOI6hYFOxOVQR6DiFrVZOliKL34NhVBxCZrhFI5UKZcNlIg8VNYtBFVVAryozkHqE8ZJUJKmMNyAQJE1dNEjRDnrYooRmyqiKBCShTGsmUY3Swvqn2iNwJeozRCsN++NahnNAKWlR1ZLgw0BHLym3hnAaHjjxmsuDIOKILedGnCWPGWhjpOXFD+wjnjSymAxAVMi91SjcjO08oOh2nfq71iLKhiXF+Z5dQDgFWmNo8j67kEOBxkMMaP1NIidtYKMh+MQgTSnlRvtTiPrIk+q/UpTcU5rQ+MsiCIpSi42bqaGZj5Y3l8JIUKXJ9fIK6gtjRKM1xsGHHt1JhzOHpESE4ObauSVnymCe7i5LtnVCDRWW9uxtjBHYHL9QnRS6ejpkdoQu+0FG+crLYMi7DNmCUWd+AVpUcMnm7LniM4ot1VkmWfv2WMMcqUO66hjfrnPm27SyqAzX78BeK6A7LFYtF9ve1EV1OulqrIt65NJdXtG9qb95AaMiM+uCOeff4RxijEj20sgzQpncKGBA6IYgZIgRwIyOjjBJKfK2BPQP6LXfXQYc56mYIUX7kCU7AduV0dtc7BdOgUwIXDzeprXmHV/3jlP//Cz2d/ODfXeYOx8unknQZg579rQ5v0CAGKeCFIlmpFaTgn1TGEQw7vEz6y2DbUDB2Reig8HDiuf+GFI/cwGafoEiVo1uLmBzMHJVOGT6eFG0XvYuKtHV9aA1/5ZKfgTvpoJB5ReKsRli8Rmh+UVIGUkAhHDJmtKMhvO2WRmI5h9PyUVDO3KscKU2lmW5WCyEB4Aq4I5RUXZ8KhAcQEFZCFUAwHw+n82KEYNcN+/jBhyUM0wKF8Y9q8wux8AFZ2yHYvG2MjPR1c2CQmsiuGgVBI91HdsqGbXeDikJ0swNXS8VBP1USJrWYGsC5SloKUGiellKDFzVo0exRnkRlChdbxQe5tyC8eCVqxVWdmZ0pHMbdW8rt6IR2d6H+ZIS359ORCWt0hLkIZaQI6eFHTIbCgzHtrmrVx5R07PlysBgCpMeEWmLRSHzIoImhnE4WqNw6IA2kv4R7VSoWM7u4DuU4nsETQWUKLq/FunEqzUq6ti9iIqRUi5SPAg5q/I1HAwKzilChEqxYhcFQFFg7V9aepGZUjEQnwR6ycOyQGKOMgF8RPWnFCjQ5VmLI62JoLovI40UAKj8ODCEHTHcXIdAUX92UleUsjvTNRjQ857CyxqVrqhlNC9NC30cwmI5RPFZF5g7divXzTBx4mqXwgpzNEnjBe1T3mnB2uZlihnBAAAQAElEQVTTVLHWbx/SNsEODrW3RySjFacrhM6nGD6BdB0QDCfJ7fUUIdGnIhmxDkgrWCszSzx6pyKZJO0A7EESGtho9b2AKNiuoppYm1T2F06BHMi03r9R2M017GCtqw64bJYENvy5VCbY1Z2H3KD4aOwp1D4HK4E4VZWV+SorBuvIVJTErKcQ0e2mJVRd9MzJBJNU2LUWnCnb57Mowza016wqgVOOz3EObVsJDMBY1ds1OcYWhEnV+dq0VyYrERZOatX053xcVR52JwwfI1pihBSFhBxHAKqY3KYeYmnQ0Bxi2JI9imXReMzUqj8C9F6S605CUNtDBo6E6OeKTSlxtoeovZOha2j31rr2a89MzYfKVEY9dbLeuipVdNvuhiZaXfxXHpHYA2Qdrqh4i3Uv9Q01Rq2eVdtus9ms3W9Sz7ixLamqyYIxLMyeOUsdKQTg0PZX2doQfDZdeu6NrFrhpCx0+7SBvR4o9zCTFaU/TsdW1cHW4HWtlAJVo8BKa1gcqrdi3WUmuhqIZETvtOhs8sqbG6FTzB6lsEH3kNKSFzqeuz3WZ/8ILKr97ba80C5PBghy2TQB6OabBVBhzm70QChiTeWAGah75qTuBuB4gMGkVzhl4ozW91gB4XQo1MM7vTo4KyRaXwQvRtchQ05LHQs64vzpEaOhxp6UVhBt/CxsvcDMVy9pMIm9ilqJ5XnDOMDkq0GKRB+Wn08MPopww8vGb47UXg0jRhTjcIgY1tm7F6k/IYYIYV5keoLHQYkR2uGbJaNVH+DIoRC0UbhdShqw22mAPUMOlZ9ND923qQguW8VilpJrkRnFE8mjASGdI4aCRaMgcNPPHJ3GM2Npaw2wdGdcVtNAXKW3sTCgPSMCMDDxaYDugDzp5HDJYUaSkbORunjhuKCUu4x9PU5CdBgoo+yglcY4Ye6lAyaTjIDabyx9SExmSY7p0Zrs7SBPf8rAjIGLWWrmzsAenxHYwz6lpYUdT9E6u6Rk2P68vnAK9ELYzlUo+gXYIdIHYrVciS28zjIagBO//9VOmujuJ5SrVVmumpoLCX1HS7iF9QFV3841aDjkoWsrl/Rs4ilHLwCrARHJZKg9IAY6eOUAm1Sq3qLDQ2lDVRRlf6goHUDY2iha0BUU9O1eWAETMg0VB1gumwEVup0Yb/FymAXGxXHMgV8DUAnPxTwY8glxN4AqdrlaQXd3lyP9QQpx2r68fOPh7HPmEWxr40dzNx5U/JgcmTo+L5ecrIPoSAkJfQhasmr8amdhNp9VIIXVMD84qAKh2akdPmvu/xfy4UAolMKUHVzHqPgjrjnLxMCPshm2rE06uvX6CfVT/gI4OHotR5RCK3EHLUrCHbo9tNdJj1z0EOq04ENQcb0txYXQ7dK4KrTDNVPCiakm3mzxkgeZ8fhul2mRw4fmpn+bu4tLhEmZTwmdQ+BoqPNy97xnZb4W8razQuPZQ8Jnngi8WYiwW91h4wYpDt5nKVA7ShBloWhwEFQUiaYTJEMoG4yKsmFrY41mZUtgikfgpiFQHyY6SH/a5T9QRxkw/Mo/Cj2o3EgRov2SfLUSXF1RqBMV2piyak2EMZFDgEbJBsgO9CJl0dKVceohuAxxGBDKg/jJTDCWnaaeu1UTN8RqQVlFY1W2hPTHkCIzjIOmdVCsHYO8jQcZ0WkS0RVUGcj6Wz4Bq3I14ecehlwtOHsKPRHt/Bcn2iGaPB/50M86xqHVWpVbpzB1XAnTphWVn02CMa7eotpngaj22hXpOmCb5qBbLy8j7E4N5gPu5JqPC2LGnrsD26X3xNpglvp54RRoA27O7o6F2C1bFqltO+kCHLbyYb/6JB2ada8966UoALHvJdlNa0XjiIHT9x4t6HuU01YlFN0nrGsuS/T4BbYARJgMoXmTfEsyo4OnlJ8eFMXqCzqXS+vdmlYNNze8HlUK1qHaO1gul4hlUg1Wll6DHNhTylui1VQHP5XNAJshoMlyYINFvQBQylLn7QrielR5BUvvY14JEAwRfGXQeAQ7aXjpEkHYkkJ3lAnyeGy6RcuQqIs1F9GX6UjvT5plKDBayYYhWCI0vbzOc4JcoatvMkWUsGruVciqgLK+1qzeSB3rPblBg10totLevzAW8vtNXzAl1O6JxczSz5qhmrlAJUyYb64ItMlUswMRbETqQYzOSkyOCEEzoHSVBYIDUIg+cJbTcEyijR1t7D14fE2Q9gC0IRDcLAi+hi8zQm9bc2F0LoPdpBVJJ0h3EkwkZ5kpFcTbCmUyPrIV38fCIoUacAwTpuznrO/j3Bqla40wsCi9M9PM+Z+bOdlTMaha9/eR2t1noCOOJ0/+IV6Eq204Ykhl5IukTQ4+/TsyVLgjjtYLGaNHVN6cqI53JsTWIh4dhrwXRdEu9zDT7RqDRCYL3CZu6Bsc8w3n4kp9InZ0sxOivYW67M7DQ6mGSvNMqr0oM0IQvqpV0ncTU/1WXEIiigcZgTrr6T2BNOGhMXwMF7bToKA1GzBARAj47BuFxZaHoQQSqb1HUASEsA7PWTZBEBP0USBjdp23tWTKmjQu3MF/dphCWkj/xqvGoVpGpSpnVoQO53LLEgz7sRYV7DHxkzTFiCSlI0MmdGnsZmciGlK65Rxi/FOGpDILg8ixF8Umjm6iccUWQTPeGg+sjhzm7ACsp/msEwKU2MaC3KfKtTVw4RSYA3Zg4RjOXwMK3erYTdjDTQsa+lOL9h3y+MzhwIuDJ5jYGaAWmOwtFycX0lECiTuX3YTJO1snPyLKWiXDyA1LXJbL5toKZ0qRdFjJqFIccFtKC2W1e7Asob2jQyB9TyIlgIR+XyPOwy8605Dw1fN4jg255K/KaGe9zmI2FVVdQJFrHsMNMopQd9OI0uTX27AarsPoE8jhw+xPItCEw3yQAB5c4EuEYMOl8yFXdrutStV3y87H9KrSpagMBVtbYRZutcazrI/cXqmUsFzWP/VmduMh7S0jNcxbCcGhnJk2aPa05/Oi1UcjQIOLHIzSo3rCkfbWP4DK3XjsFBIZJ1sQGxu6GQY+BBnNEoUWWrl6k3koVM9ItMu1JstQDLVfAwFM8hHBaGk6AqEA+BD80DkCKp2HWYltrCI2A9HHk+Atwj+liOjdIqjQku446T0xeoUKW2UKEyTWBL0NxHb0upb7JbeEuWTy6UgvVb/rgR4poTFOFCZDL3f0haIHVzsIkAhF5QGlWLJPHdGkP2aVRIdijrFNXJ3BqCg7hj4YGN+b7xmK6m/9dUXoMYEsdDVzQNfL8doHdZ9wghZqUNqMXtlcfhFuZbQBWf0titBGm/Kjr1WzxSeVfjJJjPTGhSCXFceIWJ/oMJNGYrAN5zAIy5QfGWHtOiFlKeIKgyEqGYOrRsjY1nWzdsbS4IwG0sQFtzzMmkCSvx6QQx6ygmyk4IhLVWNT4Ki+ILZK0ykBJzGf/IHU2gCTu/Kk6UcG4ElBXEvm42ZLt183zz4T2TIYRtnW2dkeAGu+sVMQkArsVnjPSX9zruHCKdCEgEXd+MXmNQP0o8itbtQ7k53bBOfIK/B8QPIFwingWGPfeUCWX2AL4Iq0oOj8M92SjFwmPv2CGXKlylsGTsdAq4a4mQqH6lNIeUm3mce3mX5lR8tDPnUYgYvWXnmakyAXYnSsCC0su5600Lh0ocnIgyVQcVgxoMTVYtEfeqJMef2KtUvShEpWx/bYVLOOixPargkfGp/AvpLK7DfQXsMqHn1QQJjaqHm0NXUBCQQI4ENEmjgQyGRkZLmVg1hC9u6jg7GnUf/2Z8sAVcWpOo8Uf+ApoEfqDbjaT18sV9XGupWHA7SFSSA3O2wvGh4yeWg1ajafu8/qYRwiJC9XAUHnU2haQNOwByyqgcwi0oZZtBKyYt6W5UNw6QaWNkCjwdjTosW+eyGUCDnR4HeOtCkzZY3rFt7Hm8zXKt2AtQqLgNaLpHnq/+XhK3KD3vnk4hdDhaLbmeTkWHYfHSY/1JB5hh+dIWi8o0U39QHHNinohunWYYhxdbpRUVFq1ADarx2DcJtT3vulgdolsGh+G0OPnf23Qtkdz8wBvRC1xKFwvfZBaOqu/nqYNM58ggFoD0eiElg3WiPKHZUfJSaqFtn5ccjYUdB+CbOm7XURt7WdwYQjP97s0DCBMV8uGYtcVJpcpCmI3vJic8fgiBAItGZ56nnG1sKdICZwDcOo1z2yTJE4MJHZiS7tyc3gOqWj23phtlJGZhiXNof8vAQGsWGdIzMza5F3I+scJ7fGYaWKDKg0U5qoyBGYhU0ik4zjwK2DdmJn6W52KSE+QM97ErONwD6Vjg22K40Ta5PNpl44BQ4Q6wu4tvH3nsNFPkbCLpyfl64hwE4kNB3ozfI4QJlpGPaUw/bNFSM7VQxE5PoFpkNYOfIYZvYLBJ9DIIeJ2CzUKrDUaBMLaO6zxPgF6rTBi3opWeenLRHL1arevoKiX+yOk4ies550rpmrBPolKlBtv5Vi2Z0KiYmKIU+mINVkcFaRrTKCLUnnE1gqHCSR4HV269lw0ATP700w9XdaI/Tv8bY86gvQhuIj9j2lZ2YywQwaApw+hp68QkrQRFYVes+lXo5Z6dDnCmlBAB6HBqGyKavlysIEdH4UkhMcpQGaHtINdO7LfpUCao8LEnZA3fKo9H2VsfZEKPl22jwXrUteYAmXNQAqCpQvItoXqH0g2iSz66RUgnRdIJuACejm78wP4HFoXtAmHZx0Klp7gBt0zLxtYKR2SyQhxDqgUplC6GxNCLyEgjUQd+0CBHd54RDaZW8W2pt+hsoVw0FMD6j9MlBTMHxU2F9gKlU1dODHAprPtBh0UZJsmXuN8WeywDiA6VlBP6vSv6YwaVsCIaxTaLQQWfmh5/u0qHS6BixA4oANv/EI7GYX3cc3PtPhio9Ijr+R6UNKmQJ9bFNBHiN2Vt7jKBElQsiU1BOXVUy6MSh87MygPq+7GyqkZjhyokJkxNvbVHPvOlWUQZ4HLIY7hkccrdKuMYV7YBufJnP9ZspChGSHmgOQFZQ/P5ARjZMNQZEUlpOnCLaj7USz/o/o74NrTDxkG/0xGeXyCoy31WuDOqmZXCCzjtkzZwJ2t7AykUMYZwGO7eEzwuy5p/7m4JWHTwC3tTaraLAN1DBvKWwLEDYj3hhtS8aE+Ds1c9R2I8y5sr12gHXkJ7Rf7gWd5m/AxGrmZH/hFBgMYH3ZXoBtN9L587Hbx9+nvskG214JM+kn7zLuNUzQWqOGMeMCpMgOmzsOkZ0VmmrgR2nDpvRdDSlHWTlwRGdaWYDwAtU1nLLCMQFVNVw+bGR6U5Iw0urec35meeQSYVIMkLtDYRJ9VOSaDQgPVagUHVetiNqWXjsX0j1AY5OPSkUnGUyy+hXN1Namydn/RGnJCGoN7rYbnZPa1WpVe4e22LZ5obINRO8Nm9jC4fxHZiuE8xkfgYj1WBm6DkkHm6K6DQG+RXlzDOetprEIOKqDVg6oVwJF0AAAEABJREFUhlqYo+KcZtLWLwiL5bJ3d7NUEgPK+o7mhdOx1ogzs88vbbA52oF23tbpGW/Y4iql5/UJiIWCWAXO5u3qknZFsynVtuYINA6aCKPo4KsZGWEtZyMWrSbQrYKWLL2aYQCrFi9oJBbXg/PBqgyDV0frUxGNB5rP9LA2QemAXvOBETH5IYusMCZo/A4egZgt7chGYEpEGhmJJ+md7CV10VS/Zvq+tf/jsIVQ94dFNfIoFH5Dt4Cy3euULwosiA6x61iRkkwBlo2XPm377dXeUbggYYA6YzBriy5Nm2L0v623fHN9MGvPoUIT2QDZgXGsMklHKV+Ryccr1SI9NB0+++kgC40i0t6aownvG0QGUjDXfBQkE3SWY4oQH21iSWRwkhjng5ZTkxkiMCmaB0HdWbTMYRUti84dT+KJgRzIOx6jM0kZUyxzdowscrBXfwOgKOrjdpvr5SdJuQvWLnCUCxktBvHGpcohmUUQ2du2xOpjhhTkK/ih0gJk5Jq5aubtUuv7d4KWHbh8RTrkzbbExaftBM1syJ8ZmtG7DetpRBEAnG0xIGIhBFm0O2Cz2az1CCyKkmQFIm6p2Bk9hYUIh8YnsKgW6ssycvY9cXvAvDl14RQogjKUu5lyAQEwVW7u0PK8CcxMgYvKuF/QH4iYvfIG9Bz6AjbKL8l6INZOFlj2B8vh2qtwVHqQT9FNO6ulfn37OwNEZZdeoskMKUia5Skarr9KkKB+iylr1Gx6OdtoShKM9R7phXG4zgRZh51zXHPHFeaQoOtJZiTocaGHKLpaukWivPTJGe6hzoCr0ihQxwCbe2Y4c1uMQM5cEfyTPXp3dIwGxnaygyELTUTX+Y4LEtyGilZ7BK6gKNqzQQWjJ5CXt82Ncw0TLMQ6GpBxjHSjRZbBEIUAX1mDS0czOVR6nRYKyVpEsWKAzTgDnwDUGLVyKs2r3tZvbgMsekwj8YQ+uFo1tYTRGP0Iika6Y5kqVjB4gxO1qz68T0e7JgPA+nbAHk/2Pe6NDfXUlFFCcK5Qcon89mRtcziU2/bWmTQr2qMvSigcmJsA2Y+HBYG5Ggut/bF2+LiurFtTcuOhXb8fj5hai8JRPZeFMprViK47lwGBo9SZwcvNZmJHUDzdzHGKl97GaQxGI0g03Y9nyTpqd6of7KAVbbCviIoN7G9aVgcGXeYbY/9eThygdevDM/1G+gUdqGgncwky8rTqOqGEeomgWQ7BEIe/0DaL5KMjyImSbjFoDtYvbtB2a3eYJnIJEhOiEBYJgN4o9CKqJBiXDRZmIiaVwf6U7hrpobAG1+PDdM9RLq1UTpECQko6kB8GONFEDeWyKe0XFckAMO/qq7t/sCInY4WkAYmJfRoo1jIf33wuhu0BA+12AtLG3a9MKGTKCPfc1UmIEG94wq1vAkESg24/LEs7bitH4jQwZwuQf5pH5TByGj2QeypgUrSDLNfOWEpVtjHKCOxETtud5gLN5EiztmaA3i0pBEP4DF56CvffESJ+s7IinM2K9iEsrdtZwtIKhy0eZDya2l0KEdkeVzyTZXFgPdtpuHAKDABlr+QCth1gVzpaF1xUNgnORWb0DgkT1F1MzULMUAZYlsvFoh1r9LO9Ia1rLuHw9DAohvWT1WrZY+ctz7TsQnLHNIHhSNkvzAwBcdBMGRXGGwNUdvu1LUKPbilJsNIicvwCaVq2UAstEFnhp/KLcznpUOn3UDE5hVBNVwkpxXwXg+TRhpklbZuG2PNxeJecpPcqWcsIhdbch8VJoNbyehwbK+kN7LaXz0dxRqP2AHjKkP5V6J7od7YdUkQoSDYRSuZ3wayURqbRUrvR6m3gr3IpdTKKuW6WE1sEiwOZb1jiYrHU+ql226aqOcvV0v7NZYjhQyaeGZ/FXIDw2MRWhIIzK2az+cyJ3y47zuuMKqAgPYAk4GwgIJuOH9+1RkanABxm2cE1ynUG5YTphg15ADdSND3wcidzHnbjORBmD2OgjRGzoqj+YbUZEPytOGp8gTILDlJZUzVymGjWrXC1Eqty2b17mTJDhr5aGvPgePE0UIo0k7f60B5R1rCqw8uBBXYKgsQax1isP6UTunvjqCB/IxERif3C5NruZxAjImwvLSERcSYQA/EDWHC4dXUGufgmErKwuBBKiFFRHLZSm2Lhu+NRRCrkmRvGR3rRjHEOZO7kXQMvfoV08k62SbZW3f2fPtJL15DPJzVTZVZZvl7teOVqZcG4wXnRrLhAJm9IqYvOCemNx8Z3LZBJzDSGKYQ0onIlQiCD+pCqYlbiqhlSxjSYcbkmQ6lhtvmIzfhvlUfgdFIwfrSRU42sPCiuKAQyat6a7FYGwMDwALC4nRnrr3IIaBigowN16jzFVp5ou9p4xXA+m2N9x8tSbBJYJzNSrYxRVNrKbbvh2VyalPWserYGJuD6mkzzpT+U5e400jQ4t06BwV07w1xcQChMlpv7UUz8VOx9tRwX0/ceIPMh4goEz2pkTQLcD5wsmzMFqv8Kgx2uvSqHS2TnQDvxGY6Uy5BzhCqxfoG0Egn5P7jJYTIrIabIrFhAxQ+kh+7Eo1AOKdKHINI6ZLaP2DEd2EP3T4lXFTCpQmTRhGgTMsRwPz5iVSlzkQZIvyHgSAlVDIgwGfTrUC2zaMFWBqkXSKmrlCLknoXN1YrD0CM927LdyBG8FZvZxi0+kgxSpGQRPXKLwChEtOmMlN+buYbCS64VvLN+6bdz0UALluHhR7DRENCOAB4OY6YYhhgVZxNha8ZmkON0EzWfwURQ+dgRgOBA10Vr5vQIIHxFi2ic0tFcP1HWbalaXxmWWJx2gCoKZ73hWlxw6i9VAhdD9BU12XdjuSo9iahPE2xOma7vlSwlnbMCpm+aMlfmgqXw2Grc2/VP1UxeAAHjUYFNhq0vm5ROFDPXaO/4xgjqmycjA+pmWzYmzX2DDGE2UBMfcKch9n9oCtQ05HK0vOlB9F4WKqphJ1uKbbqgegu3kLoAHEm6X1TUHh0N62phz2NrIsGFicqPYFoGDI5wxCMV1RxLDtj2pshlxYLYG1QxEJ/NZYhCL4qVWVyxxX/OxA8N5SJItfLmNINWHmPzqcynMKkpyOjF7y1MYtaY7+hCCOGaohjNgZwJRNsvEztd43CzEw/NOlWhu4UnAJtLTM+Ql6AlQs8Ezc+B+MkCOA1bIURwaccZvSRAZhiDD0SOn4cxZThVCsQyAPmCmjg52SY4Ga2ga1SALG8fv4x4iM3pAAlou/okVGpaYjPbIIK/sxfKLl5dPbOtrYGBKuN4z7pQtW6/780xSrANuLV0jCfS1xNNUBQy1/XaSJVFN+PUFms5XVMjEcqixKBDiKeuZgHAUwX1t8YXsF6/zX7zHUsDe1gcUhDUKzZlEZfwlib30u20cHFSIAuI/ZQdgx1WPRJgq2zxZADnpmzPQ0rBOWDLA1vST/UHxxijuE34BXYqiQhw6uvwocqUzjQ2mM0vUPEYS2NlMBmFiM0AVUPy3WObhxbNY8jSKnbHQaYFHi5urqQmAOjuitYdDjafRLS5UWZULa9xsaN66iq1ew9WZiw0PnRNi+vGluS8mCuNSXyQ8p5jKByiBpIujbSe0ko25TQWYHnSETokEkB0B2tmBAy9Mn1y4OShCUBhmG0BLZJoBAt/RwEAB8G3v+RRBuwIq9WyXIF7QQGaGyXrlajVSvo+NagSTPQJFfjj1l5XEUT3Rb7/wK1NzSzEBvLFBij95WJnEys/OHmnbxdx4pDJElb1bVcryxGn6Hn3MLejqEVlrNQbDI2iRZdcmq++u24+myWpPjQNEcYzu4ZkoKGqoKqjtxUTYKQltBOOK7MgIWY1wU7PbO4rtCBeVGbpaI8KNT5o0PgYOJoATzbPSHHouVERctqqE2PcUMRXBQwIzQuMUscJvNzTWr1GlK4cq0L3TSZa99QGEECdUhkpdgCzCurBs39AaFHHfGRS5IEkhijSzgmcats/WwOwsbbdMb9BmFIbjKzaKQ0iDqYvk92Q4GsBtbsTgo4eJWNiyNCL5bAyk3dNU0KieH2juPFwA+lVepbDQcPV6Yj7PexQleJisWgmxZM5ixE1RWpIay/EKj+q9DbLvOs5My8jpI4rLmDLAKdYV5x3a+T1OnTrkQ/dBljTPVWDyz6m8+FojwNCGB8Edtum3W/3/Tl01gbaMWpzsE57Kyb0MoUY1+hbPGHzbVbzIQpg1CrO60HsMGyR8utUBc6BKQPp34Xd3n2AbdsDHkGrXsqefqRJ3Ysa686E7uBHNLtwR+JDsjNtZEAXalxxkk4hOWozoeRGAHUVghVDJl4MrbZMZCwvRHkKjJW7vz+Vgds+9fPPCFlejBFPmTOCjwHJyYPdeqQpJ8cJS+ul2zczE3wqse0vCj9zexZLmG1XBNGjC3sOmMyC6+YkMyIbDF6B5OKH8SVioGLWuuRhhZREqnIir2mgzbD1XVg7qWuPzyStvQw+BKQQCPWs/l79i+SBYGalPpzy1TykEMBBLsyUDgtZRC5BeJ9hSZ28rkciKCKoJWmUEcDHYUTx5SGr+qOqFU2D4EGQEHknbMf1SHqoWaxyNIKrC0NfqiuE+ophRGlFNNTURVhr4RDVL9TYaaj65aOK00XDGO2dd6cBVaqdh6guGbvrSnE4L9BHkRa/UUDyUbC0lswutq6nnPMBUCX1YttRnbKQwckf4ECwmT5/E4MeDZUmKRuISepMcAGbqCF6oTOYxwk1D47AfHHVEIyI4URz8NHyG8MNlZOr/VRojwoRG0DrpEJPfApwSx99GrGFRKuOMTjB1QZamxPZMco/ItYq0ETpRc7UxtIQsvRHAcDUMVtLoBmGs89PkT2Jfkg40ya7bwdSP3klBA8oAhrDZBDPumj23hH5h1UFZ5BOu3ZSiXj41iukX8d+mSVPCaZx0TsCaoWrvqGynvKX9Vlca7FbMTw2YMsowZnUAIKTftVHjwnEApd5U61OO1w82hZpG1e9rlYrkQp69cZ+o7F/HUZEzex1GEKPipBrIBC0MNKeoK+oFAUbq1gEeDt0aCwSL5u2KGHblMdTwbnKbnYlDIT5YO+aM5ta77/O+U90hxS0Q5D2tJTGda+9JLD19xOA3Y3T0NyE0NK128et4Rz+tm6GmkVCeUMCtZ0tYc0M65sLBsGA56KF9JBQc6Y5cGAKnkhIAakDzMR0CwGU/d59rtiw9ykcYPJ0oiQplYUQ8qV6PGg7GnAsmk7S4TlhErntTEG6NWdS65eLeQTDbiSBGVjZoC8g3ETtkKAb1MQrkZKAeFq003o5NgO6iJ30OG25VKSNZDhTBQBQE2WrXBo2XV91QKGNvH2Q7NyBFL8ATPQgG+sxVoYiuix6ryOl37PIQHMNyacYEPEg2FmH6hPtkAceJoJMnRHbzeN8gxRvtc/WLrxqQJIaXISuW5CQTZMLwcztUrmHCHqbgLmArtVfFBZGpm0AmhX2f4eNW6GOuGxNHKQUUecAABAASURBVBQlCflDG0RSMzUtjqm/qgbw0CTGMoJVjF4XKLRuWKxqwNoAGlIcgswCXy3FKCovMOYVnZNl4G6mFz2PYZIEZucaluAALnkYp0IGLVJYoLGZ1x7q5qPi8w/ARl5YyxP9rGTrS+Oj8aBw7u+ebl9U5Ha2C9if2kWwUp67Xf1eJ/+teEg+8gCj4hz5n1DHUP6zHY0uUI3cSqP5DlptZVDxorLgK4S+SUpWoDMlY1ZYqZKsViqml1MSKySeNg/s7SqEEBpmpxIOXG1FNrDV0nzWPgYnCDZb4XAS8dPeNTjwBqWf8OMHss9PlJQrRQVQrMrVum5yXD/guLCG/XjSwGByyKFMLrAvPQDM5/PKZpeLco2Dlsw8dg9A/1G+s+2X8/qfNnBccuM8VqukRaEM71f1/Q+rCdouaQ/6WUq08UN/R1kA4DB9223g6r9r6TwPzftcmbAJEzsXwyX2zf/DOk7/FQKO8W0Y9ie0dw783eezQ1z7MHzGMLyBjCx6dEWk6Fl3goVAbb2p/3/EcIEaj/1iPjJd8XOvCm8W4lID1fBzNgf+Hm4cirS+Rq1ycAoaZU6thz6251b2DqcDNuq09IvgTDQmgP2qd9mgH6Y5dxB3H9Ze+vmmT9IknQEglea+gFYroZ9nKCaHleFk/WZkVnJp6kngMgQQvis2c9U07JaBFPFizUAnNUCrsNYSQ0srEysXRDCR0ieLwMN54vRUFwpNAB+VDQAofIPEWgFC6ysDnxy6gODnWL9uTuMTodqQO+9pS3R5YVByJjQDwHal6wMCswdphzEziMXXnhlIxXrahR0Jh1okKJ6oUoJPhKCPD1SovUzMJqmdJmoab19K0Y6g21XhVg/R4NAgGA2XVXtsjio+/21vW1FNIlW8XkqCIqaJ+mjaKZ7LQDKlolIIIUkOANQ6BbAgaQ987sOv95sFDIkImApDFJWdmXf6L5cYOlkFQKLea+UaBsMBgcO/bQNkBcWyiqJF6bMuNypfIvIRch7gxF6PcyGgm7zx7bOu0EbllpMNDzdfVc/ACTvjhkHdKneYIbzo8WlAl7wwrkg8ETyBnuzE2QkMJ/FxdCkvJjGx2P1FI8yjEItvfHysyEi+49pC7SpTvTfH8sSITO9zJqhXEQjVhk2311byG2O+zsUfmbEGoTV4ugbgxZmghQQBcqeO2m9WDdYNKHJN1RKU55Gm5k5nuzgugZGtYPIsiGDR93feEU2uypfGJ6Q3wQ3m+Do7iGZJaj6bVT11WQGW8l3JsgfeSGAuiJEXlGB99l7puM7Vo/44oB0vZugWHtQmRC6rEZqP6N2hntIovx6hbLc7Lyo/HqzxfbsTxQCm/shC3qLM2PVyaSCwNl5ANMyxN33dKGPw9BNDgObjh7IjoJBQeoe/3pGw5yukMNH/yB6FXV+Oo4NgQ9l8IWA6BY7gnYQNAY3ZxnHoaKtB2bcAtgSi1+arLq3qw/0HbTBC0YHQjXOHLRlpvtIXnUFEDwDH3cfuNuzeh33MAlBuOmJujWWC9tMBBp4tghpsYs8YESOr8A6Y1LK1FLATyqZAyglkcYDplk8xtTx+jH3rEVesD1BkXF8YTtU17V0N6W4jsVgBIlttU6yWzI6LyuADSsCaGw30/xzmCJl5Eq16CK2Oi5p7ghdSfcDYB1tpZBHNhKSKbTvcC91RJ8tYLdkNB4V6TBTTG4ZARiGGL4LANvKIrBNBGnLSjhqqAxkirFB3Ya5VLsmQMvj9yhYNLm4WNH+eyGhWlRBiLJXOFXWbLEdwM9veZtCtBoNDF23diR9PnfNPDGB8lMK1+Qof0EsX0tQsK3QdC+b1571e8iOFYFkoFaMpJhki0WpHaqBIbIJs25+gcHCYBAmN6hedyoChjBtQl2gwhE6LdglFcMDs7LxbwhAS420RCqpGFddJNAwYcrvK3Pu5ufQKUSRe6e0GHHPLml2MOhdj49bJ1ZU8Lr38An31QjaVM56rGzKRR1uKHDzpScfvv8emY8cj/ZR+X5VQd7DYI6NBKFQPS0TlGezaoT0DQddAfWcDko/kewxPIhz1bwY9VOFy0gBtb6n5Y6thJiKqRR8qIQmDwrZTrXFndNiV0Ws7O19tjEUkMZ8oMZd0cmiOq6keSiqWIvYqEKhh3o4rHqC9XXRVrgZW/D5peliPrKHrMUOdJEzOCfHpBByWXluJ0U2cr8JEjC2hQBveaetb5Lgih9wclTk7bTokFGLmDM4LnOFo1y9NXalA2iQPIBIprmzjd7izCorZQixEd4Nuvw04oMi38Mp7hGBdSahPWCzLlLpjklnMSUAWDLqTg7QtBHPYiD5cBuauQFAKfJ9y7X52bBHknsTtOOCES5MN77nYf+DmIMQQ7TlUfe1ysfBvkHnA0pXzQ9lx7U/jCwjKjffbYVmK2Ww+mwmHYKO3NdRSzmYRtbdcWR/oCDN1yGJ+RIqCXnJ0uxJuhcHFuh4uz4X1h40Yn9w9jWPF3he6BdBZEZEO2Bkj+zwwwuFJAaerSqYktD9p27sG03RWajJZVS4nSD6B9gxnaZVSXiG0ujIRck2/hzBfFYKK5Y1k6hBF5ecUmic+jmTLh9gM5DQcpPC5bo2qW1uJ1eKNy4EFqclxxhME6dwTWVjGXEMO3lEo7RWncODKRY91N17sOe+t1dpipG3d0EgSOPRR65I8/LTMtUg/O4+nWv0WfvKfpSOV3Fy9Pa0bwVtxqcbkRkDvdxReQCOZNIKTg9Bx2M0I26Jqiqu0t6OQ40F9AqMaGobwAR6awZCDgwxMs0em3iV88KIQ/Pn4GqHc7CPIR2pgYaKTYZQik0C+LjIYUP03BG4DZFcjgCE63uqA4XaTEDYuDD6roGxBThS6mCelEVs73+cVMsnY/EmEiDSsC5x5hfYjyEN58utdCCCvOvH5BdPg4PGBlugICKVy9GJIPq4BUDpAwYwUXC7MsFxgL8kgDmQEelG9hZVuohIzL8r2mtM7R4V18AkG5MVkrFAsVshIf4eYRWhk+jK3s/qCLCiq/SDHEb3ssUcgICVkjYCx3dtaIKsY5hw9kvWaiDgskDNnQ+IpDRL46HY4oGNGMZ6QxBZDQO9ap7wqC0cDhvyjPRm/tSfAchnrFzhOnKoN+aIazpXYWimg/eyUJKjpBWotr+YmKLGbgqIo5vN5lWmr1XLDqvAAlR8W7h5BWIo8dmn/skcknP9w/mBXy78fV+y9U2CgR+BFvVehPpgXVyISNpabIMR41fU2NVJtsDMEjislRiToMzmQeqTuwM7mLCNoF2LdwsG8vmyy7IHmq0VVmAzWRTZ68Q9LaKe90qewTt33sXOeEDBLgzUzHYZQeWLSnpkJzEN18ugWCIbSMdCc+gIOfqlJW1/WKFMzkQwZFUerM9Y0WdN4m69ivgDz5GFKnoTTyuspviF/k+T6tNb2Nmy6mYfJppwTJqzK480A448rGUMXW3+FKITTuVfoVMJ+7Jcht+3V+SnXV55Y+Gjggx15fIEq9fVx0dCclces6XIu+dOlMQU/JlLIYEG2RAt50GWg0Uaae28vwXCMplZfwO/MJ1jFbR6sxehuyFK1r2o2y5dVkwBvhbBbJDTQwEHgtWzUh5vBlgQHhzkaVFc1i55DUnwLwiB4rooKGmV/QNiY0TCYNYK/jEBc3WLgqAF+74belLYHfjsz2mVp5TVrLxpalLKniE64fQ0QBdeDjV1O6GyANlxDFo3vPU4ezOaZApHUulx7f4qi++edD4aowuzsIiE5VxMED78oROw2Tz5A4ikv63C+6OGEbEIrBkMpb+9KhSKLhBr70Nho5aKJGtpfe2dF16GjxMFkKDlvyHfCWKuEJc32KAvYOgVPaABbDm433GjGUQ4/DvubT0A6XkBtZUjhcRnmaRB0mwQdwKKaFikzYH81DBnppLQFpySDSZsihE9pO83IW/vCamY8h1yU7nIeB0T2Ms8OCX1idsjlvu9CW2+Bc6BoN1ws3bIWlgF0QZMWdOjQ3qdMlLLrI3IyROvyw/Tjlhx0HC79iBu7fy6iLHrkYAJ9VbQeawdkx13UTbeo0lkUhXQnY5BKQAWBG29AAHPhE1jrxeGgXD1pufFX7royzN7WD/VGdVOUU5/JmgW4s1tH5LYn0QFRFQwsdFuXDxkV2uEyXhvsah7huF6+306B5KYLBKBfwM7C6IuzTbBarbp9sazQDjSHO7lFHtuUyqMaFh3M55bpGhoLs7Lm4/BE9ohsVwnrwx/7K6FBw5A47u5Nw5urtjitcNT8AkUItEW5a66BIHsF9vys6xfx26e2GHn/PAfgyFhnCdDdfB3gPTTQilSwsJqmRtdGfLEQ/cSZOnWD48Fjd1VicshIOy400bRNx7WQ+JtJFoFyKUJWeSVWG6cMI3JVxnXZ6HC7o4p9DZ9iqZLZTaNZ32rdt5Fk6qLdlk/MmKlFq6sRdq09cFSh4dqqBDIW4FisjKX6iFP0hNC9CzWjisvlsnXqV3mSEy6vLNFZUBgIPHzAg9AzAppcQbNLoboSVFE9OesbOmTpnFCknqyXq4/08Kmil6tVNXz3CVMzmi0IeGhSLAnAQ9Pw0cld7t2YDO3MCEwKgUi9E18lVUlCDJ5KGUstdEPraEUopwu5DDcMG1Rm2GRjn6ezJojXZIKdClRfhomPu6VHSER2FPK4cBiicOGjFx9RWDk061D1J6pab0lzE15t3bqGw9ZU+M5c8StAEOsIPEczYjFEbwCLRUdV76vOZvXka5x/+cYFgRFOAvSjrAmkhkQ01oBmhcywPMCzSZlEoVWatzB5yqVzsMB8VpTDp4epIgabglOWNaeh5y3ygLbdnFObblTjTE1mmnARxoc0ei+cTRSr78glzIvA7qRY/DZL5OeaoadN1kHkAMc4cgyZPnEpEhSHOhj2QOo/RRetXomrPYvGnffgYC66T+7rVrxcLqrVEhGgJ5o/QxttDozp1RVxkHJ9sMRl6KL8iLECLiABIrq9tq5t/OvCKJh8hrVRyDjew0yrxNnhXDX4dZTCXjoFute+0cQzXi4gBbYhK8N3b9cCju8/QPkJAhiYb1eSu9ubdZVQ++3ftHD9TJ36t3UDNHEUeiEUnBQoikJAYYlE8pEOMn01aRWh32tvjn7czFQvc/tVZiNKgs6rzdVKdWI/zP43wcCQjFU/lvqk9Laab9juIuHMIUMe/4fmfNbKMlg3zXntyKVbSkuMonVmVPt5X9Gc8El+hi3ZM6szAkM2hJQXcpBshEgRGjaqXV7H5tTb4QpUpjirepa5NSrYwWfsCYZiWtq8rmhdgfJOSaTlAXm8GTgoVEwP+x6N1A4syCyeCuaqLIvp1j0cPb01q9j10J8zXjpFFvQLhEV3WiCOK5H+k12cPnI2AC7iIAX8DL01zUBAO4LRkgZ7iKR7JRocNASwq0HpaVRNqbz8ZU11YIpxQAvv7gWElc+Ihn2vWQ2qpe+XRo7WJKtoA4JuqAXp0gccB0KZBDm9YyZCAAAQAElEQVRorPiRJyeHgsFnATAQf4DocYcqLJkBKG89GH12X2SoY7oY5oJIltMo45XZPXR3KDg7nsm1WKucVKnNRzNZ+n+0vrgQOZ0eB40Phk8f9WKj7XtYFPo4gmCFRjTaKChJLYALAYWTNgJ4tB650N6zTBOEaYdR0Y4qll6R4rJIeR+m1/raZqZqHsAmc+awxVIDu87zQPhaPbLfQjRi4STb28Bo1PMi4FD/yPjoPGzJ3vnOJx59+IHj4+P68ptqAW25un969pWvPPf8114ycOvfj37kqVs3rsl8qjW3+2eL115/44tf/Ip8l7RlwJ+r0uZvhgESGREo1wYWBRstPr3rsxhCCJxOGmq/Ysqk+TlDe+UQCta1LYGaJiRsyuJuWrhk7KYfxqRRMLmgFdUjEqg1svGOMnlBZbxbl1j4LQUGfP4tDeKGsmivawN5yNlMGroQ6NHH4usvkSpqY97cglv2BwWSwgJhbK3MEfVazJT/9LxNVcuMgJ6OaNOgjpYE9UZTkDH+It1GSOjOMSOziSCzQhtI32Qj8N0EXM+a4f45BQbm2toXZvcdLjI0AWIzrxttbpmJLEv5cKkM0Mz/CmxusZSCJ0x1MZvN5zNTzjCiQuXH9Ty60rTjp7HMRr7jak4/d9lEiY7THZEVtD4t6gApOT/WaWri8yQkmRgngs0cRM6RhcKpOU+tHL+SC6u5eYsVPa4nuTIY3FfKhtcZzOsXGChdI0TYxIY3Eh5ALKeWPIWKpAdfdwYmxG4Lh6nXY69pDuCHzu0nvjZQYYZjkZWaI1cTAk5qC7KdbdVbr1b1d7sFdLUgtnUxDR2TPSchXhxmbiiriq1paHJCc5XLIi6dCVJdqTczExGE6Bd+tbEbsplAHjX4aOuH/h5yvdpENHMZrKMOVBBoPkDgCKc4l8QoNA1zHK2JYSIRyVbBZ9eJUP65aP0ckGjX/TwKbVTpKmWETShDWiNryPRapKBwibis0BuDrWlG3hoLugPQjWyN4ueMd0rSviCJjIRctDGxhIOxSY/GXyF9TCBLsR2milnzahtMAVoTG6Ydet45VGiPcpFxqQI0yQAshugNYEVlByQfR6jWQGf154jVkou7nNh2hg9b0aysBiijMxRmwLCRHR0e/L6Pf+jS5ePmHZdni2odaXYwuzK/9IEPvOfxxx7+7Od+Y7kqld5HiCtXLs0OD+TLNGfFwcHx0fXrV9/+xKO//NkvvPnGXSETjHY1CzD5ZKwAyAqy0bINGkEbEhzPMDfI7kaTiCYvZZoKWCKKCgBWZZnuAyzWVk65YP3qZq5NPDQVD+Sf8dS94bi+Ngh0F8Dh2t4ufuAycBCr1ZLrFGgZDmPtWNgEgCN1xMon1FfN1v3XYrlsb+nAXS9dqxAc/+ZSY+va7Y4ZEuHXeCsGfllh98ooBPY7dS2chzQOgGtbz98zp0Burm3nbsnuwzblKzBuatofAHUXcuMw1IS8Ok3E1grVJKEapY+All9hmTAbOzHE5/fqEYer5arZbG+/MQoo1GrSU8xmIPugkdqSKpuqEomhh/Ipyy1bcbFkGET0zb5CRAlxWkB5p1mGWMlSbnQ3egNkOlAjDdDjaCRDiis2qwaH1Bldt/TK0e20iWAYLx8YgtoPcxmnxilqu5HBSasE2GliWxFBRdYOUPzMImSF1TmU/lfwwU0cqhgqKpHlNK6rGfgpgHoNGRfnDFQZk8ndVXlEhO7j+QtgXRJMYG+Xqx8l0wtItdhWvVnGCgeXYYkZ1dTRpyunbWsLpGAguhKj8BniSOco8CpjR8Dx7xiEZPK9VQYpLHDqKeh8a3/QgdOEetqdIQV1NPRzHPqSpgGRBpzuJ4B8DABfX1WjwIAaICNsgslpVTJSdzZS1K09wJRhRwrMClpIvB30SKf6rT67/BRZwc7YbvgmUYbLtCvcxr8NNS+3yXIpFEIUmazEtZxBV7wzFFki3JFM6QwYuhcWB6+GxkoBtAfCAnl8hD/PItKF3sCUysCjZVcGKQq6v5KjT5wYf5wcH1RDmTzDcJGD1L10Noq/Sx5cEkR8tsoTCOG+AOa64wTq+sorj8ikeilVLr85YHCJ5eAjOzqcf8sf/H2iACzx13/jt1986dU2vDKYTzzx6Pve847rN6596x/8/T/9yV9CykHl6ae/9OzzLwyvt2/f+PAH3ntwdPj7Pvahn/m5z7RX83TNJk+pIPnoQssDCQxR+QlkxUxvFMPcoBnU+tZkhJyusbqYHYR1Kz+5vL5xY6yscCo3hTZBJ+b+fTBocSgTl/phHxKW/IbKZUT9akL/FSh2V/D2irTz0O4GI/l/MBYW/B6BPgMYP3TF5oRAHE68jLNdKURrMVPta65+ZEvt0thAt2AjjACte2TouNMdAAmJKUJ1pU5sGex+ee1gCvamkezl9cE8iF+w3kFYR2K3MkNhNxprat6dj8rc36y7vsFWuVqV9QlBa4IqXavVsnOtCqy79cems3lRqLvL8gxDmW2gvGLfPY9HB4zjWZDRNJXY2pk7hN2x/+3sjAVIhWyk3kfJ5RQmap4MU6SOZp6QlRJDrG+UTIZcxTppNraMoa/Y3KLdHKQogLIjTiAXv1x73mHU1alxKUWHS1rn/EF7uqy3WLkCIxTrEmkNBh5+MEi9Ewqbg5Lpi+QTzUdmGgocPJq8YKKAH4vpQdLlBBK+UvyEhEskoL0uBd3rl6qrKae2IKsg0gBVJgk+VDpCe8+d5Bkfpi2jcqUkPj3rbApqq/32FqAspjmSO+Ch3fnT6ygpozmzFhlowx5DT+OzgCpDdKP1SIR7IrrYkoAyps4E3SpY5bpBywZURrIxfNAVqYuSOpGwbmJCoI30VLICMHt3U43KxyOmNCMgTExUb8zHGju3blLMutYrNCeRiedE7qNdHTKToVkvkEJB9V0ydO1d8aJ35xpwteMDRyao8rGn0ZV6ZOI5IZAwqVF0O9giFqZrkSltJoHK3p645c6PC1djQkDlxxLbA3R9CwrrHd/CF8xWKTAqGpAV5GLQeFRsxwepjsiPffSDooDF6dmnPv25hfTFeaX5V7/6/MuvvPpNX//R4mD+4Q+97/Of/y30sX/11Td+/lO/8m3f+g2z+fzhh26/8MLLWUuHyWoSiSlMbYfguih8AcEqbBIyS0fyMT+EMk/t8bMmZn3jY0iycpCkKuHyNyyDt28yYvenXj4shLqMCEI9t7423yvLANU6QEZtT6oZUWKnR/MCrgSgGpw0R0s2GPFuniofEQ5TVV3L1GLtX+6tD7Y6CcgIiUHZMciSoq3Nlv0rrwuYDFAMXyYOsAdOgRtb872ABrY0/5uqvht1A5SfeC7bcUaXmLhKnIv2HlGU1ZxiuVwQ32LRwwQzQg9B7TfJGROK+awoRpex+Xx2OD8Q3YxSW8pDpGZ5crzxuOZ6jyH1EKQJp09PKbMDpYQCmn6BJoSIR9F/mzfu9Yi4FORNuE8Vc8mdB9DWXu4aS1SOqA0hbeUipUjk1RPoTAGXTRa5YI0h4uMkOqlAcldDigryyXLhC/3oOFpZkZAJYGFowxc5W6vFDGU2hbQUv5DaCy7qZg9GNjGTiHrxjpY3lpUcYII9W6QxthVH6Qv0JVpwEKlyKASkYiGQyfhk251H1ei6+NQHSy+WRrzJ13t8oFNbJLkgRefiIzG01ha2VfNWObnecrtMJusOSeS1EaQehC7MlMRmJHox+LxciEJQ/oh8wCx9sCc7h9u5aRK0ZNemAFQjvSWAxj8SZxLBE6KnAHpC69EuNRPl87LHByXT3TpEeH3D6EgbCgjUjUGWklxHdQgtO2acfcQIylDGzTYkA9D+lpKPbFquRPQRIo3mbbEeQG/AeoBhUNARgQKFazoyWapyMkblJ46oWTBFO56PTxIGAzomjz360NVrl6vXz/zqry+0O2galJN7J5//wm9/7Os++NBDD9y4ee311+94WS9X5etv3Ll9++atG9dqp0AUIRfMuLT1MclYCZI6xQGgvoez6I7dipOeJ01TtTtvNmVwit0W08iDhNFr1nRNnElqt4jjrRXdr2XNTp++g+2paTIon02KHE16feQI7MSOge3KRDfxt4LFfreJtQ0DIiCKiauLzWcylBzIrGdemnimhN9+/MB2y0AbvG6XruZEIsNktkfD5DHHuiCDkp7v4DcJUyq0nsSypGxry9otQLpD3nWnwKhNgEl3Ds4XbHNWbvX9wf7Nu2SWG4JpPQKb73/OQwNmXdIpQz3YnvBQw7QxH4iiXq5pnQJrPtVzfd9xDajOB7urh/pJkuSJM0ww+1ghzXpjF0MArPvelnVnJdi/6R75ARhuwC8wA4AAyDI9wJHjmiEwV8JTm5DtKDiuS9Mp0B/wGccmhsBNC574uJSi6WkEkscErcZ4wWyaLBbJKDYEn0mlJxH8RBlbK2qSyQgT0yfYytaORmFCe/Mshucqwd2gZPIk0kJmDoSxsqB1NofEGbODqbzKCDNVGHsWjsK8stDt12j1i5QxsVyu6uFLMSs8smx+eCGOWYbzhX3Gw22/BgE66dwNVMfAIQRa5dFiN0AYC6wkT9SD0MSxU7vRSBoU/hxR+iQ3dxhi9IxEt0eZI0VakFtbjWsU1SDOUvkYvPhGgDiAEOUBSVdA6Vbl3EBoUa9JTsaNIj8r9McPs1RkE4fmLJIhaGtVXLlIP6PPPlGC5Y5ev7d0yJyhXx8PVqSTphGPLNNLzA8YEcPF8Br+FsDbySLx5BeN7mj6hcc6PJIhxKMvero/Bhs9nsdwSnA07RGBjmjO4BwGPMijYqqUhhAvKJw1pwiD2mkkRhDe448/Uv198YVX7t8/sfF5+dXX37rz1tVrV9/++KOqU6BVSNl484wfXa/DHyG/hHSOlUGdFVDfAoq+m0DzCFwPTwvrOCsYIcgWlgciOCtDmt6SrmPQwOHqnHuAm5ZnsEZfQEGJG1ZoR7dAu/dgNwWt0KI3j8weiDq/FsIXroE7Pd8ATGD+Evx5N0GZwA6DKcS2lb8J5LRrK5QmWmPquLwDEAJidj0uYAqYsrI1xns7zpw6bxDcbyay32mnwICcAjFtxu4CgLwJkYnhFgNs/zCih/2pmRfjgwzQXx28VTU4rWdqrkVelSOH6u0MFt2FH4j0uJVkJHIOTarN+/l8hv4NkUGuMnXTP9NGjUOdvuWym2wHn/44bL5MOOwe5+zuaBeSFE18shjGwqFCLn8jBh+uTIidESUkCsWw95aQJwkKdGnGbvdPifISp5Smj5ZWJk6iQUXWbZ1IpeIKTKvhpklxXkgWV2NALnYbxnTAqGZuyxrjsgckH9s5gRPP3KzQyyWVAgPNz40gpreSW+OH8e6GVF8OlFXzsuLVDwjlo6AhiYNmD4AwjOBcTduiDJqGi0Kz8EEdByknQ2ZNMP2vCCxfB2hWPPQPhMIbE1IsNtEg0XHpPYFsLWyUqwQ6c8RuDkMzANmYns2tQD4B5M7uDoV2asX6gByNFRvTPAAAEABJREFUrV8NhtT+8uDWK5fnP7CZhGSUS1tvPjn2E7oMKiXV9kAFmMjpR5TIvLD5oDFypreWqoYRMQyMANsDRQEF4HjhKQrBp6bkBkb5BIUogp53V5QXl1oa4imHvuB1mzX2vRZopxXdR5cgxNo26XKKSajnflKfCeFKzZJggsmVS0fV3xdefKWJt0p56ZXXr167evXaFcGAqj7cun6t4vb6m3ca64tR415mD5mxKkxSezEUJfsQIx9gQGgTgwlrxa7yX7edjIEN6UhM9kD5I3voWQhEb83LCsz5vAndqF37SKUX1I4ogF5gsYL7yNlQYFoTB1QLK7OiqM8vrPMkl0EOaR3rs4QDO1//ZaeMl7leQCF78LIV2F4L5DLHYqsAyUcnnh9gNptXTbXa3i05fvh7AnjeXORQWWfbIGxXnk+vTWCflQN21ykQmCWyiY2B7QLInAm7kKPjuHwbQZsm5ODYrhTBhozmunIa+vs69x+28JzL+P4Jm+Pp5ZB2ANmeO4ZIfCUVtoUdgmdQgXn3iHEA4dCyFGRve2s23VY1VeFXr0Ii1nQ826/WRfbAaTmrcP1Io+8UunarRURxbWB45NZ2w59IdStC42JTLJcwSnDQIo03HZCVW/GzSFWjb/UDa9ai6XCgUVDphLYNS3Z7SiGqkMadKNs6pfKTaYhjyRBNBaCDNApw0luEa52Ce1gZadrs2jAZWhkgtcBMut1Z2DLQIAydI1WQx/KBYEvydT0yWrJ90PbgQPpfl+XkIzuBWYEYE3rdBE225FDHw8cmzrYyBkp5URzcjiiy8TTjrHkJXtVAKS97XgMPjZLrRAdNGwIF63uoq8Fgt/Xj2ypAdV/IbuhsikS0AczkAudsF/xu0LDVG4FMJjBVBxbSBnNrAtF5WHJ2AcMkofUdOSSeyaUlGO3I6CRAisSSCCIlclBrZNGQa37+hzYmlLaySmosPRnzlZa/NNEXGVn12nsSylXJ/yCSkp4Li02UkmPhu2hIVwweKfUofKHZAbnFSwyBHEYiIWdURu6obJmE1hcunbslxp26GIknYjNmdlDvuL3++pvu3K0RhDg6OhQ+OD4++rqPPjWbz8vl6rnnXmxVi7lLhztuyAbTjALGtQD0m+6McvNDSK/AXChwkaZY/ARIsOr6O7lyjnIUmPGCnuWh59g2zzTcMT21eQR62LdB8i0txEkG1A8/h/OVc7BoCqAdIolyutuvrIDWAMYaTZxEFKEnBaaqME3X7sfGZtEDJx2/rgt8M8bNKU+OtxjqhGlc2aPmtjcoS9jyomogo4bbn9gdhItMVQCnWlBUhkU67Pr1wTzY+ErtBawdeie5rQPrHlwq300ldq1yz8tZxVs6xMrcS/XTct8EfBKXmoamXC0WpULNEtG/E1REciQ/DJeYYlYt7hWEPJSkoRDqB+fD9QndK3TLjf2uTP/rn6GwMppkoq+IwLBfAmnSMtBQTAZgc0ObXyCkqeQcnQVwECEHFJkcuJRdegmHDwjkGlUKXqGmZNScBEVsbsedCik1wBCzlM3MosehTgbwMGqaNbNjGtfnp++w0ecE2AeREHaJrXxfbohCaYC6EgnI2CXZhcNk1VSIZo2vxIG1hVuYRDTRpExl6O9ZtafQYjOBWn9rs4F0yhTEbgTBR9A4pHpsd0MyujtdInOltR9awTEfJmY23dCXUmndny+Uj+xPVKXhcrWCcgXjYJJptlFw81en4tHEUBFsFIjmI3NTz++eHKyNdw2yEwGH/RiUniPYTAzoDcjIm0UCIi27Qii9rd5Epl99U2sRmCJkIpA+GZI8pMkcAcHAmO+mYoQp+eBDt4bn2axonQJLLEO2g1H7tUSHRrIVQFZQHCMNGqeAWVmujPNMw1tSKkSmETPUMQJgNquN0WqFDg7IEZknd2g+YbxTNQHKsISY3RHvxfYkv0hwy6tHDqv6pk4X2qpcNrjE+PB973vne979ZEteNEakeiiXq1/+3K+Pl0oH91PMKb14+OEH/Wi56lR491fUBmOG1aqu+y7UNToMprINMiDNR/aIGHI+3AYhg/CiSXLViaIyvyZWKkB5U/83oOqWS91MsrQF6zuwytKK0rR3aMYM9YihdHN74YWXB6q1wRTCMBvblBFOMEYo4DhWmLrINtri+5RuWIk84EkE8u40XxtgFpQdhnzjkm3Mp/0uO3EOErgJQGIAtFtOgQEbAzn3N/YBIEej2q1Mha2yI2B9yc18rbB+yeehZQ/nPm4hYM4iALDdqjsEwfDCFRugYdACCgOsNgfAv7DQnJRfUuGOV8kdsP1j2ZThJXLIuvpow8J+2o8UNP60hx/Uf+sPh8BOaTDdiL9UKMRou06Q1oSn9LYEPgdujoU1bw4hYT0GgJSC5LRjIYx9l0aNoNIJVdKOryffSmVLVLXiulo2O5cgL4/6FFPtQ5o7v6ma09VRSY2/8gEbufEJHK2tncKV6V59KLkaSkJmEjsiKFger6RcZ0FQKHZWPjTUfgfm6Fjfp1kZPBUEpxOd+mpBVVyVSLa+Kk3iIIWWdi2yEOpHBgoGUD6lLlYKKoXb1TMI5aaNZmwlNFgbN1uH/QYpMxxoQuhtxoNMBZKbk02FrnZ9moEUDGgp5pMWHTFK6L88SFKGnRhkYenNikkVxlaD/OWxTsD+X/8TwSBJ+oREk23pader2SdEAREx+Kg9IJuRs7DReEI62qZH+1DNGqv/h3m1sdPp5TPWTcoCW1s3mpjUox28OZNS57tceOmlV4eg2WwG9QZ/tb9fOp3HkF+vAlXkoWN0dLQp7gq+XkwoiuZORf7NZAHZNQWgp9Xo6HZaK0DtDVa7gtU5E7l4hfbgjLkUyw6JJzsqwOAL1fobhIkMwObZZVtk/X+5XBbz+fWb115/7U0H+s0bN6q/i5NTnQnWBhZm9Vtz90g9IX/22a/99u98ubIjRfeFKu8i0IBMHnFefPFlEQuhFjmYa9UuKpsxqywGrpByCsy/mZ+HYYLF6jDaJiB6RxRWG0CJ3sI2F0gTYKS98WyrijVQxr9XsCrvKt21HRyvV6d+h4ks+WPAqjQ99dfRfbgHXbPa5XW+KperFadD5NaBLICOt0h+8r9EVvGIyEHKBFzW8SrkVD56HucyPAriNkP8sHhqIE3Itmfn5JAnAxq3bFC6m62A3S/eLU8BrLcn2Cjs50mBnhHfuYNzmRFbmOjpVNpMYi8a2HRQL3OJcwHQ3JTsWhgJr2e4ocppkwv0sEKFsprrM8/KNxZVeunp0C6zivm82rYoxrBxc6Sf16HoV5+6/6H+gn1W/S2LVbV62UXDwMG+bhBWXBkLN4lVtxqdQZchLxJ5pSSHrQO0nh1A7NiFeAzGIYUCwRRll5QgieBvwxw1pjVOcdxdVNXm06L28m3uQM94EMCawJ8htu0K+otzJDB9InI1cJOhly2y0PQrp3xOV90zSOcsIoXDZJUHDYcdgEhW0hIaONA0EqqS6JfPgvbrZhXj3TgBIPf42TCV4s2oIlFhKbKBWzOlWH2tWqsDXLb6szl2CuBso4okjDL/2Uaq+n5fxwr7bMI+JCMwjclGIUwX2VBjpv58nbmRURYSTyQeYvs1gG2oECExkcS2g8koUHS+klHoxO/aXd0NzIpZfQDeaoVhnikpgJFxawK0BLbe33GuKsnJ4jHAUMK49kEPqVuL7tt+49TedYElHSYGERHQWNJXCWzBGXIs88jOB+0FdtV4uzU5GwKuyb1/enZlPn/ogVtup8BbN69Xf+/cv2/yefrp3332a/U1wVcuX/6mb/xYlQF37540J4eJ9pPckuMqyi3rpAxFb0BG3l0oUklDO0VO6WvkpRNV9X/WHqrK7E5cnXOe1DVL1NI6dTczL4RQDFj/jRg90Sxr/87SqeBwHSmCGqv8xg9z12hTmKKYBbwWmEZMPzgSYnMmnQScZu2lsVmTp3TjWdm2RIYa21XoJrCSgFvjObbt2Tk5ZMuAWQPL5dJzFPFa4dwX73oAMqz+sAF7kRuAXXEKDNlyGH4uGksG2Ey93CdYSw6u81rdDVYJgM6/as+hOT7vPDQ9AGCtqHVzRLH9hU/PG3kFyu6xZMQpPKlQrFbqt5LSWpv6I69VI5a1c0mJwxfb7GGUxKX7ra9KKCxIzYvKUNMWrXTC2OIKzMGeulmGzjvzM3IhjgMKj3uMl4OFGIZ/jPM96RgrbxG75oJeprpYVCNBuOUOqe6de2OKaaiSjSkDXYCDjodHkYArUudqpRrsbuu9PbR7Y2nXrZSakFSrFZLG2LMhzeoIXaB0WiCquNN0T9ZCyyhCs5jgaRUw5obbtCOvtjPbvoGm9QIgHLbGRWmNlNDoUTbH/mudJeFHKLwqmdxaHEfvZku6zsSKZundzMrB4sbiXZUh3fO4WOnI6MMB60sAaKVqA4iIMcToAxoGKWHIM5kNTpXnyA0feSnetSZCxsGYZti3GIJLI/PFRtnzfDtAb3FozCsmlWgNEhElTr6Ep0XuFW3K9odpI0nXP6NB2Fo57OsnLRpZyrlR0cchvowD64c+hfVRp+iHCfHIioqsTo5yQt/ikIPBWkwJeeq2A9sM4qpptJegqacnMk9eMUdDNjLbu5ugfgn+ZiEu0wPj1Yxtn156+bUrVy6/7YlHv/R7z1ZbyyTd5cuXHnjgZvXw4guvOGTdvXfvy195/sm3P/6+973z5VdeOzk9HRAd56my055aJULaRTJvF252O5A9Z4KiOdxpFoOXXvsCJIIQjq2kKi/Lkjt0rE0U+iscDqKRlOj2CGxcAnviCSz+mjoRZqi7u3TTRqBEUafnmDTISWKW1A2hFyMfdCcpEIdTZlQhp/Ip40/1x4G4tRDUga47MWg8sTWIVrU9Fh63teQyadXObcX4vfd2pHaNWmwywdtVtSbWZsOJ3beTAkH5uYBzCrAdVcC1JTeltH0F6L0CzwHAto6xROiSpAs8jgeKSBEmFTfXIkjRzQ0nIiOgb4c0hTUi/9jCHurPtcv6EpM6naVyUkSY/1ADs1kxnx0oShn/4/A7TIHaoMYBc0CkVpFRCwrSrYXmXqNSurwmI6QXKna+EfkbwTjImmYZLsUhErwYGgCDtp3vUoulMdoircDWA3T/WZcrA5ISbs49rASPYWjeK3fSdM+9Q5R92wPyKcBiBNxMCJLem0+LczAOphRsLsIKK+kN7H6BsgQOtzA/wmRzyGIAjVsbBPFRAzh2lWO4XBLTINFMexCQdGjrgOFh6pYABgqa8eSLk7Pd7RKt+F1C/YeCmwaTUUfQrpJVI/KFUx/d7CwcuIzBoJBXv7GzRt1wME5bIVg+uHsAKD1gZOpYRGvIN0cz9qIH0HWVC23IPg4YgI/EYxB/ZOL52GL/h0w52h9kYo1oCEE1MBmy1bUURhG0riJGx1uklLy061cJfQFrsDmaMGbfnSDBEhNqdMIRWOAe5awV1mpIWMNYDb74xS8/8ehDB0eHH/3I+3/lVyXRKU0AABAASURBVH/dpKmWkj7+0adEff7fva+98LJb1u/87jOPPPTA0fHRxz/+oV/41K+4UAUjMhiNQ5m9VqAvGnmtchLpk9N3YF2FIa2C+QkXSBulYEXTA2q/pZCVTnVAIA3Oo0ePRo8IQkx2xtoGDRo6IpLN/g7B9GlBYtrnr3n5xNdnfM6KAorFAkvk3AodI0VkglhG+iwAeYjbBwH6rf+cQGSEsEkzSN8CmEyprUjt+ic7G2G9Tz3aDsCWOwVy9x0ghujcQZsxvBZ2kYlJsM7sA21uN5WQLQCQ/u41tJN23177BgFzFUOdRgjp91vMHTi8Q3GEm6YocTq/QDfT1WpRLhdluapvrKgns6Xozwas01pUfwqoz/qb1f/mB7Pevc/vp9aXb31UYXlGRo6PlvMqtMBycVYpvFotW21FuUJZ2/oGmlmjbVHpWcwOZvPDKqqaqc/mM0UetQNREYp2vUwqYFQJVFpXPag1bFLeZSmuUMqTxit6Vudt/d+sWU6Y2Zlhl9+iIw8EoqUt2wMkEX1+kD6pMikE0roginYoJctH0nUx1JWn7Wa1u87jtFWpXLlhpwqQ4iTRihFsVKAZa2oDgH1isVatJwWznsa0BWkdXdj7rDBZeQx3LBfk1Qo0y6gpPVwuFyAYJ/2arMlDc0FwdVPQVBakMqAZX9LN0WBFSzPQSGYqjctjbAygcOzMUfELtKCp2zIqA+LFxcpAM8y/udHk4uYZ9Nni9AFEnhZEiE4wEUH4siGUwaxDGkwy4puEbzp4LRXKL5NI2TdIyCgWaUpBMCFQBAaEUmjI7vK5kQm4NrKkbEfLcyAXFEhd+8rg6MhlC/oAgd7hKHJUUUzLpb6bRM4sNox7AgpnWudDtNCGDxUtVTKpLadCSKnrOZZDxf57y7jalymTUqoCReHlgNYwRF6/nSXlyIu3on32C09/w+//6K1bN77lmz7+mV/9wunpYoi6cuXy7/+6Dx0cHYgSP/vZ3+CI++XP/sY3f+PXXb50/O53PfnMM88OI0pKq6gcDgH0BqQCx6z1d3fkNwYZOFrmc9KyCem8p77XJ/Yh41yxHtQD+2oeaEw+hCAqibLk0WVtXCakZd3U3biF8eQQ04ulxGZIFgYFp/LGqD4OufM4bh82UWVQWl7McCxQyoa4dKTV9sp8Nl81Jyk4EbcWwkevYn1gzgKjplH7BPuaro0ATrU4hknRFxAAvDLcZqdAYFYIbeR6AVYIzNE9gBA/yGzi7O+TSYXzdILevoPv4r4tgQyjBAg8+TFw1xI3mo2KdIDx3OlJpEySVoVpWa5Wi5PlsnYHRNcctrlEWNQTv+GowdpJcH4wr/4dHDd+bH5dsQw6qVBnWFEvzyptz8rlmUfbat1h1Wm7EPd7bQ+Pjo6L2bXZTBkjqZ5/9XMBxRCF+h5Gdzhkd3e0bUGlkl/pWbudLbRFOZAT1m0EVGquqj+rHgOKg9m8+jevnrQVvuxQ+z6WJRRFkxrOeCKlXq6DdlwrFWK4jMSEVe0SWKfb7t0bp62yoTGlZVMSGkHVjjJ8xPIhX6Gei+n2K5SVXJBeEmybeIdrsSm9LVYDPGyZmCwu7SNwFUAuGuoTrcZTdgW1B3jRY+SVq2Uw00fQ5szn4WRQIlci5up3KYlmJQN0+9wNlNaRlYMM2Io5BAvq5DupG+ssaOdeHWjKiOVOpKS0b4GeIpq3oQOZttnu3pD2rbS+gV0Z14iPr4+F0J1wK6kvdSG8KHBw0zIutBTsrPYR5FO1Y3fd4oWnIq1pBRnNdzBtD/oJ/RHeio0WfH9a0R+ipAZ95HIgWtDqAa10XBM6piQjTkdIM7Q8Czua8BWTyFJVwliQeS85T07eDpMbX6KKwdRdq0OibipIawXVw4aIF3FxbCxslxUghjaXtefbIDc9m4Mnw32FIji5mgE6i+Zi9uYbb/3arz394Q+/7/jypW/95q8/PTm9c+9eNYe6dvnSwfFhVbarxeJXf+03T07POErdv3//i7/31Xe/6+3vfMfjL7386sn9E5dmXtUDYUJjEcsqvznQhvrZDBGY8xMYPQQp78ExHIFoymjTix4fr6PbCWUe0EUpC+rZBrHr7k1CpdvXHrOwj4Ot4ssmck2+eTFJsJ4iy9vdJ0HrFIi4KMfzwnPLmBCCB/tkKqcA27QqjjpJ9BZBVtV2rrZOArkTvZuZOLHWmLgTZOUqxjUst4StdQrk5guEoV+AFy6yMhOsOSNtN/ulcLyADQGck7yHWA9IRt/W422FX+CUBYruXeJk5mJxdrJcnK6WZyIWqoWpirz6d3pydzY/nB8cHRxeBifBCFznrg5vcXa/+pes7em96t/dNypVD48uHxxdbiPa2FE1EFgU1W/jLdf5OggJVdKesM3lcrFs3AFJNaA9dNFwbNfrPi5Xi+qfmM2qSffR7OCwXSbXFt7Dpoq6NKEvjoJxZJ6LA3jidQls2hS5NFGvjdlioS1v9/pRjF+gJMCdG3aqjGBreu0aLLBsrga8pNhzPjtoKvIEYn023kp0/rBgOaXU4MqVldN8o+Ljk+BOp6FIP+MVRO0he0hj98Dw9UFwUjArPEOuvqVKF9QQ4HNyJSS2/4N19zSAFYECLG7oy9CenZ+VpeMAGw6aOKS7dZdB+Wp+zja0aUFDcwu7bCdYswzpQMVXNZ2XiATk4aynimwxdPsV0RccRZJNzDqLVmgNt2/yrFHn7dgkZEny+JuuSRNt0BLPJo2DMUKqe+cxf9KdGlIYICsqWAKmtwv0IawBMpTNFMoG1chJqlc4U88cwU9AhGE3/JjS2CAvnivlpZdf/dmf+6WPf+wD165fO7p0XP3r6Mvy5Vde+/znnybLtrR4Pv7eM1999NGHLl86/vhHn/r5T/2qqhVTpZj8waDgeAhKAuG67wJp+xDMoPZBCwA1ugHtnhBTLUosCsIN36X8MIEiRRG1IyQnthTQGlBfuVoU9TfKZa4kriWrkjpFFELwPt4giBPkxkamSGgupBHpfBiIax9mmOJxc5ZzOi6RxbF9EDXU2cgyQ5imGfK97fhw20swAYJHrWuAPc7urYaJ8x23YXFyC50CAzIFgikuwAZ7l4nD5G3idgye9zVCtsRub2WAi+a+R9B7FwURhfacm+1oUfTff05piVBM4BeIWC5O7y/OTuord1V46KEHrt+8dvPG1auXj69ev/zUU+9//3vfdfXG1bOTxasvv/yV5772/HMvvPbandfffPPVV9985cVXXn/jzkDbegeendw9PLx0cHQZ+pP2krVdLU4qbe+Vhrbvfuc7PvaxDz/11Hve+eTbHn/soQcfuHX1yuXDo8Oq6p2eLt566261FPvc8y9Vq6tP/9bvfu5zX/ji7z0z0C4Xp9W/4u4bB4eXD46vaNq2y24Vn/pIfByDZJc9UtvV2elyeWquJM4Ob84uPTI7fKg4ujU7uD6fX4P5kYBmnFYucXVaru6Wyzvl6WvLs5dW919Ynb0+VK3Valn9g9N784Pj2eGRlj26Lr56Ugz+iBJBW7+K2azzVCyVtQxt10t+YlV93KRfoJ43w5l3IIcDAvLYxHgHojyk5XIKzZ+QSjDq0DxBnKBAh5GULNRZCBavoYaCcHrt4QpXRb0cDf0SPHi4Nn+UGuRKXUjR+EDbztWrskiWjmPXBs5tMXZK1PxEGxdMzxzDVLmyJ6ZzBbe+TFZo9QtUZTnoyTdrapFqOI4GIaP5cDre2LWxttPqTJ7LqIaPDsdHpDgBEWYSe5VBL4mWdSHMG/wui0xadFCp0eCXJVVvJtjqJJ+DhRWMvEIA1b/e/iNCz20Aqw9uIMiL+JgxN7hjvCi6KIjijNQL9jaKez6P4EpHB76XA3oC3YNwdLNFKyrK+SCLw94XEFXZWguVs1X+RT0+FORanVStkuukM6/Hfh1RTOcRGNsg+5gUvZI8AmFYMzFrIvU+CRA1CF3YZhBXzYDkDOdjGQ3SwThvdoVzCy4+ZIb1MdWkHCLsZ2q+OIaaPlguV7/0y1+oHo6Pjx64daNaPnr1tTdOzxYOpT716c/aon7hU78i2hWbQq4cTJVisiHF4rgBvAE0WbUw1y7bZK3t1JRBJN/KFNLFGRMoH5rl0UmSH+LG8J4wdd7TXFxRnztvuY00XYHsgMERGhYiGkMJFuE0kIUvs1on8XEgIhMvG/BsZ8bOaeNcVIYbGc0lQKR+aLTV7GCbqkZQ59BgHwFtoXuf8m2A7crkibXBDPsaOSRs8/XBHiCH6xdgBYiMuwAWbDQLswrf7soA3Zz8ok/eB4DIO3VR9lFioYvNVex6wXKy64NHKRGuCw44O727OLmvzWo+/vGPfM8f/c4Pf/g9X37uq7/19G9VyzHV4uZsPrt27fLx8WF9Ut1sdXjp+Pq1K4uHbl6/funt5YPVzKgsVycny8UCnnnmuc98plvZrIJPT++end47PL58eHRVMFLm0vbkrbOTe5q2f+hf+vbv/M5v+ZZv/H2PP/awig7tDl81aTs8nN++ffP2rRvvf987Bf6BVtpzz7/487/4K//8n3/yJ//Fz7QEZa3tW1WeHB5frf4pvACCdK7PXDw71VQ9vPqu2dV3H1x5RzG/LvPutoyw9TgsRHEJikuzgwdnl9510Cq2fPPs7jOrt7549taXBtmr03twen9+eDw7ODIsJXg1bBNVF2Z90bOerAracChX2H+l2+Wm6Bdlm3X6ngZQdTtA996Ky1kqxtMulRaFfCga+7ZQjJUInLBQjHTojJiIhJBiGGvOum02NyMBQgYg6io9AEvWFH2WxRS4ML1+hMOF2piJoaA1RM2RyYKWXa4SLaOB3YcQdUq0s7RIDEEjqyLLXdVEI6wPqxmGmKCutkj2VWwMNitdBSSc5GqnSfTt7aV2NAG2zInu1INfdfkAIx/MzjxOk+kgY3KGFkhHRXLMgxSJnYenfb+wdd/CUIZciOBD13jkYQaxDQVc29VZilTlJ4FNuuZuY4TyQ5QwTEDBCBompGWdRAv1KVD1vLcs9aj1gPvMLhnPFsFVOSxpzflYsKqm3WXp4ZAjz3LYAhEIcTKRERIH7uxNlXJycvrs8y9qTGOhPX6UaXtjZPkGopEA1Nswvxp/zRt3+7eiWrCazarlqMVygXwvMakQlSneML0vWRqHfCrAiQ5AGuVLh2WmdA85YBLTM6XGa+lf8ghByzOPIk0eNyYLexHQiQYog443XkwSoPkdInFkaAYp2wj9mIoaC28pTNV4JoLIZpAqFbesIDMps42Vc9sbTD44PykVRL+wOdgep0Do/yIHj3q5ADvQ+brf2QfS35z2BVhB6wbo/kBsYnegMjT39zXHxQOETBh2EQAG36Xz1TtyAcP8AjcOMH05Yha/wNXi9PT0nnyn7dufeOx9T737+s0r3/vd3/nhp566e//us88/N6uPi5tVkubzeTEr6mX8eiW/mFXvBwfVn9Wi5lAiVnHXrx++613v/sSf+57Tk9VP/+wv/rOQeAzsAAAQAElEQVT/4ae+8uzzjaZ4enJ3sTg9OroyPzh2pUzQiVouTioOsrbvfueTn/jE933fH/tDDzxws6Edv62XOoOBV2s4YRBRra098fjDn/hT3139e+XV1//JP/3Jf/SPfqQ9O7DR9s5icXJ0fFXWlukXWCm5PDspy9UQMju8eXjjI4c3PgizK4JiIa9WKgoPL/PrRzc+Km589NLq7tkbv3H2xuebswNrVds7lOeHx1WR0GohybKLwvrERXpNFJtDBGt3Txztk7SNotxcrG2v+NtAj1E0QMcb+WIGOhbtg7Z62s/PuyXq3iswcDUuqDUOyZA+e/FzipfFokIOkpO4F6RlHbgJETh4ITp4U4oSIo0sjT4isl0i8eeF3fAFgl6lA+hc6OOw054WYxmW7x2PDkaBuYLMSj4i+zxx0eNRp3684lGeWT6m4bG4p3LbGZpklF+gIOSCm1WPpiEhrqrOGkCmalqTMbOHALYssHQJknArW6PLtKPIjF39BFBEtmrgtgOcrQ3wU3lT7wOMLBiJPpgAlF0GpJvIBRhgaQx6/KZg88v6SL+FcETiKV4FO5ZqaJiy0B8yHnXB1x+NiQDFVpYYvZKTbQkox1l9HhtMZkLcWD0y3oeUfkNyCr2SSfXXRwXUvj0TbJi7tUD5xYttBnGVjU0UgDquNOsV8RQHIVnhIvaGWhHYlgzZHziwU4KM4Ixr0NlMWVY0bfcEgJiOD0NnfS7cnGsWcVpS3+Woc38QmvuM0gxKUV/h0UoUSUBbaxIrMIaPEQPYd7ZZ+okEiOCP4QGiLe0cyVlL/5JpnI2h5j21Tw8JzsVejmY150ijntKIo8CanQhSw83Yb2+SC9mGo2YqOwZQbYe1XZGYDJB6SR3bxAGyz0lYE0y4dIDynPgComFTg6QLYMBunhR4scibAc6DR+Cusg8GCNlppel3AMpVWf2DcQNvr3sO2P4ktspdmGMvQFeakxcoJvoFnt6/szg7GV7f//73/C/+0ie+7uve+zOf/NSXn/1ae7AjNA5bs+q/at1uXp8oN2uvmq2dxRpPrllROwUeHBRLUZ8mV2Ixmxf1rZtw6+a1P/Unvqv691M/9+l//I9/9Etf/IpovOXu33vj4PDs+NL1IG1P7r25OLs/vD711Pt+4F/5C3/yj/2hMTOan2GvYayvMK7+gbnS0kfdvn3z+//yn63+/ch/98///n/xD3/z6d9utF3cv/vaweHl48s3BHS3WDT+u9Q0uC+F2kVvcTbEzI4fOLr1DYfXPyiCgS5amF05uv0N1b+zN3/99LXPrE5eqVUtV2cnd2cHhweHl7wcVBnYXEZMCWpWf6s0L5dLLEuKlgP+2jmrT55UB6jKPLu/jhKHCJS9KLsgMAjjGmDjFyitUq/BLiPpn+MvupiWz6NqWk7exPsEDwseuU4NjLWMMtRN3nGNi7+E5F9GwvTtlkzAZKuVtuEJB5T/FjKvnRVs6XxXOa4DnHDLxaGrsOOoDJW61XYKgMa6Nqe4+QVtQdaDA3jaWjdw5PqgrL/sWdUNqNBO/FYY5mila4ZQlZFd8x0hJjArf3baATUDEwNcbZAadSVCXAeaCmsYUlACE8WuXevMWc3ihtYxX+RoUgQDet7TuOUGFBuoGHGQ3yOQaZFCdpeidUQuQriEbOcCWgLWDzj88WIFxvAxGByIMSWFlipmV0A6yzqX1hw+ufb8c+Y05vGhAemLFel6gH7hXZ0VAXGkXwMlVqv1K076LOZTW7/TRmWlPH4BKEeDFJ+j09d6TIr2UqIfZVLIMLDhDs76Mdl2D4QyQ1hvvdtZg7yJGFtNzyCNEZME6IiAfN+3iK2AYKO/N1Cta1WbX1WntVgu13lyTWQzyCF3m1bq1jIo29OquzVwkb+bhG1wCgRmJdi1TYJtA9kn5VzkJfDrFoPVdkOogjtaAYbaC3vcc1QjyVV78tm+d44g/RPnYiywhnobu1u/Wp7ev7Pqj9y7duXKD/7g9//Ln/jj1S7+c197VvRf5rZ3Idfef7NihvVaXDGfVbTPfOmLX3vuuddefvns9GR2cHj1+o3LV69hUczqG2/KYjYrQFlg/Je+/Ru/83/yB370R3/mH/y//9Fb9+6Jxm2uXC2OL90oZv5hSblcntx/Y9T26tV//a/9r/7in/8TQnHOk5cv6+fF4uyF57/65S/+1uuvvDQ/OHjyHe84OL7y9nc9dXB4KCTjIveR7bTuT/yx76z+/X/+q///D//H/+mdt95qtL1Xa3v5pqhmgMJ+o3l95F65WNyt1kfbgGJ2ePTAtxzd+riIB1cRH17/UPXv9LVfPX3lk+WqdkNcLc6wXB4cXIFZQXOgBgX2DRIYMBKqsr+WlmW5FEsbueIeKITu2Nn/TyI04JLeXkaj+dlXgfP5AfZOiDJ384AJ25ETgTnW7gCpGuvvNJUIBg4VjGUvBYoAIKoaT90hR9O9A7kCx2SqNWEqt0h/pkbadpOLKiSVrVVZS7Qaw1/8JSwUxT+WIYnSbTrRkkjssjb4S2xOErS4iouxMtOMA4yVFVkP5rRZl8HX84u0qJ6EtEEgrJ6MJnsCEcClZwyg8mNyRR9zsJEPkaRUhx0BEFlaOx9CjdqUNioE5P1QqlIGG2vc8oxPkiVfMrdzn72Ha4vRkQpie24Rd18xI5jDSTkihpkehpZYdPIZLCYq4e0ty8qQG50M0fJXV9KaD2Egj+oSmKAPgc8qLJyD5aWNn5BIFCm56FGgq0OteZq6lYVJoMYz6zOhKLU8Jdh8ShNDPYYTk+9eAhaRhs4rg5RGNRi8rKXNYgbam2UGXN/V0WaFrGODWpbDigVHonK7Aw7jemx/27tqR2R0TCZihl68KHOgN5r29TVIGTADxrTyJ4YIBdAREGU40qRPARgZR2ID//yxtMRtsDI1H9oXmXVYT66FQ3f86ZpnzNOCNQ+DLjjfAojRstnNhLEvmgC2LPPWv+Bjg92oVQmwsQQOd2Xl4CUuQIVpWlCbz+GMN+4UGLi/tld95wXsAADxtI1wrlrGft8ejFiulmX7CSbsdR+Kw0JTdDoD6n1sJ5kBsN1VblK5jX6By7PT0/tvDmp97/d+11/7we9/+KGbAP21qe1ZgP3Of3siYPVHnJw9+8Xf+uSP/cjdu2+VWB7M51evXL5y+fKly5fOVuLy5Ss3b9++fP3W7OBa4xEI3eIdtMUOf+x7v/2bv/n3/ef/xf/vJ3/yZ6uQ1Wp5761Xji/dnB8eubU9uff6oO2f+r7v+ev/u3/1dntZsFLKXT5gWb784gs/9RP/9Bd/+p999avPvnbn3vHh7B2PPnDp0uWHH7jx8BPv/L6//Fev3rit7iBj77uAg0PAX/zzf+K7v+vb/sP/23/23/6TH220Xdy781IBDx5cumxTdbVcLM/uDhwObzx16aHvsFwWHASeIj669fHD6++7/9JPn73xtGjOWD0r35wfXp3N50wODhg9ZJIqskeBVQOSPFqLKaCq2/PZXL4VGhunwIP5rF1zL1E9lbDbAx03LkF6GbeT2dm1od7cVyXaaz6hTzCTihYkZKoQFllmUHJJMB3IJGxwOyaijMthLhF4SUKZ+3lBGFs96wC8aMLhQNT+ghNNWESPwVZftCiGLnw/2qpcVf/aDtLX4pHnGJmlzkczRNkvUIMotRDyLTHJbCdcWzGTDsqPo6DBb/dpD0kYuw3LDc7CUfPDJYZ1545koYNIxMS5FcOxHzaQbcXmg6Cs2DkYnbfWlVJkhmURkWe3eOwdpR7Sv+4QJ5zcLXMIS0hi8M4cGg8GqdbyEHMu0GRzDBtH7HkBHW92GvtOcIqOE9XPjjZPy/JH4WCjxMTAs4GTlkg4B70i58mlmGq8PYBBwYFcJMg3+USflH6IqYkEeSmuQ2rDoFkZJ6ZeuFpFtiZURwlEX5CvpmAiDq8tB7PNA5gUnSZiDW05VEQGldJYbNy+RSuAWVAmo06G5pNsbFaAcdp2EYmXFzDfNSi5IGV2YY/A7u9ujCx2bfyzGWjKdCs24/e+vDadwIsGMQlMs2otsw+UsCmnQGBWse3qKvcBzl+OQrw526PM2qdyh2b1YzuGIpNB98UJbPMYOrVSlfVSVe1iE9pKd6s2VwlcLNozz2ALx1bL0/snJ28Nr//2v/VX/vSf/KP1SWljNvcrjo2TYAHdpbl3Xnz+s5/++ddfe2O5XBSFuHTp0uXjo1s3bz78yIPz2cHzL7zw1S//3um9O7duvn5wfPy2xx6Ddp8bmtMGe863bl791//av/KhD73/7/29vy+a3Ll///VjvHZwZHjaNTm3OLt3cv/OEPbv/3v/1p/7098tqypGpevns9Ozz37mF/7e//X//OzzL52dnl46nD/60K0b166/cufe2y5f+/xvffn9p4v/+j//u9/z53/goUeeqN0c5ST3DIdiu/3Azb/1f/rr3/D7P/bv/Hv/QavRnTdfvoq3i4NjYcBqcbZY3B9UuvTodx3d+KjIBp6xHsyuXH70e2eX3nb/az9RYyMsTu8KvDQ7OGRycDHP0wR5CtBYOOoSKdpKW5/1tVwMToEtanv/dWWuFqtlv1JudEGSp6AiJ1BbaNbF2u9lNV6oCxyX6+WuQj85MXhdTNezLFeLZStO9QrsXB4jSgEj/QJbHdbZB6i5Im/Y+MjCtETZyQi4uImgtoRAtv1WlE8AurMNec5xBMXwpmtFoXkY6sREZPskdTLCAsOBHqgE2lmjiuJx9uJ7UAEdrCdERWbyVPKX2pJz1Aww7RnXU408nASARs7VTAwluKbP1dP4ZSi/djV2BKbSFsUFcAHprf31a5GTOmNClBn3rKgGYrP6oKWynNQjULeFU0DwigkSTy622IKPm736WYbVdlYDkDOE9Az1WuCEVSg0ZwcMEkaQFSFS11AtPXz8qRhyZrIWkbp4uMFlObQ85+MazDemWtpx2MKhmZPXX+iJMi0vPLTdGlANhRkHBtIYoImpuxGWqvJgGrVzqvuD/LrD8aD7ZLdjTllPzOxfO0XdZ1cYuymOdU+YvilPJqEte2y73o3ZpBxyw00OxAvemPGOU6Au5QLa75E3qvuaZDd2zfthCUZPJtebhQxrn+f7rDzJmi5zdmfLNnl0KFCssVtJmT+kqoAIsEMrUAzApOhpYPMNJ4uF4srZGojvY7jstw424hQYOJbbL4NzAWuA9jCf4JF3QOhuwd41IdhOc5obGheqPU5qtYYF1TIWtIdPhad0R+p1bYxWZe3i06Z0m8pzcXrv9ORu+/zwww/+m//7H/jmb/r65g2g//JYNCufjUNg868AUa6+8huf+/Vf+9z9e/cXy9Xx8fz4+NKt2zcfeejhq1cuVRj37t597dVXX3rx5TffvPPed7/jPe988iu/9unHHn7o+PBIFNCNtao/ResiiH/ku775bU88+MM//P/62gsvVeJOTu5UNvzwSD9R7+z07mnvv/iudzz5t//mD330w+8XzdHWcqb2qAAx5gAAEABJREFUjjVwdnbyyZ/+5//JD/9fXn/1FcDV8dHB9WtXDg6OXr/zVqXkr37htyvM119/Y/W53z689eif+wvfX98jrK7tmoPC6vUTf/q73/++d/0ffuhvfemZZ6qQt+68eunyjfmh4sW4WrYegTXMDm5efvx7ZsePiszgH7Ie3fjo/Oihe8//2OrsddHc0VxRzOaUXyB//AsZXbJ4UnGtjb2sD2tdaYGzolg2StQHgU3dhpsLuiUX1QYMj8N2Qj6sDAy3lbaHvctLMO28PWhRRru+srnUvjn/rCjqfQ3uxgYHJdWhMA0GNdn1MKD6hzBv8HHwnvMnMZQ5kxefLfZYwDi82cNWqsbCjclkaKAJXkYxqtYoGZ1+gTpDHmuWLyEbnDK1IkvyXKM4ISW9MUUgIK8NRfKKX6unoMjQalD5oXiDjkvrgQ7uXvH+HW3SYYYFfN9TNivHnm4IG4kOQ/q1vJUuC+Qd2TATOCyPbMm+agC7cMlIPnKg6tjm89lyOQwHQ4WzRCMdEJXFMUNTUhzFCCVkZDJkDwMzQxrTMaX2+CQRIUUcbzOZfYSfQ1xd9AVsxhojK03++h0f7we0hGK/UJYz65IrM8VvetLmsopC1PNx0a0Bgc4H7EzZ4yf9cdwEB3Wc183cgGKQlL1ovg0fASLO6pXFedmAuUggssmdDjAdByNr8fRJzLJSYoH6I+16QcZ20/oaCjBhRJSChEJEukFuptNJkl47Bc5KLMuV2LT+ewmYexYWIrt1q0ot1a2vFQlzmvVCHhXXllC2oKk0Ok/26Nza3hwJn3IgNAVMrM2U7BM6tEJcwAXsHdROONU67nKV2uw2NlCMA5D+im77etfS4IXeWWHf0qVDu9cu9h9a7zNxDmCNn9SwLN/y9P7gEfjoY498///yz7zvPU/WtL0HUcelOeIP2yVpxJN7dz/54z/yhc999q237q5WSyjg8PDo2vWr169dn80KxHJxcrI4O1mcLir0u3dPXn7lleWqFKL8pZ/67+/de7NdOO0cDKVF3Pe8++1/9Qf/0mOPPdK+n568tTi9J2vb+C92HoHf8PUf/wd//4drj8BuNbjWdLB3vdrirTtv/sN/8J8+/8LX3rh77637p7P6zMYzcXb/iRvHH3ny4T/znd/4L//Rb/7mj7xvVq5+4sd+7IXnn12VK+hd3syF1WFxt/r30Q+/7x/8/f+oUqNFuH/vjaWkbX1G4FnnETi/9PjVJ/+nE3gEyqq5oBJdKTC//Hj7uji9X6lHcwjpL8G54B4CiRwwgUMkLcTTsqiq1b9lffP0wvinwKpqftV/7b/m0tJ+Y6D925zC2n5CHuY5UcNsNj88OGj/1TAf/s2rv/PZfPg366GYFfW/ortbvP4fepCap63zDsvQzX0Yrw2zsgPKf1JqdxZFsrNEz8Vwqj3ipB/Vf/qbSGfoQLQhK6OaEYFxKx6VHC9OEMNUTKT+6RhW5LavJjzL/WzdmHSQKxVbDJ2V2W4l1w9GftRn99Z94RJZbWG/AXk4ybmUOZutZppvEfjMIyHTYUs5UpQXMCCUV8F4I03scbt/gubOzDAdJypXhx7KIyXZ1HTdOg7PPlxaTxeNhBCmqZ6N4Um1EKEPQcVOyV8bR+n4oRj2KoeNQVypWLmJBEDSeHNo0BumQz917NaOhrll0RykJUE9DZ3J/xqYt/+6CWu/FodeTYfpczebHt6ao/nafx2s6n+rEZo5ufxeO/VkKTbUmpM02kUVLYcAb3A8MBkiGyVIvTxpcaXBLyFPfdiZQ7hMiKpTWU3gNJBVPxQ520qU/DVmNnKGN0xWYnOATMOV3Hq3pB141NhlI8UFFFsxRDxnsK7sZqzeXkAsXGTrVsCaTwoEZsED8XQBoXB+864y3bV7R78b7V1qsLzsCGDtQ1B2vnLtWUH7XfQ5vqvZCcjwien2Awwf2DJTuquVu1nKRMaRSpnAYweWZ6fDrcHveveT3/ptX3f16qXWW0+MHjftX+j8G1Dcu//WP/mv/svPffZzd+/dbzZi4eiw/rTg/r2TV1Yvgbh9+fIDN65ef+nl08vH88cfefDLz790r4p65eWnnnrvyy+/+tuf+/SH/8B3HB7KJ9V1EioR165c+vZv/7of++8/+eYbtWInJ3cAZvPDo17b7tbgb/vWb/q7f+dvHB8dtmugw9YHyh9sg1icnf7iz//Uyy9+7eRs8di1Kx998sF3Pf7IE088cuv27QceeezGI08cHB5WC8alEB/7hU/9l//Nj/3D/8cP/2s/9Ldml+dCVQ51XTu4/cCN/+z//rf+2r/5N37m536hzoH7b1yCYn54vFouhjMCDy4/eeWJ7xOwkSOZR4DZlatv+7N3n/0ni7tfFt15gUW1Pt7Hh3UZ9R0WrT8nDItViY1yB/qsZk+gbE/M7Bxm41Xum5U9etUcx2cBY8zCOlIuQF0A5YbOupybsm5vDhetGesZgyQAZRLBBFRFaZqAxZdal4A04041yw4HVw1DJ9F6I2dJI4mtnNjnqWxyrqeCWlc8Ncfw72S3isFusNATGhudgiCGTmStBmjnioCtXkKgzSX4awxFOuiVNDSXdGLlXcXsao7/KnAz+4CNKVAQUwXJnPCZB4JjhxKUHwuSWXnclgZcqviNFAx/dNowcKoRD2b1kd8QV6vWL6B5TxAEwRE5ICVnwlkqNTPIsX4CPQPE+KQHaxfmPYBMcuSIzJSTYWxYuxk4/hkflUgX22ZHDMHKuK1v6DBqyNQzM7AEosijGUp/fVjpctYN3obCUQv7/bdswPYFRB+HGFo2oDc277dQERbJt2Du7SvbcV9pKpEK4I0avuditMExa1AJDSgAtDwng9nIWrvqN9e7CEg+qhjtlCqsTxebhzQdlN4SqehJIZR/Xn3s3xFsKaSoilphTwfIDJtQgx0r1wwQ1KuYxLsA2B0zse8Fi8bDBLyNl43ChjXJJ547J1tzgne/yaxj6pQZdj7T2wSEr1yuc68awvL5XDjErA9A2tm9AB0mXfOfGKryXBl3He477HKBcQEgeJljZyHULu1m+TNclNcE5Wp5ev/N9vmpp977iT/7h5792otdXF3p5COORHdxMMBycfapn/mpn/+Zn7vz5t2Ts7Nqknc4m1XG5+zs7NLx4c1rV2dCfOmLzyzOzt64c2dWwLvf9vhLr75WluVbd+/dv39y+fLlZ377tx5+7O2Pv/P9RX3lCXYF33kZ1ZKK+ezRR6+enS5OTk6rgJP7r1+ePdA+tAp9w9d//O/+nb9x1HkE2qG+O/j0p//FP3v9jbsfeOKhP/jUk4/dvv62tz1x66EHji5du3rr9sHlo9n86ODKrSpd3/Qt3/xrX/gNXNz76u/99ns+8DH92lYaatewSo3/+O/8u//qD/7Qp3/pV2ol7712DLdXtUdgnZr5pce3wSOwA5hXyrz11f96ee85UTtZvlXAdZgNKUVmo6oKfblcQne8J0jOoxP7BSLHLypOBxbtkHBQ/AJTEo4JCkcQBlBViVuullDCQNlmUolVsy7aIwkVAsVgKCKDQNOvqmHz2bzoaikOumkCuj+o7OM0lkvIp52iCNgbdOgI/d9e+NS9EQq/X+CAKSbQR84tkzmA4sGEdkyKMw4OUD5MLltKWyT9AgWBmUm6L02oKsX2pkKw+wXKwGbITTgHWaYC7V2lR6EssQXV2CB8quDRcTL1GppzAOzmODc7bLxQtqtWpELMvkVCh5mBV07pgQxjMouk3yiwtMhULubWNWpP25EngqEIigzaWvbZY74JYCOEKY2soEAOfXBU/mWtIuwjatDOQUTTsgFZOPkbj5Wj3UleukF3+JWCPN95NEfsIeF27FVTqk/NtYulgHLVfK0nTDND6O1DsMhKhbxlhvbQ1N4qVOj0DJFJEVhaG++C8vQq2P8j4qaFjWdgHOym2pZinkLOdgBGRWWXtQ4I7gd3GM7FfiYiri2dPDETKtMspp2rgxHXnNbzlLXnCHBrVxTXs10N0o6RB+8C0gA8kefMwgwuJ2b47oN01ETTKfeHfIk9h/7+iP0eibQ+UgK3tqrmU4xzkUdmkRsB2J4UnN6/02b3Iw8/+Ff/yv/s1VdeGmpcp+TotIDQH9f1+isv/viP/Levvfb62XKxXK0OZ8WyLC8fzo8OD8pV+fTv/J5oTiy9enxw69qVhx+8deXy8dHB7Oql4xtXL53ePzk8Pi5Xq6d/9VO3Hn7k6vUHxuXk5jyf8UZhgFu3Dl99BU/PzrB2B3xD9JXjXe948of/w//j0dGhZOds3he1UWyvP/3Gj7zvPU88dPno8NKVq4eXrhXzA1Ec1CvK80uz46tCrK7dfPA7vvWbfvQnf/bOm69X69WFKDhbAI0fY+0X+B/97X/nL//Av/GlZ56pqE7vvT47OK7iZwc3rzz+x9fiEcgeX8K8UumtL/9/V2dVMmGxuHs4uxbBp53zQtEUFkb7dhCMN8oBvV48VcKLCqko2h5XdnCZ1B/RQgi2Ny6VG1W5cRjGwP76JJ2xMHmHpWuwO5I40d7aNColLNsEhkIKVvAijZ6eovFirh9mzd8C5rNZKa/n4ZgIxyIf9vq4BVPBTL9AkVYhFRbCxwjrU7pWzfYcGGXArmxhrTa2jXtyJd349GxGAI4LYaBU1MeEfh/BKLc/OtiC7Gfb4cvplScwBtconVnIjRpGmCST1lzkAlR+KCHE1rWvON3mjVMNfTxaPj7PeREGQc6dTFZeh4A4IaFJ21oYxmvr2WlEz3swg1S8UFbjaGe4OsgnKv+eEDJCuqAg0dJ4yrOeolUVy/CmGgkgKPguh6w1VD9ZFicslz5WPoUA64qHY8zIlJVJ/VQ2OdRI55F+OmAbydAkRVk+bbuCVH+SVtcjC4b0Y5HXGbQEnXG8lmEcNWH/1s63QO6RQSMX4SLJIBDV5LB0Hj6qUTALUzKMqZDVxLGybm1GdY3gb8Rxx/ZPBtMLUdrVWv1t8rRfR7AD2gvDRVfgwaOdNcEEojADxm4ACttxgdlTOF2W+TkXRX3zPZaIGK3G9hQ5Y1K0A1u229jn2/hvR242Z8PvuuXZUv33cSC39bDmgdu2sd+OM2wGkFMyzaBqyqK4gC0Eu5fcvlWF1iVwm0YLF5AGjUPWdlbTvFqF3Ae9y80W/LvdeaHNVF3i6f07q9Wyff5zn/juG9evvPrqy51LDiqb1t3aLzQeYKvVb37m55574YXTRe0SeFAUqxKPDmpfmeXp6fL+vYeuHL3zkQff8eSjb3v8kVsPPnB4fPSl333mzdde+8pLr92/e+/y24/v3z85O1u8/NIrX/u933n3R24U83l/R1V3TCD0uhaAj7/9gS/97vOiPgZ1OWj+H/zNH3rg9k3Rd+XODr2+Tu7SpcvXLh/dvnH96PDoYD6rHVgWp/Ojo3K5KMujCqdcnMGsRr19++at69eGS20G9+pBxJCV2HtKtppXfx544Obf/ps/9Bf+0v9a1EeplbMED5sAABAASURBVGK1mM0OLj/2PTC7ItYE3KFNpVKl2J1n/qGoT4usUn//4PBSBJ9uYwu1W1nTR1ib5cCi7b802DKYdnSLg9MwBHRJGXRaVs3fcw4yTF0aVZLns2I2m/WvlYGqXudY1gde9KZS9LthLSDKe0vd/nhfeUAysuqQDdzL5ygEN/9p458Mg3Y157KGBTTr9NQ55Aqykyuy9jND2QZgMpG1BLrYQv8XnWWBnb8nl21gokRgM0Sr11mGqoRiqPrQ21G0YU1nZwj8ac3nhmFrE8cd9VMQmqIUWVlgI0WAdCDTiWIa8dnQ18EWx847gGRnAJWfzFyFi/E6cwl5YcggixU3QFENHau5czVPRGvzjOMfoC5GxnGwclWpVAax2RiAlF6HORxgGBrDuEyC7TsYuKARGt1ONWRn3i2Droi+mDFPPkcCOt582E60TErnTbu9QMZSyJ7bm2IYIrf5Lo2JKvYNMGh0kkNcJpIopSsLNyuKsv5WdFsPHptEq3UkVV7r3iTsfBtlJWBWDwVn1WZKudz1q964BbbdboFZlMN97GLcsKn0bkLu+mSen1p0rtrLtid2aqdA4GTBtgxEdhv2d0cjB+xR7oAr5ny0oi31lMsL3SfBW1iimXO/3zun70rem6Lu7x3dcBtdLU4XZyft89d9/AOPP/4QdLq1a0vyds54N2wxK47w9Onf+d2Tk5Oz1bIoRLWrMStqL5k54NuuX/7Ak4+8991ve+Ltj9965NGrtx48unq9mM3f9f6n3vXkY//0x3/21774zP17Jx/68FOnp6dYrr789Bcee+d7r9x8UF7a7nKnLXAQR0fwR/7wt/34P/vZQZ9//9/9tz/64fe3z66DQjsG9Xd4Dzzw4KXjw6Pjw1lzwFc9BZ8fHhxdKasFpdWqdmNpvrevVDo8vvTAQw9WCCjoQ2dAfZA9WCqsj374ff/aX/mBv/ef/D9F7Wy3uPLoH5kdPyrWCshsK5Vilx79rvtf+wlRV4az+ewAZjHjwOa8AjR6HUxusukcppTe3x5MEYpYzeNoO6rA/IrWsyMM7HwxVlaIS9DoJZW35uDwu1qVsm0soPqv8Qms/hkTGHnLTAjS6wk1CTJ40tBc2FAIqGyytieIuhKmPkJfl0ODkDuORGnqBrbuOwA6fhM1fxyNdQvAQOazJQCMKJbsEExUcIXDOxYN3XxsTWRCKbLEWcxBeH0vtd43SOeRjI+P6hGMAB58hpRAkIyG6He8mqGOstCsuaTzxHPaJqNacps4DH/WBSj9vQAXYEhBBrGdDHsToFSo1h6hbdYRlZq4nfI8W/JIOxKgm8qCLD8gKhNHEhPtDDFErgzAQ9OCc9XCUD5gIcV4KQEqpKcafTGJItrOL55JlmWzdtAxDqqARhHawIvs9bqRWtl4sqihfmhJoG9YZX90qTzxGXGVFQwh1KlqM8IuE3InrHyz1FhHZVOGbD5+ATpnsgu5zAuTG2aUCEOd3SXYLW0zwbafv5VZPWn2uSvFnaJnSwupZ7smSd+E1HUcK7fp+gODGvtvuNpLX86Nid6eZK5Hk/PS8563EUZ9RVIB9eEH/YEpYYAZMC6ABd1IQSTC1pwUaOyrXUBO6Oe5cC7zGJSfnQbwx+97AUsHiu03NL4n5yCh7efMrmq7L5mwJmdWp5TT03vtw9uffOzxtz3Y4o+Kte5O/alP9USuqYQHBazuvPzSq68vl6vlajWfFfVVqiCOZ/DBx25/wwff+eSTj91++MHLN28dX71xdPX6/Nrt2eHVw5ur9x8dV//hP/7xTz39TFXIjz/xxOtv3vna8y+8+uwzV27cErVTHg7HRHXHkBVdEj74gXd88pOfuXvvfvX8J//4H/7En/luWyrRMPLYOAVev3nz6PDw5vXrlc4nJ8uT2Ym4dHr51rwa6C5OF2+99LK4c3o0E9euHl+7eXu1XBYw+Nl06/CDqwuA4RWhVtmiwHe988kv/d6XD699YH7tA2IDgMymcnTjo6v7Xz174+nqeXF2cnjpqogBm38YJrfYdA5TAbQ14Tz0PxQMDsR5eVIQVwcmqTmVDag/5i1HzpVtKbBozslrpsq0zAhN/N5PjUIIs2I+m5sloZ5VKMah/7hX3/8vxkvAQFpgb6L5foEtOQLIY8+kIgDdzvoVCETuvQPBi8xJCK0tQJaDgSeyhJMaWAZz0DbSM7HNC9vTC1VqKCty3eBEemkD0isbXyEGKyY/IJ4YgBYu0RPgqQt722bm0/gGrSOVWWWM/aEfLyzCG+mJ37YKsw2QwxspM4tQWRgYngumae9hCPlEOaEd1VKuz36+zahN9qrrh3FgoI3xI6WwA5bFqj723K0DOgLq8Xq9O4f61cjpDnb5YXJZKNzrhhpuRrQ1s/JxQ5TnfbkAJvG6Supq3VQY2rIyQeDuZWY10PF2AXsDuDs+kBewyxBozdiwvYv6maF3Z71wf9w/QHHOzPCs2WhYLBarKJ9AH1x0aZkAJeefNDM7nVMgV6/z0U1MB/78KxGXy+YGxnPWAMePPHd4OHLRjmyw/ynevgMRJ1CodTOxxOwT9FfkbjJZZ6d3y+Y23svHx0899Y4uFIfPy2HcaEYY7oatAme4/Npzz52dnZ0slofz4mxRzgooBL7j1rWPvPOxtz/x2NXrN+YHB6I+PqtatF7WC9cVs9nhwZXrT7zrXX/8j3zLy2/c+c3feebBBx5YLldvvHnna1/+4mPv/eDB0SWE0eGuXtRrMqj5ABw/85kvtB6B165e+ev/xv9GMeOSC8twSpWcs7XOs9lDjzxxMJ8fHF3+5c9+/u7J/Xv3z25dvfyHv+Nb3vbOd7/07Jd/8+nfef3u6fvf967Hnnzy8Xe/t1wtDmtG1eB3JouAfiqglJysgBA/9wuffvHFVz7+sQ899/wrRw99O5blChczOBDbCpce+o7lW18qV2f1VUKL09nBUR/D6izbQtvW6dHU/T3Y3S9yjMrDIE7iOvV0eW6Bh3Bb/AJNmEgGk21Z4mK5AIpI3yRALRwVvzvh2U2iXd40AOgG2yhm83lRFAqlzMkQpm1uquGoElt4BgPy/AJZGCqyDiCvsIINE0LYggtTEZSPrYaJXjouc9BrhN1DWPphu5GhRSYLX62ADg/PUCnhgPZAkANw8pvUp4A8Brv+euVi24wBaHlOYmQPyg5ZZbB9RVBE+EDGR4YDGg9qNNF1ohHiZm7UHKQ65HFLzKQi2QonGrO6MrM6S6anM+k+0egy0YHmY8OSlQe8yiQIAv2LivbTo1LdiAKq37f2y1jfZhDRJTQtXer4h6avDIXBUqdcn/FiQgdVNLdm1hzKOPeQdVUDJlq+qsvIjCArnwXyGnefnRBigrWY7Awn4ll/oVfZj9JzDNUkojcGyvx9nQtxa5IE+1NgKekYB3W4izO7aMgyk9tYBWIL9g6Q9wvOz/z8PKVUbAg2IRjXJnb3688OpmB6laeRkGcFtYO8ToHAH8uB7JB+nkY7WYGVcVX/tKqvSoT6FKRzAMT3nOelgu3RTMoJO7n1FQNwXlLaOhVMv7u6WZjcIdDtYoPl4uR++/wnv+8Pv3X/jXJwyERj82UojCbq9M5rL7/6WtlcotmejzWD4sbR4RO3b1y9fLlhXl+kWS6Wq4Oz5ekJ3Huz2qIt5ge4Ws6Pjt/+nnd/97d//Zf/m5/4td94+uMf+cBrb7z1ta9+9e7rr9585G3diKb9yrc/BbRe4yvFL33mC60K/9u/+v0PPnAbBeHjDaLTHAZt218Qq7PT8qXn6mV0gEduX/vycydnKzi5d/Lrn//CY29/5+3Hnjj59Geee/3kPe8/uHR8AFjeuHbtgeXr4vSumN/seeMoRaj5Iylwenr6sz/36er56OjoG7/zB37ti7VPDC6X4mC+tR0QzK4cPfAt91/8F9Xz8uxkdnCoelx6Ne5N05b2OSnDZA8t2PehzgOM16DHlDuKsNwzPF8mpApgC92BiRyfpAA1gE1SmVvp0711VEZvq2j/FvXeZTHQoMYDtX5G9jxH+bRC2RgJ7LdmlVBTQVkVh6rgvBLOSiYLQav0Ebs9LJBhIDFzCXaVKDfbkbviidbIEpmAp/NY1BOlkZZJDFDBgU4CV9vmisDSj282MI9VypJdQaafX6BstkAHpaVtG8cx0wAKr88Ww2YlSF8DIPkYxQf7nkxjFDgCypPuwB3HLB5sZBjNmL97belCM9YO9LxvDIa6hB4kH5MIAC8XYBEO9EPriFdEniR3J5E3w6b+Q0onsXBpbB2vOcG44lfvZWNzH+MRCqiv8VphRs+1yWDCzkNjhOMKUKKwbOYyt51BDgbsQLWYRsF6ylnUlmK1skvYkrzJqcZYXyF7x+mRORm+AraJM0r/1qbMJgDlpzXNcrcA1mDJYC1SpoedSUI7hsMdbIQRcE4cArt7vTgLnFsOW6f+VinUT85AUDcIgZuuaQw2HEa3tt5uj5TWTEirHY1SnYh6Z6Dyd2swhsAQBrKEft8b2gVc6BCgP0do2HHqp8RdrOj2ocbYllm39wD964DVXeokhbQssGe+meuDlZq1+yZlQ3B+RokBAMbLrtWv2GK1Wu39g/PhKQdbdU/lhHoA2L3l9qqgN1yci9P77Uz4ve99x7d/68d/7Cd+etzkbguALgYsl8uXnv3y/ZPTxbKcA9xdro7ns6rQHr1x9fqVS9WAqfkgH+tjAhtvldpdZbXE5RmWC1wtKoSjK5c/+MH3vucXP//pp585Ozk9Opi/9trrr7/0/I2HHx9Ej15mzfNrr949PVtU79/5HX/wf/4X/+ygXbcM7M7IJnZx963Tpz/34NXLRbk4Bnzkgds3bhXl/btvvPHm8uz09tve8dgjj/6P7P0HtCRJlh2ImbkK+bXKL1KryswSWVpXV3eJFtVqeqZnAAwGkgAIcndBEMslsThL8HDPYkksz9lzVgBYQhDAYHpUq2ndJbq0riyVlZVa58/8WoZ0ZTQzF+Hu4R6uI+KLm5HxPdzNnj3TZs+evzc4Iew7dKjY38Mw7N5dU5lMHjR0bYIOpO++93GtRlhls0O3H/6t60uvrKysUi1JmWHabCwwhI5GZuC4uHZSqS3iOIooskLGEi/ger3Fch/Ea+0o4MFPCAqJxLWeUyXcm+MUWrS48aspHAy9qs0wrCeYh7YXR9JVAA1FOxUQ9/Kq0qhqHzb0//YlnW631hIqFBqzmttTyLEcyzLAW2eg+UTYJp5vMm7oNFNLlRsN1Vn9jBshBKPz7BrSL3DjuAiEJOsbvimwT4NyIQ4tP1CrwKAVaVseg0UBYcM3YqHmWCjsmx5Bux6iBv51gVAoDexNMr5Gw7YsyRdRimi7WJvRiTIJnCYypq649F0oNBn3tZ9eo2ZLZsj7wjW9pIq22+hQUjZfn4EK3JWMDyxHEs0bNWibfh2xQk0e5N2UiGZRmpdZxqqJzKvaW4bWWTes2K/ZRnbAeN0z2KGA9yIRooDBCfqXS6LdJGDo5z3WAAAQAElEQVQ41NpuYkA6HeA8OVKei+D46cJk8hOKRoT9nvZqWYf7LewMB21b7ncgc+5F6jl1bma0U4mt8zpzqXfnrmg8CMQxKbdh2j/DEA+kKvFJpGz6bqstZbfC2ETFqAyuU7xOBxsXYXhHXdd8Q0/90OXKPZT2n9GAz3YZzdA59KLnczfIcaLL3c6LMknmGZx53NS1o2GLhp8J7wzrunuWbax+z7oHbygFgsZpCnHFh38xVAjMAO3VFyILZoiSIv1AcuZOdRYhq31Tm/K4suhPQL4hwyLjKcQB9Lj4BJ9c46eAhqRPMX02QaXAoEtiPVz0I58tjq0r728B6PVbu+jqNpbo4TLc/N3JUJAG20gf7SllywSZboKdbjTmYiCNbuqXOUmsaRd/+Xe/6Tylh9Y1DAGyyAWkemVmZoZu6vARgIJD4IOAwZzQX8wV8plCIZvNZzL5HJfJMDyHFxUMx0Ehx2QKDD4gEqkfYT6TL+b2TY5+eP769Mz8rqmJaq2+cPPG1KE7OCGrnwFonVozCQXR8lJZS/0f/oO/DaFlOW7RNmm9IGWFTC5f2DPQy7NwZKh/BLCyotZqGakuieWykCve89TTtbXlXI7N5Yt46Te5Y1xZXWJy+cas0aKmLI/e//AT7SI7cC/+PnLbgbffOYEvVEUiSoFdPFJlBu6t3HoeXyhyjc1kQsSEAKbVjk2gjnZY5HpEBjWNQEMXJIX8h8517DIKkSLxrk1UvkCEUSwGn626e9KxApINvl+1llLAzXJwXa5o4UGynYt2Cn1gRtpJbugDXNh8y2OVFzuPlrUG8rhvTH6N3Soy2USWu1p4hwSdjg8qUqECkR4aaTQdCYXgGZgvLMYCCv0g+PGsceFfP8ZMHnQthHz0Al3S9el03lRAmIj07ALZI8BAsTxgi4uFrRAihgld6V4yaWhrhSAgG7ERdpIMkDryjhRKIA8TCNFdCKS5YdHNQkGDdg4JqUlFTFFTOkHGzWAn0rGYQU0XQSLZYkUqMuQTOEjPQqaWNArEBbJETASRCs8VvlL/pvAek46DED1kIKqTqnOqCHpIHG9Aha2CdXy401eCqFnV0H2satzzKLlwheXmZTsmglNALeNFa9n+gWG4jho5QApAoKXEOyBLCXLe9kLAp7aArg9RWiYkYVtz1YlWlBxgEhupUEAgzIQfL500w3vCtUgR2BCG3uKw6DoXtC/P7e311nQhTEq0aq5DPR52vgUhbVXdjU25ZeGFJAUhy7L4gioFdknRpwZ9m9glOUyRDYZWq6q/upM8YKTnATYxYTd2jSAs3bt5veCNtG3Lxm/cAU8pGmfGzU8dZWALEbx8ouxGI+9gbbt3F40iBFu0reCCRI0IslkKbBzAG9YBjW8AoOVn48K4T038GcStF+bP4Df1i3ZbCnScsWwjJDousulibMiySZJpCLtmKZIq4HY/aA/aVMoQNBTlU06nwzCn9IQXjgFyJok16o0O7Nk99czTD39y8nNkSN1Nk8M2IM2BHQmzurK0vLIqKzIOI8qywLGqog715Iq5bC6XzeazQjbL5/JsNk+IqERxCLI8w+eIQSaWURgW1ko8z+3fNZ7PZm4tLO2aGGVZOD9zs15e4zJZbU1AdSd0i0rlMk6HcHvfvXcc2L+/9eGVnoumouBzuYGDR1arJRwgl+/p6+uX6rX52VkRn7IjBTJsttCj1ip8rpfL9yliScjnIeQho72foYvaoKmSAB0p6fjok1OlEnHKzAj9Qu9RUsK7pk6dOru2XiLnPkhmYGfsMQcBZri++J4iruBKU2WR4YQQkRslnt6sgzrabVso6ICWGXdrKEmk6wkYNWLIFOl7gaRjBllsbOJZWhsyoxmMDBM8bIWGCp9g52qev911tcIx486gx9G7J1lHSKTIsuKvuQWbKHjSRm7hZRnPMQps9EzLmOBjXs696LAAjuU4l1COK9RMrslmTvNRkksgGwnXB+4RkP8bO6b+hPEak+8M4hQygRBo3yTS2enKFyi0XcMNhvQWIpsKZtffLq8AQMBt+OwyhNcYCqlahFKiDBItzvDF0ASX4wCXQR02hYbWh9CbMoN3xSwDiTsiZwBqdQ9EAmpxwzjDsrbexMocpSVzRDGehg0WMXgn0BHFr7DLs5gISq3lciudFtImUgGpIQYweDwhRjWTsdbjTgRGz1vIWSZqIijQfqodgG1OT8OmXshB751nTDIbB2Soa/PpXvvLixhHIno3MDVFo+7CBtFtTQpok49TBtAW0AhsLyyHe7DpAWwOY9mVNcXxUu1qDticPBbBMpBRWIYegjQdmSIkS5qfnDhId8nkJjZuDtMQeJClJRmQVdVhuJ0ABkvJETDdZhn5AMyTICRLbK0EPNPxaFDGlUUDz2xMZitFDvfBoGEpkH7To3HdLqBxWs9Qwbn2UzccSD0PI/oUAWL/j/zEbZYaE2TpU5a6D1apvUDDU7Gq84KIY2GSePzj6hBVAEPH2IYV8QpuExV78Kx06z4gvcrY7l2bBNCiQwZAO3cPbVXNs6zhYPf21ySAiBtexVhYtDunsqSbCfz2t7+iS9CoXo9W/tqrBwghy5GB7uUIM7y0sFCqlPGFrCjENLFK7BeP9vcM9vfw2ayCoCRJYq3GcDx5U4YhBx4st6gqChB6MBFFBBziIJ+bmhgZ7S1enFlYWVnr6+8tra6VlxcKg6NGYejeFvFFpSxr3P79v/tXrbloLjVk3NQuTNULwgPP77zznrnzH6uA6CYCFUmiNDe7kO/pRSxXq4tqrTpz9vOhA0f4Qg9SJS6Ty4zuBQwHGvs6iIwW27B/1VgwE5z87LT2M9N3zORi//49H338GSDHPDLDdK9SIIbQd3t1/g1AjAVKoZQCtRUuLXyvxowSG0wikgnNgL+SETGFRgzmB+jAcbIfOW66ETU9YWJOnsDVnnxiabnFAuEjRovlB2iZtQIFj8wMSjO82YTjlg9sFEfkeQ0lX01uxFt5HGvsUUPlwu3YwuwpANolMdD6FwTjWSdokUo45TOOxG3hgPNXkwNIxw9k/xESyN6sXLQscFYUspaAHMcSWVNkKaq5WjHTCUDJRYHCJVbEY0YzLx5ZB+FYS7pHNJe0G58BqyOl3hqtMdAVpH4RmDGUQIgNC2T59nycaFrdQCxc5EDjYBR+ojdy/SoEgSQKv9kLhf3QhO6MEGTowgifnKja1glatlAGJ5ZNlabQYW6t8C+W+ioCHllozom+aU26mzZmMPclEnKGsw475M026EUTagZgVVevu9HamG/mA5YO8guNWvxqI1wSRsgnQEBA+5oiHpIe9FDrVV9zhBDwXvIm1bp8EYYOBC0NSoVr8HbCoamEDpsgNaidAcI0xkB7OjpSSyQeYc/psAODFHTdYiSeitkFtoAtCGuR0t17ZPHRxoPhHwC1MQuNPWybS82wFNgOg1vp5C7y/mIzAzXOlijgJs45Am3Q3zXOXVoFcX8B1BBxQg+6QZ3wYdkdxzKsypKNDD4RSXMWamxMLLtJ4yzOeKjtQkmpmJxAM4RVjmoEBk5S0LmJgI3ktQKH5CxRU5Bzm+Tjj1pd1yt0Rwm6yBw5H7pF8LuZbh4jUPeLotLWHUNMbWz9LXegRVwAG+oehhaE0bmNb6RaIuL1gKq9e49FLQioOhFInfKR1QK1y0PuYEEEDQmo6h+myqg0OqLGe8w75hE6+bTvuBpautY2wiMB+ftmK/tARbK1GtzmtgOxxQAtcwTYVIAe15saKl44KyqEidZosNIjjn9lSbv+2pe/wJB3C8jxDVXpMeWJ2rGOKRKH2iJZFqWF2RlFIvaV6rKMb+F89GT55YpYu7lweX59YqR/YnRwdKAyNFIXMgLHMNX1tRvXpqcX1mcXVkvlykBvcWpq9MC+nflc7sDE4IVb86vrlf6+HqTIa4vzI3uJ0T6gb0cIRFGp1/W3be69+y7XjEL6cjACtqWTcUmzw+Artm9iz+jeg2vVVUkRl1elc+cv3ri1UFdms729pbo8PDIiDI1++var9+c4Lt/DFEfZgUm6qHLZGZmnWNByZ3ll9fKVae2n0HvEfLhn16SmFEjPftT4bh/Tg9B3xFAKlPlwpoTogZ+mG+YZBiXQw2MRSIIBKzlVlSTaixnNpzVqZ+pdAui0Bm/fYgdCCiXT5pI2FPaRf8CYaN5SJhsexK0OaDmlcxZJKGbcT+ATCh8gMGrImnxCulN2RoHmKg41BQ5gUc8aTSFQQRzAiM+iB7aL8UwQoZqKOJ4XMjyyOiBBrWkBN5eCqOmO/Yaj5F3kdq4u6FqN7NB34E9ugEvbAPymmaI23z4pHaDtcgqN1JwzRkQbeYHGYQvQLhocmL8pN3Q3QHyda2e6kHo9tx7a0HfRbWONLvpG+rW2q2OJKT0PXlx2GnhSRAlYyXJOz8jrgR8R4xzJHs+2ICLPVEWxGx5ohA2MpBoBihIg1RaIQiaJ/AKESbtz84gpY/BGmpxFynjbGqENDLHewRK5ForciRIsymRrJQo1FHdaDxq3GzRpnFEh8lrDgw7BXkopsEG32yzxaoKUdNcmHStDB+x76Dgn9BsJ1EwRCzS1mzbVhS2V9s+GqI0pBphxQyEkJVPjJmk+uguOJfVmR5uGJtj8q3ELeljLM2/bA0C3eG6/LdR4jjd3akiSlKRz7SqYsggBkdsjEDqNVnCmr9BX1vDWzWvLidqyBms7NnPXTTlvEc5iOoxoSoFWlUb/oMAs922pbWhsDnF9MoCeP1rG6XyTa08lpuCWtCth96y+FbaGbWjE6TbRFtSJJTlqMyblmuyGgdRYH7S94SpSXbv4whMPDQ72VqtVaHMabLMCgagHX6id5SNQq1VuXr+qSFJdlFmiCwVkFWR4PpcRalXxys2Fj85fyfL8sT07Hr/r8MTEaCYjXL5y/Y2Pzs4tr+UFYf+usak9I1Ojg+uL8z3F3N7JMfDh+YW10kipp5DLrS7MKGKNyxZ1q8mUlXJJN2r4e7/9nCA0bNeZyystqEeNGucDdKMt5Iq3f+OvvfXjf7u6MH1zZq5cqueLxZ19/Rzisnye47MSghURl8d6hgE9U8cBy/kfPVhw9txF7YIv7mG4onk/m81OTY7fmL5FYqkqZNusFIiCN3jIFoTiXrF0GVBjgSwvBCFCLKUrxJojTPsUJbWOG4ywsxDMRpi+GMe/EmHUiN4pgoBxvfQCQyaXXCwYKVZ0QNMmfPPU5ZdS4sy0CV7tw+wOyY0EYYsopSKNSVZXdPckHkgv0BI+oogBNggAr9jIGdiHExA0vHFgB+1RiDwcH+rKss1SYNiTPYuM0CeU88pOws6by20vgs0RrcHs4aDrwaVbROKlhDYbhtEOv9XA+qDI45dnI4zcYf3qJRCNgCXpS9bSkbpwHNgo6OQyzi0EikoMNI031h/II6hbT2QYrQ9qpi4i9BbLiUxYOBNTFVVRVb/AoVhEtuvmqLYcI7uqgzVFCDT9bJW8rY5UkHMHpQAAEABJREFUalDbGYyO+ZZxFRpPne6KvPPYVP7xX993R8iVjMcMg1yDsdpRcNAUUIi74eFCx761CTslx4a9RVjvugdHPgECJ9pAvHVsWueCwZp6rHIIqcwUKS0U6JYPPHfgAUkFCgYDBU22MwSnZhl+W9g+TwEw3siVOOirrKhtyW2jJVKsBaPhbZHVuAXajrlzibcx7TYk1S0DhSYA6uZhK6mq3yAqvNBFDgbtP2w/bY/NMNRXlleWbQMXMROihnjR17YgaZL0WORLpqEGTUAGzUcWplwFk+43LY9tQRFi8TEQeS8rnfpNd++BwodAphhge7ERDd1Vbilzk35mU1gKtcVSIOyKlgDNlVXKzMCEaykZaoZoEnbNGiQSHxEKY4ttHzY99B6sV2t3DC4pwBCgw42YQxjiLlKJdhFM08hlNw0B0M+2WgAKYSEbZgKfePRBQ6yCGqQ0xQVdrAYbHYsGXF9bXV5aqNRrVVGkh9MKzzJDvYWFpeWlsoiPr3O5TAaC2cWVj0+dHxrsGds5UZyZ3T/Sp0jSQql6fa1+882P9n9+/vEnH8gW8hM7hrOCsFyqlmrVfLWyvrxcXlronyiojD5tYg7K61Ut7aeeetyyHWkIRhpNBVlZdfykPpwgYHi+Z2xy5sqZA3t3Xbx47cp86YEvPbBjfHJgx05VqlWuXJua2CHkCgpgWI5zKeeWO7tLF69pF3xxnyPIxOQOTSlQRQoD2u9BOMRqkcXM60qBskUpsBURohQoy9TeJBNNGf3hB+7ieb9ioSuWM+cuz80vgXiIMQS4F0LkXnxo/64dY0OXLk/fuDXnGmDf7smpydHrN2YvX7vVgo69n7YV0GLv1GRD4PkH7z8mSco7758E6SLaTihcrIH+ntuP7FtbK39y6oInPeCiEhhY2dQn7H3Hb8tlhQ8/PVeu1IwoYfXkwnAUgKXW0LcY/mfYIfhB1CjIow/criL07gefK60kaKR8BIF78J4joiy/+8Hp1pQDMxOoGEeG+247sGtxee3zs1et4WGzoUALUU2TwtybBQaKFd4nNkqDGdcQeDkhy9SCMvIVjEZrlk4JbgCkIGXxoe28S0yAUAAqYGYYllFVhlH0sB6EXS5Ba80O7YGfqVtXCbTtkVvS0DVAVFi6oCdJ3cw0aHXIEoufpDLTYSDboQICrUrUGTEajHV9oHD2qzD7SNdQ7sI42HzDa6RgqFYgYhkWsa69BfpxGmp0twVsSkxCUkxbsa2BXK8bzcUxtiDQOKTXRTLUFj6ghhSQJQSy03HY0UNWaqoCvWd51X0ejQL/mDAo+YBMoJDhWxOJCV86HTKYZ7YWy++A0eIn3FEiKIkwCeSi7fWeYB9uW2tJg1Qoah3omlYEaCRt5bDDxeGGTadK1RXQhbJdrpbRQnQcCajTFbyBJoUIlJOurhDofm25+IWD9FUdSphuGoDOE6eGmT3nb6Ab1mh6bp5l6ge43rs/WUahlAIbsO6ozHvOPZtlx5FOOausKkmSrCigTeiC5rJVZtpIQLEeb6MbEOGsOujyQB/z4ZZrCcT7RZKWgQILFFuWM3U2TY6xrYZPA9eMz9kCCvbDN7LP3OUuA/AWasP0DZC1QmpnS94JQrQhdchCgbiMwI2YvJK+qbOqIlmSU976Jt9EYegHjRBUzWbTt186KIG2QjWUAu+//05SvM2v1epKPtol3cVQjTrczVaWF9fXSuWqyDGMKCssZAo8v1quXV9a33Po8PLCTK7Yn4OqUi/fmF/O9fSMHDgyOz0jn7+R7xvkuPKaDA7fdsep0x8fWVgcmRwbGxsZ6Sten51fXCkJPJ+fm58+/1nvyDgUMkjfPKFSWdQ4uePYYdQQA1HeQOO8udGgkG1VYnlEIjEst++uRy9+8tbCynI2Jzx8eG/t9NlaDdVKtd59+44+cM/0+U9LpXVQGBkCjHWigy0mPePW5WvXtcT4/G5HkB1jw3pYfI7Xfp3AMOALuzU1TKRKICz89/aoufMP9PXee9cREAxrq+vxlALD2ePC+Nqzj+HW/9LL79ZE0T2EtrYItLxwZv+JR+7JZAQcz0sp8NGHj/cWC7ls5vK1m1HPxZFXKNzpfu87z/QU86fOXHz1zY9AeEDLCbpV1ejA/sk7juxXFRRGKdCTTy88/MDtQwP9H3967sateRAaKHha99xx6PDBXaVKzVUpUFUVUdIkelDb5SQLgeceuOc2fHH2/DVDKRCE4t+CaLHCIw0buAhMTQ7fcXQvpvnOB6d8Qx/YO3X7kb2KqrZUCvSHIHDf/daTPYXcqbNXX3/7U50V72LElbVrcnRppWRRCkQt1FKaOTcuQmhMRg+PfPUCrQiuN+keHjp7OTIftFQkbZEECJZx+wYRhi2rUMn5x0L2UJYB1L5nRlhYLOMRhnBMrJSRzY6CBa9RSgmA1qYI/Dpr02PDmyjyCxgAjgKJBWRYy0ly9NmEwG1JlkIv8+KdCQV7HFgu5ZhuYQu6wffP5prGDlWBKmSoNQS5+SQaNS2DYgLaiKMmZlT9STig1vdb9uWAaSHq9Zch6oCqu5zO95Yr2QC3Q60hwxVdy6nJV1aJvB9G6E8JjmtB9iwbCPG5daHQxjPrYInoR+soLh3fZLpP5cs1/abRON6Q4g0YbBhqI5omobiMRIkffWyMFdgjfvQpJjXoRsDSPIDS7RZtsPG6AQgizoThVlztL55k18tttQPqBdi2ctwYVuWSwNbJqH2QagjFHCp2jQuLcp7tJwTNgpzG3g3SF01lEINRk6hlwaUfq1tz4OJWFwKWxSc9ULOcZ6h7thqqImoEbiM+InU9lNYwuCkGgrCixG1ERuglUAiEPawOoREYcHO5+UCM5zAs6Ai8S5scYjMkgArUkFHtDdBlB4Kajj4aySKXm8BjF2M/vG+SVDYfvRqLAQQ890Uwxd5jT8jtjYDkJJXIJ5z2ggIpBv2QetN2PJXI6UHgE76NCmI9hbx2b/Tb5OszmQKEgW4FJ7bJJwx9hxNZWzl82SqKpLWePbumduwY0jjQBImN42J9zwbtKUFZlK9fuTq3sIh3OCJ19IfbYjGb6SvkMjyfl6pHjt22c8cIo0hXrl1fXFjIZnOckN97/B4mN3jx00/2KYDNFQYK7O/8539neGSARbJalXaP9Mml9cXVciGXA2Ahd+Z03/COyaP3aIP5/Pyytps6uH93X1+fbS+oswpAczHYNpy2K9x9CoX+4o6Dn773Oo9Q3868VOBOXzu9m9+dV0aqK0sS5Gtlade+nbSjNVqgOe15FfmN6Rl8do8vWKGf4fscTwu5fG9PcW29RAoXD1mdWhIEAMP14iwo4gppBWFYhbqKa5BDJlspFgq5+YVl651iTz6XyeAL/b4l+LkLV0FgwGAMtMD4juG9uybxhcsLcBZRBoxk21Tg+UyG2GI8e+GKawBMtbeQxxcXLt1wD+ByFQIPP3BHb5HQnxwfBRFh5B7aynXfblJoq+vrIDRC1M7xYwfxAvv8pWu2w+AQReEvqdEwMT6Cv2dmF12fUj0dlZjJ1I1TRZu2PJk5sHcKkKFbnVtccYsCQlZ/8BK2ZqRJ7uUVxxSBhVPwCsSSVhTlSk1V/Unv3TOG6a+ul0FQuDPz0H1He4t4esLdZNg3MMboSD/+nr7pVFQN2zrDA6XWEiKjkYT7xtCxyoidSogYcRNNErYFmL2kVPrSE6Dug6mb5eDugyMgbPvxjtDxgt0650lRQRajZF9JTTynuNvyE1jEpu3xKxbNJvUCpEAF90GqlKu2kjO1phuRGeT5LEEkQI+QwCshYmpdlhUgW27HJRv8dnSCLRGlkzQ1o6anYYkmUulBtmk2uCvGtWGIRUHKKCk+2lO2ISMilxsttxkJ10qKc0MSpJuMDwWkGDFhu652Z9F8lBJz0RM9djI1GQf6e2igabbsdC1pgChNRlCq3TQS5fBRwuZAF193R/22Ay1stTcBBg4ZCTD1fqW/ZduR6k258Fyg7ydQ5zgALu9XwZbhLEdGERiFwK4DaBMFQavCH2xxpylSA7QBRTYFhDyuXd6bcrEZTzw8EDaJS2Airtk6Y9QWwnalumBjFkracxlIA+aRkXmRNFKxYNPQCNySUGUFRVcAj1dqLdohMTrgtBQYm2iCIYB15oXRCHQOxMkTx7mssAyggH+NX83P9eWy7UkjFq1ehih1ENUW1RoWNXOx4aEtBeGm3xxq3udgMjnt7hFZq9KET/W6Ksu6jlkkbSILgZBQjRenjh47rN+i+tUQUfVw2BhtkD5ta02O7HsWF+Y/fO+dUqVaq4v4Nx5h8Bg31lfYOTbI8LwkyyNFdnIwz3K8VCtL5ZJaq+PtULFQ3H3saDafrVVKfEYYndrZNzrOcYyyvpzl2eHe/HUGSop8dX75kMDOzMyd/uCdgR07hd4BnPyyoQRzz/FjwLpfNtZACDRbHgLm4AiAY9lEMsLx3OEjxy6c/mR1eWWhXJvqEyYnd/QWe2vrK2vl6up6acf4eFbIkL2ksdhyEkMu22LMuXbBZseAG4aHB6lSICngnhzYN2FTtrs8o5i6K6MDcM8Opr8HLq6i8zeUNeN+XxH+vW/p/nyvzKh/9hIx8TI2AP/a1wSTnR+/Jp27HldjgM2NKSIpeaSE0V+kOssofHu+cXP2T3/0a+udbz335M6JHbilkfuJKhqHxeEDu/F3tVazKAWipBg4uH8noC8Izs0vuwbYNTmmCTUuX5tuRSgqOzdn5o/dtg/33Fff+NAjiP9uQzOSSGenxnA9NjoISM3OgSgIVMLjY0NUlQFcvDQN0gRu1T1UJ6xZNdMhxtLfxEh6GbJv7wT+Xguh3OYLlF4nwu1ZkkT6Pi0eDYKXRiCWJsaH8PctD+1MB0aHySQyPT0fPr+29fWt2aWjh3ZLkvzaW594BNZAoggClxWopu/F686A0JRpencrG6fIGT8Q58EDpxseOqO4xXKpmQi5jhALuTGQUlqusZwUwtQEcqWQBEKPDMj7Qefe1UJtN8C9oZHidLCh4S4tCaSl1JJY8DiNQ+Bop/LhYllEREEieh6bmTeR82FwllDThWuQ4BlMZkCAtlLySzFAqKDnqckIQ1DsABHDRkYbx3GfpGDwoAmmjsIE9nkUHE4i0P1BgsUQjxRyuQoYofsQgDcIXG26Bh6aoqbbEh6NJAVAlzQYeupBjNN2c92mhq6wINdGEAMJDHHCpqhKV/fmZIFQyGVP9JR8Q8CU+SB53Tr7EqSfaKQJqw6eQxXPdhJl/GjoWQO3YCZVmVhPD+Y3Fpn+vi3tWDfrb/iHIlcuIg4/eQI0WDaSQp0eFFE3LDTawQFCFnuI7UAXjPhoW2qySRCqMYWf9TZwQwmoFAgD5hBaNQK35DId6Ca+QHik24aoRR+G6gR2qcVap/wlgfJoQxN0Lp+80rRomyBrPOvREHIJ3+qOLXXXPppmNzSM2AVBcOEXCioQM98fQZtcNZB61QXhkfx4AkM/CEwZ6qAuyeMAABAASURBVCbHNv+kEUEnMFbxQlXVlQIPHNgDtW2YZuYLl7faGI00RR9dxYtUhVoul99789WLFy5WK3VcMywDFVnty+f7cpmJgd6du6cGRoayxQJkufLyyvlKhWUYRUFEQRqpfYMD+cEHpdV5yLJCoZ/P90K5rqgLqiwP9/UwLJ6JwHqldm1+heP4peWVmWvnp449gFNeXS1p3B46vF8vL4NFZCkQ5Bjb9L2hbeLQlUyJqh8s9g5MFnixljtzcxEp6sGBoVszt6qqMr20MjE2PDY2Lok1HiGrkpPt+KuJPiQ27XQ9FTYzDNzQ19erR1fRvgn2Kw/ZlltvnQRvfKrkM+A7X+QnhhoD6Zfu485eVX7yBqk1rkk9j2PA7z3Dmy3i1GUlvkYgyYIwAsBZQFYvSsAxXQMEyQw0I0NEm2d2diE4uZQWTFMTxITezNxiq/T0HhRcNUQPuW8PMXu2uuZpTu/APqI1WKpUDbtoyEWBJWjOXXYm5y9eP9+suhQsrgUQ2G1EEguIAo9jnT1/DaSGQ/t3AaKvKcbW19T49oy4c0I3o3jl+i3rfZcVVgJLLBdmRkdId7h+09tFMvTJgkdC0cO3iIlnBzzyY3k9hGFlnMhP/RT2FIh25sUrN31rTRD4LGmEpnKeyUrofnr+4g38CRYLHNhLbGQqqjq/sGp7ABsXxiIVNSsAwmAsBUCYwDaRbDL0YfBY+r2kZg/vhPzDxhlAmhGqsiw/jIVF8wgPWxVsTB58SYUmiLz3v2lN2E0sgITRJr47h0BngSCCskr3wrLO9+PfOMtKQykHuV5GiR4qlnEuBxKGNsUhEES9LyL5TrW2YOmGUE/ybXbtyWmYvt8mjnzleSE6ry+FeIhDJ2xchNw9wCSSl1ZEoLuIusPolLAQmumDtsO9/rttAm4fP0QEgzedyua3DuCKtKbxLob+EqZ2bdzc5AXQZY0bplbgulQ/Weoh2W2104nHhfFFt8JUvVXTlGPsz1ukHV4Jq7VszRIMusSwn1TZRBJRtsQeu0dzYYlcj4M3WN9GqbWgrkW37FPahK240IiP7iq1lLlpC/nUpJJJWwqE5sQOtrGNKEiyrbfPbAHxrCnJrU+IA/cJfyl1cwgGMPR9uRbrxoT7JF7WcjwPnbqcbpfIvGMTLjV90ZMxZP1lhLbLpXSlIP3mpnaWrHmaDZ3D1Bp+qj0qYeLdeJgHg49KIdmHHvdUw2ztrqkJ597PZSsItePp9fW1V57/1csvvDi/sEgoQEaRFVFRuWwWN0exVmcVuSDwmXweKOpSqVSr1nMCl81wQBHJKCTVoSCwHM9AwHAChLxaX5ZL65VKZWl1faS/99p6DQdbK9UWVkv7DuSBtkMGsLRW0fjYs3uK/jX3jA0YL07qB82NAyiEmnQuIb2vXr05y6rKjmJG4LlLS+V19SrLsX0rK3ccPbJrz17MZK1Wy0BAdPCgXbfQMuwgGw9geUlTAUFsZgC4obenaAT21Nv7/S/zAz2Mg+PbdrOSDH75jtwc/rtP81lDJ3C1hH7+li1MTwH8/jO6ZcF/9WMJBAZjZEFVmgpbZ8oFumpY7I6WzQhZ6jv4wpUmw2wQfucbT+HvH/zkJfzzjqMHjhzal8tn/uz7v2ZY5qvPPIpv4keOOe+u2w8d3L/r+vTsux+cNG/29/Y88tBdQ4N9uWxWUZRSqXLikzMXiCNakBWEr3/1CS1YX28PIFpZg7/zrae1Ox98dOrK9Rntet/uySOH940M9efzubW19Zsz82+9+2lNFB1s8zz38P137hgd6sVVAsDSytrLr72/vFoaGyHm9K5Pe5rTm9BUEmcXWIbZv3cK52LH2BBeXSwurX7y6dlr07NaYT/37GPZbOad9z6dnplvLrGvf+Vxgeffff/kjVtzjtr50uP3DQz0fvLZ+QuXrhvF+0V88cOfvtzfWzx2ZN/uneP5fLZSqZ0+e+XDT882c7h318Qdxw4MDvbirlSt1U+fufzBx6cP7Ce9FTeeuYUlLcWvPftoLiO89d7JW7ML1ui4TB598M5Krf7LF94yb2JuH7r/9qmJ0Vwui1mqVKoXLk+/d+KU9vQrTz1UyGfxxdBQv1a2v/2NJ7VH16bn3v/o87GRocceunN1tfTiax9gUvfdfXj31DiuYlxck+Mjl67c/OjkueaMPPrgHTtGBy9fvfXhp86nB/dNQaKaWcNrKmvx7d09fuTQ3sGB3lxOKK1X5xaW3z3xeaVaQ01VcO/x2/btGi/25PGZBW5pp89e/eTzC8089PcV7z9+ZHi4r1jIS5I8fXP+lTc/wtE15bZzdg1LXOAP3HsU89zbW8BrPdwkzpy7et5uNPGuo/sP7Ju8cPnmJ6cu9PUWHrz36MjwwM2b8y+/+RGlwD5037HJidF8jhhGLZdrF69Mv/fhGeCB5559CHPyyxffrdZsLfyrzzyIK/fTzy9dsKSOC+qBe49MjA1dvTH7wUc6TdyW7rvr8MhwP+ZZVpSlpdXPz17FZW4hhsZGBx994I7VtdJLr30oCPy9xw/tnhpTFPXP/+KVnZMj9A1idPWaGYUU9u5d40cP7yYVkeFrdfnzc1c+/PicRTlvpaeYf+bJe3Ez+9WL71lEdQA3pC9/6X588fzLH5TKVWumvvL0A/ls5sQn565en/3iY3cP9Pc4Mohx/Pb9u6bGBvqLHMvi5vHOidNXr83s3U19Fhszl4k9u3fcftuewYEegePWStW5uaW3PzhNbO42CiwIUJjw1pYYNnyQKE0tHQSBexag8fEO7xIrWEIBYqGmOT543ABEY8VFrmuz8HSSQQIEE+fJO51thMKWLrEkzpySKMAo577R0nWm5CdaQB7XXsFNeU4Q9pDlu3WYgDRR00VM2PQPfGR7QdMMlt+4CF7+ydGLBX1TjwKXT5s1Apt6SgdGTuR7Ix3AaENUK2zoeUcXECUz9MeM3h2WtSwr1+ROOkLQSXzkj49UOTEW1Bu6GyUEuHmLAYVcW7QHKRY46qS1+diArleaGqBxSY4oOI7hOB4fqRCblwRIP+prRISWKx2yrMiyDEKgabGErOMztH+1BnT8Cu5yEAE/5b5N1YHRVhqUt9z0k3SGt0IBdlceU+Zmw1doa6VA2Fh6+oWDm1w3JyVs3NVPMoA+vxNIIYUidiXZZlO6LgwYX21blCCkqsihFYg8Qtp+2b8afx2uZ5AjihkLmWvsJHJKLdy0Mo+F3Dhx5cx63ytg073WWdC2CtD9UQro1JBE7U4llXiXj6sBbIwloBGoAxmmYXeMDwNdoRbohgG1Rmo1GK9Z1gOAZdi6JOOWz3GsKOG9q1wVJRbCer2uMn2rK+X15bW+vlWW4zCNcqmyuF7ePTaQLRQYPi/VyuvXLkI2y2WzfK7I1GtSraKu3BJXl8vV+t6J4Uq5Ur+i4vRzGa5Uq5Ur1f6Rcc34Gr7WGBkbHYGOsUy7srnyBcjQ4kPA8mabHlL/kiTl1OlzfQjwQB0U2J7BXDEHJ3eO7bv9vp6hMSCJON7MtRv5nbczEDRMXSGfk6DVkmbUEDJcr2uAfCFrlurSmjqzRCpix2BjqNk3yZgagaIC1svqUK/+87Y9bLNS4ANH2Z0jegBFBf/peacuWiEDewtRGj/D9RiX4ewOwhjesE0coh57cR1euuw0Yrd7anx8dBgLQ3ry+d/77Wcz1E0nnmir9fq9dx0ZGxnCcpXmefeuOw73FPJLyw3DXV/+0kMH9u02fiGe47KZzJe/9PDUxMgrb5w4eHAXJmWlUMjl8Ee7rosSjoJ/fu3Zx0apVh+ZMFhmoL+3r69n757J7/3ZrzA/ZtzDB3d/8fH7WaZR0eNjw7/321/+j9/7eSZD3YxeuALcgIuyt5DHF1dvzPy1v/xc3mCA8DOZ3Tkx9sKr72h2/qYmxziG2bd3slkp8PGHj++aGJNVdXZ+qZn+bYf24Or6SDEUhSd37BgZxGV49x2HHr7/DjOk0Ft8+P7be3sKr7zZ8DKcFYSvPvvI5I5h4sMFQjz78wX2gXuP8gI/NEC6wOq61iNQMZ/fs3MHvqpUqg4ebj+yb2x00OoY9+hte5985G7DfTzpsUJf8b7jhw/snfze95/PCPy+PRNWChzLaK6KMeapt/E7MM2RQdx39+7a8ZWnHtJm85XV9anx0dGRAYHnm5UCp8ZH7jp2AF+8/d4p0ISJ8RFAVDMb1iLzuczXnn5YM+CnYWCgZ3CwF9f+H3//+XK1ZqX8lacfEvjG3mpwoPfRh+7AgV+2u2x+/KG7bj+y1+w/PMce3D+FA5/8/BL+icfcOcOXOim32/Y++uAdLMsYhQTy4yM7x0f6eosffNzQ3bzj2P7eYv7q9OwjDxw7fuygdvM61Qs/emjPFx69SxvqNQqknO86vH/v1B//4EWTgrU3754kKqrFQt6qFHj8jgNa5e5cLVl15np68/fccRB3RlOX9MH7juI7Fop8MZ/dNTX28WcX337vM2vWxkYHcDHswdX3pQc0D9HL1GTsgb1E2RRPF4bhTKJA/OWnHpgYa/RW3JcfvPs2XOBDg1ojJMp5vT35sZEBRXWOZk8/ee8YrcSB/qJVKRA3y707d6gIzc4t4xo5fGAKf1sMUoLhwd6vPftQIZcx7wwKxa89df+Pfv6G1iqmLWYd8/nsV790/+hIP8OwVH6qDvYX8Wf37h1/+sOXHRqWANgmLG+gkMuCAOEDpesJGIclXQcgYCx7skHTagZ0DwITSdE1bisKsEXcWDsbvz1FwgQDkW2xO+7uY6D27KbbjGAdb+NlHfk+D5knhzglQomgGGzEqYCgKkzGPidW1jTvYIZAAwWJEimduIESTzWQFCdUigmQ2shDlmdDTCRTKOA9V8BGjOQ6pm+i1B4ajYfi0InHTLLHOwlyHqaTJoMGqfYeeXnI1qM3xs6OEgmlTt1Fdt9CJdVGglyuUkuiq+DV2mHMkT1JRE7UK2I3LsPT1QtMFjYRtW6Yr+noGQJvSbZKjjp9BePOQ05oeekQ6v5x6W2kn2Ai0HB8DrWBrOFDFzWuTJoJlwyyfwUIbPkVhhXkH6O9U2kaQO3qqN1TVBuyxlIUrG1ioC6aYLcsUDtUG1ooBYYceTb+mL6NjiG9hg7b0Yu6Be3NKV7PyqoE7DqB6aVm/6kdR6JEVmIMy3IcZ0vLsRy3Lp4t1wg571h+Qf3s3Sk3B3bS/ujAgVkHuoz2BtXmn0IM370t679l+YeuHGM3O9jf1+ACYDEz3h4rmiamQ5sOI5vNHT12+/T1q/Nzc0qlJkpyTVFzHJvN8AqXW6muzy6s5HJZVQGSol68eiPDMrMLq5fPXlQBx/NMpqd49s1X+4eHBycm8z29RIGoVq6U1uuS3DO+6+qJc7KCMgJPXENiVlgum9f16mpVXWFicKDfemRP9sumDqN5U+O5SVSuv6JAQyqqemtxWegdvvTh7P6dOzjAZLn8zomxnQcOFnsGGYbFeS8tL1+6Pr8HD2gsJ0lyjjUBJKHyAAAQAElEQVT388hRLNaKq1R001CQzQM3aNbvaHz1xjz6j78kpvv+q99vqJUcmGRM+v/iB0T37G8+x4/0k5vNjoN78uALdzeGqR+/JpWroCVCLCEZrqBfqQoIDk1fOfYItXcPMfFVrtaalXg0d7q1uvj7v/dVlmHL1erC4spV6tR1z24Sy6r5p4FhYA9VrTt/QTe09vQXHjywbxcukI8/O3f67OXllbWD+3Y9cO+xvt6eY7ftf/f9z86dv1atEK2+e44fGRkaqIv1V944YRK8NbvQUyhoDNTq9Zdf++D6zTme4/fuGX/ykXtxLX/jq0/82Y9f0ALfd9eRB6l2XbVWP/HR6evTMziV++4+Mjoy9LvfeQZQy51z88uu5bBrckwrzMceOp7h+TPnLp+/eB1n+cDenfcdP4qf4IxcuHQDTzyVSrW3WBho9GgdfT2F248QXbc33v5IanqpdNfkDq0BX7l+U7tzkFr441j24fvvWFkrvXvi1MLC0t7dkw8/cCcOefjQHlMpkOPYv/qXvprhOZz6hcvTFy/fWFpZ3bNz/P67j959+0GJqk/duDmrBT50gNSarCirFuU/DeNU3+7mLV2Dav+eyScfvQdfXLsx+8ln569Pz42PDR2/8/DeXTv6+4qYzrkL13/14tv4VGxkZOCeOw8BYuPtPfKWKm10N28RM4TjO4a1ev/q0w/jBrm8sr60vPb5uSuH9k2Njgw0dHMtePZLDwKifDl7c3bB0XyJy9oiUcfERa3dwcPUX/6dZzmWqdYl3DCuXCNmIw8f3PXUE/dls8JzX37kz378Gy3k6FD/17/8CMMwcwvLr7758fziSj6X+dbXnhjoKx4+sPPVNz8yhYC/9dwT41SzDTeGk6cvzcwt4p8PP3DH0GDv/fccwfetepNffOyeI4d24ajnL9548/2TlWo9nxW+8ZXHhgZ6H7j7tktXby4tE4fUuCtqnE+Nj0yMDeO0cGdZXF7DBbtvz8STjx4H1LYiKeeb8+Ojw8fvPLh359hAb+HQ/qlz1FuuoyhwW8V5EXjGHPZYln3gntu0a5x3a+CnHr8Xlx1uRZevkvL57re+MEwtO87MLZ05d31+YWVifOj+uw8LAn/89v23Zha0YqTVh8sBkep76gFMAVff4vL6mXNXATGcOQRJB1w0G+Ff+e7TuGvgpdSFyzdxaayVKrip3H/3bcdvP6C9RT09TZoWnrBokzAVcwn/O0YHJ8Z0dVKrxi2u8QfvPYwvTp+7hoea3TvHyFoEoWvEPigZRUeG+3/764/jDogHqE9OXbpKOT9yaPdtB3d++an7LT6LSSo9xfxf+s4XcZ/CpN549/Mb0/N4Tjmwd+KLj92ZywjPPfvQ93/ymskSsIuP/WCdiDoQHraK0iqiV3h9MRQOcUQj0eKmIozZrGpZ29gICKBRsRmbXtQ8BTjWCksuXaAWv1JJwiomiUs2AvOJ5NCHiKf2ZLjEkXXzCpIESihM24AC3UqM56Rot9UAAnkBjWVVLEKxWfHfuKNzcpwHXR0FF7b6hu1UsSeebooZaWfv6HbHwdqbySlw2c16kOFgE7VGT6I7jqAtLITIVyt6oQm0qyDSTCcuYWiaBDB0Ai0G+6jTcfOBcdeqE2hc63dkRfZTCnRdyViPBs0eS76hAmVIDAW2svy3cWf4JmiOkjc5ELDV81bA1snpNraxNZC0++BtBEW79W4MHYmuGMeh549uxoZhtD2wLnnbDGj5Hz99vNx3WZo3Sbwd+kH29X5TnEYw5E2zNcxdjWbJjYgGtb2MLYyTL1dmmxaqlufOiB1q5vQYHmxeQI/rlgGTgPl6WbEnbyZgWp9UtbdskX44b7zahliGGRwaygoZlmU4htHOMSqiUlWAymWqlfWbiytU70Eu1eq35pZuLCyvVUVJ/ODIlRuziyu/9fu/u+ehxz/8+c9LS8vD4zsEnsG9TFTVtz+78Mr7Jy/dWuZ4LsPzAsf39xWKhYJYq3L5HsyJJOlOb/OFArAUBn2vDjY6fGPLby03+h/pD4juVK127ebcynp5aGL3x2W4UwK9/UWJFUTECLke3O0ZSZTq1XdefWPy8d9mOI6BTEmEKMuwQBUgYjU1Vb1PoEY6FLWabhyOYVy0jgAxYSUYxeleqa98JH94jmhTSTIQab6LeT3ketnZGUwjghgfnVcuTjeEFGMD8DtfJIopVlXCv/8dQWP23/1UrPt5EoaMrqoYtgtC4+MXEbVo2SPDxNTW7MxCcwjNZlsxn5dk+Vcvvn7l2k3z0dAgUYmz+BXVsWtqXLu4TnXU8tns4YN78MUHH3/+7ge6fbJzF6/enJn/63/5G5irQjG3sLhygRopfOj+2/H3zZmFCxabhbid/+53nmEZdm5+6c//gthU4zkOV+q581f7eor33HlY4wRjcsfog/cRjcDzF689//I72s2llbXL16b/yu98RdPhW11bBx7QNCABVWb63vd/qRlLw2Xy3tLqwsLKV595hIFw3+7Ji1durK2Xe4uF3h6nNupzzz6Gwy+vrJ06c8m41yh5TQWwXKmadtfGd4xoFydPX3jtrY+1649Onuvv6zl6eC9nmW6+8/UnMzynqOgHP/3N8so6pILuxaXVGzfnvvONJ3na8s4a7m737Ca2/ZaW3PQ1qSNgzd4hxhceIxqBOHc/+/Ub2p1bs4u3XnjrD37vKz3F/PBg/zlw/RL1NjtFHStXa6Kuq2ewZurwDQ/1r6yVfvH8W/hbezTY33MYgAzv3OY89tCd2YygKOrzv3m3ucntnBg1VCdJurjef+fbT3EsMze//P2fvmIGO3P+Gk7x+B2HBvsbhkKf+8qjuO6WV9e//xM9ZKVa/8Xzb/7+d7+M72cEvkq9xz5471FNI/A3r584YxTa6lr58pWbf/2vfK2QJ53xumF57q6j+zWNwJ/88o3pmQUt45Wa+Kc//s3f++vfxAP14QM7337/FC6JXVOj2jA+MTZ88crNl9/4UNONI9VHHS7PL6787Hnda/OtucWZFxf/6nefxaU3PNR3/uKNppLQVw08VXrT8MXH7sYnlNp1NtNQChwe7NtBzTe+9CrRpn3mi/cTjUCEfvWb901nwQtLK+cuXP+D33uW49i77zyoKQWS6ito1de3slb+xQvvrK6WGzVLH+G8aHe+/bXH8ayBZak/+tkbmJp2c3l5/eatxd967jGevtpBlfM0655OPP3kfeZ1Id9g/r67DwuU7JvvEG/jmhviclU3T5gRuG995RE896ysV374k9dMyjNzy5Ik33F0LzB8FgOqNPnb33wcjxhz8ys/+vkbPM9T+TLCXA0MFI/fvn9woMelnENP+2FjRNYObMQKFtMyPacIF/ZixfXnunl+C5EodJ8e/SlA284decQLW9q+k3y06gu1drAlEWTlH6QJdmjvskGxIQ4w4vGHYqs9ItthXkxSIZmJpuMVRODgkqOW0sFg2kg2cUiQQgMt+IlZ8yERPLEmhbDgGkemybdUMpdieXVilPBPEgYMF5hgKDowCsWkNEQSyUuovkkAE0g4oVoIYTQpZIrQd9h0Bm/12Aehq6CRLgHZn6MuUrhItqk0wYUosljU2jqADKNvW7qw6tuRjkdqEHRLcSQH1K5tTZSSa13gzjMPaLvt8jogHdE04xD6SZR2SIEFMSGXIObppPZ6J9RGCkMUj6BqY8/qt1dXG7Q9D2AmMDxQnK1J55t5iL7Wtia8jTaijZ4Ru2VQR0npHDTobXp0UR7TZyWdFIJJX5KCq9PM8OP39oi/jcBorAxh6i3HXN8lQ6nrAbdQX0zAbaUGVVFkfLrr+MiOj6xoH0X/qOSjkI9qfixA+gdZAZyfIOdzxltMEJ8342Nv80PBcjxLvu0f+oclHwKGZRjyn36IOIGhey/yYTTZkuZLNsipWws+Y3zMnCZWp10Gu/Ya1D/OIE29t0VhBYcpNuKJcoxWybDJKTUiSj70ttYoV9dWb92axo1laKif0VoNA3GDvnRrcWZlFeYLy5X69YXli9Mz82vrpMmxTG9e4HNCdrD/D/7RfzF5/L7BXbsOP/rgzfnlS+cuzU7PLi4u4vb2yaWbn11bVAASOC6X4wWBnxgdHpmY5HNZKiRApq04geeBRQSEHIUCmkUOxl9qz2lueeXUxSuvffDZic8vQpbp6e275yu/U5LUQk9vPp9XGX7+5i1ZEuuV9ZnLly7eWioMjVGTiaAnz2IWKiKqIGa5JtcVhZYMai59WTYkBYzLyxWQKIjY7FQ1Q5TAwgrCn9USCfCtx7mcoKdx6nIri323FmxCimwW9OQg/pjRMbQ7+MO2co1usqtnIco+D0YcjLVWmMsIWYFoQV28cqMpAOwtEt1QPPL+8Z//0qoRWCzkdR2g81ccsQ4So4BgTXdlCzRzZRgnPvrcGqxUriwtr1RrGA1vnr09RZwdBydfefrRbCaDQ/7wp79p3KUl9dnnFwHV4dM0w7725Udx9IXFZVMj0MTJzy9ozeD69BzwwATVe8OUf/Szl02NQFoQ4NK1GzLtGlPUo6tmHzGfs2mjHjm0Z6C/F6dhKtiZvGp/NBXAWzMLOlWiTkfUCmfml0yNQA235kgYRdV73l3HDo7QYvzZL19fWFxRyBQoE1kbhDNzi5JM2qqqoLkF3QKirq95fdaRwV2TOzSv5ddv6oWgWVl7/Z1PHNzOzC7V6tLS8pp5d3KCuvSdW3L0RGJekcZaWV3/kx++YGoEgoaFOZjPCub42VvI3Xl0P754451PXN/TPbBPU52saTphX3n6wVyGr9TEH/38NT0E1EWHn52+DGg3H+gnml57d43jxoyL5ReG4p2GUok4F6Y+r0lL6y3m772L2KX78NNzpkaghrok35rVnT6fO38VEN217CMPEjXTV978aNqoOBMLi6QZTI2PaiWgOdvFOHXm8q9ffs/UCCTlnCHl/AZVejMyQSp3dm6RlrO7oqpCXc/zhh3lnmLu4L5JouJG2c5YlAWf+sI9mOLc/PLCwsrB/ZMH9hKt0BdfO2FqBGqo1cUrtFVo/qYBUeEd1WoTN/g//eFLq6TZ68115+SIpnuqKf7eeWz/yFAf/vnzF94xNQK1jNNGSDJrKufVaae2DkpHD+/pKWRxMOpWG+UMR8B46rr7DmJc88THZ7XZZwexXAjMivjyl+7neRYv/X74k1cduoYnPtHdUq+uVYzA9+E2UKnVfvyLN/SMGJsQvbUwemuxA4FAq8GYUUDw8PZVBwo5vAdLxVx26lE2lowsPrfBVOEi2FLcjEAxn2+jGZu9zOIcu9mDJVBSSTDTwViBaYfTVOiGJhhQ+RJZFcIiQDP5RvU5EmtUgZcB0VYLNGbyVeTFDAwWrFWcwGmFAnKlE6YZxOTB2qk27qidJOfWAvWWjCWYoj8pGLpJhA8GzQ0FJHJdIsIF3QFndlpWStR6gS2oIdAtXSNdNiAR3kMWsnpSW2aDYFTzxh0Ao6F7GrYLvM4xYOOHrsBs1QWD0wAAEABJREFUBR26tG8DdG1Ej6nwE1Y/sILkE+tYiB61EejHchT05E6HSsWZ5sGeBnLo1zgNVJQw/nMCcgUiL626pTFY6tpn6gukub7xR7GudGSfJtqR2y5q7UDPcVIbt02PrdUZQKpo1yqg+TAbBtmEI2My2Gqrs9jY6uL9jZb/7eOYLoWuKpeKYf62AQYLQfKqIuKNUXtjyZlh5P4Defx1PE9kXaft6ID7jOB4o8T6E2kM0F0gsRSoEHVFY/Zzr9rW7G6UDqvtpFo13jRyAiHSHfZBi24gAMih1wVBb3//XcfvL+YLN29coRIo+mGImsjCysruwZ1Vjl2u1hUG5PIZyLG7dgwPD/Y9+ewzQK4XB4eJeoZc7xka2HXb7qXpWZmF+XyezWWW1soQqlleyGa4fCbLc8zw4MDY+Gi+2Cer7mYqkc45sG4rIbCLhGk+tHazVq5cmp6dWVyrlKu414wMDcgq5h3e/vAXP5s7C7OFXoHH7VVBqLS+IpbW3n3zrd33PP3emaULM9WH7txVzPE1WcplWElRVyp1USB2srI8zGDpK7LqHgKXazvboWrw2Qe4w7t0E1xzS+rrn7QSQ3z5Qf7SdL1SB50FFrFgkQnSmzIItR40C+fgwd0asUsW43waiA4ZDfjSK++ul8vWEj18gMSiDmpLjliag9rpW07du2efeuTV1z8oV2vmnT/+wa9tEXcMa5Y8Ll5uKAVyLLt7CrMBXn3jhKmxioVEmqCJNWzpUTemk0STFYG/+PmroAmLhtm8sxeuADcQDUjq9fj0ucvzVLvO0X7qoshls6UScRo9M7d459GDVq/3HMc+8ei9+OLTU+fXSmVX+poKoJm7nZNjWhK/efV9R+DBAaICKBpmO++64yD+vnzt1vTsvElNewcXX1erdb4nb1ZEMZ+jhgPRuQtXHWQ1fTtcVo77T33hvl+99Lam4kaBXnjlPUeYvh6iHnqpSXPU1IT7/k9eNi0gajBVx3aMDZnaaV979hFIXQx/fvaylpajpDXjlDNUoZBl2F1TROnwtTc/svu2JrHwtKUNO+vrJEeyrHz6+cWZuaXVdVsGd04Rgmb0B+49Coipv/o7H5wCTVhbK4GJETzVzy1i5uGD9xK30aVK7TR1p+vUGtdGb6RTpn54iRvuV9/+xBbMiPfUF+799UvvLlgsOL7w6gegma4B4rCMA4JhavHZLz6AA16bnrs5s3j44C7OuD81gUfxXszHb17/CP+8/27i/vjGrfnzF6ebac7OLR3YO6EYNbWfug7HhfjDn75mqT5SvFrNliu6xb47j+0HxHzjrOYz2oFKTewrcmbJmwqRmi47/n7kAVLsb733+e5dpEKz2YyWymMP3Y6XLjVR/PDTC0DrJtTf9MUrhHncrSZoqb729klDI7BRVtWaiKgu/TQ164gXQbuozi4OjKubMV5A16rJ9GW83tT+LQg7bwBzhgwZ3gRsJgBbxQqYUFMqTXA7zPKPFSCtqHGRJW6g2J7pBq4MrxkTBooEHb9BFGqtEkiWbIQkbMmhgBlFjUXjFkHYTVwnSiaJfaZvGsamFiSLGG4RHJtfEBGBIyKf361h70AgjOYKsihn+AYGrUKm3lJCJeAeGEaSnOhlhLwfh6aXYLD2wHPK095RJYu94C1Ii9m5HJrjqDcD8VmzKsO08zwy2UJNhpqmUILo69bNzQB4rOfaiSY2XJEMb1RXNIKlwPaVTKp9M8JmqVNIoRwSGw42EHzfOAjW+1JCwskSpTgIiJm8sJSh537d9JhrfezYskInLVLo5OwJea+FjGvHalcXUOEv1XpXlxxaLegT8QiR1ajANO1nRlA3YTPfcrqtQbLbwZVckthCNbtFlCCJgjLHKcYRfGxsilJDsR5vLmyezJpnijDg6loftM3gm2QQbw+2jIi6CdDzR1tT3tzQPGxunS4J4YbOaNCWqR/843+h3ldqb8PXRHXGL9QsrDNPa6h5KWDs7o35hMSGZD8IqaKcpn0FG5vG8EtPCN0PZ/0WMq2eJyOQ1ZUioU2mlV51mbqHkiTzbIZqPTENrUBgCgnsVnvwOphjevp6i/kCx0L6Bh9R3FRktLCyCpndLMcKDOB49vSVmV4hw8uofGPppVs/mBwePv2jlwujgz2To/OlNVlcP3hoXy6f5QW+imBNlASW4Vk2I3AZgbhWzPf0jO85BDke1kXMAV58a9ozoiRlLMYCDfmCWWbGMGcIObDkZL1anZ5duj63CCCPEMkjC3GTYj76/OqPf/SLoR17/+43nhBvfjI83FOr12q1au366ur8/FwJTey8/erN8vNvfP6v/+SNf/z3v3J4zxDHMGulqiIrQiFD3hWUYZmBOQ5mOaoIRFPmOIYYCyTnPLJpac8KixaRT/V+9WHujn26RuDSuvoff+Xi+/LanLpjiBFoKJYB3/0S/x9+qQe7tYB+8Aq5HuiBX7pX5+QHr0paP7IYwvMG0nVoQp0W4zJXFUV7CzSUhNKayr7dmrPOmtK03Tqwn7jTrUvihSZ9wT00lmYwzwrioJaq1p2/oNtgu35ztlytFnK5vbsm9v7+N0VZXl0t3Zieff+jU5JkMxRHFA0hqNZqVgNy9959VGP3iUfv0bTurLmgRtSgopIXTO+/m2gdLSwt10SXEh8aJKbR8JZybn4ZuIFYvKMJvffh51b1XBMZgTg8XaHeh2dmFrWHfT2F1XWiAvjMkw/itlmt199452NX+poKICK6fbrBxYPUWzEu+eVVp6G4XdRm4QLRSyNOeDUvru99aFNi07zaA12/Cty4qdsFPHSAWGqUFZWqCdrak6avefPWvHnn4pWb+/dO9vYUfvfbT+Md93qpMju3eOKTMyurNr3G8bEh6isJXLzs1DObGB8GRAd0wVBhbDQuLEzEcybHskOD/ZpS4G0Hdw8NUGtzz79podHQijKdEWtOiu+9+7BG7YlHj+OPI2lB4HEElb5rDEhLm1srle+967ZHHrgdVxZL343GIl2NIWoDj2DfHmJF74ym5NeEXqr7uLauZR8dIJb5iDXNv/GXv9o8iuRoyWvKlLgyKOfoQ8N8nRUXr9zav2cCj+bf/dYXMbfr5ers3NKJT86t6oYV3Y9XtC5JTcyCyYnh0ZF+XKQvvfLB6Ajx920qCz75OPEBffn6TKlc7esr9vWSLLzz/uctMigaJvf06ptZEJ0Of9HE+BD+1sw9Dgz0ao3w/RNnXMnmqCnEacMMp/nmAXHZXBMfe+hO3FXXy7XPz17ZMUqYz2ZJ+GyGv+0gaa5vvKM7FtfNEyJ0lXo3vvvOg7gSZUU5e8G06dhoLSzLapV7ljpfvvf4Qe3nEw/dgT+ATGcspqYCYjNae2uCvozeeh3nIc73QawDsjAxoyWEPPQC9W/kHiROpmIViKWSQyOJtVww5lHyCXcxWi8vHOYkkP3IaRt2kGO34GeN3VqObeILWb4DBw/zIBmgQLeiEWoZBJl/w8bsBBLQCNQAfUM4SSEjQswT4Y3bbVuWJ6RagUCJwLeb1DOp7Aei4yF27Ua9uk4gOc7xehrvBFUG7+08nje6WQfRNjF8KMGLGaOdgOlpam4UzRoIGsLuWGhsS5B13k0SHVIwDTibhkitzU3DI7kQqwRo18yDROZOZBGKdTsY1GkndLsBoTUt2AjY+HJyoaeqv5bfIjXXh+4xdEI2etTkKcSCEqIF2WVb2ZArPX8gW//1SHJDzfZeRWSc9oUhtHGXOe1lPfFmGQ4IbDyVwKj84hNQjuM0e6NgGyiBEJsIaWYWtVuuy4FttAldscrpCBOd0wiMltwGPVqBpp4R3Dib5Yhw1/fqNiTBobaLC2s/ve1loyqKZKyWWrY8dzmGSl5Eg9T4ttrytbAWj+zDDIQsp3nqcZcRWq1AN64t7yHazEQjayz7LX/YGKOvmiCzn7Zh8WQa9CqXKvlsVjsO1BUAkfXFQSom0NUEdRXBTDbf29fHUiclHAsVlUgGZEmpyQp+TLwA8/xIf8/MrZWshA6PDGVyBYXld9x5IFurFYT8oa/etzZzlSGmIHmWY+ZuLZUrFYFjBB7XDcQX5A8EPJ8xBRGYYLVOLOBVyuVMfz+wqU0iYJiks0o48I1SpXpjbmlxraLISpYXIMuX1Xoul5Wl+npJfOWt03fc88Da6up7F1cePnQfx87lVfnmzMza4mINCgef/avD41MHM2UOM7xrEJ9I4PzKirq4Wu0tCJh6TVIKGV6SlIrKAJYTkMrRlLPZjGa2DSk1yBUbBW5wZRpag7BVLX/7Ce7QTl0jcHFN/fc/l1x7AO5ef/Ga+N0vCtrPsUHmvtvYD84QybgogYvT1PHlYKOxXbyhBh8IkFq3Mt/8vAUpfYTy2yC6KrphjAwTHZ3ZGRfrXxPUL+r167ea2dAd1F675Yiya2pcu7hu6Kjhxv8nf/6rhx6488C+nRlBEDh+ZGgAf+6649Brb544deaSGXeKasLNzC1aCU5SHnCnZVnWkQHNElhdEjUrgP0DxCvo6XNXgBv27yW6R6tr7n5aAbGiR1T01svlUrkCbekQDA/1c1SpaIEaEVwvV7SyGB0dXF0vj40OabqVv37xbQ/ySFcBrFRNe2wTTSp6JvqpN+TL1Fja3l1Eia0miotLq80he4t5gSclc9bwhLtnNwm/pAduVBnR18wTG2znLzZUPH/9m3fuufPwsSP7eop5lmX6+4r4c/jArtPnrr78xodmsEP7SelVa6JsV4xnqPlDSPw4X2jILy0FV67W+ooFrbWwDPvEI3fji08/v7jmYa1t58Sotoq6QlvdJFVZU2y1bwECkihp/moxvvjo3UcO7wG0tZQqtTp1FsxxbH8vGRw0j8mFfJajpE58fNaVgbHRQTNwPitogfFwRBho6oKaPbyrN0hTp9pshPNTZy4399XnX37vnjsOHb1tDy1nwhL+HD6w8/S5a6+8+RHwgKbsyNH6feqJ+/D3ydOXanWpXKnhpDQtt4P7J3sKOTxrv/bGJ5AYbpyEpLU0isWBqUnS6jRredQsX46SvewIZj7SLPbt3UnM+1Xr4uKySyPs6clr7uapch4yT03wH17gsUDn6OHd+M5L1Cyi5sRZ0zj/wmPH8RphrVw9f1G3QIn5B6TZ6OYJJ3eQBjA716zIS57ecWQPsPgsnhgbAnprISWjrVLxN4sl3iwZiOqi6OWp2SBpbbzmgBpwGHcMwCFjoeBuqOIl5IhlFW0iV71A4B4xcorBIyLvecvrVuA1akAebHqTTU3EGQO2IpUQY8HJxqQfGS5nTha0fXe0sZH6DiUYnGwkeh6RnP5QEyUYgjpq+bN1VBQlli1w4xo2PbMFQ8DleWPvjAKk5RUkbEUEmSIjF0jcUG5BUaBQMQKFDOlHqO29DEXlHloobCqgwIogQWglGSzZRAOSsuzz4gw1odPtCFCMp0lFSYAsTDBh6FieoxhjRhpoCydoyy5jA42F1rLpqunAaaivSQPP+E+PMKAmYtLBupAAABAASURBVGQseSZvIKOAiimo6VfDGU9judbgyKWkGpOqr7m+ZPp4eieXsLsGiSgGXjcacBsm3myoPZNtXaq2oH1Nqi2TbqIpbPbutg0vbNSa78QyL4RSYFdNqRsNW3H9Dn1+dxs2eB1RHfYtYssXAE1nqRuqLAEeWpOwKQR2ayOl7jxAdCCGagS2lvS1gNt5LbQ8bHpN03rsQRWa9OeeW+MYuYOwYZPP6knQ0A5slrw3JeYboAVwWnRHtri8NjoyBADUi1rfmaraX8chNKAWHQVinIwYgmOxfEIlHoR5FsqKfGNuYe9Qb71WWS/XCllhdGJAKYnrtdoOBWUlCc3cyhyaHDi6i4GKkM/X1lZ5jpdl5WevnqhUayx1uZphWY7oBbJaoZjVnskJmlLg0vLKQH+/RdkMOQQplGOoqsrlmYVb86scBzMZQeFUURQLhZwKmHpdhAxXEmvH7zok1aU9O8dWS7W/ODH/d3/vsd61S+yVyxWFHX3q9wdHxwvF7O6McM+BUZzDfIbYfpMUVZQULJLBm1mWKuXUJak/34svIFHOInYI8/m8phSoKhXWohRo1k2tbvj3hQzwwHe/xO8dbzwd6mX+0V/OaNc/eEVaKdkq+vJNdOGGcmBK10968h7u3HVlrQy8EXRRqcoGFYYNTwpae5APM3YaWUHICCS/F5rcwhJ3ukViVOzCpesOIsVCnproA2fPX3HEOnJoLyCG1mw+hWui+MobH+APTm7PnsnDB/dMjY8ykHni0XsbSoEQ9PaQSrT6DgZUMQsQFa7PLXby9DwQpWOGUXEToU2UZwlLM3Mu2o0cy07uILpQ16fngBsgscRG1NHKpapDbKjhwXtvB1RlcFW3IUe8CePsjAwPnr94/avPPAKIctjM9Mw88IBmku2WoXzZ7E3YxNBgn+YW+cLF6/jPQH8PZqZcrjp5piYzH7jnGKB+ZucWls3o+PtKk77m/r1TWnfWNN5MfPjpWfzBhTk1MXr44O59uycZFh45vOfDT86Y3mAnJ6hL3/klGwNEh2/MqsNnoNFW19YrfcVCP7Vd9/ST93EsU62Lb77zKXABqUTNwXG5UtN0wrJZosV44pNzH3x0upGqAaLVzJIhAhfF4w/diXnG4+lb73726emLphiXZdi/+9e/gS/OXSDNeGiAaFviKJIsN3Owe2pMM793jmpY9veRwLKi/Nv/9FPgt94xOTe9CTvY/fDkOfzBA/nU5MihA7v27R7H09CRQ7tx4a+RckaO8IA6RAbUUuCdx/YX8sRm6lvvkV6gNQbaSNDjD9+Jrz87cxmPkLg4ClSTr+Lh2rxYyA70kV72/ofE4N/OyRFtbm3W7tUeIV3xF/X39VCyNVeyD9x9G9CV87RGSPJCFHkZRuC4Jx+9C5KOuXxrlrSfKiUiCDxu/3t3Ec/gL792wsz+uN5N9JamZWdxac013WNHyGizuqa30lyODGUffnrhg48aGp9EuM8wiPQRFbkVMjA5Dq/t1RIhYumna6jta2qo/wPIxkpLtFdS0jiOiZ9uRAra4hEi62Goe0DnkxD178MCiIWwq+dUlRTjbFQ2DTqrQhMy0VjHZ7Ez6LKz9d2g+VAESaGdteezN0eW78j0042QDEF7qJbbHuR2S9tso5ahIqMLB7dQw3JM/kMPLHEeO2BvCUlVRIKrnY7MjwlSQx7XzmBJqwRFpOE9xSZTESj0xJjS4BCILDRCJsBEo6ehLjMq1qbhF3WjNmT60Jt7nGHZ9jNo07HbZLANL2H0tWGrBFBTIBiCQHB4DUbu+YhV1KGAAIBpt2UYq7skONAg81/r9DZa57YeqwFd9sXiLkLfLt70IxVCCc1vGwRoQ7bRzmO7xNqKDV/cLc8GEkd4S4FdtQLfGOiSIoMdGMG7IOtbpMGShZck69oyW2SmhptoTeLRTDV1MouX180MPZsobKW6HbEjYtAu8MkXaooeNKQfNJ03huNZq3InNWEIqRav6khO21dYvjUyyGakEMHgXEFDI21uduE2ojJlCpLIu38q0ryIEaVOUyyh2QxEREOM5XiO54nuHg5JlaCIRsvnV26MDRzlGFiqixmBFVhYz7JlQbkgLvWL1T15frA/Axmo1Gs0P1CsVs5enT9x6oKqKCzLcAzRyRAlaaCngFNAJC2qIIlQIZ9bWSG2lGbn5vfv3aOVAbTnEhnWAlWkXr41u1yqQZarispgLiMIUAWECAJcvS4PDPbwQqW/N6cgFicgy1K1Lv/ZS6cH+4sHRu88+NhdhdFJgWczDBrMC7KKcD7xNwORLKvEzyNCAnH+iCp1keg1KirmHCEoM4AHqK9YnKNW5VR5jc2MNpd8pVwzCtS99xZzwKoR6ADr9uQnr8v/2XdZgS7ccCP6S0/x/9+fNNxuLq6hH7/m9MIZZOxQZdN+FQPCAmqOnxQXuZYzpJOZgwd307/oUpOD4F2TO7Th4PK1Jo+xVMFOUTUHtQ3g9qmZqZu+RdTOWIZ58vH7cMv+zevvawFqonjm3BX8efKxe4/ddoDR7bCSr/GxYUhVdR1KchnqodXhaFhDf1/xt775FCbyi1+/Mb+4or/g65Z7nJx2++yFy641Qu2i5S2/bU97i4VdU0R76bPPL5g3y6VKdlAYHOh98N7bC9msrKq/fsnLTKCmAliw5q7Zm7CJQwdIpdQlSfODXOwhjDW/nYxzWshnNQOH1orAowVJqEnL877jRHPLNNH3+MN35bLZt979tFQhGma4Nq/emMEfXBG/9fUvAGJSbmz1zGUtcB/1OXvlyrSj4Bw6fBbohby4uLxzfCSfz40OD+zfQ4zAPf/Su8AbmvXEmVndWmQ2Q1RCZa327Wn39Ra+840nOZb71UvvzMwuHT20B9986bUT5y7aWvK9dx+CVLd4gZpOHKB6fl7SwMcfIR6KceA56ri5n+rPqR6vaD/1+L1790wsLq78+BevA2LTzsa5iccevCOXy7793skSVYZTEC7nWfwZHx369nOPA2oc8dTZK8Bebho0pUBcCHcc2YcvXn/npDZL1OpkkMEj/PE7DmQEXpblt947iYsCRy0Wst4DHnj6C8TcYKVa15wCH9hLqq9Uba4+/ZFZs8VilrZBl/eNcSPcT837mfqyek7IjIUrdGhyxzAm8cIrH2j3y1WisIgnoC8+fjdmc35x9eaMXmiY7R7CP9LME5K806HWNT9794z3Uk/T0zd1TdwMdWEs28cKbVTo68l/86sP4xHpV795f/rWgvO5P0IfZESKhez1H5a3sLHoOoauNuiiL/jiKnKKzQhcnvTUAsahoFOJE92XeEr7hPQoJwVSsFtks7/BEXrHHmOLH1c64HbwHppm0tpCyPE3XKxWd2yA1oVKoLRQyGN71HQRMHxSgcPXhVsMGKJKkDOYPwvpZKRNCF6z0DLLoDg5Mkn4p5k0ggqcgkJvLRpAO5BsKglSQ/ZrrxaSeCklQDDS+O+nL9II1dm+H3rRDpPleOsYQjBBdyI2IbDhQWULlEWULEL7wbqt4IBNZqfJ6y3PLT/cpABYIqEEdihp6axGXzDWSwgaNxtbcKTxoiiK/SSgq22uwS3RCBPA5rcTGBkbuA2hLSWE2GJzr33sjkdkU2NLNYvNllkfpUBo2alvz2Ah0Z1zQzu46pacN9b6XmKizTN/U6NfCB9aQWZLdFaoD07tTbOd0bYUEIhq59KrdFE3mGc3mLNJdam1LIbeVU2jfVowAIBTHdBy0/gVLnGGYTSPm9eu34RGx9H0L3WudNsFpA6ANVli+53v6x/MCALDEMU9joEyA3kE6pL85mfnHj+2D0p1UVL789mpof6JsaGde3cP79pTGBjhoESkGfUaUmSxWl9Zr3x0/mq1VtdynhG49Uqlv5DniNKhoKktEsVEgIq9eUCVlK5cvfHIg/fr2Wh6u5P6RAYrq2uLKyUJwVw2V5fq5ao4PNgjqwrPc/kcXBN4hmWGhwfW10s48PBgv6IiSVYP7JHnl6uHd+/N5XurIuETFxEOWavVc5lsrS4LAisT24pqrS7lifKiLMtqLpeXZIXhICK+lBkVKQOD/eDSVcyMKi6DgksFrK230rQjCYRpn1qTkFXw49fE3/2S7kS4v4d5+Hb27c90n6qSDM5djyIzUuu6mTeGDT1cQV2N1G+gc3usOb0tV2vNkrUD+4m2Wcni7tZEX6+mLOWM8o2vfIGhbekCVczKZjK3HdyLL0ylQArSsjVDg5Lc8EU7NjJIHyLZbsJNlCRMZ/euiY9OnrVS4Djut7/5dDYjrJXKN27Nad5LAbGHt3PWbtDu4L5dhw/u0Riem1+mJeGUHRAVPSpyHBnudxQU7nrf+daXcL6q9fonn5035Q4ra6Whwf6hgT6qPQneePsjV+NzDfp2FcBmb8Imdk8SV63zlFWclOaxd2CgzxqGKoLCb3/jSZZlcM+9YThr1ly+knITZUtxgbuOHRygLolNb8XHDu/Hje369KzD4XJG0EvyJrF6iOgdga5qQK0mOljVzB/OzLpYZ9QKao76dcUDzlefeRhfXJuebWFMkapOEtOAFy7pGo2SJOcy/O5dOz4mJd8AHrh++5tfzAr8erk6fXN+amIEDyCKojo0AvO5zPHbD+KLlVV9KBBpHeHo/X3FlVWbSuszX7i/l9puXDOU20plokAp8Fwhn6Uee/WxEOPuOw4ePkBq8JPPLtCbmHNS8hecdh/Rsdv24uENl/MZw7+zhkxG3/3ddOoRNhqnrBBuD+2bwrlbL1XPWinQUA/ccwRfvv/RGdyKVKgCBZTWiYpnf2+RZaBib1oP3ndkfMcQ7mKvGI6hJ8aJv92Z2SXQBN2wpfFIb4T9PY5guMp+6+tPaI6Mp6dtNasS6Tn70H1HATXTWDJMXWrmBnNZoZAbIsqCr54wo5gumE3LhQoVwWt8WtFTzD/zhXu167Ok0klxSJKSy4BdU2Mff3bRGpjn2d967jEBz3q4tVCNQBz94P7JM+evu5hUTEWu6E/UemoSPFa0tKwwzmkcSx7740RTbIrrypELIHINEnNf2WIRAK1fwRYLqMUvK8HwCJJ+Ug03wsK9+T2Z7Y1XSkhxWxVsD5geAyjQo/BMRhLKoFa3UaS4IdPV2Q6qxxIqUft+NmEdrnRaiDdVGKpRpJXrJBH7wA8lFCZ4pPg9DiTccWIhwapPQhEtrUTDkgo2RBsIqiEamGA0QOd4Fz/dbnA/GZGB+L0DQmg4DOl4IQQDzXO8jDeUEpAH/XjogpK0rdltzn6oCEh/dczLpJwhZg9ePEiTxiHrJovOfE71bipxRm5JWkOFBbJ/Oe5TVUFo1whPo44SpglBN7QkB7qOo0Drq64sSl9YuUbmIVNkEhsK7Xp5o0uQamYTJZ4MMbTF6tdYbWyEHetmQ4cKMoClQNgQ22/86kbtkhRveXl0lxQABABuubrYDD3VF7DNFRsvse3zqZaghv1kCHVhz+ZYd0HjD0KqLCHrA5Zl8R9iUz1oVsNxTDzlAAAQAElEQVSWSKPBsQyn2Y67eImqdOjCNAipgT5D4KD9115cbLjm5nl+YufOnp7ehYVlYiYQQoFBIlJZBlWq9TdPXXz02D6AlLok57OZsZGBoeHBYiGf6+sDqiStLYjV0sKt+es3Zu68/671t0/i/LJEH4uVFAXJCtfLYg6KvT0Mx2nrTsxSX5/uh/fs2YuN2Rq5lIcsK1dm5ss1MZ/PcxyXzaJ6XcYF21PI4zakItTXWyiVKyMDPSwDF5dXORYM9ObLNUkU2aXF1dGh/vWakuEYXDnaWFIXZSx3wnnhOGLEMcPzqopEWcGFUBOJ6gZDnS2zdHjFf4eHB7WhVq4tZNzqYHVVdzqpqTRp+Od/ZNMCcfxsRnOAK7eQb6ywUERdn4aBLAgLSPTDoNpyjPN4ODI8gL9nZ1yUuibGifHFGRcVLpTNEZ1InuP27Jq4QrXcMoLwlWcenRrX7TVem54B1MGu9vPhB+56+71PzPj7dk8eOrAHEJ+nF03Gent7tLyMjw3fsiiZXbx04+47b5vcMbJ7avzqDV1VKJcRvvONL2UyPG4Rv3j+DUB1B8uVKm77d91+8MLla7ryH4RffOzeI4f2abFW16xKYLa1qKaiB4i6GPe1Zx79xQtvaj93jA597dnHcpmMoqo/+IuXrKqTC4sr+/dMFfNEFWx5Za3hB9kNzSqAmkm8W24l30+19y5fmdYYPHPuyu6pHSzLfO3ZR3/xvM4Yrrhvfu2JbIZXqWtyU10sl8tqFw/dd+yl13TbbI8+eOddxw5q1+cNfTtRlrKscPedh61Kgflc9itPEe29xaXVZWoxFFJVMK2kJidHrG6CTQ/Ipg5fE9AMzSAeugq5rKyov25pJnAn8eBMxkAzlYuXb9x9x8GJHcO7JseuGYqPuPa//fUvZAUyPvzihbdxlCz1MY1HyGI+WzJc3GK2v/3cExwZ6oHpMfnchetPPnocc/6trz7+xz94QaRW5TDB5559ZHRkQAtjBr42PUfcl+OSf+bh7//kFdO96+EDO3HxagEuU/U14myX4uq1GUemcBLZDC7nQ1alwHwu8+UvPQiIl/Y1rZwd5ab9kSSiisdQm6UvvGLVrCWWHTFj+FOrSx+fJIqJmFV888SnZ4/cthtz+d3f+tKf//hlhTYP3E6+/NQDuBjx9dsffH71OskgNcunKTI6TYFSw5nkkWmx7+z567snxziW+eozD/7yhXe0myPDg889+1Auo2tIn714w84hyQXLMLKivPrWJ2aPW6cGXDUrobgAVy2qmQeoxUHdPCFtc9O3Fg/smRga6L3z2L5PT+ld7OjhPY89dLumiUh9Fq9ohYa5vfv2AxM7hnZNjV67oVdiLit8+7nHM1leldVfvkCa39TEyDe+/BC+wDT//fd+bWbaVvyeo6ljLgy+skQdihU8YuSsxYzbTAr6EPIRJLRNzhAJKXLXVRnv7lrYRjM6vO9D3jfDchb/1B6Fuh0hUEAyMBgrSN9CBlHZCc5eGiFBYuVjJ+hfv8jl+L8FwSTCdAQxZBrI+5H7k1ZpdVYQmogCEGhMY11b3a5IkFvUfAMFCRYZ4VShgyNpgiiUZmB3tR+n0lVI4O0blvXh3aX2ZnUXIAATiY5H3aENmSwP0DxqBtD6QhT5x5EX0xksY3BZ1xs/Vc1RafDZw7xnmZltasSpty3U+uEGtScXoaWTkQxumMzG7crI+GxuRFjyb2QQZ/Zwi+Q17aGxCzUCtyJCDlTbBZ00ULulmJ5KgXC7eqNjK0qiuzXPMPDNTYGGKZnt7hsZ4ZpH2o0J6gqQm9s/gHU/Hnzy6aKODH3uWXKEIN08tGlfyHD6LH/y5GmaursLPOtbrMjQCmRZbve+gyMjozMzt8p1EYvgWCqsyfBsTVQqNfHmrdnxiXEGoeszi8VcJpPJ1kqlvtIKx3OVUun8mQvXrt68595j+Z7eal3C8hos2CGadnU5k+EZSKwY9g6NQo7XX86EgJjfo/jw41NQfzEU2mXiuuSoXKtVRYVhibXBSrXW39N7s7qGifcV8+vlqiTKfT25el0URam/mKvWxJX16mBvASC1kBNw6pDhFpdXRwfyKoAswxA3EMRNA1DIX5Y6MuYRYMpVMZvhcrmMLCscS7Q5ETH5BvD1jvERjSmlNuta8osLupkrputnHKWqZwGyLZQCkUXTtQFtgAJB0SCSFYSMQNQpLzS5moUQ9lJ3txcuXW8mcerzi3cePYQvnnv28XK1ykAmR538Lq+sDvT3rRmubGVFmZlb3DE6dM+dt+3fM7W6VuJ5bnCwL0Ot+s3OL1o1BReXdFuJ3/nGU6Ik4Vb1wsvvXLh8/eNPz95+9ADPcV//8uMrq+sra6WeYn5ooA8Qn7Doxz97eZG6hcX46JOzjz18HDfp737zmZpYl2SlmMvhBr+4tMISy3A9N6bnvIppYoKoM574+PRddx7au2vy7/3N38ZNF3MrcNQhqar88oU3LS56SbMzHcXiHz+nioktYFEBpD0NMpo63UWnYTkwNNjHUh3W84bRu0tXpmt13AuEPTt3/L2/8Z1ypZrNZjICFtIyH3569vixg6qC5hb00sMXuFhYFh4+uHv3rnEstcdh8c+FhZXh4X6c+PVpvaWdPnfl7jsO9fcV//YffPPW7CLPsQP9vfmsgJmri9LPf020D7XiWjOUKe86euDY4f04C5ev3nzhlfd2TujmD62agg6UKlVTl+6Ndz5pYUwR2JwRa8qX8JOT524/uo9n2ee+/Aiu+tW1ck8hNzjQC4kBRfWHP31laWmVYdibN0nB4pt/8HtfWVpem19cHRrsHRnqr1TrZNzg2HMX9MLEw8uNm/M7J0cL+ezf/qtfL1VqLMvkMgJu8J+dvnTk0B7885xFe++zM5fuOnYAk/rbf/D1hcVlPEANDfRnqZvaC5enTUU9jXNMrfmE5Mz5K8dvP9jfW/xbv//czNwSxzF6OQNazs+/1aJATK/ZN2cWZueWrY80bUV88drbH2t3qFAXlsvV69NzOydGBvqKf+cPvl6q1nDNZgVeM5D7/sdnNQ1CQBQZR7WbV5scWBMdR1q1psW+S1du4hkkl+H3TI39nb/2jXK1RnzF83iIRic+PXfvnYeocp6TQ+3i/Q/PKErDJmjZMBmIS+rl1z60Rhm3mycEpFOf27drHPfiRx+4/f7jhzEPhXwGDw54Wrlyc3b/nnHcJMzAn3x28fbDe3C3/drTD66slXGH7SngsaIHtxDMwA9++triMlETf/TB27Xwdn9ECFjdqweVBUSTGbSM5akHGFk+4U4R9zLcwIg9BPf3QJoOasLNMg5EUTGELSgg99tNj2OyYaEDUVMxha0O5PjrRizmWiXsgjbZpZFjUd0l26X4eUw8I+Zqv+1F5NzHtpOBaGm59poopJp2tnGE7Sh4UI8wKCQBFOSx/z33J6jpOyVEIo4CPYPBSz8Ywc0L5Hkz0dzDeH0sMFDs1P2oReQuYLRkm1yC1NwGPhQ6hfAy8cT7IIJJlwsMYbWm40OKJwOwC5jbCGhbITXOkCw33Jaw5BZjD2X7QX3PqGE419ozbFzquz+9sRN6Vpc7jXiW+N6pBRwEtltjIgjfrzeUVqANobk2rDFs/raGNoyJj0TYpNY9t0eQbbhjI7eMDch7+iynk4Ip9I4scY8BptXDbj/I3kb3ARqfrsAW0wjcMuhgK4NNH/e7LoEiApkzxJbAxsinfw23rHoIQduaMMvymk7MlavXqQm0hoodarRfaGONvqEIqYWtkbHx4w88MDg4mBU4vONhWTYvcDzLcCwxD1eXlcX5+bIkL1bEE2euvvbOyTfeOPH2K2+//uLrv/j5KydPnt23d2Jsz06G5/t7i3w2xxBno6qsqCzRDlT7+vv7xnYyOB2DlZGRAU1V4sLFqysrpq9VY+1lsIk5mZ6bL5dLHMvWRbmQy5arZUAdVirUJ3NNFHMZobeYX12v5jJcf1+hWq2LkpzhuUyG43mW+LtEaK1Uw6E5lpFkVdunQ+r5FPPWm89meW6tIiKqNUisG1LPFZgXhgGSgiYndnAcNRYlrqjSqqPYy9WqocUFARPe/F4bocprOAuA1j0MwKqf/mvTE+dDvTZ3U9/B+Oely07Nvx1jw9qi+PK16WaSSyurH356Rrsu5HK5bGa9XHn+5bdrdWITc/rWnBnyZ796TXMX29db3DW1Y3xsOMPztXr93Q8+/f5fvGgVqn9+9rKpVCTwPG7bN6j6WqVW+09/8vO1UgmXTn9/755dE0OD/bjlnD57+T9876dLy2smhU9OnXvznY9xy8HFmMtkegv5uiTiYH/yw+eLPUTB8eyFy8ADmsE/HPjFV94tVSocw+J84X6GG+nVG7f+7R/+xbUbTgtwppPZk5+fX10vg5YoFmwqgDtGh7Qdx+Umfaz9e0il1CWpZthZxKX0R3/2Ky05loW9PXmOYZaW1n76yzc05WGLtiLBCy+/qyqkYLMZoZDPSrL00cnzmlvbtVLFDPb2eydPnr6IqWcEfs/OHZPjI/lcBnfes+ev/sc//kWpUjVDVuv1T0/rmmR42MG99Qat4r27x4Fp180bCmVmeWUdVzFoibExzZttw51upSb+0Z/+aq1cxXU60Ffcs3NsaLAXV/Hpc1f//fd+sUD1QXER1ETplTc+VhRS9UODfbcd3NXf13N9eu5733+e44g9g4Wlxvjw01+/efnaDNWFIvbw8DC1Xq6+8c6nn35+kaU+iOcWV8zAb7178r0Tp3GKAsdNjI1M7hjJZnhc3b988W2r6b6xUSfnjXJ+/9Rnpy/haswI3O6pMUwhn83gVM5euPaHf/or066hK3SlQARefOWE45HmB3ltvXLxkqMJwV++8A4uHzy84hkCZxA3A9zPZueW/vDPnv/gI9MHN9i7i1RfqVpvcgNuPmrULC6uP/7+C6u0/eAG0FfM47JaXF79CW6EdHhp7gKax+FKrf7xZxeMe2QqURRZk8aeOXetandIXcwTO5emeUIMXHE//sXroogHFiQIXF9PHudr+tbC937wEu4IOMD0zYatTTzF/NEPXloraa2lsGdqbGigB2fh7IUbf/inLy4s6WOFZkYU33/znVN2lhFd7hmjUlCBg0MRKlYsP1rR0nJQ0EGVAqVmL/BB4sZJtwVaLuqSkRqDsKBi5jaaRd8WaW+jbeh+jUDX2NFJdcH+NjTz6e9U09YCREnMXIEIRiqrUBwmmJEEEZD/lmHCrXsSr81UkEjH2VA+y5LVfHO9FzGJwH0z8dJuUmMKENg3GAoaOqXGE0LZq/XjGH1kA/WLOEDeN2xbFt+DCOhJvykJIwKlC6kPHwPEZp/xH0IWfxjyg6HAwlIsG6YfyETYtyAniKhWxSIleqGo5kdp+oTUQWwjIjVxbaiLtdbs6HIzXOLtMYuYfJlE5nkzj12NYkZgk3j+Coqtk9ku3IZ0M7bLapMhzQrtXN+CX/nf/X8QNY+jrbuInB6pgC7A100qpwAAEABJREFUyJm5th4jBpnpqoy8p0EXZCQMPVUnxpwxiOMo4lqPBEPUoDcij6jcn3hPxAelgMQB2kP6R3NViLRDEM1UAKFgHgIBu5Z5014QuZxnAO8A5LybWEAhuggpLD66QNbXEsT3I8MAWlUgaUDbn24Bw3I8zyv4DFCSwNaAtmMDtPeCzQu81eR4YlwHnykiug+M2p/DNVkY+kFcQLrR1odM1LmJoi2gjZfRxABBgoPOAQZ67KkSyLIcsTUlk4kVpAJb0pXyqiIT7Yf/5p/8w+9886lqrfLpqdPPv/RqRZQevv/uXZMT16enr1y7uXvXzjuPHRkdGuY4TrNixLAsroyLF8/+4D/8u89PfX5zdl6mXiPxXIpFMLW6NN5fGMjzXDaPxBpQlAzPCzzXk8/2FfN5gd+3e/zI8aN9Y+OY4NlTp/+773+wOH2ZrZcEjh3sK4wO9j/x1DMPfvlbDMfjGpdE6dr09Xff//AvfvBCqUzc4/7L/+WfPfnYQ2YuEDA9hkNZUd777Gy5JiIse2KFwYF+nmOJ/l8219eXUyRpZn7l8L7JqlhfXinvGOrD7erarcW+Ym5ksAcvVc5cvHXX0T1Xby3hBUpfUejvya9X6qVKbcdwb7kiipLMsSzxNVwVz91YmhztlWQFj6pETRBnjygCQvzFAvVPv/ej85evYobyY1/K9N1pLfOLV66/9x4xQ4X5Y7kM6DBaNdj66snqzEuAsMoLuXzLyC50cOVyLCcrsuxqhg2G5icgWIbdMTacEYSr128qLUcMLKac2DFSxLW8VllYXDbU3VzsG/YUCuM7htdL5Zm5RcdJDF49ToyN4BXF/OJyqUyUk6hyLCspsmaHzFTe7uspjo4OXb9+y9Sr8wZ0/ZXLZKamxmZnF9dKntp+v/PNp8dGBqv1+r/7Tz8BEdGybpoe4oY8NT4qStKt2UVIzHwS/VFzQe8IPDTYNzjQe/36bFMhOOmODPUPD/VXq/WFxRWrLqCDjawg4KrB6dy4OScrQRex99199IG7b8PMfe/Pn/dVnXQD1L7wkmNixzDPs/MLK1ZFOkjNqeLBErd//HOY5nr65nxrZTsNuPryucy167OKxywALVfFfHZsbKhcqs4vrtI1fOgeNDLYPzTUV6vhcl4Nwp4rI37hIJ0dILW6ivr7e0aH+2fmltbWKiA8oMsVbYQTw6Io33JqQIYtkGDhzeaXEaYmR+YW1tZsTsDdgceK8bEhjucWF1crlTq+wKMDsYpnrN+KhVyl2kqZFRoNLyTij6tNvT8Qyejp0lMkRtF17sOmEzO/8clB3xvRSdElsealGlFZSnjlgIQWye3f+QSFzgAedvDUjEVVeFGNNpQORUdAhEEsJCK9uBsQFPBe1FDtIuOkp/8hi3eOlckSL7LczE9Q6RkJtYrhqViFAoUzH7molljP8ZAjoIMr8yZRAmBZshZGipMZ5CCFEHIkbAZE/cXMyto68GI4aNklNwRErr0mMES+wWoidL+woQgnjEhFF1yTzwtEswQP5+TwwbtxByPlF9X2O36RogRC6OHsZxZU/AeMU5KQflLj14hLQBQkUDBS0QLRMoHkCEeN3Ilahw6Uzzip+aceAFRVCwulgN8MntKIkZhGYOhwFCxZwLDEq0e36IEFbfmRebVuzKDhPQWZYtFgr+rSU9bmkQQ5IjXvixoqPtD5yPyPrPcod3SHGzLHrsEhEffhfGruXEJGjhEuQUooxF0N2uCvonjW1pIorjjQ5aIuzcouXyUn1JAsjSDy2lf29fUuzM8FkE00RLvQzoXtly1EwJ1sI3TTerg5lCcFTdE26EY10hK0E3AyhvPIETdQCB8NoETGgRSRQHqa8jRSUz98t7Yb98v0wVBtA1VNyeBlB0boFsBnXALPSxgtfQ2lzkfbgfsvlq3hbKs+ApDuyl2C3GgyWKr65t2vYatbxmxkFelD8zCbvPFtvs2hXwDq3YrR1Nb0p5C41qMB6B3I0kcM0nR+AHkFw7jJkhMIfECt/WSMm2TVbFxrgek6GtDXOjRq+I6n++BthEHHJeMdQMKnM6lhS9VNY+G9ISegkIBpauOFfpAKiG41sT9EZ4vNX6eml2T/kKBdSONcHra3FeGFnaYU+Prr7/zWN59GdBlCbRIZVuz1hT2V4GhvhWo6mpTXQk//bXfft7K2WhPFucVl/LinWMxkc4hh+4s5ZXkOLygQkV8gQWB7CrkdQ/3jwwMCx0zunsgUixzP4/VGoa+nt6dX3Xnb+tVTHCMLHLdjfOLQ8QdYnvgOpr5VtLcEQKEnoykFvvTS60Qp0CwrBLX3BzTk8/n1qpLLZrKZzNp6ubenR8gIVVHKiXy9Tkz9EWOBglDNypW6ONhb6O/JrZZq46P9qijLKqCLPIQPsSRZIerF9BsfSJD1Ecvgg0DtzVccRpKUSk3OCQx9+0FFMhB4Viuh/Qd2aUqBcumyVSkQP7s5rTu+JG/MgtBIuq+jFu1SKV3SLljOZUEIA9DRZZSwrfMOrgurUcDWIa/fbHLx7CZ7Wi+X1y+6q47hmr/hSA5qI5aecZPW6nrJYTzPGxYeLLxU6/XzF6+1iHZw/66xkUF88esX3wZpwK2xYIHs1Rt6q0aIKH6RrNOO3xx4cWl1cWnVjbSz2OcXV+YttvG82MDdmdo1DNGZCvns/Xffhi9Onr5IayRyR8SnULj254EHj9oHh3HLi2eis/NLrtRcUarUSpenmxhrHcmG+aUV/AkbK3RajQ4BVlbW8SdQrMAgjfC6q7t2FDIVxxGGD2p18cIla/m3iqVSa4LaNRF1a4nRxY2WaqlcBUHZA1FrCkRt8BBYheiByhVFrmKYYqUFIedyWBGBgu2GFSFIu5Qhkacriqkc0DGgFg+soq72o6nQ2rsI2bBAEUsqhl5OCkiCARToVpuQMDMoUpAUsr9hzjW9EI5hbyEc8rhOJt22I8EskL19K+kPsv1JAin3LAv8hlrkFUsztUWUt0H3o01VY1Ep9g+cYLpJEfRuDGE0AgEEyDdKSq0meY1AEHI5ghrfXdIzgq2AodsSHwSGJpCFVmo2nSZo3PVKlsgwIfJVFGuerpHX8zYW/4ZbNMQEnRHBRkfwfp2a2YtUGo73Gs8vImwIWIKmtDGavguj0b0kRy7fzqJjLyS2L12ot2G4AezUJKpbuNUmIIotmWkfRBd3+xMGHZSmEngImjf+QqSN2DiFlR6n2w2mWwDhdmW0ArR/wsfuDKBNFrCJESiXXVwQgVlrZ21yvG6p7pXX3l5aWm1I1AwDDdZ9m7FhhRZWIZvvn9p/5J77H5gYG1FVVZblPQcOPvftb995z71UXVXFwmuB4/uKhfGhgYmx4d7e/MBAX7G/T8jmaTrMqYuzVYXhMoWBPbflij1jOyYeefa5gfFJWhAIImiuuQvFnJbu93/0y2qtZrIKQUPxCgvJxXqd41gVsSyf6SkW6G2WGixG6xX8iFlaLhGuWFYUyRsexUKOvCOrIo64MAaamF2SqGkL+rYxS197ggzOCCsQ205EE4hqRsJ6XaqLiqgQx8eSLGtFhLk5dGCfxptYuozkklmAVVG8YSgFsgxHPWowDkDXjyuA+Um+6SOljJnXWeV44D9EemwSoLsw0itZ0BWIzQYEsSslNA8sy37p8fvwxdXpGc05coykI5cAjWi0zihx46QbDF975hHSGevSG29/EjZuCMRbc8VbkXQd6DAQKx8xiiJa/fod16LwsawwDnIg8KHomboueouQO2T5RIsV/NwNuUQMBmMMCRMXeSUatpQQjE2hFRvhiLmTitcjfD8xoa0jUVvS8mbARTczpU/3I2AuUODAyKOWY7EYie34DLTOUQSySTEZh5moSSMQPBZ0pmX9aVILmEpyIPTSIY5QjJnXg6T+FZBmogUVJL1wNomSZg95lwuy/YmAjq+uvVMP3scDBvNtXSE7S6CACTYGFOxx4oOJ3zgWmWAToEvIoKlCzbo2scgOOoEwM1pIhHs/KCUTRVFhldPpLnZN77rUwa4mBXR8won1qZaYpijs9LFLPwr5WF3s6h9ZVbQPtQ3dTaUWENoSYgMy3hIBRlV9ebP5kVomu6v0sOSfJyYH2E3YnL2wZXK6RTwU4AMIQRCIT5hUgLqtz8bG5suRFZs7d1sOjV69OU6k2o6NVmZJ8NtoKl19kgldrrYCYlq+2AhAxCoPUfAhVz559T9zh24f9wedQtxz9g0CCKLpmCTNRdQ6Dxm6bRklnjaovhfGz3/9CtAEapbUGfKKvnb27D58yKoK830PPvGlb333L+2cmlJl5cqFC599/Olb733ECxlE5UwZge/J53uLuXwuw7Fs72C/kCsQX0mysrSy/rP3LkvEaxISekdGjz7yzO/8/v5jd3E81UJDjQQxY3i7kRFY7ee773/YtOAkxSYTn/Ay9SODaTI9BZwonxE46koFlisi3nuXq7W6KDHUqJ8oKVmeEwRecw3MMQzx5QggpsIwQBJlYqmZIW8+UWPReL9DFAclWcVJ1EV5eb2mqAgTqYoix7Cq7rYDDAz2790zqbElrp02Wbx69brOK9X/05sStDUrj8pPpk1QoaRT39BV5VBaO631OY7jNK1EoxMGbf5I81aPwmYl/kYiBgVLiwNRYTo6jz1mhePh2S8+RPw1q8qvX3wLdBKE7ahakXFqP1Dc2w7uHhnqxxfPv/RO2LhuKXpsfRv5hy3juiOhGSBypqLFaikFgF6axIFkB9ArzaAImlC4WChSLAoIdNc59jHC/+DTRh0FiuVHMkoc5GAoXOzIQIGCIFfGQqQLPUnHR9PhNYraPEGqu49EMuuRTecn1fOBFEnbU+nyT2q5SYgWis92WMQqqhR4cy2S6LSiphs6VeT9AJnfzrRSLcDEiZs1kjhZ7U8gwun3iOYkQ3SHIOyhsLlAwKtCUcIFEotSdE48FsYuly1CtUSKbaZltkMOQVEfQwYC443MOIDuannJAvnyEBlUkqMZIG/zKJF6csGKhTbGVmaKoPbCoqmiFwogLoK8HBvwVULbEgF/GCrb054gBByKgWqAD3KhHwrtnpgsqaKWQ1AIxjoqeAG+3EJo1HKK6Ew9emND6o6FlX7S8wViE2AD5jUKNEOom97NmebMARKX0GDTg7Rhlp6rbZFGvI0NhQ3ZKq0rgo5mgHiLgyYP0PpjG9toiQ6r7rQGdP7aQq16C+QWAWKzq6G7BzyyHLiNdnVj1rAVRme4IXUfw/Ocvuqj1k4aafB8VpElfPGjH/3yd779lPkcUTW6Jisrjei66EpVFQT6hsfuuOuu2+86/tILv15eXjt5+vy1KxcfPDQl12S8H+IFPpvN5HM5gWdZjsvkszgqcc9bVf78Z2+s1BFiiQKfrChllT07u3bgKNK81VK3wLqSoraHzBf5+pKCL/71v/2TJx9/RGfLYqqiXK2KsqwAdnR0aK0s4nQHewvlSn1WxFIv4i5WVhiA1HJVFATMC1OXZd6i2RwAABAASURBVIHnCjleVkhCiooEVmUhqksSFq7WJRnLyliiFEjkzlTkSt67rSuKwLLzKxWcpEI1GnNChsHhqGMH7U3lO28/cvnqNL6or57KDN6vsXfxwlWNVVwQqqo2Khs111GgigwLTSmwiRRq1kuR1z7Xeh0nZDVVSPoIGQGgTRLnxg3OoCRJwOi9qK3bYhSp+yVBhHoyxXnXTaPFzXVQHgSe3zU1hhN+4+2PJFk2bscZTVDk6Iaua7S8oxhs+8e9+87DuJtfuX6ryZhi0ulC3dN68Ok5hbE/WqaSLwpzxvCOBYD36xmhUmsJFISqd6ymuK0Y8I4VLS2v4BBETcskESeW9iuUXcxA3MJAqqBx6tE9OgxHIUCkVIhYo6AAYSIg+AAef+hCsUadNMbObSSAzu5MUeSHfmTNpXD8BV6noiPHX+Dx2y0iChMauVwGSsXxHTidJJFSA0bmF72APiE7hDAagQkG6wQQ6Eb2Wmm7UI79WW5/1SRejD6KMixkEdBeQUw26bZmxERkrT5NkpPSnNdxBMoasmua6K/lwSZS0FgxOmXLLWTNChZ2hm9gDjGZm6gPtY7W/Az4PNvAtRwaqOXk2QGkWPgMfadbjdQOg6EbZ8Auq98giDZ6gxY2kf2idjPc2WvviUBnwLLElIQiE8dTYBubE5uvw25CpFzi6Vco6rCMk4ONk1+wjWDYolJp6PmjewBb3t8CTVw7ot/sLVR7QQ4iavzKVq/+Od+YZbN13srw1QtMpQI7dEbZPkVPXsiKtTIWp165ev35F98anxjEKasWAxUGH/SWnim6cdXfaCWiWPy3t6en78gRmM397Ge/unj5hQJL7BDiUAzxjkFbKUK1ar23l4d4j6RIalW8dGXm9c9vKUKRwTTwLaVWUpS33n7/1sz8XbcfPnJgd18xR148svgiLRT49VVRVtQPP/7s5Odn7jh6W2MIJ90e4J2XpAJZEVdW1kZGhlfKcjajFPNZhmVkFTEMI4oKz8FSpd7PZvEwoZCU1WyG1xT6MLfVmkTerSXONlAdSZguzzO4QDhi3Y8kRpQC6zLma2apNNKXKxaEXEZg6TOVSqZpvsHx48deeuXNUqmKeRHXPhd6j165Nr26vg401U+GCyjRTxiolbjZfIQZlsVlQF895zgBWVUCjcNQ/zM9Ck2VkrYX/Z05PSk38ShyY8cuOLVLWFumn4ymQjAi1kBUKxRnnNXn3LiVHIgHUZL+t3//w2hxWyYNIqpXanpgKaWLWmtitUr3j3/wPIhE1y+4I65xrTX4Fn3OFi4kAtVPIwkQmjSIVIkuxajpiUaY1vyTj9jGk9tkx6AEjW8Uh7pLXaGkKq51aNBIuUl4H45SU4MJOoD48dxcsrBV9Kg1mdB047pJa71/9e9TQbpcTOZD9eqWA3t8Bpz1a66nUZwEmkl3I8Llryk0NPUK2r409UFUfsIf4icdMJCSRoDVrOt1DEQkEz6audgPETVMKii1nVRaZJ2/uk2K0226gKj5V4IFFotUZ/hwMcDZHCQ4sQjw39EkBT+CkLi2Im4l1GTSNiQUbc+InYfowzPqcnWL1stZdw2+Zqg2P8EN8ZAt8w1hlU2AbBtB6F/jKURRtfHCB3PlJlhol7vIsEYVv+67r/Wgls827slW2JI2fLWoMXt4d9Qw9HlK38IHepdOtI5TzX9k4l09aicIzZQp2AKgVhggsWORfuV2T4l2du3UXmLGSnwbNnTZfhZscHRBBjiwjW0Ex4Zck2/YjUREwK2UZUiPN0BobKgSghDArVGnfifEXVYIMdiBILqJrWjghWy9XsEXf/Snf/Ff/sO/SVa5NmcSsCFjRDZpJdTuUBXCal1cXFl57a33f/6zX9SrlbGhvCRJrO6aFkiSsl6qKLLQP9ivKEq1VFpbXf8Pv3hfAnmGJAcUJBHH3wBV1pYr5crly1feGhu77dC+g/t2jQ70EHU93dUi6B8sLMwT1br/6X/9d//6f/3n1pKiwUAukxFlUKrWwOLq8NDA/EqNGczns1ylKmcEvlar8xwUJakuCRmeEBVl4jiYZaCiqkP9eRmw5ZqKfysKkhWVZ1lrWeHMKIqKSeGYvTluZLCYxVRo4goVURKXwJCh+zN4/z13vfwacVFaWz4h9B49c+a8RoQxXDa3H8SVSAAJWm3xA+r5GTBCRlEVEA4OHQuojcWQ6BdyFjuFyHJWaFw2NA4bd/RvvbVB8xn033yiTo4MjSErPhtxKHSmEGDaLhNQdL3AyHT9gjfH1c4a/I942lJD0YolciwTRhlAUzsnaKyUi8XBSPDUmnIXqJCaYgFdUxL5LFYD8+lsjcFiOUk0I3LcaEUaNnKcdEHLvpkInaSYAR6qk4mgndNER+flTYxw8y3yvJfmvO2VZncg5NG8f3AU5KEfmTglhJouIsR1/dk6liVv/i7RwjY7h9pHsi0opfbYctUDQbyaajNCtYREkoOW6+QBO32iCsNnDIVYMaYF5Hsj8RTahM5mhASGINqQjTyfpII4ZKH539gi0j/QEsAi4naudbEk0UUNDnmUnJcWikW2mQyiEAoWByUSJB10LmFkygS3CuLmdYOUFT48wIJ5VSHerUGS6Mr80/Fpa2jKbSN1BN1ZppLyplkEBsC2TqALuqs40udmS1T/tlJgKGxsATeM2qg3QrZhiLubGltIJbDxwiFqkWkY6FbXw++YfROgnb6DO9kEqC9aFULdZ2676pTP5MR6FS9uL5y/8urrH2qcAO11Y4QaBzb0LwQWb7B0F1uvi598fu6FV954/8RHiwsL87OzhXxGgECu13KCoFngE0VpcUViBno5jq2XypVK9c2Pzk+XEJNjgKoCvO9XZOquV1IVpV4tqbIo1sWF+cWPPj0zMjqyY2RA5rNCrliriUPDwtpqDRN8480P/vB7P/yDv/IdS1agrKiSWOP4bH//ULUmzy2uDw/2La3VWQaulev5LL9eruMixtLEel3mOaLxJxOXwQzLMKKkYM4xFfxLlIkYArMDASOghlok/iPJqiTLt+aWRgZ7eGIMDmR4Ep8o3GFSPKfLNxF48IHjb793olaTlNriZx/8aHmF6MNRZzdcR0XdProL4vLHmGFA+x0rCCBKIna9QKPBEL+6UHUEdfly7Gi11mjeC3nyzTBE5dORpJ2+dVvnng4Kna5DYRt1Wi9QQzQKKEJc2FCING5ETNcZN1hBJJ9uuLh0MNde3vcdy2EjYqQKChE1WtZith9rZEer8A0fDDEKLzGELCQ6HspG6OTm+2TqKnqyjcT1YdV63hcaUeO1nONceHWJCX3pJMJMOAJBTnzjTxO+iN+2YrZ2GJS23giRy6MoSKiTbkWgEHeToR30cdQkka1p+QZvdS8+hyjyw6bHQZmx7yaQOw2YuFEQe7IJIyXiwcugwyNMVx1LQ2qdX9XH8BSYi0gvQTaidFvkM50FZC/xuTAqQRToVmsKCIUZjX3J+d2ISzCxwPaYKLKwFFr+A+AjN4e2X3rSKLzujtGxyUtRAFrkMUYuHHIXG1Nqs0YgSmO6CYXwSSfHLPJot+kXR2fnDOQ5TLYbcVLshnm3m+Z+ArhFbF4Ah5B7a6DrjQVu1Oro5PyHtqJia+jV6obG1qvfjqGbinpbKXBLIfSJlMumcEOB5BaGOZ/cxsYCNOrYXr2wOdhGBtwyuybDf2w6xEGXAKmKotdqGwcnLHkXsrl6jRgL/Isf/fqLTz8AmjZsVvNyxBFwXVpaWXnvo5NvfvDJhUtXVpcXK+VyYWBo8eY0A9QsywoMlCWxd7CXZ9iqKNXq9bok7hwbxLGXF1euXp/9zbl5lMU/garKONdIVTkhQ9UkJEUStY0F/iFKdUz55q1ZIZsZ3HOkZ2wd1as9PUMfvHcSB/if/8X/7yvPfnFkeEDPBwCSrGCJYr1exQyPj4/VRLSyVhkeKFZhhq+LLMfix7IKOAQkRZFklZiuA0ghPn+hJCosw2IiHHVZzLJMvSJjRvI5QVFVFjGa0XtRUkRJrtbqSC3wDCzmBIZhFFnFyeeyxGqgSrzZEGQymccevf/Fl97CuX/v5X+bmfwrDFdgOb6tWq4hQEWqSrm++Jb2mxOyMdTIzNe7NefPUMU1Lcv0VnA6CRQUy0Ce5R3MWRUBjeMEXaiKLHeNbkAdlMAmGbUP7xD6OUwNQitdExnpABrVbrmH4mmrbLBpDnOsqAoZCohpzFZtwE0lqQ2ZjVaklqP+sLFQY8kdBLC16lYqiJG78LHwmRae+hhy7M2EzFtMPtsR13pSB0PGdQuLXO+GR4hm3zJoIiNSbCLI9V2vNoyWHR+QN96MsLWBXK7annRXAblexicW8mF7T7KRx3WQWChYlLBTVeIKQE4qgeihEGE7gbCVlUyiDEP1AvHWUU21ZDqSu1hJ2V5kCx4tdLDgSLLewwVGMEK0VgQTRsjshAQMRAC1pACduoBU88/2Ng/UtQGb9nD6LQVvdlspBbbOl7M1B9bzch3tOzWKdnL09loQp6+v0LVz1uZEasW9XY8dxpaqgC3iPrij6FgJb1ftNraRDNp2IuSHbaXAINiKUukNkudWbOLjOEmSt9jMtRWUx6Dlwk8dcNMAwq0xEEEAvFTluiz7sdmhltXaumkSMgVJElVFrtRqp05dOnh4p6E3bXh+gkAFaqVWXV0vXbl+88NPTr5/4qOb0zfWV5eJSh9C+d6BtbmbSJGHh/phdY1jBUVFw/29Q/19Zy9eK9frLEQjIwP1Sn1pYeXEhVtVmBEYlrxdrBAwLCOJdaJdR3QEZSgStToi7sXHAgjIsiTVM/VKjeE4LlMcHNmR+eRcvV5fL5X/+f/4L/+H/+6/NjMiyUo+n8cHCXVJmZ1f3LNzvJAT5ldrw/3ZYq5/ZV0kyjrkvWSIjxnKVZFjGY5lEVXRgAyQFcQR0SYixuUwS5LMMsQBsoQ5ZMiVimBNwpCL+WyGZ/t6soqq1kWZY2Ehl2F1m3jAlNE9+tD9n548+9Ofv1ivl9H864XJr7GcgNRkvSEkBghQZf41VRHxNbGvx2dAdCCrXiCICBS/OxHvE7KoMWIh7Hpoh1wfep6/tADV7CXqPpyNf2RnAJlJoOb7zp8wgSVLnB2GxmywhQT0opBoSwhEL3aWfeO6s2HEhQG853nFDRupaxcCxG6irKqaG3E6soMUkJTmWHSNSRiFjegnWX56a44kgseNk65XDGvcQLGhPox607KEjMKK5QZ0JdlS+9KrwuIxE4qUp8I4CkAp5mARob0mOzyF1X5AYWKZ6NohNSkgt58oUv2mA+T5oz1JeoVAyL/bNT+Il4FgbTi8XkiodJHlOlhcFKNFIRuZgIHDEgfJtixLQbUkS96cYfSZprP9rRt80bYPyPdGgDgJALW8ChM/9GwYAwkOyCjQLX8mUFITVpSWEY6gDyCwC7L1v9AeovEDWi+xjEp/DVO1KtIiPxYbbkAQcAga9IEBthigtAGs1QiS0gCC7FxAmn0vTgaxAAAQAElEQVSQtLPRKMx0BuH9WWxoUNEspCYqm3Pd/nKInGLIER9tHX0qze5YstlFoW4nRj9ITBStajdYa2A5jkxQCnkrFmx2aIYkOtFhN80Y0Y7e34VENyy6qzS26yYpbCsF+mLTC4tdAG1/uhY+/FFNFFUzZUN/g60ACLaCXqAOCPTXR2Hzg82EGOo2GwoQump60kcgKlIpuvhE9XNw2Gb5TiaTr1bW8MWVyzeKxTy4DyGINPVE8hih6Zu3/uzHPz919uL83Oz66qokVuV6nbZAmMkXFEkUq1WO53dPjC1fWyfG9hAYGxka3zFy4+bs+nL10NRYb19xbWV1ZnHl1GIdZLPazlBVZDwec9mcVK+pCrEUSMwFMnWGZVjEqYokqSrVG5TFegXTzBZ6527M1HHSFD/7+YsPPnDv73zry1rRSbIky3Kh2DswkK+J0tzi2s4dQ5jUSkkc6svynIS5Ja80UwliXVKW12uZLCewrKQgFkJFVvEDvIXjyMYViJI80FdUkCpKakYAoqwoCJSrUqlcZSAaGijgGzVRzvCcwAuKorIM5BjYOAqijUFVweUr1/CFuH4mW9oPMne7N+ROA/NUXz0prp7VfvLETGBMIE1C7ewV4VRKUMxORcXjmvQhGB0Y9IEvOdhYZFBYT1O1ZmJ8uakBI/0BdaYTQa4APWcHQ3PVlhoI2iYDVgg0PSgjFDqyT8KN7hW3dQRMF5gJegZxfajpBJJ/ETp8gHQDsuEZGoROIlJcRK2xwhZNMukUY8NRXQFTjBIL6nN96LjacAJdSQZCtDy6xm0VvSkZ1NRQ3XTWYMNWiV/fiT8KIJdJyvE4aAoJDkk+pGwHyL6UghBPt2O1Y7BuThOR03Gk/9hG24F8fken1DE0Fkvh5vXENWhcbqMwccOnG3ydCPQxE4aJgZouXH41PQiVu9Q1VNyu3EMSnUBNkYVsSkGngGK1mcT5djZoXfs2qXSQ7Q/wIZxGrSSlvhaWTuKKD51qss1DHnK5HY+s/0ol4Opepx10A+9U/4OWm8aC2KI1aA2uixtU00x/SKGBvWfYIiPXS48boR5HhZMsJM49WCLq6UCrjJUkSigIgnHY6Nz04wsP1ujkicW5KlCRf+h0ESnRKJE6sYfqIBKuzLTbRgz6KPyUnuSqKD3YZ1U8SjMsZIhRhug6gd2f6QbaIXnYGA0hChLNVQpFFEOqvwGBEgixjUDovoLcVgpsja20LDOwQfIcik24hUaxECdIGwieFjBgs1rVpuy1cOs0YrhZOqzvxj7tbLowwPEZXshKYg1ff3by3AMP3LVnzy6dGwhL5dK/+jf/8cQHH8uKhG8Q033VCrFywLJcLoeFM5W1FYbj90yO9XKod2Qgn81ygjAwODA4NJDPZXIl7tjhPUCSS+vVc0t1ic1yDIsPaxWprqgKy/JSrUZPbzF5GRHDgRyAxGuQJIoM3kMSS4HkfatssW9teeXyyVNWzv+bf/r/Pnxw7x3HDgNiKVDGsjGiWYjAUH9PXZJXS9XRwR5AdAERi2kxsC6rgszmc8RC4Eqpns8JY4MCFqLicxmZKIsj6laYw7tWandQkERFVhADmbIkV6tSqVKbnZ3ft3sHjrJWqvEciz9IRaIqCxwLzIGW7vA/PXXuf/mX/07jk2H5+vwrmcI4zIx1YStWajPVmZe0a07IQDaRRSDJp1M3DoQVbSUlCItJx6yzwLo+CClW4Ufrg06EXO57bvf9eWCpuUunpB9YD1BQI2Hzt5UN6xME7AcUQeAaNE4tuFVBIHrIj6uAqUfSC0RtXHmEa6TtBtStSviHjNvnEy6HaOw0XJu1iu1uSzKRbgJ0IsiZol+sVuECJBogbtMwB2KoN3qvl4JnoXWjhKipRbUcC1qRAiHg21USmdEsNwLrxCeTYjiE5kFFqiQhkIwu8hZBkllGHn/bixSOFrSVkbk+ChAjMOkwQD6/IxFCrQIhr7jOBwyEHN4Z4eWvonoRc7tu8TBC7pDnz8QaBfK9EeAZ6kDfaKXRGpCZlHnWF1DuDSwawU4jdpHrgVHIITXx0otHMDopFOp2dIIE0P29CV3E3Li03gagaZ1C5QAe2x6vERw2b9TNNahzQ4l0VpGqfWvW09Jo62FpptTf3Idc06pYe00zxUgr0aUWckhF2jHadTqFTkybbky0LxJECQ68Pnc7jOSm/bYgJqMoXJfdGMXiPVlHbsbtyHiy4/JmGIaDIGmziCls29NACMobZiyLhM2du60OBmzDHbBLT9tSA3TkuUtzD7dg1YTFJiodn+qGpo0RsJmbBnTKojYnqG4NkXPFONvTATdCc4DtqFSXBVw218MaqmA//clv1tfKuOi1snr7nQ8/ev/DuljDh6zEuF+tRnYADEOc/0pSvVJmGDaTydx228GRYnbH4OCdB3c/94UHC/kMyzI4xkhvDwe5SrU2U4Mf3yxBBqdCDAJW1lfXFmZX5m4SpT9VlSVRFkVMn+UFLN2URVmui2KtVquUy6urOEGxUr157oLGIWbV5Pb/+o//2dLSMiKOhlWcopDJcRyD5bA9uUwxL0iyMljMYMIcy2Q4tlaXqzUFAiaXzWDZ6cJyRZQUjhpsWFmrsBxRRswIgigrmKDAcdW6TF5IRUisy4qi1mv1uZlbLATVqkgUDem5V02Uia9Y4sxCO8Qgah6LSyv/t//6n2kc4qcsy+OirNz6FVLKoMuAWcKMadeYUU7IgYQAkzFQm9R+IxE6IYiQ3qJopi7p38anCVSQryI7qOxE96IBwkEf6KDd1gBoqPaZ5xmu4w10IUYR1KcH1N7dJ36oiTKu/qGA+gfaPgZso7Trx5AquepR+gLFkCW3jOv2EDY6QOR0UZS4EcskAoeBY0HX0kDhBdVh+IxT2+6Ewh5h0g9CXgSoNUkIoqboxw3yIRyHdth03RJvsODFVTLKoTGBbJdmlTZ9wpGKzVXyy0Tk9UHej0DXQtPLN0wFb8MXyPLdMpT9g7y6Q+fbSfhUEQjU1BEIQjxw8gGmO5/yTLp8m6o4VAqaURAmoDDZShx5hYiHJJuijVDLKSDJVJOBZT3i8iAQn4lnx560jbxpTj0J8oE4R2lm0P1Z2KRQ0GhJZKSpZjrako1dYGO7CI1FNHTfUFrQRM1v1LWHseyUPTQC3WWL0DuNVsk7plPV/BiyAlWlH3JtlSSoaoc1AhPvPg7iXjdoobVBCcMt7WhRA8QPlASKFk0PGC0X6ZczCvLYum7o4LgUDaEZjjX8ohB3uwFtcpfUBQWgLXI2XPONBHNa3fz57VAOO1WujgF5SyDMPLthsRGn1g1a4sjSjbopA9uWArdhQbdrHW12ragksOXKCFq+Nys2qbKjA1RdTDK8UcIu3TolVhFaPjuTx2yup1JaxmnPzy/+q//tT3/vd58FZGOjvvHGm+VqFTCQhYwsEg+/uuIt1fRRJYXPZPt6Cgf27bt14gbPsf29BY7BD8HC9HSWgTLPV6pVkc2cr/AqK2huPnA9FvoGhVxB0xJSiZagrChiNk90E2VioE/CxBGAUq2SK/bhNrBwY0FzHAwJq734olJawtxevnrtH/yX/+2//hf/PSFL8kFEpBxOHsKcwCuYBAP7CsJ6pZ7N8uJCaV1WxP5cIZdlWHatXFsri7kMz7LMerneU6n0Z5U6wAxLmE9cE7W6mMsW6pIiSmpdFC9fulpdX8VsVKr1bEbAadVlOSdgcLphNeIfEUh18f/0f/l/YsZ0bguY/xoAjCKtVm7+PD/5WwB2zSoLyeWbP1fEFXINAS/kjdVoQm06GcVAlJyxIhjnefBADTc+USl4x7CSdKdD1RBVu8TcFRBY5DRhNrk+FpiIqUJqRJOcWZhRLIISXb6JGoJO3bGoboLHwQ1y/DV+QOvfrgByaF7C1mFBSrxHL5NoMYN1CvcO4R43kb4aIWwAWlYEpGtvy5ouLgReA4Rn3KYUA5SSZ1y/+K6chc9vhOjOjuE/4rUkFIMTHzr2ukAB+rxPfUfregERpw8ETyWpFBNhAMBGP2tPQW0ItO7ayDdoe9EuFoIugdxFtsibaBKIeegSLiJy/kI+QdxoIJuQO2iskOEDIC4NFPhB+JT07LalhSOvzUgYEqkC2a+D9sdgBMM9TArI51lIJgybYAH7UTykMQ/470ktMLTtoPOOvs7CD7AAich4gGrehsA+gRu/tdfxfFJHlq2mvaj1yoLAsm8NBhR68Ay9JzBvptKmgxNNtUt5DrcItF8DI0Z6QRtPqCbW7vynC+T/PGQn3PCwW4NMhiToZmwZK2sAhH7rptvrrhXQRmY+HDbSrLThU+8IAooLttFWpL9N3fQSQhu2LQU6YLFRsmWwQTIch8ctU6FOGclGBGzdDW3PNP2xLYGtMDRRM4HECFv0bHZZGbVcscCOtV+G5TRlO4yzZy/80R//QkWgUq7OzM6SN3AVYipPJS56EVEQFATIcQCpLM8LmcyBvVOTUxOqJPUW8xmBF6VKZW11eXGlt6cwNtxXk5Rq/653Pj5D/NJiOS6iOoCS2NM/CBmG/JRluV7DmedzOZxUvVquldclSRSrZQgZnOjq3GqtUtF4y+b7GI7DH3yh3fngxEf/x3/4f5ckuSZK+F82w+t2qRjIcwxOLyOwsqzwHMsCtLK4urpaxs9wsHJVXlqr1mWFZXBuuJoIV+pEXa9cqeFc1GRFUlSGZSpVuVqrnz9/+aP33lExo9Xq2npVlGUsYuY5jie+iHEbVTXTPfW6+J/9n//pByc+1rkt9LPEO3Ne+ylXbpanfwKQDLoBSMbMYJa0X0KmANlkl3/6ebyzPUdZsyd7thr9uX8gRBwXKqrSUoyHQgtHwoSlhgR0UwKa8QCPj6o6DBMG+1B+3LOAaO9WafZtXDRMIRoGDvREVSN9w4SJVSMQ2Q2tOYvEYi/QCACJujLb4tOwWmgxXuhnVcKebOvqazyBTXOPS8TAFeuXrlfw0IgWE7XgULPlESCu827kFOOEDYNItAxbPZHmeZdSClMKbvfSKhzXxAKlDz1DdNVRkMuQBLxtp3mbjPQm2AIwZPiUCg4l/UkcobsZ2jwf31ZoK3bkyH1sg3+J5CIJBEonaFrIjaR3wBi8haLTKgGf1JGnxbtYSSPzq+mumXRaQMnTJ/QctjBjEQMIpK/bYPZl9weB4yfGZlMTdyOPbH8ipNA8eDmTd2MpKfgRDN1+SFBiBI+hXmJB1HRDwTZvwoaBviY47L6b9uDZ5g9LQ4Bg0HOjWYCzjSX6oGX8B8DcNRqO7EyYVvVsdN2TQ67pWz+eSztvNCfjl2kQJgQtcE1uk4YSQgokw8N99Gr5O03ESCvcEsMHkFa9Li9GKHA8kPRw1wHYJ4/OpR8lUkSeo68UkDsfHQRqeQ+Zq6ME0kk7pwnQR10m10gJTZuLbkPyzKW4v7EXZse7dHI1m/SeLT1s/i4bBF1UCun3gvTJd1+j2rYUaMXW0gW0YTPbCNRMlsCtMqhvBaVWTinDoAAAEABJREFU3TogEV0huBWqFULbe7ObPcubKovIvUNSqyZtyaU7A5yQyaJirVbC1xcvXKmUa0984Z611VUcVpFkBvcsKlplWQ5LWqnNP5TN53me2zU1OTjQJxAFP1Cq1FkIRFHGQbPZDBZaZXfd9su3PgfUmaihC0RUASWxRpWHALEGKdUyxIUxj2+KtSoOw8iKVKtlc4X1papIbQQCYiOwiJk0uc2hYrVKuH3rrfcWl9f+D//gf6+qYGm1MtBfyDC8iiCWlUKiFqjM3bpVkdhiIbO6tDJza2F8x2Auw8uysrZeK1UlnmMHe3Mszy2uVHNZbq1UHx/tw4+AihRRqlfrVy9dPfnBifnp672H9mMhrKKq2WyO5XCOIZY3AwUwDIuztbi8+o/+0T89ceIjjcNcrpcTsviC4fgMy0n1Ci49qXytdOOHhYnnIFsAnQNSyuWbP7doBOYYzrr205phrGnDHJ2o9cumU5goR/V2whHhRycAbwh4qinjR4osA8O5kV93RvGyg5IojSg1AZv+aNDdGFFdO82xUQB6ya1OEMBHTxzLkV5vv28xSggsyofGS/awcbCEDNsULuc5ISQfUKt+6CkAhe4/Ekd06snxpZUxDBauARimzzvjgjYhWrq6ZUxovRM8rhPBMxsgLkrJfGA4CrqBN+RGAXnFiMlGsnR8SHkUc5ARJvKbXsGHr6gpRE+uNdrWnTcRwugjIOM7uTpLsPa7LXVTszIxgiAWYp0WN76SyRECLTQUkOMKNT/oHAKs1kOFD0CuDYfByPE3eIzkEYqH5Mf8bmhkIBIbxCoeS3Y1SqAtVUKAHr+sr/hApyU/aBFMNlchlpgoSAlQBLYQjTfFbAfhUPPOQN4cDgQU8VlUmmEDh+cBQfpmm6pojoOTbeDdMGKAAOuYBCcvX8RIxWesD00Z9zyWwWJYRdc9RZGohEYXDKIpsNAlU4M3qNBxUwAlFGaTwM/vyuZAY6HfpVWbMFvmu+7bCINEyyvlVYk5525hbKn8b9HK3lpKgS0FD1tRDN31ed4+G9hSgKEfU63ATa8lpyqKRF+CpZbXwCYHfUk5ghJvmwaLhMTXukC1fbItF6b5TA6vdeu1Mr6+dWvmZz95WVaJLqB+0KMi7c1wQCTULK4TIZM5dmj3yNAQz4BeYiWQrdfFCoOjIKoVJMPekWp++OSps0w2R5Q8qHkyTIoR+PLaKstxeOMkUjOBQq5AWnW9jr84PiPVaiyXqa4TM4Iab5lckc/krdxymXwWgBrVCzx7+sw/+3/8v/7G3/1bB287zPO8Cvi6hKoSmhjgOKDOXT7z0ccX7vnC0xmBW5xZLJXrPYUsblYr67XVkljMChxLhg0sdcdi5lpd5iBavXVDqMzKc+VegdshlifYpaXShV5mV7Vaq4Ps3PnF/p780b0Dg9T7MOb/1Ofn/sk//m+vUK/BgLpj5rINbjlBwNRrpTVA7QWWrv15fvwrbHYH6ASU2kzl1q90r8GkGHMML7gFjNWyFSyspJY+jTFKa9iwQRvYbgRGQv2tBZ0AvFlEdNCFLvVpRIQ9/npkgQvCSgiGjx6fAXsc2IiKGnZ6jac06wHHMveMBWTEwT0eYBSgQBW28JaGnEfTjZbpqC6/2vMsOjy2sHhMsRBBTZGsvqoaCdrpI2eASEBO5sLHDF0v9ojaQiV6t02qzzfIOdCJjUXDLnBzYw3HD7J1vXBkkLteoBdgMAoxQMysyg0bK+45Qt5sxOUlwew0H2fClo8t8NEn9L0TiFBLRB504pUeCnHXH9A4MI6yTerEoJAcmmeXAMETVyyICRThSSJpIc9AIU96ktmfI8t31Nie8eNwiFrc13aNbm0qRIrtao5uMwoKFz5UYrqds2ThqT/T2U6NfG8EiRQgcJDJI/GiCLrLiTGhGu8AUwEF3VhC94D6X8/XBqjtPNWLw+YrCwu2bQpy2cnry5vWGUU+9oKCFpJmNVG3MO8D/y143IE1icD+tDxGUX0PkXC77uyIoSOAjUB6DyU/lAJXdjoRtQUcu6GgI1F0pFzKQcnHWw55kEs+rDNSzDVD+F1MjHVXe+GcomMrVPmP+SkhOGHT0qfNjq0P9a6tQSuQ97043WcbLdDJMkLaFAy2EJCxh/MJtXGx3enaBq2ou1XcyB6851ny17DM3jDe3nDupd8xfY6Zxn8sqxYjlvVETDfEoX9Dc8VvzBa2MvGW/ScFw6eVq1rNxhYHBwHV7mDMwRwCy8Fu9+Y+Ac40fweOg9rNCrzoZFlW89oHNh6g/zNoFYWRN+cACP7m6EaFVqEQbYWBCmhbJ22qsd72jwjaiHCJuamz4tZL/beq7euqLmywHM9ARpZFfC1JMlI58iIykgDeuCoy4DiWpXdUVcgW+vv7nnjw7v7+3qFivnTjfDabEYjLXpILPLcogNnz5Df+w/d+sFyqYrLUU6hM6ADEcgJxRgwZRZbq1fVMJp/N98hSrV4t4wAMy+N0xWrD0lg2VxTsGoEmtyyEGrflUunNV1+f2rXrwMH9sqzgeT3HqXWRvEg7zNZWr53+7Myl3Qf2i9VK70Bfb19hcaUiifLYUA8vsIJAMjbUlxnoye6eHAQX3yjMnSjIixlYL2TZybHBgxN9o3nu8vTcGjeOsv1IqufzmcXV2kpZGipmfvmLF/6L//y/Wlld1bjK5Xr5rM0QIK5ZgRfwqkehrCKlJq5+BvkClx0D7UV99WR5+qeYAe2nkMmxVCOwZfuN0pM097H66QVqSS0K+aQ6N0zieZNOGNRdPYXcKQfOFAxxNxUGmuNYzqEYOhFrPoJBOCSg0aNZKLR4T3Z+grt6isw5zn4mm8FLL0jXYNSXFvWpZXFYbP7A/3XPW7r3Yt3Zrta0DL9dxlIHBmIgGJsw8CcWiC93lizMQkg/vSg1X4WMGO15VHjS1VbmuL26T/cQpNedIzSUsJGjhdaADAujYQ0nQ9sflycJIfG2ErqotcajqioKZB4mrcbdTSm6QxtnYwzu3ZIREzFPBb2gzUfxZ8FE0U5OkOcPO8hcxlCT58lrNqVDxCpkdVwGjY/cbnqCoTtZba1ljx4oaWQPnxW4el30ieECGDJ862cJN0WyqNOsWSe92Q+nHxIlcFsI0iVvsLEouK5VSuNJKnME1Jf+uj6gNj5rb5k1ufJloLl70DcUjc2Ew78vAK1UUZ1DRUsYBzzeXnRV259EdlkGIMeweE8FkK+iTPDmEQrB4wUc9CIyQGsbqlH22q3IphY+Hlm321obT9MoU2zK/sxFSULLuGoewPrHiJmR9Eo4LCAAqdZ418FFjLrB4a24romcYEPp2TskPnGoVMp+YiGbjFbTW28VHrYg5QkY/jEeuvGhAOnCarDRe2NUvxeXmpt7mtkt0HMhPQVrw0l0qDVbSmDo6jRoM94UgHqWWyxoN2dRMCyz1eraAV2DyLmTsg/xLaXQhgl168RkPWeB0Dx5gcZkCCxbQfPCuEkvGdA4PoK0U5o36TdgbD/JAMVAyx2g3yEX0KQGmG33waALBcGpQGt1SL/seiTGo9kdt9KQpomYwAZZjcXQ99oafZfCmCq2REPeZPXaJeqc7mzwmRxeE9Sqa0bDyggZQaqvIJbotmjLYSyczmQzRw7undo5KXAskMVcNstyLNEIpMYAZVWdeujZz89fPXPhipDvwcmodIuExZcMx1dLq7wg4JBSvaYqKp/NIXJdl8V6JtujiFCW9N0UjpjN95leg5vBZfI5yNYqqxq3/+J//J9Onzz1t/7u3xwZ6ccycIEj3aTntuO/ffh4qSr2FXNIUUSJ6CP2H5+6dGNp93ifKCv5LE8sWdGlHtHOnNov1mdlSZRlOTswilSYHxqbPHT4gLCe3b9vZHQYZ3F4ID86WJy+tfCP/8l///pvXmpwW+jXvAZboSjExwfLcxlUqNdLmtGs6sxLSvVGbuSJ9rgSRkq5Ov+auHpWZxXiii6YXoNbtsgYzVVzowod1tlgbPImuZj9yI9OIN5ciNBcg5AIXBDuXMcvkxgUzLcszN1NFKcYyWXBWvpBicVJ3a5VgFQ8dECiV62YypGomby3KUBk/wrMgF3pj2pnUvGUR3DHZbOX5cZjVxlAMMGAuVRJDiHHDL/gYfUKkkq3RbzmuOmNJ8HjttSXCUokAIyTgPBCVRSAjVg169vkw1IPeALqJKuPr8jnjCP4CNJMOyoipNgCiQ4c4RAuI8lmu91IQMgbiULypYYSCOEfOxFpSlKZdzKDmi4ikg373FQU0q9ByPQ6ppViLmBdnySNhERxXdQCk00qiLfEVmWIfG94w/tAx/jjNz02P6evKbXmATl/GEoR9D8yrSqYZ1GwOaw7NxayyKtgkmsGUQhG6PW6IhTyCRbxYew4odp62Gf2zVuiQ2Ca4eORDl9MXYG0FyOgPblPP42Eekw6ycZI0W94bg3DJoK3hVfPRP1vtR8B5+UUTyqTWTK5CzsikQo2gm9cG4FRwkQPHglpbEERTEdw0dQQuqRhdEh60BZiWw6o5SNtj99NRdxVq5NNhq2sFNhB0XMnYRd3bAFAm0LkZgfcaPkN/MoNdH22pXrxlsisqfu+ufqrc2OJUNu8YLRiQwMnZPLsQK26rijEey9SIc8PIEGU5bImoeC4jMDzB/fs6u8fEAQers9rvncVVVGJ31hQ3HmIH5r4+R/+C4bPEGMtuvUuBUs4xGqF43icrqIoklhjOY4VBFmu12tlli2I1cb7VSzLZXO9puKaFwi3zGCtuqZx+/KLL7331jt/7W//te/89nN1WcpwvCTjpNR8hq/XRQZSc4csyUcxl6GGurSXLqjNYKoXyBQGgJCl1s6gWJfZbKHKD7KH9h/eAziW5zkmmxNkSfqTP/mLP/w3/369XGpwm+9jSNacoDbKFJIUz2dArySVFFJIQFw9K5cuZ4YeyQwcB2mivvxxffEtVRENVlleyAPWpi6EktYLhLpqB/SnhiIPZij1YdCvXIDteMa4hLo54nSBEtbFiUDBmklo/IawfQy4RjYpdGSOxGO5LJGxiIw7rsN6ULbCliOyJ6KbDnGEsYupTevuOAKi/ja1L0cYOgMjZxqwOVVXUCVZ48UUZKxKrTToVWOWR97ZctD1Amr5s23twpX1gKk3FULobtWcOvStLOthc6vnURkAAaGbCwjKRsATYH2MsmvPgiSR0pRkJ2vMrKojSHy4FVBH0VXMeKLdK/dkgSzfESLarzqKhA7hfUadrnq/EsVmJ3L1OygAbalAFxiopdIOQk1JBzkabfmzFVf+0QKykAiMlVQi6TUtygIETxLpqFW4moIKPGvTZwiFqdPWuoAQOkOZd5wySbf5Sl/7RoHWmYhJMDozI1M8EpQc8nmU5FiGbH9CxQmbjrnZ9A7i/SximomHDJV5z7E0iQpMvcpiUfa4rVtQS4ud2HTTsRHYiOxvIzC5GSZVBE7BeBWqXTM1TQxERuxFheZ2A8uRYrYU0AUIwkS6O73UxrRSPlUAABAASURBVMnoU3tiO5aOw381jsLOVO3IeDppxN+TuVJFTYlsEiSakU1TKtsIBph6nds3efrpHnQN4EvBuDbPCpHrnpE+ggA4LQU6fwLQsCqvPQLQcscSHgJ7GCMiaHVnyyoFbgChc4ro6tynwRzcnje6EiHOC91vbz2dwC1gRl+f9+w3UXcNW1odhOPIngWEZFkxfrRzgHIvSYbl8kWiFyiJNaALNwSe5xkOKXKFEzI9uQxRKoOgt7e3XlrAV5Ki1OuirKpsrufQPY+/88GJ8xevZXt6NY+ASJGwXJsB+sKD+BKWREWWc4UevMSSKjJQsorayDgv5LL5HhAMDMflewbrlXVRrOKf5Ur5X/7P//JXv/jVd3/vd7749BM4uWpV6uvJE5U/ogMIJFlZWKsODhao807LC/SIer3icrW6ItZqt24tctWBvv0H8tlelmEKrKoqKo770k9e+NXPf3b5wkWTAUHIZQp9fmxS5UOO4dkeKFZlScK3VEWszr0irp3MDNwn9B4BSUNcO11f/kCpLZp3cN012zLUYLY5GPahB7yVw5qoRSFvxow/FCSVdX0g0KxOhu/I1sDBMuXOW/TSTIKCvu2Ih+Sy4DA6ErQSQ0RwAA93MpChcZroIsEOmjlyxN58NyBDKp1TIFRAcyv0bJXWYz3oGiHCzORoECxLneeaD5G3GULk8sP+wOXAP5m505VKcosOfaseagWHPMa6EFzFHy09yqVFJtyHpkChQ7IRmAjy/OFBI6YqpA/1eGRRcknoDST2riLZxXlkZpD2SX+TlPZmJG3+zfOpJLQUEuCknZGR7w3rs8BvbiVYOsj1dDlSVYXlCoUsH2sQBNyTRq2jNSIiELpNNtEK/CTtLpYE3KuiKzkPyBS0/tV/MPqboNa7VgU9DxL2SyJ0UNTgRYM8bmkrm2aj3q1MGTYtsjwGjaDcoZZUQqMpL50gGDt1d2slyDfNkAnHakHRg4bbsMVZIKUaPhzxwJkmoH7c2uSlMQrC13E4ytqbeinWSPrTSsgUtFccyWuWxBtNdPbatMZ1W7NFoOJvEdWZqP+t9iPIIpK6ttDrN17fCPekYwhiB2KT2AhEhsmFrsKGKFsd3cxrvEaaaM7aVUwts7yR2lU4NFTR3LddMWknhZZHULHSYbRJylnHvmdMVrVCi1Kgua81j0qRufVt6PzRgwJ6eE7OqwkXhpNf/Zp+a46AGdNfMNL30Yy2o6aP8G1Gv9C/SQBkeCUm5C0eivFn233w5ofzpCNtaXZEdClb20gNMGiI7aaho9k15+aEh2YRat0UtFLp7sZizQKi/mUMI0ptrVPPkszmejhOqNcrqmEyUBGxXKaX5/L3331XpbIu1eocyyk8x/FctVwtVeuyoh557LnltdUXX3qduP1FREUGR8cCeoZlq+trQjaPk1NkRRZrLMszTK60UKEacsaRAMtlsgWOz4CQyOR7OF6o1coat5cvXv7n/+x/+OM//OOnvvzs17/+jKRk8GJOVhS8gKrWpVJFml2W10vSxEiR+vZR6WqIymA4YWFuabpeABNPDI2PlyWYUYEoyaW19VdffePFXz5//fp1M1GG5bO5Av7y4w4aK2lStZyQY1lOEuu4bPBPpbZYufXr+uK7Qt/tQt+R+A6FkVIWV0+Lq58p4oqFVZYXspD1X+a17FooIb1Ab/Ignn5tLPhl3QR0vw3MVRWE7VbuNZO33W3fEGhWna3Std1zdIX95tINGxnZIkfXEQyRNO7XmojTbq0EetL2ZClO9vGwpjhyHyp6xHheERoKkvaNB3Q3Q+hJnYQ2SEXsYj7lTrfDjEcQ5EHDfBZEAE79Aek+60Mt4ZDHPa8yD0bBEjTkab41kgcPgSrV+TvesOU57oXIHQpE0BIhFOKMzNoQ5i+Ij64XGBcBkm7LvNS+ya+rELYGG7sQ0FGkk3yC4nvdMW6QrhcSqHWScRCMQIJlr6153CY2m/pQio0NWRkBYfVN2gG/ST9Sewgw3EGXoJHXmNYz7agl6pBIMyGk0r4r+Zi1bDYfr4cu16j5qWc0/9StPxuL3miwMZlE+2+PWk4LEgE7NWr92CeRxIFCP27RmFC7aiHVATNEZVqhyRlUBBJlLx4p5HrpESJGIjTTLYaDBIa+dBE0BYv8gng+0HzpgvQRsxkkw2K4hVKYoaOdCCIQAZoaAq5ioCogdQ46D5RQmM7Df0LT5BUIhdmOb4y8eyHpOam7SyM9De0QO5qWEQIJ7wI3T4bCe/q13dfO+DYG/Oqxa+Vp0Oe3/4PAKcHGd8hIJge+owO0nb5YPyDkNbTdN9+0swVz/amzvDWVAuFGn382HSDYxtYCDBpiu2kYICWx6bzqNkPL5saodhT7bBhqlonbX6meh/ocn8EfsV4Wa1VNAInXuOvL63/+w9/s2T2+XkbPFHoHiDNhti5K1Wp98NAdwsDwJx+fvHjlRrZQBETfTiFaegxbr1YYTgDEcTBSZNx0c/hprVQ308K5F7J5IRtdJY7lMwXMbQ1zW9G4vX79xr//N/8Ofx585JEHH3nwnrvvKPb1r6xX904Nr5TrPMssrVZ6illIZIsKWb0jtLJW+aC2+75HHgDE/yZamJ179Tevn/381LtvvW1Ni3CbKwjZYhDGYFMrhiwv5HhFqstiXSt9RVypzr+BP0JxL1vcxxd2M1wvCANVXpPKV5XSJbF02ZE6J2Rx4QRvn8gS1+1hAEJQ98vc0hqWRzqhu1JLfsMhGCkfDuOvKqPmCHlplUUrmUjRITAFQQYZlNAUjpKo4mj0IiQNmw4PE2AeeaSUFhIqcrMsiFdlq6AkkMw4XIcKHhTaIum/WAyH2/qm02+b8ULtC9lCoabTSPMeNZQrA8Mgji2ijffg5e7RKMI1bzcKIeBV6uGJQPvPyHQ8EaFBI5+H5qCXCEEXwPBxI89BCU6jiaMLdwPpZbZNCKNc0L7MBk4pbZasq6BwB7V+BF1+ed8LRi003C0RBo3b+A5G0PYINZFKFCiRykoBKNBTMxTLQl7geI7jWI5hiW5EMKEItEkXYNNT8w+033IJ5QJVRcg8wU+ijIklKJYhL0zQrXj4GdK2jHLTkUipJSRHFtn+6NCUJQAxfxhPOpTcsiHK0JxMKUFyKEsMjRMHFISm38IsIkKQpYpKVM4lK5IsS3VJadJsCcQICh0jfAZdIrAMFg7xZHjBAwyjW+oEUZBQR0D+d8lLd9TePN5OopDzFwp1OzbdxIGIxRr8YVRPo2rdN+XFWmAQMLjCGYbIDpCa/gDUwQK0Zhn3RlZR8bhCpCZ4aMH/6pKkKqp3pFa32o9A0h3740h8tyGzySZh2AlELVLrwl4cBUgTAHedpcCUkWZ2u8cYjNaIk1hZQ5/ftvv2rQ0AjvMF7zvNVKE9IGiK5rxNtynkQ/YpLRdKOIAkyV1qzDg8qHnupmEr1UVftIgoRFhXeNWqSkz50a2HTdcTto5s9fikNVxkE85bLAVaHf1S33bGPxqamPfTYiP6Ah2RR2mhCD0SBumWAqFFGxBRpgkNCE1vfeRbRbojYs0uoApU/QJp5gnRtqXATQ3octWFSJ05CLbK2oRI7GRVM4LVxQblEtcIhJtmMd0KEG6JfOozIoxWrUin0S5ESQ/ZxmZtzu+yN4OETIEXclK9Kok11VjgXrl6C39+8OOXJncM7yjADJAEnhsc3rO0uPr8S68znIAzoSDyT0UMWW8oHAM5USSiUwd9LPsgKnLZnLt9prDcZgtCJifWMLdVk9t333oLf/DFxMTksbuO7T+wb3xyamhosNjby3EM5lxWlYWl8tLS6oWL11WG+8VPf33rxrVLZ89NT99w5ZaYPAzJbbOkFctiWV5QRFGR66Z0j6j0lS5X8VOhn82NscIIkxlguB6GK0AmA7R1GpKRWlflsiqvq/VlRZxXqrNWu4AGq4DlMqyQMZS0TFZAPKBgJKzmEUMSjMgqSq67+5Hy4BBCp/pGPIYcZReAmHuMmGNhUDbI6YiMxfS6L/BGqo7jrgRsB4amgMwvPb69UwBfkiHqAjaLLgJSaBWkuSNBrwdNsVGrh62BfEi3CI3oaZkRGlLBAgo5wcVZ6YRqJEYb1VwU2Z80ndQbv5E1YhMp242GGzry3jRDzfVHOAhsAjk0ZiBszqyj+luLT3w3CY7+40qk6W4gzUR7H6SzRlPfBAmu5HxYClsNxvgWdbAPG8ko2dTeIEEJlrVnCtFjBuINmd/plNEmArJ8BwkZPY0UIqddu7YhPIQvahTzeXclE5x8Y0gK3qziMBD7ACA4oGNlb3vmuHTVs9PGLnLUj4BmFc8OuxkknFwWbzSFDD6AkkRJlOVaTSRucVWniMB7QISWIwnoGhg6bgVfFeJNfYJmfRDQjtqoUqCinT/Zn3v/SoqDwKHCJB88rGdIXC7kLEpRURgmPa8iIzqxJOuLLnahqiiepRG6jtziBw6subIlKkscJ/B8MZ/HW55aXaxVaoHqKzKjSD9bjAa8fszmMtlsFjMuSniAwcNLnYwuqrWZpTh8oxh9mlriZ3EcJa6mbKTkPeKhgOFiJ6Ephnu4Wo1TGmnO1uFoO0PjDsZCRiGTQ8RJJ+zQGZ56wqWnmaRS6VyIWztHnL3whWJBUdR6rVat1fWW3ySTAJ0G8r0RMF7M8AlsZFEahJvEQ47Hna/B+HAM7sRSYLpbzFBIJRn6+gZL3xFAqeYEet9rKVlvHSbsuwAttkMREEKwA+2nAFYRLLDJi6HtjlVGB630HIDAs4fq1FS8/tQWSq3ogLSbwVZGqsXquYFAUNPmjqVRE0AwgtyZQUZbRg0psPGTav3Ra4RsYchtrembr2vSC8YkYmTIckfrBdtKgVsAKYv6NwC2TAnglYmsSsB8qbgb56bAlRFCIxCAWKfIGwOGus2mzym0qzM3zZWboT8jS7vtYIXa1tkO4M0OUbbLFiSxJkk1RZbMR9MzC9PG9Stn/qN5X6rUHUQUIDruYCEqJ2R4IQeSBeY2V8AfWaxKYl2WG+nevDmNPy+AKCAiXyHL2bhtVWg2joCXghxkBaK3p8oiLlXFIvBSxBWq53cWhAc1diVQ04yx4ODWTceo5YFUiF0m8tSRCq0XaCYfE8FINXPYsOFqLb9ERioUjw5Kmw0ssRWJ81yjDJBHaPrqKOgo3LgKVTytQ8NkzL7Gq7Gk6jsGA0iWFag7/2m/tNM1Pdj6MZa5K/Z38WH4NHwjQ8MNbABDqj5EcdHyPO8i0kNNf5Hzp9s1aCgd0D6MLGlCZzTQmNZcpSg2EZ5/XhqrOjd5XAAEbO9BqEXoOsHbdzRNQP2qod+BQpRttOTiIY3hJxhvDdFbuwedjQazjtIqKOR7o02Ima5VGuv61OXSL2jA5xE4R1GH0NbhkV8E5FYQKEh0e/EG5zbR5gTNr8Yth5335hB2MYXjl+MnUWrCLKtN8zU5ZDJUnfKFbCGXq9fFcqUqipI9YMB6JadXlsfIKzD0mLg9kfi9aL+1AAAQAElEQVSgapPrNDWidowXIeaUMMwkxDhCKN5qJLXaSipkcIJ0bdjCeVuUNCONro0Uycuv5N0nLBqrkjsZQchkM8WhwXK1Wq5UgpEBEdgI0WrtyOfzxXyuJorlckUUxSBREoLHKBQtwbgDUTLZRJEfBqOe/oDTLeOrD4VI0vH085ZWGppOiWYgVlVUSZKqNXJfEIRsVhgpFnDnxcsD0GWIWhi6ISqQFBKglGLbQchjNdGO9poUgvLqsqTrJNJiBJ+6YEGcJGGRpwzSAGxxZb5LCy2/HY+MoFbLZLD5pqfyoIMmIHsWRYmipe2/tUTewiPLtG+VX1qYTAJeuyqFmm8l/2wa+QHEAhsYyPK9FbB1ctoKW0EpMNIbkRsf9mG829BOtqDle5NDmyVpVpmuHONgAiFMUANFYAtho3jVjQsYW1cO2amljiiLU13gQdUmOl6vLVbjgBey+IN3ArJUl2VJlaWw70wQI8gcz+NPJg9ZFmmugtKpGU7I4Q8xmSrWpOjcCphbTshC6rbGhkZdIz/1OJ8ey1AdPp6MY5KiyEiVw+6hIeWVZTmWE3w0rlATe8HglknPjMPQlerRcyJyi0KFDkDKm5rb3pAOWVatDWTcj8lSyPHFWXpR6z4YG3S7jqAGi/aQyyCMmjiJqP1poxqKgp2EbprdBTAKDwGcvLmczwYK1QjuXwioZeowCAOesZv5cQlHA1KjeA1ZTqjKSqrFBk/Pd+QNwwPypKH9i782Ryoi9ne9lQItv1rcMv9q/aAFW+FE98j/uVUcSZslhMQwAmJt46mVYAAGnCLG5hutfnsFQP5pBQJqiFjDRMYyWNmsAOQ7G6A29JeWiN24g6Ljy+aNDDdHq204MO84uYDQ7BI1BksXLgKOSUEQfmxNq1Sg5xLFehLV4AUR7zRE/V9ViTU8ZA7nWguDjTUwaJSY07SgZlSEBGKppRzgDmokKY1zRtdp0jbMNh66LZ/sLcFJDc/4ilYSbkaeiA5fJsP3FAqiKC2trCqy6s5fIAQNiVpESalpuXcXZG0RqClC4hz4BwqdbKgIoXp6Syulrdc6kdFyzdM6TtKwdikEW4sIolJOKkpdFPEHi2Ly+ezw4ECpXKnV68GiBgK1E8fQ7TUKSzGTyfQU86IoLy2veugupFKDSa2brZFTamoBUna9TCsJt6eo8e0fOk5KSSCZUTTKWidw6BiFkNxw60LbjbAokvGlzFULudzw4OB6qVwnw0vHeoMVkRcQ9qVgoOBxnkdOIrlSdnsftHsU53yAwj1DASQdbcp662RsGxvHLscpYLOq4NHfHAbLW1+odUmerPyVgBI0ZyjkXrR0h2p2oEby9FQKNvetJsG0nls3GQp0XjlWXgilt0gOVka+N5KFthB3GIPcKN3WAyjW422EwIYqS00psKFBbLmAxqAOLWpVjSHCMPqh+z3W/BWbN01qsPHt2NSZvoIaN1HzYJQMoOMX7LwSRltgnbtsRbu1OvzWqGwrjA7XXRUduB4Caj4gRA/LNF/oW6RNb4m2rJ8pwNZ7tK4sChROL1CbOiHshn2hD+sMwwqZPHFLS+wqSaosK6pMrGlTl0LIkF9DzU4psRFFTndYhmPwponjSTTtmM1mciitSoQMy2cLNFWAWVUVonVH3Y4oHtwSVzBYpIvjMRq3vtB3YHqCLjwYayC/PSlkeQF/CEmVvn9OHaQQX03UtZSuYqOvpVjNcyQDGUh8a0R9ryNM2TvYh7Z7bhmnQ3JIXcyWDIXsVom2K39qjf23h2E05EYkEouRsoaatfjiKyk2Z8d/yG4GjMVLAhXtylhkolD3et/VQG1hUd8EQqvAyjVIEMSvpdAUgsmd9AE+BGK19gbIHCErydUk9L0RhUgrIEdE3HewfLVV6KaGhJp/NT9EViK2MkRNj5trGbViKALc0vCEXp7Ua4mqzfnB4kZkzproRgDaUNx2EYzz5TjtxIs02MhocI93AxzPqdQqguNRHLLdRMRtXe8Kby/11HkWJFp8CH/pAmBkO28yd+vW0xRd/GvZCQJt6Ux8cbEs8GRe8yTYjkaGXK5c76PWJBB98Q/Q4yTiBbgpfLGYywjCWqlMrQOmmrUu7ZxIK53Nj+TyiMwvkDjZkARTqjj7SIU0P1nG7+hpBo8Z5XhaVuS19RLuzsVinue59VI5WDx/QOKtmFiraa0pClyGl0Imw6+tl9trHTAV4m4WRUPEBvGAEgnSMmqLbaol6zEzspFG2rBvdAcOHbemUoQ3fSzDxsOLIAg9PQUsMy6tl0Gn0S2NKQE+Us8KCiFf2PCI6W8zOTgFTfpVs+abIcyDFlU4qIumbNGgJRg+4WI5trVZZ3yMI8nkuBqE5rtFCSZsOTk4tLM9sI1tbCMgNs44z+G+TQ/IWVNWTTQUVEB9wUN83g9VfAxNzv3JfSq2Ice9ZIem0r0JOfpF2puNZMaDKqOSn/gekRNR8yFEpg3JI805M9TOuTUdcvraE9Kl+Qg0jlQNh8g2sVGzRN92w/nbkEYZfxl6rq47f08eXV3tmqyNVgSIDNRUCeFJtL6xeZdIbYSpk9tNpZnq4U14FZSNBqirj4FNDyz1lyRqEiChJmySaFPhoTApaZalumhjHYh1luWJ0XQQGJYMwoT1k/zBcByDz/dACmi0LbeMhNcQwoJf/LHvt1Irn6gdw55VSxEg3XiVvkMO3apbHlK2fBiOVGj4lBTOr6TI+gsxZIXpGjYpltxlHCEimb/DazR5U3TITsIQQTYizZf+FMJH84huodBCPO9BIWpRhsyCZ1UGpuCz6oa2PyFpWcl0hxHc1BFiDjM0Z/3HxhCln04JBx+9oTVODJ1HIjVVEPKQnAfjB3n+sN1C1huwBYnOLs30xOnbCtSEFoQKG0B+gRx//cI5b0AUJLYexb9y/PgNUcatSWkLrqR3SR1tAlHRmmnY3BGSQoztjG5F1YZwu6lWd2GAaJYwLAU0DoWQ2ykIDLhMiNQgifs42TQvkchGGLVOzx7Y9sjQ83M+p5GIlUACpFgeQmQX5gIAzHeokC7tbYQ2RxFVYRVPP1y4RLrVrgpq/Qy6lj5uV709BZyjpeU11JGMpZSm95yAmn6aI1EKIjwUJEj4VIPHiJ4j1GohklxBRSebYtNxv4/0txEjJZxKlXkFrYuiuCT19Bb7envX1taRS6uPAH1RFtxMD55Ne/t6yPCyuOpWbKnUoPvaM8mk2jtOuucnefqgxU6avA1E5k5ElcoTS+//z957ANqSVOXCtXrvc89N595JzDDADDMkyVEBQUQEQRBU/DGhKIiCiog8URRQguJTlCSgPPWBYkBRQMWABJ8CihgBAUkzzDDDBCbffM/e3evv3NXdVd2Vu7p7f3fffXp3V6+1KletWrXKOHQ1fu3nWA4O9AjpBa+9ZLv4IcNEvv4raV1u3N3Z2Tl8OG1ehhg5oNRtJVpCIYxFHXt+G+HRsOf2dCzbBko9WyYOFoIwnRKw5lY1b3tAXdV+5kHrcydqGhKGkcAhttyet532WVvT2tcPwJvOlX9XsFqv1uuO44MxPR2rT1YXZdAMZNoco7HwIknGUm05GKH4lkUeeYYaxTK3SQCM4lFnlNrNJd8BiTA5gDS/k5gORlGiF0vWO4PUri5RBCUGw0lrl5gNp/1dTCYKMLEzJPGf3M95fB1k45woa2CLnjFZOk43gGHVXZZD8FSvFBVrSpA/pEfQPYuu1aaaQikY69TjP7GAdhwzcRaMiQXIE02dz6dTi8wFvRJZtra9h1j9MW/HceNds6lmaJEgdytlBsi4EgouhMxKDozR04RQoqmnLLiOz0CAfMw86cjG/UmYdC2ZTUFXwPRbotQ0iBleOmxwklnJKgwDLUokDKtiAMuTWvnbavQtc0GGXWC5e0yvykqXcxUO8naBDeQT9XTqa2gbmcGiaLdyZeYsxf45wdzu2looY+unb+9oanikQgdZwgzeDjLzL7fl6hTOhOE+r245o1ApvxWMNFt8sZdR6xVBcNdQiBYFxbRqgUPHfOHubm0E+WkQwYZdoBKdtHbFrWgURTLzPwOpWe+3rbY9isRTd1yLWNOejYpZZ1DW0X2YDRWu8Qsb+vn6JB6ZFKB3n2FvZoJkfmNnAJZpmfoATGPgNhz607NMoIZ6xkjxN1mHQOhxH0cqWKfBHr1wldS6WNmZ6Dnzc3F5JPMXSBPY8YwjAIW4IQxB1AiurKDIfCL2Pv8VbLUAVcsQa30TZ/GIRbtEm3fV1bYRIYwnSBGOiWzF83/CkbLhCJbCoGPGWuK0CgoA80l8+4xDB1fh6tixk8SSTE7BSwB+yOIXir0mIYO9F5wlrGJNdgNLsvAH5Fmjomj/Iv6SeGPbFwbxyC1Hd3YOnHF45+ZbjjL3usiD2cJXj2jEg6Azzji0Wq+PNb0VWi1Hlon3uUlkv6XDUCSQBn0iMj5OVGrJsL/frqSbk0cQrWggUOWF42amAlqHQAcaJ8qRI0cOJs3LoZtvGWhHgT7yg0gHF15ChaHBBKslgcFi3Jzhi4C5768jBrEafLlYIq7iaQHD+I+03e3x71DvNKTtV4OIpnJ98tOKaHfdChPlzDo5hypcE1U0EtjceNgKEHlHIk0Zc4pujzpgA1GMMO2WUXaUXjLeTP5jer4eZmcChql5Bkm9niaPw1T7k5p/pz7ME/V9lOmC0ov4JiluZheZF8GUdLbJBVJm2fncWUOY2RISKHpMhqfAQtPUQJdZNbQDQHLiUmpVEynMK3yC0lpYauMJaf7J+bBlUOL/6rtNBlLemWGarMwsl1wFLzdhkBOAvcjCXNJBNgMGy+QrtQBNtzz4YBYomfiywaux48Q7r5l4CiwAJDtX11quom27QBodq+GVq0C7EgnDohhVZMv0ARd8KTAYmyNcEcfUxKG4D9qtkzWxG+RVmZTdWTGzh3JHu4bE/FhLC2wkAfu40nNl/gKHHZFU8oz+I7rAzqGVjq2LTT/qMWqkXp2ORC6LvtBHoUWnP1vbBheadVYgPTtaFxFjxn6qPRSYz/ITz/tTzCvY7P6K5hH7ggl1F0JiGolOX0Mu2rmh6SGsoWRCxpUcWdG8kEVCNzkzbhUPJxJfgYUzRSEm2CDUHZpxt6/d60F7IquH/lUALBVJslyNCekUylIj9aHuDpwK0uyVShhbXdAeYgbrINGXrdeR8vEiOkOAVN1qqGCiwhNx4uy0QYE7iuwHKqb9qdguVOledMhOqKkFOLRjzyKQdIjojKwQQ5MHmaNQCNU2xkJgNoLUMxim6zHGu1DV9T7npad4CIskOTK7Y2KQuHBI8bFtG0ePHt/Z2X/o0M4tt9xCtFF3IdYj16HDO24sArHv0igve2WA8ZKtbkaBLlLfKm/ahHe9sYngjJdcxDNVnnW7h67uHjt6/ODOgbR5OULso7+xVqKpSNbOrNJqHhdWDcQmn9qmONqUrrxm3ix+kpaSOjn/J5LsfJGULqHKEQymqyApA2YKtHnX7v1SSQAAEABJREFUHzcMGaMe33uOWqVC5UC0MFATqgr13mjEmEt0nfd5nbAswMzKsACWWENq4Zca8GFmLEhyg0GCpclgZhWIJDMixDC16wujzI4QMyPDzNAwWRFPTQMxOz84MRsvbAKTg4mzKQ5lFJgEaRkFFqK2uhGGUWB9Na5pFAi5qeDYjQIpiGsa08ObgyyXiWvQYg6Q8gaXoerDkhKY38ZGyPISy1uVlriw2MMmkcJwBipykP9Ghjg1qvUnNhM+30qvD6Su2op57H8ZwPIwewP3AMHNKKhTv3nVyTw4YtKzs2KCbFEKYeisZXHBnvQhzaf2wzIsJ3U8RAqTBi0As949nZQQWlpZbqlpmOshlkRNNpiA2NzLmNnid79RhRcK1QAICqMAlGbZCAaGDHyZawtJLUIGU1FKAqG76TAHd3S7lUycwmTukxuzY6NZY7wuJUALYnSw9qf+tpQkCjLwGz7s5AJtOuJQqj1CFEyIIXCmvGgERJtYnk9S2XKon7B9A3rmhEa3tcbe/kCHLLuKKwMYXDJPtJlbhX6jQJNwMxIzhkw/X/if4GFkkeLD7RBLFtLSoeIzaWDrovUj0ZhBvlk63y8tLoIBYfMBhZl46xNpU6BqWK7I4tU5FLjoeKv3plQAAaDIQ2FGSW+fnNASYY3GwYP74vQyZxEoLZcOExE2EgKpy4xSz4X5SAlkLsULSqlNYBCSsLitxwKlH2iElALy7tEPFln9CWXTwYzM4gWd9/jo0eOHDh/a2TkQXxBNSSobix6uBw8mh5LXLQKtZGIzu2y2PzKbDZXkkIuHFguptgjT9R9UaQqs5geRh/ygsG9UYYVv18DQIqBYo2axZYtxLG5eDh06uHPgmF7z0g2hMZEF0sZeEaBlNpsbp+Jmf+OOjCQHJ5LezZHYM4fl8OTdqWup6R/UX4ZEwFLgiYzCGe0V5RCaU6X5j6Thrs7qAxWHqQMAivM2hQunnYn7BsroG6+SDYxARMnhJZZkg7HDdxX3ZFTwicnrerXiRsiUKrhx1R+2/Qj6whiQNVbVbG1t5bOYTg5Y/aGGfTV/iI0vUuo/AEh9bNkYZaY6V+LcBmUDF4Auq4IKWH/FV5RiNrZmQXkoeWkXyAg3EAwL0+VmtWZRVL1BLMJeUlOUM5tAK4oMJyUElewCi5XC9D9L3UCkIBllFLQD0U/AGikAGYpo0GjMIJ0WEbECkMe/g44ukG1SrJTipkBTjMJoFa3SFp1UW72h+6XhYFQKRvMGNfs3udLgRwq1YEAsuqdXk0CFKbccdr1EJNArVx81zPXoqU8l0pw/6HYg4skmTVayTAilQ+tW9TLUp0MGOPZIYxVWKjlqPp8LbC4wa6SxIzZC1BGrtS2DvAQV8yIcpWbHggFklU/lES/YeijOXeqtDjoGgMoPee9g7b3t7T3bW3tuvMmFdx9jQKnbg8GtPOa4WVLVIveH7MvmwI8qskP3eM6qAhoQQ44KCt06euToWWcd3ru9fer0aaKMylSoR8btBFs33nCLjRxE5iXnhh3od3nsl+wOPGQ6ddbrUu/ZzwkneZ3Xfc2k05LVXX8Sq40WiwAjDBlea7rEOHo0bl7OWG2vT+s0L3wYHw41KaDwENRwbhgjB42vgDKyy1Z30u/mEbi0LV7qYKV8vFqt8oOGJFDVk/IKa8oDJKAy5ZZ2JITEhPc8ZTjmi8VH8eXWz6HSrR9BAFtbyfmi67VI4fQ3IkrQymgvIKh42GDGmIxRoI8rSFYxhgj7IWM27jIhC+anXRPPQbnbsCpr6gEU2HYNxS3e5Abrwx/+j9olsp5lRjeaGQzJDgiRk6GRLVnrRl0bZ0IBVTiZAVRfUx4RAGCA0X1NAmIHKMgAp9uvCWxAm0TUgY4q1h8YgKsSwqyHHM55GwWNRT6GpYOS6MLvIUsyi8jPzzVgrAJdcextEoEdVs/QsKZaYlxSNwT6UCVhmj1/SgdIZ4oIGUKpaMnqPyhzZsRUtxdAfdMDg4KunRORq5ZsAp0UhCj1yJCNvrGvsWe8jwLBgZgwDtOnIEcEinqCrhqpxki8h0c1onfZB2Nt4tJ+qIbhukd+2C6Zehq0koYpji5zmAEcXII5IutKsboWfUfhmUVIspWVkqeOkIeJNHYH5Ck4eCOZfIqjLj2Xow2ILnErC4KsX3lly3r8nf37jxw/jnol0iJ4Wiwi97IwO5FXsOeukwpqJumRe6tokjNDGPll9b5E8g6CbSuWVccuhCRRIIt47OiJnZ0Dp/SsdgTd8+wc3H/k6HGD6YXSD8wj2zndmMjUoZY3FkM3XhJ+mdNADOKcyQBtJXlS96BFiUclKvqNp8PyjdmKR4AQsZ51vop49OiJQzsHzBoFopEgHEBhK8dqplqzQmk+TUUsVHdq2q0aG2opMzvxkAgjK6WQfaXFttwXn1q0Z6uL+fkhKeWsOSsKdnIdARVRCwZ1eU1Sy1ZHwysDcMosZ6maWyPyEZghORwQgvriDg9GY+NB0qD/2dONEcpvWWQfZhTeYeMpcMzYqNMFsUkoC8AI11GH30T5RO9/g78iC1qtbzxAXy5iBCxOdUtEpL6o6+rY83ycn04QyjF/Q5+hrLCBuRTmVAekbK4xwjSC7rnY4DGihdMSBnJPWkB612dqK+RWU8BY7BhIlQFU9YecoTG7wJwN8QWZvqMhD0PO7jaQHx8UDdh+j2GaqESKjyJ3iTo1JK3uTIIUp2SZKnAddEDYU6IxYXqP4RAhoi1MkwIUx/2AxEumYI6uNiU9Q1QBsthjQesQHSLX7Wj7dwII0NGDcMMrMkoVlEpowCtl0CoaSq6FkB2YK49RFeFg5bMPZqubWdlskx0/qPkqNjyYqdOzENYwFFhj66I3pCkg9a1JxAgF5D/qti5FMWrugL031Mh0hU1GqWVV279/7+5qtbu7IuOBvQxLV8x7T8rrK1vue1QLqEUHKHMY6ff770qR0AZHMlFuSRHhq0zFZUblNxWIN3B6d3d7tX3gwP7jx08QRcpCOu79+/fHbcvurjHzIE/sFpIjtQHCKDTUgEu9r8HCjG2myCTXftY4zPx4JWYRBBEmjifIMMXOIU+k/iq1UnF9393do9S8dEukF6QDQIJFcoxuGGlbRuXmfVBcZxP+INNHEkK76isCZ277qNC0xWDc9a7Wa3lHfY1lweqk99QH5CJuv2KyhbVhr4p4qJbWAF90Y8LP5DxaYOOvr0DCbqfaoTbYQAeWy9CmiLIxAaNAyXUEH9aP9DCGGIw/lUcOsJ8Fba99FXPOg24oLu+CgfODMZmcNPcGcecq2BzA1cdIjWRhvqgkYRjLCNm2oxi8gPQrpMUb2UKS+oyGQW0AZLO24UTgcTa4OJ854s62jk1+mBJHMy7C+Q+R6DbKJ4yyWym2DNJLYpTlGBVOD84HNx3yZ0bQXDtXs4ZjMunILHKgRIpFB2pvYe2ZFHiaQSAatvNY0aD/SgPZ9HKTJxA7LrsnJ8SFQQ6RWp3rYaVfFSkKUKgcezeQYueGaKj9URSmRU7udeykAAIU0nBQaQkNtFGtYUtXRy1QY0RLiQEg94c/kNwRi7QmXpljOriNurNTnbp+PnYVdZOFpDfuMTPJs3y6SCmltfORhhomPpoWRXdnMMDKp9tXtd7H/GgI7CKh8qSbKzGNrlYVieyDdkjknvxZ+9u8Ll5mv6UGbF2wHnYFsoBidTjxH3Ng374bb76l/w3bovGTXYyzMfl6M8rcoEnhZRPRZBS73pkB6R+Imai5xAq4E1C1DBDeH9hNRulNoXBCgU6cOHnWGYdPnDih5nImaT36DipKm5e9N/U3L92M9EOYh0GlK/+XwAvm6Xe+X9zDnmNzbGaJ4hxBH6kC0fa5yWaHH7qssWglpcU4fvLk2WeeETcyyn7LiKHqACxNEZRKgvQrSFyOLbKADbPA7OjdOBYRRkLJkHWWhcI5/4IoS0go7esh108mgaGhXKMUt5niLjI0Cq1+YzZKrufOEC1pF8xVBiRI0G38hknMLGulJktMIv4VBi6QdLfKRiPiSaog0TUy8B1TjptTjDwh5+cpcMwZBoyrDfoxx9QaLM6DMAZ9Zz9RuDa12GYHiYSZxUGwWGxtLZjGl9QmJILlBDP7lT1q3yHUXn+o2yuh2jhI29wkMwgE5WxFbUlcIYrixfDMK3enKiB74El0VJMXMVynZTggSnCTrWa5QH4MNjCXXew53XFeVLChYukOWgIEw7VhP4YobxcIhRUS6pLiSqRLCila3SFl2WD52pDDbBQyCESLhj4gbCHFE7JPQj/QJ2GhjCU4TJFo9qiU6leCAgdKRpbFL6jpAQVJ9abgUMVFJGu7ZcMwHtwCLKq9LmYjK1v4rBInijkF5XHpmnUp565BZZD2XSDRsOPXBiWw/vEW7mWjx+jltFgzoWzEwghNpL7V3s0ARU8rThD5F1rgkNOPozKwHLXH2Ltvz6nd3WprXB5gKCD3h0N0q5gGbZ6MMTffL6H0A42QUsDaH6M0dWKnIo+BRK6wXq9PrU7v27f3xIlTAsGxfYOjjq1u7d239/Rqd50oihWBvbcHqpCYdzM6fVZfW9MIapd+/bX+ICj9yghhvp2U4ecB1A36YtX6qdNx87It1ryooUu6mi0gUHeyL8j1/rmGNEgm+5kOBJp0SGoUGGEo6XCuVKkAUu0E1p/XLkp+NpUn6L0iL4PJyjATi8CKszz/UbfgqPBk1Kiti08P043ZUBhtio7aKHAUHa0ZjCSqM8oRr5HZJcwmN+ZV7JKNTNFqVU6AcrD6oDwMtu4IhORT7ZYOgmART/eAxS2doiH3ZzGDS/4HiTvE5MSICEBDNivzsQ7GqswK88eGTsD3kq2UvGyrKTFuNF/riWOo8BSKEexmgdx3lTCEJiKLQrYbVNTLZxlEWlpODOUJdqU8tm91AArLDWTbBTbCKqGu58pJKRIzIlJOJAzXiSIv3aXbpRKSsAI1YFzeRadLQmTeFQFU26HVqzS1sIYcErKZrt++IP8eg04UxaOUdSomvZZlofPsBTb+cnjbby+jMFqR3Un6BdZwT6DmZdBtB2c4s1Dcgt4CcBCu2hARG4vPBjzYTByz60pGITMWpe4g+lemitFBR4csTERZgJI7FEuALuwWUOq2wEPDb/GI5dS292wfP3nCEhMWX+YvWa5WW4zMCxa21VRGqFsIqUBGPsElqpIUcXtZWaOMBnMwO2E6uxZ8ReSWdAiVoA2cOrl74MA+AasddhSgTwu6d3vv8ePHiTCEYmIuL3WhIIgb2S1zafX33g7hTDbcWJATIyrDGnt+W0T3SAUFAvFx6hSreSmM3lgqDiA11Uf9T6rDiYRLHd04FYfjUM123MlDVNBP1MNh2p5FYVgs/NQERTn/a11yYcZzGJR1N4ukN21pE8i4UqZlKuuEGZIhkcVWYIjBDeJtqZCF2UkT8QHxQvRysUjPsffba1AHRli+3AypNmhjpEaBWQc/l3wFxpWHGHSNXzwAABAASURBVOMyw2QxzpM21QDzim7mWT2MPG0AgaSHG9OmTvTyAT0xSrV9UM4cs0MGswepgzXIDGxKE4iGqYngujqS/EBHQrVRffNbVSWsouVF6hZRYCKF4iRdQUWkLDv0Jo5YqBGsJoV2gvfb73SyQE27QD5lmyhrsozpi0pUuzVsWnajDHH6JcxjLXJ0rF7WWiPVpCuCjHeUIggWVTvOIyoqrKl4Nel0SAeEx1ZCGLA8Hsk6zNRlpCajdkpoGYbWbiEJMYTEsj8QXH1i3TSekr3LtkIcoT9KLEPJxDMwCUiaJEJqWG2rTUVSxtE/agqKLoPIrwN1xk0h4rIjEw0W4u2KznDJJi0KtsuYxGhi2me9eAO7iSxJ3YowrQUf41x4wyUza6JEHuWBydyIYzM4x+6fed09OuwKIFH/zYdUQdXKIy7S/ZKr3VXjmQv+8l2qHdD0y90zlpg6b/+x/NInBGI5J8XNfIL0DqbN8AAUJGqz0zdAeXd399DOgbgdCJsLzP1D99Y2s+Yri7h1WcDuapeIAUWeOK9DfKSWF+1OqesNQuRioB5b+TeF3oD8HyHUwT5eQlGwnqGAkI5YM03cJil0Kl0gX69gv9tXAHZ3Tx86dDBuBqIwpMg2zQHzbav1W1TwOkcsryTAboepwRCEUKoNG4HTns/YRHLQCtNKO0+rr6GWhR7gu7MK9LZJrAEtzyE3sIQAYLlcxA1q3b/7BhZhuXbYJD/+ij1Go8Bh1zaGw8YiUBFQfOaChgGUc85zYesemZkcDnQanwgwwvV6DXXru541D2Tcj+JIYg7S/XofgkWwXC7LlxozNKSnquUsrtyyhw05keTWiRQJM+DYhLGDoH+FXkakHrshGZ5tvi7so+QsIMVU1bX1EvZtohY7AyQU0OUxji2CYTlRgCB0vt8K3UUwcY2GyYJfnuP9eY48UtJAvmAShCWyigdKu8gXiZcybFM8oXB96FDEigWn74IwHVHSqrUaO0s4KHAy3LOUg+/+9n7wDk28RwKJsMzXC+tTrN2zCw/HDAWyZEh3gWC2ACyVvn2m2iKB9KCXttKFycTat1YjxoPB8bCGANWgvUMeX+tCBY3ERIEAuQ+8YbPMPneUflA8x2JRtPzYgCpZaymHkjaK9fZap9BiSY44akpcFn7c2rO1u7syz9OCMsI42lkaJNtHF5WKR1d62fdttq56lZrvm8lhHKWIG+bTijarRdIt9ULvmU/A3dVqa3srPHlanH48LA5ggbFONOrqiZLmZbViPpKIhj9+AeuIy4DoXjt7BZND116SJTOiIDl0FdGyRYLbbBerfLJaU4WArkt7UoIDuhhXhTq+WkAQBViaAJfvFPZzmFv78bG7e3p7z9bJk2mwxiIGUEseLQNA5nSwaHCMA9sKkOpy9AaByLzhn1EvMq4MEEt/oe2exKOU7DVdRoUnfgJdZK1PwPHlkTT8iuCIk3sSJWVcRoH+q3ENgzNk8wcjyZEZHaWbITu80XGkB0vjyg5hFkidyhFvkbgxNCGeiWWGHPUJdj4xzm8DKVz05SvS6ROuq7P0BsgJVS55AwTMh7FyPP6XzMEb79SvvIfYtD5Vg6BJZ1p1vnSC2WoWcDAjg3ZxkBbEsvCpp/XkIs1mdgEWioVxORkE5Xgg5+1iK3eIYZDU8gCkzTasZQpPDlFu/YI1qj20aqEoZ11RpcBkBr25lukyu+mAtKtAtjBEGrzFCuCEYG5KV8k6vjBpYjT1oQIW8Ly70PNbGwLRF1vTaL9X3QBGaPFEaUEwEUSoDTiSLkZWzdLCRM3IWCBiMu0xUM26KCTbe5qZLAtlVixixY8B89080hKEfUF8jrKRPO6iX06DzJAjChhwrUSMARZNkdzSs3XppUC1psyhuKy01cQcss4dyvu9GVpulsGaBLxhiwE4yYuO5M0GP2kSbS0Xq/WKKEBgzVFeIWEVrSEyY8YXT5SARLHWQ83eRSoWqlFGqdsCD8WIpxtPUSi0LHVV1DVS7po4zFz+C84OOglJc7aA3dV6a7k8RU6L008NwyCKIOp8ZWtrubu7JgroaL6GRGvCiKIDBnndi1wQjZSSfjVTGYfGK50ZYrYqVVEkUY9Mb8CmAR4zAI+00HEgnWQqi0A6OM9vnwBWq/Vya0FOEqYw9TackPaN/IfVpqDiXZwMRQwi1zoRJ2DkL6ejQqMrHgZgqEFhTykQhJ37GuM6EDIbua6uyVjfMTyw+HAeGuU0PEadVynQQIgNhICti3FipMcHzwn+Kq7HsYowqbUOcbiO9qDJTM2hJg9TTta8B1AXWhHGKFytWnpnbDNqckF9RSSFIFgk0/Ua/ZzUIrUKXAOkHqqrM5SLRZRqGaX6Ij4fj9alC4HMZtmK+C2+aNUusM6Lg/z8D4ZljBn6SnEUJi6PCDHWTBWHfwu3VcizC6ShLy2DoKCEXUaaSOvwIPUUqNBqGYysACmJYiMhGN8cjpkaYhI0RTVeKricFACkdV7LcML0kkJ5JrIyGVaGWmzSrUGocbPbnwun2VjSVza1ZCKFUj2DKpeKmRoYdhZEHc5Gk/6ULn8H0MPBgzRBrccGgdV/NMrXeBSw65EEN+Rcs+8kvm0WyZQ2jELssdgYRGnhhGdrfZ0XZrFYnjwlergn/a7/7ZRGlcXeELIU9QJLvaeRM93lRcVcwmoxwcZfK8R5j8vjzC1mpUpQeWC4Xu/buy3MpSwG/eVhudg6dfK0pPTeNi4ykyO0Vg8N0DcAtSayn6JDKvIMOyxtDEgPDZu7YhtYQ3NTV2fVnAtgFMXDnu6RV/u6NhSC2n6IVFuaozZHKpXZAvFeh+HevXt5UojBST9StGlmmWn1EUrMem8JPXMN67LYHO771mOpTQ897XdVYTQ6XqTNxDKIiTnEsYEZRlkOYzEKHN0qkDpGEtUx5ciMSs8AGDp155i7s4gz0FN2jb4cuzbygLNRAiZqhJaqK50XA2BACo1AuchQTpkbZ5HSU+m26qzDHiVxYRa0ntLsWjxaN2Vnwhw4LMA4JP84VXs0RwI0hOwCGxi0hchUXYkfCCJjwtwR0IMGrycbSuGDwgy0tENWFB7NRZtTBzoaRTlqtAE36XWTh8zLJqn6rV5tmzEHcj0iiZXmvBWuqYAbIgkJqJhDwqSA+4QVkNEntELwHmHtt15VR+6PFjHjBondAJFXKedKnekgIXu/YDKtiUSBMA5PhraqSm3RZNYumFpDikGB9jKZNyyeG1AsAOqk1HTTOE8cpH95FN1ueyG75hGN4EF9sNc+97RjvMAg1xkxOmD7FvQHUgEK3eqmEKdKlkiLRRB1eMXrylDl6BhIB9H8kGaF9MbHrmBSNNWA4k8sWlmkG+n6pjtqpBXIIfu2aXCJQ+FyXcXtvmlhTCAhHoXRIgjEw+dXVUPKzZVgAYmuSYKqn+DJh0jv9RV4QYmLXJAOxEX3wQ+6713vcsf9+/a1n15/w43//p8fv+TSL5IexuVMEQ3knJmsl6CiPJOEbJac+whtmuq1X0TSewx9SwNRNbSpY9byZ65PSn8jPbTA8u2MX5OXaMKwe8xsI3G2WsFph/sRhuFiEUi+pMpMmSwWimEkmuZjDLq2oTImzMrR4C1vZ/1QIab+2BLXQcDbEIXsij5qMKNqNH4TSqwhMcJktC+yZQ6TKLobT4G+wpO1ETa8Fm6DWSF3PDaXIpl5oprHuAkctDQM/YslxNpA+qAcenCNuIi5r+MJ/bqm1OM4+OoEEuoMzBqBIAiWy2XLZCef0dBqR/oOtTYG+R7G8g6WXLiKvPrPQptjvcKy+Q7AC6P1CjP1dlc66bDgvaFidWQsobJm2eqahQlp5QgKKpIhAIiICRWV1WLMF09a8OKF6jw55bxn8FZKRzSXXCqk+q2+tARE04XBHqDtN9Gd9K7TSYxf3jj2keohJhUxEXWwNEERSNk2QrE0QsxDjaYp61sTHPtHTTbSzUb9sSFnSZleO7fHaOxA6mOJvg/QEQMFSpHVaKosP8q/IUiyWVQqW66sb+k/rZtQFLD1SEwGl8VKpM8Uo5IJHk8LsL0tsPaneXtwCKgb9OjnyWME5hMNe28Y5RaraBaLRRhriuKC0sXKihjY8cseH/7dIEgckUZRiPlsWkwkOcFdN+BRFPFHcV22BdjXHCVncUemWnvHEO+DNDsB4Vf12qXFInjxzz7n/ve/Z0eY7/mub/2d3/2Tv/yr95I+QdDXbGtDVk5g/IBskSOzCQwaOw8Kl36Nd+PmMrGIjUQLUr0yYf3LKjo0Qqg/2Yr7jVj96FlpQf7tsZTrAupDchO5qwV3SW3NTaCPpQVVlN1jK/Y0mrlrNC5eJ8yI+uEN2tjknRA8Nwocy7qXGQDjykOMLVOA+p4JoDVn2mAqSJ3MTz9rY1Xgep1oRid0XDIKRAS5P1iAfhpV0FhjGIYh56V0go7tn4z76oMrSM9QXi6Wi63GnmbaLQfWb5GWCkcykUgxcet7yUytavFK72SaLKeLWh2surTShtqW1D4MTamn2PllTlo2GxXiUHutUV+AEVoCyOKmA+SS6s436CalYRPYJkVt6O4Sp1dbpzUkkmgv4lWf1WoVr+plxvvYdp9TmQz2kOp8YqQJE24jpHqu1qZ+6Aot/IQfO+igJloOQb10NDh2czFIzAQH25Buo+cxbVEZ06I2BQ46bQ1xtFlid6zlcCRngSVSH/MYIG1YjLXFSA3fsM+VmR6HAVOrBa7vG968D/MIGIkCFt/OEgSlH6ixySzdoW4UiIaZKr7uyEymg2RHkoi8byi4mewQfQkFnqNEeBkwYmq9xqHy4/ocSvi14YGcuwggPaDCXpPAfLN4dwfodXrxkO0zxLKvUYeD+p+/+m3f/BiuRWBBN4Dg6d//HR/72Kcuv+JLtQd0WNRodo3kNrQvodgASgdrqAuSU3FUHXwWtT01Bcai/hcWgwy1Tv4SdhG1BSMNPkDRJuhqzdJt+wa1QDrobosIUZ3Cmh44qbCUZZp7WCBDwRBrmdJuOra+dl71fgl7Sv0ou+AGkHlplO7QaOUiTiLnaphchIbCtBLSZ6NAmGmpnceiiFPMMEk3pWiymEXDGIVhFEbpVNlZfBtcnFYhO57z6BjF2pQoXEdkOMS5uVwutpZbMdbrAICUy22UV8LCd0B2nEN++lLuorA5G5EoF1lQN3laikXZ+YO2SpNBv8nFM+JgN8GRELCdFGoEeXZsyLC1guIFFaC5KMuQ4ofNTO+MZkO/YL21CoRJ6SOM4o4rCio9LwOCzcA0BnGlq0B7vbiJfEUn6V2kAXcNQFwG/kIpy/2COsEmpJccBOliSju39O7UwTmsFzplVk3MnvXx/EpoMGGwa/AEm2ltN8RzKltERZ8yN8NQ8rQNKLBuiGBHMEWqRoRpxqtnPYtPBKvi1H63lw7y5GkH4q2xSQ45ZSePKignnOXJhEjk7SQsY0hpsPbHKc+BqWPHg0odogdhCg7Sn9fCdIVs3DOzv0roAAAQAElEQVRXcWzHV5a+eDMrSVk81QeAhEjxVDqAIExOXlczz9eulvJvP+AB9xYIRRbB4v73veflV1xJuilXb8lMozWn3ED/zebwtDUglJ0uQ4OVKGxDkVaM3xTmo68+O9ceKmQMiNN1sQgwXfWYjAuEbtDzWCOUvAcqNOHGWLtnKaSgkKBHRoiJ1mS0OyMeHm1VwPSiOotexh0mlJzeGgXOTvkLtT++YaOLHyNKmwxLLZZXpcJ2ZH0BFHP0WUweM3OCYaKKzku4tAWkxDI+8h64Q6znWa/X2XUYhavVmqHzaS0VtO+oVfHkYJ5U89Ik1vZUQG/Ppb9aAfuARQnO9nFbKsfyBVWiMCjXAug0izIE5PwuUt04g36yuQ0U7/Dk9rJmXjtBkg+HoE6sZdoIflGm/BQ3CrxBR33ypNo1v01Njmo3qRSiVZ5PSqKJ7w5tcPt4HyledrUTQ66BwL5nelWek1dcohqtG1jte5W7mZHM84x3oxOd34r23eOZSvTFiBrAGV6V2MACsPeGI2Dfox7B3NYgYSsHKalUrS2wY71T86bQQ84LbosSN6lzq8ABTJrUWboozUgqx/ki7KowN1/1H7maRGWWx+5B4nH6GeffnwhCpTgKB8x7LvGUkZXFTeYK3+2II5LCjBZ7w4rBdty16HckBBKBFoTd6A3VpXYA5Z6nVtUo8qKGFGaT6ewzDmcXn/jkp1/w4l9rPN23d/tPfv8N2fWZZx7uoYU1rVZ92klp2Oo2fDUKxcJIlLjvk2mL0j8IxX7s9KvhjrJmjg+UzKrtDCTnhgeE8A9QF6oJlmGjH0a5tlk7kvZSiVVZG70uKqYg1ROA3YxG6QddxFLfBrzhhx2Y6+mFCcU1d7lchmFqwu2S8RAASNaUEqeoSWR7zSC9jos4MB9mWOyLB8X4s2mEMfCqw2YBJlN/e+GnUaD5XjPzQO5bzqouA2+wQReA+pDJN2bZVGpS58zyYczYZSzI2+2Bcrbkaj3Ns2MSirOhDceWN0c3f/5qjxwYheEqFSRxBJkbCDoSIgggCBa5IJWmLV2cwFKO7KSK7CkUt4qvSh8mnkeJLgACWARBlBzgDB0Bxe/yg2mkJHbYBRJZ+pArLwdqrNBe4RYgK2cMiWyr3U4+3vYBWOgMmA/NCS5HSqQWcWwzZYEN9bwOKRQj4bwwdCyAs2/LtnqqcTJLrSLqMIW7i6qCIKJlPw/bz0F8cKKZbDKS2+dkiqqMxCBOVkoGo3Dc/GDfU2rZyEX0pwkUvOcFDAjWsf7cb19qy1RFhy62LnSI8H5mo70OAwBkLuki33ql/kK3AN0wX1yx5wGz0iione2VZ6VQ5lFmtaDtSDuMsjdy7d7KcppRbY2FJsdFhhu0bMkVMwLpoUbfCGRZIPXdvNv1kgSfoep1N0TbJOQ/ECAh0fIZSSbObL/YpYeEPjK+egxErOFrKgFyw0BCu+mj1E1QPGUtL6KQIr0Vor5rGjvCGxkIxerSABI1eBQO3uMPy4dYFMFBN8ZHn4K0T7hBhZdGcVSGq0UsY2zkCSVGgYtl4iY01DcK9LMXqxA3U8vlIgxJHllzfcq84FGSofLDDTyGtZybYpHw0CjQioo5segO4uY7RBzy/MQueLrM6+3q8wYdAPsZ50vBiGv0arWeT48Nc6qR3EP2XMOuYUBqKoeILuOJmdlUrocpb9svXUWFJZRpHTpgvF5HUbQifSp3pP7zniUQkzfZTBbPkhfJVxhFEKwLOsVXtjJSEG8smuUWojWlXDcaASRTlbX4okgfiAtPgR1gZKIxay022eJHyUZYD8QhiF0vQL8FZ4ugCmQIIq7DECBKt8UCSxverj7KshmMKVOvDarkExK5MTsQqggYtOgC0YB0CC5/B5aawH1DkNSgdn1sMUX762ZEcoNpYKgRB2ovUaTNEcJmvmgTKDEScIZMEm8yvhre+ZNEfgI1nnoCM0KyG3LMD3w1x0cXNTmRE6bjmSS3/udIB0RBQxcjwjkhmhIWpcyLbHI/3ddITEGXEtb+WAZ2PECHBaQbEnOpHsi+g5w72omAjCs7kOIkJkzWipXKD4kYOCg8+lmsICWKURmg7uhCoJ8xMLjEjl/qgOJPpVqqW+0lO4IXQS1wYk2yKPU3AjqyWh3A8hYW+7rZHviREjFlkax9+lw8GM0Isp/3vG4e0rTlX+B3h4oUO7kRKxA82xuCIIhrRxSFyKbSx8UqTI9JEu1/EKTO81zUPmPjf1UamHv31ZRhXB0Zuqu7g8K8m8DppM1YsEnxDbrgm1EgWCqyQeLoNYjcdMsCcGmEoYTprO0AodfpZ4My2uZLvM20lFcAJMMxDCEzQpmBr8CZAQA8GcVkUlgp/JhurUq92boswiUj6FDrmrfrSmObWY1x9Ml2WhiMkq2nXZD07yb2dmoCUiCzEsq386ZZDbm5Tn6zWETK6Od/FZrxxDshdAhb3u1byEPmW+VG6FF1rYW0vMRUjEotEeLCHaXWcBpVWShVUSIWSOmGjQB5bOJKBmnh6yfQQWqIMoV9N4CUtbETIMzBkEEkrf7vfknUNA9qf2TQbj4w1v1i4shZ9vj03mWcTvF6rJllSOmiFZG8/S9OGBdMFZALKgnxrAFhMtKdFpGGAxaGISMxu9BnxQal407TEL4rCmVhzAI7f3qH4eQrt6O4FME8L7uzJYnWuflafyAJwmYjyakjvUyabTuSav0PSc2RE/YTqN0opyLY8bq4cAqtrMAL0lIV59MAa5XUfr1DxpUzlqLhRaoYawAFJmJF70o0kUi6JLBej0y0ELayXokuSt3ufTYE5Eu4BrKJAuRnWeCoEqoE9t7rF72/ia6Ume1nbd1Ht1ZTcIP24UM7d/uKOx4+vAM0q/TH/v37s99nnnn40Y98WOPF7e3t8vr2t7/tox/1tY0AEeK111z36U9/fhWuk7Pn2V1HR6PV2D0kUjaw57ct8IqHYK9sU0xp2qr6vp5xk6lIWksrme4zrnpBttIRawopHz1dFZi0Q5mD5YIeJJ4vF2EYoZ25imGiRsjpj4NGiFEKLQ3sG4dIEtvALEaYpKMvBeiDXtkYvDIKhNk1EhMqSRtsYAZqLSwUb23GGRNCcQKpP11DQwyzLXhmP+bWY2CCrvk4YmnEYBSpES/nRBCshXMHvcxlNVxxXq7WqT4ASXJgcu4iMQ/eRYoIBeRhEQTLrSVNoFQkll4IyxWZYn24WpnLQyR/oCYJrb0CijohXFMDvyy1O7NYfXBfkY1zOcpOyNbqkDSKIvIM9lQJctlwCBb2+cIxZy0WKxojM3mabUP6SgmSwhucgA8Ak7L1U6PLpQAlA+JFUbhKNL+51wR3fRuaznaDqNrVZoL0dAo2Y+RFaqXxtzna87lY9MFY3XHcHztOcHQewfGBOpdxk1YcINatc0wmlFjKG88aFHkiwBVVXhoCwxoVQJD8i+LxTyTKy5g4A2SIJMu8CqBAsBoa+iDoG/Q7MBvZs3f7QV95r3vf8yvuePHtzznnjGPHjl919Zcv+cKVf/6u9508cZL5Si9NeSkYP3h4wAPudf/73v0Tn/jshz/yX0SctrRseiW+YWks/b4RKM7fDYkFsSaHJNOoNj3/O26uiZNsS4GirpiA+l+/Q93Mp158tWbi1KsvAx/xsAc/60e+b+/e7aYIBY8slre9za2f9cPfRxgS5y/c/z73jD9MFldeefUv/errr7jy6sabCjjvvHMe++hH3OGiC84+56wbb7zp85dc/v73f/DKq6/lET33vHMe9+hHXHzRhVn4Sy657H3v/9CVV1/TweLwzsEHPfB+977X3e54h4sO7Rz88nU3fO7zl338vz/xkX/72Gq95ryEvHvDD00dM6fUr3b4W4qPqoXQ4PkrAX2lAfraTxmngdqRHUupEMGU4pLDWFH2Lm06R6JTyEofo2BZpglWQNvwwShwtDp6JQDjyitMNjsaZ7ltIA+7ZUN0xZoLmEkfALlelMwgvsMeQdoLNFkpwDcLqgINdUUGXfdekNqI+Fxn5TMXWbdSN1mJ97hc1ciLr8lynjjoiqLmzbrGqTwZDYsMrh1UjGVA0rji3EiOjA2CvMIGqS47/l4ulpgtr7IU/E3dn1vHNQxoZ066yzxKkwEakXMH7LwtW1GFQtEsUxdoAFpRZ7SDwLwUocW5r0ylaxWysKbrc9QJHc9qIWQgFFOhfEEiSFDA6QIGabvAb/0MGoBSBCXKH5YvdRE0hGSFL1xjr3+AtgyiMWItpPNoUu/I1/RuSNevMAopgUQYyeeLerM08EA06dDDddQ1hNDCwD2vCTQc300gRhPDePQvRXPIdxqkERfjqdAx4JPj1entj7mEj9XuIl749rHHYrQ1oZRBJuXIz5CkYmxyfoM9v+1AmQtjuohiPvG6C0vjKeSTD+pO1i+UJ27WR6ygPfJ50APv85PPedqerT3lnUM7B29z/nlfef97PulbH/03f/eBN73lz7A1GWeSA5Ibh6BIaGEJ2/jGR33NAx9w76+448XdRoHY8UsNkq1Rn4LIl+7EvBylNhyCtExEZBxDG4H5HTSrW/eiWHroBfMYIHbxRCjG+PlUPJ/dlTfLphhaNDilrXnvogtv9xPP/oHFYsHNBxP5c8EF5z//ec/6iZ988SoMlQkul4vn/cQzH/rVX1W2ere/4Lb3u889n/TEb/rnf/m3V/36b58+vUsokZfL5U/9xDMe+tUPLMNfdMFt75+Ef/w/fzgJf2p3t83l//vmb3zq931nQB0QccbhQ3e508Xf9I2POHn61C+8/Nc/9olPUcH5kcHSnrKjq7RZ+KVpmxEGSc3u1d4owShhReKIZEDlaCpBcQEigXRZGZ/1+Dz/14ust/1aDVnZReozJ0wytuOP1AhjMOJEn26V9+344Nlg4PWFGSJTz8GUa3MTwJ3kThCZ1mA28Z1BRLOzd7xvKYXml8IYts42FexEBij1ApDiNN1eqvXXnMIYd4ByMYIXZ5MxjcJ4GWLNoMqASfPiRYqMLCRHJwSLrUV2oi4pFzzyRTLaUSHj9DEnM20BFXYZUCJDMDNmhtzZjH6hFZZTkBhIEJSPANqpppQgRhLVEBUuuu3ZLTO3zEyB4GbOk2MdrQHzw+TBjRk0ClXu4XTX6fJcjHUYJ0vQ+TIosuAQkIBm8uiW/zAK409ibQ9kVHroAUez85nsK8B1+rjNDF1u2SgVy8vesOZhgCx2/Oq6KUISSwsmbD4SpsC4UIk1CtwZDPmysFGJRtawcQqe0VjkRzUDLhewd09w9s7O9tbiyImTNx8/dXqV2NJHCMXMEuS3NDJkhSB4/k/+0IO/6j4k3enxpauvueSSKy79whfPPfeci25/m7vf9c6LRfCEx33dQ7/6Ac/8sRetVivSC5RS/5hMPhFbKEUyYg85r6BAC2YDEozE+ghl5kiZDHlb7TsEq9UsYO0mq/v3a06bsx1l6R7XiHTyzxoUYJsaC4yY2ZowxnsPe+hXq2lgBwAAEABJREFUFWoua0gT5KILb3vxxRd+9nOXElW84uUvvMudL44vbrjxpg/907998UtX3/52t3noQ77y7LPOfOhXf9Vtb3ubZ/3EC+nwv1qGv+GmD/1zHP6qJPxXf9XZZ5/50Iek4Z9bC39o58AvvuT5d7z4wvg6DMMrrrj6s5dceuWVV9/lzne4w8UXnn/r8/Zt7/2ll/30//vAP7/qtb8tuqMJB98c7BrlhsnxjBIUiRetpefqIHNJh0iI7RMytKkbEo/yQD+cEA6A9BX2BpoK0pWDCbbMsvPWDQxgRKkJHd3V5ArFsEaBs7HgaU6MiJeY9KLdnFYk4/nzahVGUUSMwUXyafOYQXuCGK7D7NJTr3JmAWQEZoE5tCe62XZY4g86Y8TUIgskQGEZVxpFmBPJaxTxptdCLEZlCLUaxmrB2sErqT43iHsirM6/oTRfxWWp79bRisW8gkXQfr3poJDhEBGpR3x0C9baDJ/qtoGjNTCS8ahOEzvvtnbuS+UJ5Bb6vFd14o6sS+gSRZygzGsdpLAgkWr1gblkJJas2HqB2DFp0osva7W0fYe94FInxaciK2FvgeUY/ioQhNofQaTeY0FywCoSVq6/7n5QI2u3180Xw7FeazqCarDSJSAECxyq9mWkIyAXUB09zA4t722zTLmuGTRQdhieLFIj53oQVG128ZMXzDxrgVFl9xDXJJBxVd3I3VFJM3Ynv5wE6m8xB8GIzBGyLNJJB0JAzjiw5/H3u9tDbrVzNkTBar0Kwy8cOf6eK677yFU3ndwNkQS0nS81J+8Vl4Hn/tj3ZRaB199w0wte/Kovf/l6+unOzoH/9eyn3e++dz/rzJ1f/7UX/ehzX9qrks2OFUCuTYyV3MeOX8qUTEhabKhz39LJpr5NmwxHse/awQaNv4lQEduvWWd/SpsUVNprIHXVT/K7JkvuWKynnCL3iTCQ+6OB8887N7vY3d396Rf9MjGNu9zp4h99xlOyVLj1ebdSNgp87GO+LrPwe/d7/vH1b3xzdjOO2P950x/+yA9+7+Mf96iLLrztM5725N968x9ljx73mEdk4f+WCk+S8H/0I0//3sd/06Muun0c/rt/681vLR/96v9+0e1uc3588YXLrviZn/vfx46foAW4w0UX/NJLn7+zc/ARX/vVq9X6tW/4vzX5+GMG7Mpho1CkqisM/X5SK6B50xx5c6gqqdKrKcBEd68lgXYgac4a6Vaj03tDm6I+5O0fBygLasDan+wUFKYB82hiJANsfWsTGwNya+3RZ+kky2Q37A8YppioG0+BDrFR5Q+FmaV8FIXxB7ITDMfVbCnnVHb0Kky874sHoWG4JumJCmQGKEwrxpKtTLW3KHJjGr8iW83lRYODaBBVa09JkUxCgzWySjKK70CxF9maeopoAVNnRhS5xFXgIr6JEdq2LAmCYGuxVYmSa7CoNV1seiXEfOUXCk1GvQORrIa02VPa9wYEIv76gscNONJmawpyVq2YZkumm0bDJnPWwIGuMg+ar4606wfZjny8URVBXji4TYQaBGkZN7JUptxmAa07zKCGbIslIMFR1uZUi/AGNHBkU14v4EuSDShHmzXUl4H0ZTO5kNx1Ty4ALzB2Pq1uYHPZpOOCQYT1DAXEI51hXBQkkaQv1vo3bVKCwuqn+imfNHlweiiZzTfi+db5Zx186Tc+5G7k5N54+rWOogAwhAvP2POVB879m52tN3762lOreLiVzfmA1FhLZ9DFF1/wtV/zwPjiE5/67Atf8po2hSNHj7/kl17/kz/+A1/7NV95/vm3evaPPOW1b/g90hc5BJ3C30GY8bOV+P4t56Ogr1ZdNpIhNOURfx1Jj9m14oAQcm1UgxCU92mXfrUQ6WWs0cG23z7s7KHq+gDWFfM3RsnxwYxhnYUyIUqy3PwcRvj5S75ADCIV4cC+veUNnRH/Yx/zCJI0RMde98bfbTz6zd/5g/vc+x4X3O78Rz7ioaVRYBH+KG0RmIf/v39wn/tk4b+mNAp84hMek1kE/tVfvy8O0Bbg0suuePJTn/3aV770Dhdd8A1f/7B3/fV7L73si6QHmYkcs8UyDUWqXgnjEmZEzPSuxDvYE8kGZW+Li/KMYwxoDkfGJr8i6Biju+GPHxj//G0mpZSG5ShPN0WHMgqE+Wi3/YknpxhPPiNmVNjqkF6F5RAZC2bTpFQKnal39vOquAD+ukVECbvANtqGLVkZ5rsEEmCGw5UPOdZRhNnhQYzjIplrkdocVWGcS75ek0+seJ4kTfAMoxDX7BUEamm3pmDHxnMkAi1qQ5MOi2UAQdDgt1wsUi+JsVSZ0Q/tdIaQxi57+r86BCqeCjEW2d5mqqjdrLeNytlLsDtNuXVNNCjpIw+8tRIpgsj9QdHTt8diECUmCAL0uArkcW7UUG44aVRLy7pksfZHDECtu+kP0Z1AeL2sP+l6k1begbBvsLTkAVSrpsxiNK635ZHsSFh5fdCeL2thZUHyKJ3kRHEkOZry89E37Bd90x7EFnsaQxG9bGAPD1HqBVtQzzBBkqSbqsuaKcsLFZ5UABLAotiKhWqM6g+S7c+H9+957bc98o7Hb0w2zq5W0XodhWHMJJ6b7SwW33HBWeE6fOPnrl/Fk8QIWv6CpYZhScgXPf9H44v1KnzZL/9mx7uv/PU33e2ud7zVOWc+/KFf9Rv/5w9X63X5aGfnwPd85zff5U4Xn3fe2SdOnLz8i1/6hw985J8/8lGKWkX2YQ95wNc9/MG3v/C2+/btveba6z77uS/8wR+/6/ix4w128aTz+7/n2+5977uef96tVuvVF75wxW/+9luvuua6l7zw2Qf27/+5l7361OnddlxK3Pb88578HU+40x0vPOPMQ7fcfOSSS6/483e99zOfv4wXvve2GiAtIanfxMh+PRCdowo9FOFWlvqyBDb3S+a/knMWgiDTGGDfyE1Kedju1FL62dipNvVqcslfx44wppEqjnDSthjIu6s1WD/n7LPi78u/eAWTwd+99x9+8GnfffDggQP79h0/eTINf2Ya/komNSr83uMnTx3eOfi07/sOkhxMfDPTIjBjGiG+8MW//Advel2sEnvpzz3vKU//8d7Max7uYTy3FemZHurQT81E0VJCGUgvqN9G87IKCGEinDR/VNymZqsPspnuWLjPEw0+EvDqgQtL9eFhNJJ+pdAk8muEkbAs8iSroSMMYhQ4klUQbQDjajBwphfTXR+YPWaWtdDe+zhhQHXmwtQx4iwts0coDoVOz2e7QBq6cnabQIrpwzhqBxeQSQ2MEv95iYI3VrtC/3y/x1bJakxNcsmMgajTIDmJhga4YYQ1L4W2UJcVklxdBAs6QBwiSI0Cg1ghGmRqofKo0JYiHrE0lQRhbUpmUyQ2kqYNb5vcFVF42uAxzAb5MmZg7BKgp/oSGBBIFDy5Mor9ukBRgmLLrH2ZMjSgxyrQhkWjh2Rz4kBog0A3DXtNAIEwlpKuXfChxVikIVRrG4wbH7sUoJF0qks1Qg2Pvy1JBxIjgjAM0qElmlpomyIycxzJ1Sqfk9OebMzlS112KPTESKTMNqTNAWSxwIvl0+65Tathx9qFxpCUaMHi4h52PfChThmWQWRKkkyE02mxAqVG95VNMBcLePJD7neHEzclFoG76/j3Ys8yiKfdq11MTk2Jp2HBd158qw9dd/SjN5xCkPNE1X52m/NvffZZh+KLP3zbu06fOkU68Xt/8I7n/cTTF8vg/3viY/74T/86u/mgB973p57zA1vLfAnm4P59597qrK96wL3++5OffdkvvWF3d1Wy3bNn6+df8GP3uvtdSoJ3uvjC+PMNX//QX33N73zkXz9WSnjO2Wf82v/+2bPOOJQF20e273Ovu73hNS959k/+wn3uddd4RhqTahkFVvimb/y6H3radwaQTyb2nbf31ued+5AHP+Atb33n2//87zgp0XVbFQjppDqKImtduFx2Q8cvNgWJhALWDSDZbsp8Dptrtxkj5Yqs/uQPebYPpLrf0CVYa78ywpmOEJDTDRvlNRzM8W/o2b70pasP3fXOt0md+bXx/n/4p32pS8LFclGEv+bQXXducz4v/Ifo8I9/3KPiVja++MVf+fUuWVKfqX/yZ3/55O/81rPOPHSHiy689AtcZ4F5eUcGkVGjIxp5rfV3siInmNhwE61PMP1KToncRSNBjL4nzWIitTZBb383obgywZrxmSG2wQZjwwwKsHujQJhdw+DxOh3ZYPLQqnDjKiHzKc8wm4YUiu9Rx1d0DjwqJy4yE/tW1hUO5EDmJS5AVh7zEDDsyNxlgajipP0657GlWJvh0mf5WV52pZtnoBQFSMJ1GEFtcStZa99KjjNeJ8/CSlPbtQrIfMaNeUx8sVxS/gWQJkF/lbuuy69cjPKMlr6lAI683OIBQuZ4DIqtO7qmV6ybIBSK/ZIYwRRhGGYrWol5CjffJQgKAfuVz5LkBQiaQav1lu3tQYxs67ES1PsaqL0PdTMJsbI4gXGuSLGS7P5HAs1RCqY9paA5eCeZ/hCjLWcKRWiGMLzY1/f+GPOCbTWJHb+4lMhwEOQt1CYwbopGDTnX3TeNwnUuIGb9ezUAHEE5EHhLOxaNaYoUF2gHAzy4f8+jLzqTrI+FJIQ9AZAg3WwVLMne9Wo3sRoMAoyWT7jj2f9901WITV9UfRFqPr/Pvb4iu/jLv/570ocP/vN/XPbFq+KJwLXXXp9Rut997/6Cn3xGfHH69O6f/vm7/+tjn7rNebd69KO+5t73vOu97nGXV7/iZ5/1Ey8tX3/tr73oNrc+N774r4//z3vf/6EvX3fj/e5ztyd962O2t7df8LwfftEvvOa///szWchfffnzzzrjUBy5d7/3A3/3/g9FEX7DIx7y+Mc+4ldf/tPUNJwd16972IOe+QPfFV98/JOfeeWvv+mmm245dGjnf/3Y99//vvf8/ic/EaPoHX/5Hv7bmkDGDcTCat0IS+Tdahv8tcc9hU9vqAekvmiymOxP7CjXDQmaE2ko5udJAuQjvSgxn+3ZKRNnN7EIZOaSVV5BcgYDRFLOp0YBibhIxLwd7u//8Z/vdtc7n33mGS9+4XNf8crfOHnqNP30yNFjf/S2v2CEPysN/2u/cfJ0I/xxOvxd73qn+Pvo0WOf/dylpE+sP/mzv3ryd35rfHG/e9+9wygwzvD4PybWwGiyfGmPXokkBF+AVJUXN87piSLmOmgdIPeH3KsdwZCA1fosV2PsznOzrsxEdPVIuGo/xXaaja01x44Hw4/srYHV5VvbLOwWUtKMOnMnWTI3sAXHRoEwhwLa6QTBB0xgTWkDAahbUrkuIfr8oNhUOJMOMHG+hdOvyMlW8mKP7Mj9fnBtaOo3x7XkrzWprlmLmZmel4k8rHUgm3tWjtULMu81R3FVmQ6WzbIW/YEj3o3cCWTjbpR4p0hU+VEYEQVUVmjAD0Kfz5vvsMZymQIhs/uD7CTtIR4AABAASURBVNBmrNFGojUYj1W30BrmVnWveJacfFR3mNc4NrmN1nq7sRZBGbW4cUM0EWu1IQyDxIUkGFJAaBq35XlOBe1LW+gnKPwakP7jreRTWejt7rVlSyquXrKo2tUjUR74GbMH1SXdyQg59/m8ZNbYiAJ0i4oJGUghg7tez/MBtxfdv2k4S3O2jYirSZYPRQs7fpFytQcFRi3iXIygMBoxTpR3h98QIyVQu/QUP/1wSIm28qI3hHurQGUuPZVC4IkUM6R/CL/FaPpvf8G5594D923vC1eLYLFFUjOL1el1XPb2LLYWCwgWy3iu9pV3IIv/vGrdcigPknG9213vQFKTvjV1HHDHG1dccTX983nP+QGSHLt5y7P+18tOnjgRX1966RUf/tePP+qRD/nhp3/n7W5z60d/w8Pe894Pxvcf+5iHZxaBv/7GP3jf3/9T9vpnP3/Zu/72H97w6heffebh5z/3h77nB54X3/z6hz/47LPOiC9e/orf/Nf/+HgW8rd/923/8q//9fKX/C/SiXhC96PPeHJ88U8f/s9fefVvZTePHDnykpe/7oXPf9aDvvLe3/0dT/jzd70vipQms1pgKoaqm/1DM2RXfHqUCbXbTVqM3VTQ+N0Ii+WXAJrh6MYy1RZhZh7ZS9F0+8aIhbXGi8Mr2f4SEAwtDEvUKKrKYTfhOL8Ied/7P/Tt3/a4c291qwc+4D5v+4M3fvGKq/79Pz/6kX//6Kf+53NMarXwfxiH/9K//+fHeOEvuG3iUPDa665nC1CXJW4n49Zye3vP3e56F/IX7yZMQOIhlDRPitaALhXDmlomEgVprE6LiHzbarRUIfeH3KtiL6Q6SdO1AqUmhW5GYkk0EXpKtKD6TlUA4hIjX6fLgbU/jUtm0OmBo6JXM3EdfSp5GQGh6ad3sCzTuMkPjkGOD54BJqmv3mB8AJA4kzB/hQyFTa2RAEy+d0q8cIUhqbmgmkyUy4hQ0cvOWh1fJGl5JepwFV+OglZNAtYNw6v6feAlSH4YCjHMDV1tRGCnahcgjbKoA0xJ+uguR/vArLJQLFsoTaEru8A6zRRRhKvVikObv5rLXYCQqrawXC6C2onJ7QWJROm3WCywQB4IiotC9L4Fd07CqsMCQU45xMJu01Cbbry49xFUZMheV9N2gms6+gO1HrVFTqjuyNOQQs5pDK6IRYxH3UbDo46GhqdiuUJHLSg9Mk98iqQH7miATD/dmovp/GGUziKXpWQ0TlaHYDG2GxQocMcF13YQFA5qDMq8sOOXadT9l+vxikcM+/Zvbd92sXdfPONYQLCM6Z04fio6vk7GPHsW+/bvWW7viUPubK+CauylXmouuN1t4u9bjhxrP3rYVz/gwgtvw3zr0i9c8eGPfPSbHvt1Bw/sj3++7Jdfn1kEltzf894PfcMjHnLHiy/4/u95YmYU+JQnf0v8/dnPXfb+wiIww4kTJ3/hl9/wml95wc7BA497zMP/5u/+8Unf+pj4/hVfurq0CMyi89+f+uz/fPrzd0vdevHwxG951N7t7fV6/arXvalKhPTvq1/35j9686u29+z51sc/KncWaABi6QzZJsrimrqbXdRUg8Wfxugx8doXhSgkDbJEyKapRKZ77HaWhNR3D5CUnkYdN7BG6qUcQ+wNsQEFkeTYXa+e9syf+unn/vDDH/bgIICLbn/b+POkJ35TXKiuufbav3vfB9/+zr+JMGqFf+bDH/bVafjbxR8q/AfS8DnnM884HH9f/sUriRhuvuXIeeeecwGnbaQj1qhtitAlIP2+er+rUtHsVQc5ykpyWGhZHEitBBOFeTRNH5bOsTuCeA/xMXthIbfpmzqxSZ5hsLEI3EAaDowCofiefm7NWUM/BsyiEFKQ9Zw3QPkFxpUioXz1fQ6A3KBq6qU52ySbbKSbbuVlruzOweIT1+swPfGkHlnjRjs0074AFtqPKn/BXrXFFscptIQoZBfYgB8RTwo2JBvc1T1DIu8upHupzR6pgxIJh6kbvFSV3Fgmob6SmKeeAgltFEgqC9bmwcbV335BMEjOXAlYojEUcO2bHUqfQiBoBuYAOgIBtUiVx1uzdOoWd+y9UdGVMViDXrLJnbT1A1SsD4QvjWqqFst9QmQ1U7qbuHVUFi5cLycigB76+oSy2pedodYZRhZ6Cd5TVGwKAB13jHUAkhJ4jqQIuUka43DkaCFPHsSRJpOSAZNkXLGePNZSijscMbKUiGLBeh+WozQqfDm2EW0e2yJZWhw2RFaCDPY+MR1VHXr9MpmTtsWL7k/0G6CU2nXXHz2+C/v2QLpbaRGG4SoK9u4cihncctPRYE+wvRXfx0994Rj/kFUJSU6eOBl/79naar/05O96Qubbr40rr7rmwx/56D3ueuf4+qprvnzZZVe2+OObf/8dv/jzzzmwbx+mrtbji/jum3//z9rCXfqFK6659su3Pu/ce9z1Tn/zd/945pmJjc7f/+NHaHIZ3vmu93YbBX7FnZOnl152Zb7TjMKJEyduuuXI2WcevvOdLgJg7NCtbPUId6RQdxgv1FAU5+fmczEoHGSnc9/0L1Rb2oBqQrHZM8gWMOT+6ApoB/k+OledtMvRgGCXYWycYqK1tP9SgwC07rBC9eAVr37jb73pjx7/2Ec96IH3Pf/88/Ztb8f1+Pxbn/fU733Sk574uJ9+wcsvv+JL9fD/57fe9NbHP/aRD3rg/c4//9x923uL8N/+pCd+Uxl+dx0ul8udAwcFe7jtPYlZ9vFjJzqikHhV09SQ6ia7wypQ8dRqozT4cn+IvmSKuSMqg2Uuk7GVWYv2e1rIumwTQ6yhgLU/XRKPd/KsgHi8lSjd0zNwxh/tTQw2kMc80nzjKdA0ZmKWND7M6GzZ8cFIrZlX1YM5RVje3+WYUEUsM5sgI0Yjk7hxicIIq8NobLfNKCISYanhzHJ3lbkN72WWmArlNWSxVjSOEy1OtTc8qEBhuA4joGwzDYolnyYqZLmU47IVrtchXZIZGYuQnR0cZccr02ENCLwIFstFY/JC694QqVuFSWL1PLuTn8KKTA8QovnVGw4qcSTICsNWcZejKxBayxZNn70+WdNMcj+5zqclWH6x4aqH6rELFAonyVEBBlPDTDYPMe4f3ch78BGA/ylGj0ycwQ4v6amhmyVYS0t+Sgu5ukDubfsrRMi5tg4JZthx147mYki7CQO8ehaPuwAN8qlb2BtvWb/7km88tHM4nndkO0/iSUp8EYbhzTfecOjwoX0H9i8C/Iu/f1kYFdmigc9dcvk97n6nnZ0D7Ud//4//8hV3vrhx8/73vcciCK688tqY74UX3jq+c9XVX67Fo9gi9ZnPXkLSOF100e2Wi3zj02c+dxlTjKuuvu7W55174QXJOZ779u2Nv1N7HWxLS9jIDc4uvOC8+PsOF93uLb/za+1Ahw/txN9nnHGo8HyeIPfXlw3rq22P5cMahSjOBpQ4HhOpBKnMx2ojV4nCww+qUQa0Gwf776pwsc8P6199YQFNNKBjaS2bnA00VSluvuXIH/zxO+JPfH1w/77HPOrh3/yER59z9lkHD+z/5V/8me956o9H9X48Df/O+JOG3/uYR31dO/yXr7kubqMuuODWgjLs7ByMvz9/6eXEHgaYShsgAsRZe+IFEHGIKdpg6VZ2XmqvunxPE0WDzXs4Egh2T5lyefTVkYlmrOJR9dYy8cAdrdZk3HGWF36aWbzBBgxYNQosPILMAB4sQ3djViZEHMzQKlA0z4cpG1D7o0vM5qqzdxi35ZgKpl97oyjWY2PihQtGPuqugPwqmWoGcivIvpkV86mdKiCS8IqcgQBx6MPPYaIV/JrUoyieQq6j3PpTvwqjqF0gE66dc2EykyalazQ0JkrPurCpMsa1Psxs7bpfBtowT4ws+zmDdFKuQrLmhK2tIrRFbWzc5celq/4sEl+FAeEg0ynF2bBcLLMVSuqMHlZrp6VZsmTg1SESMH53RiB1CbuOk6Ho2oy3Td3pp0wZO36JkoWehyCT1PaBAg/1pIIaLdZzuqdA+p05gt1vTHiTTBeEIl2kUulnyC1mmTFqkEkq98nq16lupoCc3ygUmvGY6wOs+6dQkP4bmpCjJ8kdBVLAONP269jxzCy6y1IVCgVCcQG163RdFnbD4NM33vfA+lbZLrRs4hWt8djxk8duueXw+vDB3X2AJz726WvCiCSOzqmhDAraJ1H4xKc+962Pf2Q8Czjn7DOuv+Fm+tGfvv1v22+/44/fEH9/5pIvxN/b29skPf+33rHnw+Ld3VXmYP6sw4fSIzKSQhSGIdT0pfnlyZOn4st9e/cuIN9hEpBg0ZqY7O6um5PvepVdBMlKUExja4uxJHTiZOIW8eixE+XMqiKG9PgVCae7VZnfZOcQCoYtv2QYSIU2aNUhSAnSPEWrDom65zc22Qny0hvmun3XYPIBlE54jfM7duLk2//y3fHnxS987gMfcJ9DOzv3uvtdP/bJ/+GHP8UK/6lLL7/8ootue845Z4sIcuvzzl2kJs6f+OSnucJXgwk3dVPxfQudpohq1Bxb7Pnd/4YqAkhO+EgWOVy7/rTetrWR6ggXEWbuD6g+sh+q0g4Qyxxxg7VYLHJVp3qnNySkcqiotmQUUZMEK0bpuJrkxyVrURoUKgKNM4MnkfRecZheRWdh4ylQF9bd8RjAjBdUMo3PPCpzE5TyyEMYtQg0Tcp35O635gB1L2NjQxSGUeJeDEyYT/mDMiLM8qqRu6hW5bEpgCvO2ayqXLAu7jlAffXBEaOEV6whWEfrTMVpqAprxAVdpXeB3AYUmGo4e6JYIi5LNvXN3N9LqUgbpm1lXyiLmR1r+7aWtdlTvqaXXmZFPY76Mg4D6WnLUVgVgWJ7aRU8PS5VaWXLGNiLeUQIvcHCJLvCxIyy137QCpzXfBHAeIesCjko43OxYX5cXCiy04JmWbWRwVCaENivSGOeY0jq+OcGZBuJOJbB1UsGGFnli6wf+hzRnNjYuiDU0FaOEXY+8rXGjrElcdkISi0WYvWtwAead06fOHr0uk+cde4jl4vE7CD+ioecN910avfU6T3be/bt27Nnz/JT//SHx48dj0fbJV8ovruVFKQVt49/4jPZxU8+5+k/+/OvpANC660H3P9emaHeJ/77M/Gda6697txzzrr1eeeymOD5598qmzN96jOXLhapDjcg5513zpe/fAOhdbqpmuj888+LZ5jXXHd9sAhOnjp5YP/+Cy44/78+9qlGLL7iLhcn5mXFkfHtjLr2uuvPO/fsT33mkhe++JVEALUhmQ0LAKynIycIUSPtAga4BLCIMzmkDErMIc9A982CFMfUIFLhjBjlaA3cwletkAkl8KMe8TU/8oynxFPv73rKj0UsP52v+fXf/qPfe318cZe7XPyxT/4PFf5ZEatlrof/1L/9+8e+/uEPidUgT/u+73jzW97WLczP/NSzsov/+tgn+KGQVqMlnEcKAAAQAElEQVT4CfNVEVPvas7YDpq6EDdqQRBiGM1gRSdVEm6twtU6kvCSO85xZhrZrWWi6FtHbqdO5iEs7iT9BKKhMJPC2CI8uwyaZZStICBWMOLlDnF4H0mYSUZ0A6NwtVpF/UvIEwT0Px+mhBi3CMyOspiP/7xZeQqEcuPkHFAZjk1slMPefqSVr1j/KJIwwJn5YQHqF86zWFhQQ8wSQL6EQUxDPhpOo194bxASxSgyLwvVxxQHmbSTaLUls0S0ytnI6ZxUGI8q1yvqs6av12H2CdPLRE+WWcVln3iZJwOmn3TXdKpdYuaaQAwWi8XW1p70U8dyGX8qLBbxp0JQIjtyDfJjvgGq88DYtVY0A5qgezbGpx59OxlntEiI9QD8h9mgNbfxEi3DxlNmCAhGCKE/AbxOg9Fm0AaTBzKuRF+U/CDn4zOw/C8VWVVW7B8KlKxIyOXH9/uby9Pu1bmOBatbRqWXTg2DrLFJWEVWmbfqyV0OJE0DWbVaNqnE5aolSPu1eBgdD7T/8/2v3D153YGDi50DQTxCP3Jk98TJ01G0OuOsnYM7ey/7xF/85/t/gz76jDZoBcrcjoV8eBwPk9PRcrDaXX3wn/4jvnOPu93pAfe7Z7AIFvmnugrSUfb29vZPPvtpccgvf/mGz3z+spjWpZdeGX/f/sLzg/r0KK0d+Mivf2h8HUfn9KlTJ46fjC9i+R71iK/GEtmEIYpiSW53u/PidP/8JZfHk4obb74lvn7Ig++fTDHqeMyjvqZ+GG8Tl19+VSLSBbdhRv6nnvtDf/yW17zw+c8i/VCtKS0qHQ7ykBAXFoHqtd9shUPDBE0qBIR5qeYZOhJUA0jcpacMv8997gt7t7cP7N9/3/vcnRkACpeicUuVhr+0L3zuVjUIFvHfD3zoI1dfc218/9u+5XFnnHGI8PHgB93/zne8fXzxDx/48NGjxzqE7x5NNIOaSXkU52M8k1OCHZZFptmiHHEbsdYlKC3TsA1IMRITlVpVWhw6oiXMuMd2CixbHiFha+E8n8ZKwuxIg0wC/kXDoURGVu38aZw26IUNo8BZWG/UHARuTO88RpSeyknk9mpMA93lcpgiCxYsAnN6s6uDM4kwzMnaMwFUhRmnNaBqxiW3RBm4JNtK5PbkuPAhxuTuSE3L4GiRc8rF0anJPlYTEI25VeGx/LJCmYXcma1iy20pNYyRzc7Fpj+Z+V/jkxr9VQjTT2oPiOWnbhJYW0Nh1FVWDJKTOyBIP4v0k1yna5fp+SWQW/2l1n/pj3R1E9KL/Px2ktsCUvOaPO8UkizL+qD+SdkFuRDQskFs1BMgvB+mgZ0fi8TzM3QMLGn0fnwACn+UaKuzs51QaO7jHjjOD3GVbjjST5lGRD59FPgZFd5ZfhFSHWanwJdO7e6PQvRYAqNOWiklO1L/OYT6eDXJqUrLDyhHRyrRRARFd3YtaDMmLV56L0utpUL9w6KIeOM1l77jdd/67+///c9+8pNXfPHyW26+AaNT551/Ftm9+kPv/Jl/+NOfPXniVJkupY9AQjrsAaHa0ZaNV4N8pBp/vfY33nLi5Kk40M8874fueY+7QIVsvJ1/fv4Fzzp4cH8c21/41TdmRP/mPf8Q/9zes+cHf+A7Gomyvb33id/0qPj645/8TCbpJ//ns/HPb/vmR29v74mzN8o+6eDxB7//2/cst+Lff/t3/xhPNN71138fv3DnO1x4pzteGGKUfpJNSLe9zXkPfMB9uvPr3e/9QPx9aOfgIx/xkMajO93pooc95Cv379v3mc9dynnbfInLZh5Y6zlQaYubaoWQjoqName2Buep6KR9YPBSYYfUtwhHRT4u2stuxn3sVWJ3+ZVfirUS8cWP/fD3MwN873d/W3bxvr//YBr+qiL8U5ncv/e7/788/P/7YHbx8y99VZzHQUDe8JqX3/b8WzO5PPiB9/vZ5yX2xCdOnX7la3+L9ADd5sQAmc4CCt80xQS7A1rMBU+S3CGEY6yaNH4kad5ajyp/q3KO9Z+C7zpuruxCNCKiHbJ3UJZpfm0WhY1xUw7w8sOUjXSGIV13jBsFzqz8eBpdmF1GbNBCoc1i3B6+eGyKpwbq3nymD8iL8izAieyURqW1eRQIm02JEhbWtLHeNwxakCgMdxOftVHW/GFXcGcoVe7KidaPdNElK9O2Y6cUDd1iw4WkVZzNPCD0wopZVnxaWo22uayskbGU2Qyy5eYHje6LJW3rRhg3LOtV8dldpReV58JwtU4+mdVijvyqYaNIuS0sTBVVBI6L/XK5qPssTD/pReW4MP9KPimWTSeGULcgHADGq2FBFzFMvNus07OjWzwVPtOC9KAAjXyMt402MLnMto65plhvi9FXI9gmbCMFyn4MRNVAEyIusENkyVN8U07p3IuknibW5UsYMGwCdbKQUS1paykLYDYExACwqQbM9VoBtD+Vkd2iHFZTLybJnIxej918wwfe+ZK/fOO3vPuNj/3gHz3pX97xg+987Tf8yase94kP/+nu6VWEJOIt4haxbLUAeRkvR8i5e+8oHr2tXvGq347v7tmz9Qs/9+PPePp3xePWzBV4tiPoHve485t/65fvefe7xK//vw/+yxcvvzJjdc2117//Hz8cXzz+MV/3w0//rkIAvOC25//Ob7w8HgzHRF7x6t/J7v7Kq34nJhgPlP/vb/7ShberPPn96A89+bGP/tr44j3v/+C11yUnC//tez5w081H4otf+cXnf/sTH3vo0M6hnYNP/OZHv/aVL9pd7RaxZOfcFVde9ZF//3h88axnfM/973eP8v6+/fte+FM/QhLPheu/eNf7GElmodAtgvQE6JQFKnJRlU3xPVstiYEuqCrCDho8mqMhbm5kHgIoFkAnAX7vD98ef5937q1e/YoXn3P2meX9PcutZz3z+x/76K+Lry+77Mobbry5CP9n/PBPfeyjH56Hv+Gm7P5V11z7tre/K7444/DOG1//y9/+bY+Pp/jlW3H789PP/eGf+9nnxG1aXAB/6RWvi/p8c2D51RHC5KBKI4QhcHokc5wZMemJuE0YbBr6uLhr8jqEEG/CVUX1p4VsxhZ9Eq4TomLWYzTdvkkXPqbMfHJrUy43UMeSmATMoTgC48orbOytmID8a9YN5mBlw53nl7nkcWncOYvIAiRr5yNekZJAYgCBjJwtf06jhc+jY93Yo5GKIBjavFjJ8k0Ypqsc2XJRe1mEFsNxLtc5tiuajji5V7CSLI6gDOunAJQWr7610q3050mnkksVcTCZzYbKjMmY9rJKVhGDat+WAU127W95P17tJBGd7D2QiKxaCcD2VpTyNOn4ItMKZyPymoa46uMzAtRJg1TfL2asWB9ytuKRtcPdEOCDymOSzDo8CEoh9Iqmsp7fwwltWWOElOpmxcbeG50wJAybDNYCYOumHa6TwND9r1v+KBQEqRZuRDOr/oVjk5yoLqj2xxiDjt9GWAnaHog+aS375RMZzpvYQ64L7eU3teXkQct2s9RICYO63RELwsNEKhw/cDr4lANmc2HWfaj+sETJZQFoFazsDkZRpj05HYanb7yOxJ88BGSOy3ojjX2/6Rv/8dFPPuenX/6yF/74GYd3HvPIh8afU6dPX3/DTfv27jt86OBymRzKGQ/z3vq2d/3J2/+WpvL63/z9O9/hwttfeNvHPebhj37k19x44837D+4/eGBf/CgMo1e/4c0nTpzMeB87fvy1v/GWn/ixp+4cPPD6V/38seMn4kdnnXl4uUzWbi67/Eu/+dtvLcvYC178ylf84k/v7Bx4ynd/S/wpJX7BS371lb/0M6QTr3rdm37j1S85+6wzXvKCH7/2y9d/6aprDh48eMc7XLAIEoOeF7301avVqiNdTCE7pJnIGFPoQp2R8pviL6rPL3Idk4Pmr9UxGmmj0sNquwuCDh+ld7UjJmx8guxrSbzjL/72Xnf/igd+1X3vcqeLf/e3Xn38+PGbjxzZv2//GYcPZRPPI0ePPu9nf4EK/+573f2unPAkDX/seT/zCzSLt/zh2y+97Irn/cQztpbLpz7lSfHn5OnTx44cP+PMQ1vLfH355puPvODFv3L5F6/slxgbg67qvjkIzOqJQ6T7AtE4f5R74CjKVR8/ZVSzKtEGWD5BPEvCMeYo3XFJyR8X4SCwccym57AynADxIEBQ9BU+Efq3AKEgWGR5jdo5nu4u0juy0rO+SwQjbus1Stt4YdYocDbwt5R0SzbxoVgfYF4pAI1+b2iLQBf8jS3A+43mNmkyYQCZjTlgAgGXSDiZccoAHqBEE68scKblA9r2pWdFrmdBxjAasrTsxlQFAYZRTicvYzCaifIpwIq4FL8GMYMQI66Y6ViQLI6FNdN6t6mYShOmfa42ccRwvY6g3I5ie4opnFsS2apSAmIt92q9brfsS9yK763DdeEwAPhM9Xv8muRYj0cAsFwsKYM8KhhpCNBe60JKN8YzVsQ6QTayE5v7jiCx3N37N5oY8+AGrfc1YC+BpjOw9Auo+dw2xja5siBvx0op8p87EMElkPuDeUOIzNAYVJjEDE25RUWGVaQYoPmDuR7GUstBa4tAp/iJAz0SSdsFlrtGqIFUfp+U9xtvNMEdO0aI1bS5NuxWyomeqF122ZVPfebPPOuZ3/Owhzxg7/Z2/LndbfJjNGNBrrr62pf90huu+fL1jbfiR89+3i9+73d/8xOf8A1by+W5555NUkGvvubLL/6F12ae/0r8wwc/8ulPX/Kyn//x88499+CB/fEnvrm7Xr39ne9+69v+ig75pauueeoznx8Lc4+73eXssw4fO37yvz72qb/46/ddccXVTOEjaoXy5ImTT3vm85/77B/42od+5XnnnhN/svuXf/FLv/ra//tFEYMeefCyFaXrrWo1V3nPWZOC6tpdJOhGTiy4GQUEsIAgStbQvfFOrCfFUFY/L/3fr/mq+9/7x5/19LPOPHzw4IH4k93fXe3+xbve85Y/fHtUT956+P3xpwi/ysO3vP196J/+9aMf/eRLXvTcO9/p4uVysW97e9+ttrNHp07vfuifP/La17+p10dgAdYcxJVF4GDlrJYFA1gEugRar87ejD9RsBn2asCsisxpdZ65I4gRb6jZHTwDQJDtylivw0lkn0AZzcZkZg4LoOYkwHpGgH2/Ppdp/2pRIT1q/dbDNr0gSI6widLtRoQpqjBiIrFiXNcucFSwXzcm0Xj6BH2jwNIKByafPR7ryzeq/A2YAOp7GN6sH+YR6w7CMDngYz4GZLNoc3PMq32blV0gcwJgF0ZNxWQBXE+QDBTrkZ0TG2dQtlID93ncgDlbjTa6CJcrU8QE7yHsyaSjzAhrrZNSLpECxMrfrFVVQXrJJnBMNpVCl08mg9naWGVlEwfSlyXQpCkSrvZO6/DhtNGLEpct6RnFfZSJiWRB3q90a36sogmYuU6V2LrmsGEnyDYdJLJ6797uPnGe0rVLlWXLq1HzSgAAEABJREFUwSnMnKd8cs4Rj+HDdYiIwi2HmrxW21J9gFjUjefVsJnfARsWHc7g5UrkAPyx45dDCDGmVvN0DFSsRlKDeNvuSoJY0jgnoxrI3sOCnJo8WJNAcdkJO3+6AL3Kle52y49ATWxbSH6zOBe1C8nwSG/dqDbBTfKqdoPURy61BTTGtoY6aWhxkkvpPCVILgAzp1HgDj8E0HeQxVgc7eE0A/E48nW/+fvxZ+/29r3v+RV3uuOFN9x0y0c/+qmGbV8bf/DWv4w/hw8dvO+97nrtl2/47OcvSx2JMBhec931z3j2z8eF5y53vuhWZ5/5sU985siRYw3RXvLCZ9/n3nf7fx/4yGte/7uN1+921zuSNK2PJm8lePmvvIEp0qtf96b4c87ZZ97lzhfffPORz33+sngVk7hDuUEGZcbQMkVQt2Fw17CkFsXC7JCujPZV4FTFssMr3y8VoVmvcfLvakdPffRgKGX/7T8//pSnPyfurS+43W3uePHtb7jhps9+/tKTp09zguO//cfHnvIDPx737xfc7vw0/M2f/dwl/PAJjh0//ryf/cX44tChnQfe/z63u+D8T3/m8//1sU+e7nyLRtpjAtJWVCYLlkwP4grZlnhEvi28MfgyAbHPy302ctmjUDc2QItkB6rTpSHQqHCyEqe7eYM8h4k6oO8J9C4ukO4FNJWll7jXjcEchRtqRvNxdTo9acqHmfILmwZ/SP0nTeUgcHULLWV35z4typk4lgRiPXEQYTNJoDXF6EWEKBV+gz64TUw/s67aX1e/SbfHjb1WQD1q3dl4CpTEsEvbG2wgg+FLqysJkh57NSMD/BwwizEGzKbVzVwHgZC9Z23YO1JA7koM6sNrr2JkWioV+zjGoo79NKLLnyY3yCxf0AUvERZGuXRkBpC+iMtyalA3CBniwuUvbcrSBEAHtdtOtchXVVUp56sbPQyILSgRtyNRpcQaXHUbRasI2+OKXs8+vXJDxy9meIFNLItFvi+ZKUdz3ZtyZIiV2gobb9R/0wsxCHW6jrMq2U2b7MqNV8DB5tqmky5UHbyYQ0twkTSawABarihk5krGC+/AzZZhoNIj+8xNUBkspxwajRBJGBQtrl+pp11Yh+H0d2HmBnPVNWOnSLmKl14EQXLqVOIdKVZMLfKVYUhv0iTZ7MIwNDthaA0Ril9IFEoFtBnIiVOyln4rFwCVJ8KNSQhyn3N+d+LU6dP/+h8fjz9iwXPaR48e++eP/FftFgfxwuSnP3PppzmhLv/i1fe/7z0f9ID7tB894XGPjL+PHTtOxHD9DTddf8ONxAJQ4DY1HEUVYkbf0H9Tg6WwA748KDryDkiU2g1pFo0ldH2GLguMlrg28jFCvPyKL8Uf0sc7Dx9Fl3/xS/GHyODIkaPv+4cPKcQ+me8FcY8Z5n5nTSYAKj6zjCCJcZD09naNRQaMYgu5Ms0nkewBi09XiOkAyahy1lQzozn9Yc8k8i+obkIjcKmopDcVAx2gQaL+NmlLUSBukXajlYOspJWUrfv8aYsyqxxy2rAwCJaplWTqFVIf82jnNxgtdIwCJ6Bo7of3kZxFLmwgCaC+B2A8BDBd0BUypxo7MB2gyDhTmQCAq8idIGbVqlMTnzxz0VEKyNhBGZTKSCvFtxpwBeHUA8bMd3AYLWP8pLAZafWJrgHi7fJXDxUvhq7DNUFstdrMkmtK/j6x1KmyxBYwV89Kfl84p2mSrVB3vACkr3VqGI6xnnHfE236sJuMNtibuNObghavrNc7frVeLvR82B20oZCCPi5IGiSBt/6f3mQWj+xKuYuC7ofxQH0RLDqCpEtEEEGU+kxql8dac9LxiHS3PCj8ixSiD4ysdMrmC3og+eihXBm8hKHJo5eJYkaovMVsNiKE9ds0kPrWIMD+pQioXyfKlgDiNhpJY+dLGZDyAgGVGJA2YEX/h/mvKLfHD1K0OeYU+dMeTB1cEBugi0D9DxXXemBIRxfJXtWocgWUeMGNmi+2EBk3sjRLUG/wBonb7LRecQ8d7mOAtS5QLW6N6Q22xxFWgNJPhVdG3/P3//StT/iGnZ0DL/255/ziL//GarXK7n/z4x/50Ac/IL74u/d/kJiRUxEoeBu7wws81AjrFVDrsWl0jaQd8nbw7jDDoiHTN+eqy1fjfaC0KSajj4rPHAItFjiUC24dya5DC9yLoeVA4HVtneaeA7RLdoG+CUiZ0pV3KK0tktZz3nt1LBbB1nIZj+3LUZY68mkmfQOg8JJBjXJTzQ9C6fabGtQzzxoBjvlfFaBk3wgSJTq3yRROFLjTQ6E492bQGPo1FhSCZZlskve8pbWJxCiwahuK5VukborfIdTNEtD6bjyigZ1PDUKa+EajPgnAnCp7MfxxVHaBcTUEZpDH6QlrEUDhf2vGHdj0ACDrGdFZt2kDkDsLbDpMaq8w2QeK2AVmUJcK5DOYJQBXDLSSZAIR72BcWQWKtM7Ost52xcHMrZMTU3W0mVxixOuh4k5qnXZS8RIvDtlF2UyZXs9yKZK8H9V2hW4pcxMt6Hib3xAAgL1yagxov/HJ2SToS5EwikLK3EFeMvcp3r2eC8EiWC4WwF8FgtQ0JHGiEFH2p1TPULUo9cal5l4FavYDSHjrbkU+tMK0RSe6AMn7rWCFurpQufhWndpJ5FRCbH2PHLYjoUHfgGjSJFzmKZ+XbJGWlVqcvsO1AlrFk7fd2VfulzPb/xGQ6klNrUyK04aLRix3+ZY1YYvsZ+I+B4LqjN1m34gscdIfyelOikcPi6M1R21yK9hHSapEecdd3Et+hVbl8wfMaMYZn5n7xz070SOuPJimCyap6DjIFhR4iK2booJ96UtXv+Wt7/z+Jz/xfve++9t+/7XX33DTOgrPOvPwvu298dMrr77mLX/4zj4aVhIBpW7nz/SXcjXf876aSjgSNMZyiERR4zlM9hnkOkBaD13kUa7BM8Bu6vDSUmQmA6CeSegEU8EDm8DCEK6YG1AqJqhWxKEKRL9Qzlva9nQNrWU8hN3aWq7XoaY2k1c2+HXEeBpLkcOxldvZtDUb2MAsi8+ybCDTZflyfR6q+9WjIFfiZOtbkCmBoHDmX4Zvf9MBStDrAdC6aRpUbFKeMoysCbXBBkYxWEn1poqkQz7A2Uw8YPodF+J6vZZrsccNuq+aeOamRyck7hT4kUXXdoEZ+q0DtewCqw1fWkCeXSCDKTEC7LEL5LJU4O8y60UzXopYqjVIPIWIHBJqjGsOs0knRpxhEJIeD97flHkgvCJtFvE6B1DMfpdpIs+CFyHoJQ7aQzSbLVwXizojwRgAl3423+Zoj7uMLiXR+wYoPlMERmG4wlITyxAPIFgsgjCM2M6foHNFtHrAKmTNZXe3AwwW0lMlF4Rv/lIirjhbW1tBUoEgTpy8EmHve9jzm3DSiZ3E2MlRzHy8/cckhs9TQ7A5aGC2Ok6hwpvRvwq8wH+d240lVsmJx4a4borLSS80CUrUuCUiW/4wsTlTP71X0Oym1ZgW7JJhbeJAIcrM8dIFo+RRVKOTN1D13Yt0EGxYaaXO9SIG+5wnYQMSq0Cjg2wDpKqGshDcfm1j9AhOIMOSsugnikCsVha4s4syRAcbLIOah3DsMO9tsfqhgre/892fv+TyZ//wU251ztnnnXtOdvPk6VN//q73vfVP3kU62FuDgkmEGWs3LQpDdookHeYFELAd9rgXrWzviVOgs8OQc34SYW++6ZbsYt/e7b96x5uJUWRLr2Vy33jTEWIVZjJWmwgWHwNAxWeOgSYKucA0WCi4E+Q7R0wK4VF+toF9g+qRojbPyfYClR6+F+URELSBHanb2DXvxJfheq3t6rvZV+UXmXPyXNfDGupBEYqDhu1fGlOM8qWr8UJO+I33mWGwSfYNHGJZTpiBmkKT4oJ5hxCW+hpa77TtA+n7DVhW4Ta6sBlZmGyQAfqUQ9kSnYhOVwUasxS5LoHSsOZbIyTio7XK6UOdYrgcmzAyYwOQLSLjQrLukGwrB6ifUTRVFKdCK77tRz0URWIdEPU6jypHKA7Rn5BlSZQTDEwbJVGE3UCYY5GGiMWiGEC++iHNS4yjAZirQfGqbRjFxBINwgDdktWmQJQ4FA23ZOy9EN4o9Dk6EFuIRUdOQgeNVP8NFiuBs2zlGiYQY6RIXyPpzALSCsd0TLfuCBAkhwtjahQYMiQxnM8Drz0m53AGnFEQNkJCkK0Yp/r3ZNmYsWrcXokArBOEJvn2icTYoSfp65VL6wYOjFWU3oyby1RQESrJM2iSgsxDdocAPVaCZTDIh6usiglMWs3HzBtdrVeDXl9SA4bcMPp2Vz0EMVvTjrKjlagGpuG5tbxZWhPS1JrTAUxtAnlLg8g/6959hyhMyvEe1QEqaDMXBd5QNwApTOGzXQWMAtHo3crCBJTZSaEnxazSWcgiYYKZPa2h+eHHPv4/P/ijL4gvzjn7zMVyed11N3QutFspKyh1mx3QePMlytgHZN40IYSIvavFoZwoX7XN8M3OWZDl7EjSf/vPj3/LEx5NLKCxUermW45ecskXiEVoppixBM8z3HIO+lLDU6RRBjvVWXG+ZBXFDshJLdB1aXCykbHB6NbGO815jMQ6r5ZI9HwIas6jcmVv/gNqpna0gSC0KCbfEQTUYM0U0v6rcQ5vt3ai9Xobi1Rfkx0pO9rCrDT5751uTg5jiJmPMlqWySb56RZmESwLfU5+aDbB8qLqvBELBRCW/VzezmI5u8+Dci7oKZ54SNLd5ZIeYP2Sp4biwf264QZ2AY1RVfMxQKxGiWfjRBbY8YvwZvG8u4R3kGbPJdaKbKIxC7IDZpE+pctSe+dRZenJ5WlhLjGtpheTNvmMI5culusYe+L4uq5MEdaTs7Qy3wlE15skExwK7Yhh9IiBLSlMcOwjlgZJfBpl3iB1TeNEs0QPxrkU8XYjfgWr/OiM7FjmLvRG0rJYKLAuiDcUToWqjKCJvpr5vtWUUaLPGe6G6XnSRTtgoz3npa8zY8F+u64aMvUpKozj0Hkj4nhcUeoeWI+KuxoCgdPYdCJetl/hmmF71I49wHqdhERS6WOIALDrt1xj2D+H1G3l1DEcZ+fQjKozz2VmgbU/7If0b0ajxbazYCHRBEWJ+XJll9zXZsi2KvRAIf/LVvKwXnXtS6kDemIg51rmPSPMNShg6x7Sj+1hkDKgxrLo01FrSHn41vcjoujq5+xAlUk2PzSn3br+hpsIn5MNoNTtfkoo/a4Z3YIPyDxqMdYV0GkpHkrZSp8x74AbkcVHP/bJd/zF337btzyW2MSp06df9eu/dfL0aWIJnujSy44SDfXFCs/coa430x3GS9wdFkHi+3+RuFZDU4ZfPkazAdXIQvOKsrFLv2n7Omjca/+iQ8dZEOsQNOoa/WruwiKetMT6/ZBAouhPXXiQSuw22HumMDJuEciCiVJTWMLMyyLQDTFzMCQWet7S+Cic9TnvBtawJHpL0pEAABAASURBVLWZaLl9r9zXWZr/VVWDulO7oMPTj0g+xcHihAmsv0iKCTHNpPmTCkPoO12/SUu9hvmnY2blzUpBGx6LNgKIpR4QlXSu7/ZhDHmALtXlS9C6ma0cQ2tDCJZ8KJYN7q3tF4QwdrJT9oGyAO6PVkgoDhnnAhWeMJ/R47Jsnwo25ZtoF5JbfM6ji5yLqWfieoHkB8zKulWriIytswACHguc5YCQxZ1QLMBWcZbId6NFpI9YrIeA5Dy2sdVgM4mUdud19V9dMWgfthuEDvrQHFNh87k2C5+BpPBnkkmPrrNeHxIZ1lG7IW0Gkq0qiZOz0k4Uq8fN4AaBHImMg5cAXF5l2ejv6lvWLYLhzEFOPk2ILApqNApo/rwAZVFSb9iCgcNstJR5CkzU6MYV02NsZpvwLg6uxz3i/FxIpsQDlR8qhmy8l4xaAeurmP3EpNih8mNLxiHIvsO8jXULRjY1U1JilzBEahhpRJJudXNxA2vNc2INl/sX0RTBdWvCEIFoAQVLsH5SEY9RKBbQZE0ZBih1u5+UvGd5RbhOdmpDVA+wdoWkT9ZMb2iiecm+3BfI+oKdXJ2Ql1Yvfm/6vbd95N8+dr/73v3wocPEHFJH4CQK8aqrr/nQh//t2i9fT8yD343KEtFH2Z2ivg5YcunIAxhvt3jNy+DRj0t1MmmNZXNi+mUBNYUE1C5auorsbuaXJbMei8odPGqToYIFlF+k4bOP+luTrlmtwPTiQ17gkvlS5jmcHiR7WO+ERXIxQB0PxjVGtbC2NghmVMA8ALYu5ocl2YCJKSjGN5BDsjKzWpvPeun2pX/+3yygrFlAcWKLqP5NCIKJA8HWcgl8S4DsVvNmbTbTGFa2voproBZUs8O1csc8lWLJ6AjYIxSeumeBzNzTy0mGDeQmJEQVhb55DChd0AvoM4ezqREyQCjF6w1qemYuLYBMUH2+mbtaMHVchrNioJ9IRcPVwcGRXWAJB+ZQ1dbUntPBJaJvtMCyKVuiX7pLrEfBTNZbF77FToVF+RrbAK5JFb2NiFFeufI4D6JGQzWc14DcxWZvQI3ORLMfAgY9NwkP1cGJMxkOjxuuM2kC/FD54QaGgT2POGYodlbotbJev9xg429fyFrSRBEGAYShjhjjWpuSLhhqAQ2+6YoXUkUp38dsWWiL5LH3hhQZWQ2BCrfBuhAgQdTHvGYgJaz0TJoXgFDTKBCHGlciWxBfEQv3iU99Jv4QOfREahEEi2ARRmFoy2+WT9OGphJAx1WqnfGGYbRbSrPFPB5gLKLI24qDxIcNDf1oWvpBrr0utvNXj6gnlK0eKTWfqe43OQpgvU7dPQjqCLB2lS1mIi0eNiTkxqKSqCBo2MMdJSqOI3fF0NtJk7lhQpkrBxwqt+ea4BsMiF6jwKIXnDTseqkwgImnvxv0mmAUJ2QTX0EXAxkplaaBemUuHgBHHUPW+mGK2S1Sv9XQEGErGDYCZtfNxXejSMb4waIzSFu++qPWZWNU3UW2Lc+cWgbIz9SdCXStAkeEbLJt5HxNu8ik0yuDscomTNz9oIYnSBGguKDoZoSRaU7QTDI6h2IiAa0xQj7tMrQLOLW4AtLnB7SRLMMXDOMCJXmf/ofmuY1IGPS1GCJHAINANfrxa4l/s9SdBWmX+vaqEIOq7YjY4NLBC0nRDajTaAB6w1mqYIKxEOfueQ/BqgUOxi99nYk2xjLmhL4HNtT6sxiQm4N8crm0XemBofZHvZjZmxp03hdiW4zjsS0qMkMLA/mqEikimsCOX/x71aO2MicMw8TgIxS39pDKEbNAibsKoVDpkRBvl4ml1r5h65ZtX4EuSavxykbCAOIK3HF2xYtFEIW9bqGrM7TEy3MYRYvFQsuYjFE4HYDdX0B/XVYVVTuKSgRE206bW9+x/NIloo/WfB/7PA+L0xJ95g6sQo6oMsbsXCRKWoDQV198qjlBJVJ2hlJ5E+qWePU3sp4kcfVNJJFVEyjd82VW2rktXWvunSr1crVL+geTU3FSgZLjkglGjEGynCzsWz3thMjCojFgubnBJyD3h8R73BDjHIFoyY2Ghnsjg7eR9LvGjZHDLMpzF+bmKbDT5mtkq9QbbNAHI8vZ8ohHwetoXd+eQhwgNeuEplrZHOKx/tZyQXs+qg86qYEiVhdV7KtrrJ8qU9CH2msUHcYiYLYdyebqoG8A4t+swwYy5aiJKpOR8L9j6/EmxgF6HDVuykdhlBxHlqo2AK1W3pK2kL8lC0ugtDKHMo8zzFIimoYYyfACGbnclWgHiVZ0XOXOWWNlvUHInYGjFoDnCrVF33wxsF2wJOjnxpEiLw/WwLtknBSJbEu5mUFyv+w+95sVcl+BYxrfikuqkf7jyL3BgWLPZzN50oaa/YvtN+yRzibrm/LBQ6Wh6Evb9mP+1Gc06Y3yYWKd2GK5IKsVEQISJhUXQIm7kqGKxWNUervnHVdJpcaHP9u3ZQfksj1VTZMCkLpJi8fBUe7qStDgQYXXgFgul+tw3RkESabolHRRsF6vlovFrmjz0uBIf7kEl6G3DhqsCoUiHao6bW86WJYYNgZbXo8nTAqX04pbgLgdIB4C5eyosjlu/TBcEvcPQRAQyjsfkMJvH9T2X2dh4jZktV4TRSvJWq9cGATW5o213qv6C4u4J1tuhWG4ipv6fNXP65JoBKOIIRoJkjbS48xRLamx57cnmH5dSzGTaNKYYZRdo8MocC7WJlD74w82iv8NSrgrDMD9IYV8IDwAbCZVYuwYRoVpSy16zcgyfSHWZuXNv6wwnSg8l3cHChaxoi1gPaJ0qdi8T9ss1sNWd5BDzQqyTcQ4D6vAPG9nsSKVWkCKnBPIxBAr5FmuaLSNyU7CtOp6pSmwnZRQngiJrabPmHWgS1MecSsoGakMp8nw/ArVnXBZx/b7hl+QByrTj2t7WCwCcc0C21EwHyf1KMjT72IBrFRgpgoQjhYKakHsgCuRSR5x2YjC7KLFVM9urAPQEcJBoyM2tiXThl6/j+VSyRzWGnjoL+XzTh8djGV51vYCPTFkCmXgBVXKpqyvsH7R7+Yce54gN6xK2uinZ48MsgzaTc96FW5tLU+e5L9R/+sWKHRL7MWeF/g5L0hA4q4ZaPbXpMv4qSoqZmNgMT2skc7GptjDYcx9etwCrLrt9pCg0hEw4Wq93LNFThE5IPPSDdiTrCDIDXrMFwJvmtauwH0dq7oMulQNScUik2hFVWZ9/rcF3WMkI/JXRJZby3W9edFhUJm6QeMO9Yt+BAwCyalh6dG5UntsMgUrvYyW+erDKMr3Cya3s/OF6OUDKOTN2xBi7TBl5N5kevwwx8MjpHkQry+m56dFhg8m9h+ziiwxMU2zjQnlyNiiMu6kn1tV5mNungKb8NUicIMN3AF6fo8GYNsfDkbh2iPf7L2z6DjAYrFcLEqjwLzro10Xlj8rWx3MFZW1G9WdYkJGSDmrVT37VTy7SsuxYrVvymhMdDWB3lfpImMVVwi8jR3b4iqLbaLjADcFuVjGEwhnNCnr0S8OB0KLjNkJbgfCvKD4llQOuy3XVviVUS8M4uS5SL9hO+Hk6Md953q9ThVngXAh8CsKQ7FgLxmZ5jIgyrIB4EksPErPEeerfSTtCPRYG2jQHj/mMEvQih5Sn9rdgTDxrJoc7FiwDVYKGMtdxmXZ3V0d2L+fkOOkVwDXcNYIoKrJUydR4i2ERTMTB3fahOalGoHWI2xviBJ/2+g7lrC1Z8+xYyc4D3MVK/SbxDFwend3/4EDRA5WRpC9HDsQxCrrIDkmJWQkwMD56IB9pnmf6WBoFv7U6jDtI3bPnj3Hj9eaF/WFmdK+jtR/0P9J/fgXqD9LEUGEveels9AQG9ODwJJzdsrVp5bIXcaLo8MYLAJJWgCWy2X8c7Vaz6f6svbxThzFrGh+vdNGOTETbDKabxQIc0gejy0Crck050I/spGhOXH5tRmEbo0K81pL7IltPHCNV52jCNr3GzfqX4y/pP5bzNdPD4LFIjFYRN7WQSpkECyXizCsZGT5MswvGAr+sSE1oZlLUda2iMABqr2ooV0Zum4XOIAdSH8q2Rx25B4hO4MQsxyJI/Twym1ASernVNYukCJhH+b5hVGE611M27KWFYswFxW7QEkWcpCmD4TtIU+ARfaLrezUQEMSGwnVjix1iLhcanQQxpJ2jZEVCJgpKgGKw276eJng2EO4O1Pcdlo98sxrrF/HLFQ0mtikUTew86cilUkBBe+pBdKADH2JsNJ2GCh8k/vEdflxJkOTaBhGYRjGy/a7u7tkYC2Fpj2xJm/Mv2Tfcw3tVBIhIBxQiNDY0V04Rh7FPVtbcROQ2LUwgYwrccR04wZme8/W6V2x80ONFTzTsGFuMUA8lae3FmKuRdKcPCxKkJ4JGyV+xqQcLqCBEHbB5Z85V8PCg54goG73Rt2F7M/21p6s6YwXVmoBC/VC5rSPCIBS1KV/oFpbgZoiD6q/hP5LkUJSeZnQLYcj6QAwt+qeRJcsBLUhnSPwFjM7gopQHZ/xtp7A8ynNI8AMM2NT/lxgpp4CgXHlDzYWgRbQ2L0yV0zQCpBGnsuzyGgg3VY2GRLnhqFHzg1rCILMfxKN0ugQsl/ZZDQJCQHG/yDKvBJWRgVZGEgtRzCbHWtOP3kWWwySYvMCBVmSw5KJMaDnlWKUdoFywKaWJm+sXPbKXZaMlpOv0BxBZ5Ap2gWmW1tRxwjKOYwlHUZRGEXJgUCM+Mtw8bR+i4sFeafljKEfdNtcMvNQZU9eXLs8/3sAY+Alm4PS5cpkEIo1kK52U7D4bOZ9UhidmsDIpHamyhEL0Z5OSiL3lps4OrYsVLPSwvqdsa6EGjbEwHT1vNVzndrd3bt3KzUKHBAodEv4XWnmKh0yStw1Ayd2k5WmSZmd++qmxlHYQFKHgN4LtrF37/ap0+3zfSuDm/KG2o7g06dObe/dFjAKdNqNNZj2Bio/1Cvj6lM0pM2srYxFV5+Q9ZTPT1GIFyqMrlO4LzHQe6NAkCJMnGGKxhlazu/y2XH+K7net3/79Op0vFBCqrvVa/G6SQihbLq0W4p66RS3t0L6LGAr8Giij9T3bGA7fyUhP72RsggkY4OeQS5W3xvYhUBbSmYHa1HeFOk65n188KwsAjcYBwwXgHwX0VxaPm/OYXMAoL7HiXAdRlFtVoyMq+THIljEWZtttW+RSeci5pTGsYpiuVjkznsqSg0O+RS3frc6Z7l+E2SlSkwCkYzKkEgTQHRbKvS+MtTtAslQYJgGOhOmbs/bgnm7wJKtbbB5YYSr9So1iSPqYOSYbZhMOiC8k6NluKhI5KAANOLEYQRFm67LBazFSSwiJgCWiDdGD9Bia5mrMq+0aBhZvzFhF9iBfpNBs4k8gOG8/9joCESwSaUOyFWo+VY/HOWRdqLWF1osEsOV2sQWHbBVAio8McAVGcxOnTy1c/aZJ5an1ut1cc8BjAwtzEFm7ZWuaPd8AAAQAElEQVS4hvY8TYIALCAgiT2MciPjMn101vxF2wboeGaBo0vEOszt7T1Hjx6r325ZBObpoCL/yVO7tzpw8MTixLrLwAqly6lL2OhvTVB0llzmMkefkrsyIpPtg5VcznZq2jyPEMpaD5gvASmUYVIdYWP9IfvONYPxn+Uy2Fpu3XzzEeQpckwfVSwPT5scG6DOf59krFsWd3OyF5urgZzPMbYnG/o8XPIEm9SZDBpGgXPSo24sAjfwCOazPnEWHiHmp/ZRVgmbUjYZgL4p1ZBI3NmHQiGjeNU8SnzfO3LKDpWr/mLeXdSgfGKdreOXDrBokYB6TY17zgCCBYcOMi/p3yOaspTTZ20jSByHXWBea30R1Y0cce2FaKgouywY2LYLjJdPgyAAonfigP+lmweAvs0JMnFTSYfh0y7pMAyIQEXEgcWjaZSFgN1vqoKtBm/SNsNLDBKWgkVvYEQkXv0yFN/+aHW3bxJilHtetAcy4gRGU5HYq00zBfbd2Wgsa8Ce3/1vTBDI+pF32Fajb5p4MyLWhMdaR4u9gftDNC4UIEakY/ZsENiw88nu4bGTJ/fv2z5yZE2GhnDczSRSOsgJZN5AxWfqMFL2hAHJ0ZnJZlcSKplruGyWBep457uCARFYLYWU8YyvOLB/3/ETJxmmPVTel2eUqOkJkublxIn9+/cfaZoe1jkOkEySDJFx5YazHg11ZqUpmSHNrSYVCwXEWbwyKz32o+ZldbKtIqBNtZy6Mi0CFdEatTdGMfv2Hjh+/HjDyQIh/iwEoFYf4nHD3kbeh03WbAw5d6ca3xayiM7Wb97s4j3XjBbDFFJnk8MFZukp0FNd+kbFbxceW05Zyfrk2NhshjCbkmVuHXEUgPr1tCMNqaFebqBnV5kfRevVit5g1xG2+RuFgvUCIDtVYdnWWFAsqM1o1V0sT1VuzMOte+9XQixuuA7NtVFlCfEWiYS50elAtRYKMapftpHmcqrxhoH8X7qMb5NXbgKqrzVB90XbULr1267LMFK0C2wIZANsyzPI13tsGH6BnVJhMbmqWtG0YDDDhUEI27Zr3vQRaWdvuU30JL5yYmymxBzgjGY5GxiFWKGZWdHa1CRJYPklHFozhBE24qEMAdv8Thw7ec5ZZ+7ZXu2etn2IsF8L8MmJiRBEsXqF6xhvqHpozhZQjhLmVnByL7pPJTWOhuT0OmVEsWdra8+erSM30rZ6TYtAkk4SF0GQ1BBVD7UnTiTNy/aeLdYhwiOqXzi3XjndA75IXDmEYhvlu+Bf0vElSko6Cu6WZQainPIBdYdUO+0oRUwemJ5aJt4GwlCEPzLv1RpwASV7rttfEHH0Cbe9vR03L9ffcJT4imo5QvXtkQFxhEKrADH/zKrBHlv2GpB2tjaQnmGG2bApee6QGQVudO8DYpP4s4XdrE/VCmhsJXok4O8Rmxpi5WoYRqm3uhkN15yshaKySs4QoJKjbjZBWwQSapjOMAokDftBopZyqcPCgJfwSKlCqLsMCQkrREEkSs6UDaDwZzqP0lxuCifDwpW9SFowk1zOfNc64zskkFRuPzNHceMt2+r5BZUHBHOMdIuPg+JXy2trIxN6gd7eYM+MjWBiAo5R5hSBdWIuX+kvy6hNoml0aoyXMLgcwUVT2NHy6DGXIywUOtmYsY7SYYGRg5UFIcXIEyPLDTYQAN1LVJea3jvGiGZCuGA3YkbYcZ/XMEPX2jhyrtWgYphoLUsExkhpkCMnThw8sP/G3ZVpxY2+/ZSFtClIJlOAePYXEg6XoVohQxaBqoZz6WxY/OUJWwSyWmb9Eu0B4hze2Tlw9Njx9Bd2h9Sfwh07dvzgwQO7N92CLGelI+j7DJ68aSiyApo6A5xiNWtkgJaLrk4CpbkektbpKMnPxFQcAgxiLXDmRzY5QIhFqGMokm+MjMtNOp3GnHhWkACQUqlnqoBaxdDuhbHjFyu09sboumYJ4ODB/ceOnSA+A9N88beRNop8AWkmsZ0pxrPqalBQP+M8lYqGBkI4hoPleGIJm+aZhVl6CvQI8zBf2oABJ1kP5TRsJnY2M6pSyXbS1a6IC6ZpIPOnM4+4JojnlavVOtuBZUhroVI3IAi2tpZtP2eZlSHtlRCb95NvAFq/R4VrcIHMSoQYyl203hDoki+2rDop0H3C2k+uAlDzUti003EC9bqgyq5Qi8LYWy7F/ILcKlA8/mKMdIutw+JXmn5Z9nLrqmArMoq7hPVqlZrImjYSlRCig567lpDimBaLzVyQQuLkPNqF9Mh1+24URwgoiuomYTYQAMvggnqyARu+Luz5IlQ5lkb2ExfcTQbUAPbfKW7snjq9u7U4dOjAkVuOEYsCuKfQRTKz2BikoLBgzCZDG2gojFkwOAoMN9TlxMJCkqEe6HnPd+zs7Jze3Y0/vdIasec6tbu73F3u7Bw8cuQo02DJSZIpMkFeOzEDoIEBh5ESpI3aAb75j+pe7r4vVwEEEKTzvEUQ5Frj5Dj1SEp6rH0hdbMWouNlt9CauzVfi5uXuHE5dfoU2UAKeioX6DRTHdqvhFOgsKtPjyEp/0w7KA8xn5yYY5lzgU26Upi+UWDDn7RP2KwCuYUXFkW2Mh2kbk8WQH0m39JnRlezyGLEaLUKM19j08/Z5DSD8ggJU9Mtdd9O63XUKGW09V7Dkq/6WVfNCESiMAuk7gSL5NCh+usNXoRla1jTfbLdGQ4IJMnR7pmhpf3iLJbx6KazSCzDAIfiPhCwMGmeTBxlzelqSmJ5RtD13ECiykZHEWUJsGkWmNJWTW4pTtS1KK8yOyGzFhft2hrBpKPWzOAeu0AtXqpoFA33dtINmBBAjnCzC4fUgXA8HOpvBwaAeCW2IvZGfSAGb0Z9DsCPq0/mOFaBgvc6kPpGDzIfpWIre65S0voR8zKhkTB0D2yjBmxdqEHpdSkTIwW6dSSFB7IZa9QR/NjRE4fO2Dm4s+/Y0ZPEghi9aO3yswDsvqPFXXUgrR9lw4mG/RTdN9RqHLXlpEvkVCwCDx7cH7cJcX0XtM/DwrBJJ27Hjp04fPjQwYP72v7DnCSZpmHb6EYm5gTWotT1cvNo3doz6jkrUFwYo/yIUEFBsiKcbXdLrTwbVTvRAxbkAiRRkJx5FEWZN7mWxls9UdyWJFFuxYGrCtK1LAIPHoiblyO5F1IfkTgIjnX4SCZgONYAWDU2ncMapgMYTcPEeHmxiGtcFOFI+iljQuZt+qZM2sAmVdmwny6blK9jHp4CNxaBG+SGYhMEMK7mCyqbZzOmdnvE2iBIzkpOzKggs4KcdmyTvZLrdZKv/HN7JaHeNGQpT+wj9QcEjTuLFNQ92pIEaW+FNc+F+VG1eYBGgyBTeJirXrpIZpPhOvUOFZhtpvR6ALTfhaQewpAZaQfcG+yIO/+IhEzUeFss1zIrMKIMtG8X6ACpkhzSM1Rc9F8u00WF1yCZVlV7b4pNVjlgPv4xhFMeiu+N3qaBjaPADTjglohNaRFE3BgvF4lqdB2uZ5Nk/sdT3SLQQtz4tSyetS8WiYFD2BP86C3HDid2gUTDLlAnZmi3QUD+fVcjYKOwU4iw+7FjaBUnoofCSrXmK9AqRwc4eHD/1mLr5iO3dNtKt2/rx+3IkSNnJHaBjs8VNZMp8xyoGO6sKCtAepEoc9ZXe0grZxoBUiQWe2Go0mhjEalCMUs9KS6QRImqNkIXamY/gL2NP++1GnYOHlgut26+5ZaOd6xvQ+1DMiAKkhFRUoJmA0QTRmPjmLNl1p5eCmp6/B+3lIvFMghgtVrjjBqsFLYmU97D19K9wQbGMWWjQI8XCqe5PrwBBxazGwRDbLq06QKs63f9QXkG5fRjOw8XkCWyAyVr2RrPNNeJS73m1KvhNZDSobKLhpqnwFiVsVwGLDrUr5Jhw0Ei1qQjNd7VZWYgZ6osG/LsZLnYwaDch+IIJD9Bd4LoT0NoaqbVuJTE7MEWl3iNeL1eY9VRjzs6+rwAdM7SNhQvITJMMY2mJ1DfLvn2oCN/tMVAQXqNNrO7yHjbuqqVdOh5AvnXZm7XRt7dTDJ1NGI05vRQWZAeWABddpZmuqYoNix4zApqgppJiaRoITUB5Nv+IN5y89GdwwcPHT545MgxYQ6asaq97rxBMMxNWLtp09xNK07IyQT37bQQR06B0ZU2gMIzq+j2Zt/7MUiP9YwjdfORW2S2bGPj5A1VJHRuvuXIoUM78efo0WOjOM4yddCbeKXzU1RWayMtKLRv5FZ42XEKcRJgHgyo7cyUiV/qUy/qF4Pql7Hkk5/TgY2HpWQ0S4qSRunpbT7TJtDSPn9vR7yaRTwuLHnzcotU8zIEitLjffNjDuixNkIX7GycuFcSBuYWYz/L9EwywcdojjvpZ9deiWKaRoHAuPIHkx0sbOAG0POb+cYsmsB0u1k6x4TZDNmycylnZBU4ea+IJaA4Y5HMA22jqWR/akh0oN7bxsq5IFgw9fWVb8L8bAyCtGluqeQCLDfAl3JUDqGgozQL24+h9AMBitaGKFBXPDrmzuVIXDCFCRtx9ORafgwfGmm93ZQQw1yiZKP0OkgPJhyiA3NZrQSMRDMYSAbFeNGMldLFdHqOzPMbT0rTZYxaCBMILRJmRLPvTqPMvMBk44zB7Uc9BE7TJhBrfxTgZZpYkEidJJJqBZP+toGR69VtDWSMWQQOm769k/c4AY/cfPTgzr6zzjx87PiJ3dMrIkDSLITt6vSRz5WN8+qLgk2LQA3kfTiOxiIwA2jbRTFoAiyCIAwFzcF8bzb3bG3t7Bw4vbvLODW4H0amRekfxFtuOXLw4P6zzjzj2LFjp0+vLCecjtKJpCq3RPEVgqGDRg3GFpiX9V8KQmd2gMV1suM9/peePl/oyspHtZcQaS2CqBltZ5eIw/SYmZtCtN7M2ockEw2Ztre340q9e3pX/NTguawPOUd77FGW6PkkeNEWjTfGSpKPILomxmbpV9EDeRXnqdSwTdPMhq/D1Ulj0scHbywCNxgeAzpeqoWaQwOYOCiPIhzV+qo+5hVVgPlE2JC2ZBydThZZf8x5ozBaIXeRppryY/02+y8rTFZz2w4SMxX5Mtk1XaODFOvyGosv+kFzhu5LbSl2PyN3HQcI9dQlrJsGAqF9f+JYaqUwyqxkxCtMVnuwtJ81wcuNXWAGg7wyT7d0KtTViRbRbGOIRQjwMuY100S8VGq/4fQEIQqem3+hVvqXoLxV5Itmxnqw6TS8fQVmel3M/GBn4DbNYmEmrXww0DHIFjt/apLFYvMTGjRk8YSMNrnmHKwDx46e3LM33DlwYLW9On7iVLgOOdSU4bwMsybFlAGcS3k0c9AiSjVll7bABeRtmWgFiEkhRFqSoVJJCItgcWD/vj17to4eO356d1fJVMhw0h47dmK9Z71zcGd7z+7xEyfXmttsLUK4CAgTkwaQmne+cicnoe6S5s2MXRSFImaBNbUC7RYyiqIg9wJY8iec0Zq0p7Wd3wAAEABJREFURaCXgGTfdRJn/snBY4mdtJzyFqRJ+OVyuX9f0rzElfrU6VNkNMBRF1RxxO1HnEdxZMO4Fs/jdNliSDczi8ARwFS8kiIdd4WJGj+aRS1uwG7jNccUFcEmXYbBpIwCofHDo0K10c4PDOcZYJ4hcH/0vzgTR3Kpo8CpntLIRmFnMxNkmTuP+OZHjmrayI0kraD2xxzUl8aTxqShPjUsXVqYOZPp1PaVWvdPDapy2xVMLIuyYgFAmVplG41LegptfiJR0PEcWX86QjA4ZF89suFoyq0YMFEZJ05szR4Y7SUYeZds/A/D1MrV1OHvLkuIOV7ZJuJ5DMa6YW3cIm1kqWIQyCUjwbd6Mz8NKrMPV1wtaGGo9tOEMHZrRzf1keygoEwK+DCbjiPqkb1qXmWEcSW4q7y0Hx/51VgyDBwUA3tRY9lKpgNZjfUStCQwUt8mKKm+KRO/3VO7N5za3X9g31lnHDq92j11apfyGuiixHI2aemjRdLanj9Wb+hh+9N6feB+VS0CVjTKnTXG9ynTnq2tvXu3t7f3HD9x8siNR4kSULdZZL8aNyenbrxx/779Z511xunTp0+dOn16t9cpqQG+su+2qDDrRmPemCvCoPVq6qwrUhKNZfbHsQjMW075WtyUCzPjuObBvvZH+APWrMQoMJn8RkwpfK/yCgBK+SljR4XbCfbEDcyJEyeuv0GleRlO7YRycR0hyrTNXN4m+s5k8WDScS5hbsA9EmDqqJXMxc4VSJD68A393U5gEcOP0L0sZiMu+jNqqVQwOU+BPiquJ7W8PV44zAZrFoEqhDeL0NPGnEwgZxhb1InwmBLLWs5qj+qtpWIeZSg9KBScENerCCDiq0s5DToKhOEjCBbLrUX7bawUlIUvwvIO9TMzTGToeGuCpKaL/asKg8zF6rlgkG6Eq9WqMPJtK1Em1qhx8y47IcfQaKSk4sZroAEuUFi187mUAW1jcF4OevKh9DlyfONFkRWuAGwfozRKON/h44EOUAruJndjSxkv4KNFIA0YmP9MMDGLQFJ3+N14JCKLn2XNkCVhfnScNLUTx0+eOHFy3769+/fv2zl4YLXe3d0NMyTbXc3sFnAD5NwEJzKZMVEyG5ZLArMpkePMMpBEJocemG6GQf5jz5Du7QoWi2C5XG5tLbf27InC8NTpU0ePHtPMSuMWgSVOxDh5cv++7QMHDuwcCla7u6vVOkYYZTsW/Utk6m+hK6NWQopL4CyPYHLcB5Fz2EWftZHs06p+taRiWPURPaTNgIShGBk/3BgBWzN5lwckzkSjdCNgVyhIzCUXQbBcLJd7Fnu29oRhtHv61HVx8zJCHcGgIoPGUy3MZz41xjKpByRqQ/wNjGEmab+xCNzAKSZiFOjRmK+JjRp9PrBmC8j4oURhPpjP+iqQ+ZyoC5l2CGYyKAHQ8no50qo/j6KcgVuWUx2582TA1D1i7Qal0KF3t1Y3K3vB6mkZukkfSRilu83amZxqwRhlFln0asckt575CEwdOsaR1OuZRlOnGQvGtux7AEdjF5g7uu2lM3nrwHxRx/7ErdnKEEeQ45u19amXVlOJwaTjlfvADP0qe+dCi2fBoM3xAMxHOjDzVewh5cp2cDS2awhK5Ed6ouIzUzxMhNd5240VILKfQ3klKEYfTSPwwp4Sa3+k38aTJ07Gn2AR7NmztbW13Lt3exFkrjrEW/zhaih/qRTSOGBqf0Ss8M3+DhV3Ob6lcic1hhM+VtnYVNevVEoNYCAKU6dhJkWzZWaYunUjURiuw/VqtTp27ERxBKoiYUrXp0ZB6K1Y7OMnTsWfxSLY3rO1XMbNy94k7QOAzgGlUNMDPcGwz/h1ESTT46SFoAxPa3+zH0wfftAUJMsjNH+KZ18llMxAyHUjkKWQcOvo27AWpW6TtEdYQBAljvIdnLSK+jmljyA5MXkRF8ww7IpyWnQxjJuXGLvr48dOGHHTNZRu3beSahUoZdk7FczPLnBepXoDK9iUITYsp8sm2fmYkKdAH5dLR2qWsYEC7LmTIhvIwcVisy9IdDmDrJwOA5hTZHVydoxJlCwZEAEnck5kIUbQrWdtxRN7X7IKDKNVUz3Xa4Erk1OxLmyFlP6bMhIKYLlMlNPV4k6pxivtDZv/ikcpsdw8EfXbfmu5wD09FoXYjaxON6zN8vOwDddtYPKyBBNc5Cwj0WGuO+SVLYOg+80M6HMtsu8Vz+voc5CPgTZqnAY26cIDPWreON+UQtvXzgbCcJlaQ+eM3BjZibReWARqkq3eisLo1MnT8YfIwUB0NEh02fxkho2RJaNAirE8dVV5NOKxWCSz3SgME59R5VTWBfSnxmJ3ZbBIdssFiU1g87zXcXVB6tJC6kIsKQwRytOR5huG0YmkbRFqXmhHfEDqA6xiYk+HpDz71bqIOH/Dpn6Jljw5eTN+IYrrRGLJ19G7DLt5wXABTY4cXSzigWqSOBKNI2o+lw2nBRaTuNLHEU9MAhkWclaksmiNLobE/18aZUkjPzQ11xtiaQy7BwbTAFQbIpAYnHUOkWGymKFF4EyxyecNrGNTyIbE6I0CPV7iGN3qywbKMJnXhstNOmWfWStbaC/mEu0ZNTUwm8gCrXYTLcqjTZx0W2R2ORkvn/1OkColqicRdqC7SRgUPhKKe0mOJwWg2G1Pak+TK+ocl1LG+q/yjhSSfbuLoE6oMJ1p7GunNR/IsuvrZw/ljvDWI5xuM46lY7ipmD1RBVcGkCWC1DuqvJTgiBeUBaKsxE5tHxuyuGfKYF04kQTLCtZ+SdyiI7L1miJnhuIGA4/KYEYe0ZXg1RzQ63waSSHC2p/hYFoAVHxmlLEAozRIatwVpD6YsCeoM2Djr1hoC6gWwJ3aZJiMESgS7TVSQbQ1/q+xlpR/4MZEqqz4CUPdLLLm1XOD0FHS0PwB7YfN2xxgYZQqELT8oreKAkJTYOTyYlGs/wbkPpWDK6MyI0Y7hUWROYtAd0T0wI6xLcGGnxAgorQruXG3iUWlnn7LztBXTB2LxSLd6eHj6fNikBO7sPf0P7oTLn/zGSN6F9PRd0Ub9GESngKnupa6wThgxaWQSVozrCBerQbZhX1DC2+QrprPqDgDlLkrUqBHnDCJTdh6neRtMHQsxPgbkVLJ7tMxCiWwSdRPTc61qqlVKHf3rK1SES9wbi23sutyYTGb8FdnOrU8FCbLW7RiIHdQCN2rGlAYhXGC8E2jxt/kZU1Z9j2hfaUolzeZX1/FDhsdlgMHvLDwJ1H6/JzbOLUV5fmM5ARB1RU/k2bAhmyj4OJhkzKmMG/HgZtyxACmZ30ul8v1eh3F43VvEsmtOYUpTMW2Q0CG1DjAhqhcmgKT6qGSDpmXlqHGSegtVUPS4i1U5OsNVLRzwN4cKBZxpmFgbacprSqlDx2pvRlGYS/Hlu0e1oqvSkah9INJw7D59XiAgvfMYVhNa6bqGDz/jFiyigPRrG7DZz0Jjtc+Thapi9NlrEJfrdZOTgA3DvmMGoeu0lYB3GzacIhNUtvBJl07MWKjwI2PwA3kQE2LTZEziE2hMYVZnTCbwVuTIsPI1V0wmxhP3BawicxmiBDP3d8YSfFYdRCvqyG2ifk/59RD7hErLdlDRzSKcHe127zL8BrY6yaQiLRINZNmgOUiOTepehkrBo1VI0T6oghExtIKVn4FiEGAQ15cyLErFmzU8s1l1CzyihWIq/WKNHXTjjNuQKZt7rn3xIGaQ2ZhHLwPyqWqnTVfs1EfvpcUq8iydb0nXsnIIVyTDTiI17lxnXjjGHiSMA7eElK6Sk+Uum0JWA26LDNGxhXrp2FmelSk3d30wXbhclh6hAzkXLDRBPQzG9i+ohccY7VhZ03ZSAZJ7jNqHFM4QWhUY+RcjwLNMRswjfaaASgjvvQPivc2tYkLUv9r/QlQAdgWWF6p2hLrIW8tD7qkgt4Q3ZQlcmEcfYcY0jbQuSzmhhoWzaynA8x2A0xdrV0D1hvoKec4t2uZLkpt/GyA1PfMYKndmmVaCmCTLgNjrEaB3iwKbDASMGblwwN6fltgMQsA3xvT1ABzy+IROFczhkxfMqcj4iB1JEYGgHuPRIhRcmIy03PYlBUomb+85NAZD6KIURT2bHE0JmXpLC//CSRIQWi7qMIgkPoP2blbte35icUDZFp/5foCrPM52UDRgJ3sjG4X7iflYyXKnb9a9ZfofcsRpU1fABAXfm8WpYYvLbP06d0FqLdRNYNAb2BBnr4akXjVjdLa01iL3JSfBFGKRdqxjhaejviZJUxeVhdvaDAol/TQKVvr0GLGmm+PZa3ItYSo/NBXsKzrRCNS+IQmfigyhpIBBe+54GvzXQXFXOpqH5y1J8DpxowwBmBcQv1Xx0RYRIaaHQZ2hUI6gBfWdjwRCsXIKFtHPdSyc07IT9gYIOomFg8UCfiT0XqWrGIs5jclRUTWyq5eMjvIKkWkCmriIywtEKZuL2fUWs9m8ZEPib0aG+jAWiJvck8YozQK9HKYsVHHzwd28tpSCcqtIWE+7SLMKsq5h5mZxBfm09JiFK1WmT+YRs5ONwWK0zVdl+MBzTHG4RzRqMVMahonOa3G4Yq9OVsUIMWZPpDahJLVetVcH2goiKuqT6n3TZSUxXIRo0GqZo2INOPyR5oRtCtD7F+doGBISShKxWWx6S8nmV8IE121y+7AHq9sHaidGI2fjnPQPV+KW22NZNiOnllCvRp7dNShOYwS4+gHkFrXU3fUI77RmxmAmUQcWVYIeBQjckG03zDGwBbrxjjPJhe7lNgPkm0/CqZB1bc+hqhE2egYmbO5McdLTwBI9z7Fc4jkjDmtea76u8WqukcWgU6EGSy1pSu/SQUI2+oOqkcMqw0S0MJk5+qqgD5ToDaUp41Fyqau2owKMEMLmgKLIB7KQjTyszf15vWzG4CzpivuEgEGSfFsbKBWyMe2wpNue16QdC2D4Iwat9kcIJxias6Oxw6jmVHMaGqKycEwn3Lmqf3vBpPH+IwCgXE1OOY7l5sTDHoM4v2wghmWzplFmd6POuWOO1crE5yD87z0bJkwdSsVQOYabBawWIah5/cw8MiHQhfQlGEcyQ2jZKnhFNr13FFcYWoXdawMQfllR5DMQrFuUZKlcWJngqUzu/RG6dkO6tZvKL78mxKISKIoBNGIdWnXKCvJThL+FJu0/wrTncTW6vx4qggUnjP7ctFuDsJAfNti0G5ECwEaQQbHAJaCAK0xQX/OdBepqQylGHXH7EL+2BPKlfwjnI3Y24RoeI3IGDGP7IE6bptnJIqiAQCOCVOzETZ0gDAID+U48KXuoeIzUzycADsGKDxA6tU29Ys/LDxrAbzmqysziD2Ehi/omsWeSRMx5nS6fchvybp/XiKTRNh+A2vNXpDvhhWaSZMhocy988W4iUh1DMZyvNBPmIAEFTW2Yh3gZDqRCjioEyYYgrdkhOthLUhssqI0KSeVOr4IvSpzqrG9LgAAABAASURBVBCcMSHWOpsJRJwHrF1OOKINoMeKEVu5MKsMtgt3Hb1JTCH3NyVYAOM8PtivznYqCwwbdMG0RaDb1UYyL8wqymD4WEaPgVG4WmWHfcJsevj0LGycS3wBbG2YrmmbPcIgrhHVoD0ZLnQlqnk84GyctoRTR+UnsD8sWm3WwzBMDazbonTa+GH2JV1eY+Xver3Osj1eIFwslhzzp2pRoDxIObuDleI8u8wsGGmBsEvoBA4KTxevJMVXq9wZqmFbB+aal3GYTknREm45B6GXL7GfuL3uan3WRVoFq8JoJcZsU7IHLL8dQgnl6fgF5jRR8AbMEqOYCUPmHVLfdmj7TZFPXIkX39bQHDyo6kionTbTsQUk2tAjYca+Ddq3rAO5d5HYFMRMiukhS28old5AP0p/ppPBRTwxilIjY6RmvVGyg0rNkLRlWgaknC1i3TKPQ8CkRaAohEgO2xRY5G6zu/UepizsBTgRf5DVyUElGmZ+IMpyGrUBHc+4h57bz8ZRYNFozcoxIplffGeOTW47wSaZvcA4jAI91t9vlhbmgPFaBA7BblCAv9Y/VgGzcZ6HAEGmT5xKfEEgwIwsIKXfIWNGdnwwzCB/oXWhUrBxvBmeGMaFa8x98fe110kYi5HNlmCYT4gdpK13cpRYeh3V+UDN6q8IXr/IhCutAPMLKREaPiqC1GkhZ9UO6df6/rRvMPIuc4SQnJQUWOiunVYLE1Z6mWmwXIvfWuuT5UmUocu6F1D+45YNZLw0PJjCGhAstVoOsb4lorKB1bUL7IXvHU2aLLaFFGql/Buhsk3OTWJeOkznsR2hFaFb7g6tANt70hQ9/LQNPzRbDg8rIZretu6vRWAtniMwaargyjoQlR4ZAXBv1d3jdQ4gMNJy5YXlzC4bsGGl4SmncHk4zLaoUWNfkxMkhcliLzmjEEtlXb56ra3Vhjqb/aNYYGdQlEQ6nXvsiDzs5nSRnH+ToDGxG0IS9ZGMCvw0GbM3g5vV6bKY5W/N+H1G0R8V1LIl27ewyVL32KT5hGEtczelRhLj8RQ41oVgX7BJP1+wyQmrSO0tZpnGs5p9TCayfUU19Zw3i/OSSXagpJxhIBgIMSQg/7RnmTiprqIeFcof5LjsAiuLFAVEiac4hPzU3l6LwJLjpIpB2pLharWq3UfCiiaSxgIyEKLb7lfpGQTB1nKZHoxMGExLm0RS6HGxMlvE7Ijl0iaHyk6ozBV5lnPZgahGuzDg8bIN9fKZ+TbUE3fYpsAo66wbILLlwtv2wYBgmTfTZPWIV12m1TpKwnQbogeFfLAnOuQ9ykYj6AsaxWOKGTNVi0DmXSI/ITUus6+FyMyyvyexMyAGqhsGaHLvf91ODypG0nIO54PJYlxZ3qpZLBSjcGi9SjIR4zGYVnHG2p98axjFJkyGMclIr+UU0FeNly2xamaSNqBV1p1YzzZn/COGVGLjNEdEXEBAFosgruBRFPoQc4fzKH+nrA0jTUOY2xQsMwm0E2s7OaSHka5LaQ5pPKzCDqeEA2BWdsUbWIBOus5Jyey7UaDHeTHftYh5wFj+DlhQAGZZTKXdz4wY8aR6vcbZ+CtPkTlXM3airvf+YOZl45pk65winBnIjaX+GpgPY5ScJBtlBwUpNlz+atZ6kMW6u+lqOZib0mgzbbpRbQHEUCUplqnivjMM64d304aA1c3iLsN6sP4q8jnSHgrTJr0oAwFAsFh02kwUdoj0HWwEQ9Ipgs32pUFb2qRbQdUJDO7u64h6xLlQ6euZKedDi8HLUlHZshrGnMQ4aRMFi+QwSZ1bFo+5Z7C7FGcpZaYz08LWhTt0ZX2XOJOwlJJ720GU+0sCMq97Ru/GJQd/zSeqsRc0h2byhDyAhBiUBVkHPYVBv6OkMNsNNe3uGB0RZCqseOQfYRDwnf2mztzVTfLKIomZRoURz2IekdsOsojYNBIpagoWwiIj0FyAhHirBpphfhiIcm/DAqX6j39wg1H4k49Fg1T1myOCisBJk586R4xbdDIXYNmyy6uFxosZuUbE8eeWAmax3lofqI2ynfYNmwRkY04DH+8xBk+BM+xzNrCAIcvRoGV4phUIZtETRGEYhVF2Dt9suj4wV6j9rxyZTeAUKjEIBMicBRooy+NJsLHlr6QeoBU2XudYryNS2kIqZvSA6ggt1plNGNccEsxz9Aw8I+fOOFqIfYRRtHbWY1KxK33CZb+CYGuxBUEVsFpULq6xeoQ1RXrlwhAKJmwLRinYK2pNM7qZGbz3IE2dfIloypBuzWY2vp0RxMuB2kKcYUzNIhAHjFKnHfx0sWnDUqi25sj9MTCMyDLRwlE0Nq4sAqXfBe3+Bdq3i7Ft3VFf9iRHkBoD5WaCLUrxTDkMBZ0sYv/jcmbQfuiw3AGDJVLfPsOWhCBEfpD0cdeszbNjDIIgbgeSek5Mo6hpBQZNYJYwXuV4U0ALDBZB0t6HJNRqcC0Lapi8GUK9QsnP9GwqubBu3W29aLkDc+yAE4mcGGLtXOt4mUkDJ7X8sMEGG3TAX6PAjY/ADQaCgfz1qIjA7ArsHNeZTRysOAZk9lOpTc08SjZAGd+ZAKg2SzXSY7MITK3j2gsT3s7FjAgGYMCpxhjtAgF4zgLBEkeP0OkdsnzgLKbollcO2vkZRtFqvWKZSGDzNeo+kv67yum5WMTq60WLSGMpr2TK0fQ3TdtK08VCptzcvVw61UTT4JC4hpYAURitcIWFYaC2h5bBU6MbvNgB61Y26uO8M3y7KJtTxsQFmJE2XjauZlJ5ZMk74tIA/G5sCGDxISblkTP7sJcOwpQ5bS5nVduGwN4W6aZgiY1X4gpIwabfnzhqSQJcKuKeRkQFaJvQUTfaQ0qGu2GmnhDTAbmodz5kXCbtWK69wObDbHCXmgHFT8MoIpTzRGCQN2MRaO1dM0A9LcDYAbkHseZkqo5RJw8I9HzTzH9teyBTyeJf8uJIC7W60DJvTqE6FDk8l6Z9ESzixjyMQjJNIOsWenscnT27vVkdzEZhqGjPJLlnOwTewCN47ylwCsugG8wLwLgaEIVfmjn1ODO0C9TWPowHkP+bSZH2tjDb8MOSn62QLXcPttruFFDrMCZkFwg9DzOrQL1KPEq7QLYapZ+Yt4VBFJAbOfcuE2BjRc8mXKdqvmpZ8IwSfyBrogwh2eXimBxoHAT029S6JdIrnKmXk2phE8oFPizbtdLzYWnaTtX50iZaWM2WthvNuCA3bP25sKWciZGFXJonfivDKEgtCyx4ChxL04HMZX7eCcIkL5JjbxeVMS9Pm91xndBsYKbaYc09IuZQ6+KIKQwfMZBbiu/JDi/iQ4aRg8UTSLqVAsNwpCYuCkLTo3Rk3U1/Flsboe5BpzXMkRgE5n+h1vtDIxR0/iWMt2JioVQdqb1a/EHWgwKLdCgcRsmID2VPVObzdf6uDpAamiMiel9hLIoXJ0UAQWaNSuxzB1FyZqPcxxap7+HhWA7efG+640DsG1wMBLsjivHkp7l0yPvDyc9T41HFYpEYBcb9OvOE6OEGq/Yw22Nlpx5lFLrlBEMmdX5ECZiQYoa1RAg202WT5vLw2ygQfMvUma48zAOmM3dTWDZwhdzjjncNZge0qsd8lkIhP210FhFOnGat1t2OgbjoSiHPlRIjzdzOVO2NU+YAE/SXA4a1CySy3IHpKFCUBsq+4BeA9qTRDZfZ6jZVwdgZ6TKQiGOYHFoWcdR9rFvIf4qdbxZduXhSBIvFcrHk8s9/Y0mSOmuZNC/5jwxB2AixCmKvYLCTn3gHVqLlpn/8NmFM7aJa3m7mkz0A1p2WXXAfhp9AzUGR2Wk1MwBYbY5ZQxVV+yezXGUtArmPus3WdTswb6sAGgghHsoRRAcG0PzROPIWqAe1dyA5IzOAuh4Dk80wkZppSDHvwnJVmrXinj1Lhw5AGM9zIi3KGPWX344RrzDQQBszSovA5i8YThaPQE9HavfJbOBHVM1LwWqdGizn5XwqK+qcAj9R5F3dzFo6ZxHezI+HQXKa7tjK9PTqoNEYofDNSSOerSyXiao50YcTPWzGt2xs0sU7eGwU6FEfvxluTB66WQw9vzdwD5iRtgn8OUnMetEvbCrmAmcWgcOnabJnPIzXEOJ/iGIlWsKayscyE+sC89OKDBwZ6R6cVBWxfims40zE2dPMZaIw4KaKt4rsY4oyDZmeyn0cHXH03Ig/9VrHfqSROi33fpgf1Kbd8jWKFGY+CTGzP6WI16tc0yi3XhsNZAzkFsDVYnkD7ZXlIFk+T5rEoO41pCaNQGJpm35407bkzkVLdBnXAIHG7wkBtQPQmMn4uWadwk6gjbrXMCQTRM0sSBHifMyusrgsJIYG1F2EsFrUNwwVksY6bGVg+Rdrv1kA5q/+9hhal8gToxBFJEmUkq0SABi3Wz+guqCMAvMBmpZRXfkXu0P1PGZgDKrD8VsEZre8TmjrwmG9JLcemodA2XaXJZkiKLfwHb7ODSAA2hmY2iFlDCJ95VCw1viPzPhTd2SVHi4728NWbcGnoUmmvvN/qERBe8KfRXlUcdZFEWcnAOYl54YG8T4sgiAxCkzb7GSTvN5URWChy8cSFSziZFgEi8iadTd7RpCmtjFVxgbi8NIocHgdzwazgrnezr+llpks/tSRb1aeVxPi3vcQSwjiBJDn8AbG4FVqpucMcUrytLI9cY64RiijzBohp9/jibagpLmnQGIIOFwSSWYQmPL8iWOtDCB8Ymw1k3YWU+scM4tAKPwRYf2JfWBbnEH4RnHTh6s0HUBcd5y91Ukb2bfr3KtVCXsJkO40DWDBekYX/+oy0b8kZSOMcr1jtaSdf6Xm41h7qW0oJ2hQ3wGv2hYQFqYu9mgbSDFgqo5XU5dMPGkIYSixmWa5Gz2TUahYBLqCQh0xopUepUWg1ANJ0L0TEt+roJ79DJRf1G+Whz0qBHTutKo/BcYVSeeVYcjZ2JE+Jz1A/i1qm0Vx0THQSkd2cVeF9WP1siGM12Zt0MNJQwDUcZOlH/FBahzy79cbAY/aA2eiMI9TNc1dlJ7xWHcRDNKNUMmSezTxsRhzpJ7aTYHNguZvqiL6K5vatKobSFi1XA1jWd8aOIvdTXKxKM9zs4H0uRbbASK6K1eeQD6PW2u0HQoZ1noIMGh0v0G663vXpItFItbFlofSRHpGgQ3KA0CV99ZyaxEkp6KHi9BKl8MimSj51+v5NSxewCOjQC8HOZNq+jc1rAUD+ctRynmE2Y1fGOORicPh+bIeuZCZCVKLsX4zmumkR2kuNoseC+MJB6YHLBmw5RgcMqXQdKM1DkMHKP8YyO1xRLmG3ASMGDk6eoyIZ7wEQm+cg+JAY1hMkZjBgUw65K9pc29e2hhA5bJ2LHYh9b94JV0oouJYO1as9UJxZb4gJQTjrEl6JoFy0UxQVAnTjgtQ4x/AHnOVBlEgPAvYGU6J2ph220tnMfZZB2/QDYvWCUZJGyOmSghwdBOJAAAQAElEQVR7b5iDHdK1NhSbDwjvaQbByoSc1/PWnnW7uILiTayNWrD9bmNMAS1anfKJDjO43Rw2fkD5u9Yy1QxCCkOEvL3KF6/ybgwqiq1sAZpjdrtLeM2SI1XIUzmixPVxuqyGIu+oyGATpvuIovyrEDU69PUAWCQvNAe2g2NYUexyL5oa13yZyCeAA2f/QKwTq0Bk3DVF3VeMc8lfS2ZEwSLuV8ood3/lsEdcuTL5mTm/4R0l0v0ec1GnLJJjPKCcGvRFm72LhxdMIBWhmBKIIj2LRdLWnjMmkM9jbL0IjBD5FbYmeW1VZ9UOCbVI0CUY6dTJ5gJE+ZJrhKirdu7haRkaE5hkcTIpQ0lBIibRpQOK9N0ETqaFdQ7PPAVudPUb2ILlsuVt0YXZWgXODC6G5l4ka37s6Dz6faj955rRTKm8sw+WnXqN7qu+WWJ4mAoot+BGqrAmHQW2hXENiQxKIw6GrOJwXHUji3WiW5GLvfvyTysjTCKMEUXUqbJom2MfhuJbcR2+N7dzQMZ6vRZIVUo5tsQAgrSAaKlgTCVmrATdWiyDIGhSbv9p2CwUT2jdDy9YeZ0XA6hZqUI54IO6pVf9bxvIVEMCGV2bycE8p3aCoBpVFAq3AQdjSSHDchogN7qyhdwfrZDKcWu/2GrE6u1/7SpzlUua3vTS6XHjtWoRB+orU/39MWLcBffHENkvE8LwoIfst6rWqT0EQuYb6hisONZPijQy5XENEBlwCEPVAEqH9YCNUQ/reOk6u/BJp+dWECTUMRH+5pRl3rMYixX9WAkktvxOeZyeSETOU/QMbgSeVC2wUKn9nfMWCo5ZtGMl5uPQa5FitVpHUd0JN3PCwrD2o084g/qjrmfU7iDqDrQYknqAVNW8G60kCiQqPRIkiSgfbsiiFQTpOkWixV1FkQGjQIVngyOOdVzm16tVrJMmJtGbIvNqRf2BF0aBrVGyD9ho2ycMM5nLHAhsMCzijjtbc88WeafgfKsPpm1rRlGax1fl1CROHCmvQkxMBJKSPIuWBkh5uGZ5Z9qAwhBynPNrJRuL3MyVmF4LQM+LS9w54TqdYRob+Poe5RJxrFMzKfEXfIiZYZu5VB+e7q/lWkbKcJRPIuiiJRbQHCj9FzZuu0Z9uyrRhsoqcpGbKGI8YR+JeUQURljTBzHtAlMAITVbvyYxxs2aWSDjEZSelNJuQrKDZBRoZD5ppi5AsFgEYmnOjGdXYNFIIOlYU8lsJYPMSzjOW48mUFc2KkYOXCUMdvxSIjEwlEYFIPajLwhUlgTQCIaEcQPba1BMIKMViTDMDk+qBSTi6LVtQ7YY+bNCcKT7Z35PUl1WnvU5rWg+6mj3+ULrP9h7U6urMgfLtUa4LyNmZnqDNQJAzHSzWdmdjUVgByCIxy+k1raAr7IaRr2h8CPKw0mBcuNiC+yHQ9M8zpQw/tpYQgD5uTdjUneaEJU5bJkogiSbs6EUSgySx6HI5AHHHgFVGCzVQP+tfjQnOrVAwKTARxQli8REHsA8lK02YSkDYvth2tiXzr9r7R8A8BSwlAmgmJDFRaq4G2mD44PY+Qav1G8dqouEWo/dozYcQSwacbNy2o/1XHpaw/DGU6Cx9dENNmCg17Jej/QG/gCjcE3yA3XnomIS0PdPCgD5x4ZWwauUxHj6khw3CdTq+MQBhZ1rZQwwfQAIzfxaS36+QEUbAkDASlwGVM30s07qc5gqRrMlTzMbppWWqJ0jMwrMzyTtOw+9eIeO07DRNFmuQMiWX4zjqFWRpQl4c0F9ELvAku1AAuRNIs/iwLVI8XptJGXFa0FCKk90F1U63oV66sbt0zJYNhTAKEa1IWbbnAYZ9iysW7WzJUnDRjBIWtHUujgqtSfQR5TMZ0LUmBPplMvpJtmQFjZtdErjUNT+YUljFb+MTdfiVGuAD32PEFqhqsCUIQ20jQKrW+1wtPBAN60NZO1HFMF6tWo3ckQBvJ6tuI8cU79SOuw4gg8J1kaKgq4dlCKCnY90u6nxQDqWyskybHoi81KPmiAhfX5DJV0P33gAs1gEyel2WPO7A8NbaVnngM0brEt3GLixGvzk4AFhJ+YepyUkp3DG447ItOshGygGTGZ0dOMt4e2BY094IMEi+Uo8LidzVOIMStZTRlhmVXlWzZiRBGzvVyrvUI+oBZJqdsO8SW0ypt+lsdrFUPs41O7pKr+2my0jDspbXrDn2UEnsFir55uoG/iJgY0CXS9xCMFLoTbwBsD94TNgeGXLBvYARMkscNRt3ZyKdLpBCWEeU87MSATYW8MmiWxuO3KzTzmblSjEXbJKdrLl0Ta+D8lfu0BSaDsgW7g0KSmOos6IWgRyMZR1oCm+mTJLhAi2X5TmpAgXiQwNowYG9zKgE9TsAtuwK0ZRJHhcBhBJEt2VWqX0Unpfy8M9ingURitc0SUTRV7LAe0gYqfYSnSESNITTRIk2u1JHeIjEJXFYkGfat1AXI8Wy2W6lSZANLD4aChxfcmjRRAnT7pqx09Dl8gPbI28WSauapOYYRmKBOp8hKQ1/K85kmhcQoeFcrM/7RIOeAwLtLwEdpNUKOEizbpUdohAgw7ybgFh+locBi5sm3qRtjCLZEFRq2p7YxHoLUUfWCnypUwkvak8M4GsrY8doJWRvRC9waIOpfU4QfAkH9xibtU8K+V90Z5YquCs8hmzA0A8RMvuriFn6yep7XSq7U7M12XiKWQAQTw7CMP1eq1zuGo6+0Fa1vIOUo4/gJKtDWBOerAWl4qHskFypnDxplRvxkp+Y5M/bNhMl02a62EYo8Cmht/LblQSgp5+DDEj8ghSvwIRST32zw6Zx/LEQU3VZGg0HpbyGRt/9VFbU0Prq2peYUaRBYb/AJGXxorcJ30Cdpyn0KXUMa+qa8UisFy58REy2gT0NRZ1xUF30MqjK9ixZxjWLjADT4D8EAI7NVoiFwYBFMdlEwMYKpe1+WZpIF0G+vlaSA6biVy4dPYIg7avkDtQBTLBvbnqKWtb2d6yx0m03Y0wUPvTDesFKD/WozjhhEwGYpYB6Wx+0fF0scic0SauzrhshOWRfKJB1AlSi8pgsUBvSg5G4ItFYGGgK+wcQdYAhvNalwMp+rq7gmDvjaj9uKl56o8R6m9QszqltWVngfxbyA3hHF5YBKYax+QUwcSAvbglmemDJ2ZNADMlFsVrj9ZC+3CQ5W5EKa8P18xrS0a2maPEXZdIx6+DyDFw3MutZzPzLkZhNs6ncrtPJJ2lbq7FQBe+aI8a1m11AH1Ra/l7yWpVE1rPSh3NQ53Hm9suUNqNunM+aFFMvreWW4tlsF6tY02J9h5vGvU5UmtoIHS6DHceM6Uq5tKM3tslpw1GByd1cNOXqsKD44P9MnZQbPiCINuY7m+7CflhQ5i4658flst4iWARJ0IUiKqe5ZMJux9ib7CeED2jJUZYSDRymTVksouln4XAw7HAllbYS1RWgbz2dDpDunAdJut8mO0CmoVeAeZ0HHYxIYX51GEoIPyG1waO4nPIzD7MmgvMwc3jugRQMQmT5u7pvlWQOja5Jx5D5bIGX8hPSDfG13oaNHLLLBsRalYF4HMD3gNiRRhgaWF7gJ3kfEN3tYfuZ14MBQwu54PiM7lADuA8Y8IwjPhj/3RikChk1uu1lKMzBvrn62oYsixniqA4Ddeh1OHg1oAYDTCT613AU3rbzmuGebGfiDaxaV5B075QjhbvOfb1aKIJWNcOmEj2XrO/weq0W8Yo+RhrtwWycPB+XkQFq0G9n44Op3FYBGZG1/M6lA7LrxyZs4II0a5l2KBjDQMhzGP4YhckeR/E4zDTue9ljaq6TkjVOeipnE0YEBJIZhsPyYmls2nuMM9q2e18SjNaz/Qc1Pm2pG5iFyPI7lNWeYTUffPRGqAIo8wRH1EE1sbASLKznAuNO3bIzkURIIqWq/UqmWLP0qhgPoiLkEPblvmUJR9juqnJM4dro8Bqkd/ZBilRaLZ54q8PM34p/JLMFpCvwoJoyRNKLGS8wVO3piNk7ApWWO01WFP+k7HJLL3s0WCVbrfQx3qXZoxUyRTQySanlkBiBpm4HwDmW5LD7NH1ldOs7GkViZezCqsKnGg8GwBSxnfigNwEkswM1Ea9aeQxCjVBWdtvPcY4dHvYFABoo7DBpXMP2U5fKImGSkcVvlCOfIwui4GjNDDGBkhjWO5agH4+JaAjkNHUmF1zUII3eWqHGSCJDFbUzrli/zM6QD69UW9GzKSk41FLYkPWcuVYonBFG6/DhTIrFnPRiIYQAmSJo+SfD2t/GD98gZpQAhoGHSLDAht/JZAP1RXXiEC8TTMNJxaBpf831znvt0VgdhOJsJyDV5wufSoYLUySj3TI2oYK69qgZR4GtY0Vg+wAI4IhsQeUfuCANx3E/KZQlTbKNZKMj8dgxCw0enfrKGWbm8Irswns20XhPdgLad4BKOs6Ui9pLLM71lA2nTPKR5Q1MAbWZWERyPbiV38dDC8KYPdQjKlIYNwKgyAWLNmbF9nsvEzCTBriCKqAPCYYpUHh51aIPoy7FGzKsAkM5CkQppZ/yW6fFXptyZAcnRsk+7GjUY9LpVDlR7IzfgHrlaoS3CQMFX2BeTRkI8AoPSSo/6SgAepkXGUWy+ViwfJ5wxQIGcZ92A5EMr+YJIJKj12ni9QUBxlsctqVpH63WYWBQfGTTB2ZIzmcXFfCBBRGRJONK3B/mIafCimoDEIk8nkw8wgx9Cd1cVImoPWi7ZFdYNp21Q1fbUknZNPkGIpnB4vaBdZZOYJ8OoO+wq+5wFTddmQX2IAS18o8VDYlmIFtxhy77QLbUBTGnBoYO5mMBZhr7pMBbkTfJKOFAenLzl/XrnjcKWkOM5hIGEG/dZQnMG1e46lFoAwvwbDgzOATmxd9rAR6RuRcK8PPAx6HkElswVjwTckAtoHKD+XZMJWW2lQHgxp3rL6rL5cYPNHsm9kMaREoCDSsxp3vOE60Dx0CNdlse8b0D4m9mKMOxgcUnRzKzC5BgCYjOG1Ol2sWG7eyP0FJv7xVUckvId2li6vVumHrJhIHzBdaCV3a6YJe8wfYjBBbJSqycDscRmQgZ0BOzDOYDI1BJJhvtzpnAL0yaQBOStGmqGrAqVEg1P74AIOi5P2Ft4gHRMlySnJqzEyMAmvzzCCONiyiSC767ixVrCEdkmOh1vSugGbGislpsJznjcDN+2xdUmYFCCQfT7ct/IpgyJbJXjIltooQ9IWi4oncR9Vlcjp08wTS7LDo5itjgPAM0r5CzR/UJ5PTRtxEh2GI2a47K3URfUtMKspjLtEK6QoOTtH1B0iPgnPFFbYfTh2tXbKiGEcSCUqpcYBwL99hbCPVsycbuZho7A2ZKoqTJ7KWgl0vZNOTZGBqvVHspu5LNcN0Hxumzt5aSSKVQN41HLpWAIhhuE6J1Iwlh5DFQzR6l5kMMNSAUreJF6npQIQelxquPmewxAAAEABJREFUxNDjiL03JJ/nYdT6J+z6qWiwqEBCGAIlgPWKAwxRBVVNv1AkkM9A5qU0quN6muVq1N2TjvADWgQ6B3J+ICk09M7SwKfETjoTnHKzyUGW54bKvuftJzZ+jETlZ1RGsxH2LPkai/uQb3wmSJnisV6o3wOpA+XLRUBAakdstmxQNqapdhmKR9WbkN9Ij9YA6hYKjftbkicLe4URAHeUi10DXul4uwLy7npo2fv/s/cuipai1tooQ+eqqk6ys9//Ic+fZCfp7qo5dRy5qKiA3EXh6641FbnfGXwMSuZglAubCXp9A7QEl1jdtgamj3iWrGk9QBiyawqsZ/+34UrE2wGqhYpzFXD4fHScQO+JCMzrAhwHF0+S9019TxUj7sLcCosO8kJ5TYGbXyFbpCuSDthfTrIkNAcWf2GRupXf9Tq1Nkkz4vMB1fACcRzf7zGmviRVIEVlZliShfSDlIB9vsppUcQQFr5rjpZ8EpkswDV8UClkSRivJajrqwosmr88KrtD9K9K8i5V6prPfuL2cppw8/V25wk/IrGG9fSJdw5B64DdxjImHfnsUND4+Pl8+OSWBKGsET8cIwPbjGhrVDWk7q/BEUXnWfLI4bJmPrGVGRYh7s6ZuLm33pf0Ec2gx5cQoN8Mc91sJl7AlIvW64An73pXSpeF9C8226FOtk2YRupJAEjPOQxjDP/IpdkYGrRgFeQWS15Z8XTH0PPyK/IE5EZxqXGKxjUkPp7H0ng6YvH5EOWIoHpf/xAh2WOXY5O+G3E2ITJpcOtmwST/8MqmdUcMNnNTDd14s5miXD67xaHvu2lk/1D9gmaHt1uqGybtSJ5SpRtOgHlqbj2VqTWbhkKRgxQIJY6ETYz+YEQo3GfUj2naRncZ6REWLiy+eqtRjYSq+TwO/STFtI03bXEejOcVjSKmu8xR0fuotvNhEjjSS8x3J62iHj8FuvDppGCJcttBKfNF9SEpNJmYI7P8qQDw7OTu08XvHABB+kzVfLGkDM2T5CxwylcgdXIaVk2BO+SolUXUfG9aoBfT79oka6lyiRmxx+EV8mbDMWH74OmMiGl05se1k9EDyGlMIocArg64KW0QwK9Uvng3xSb0HF2VFFpgcN75WeIIxRMDrLbcer6QGkJNBHk2vNOn7XMvyrECgtUea8kGX6aE0d1sDP7+2wMWcUZ0LqDVhAkdLKPhzQ2RRVkFdFroYKq0uRMH3aYfThnRSGK5Z4xpFUxedm1g84lO4DKs/wrM544dZ5/bQozooee37JhHRgxfWeCpwaXQbGmULvSLm4lIhIBD8zUKVurd3pT/wsHy3i4yvfxn0Tls7cxzLNGNUbV9kycjMl0fXEsFE2ZIUzG1CA+AZKy+GHFpCLNA19K3h4zcsfrtBIg3p996dH2SLwidDVQ1qWBRoOrEx0DaBVVDLGTUFAit5BpuhSdwFXAcPoJsUlcLZIyL8pI7DsP0P4mDtYJ+6K1z880kyfaS+777+lrVHCpUGG6lnVsL8qfFPszP7qINLZnI0G5vW/8fzJ3SlSIDpuUxY2m9PEuyX3oFSYCUAHW+KmPIa3b+rlotlsoI0BK0MvECt5HJCiELD6XAumXUtUlWY7lCOLz+27X/y3u8fQToqZWBUIVnohN4yhzVM6eRd4mkQQLf74DLWJLFzRNWcP7o9RTShnsBpb/l9LllEBGRXKLDSgo+Jqaea4wbSpQI7j2BRavLfQVVT2MErghjSsbxJwrsIpB0Ayt0mnthHkYOGjHzrOWyrFOPJXyzPVGkriTi2oXY0WUf1VwwjqQyCLnHw4kWusRhZYsVdkdt3CSD/Ai7DyDp7COrlj7QWeDAcdqbQo/uYreK4H1dN478oCdae2ne42gykfJwi2YcjxG4/LkMz5n7NTRERquhMZCcFAibn4aGRIhWw1pVfQ6eWZb6VKVUtkPY/r1uNY+7deH6Yfud6E+vOkUblqXtZgeB3s7S91s/53/buKL6dXeEW2Y4kssnHffdLPFDFh4kltNNzNTtR5SzXb4CGMhxeXBBBZi6nM/wgRHYkWkVDTQ3ZTFrJozj+P686dlp3e0e9vBn+vm7DAZNNK0AjBQZwANWen2qok6V8KvVB4rRHHLyMAwhRcoOc1rA9GlWIYkuzvLDvrTuPhePWC8jZ0VbsWoBxc6lskQKI9kJRUklgNoXCXnWHcm8gdNkBoV+mGOg5pl42LKBU6Pe8qXV1Jw4CFWAVEwzMWeXh2866VBu+DMCY07QSQiBv8jRzAnr2jZzWq7IOgseQZI1z5XVxC3s0Aax9cjpwxXY9a2BcUPD29Uwpw9LPcUUFCvY/RJx6rmDjgs6YXdNxMYunT2MOInHLDiy6l2KecmDix2Jjsh+QR9pEvVeKeaxg2TLOHPyi1UJK2M55rdbqZuyHbEsam+OyBSW5AiwT07yhD8sZ3UoMZmVZH2DDRKSAlcFGLVxGRpuCNC+NNwSD9WdAXYWkqScniSzO9OZowEBHMlEHcVBFRmFkFCwZbKk5J1r9Rfq7ck6VjF7KK+wZV+dc3fZ5Cduvhz5G0+4X9YKgiEHOVcjF/f7EEEfZClpoUCDvkCyysTg8rjmzzQc6ZFcrh9Nw9MSFnPyAg+hJwoJyeczTOU+ddZ1Lg2mgWgYBiosnnIgvucU1qWIQl/BxcTc+qDNcxSK8bTb03dcn4RGG0iMu7YeCHYtU5Ow6FB3nTnZKMea6w16fSoJ7ivIQMCsmVS/2xthwXbuXh8ImmyjpQMPwLzAf1CTCk8IzpmP5EqxhUuwqaLIxUpsNPKRS15bqeKFvlllJpRVqoLMj/M6n2Q2j9oXk8UEYSd0c+5Faf0wKkwwJJolDzSLFP2A0rXgewr6lXRAQlaJLlDNmCAu4lw/czuSo8Eif0xTV/0JYzxxGgvSXofLKU9zunlbOfMsTd3y9rWQ/jVdSIV2QSmjVXKve188JVdb7VCj5cttkP76YGj1oSEpIswDGyPwoXhMWZ4npLY7xEAlXhg+g+mYHap+NE/EaOYE6Lr+1cNB2rCLjsRblDiL4geHYWQkuY7AOAuXybMHV8h9Bzhe3WNAvFZ8eVqIiAWHmh0om5YwUzRFNz446xU5rQO10cgbqW1MEgYJM2KevtSzK9O5DAEtfzjuWEcIXS2QN9hFlcV82QBzXc9U/YwwVMioUdIWEgiiF+p6TgOKnfS6NnOwMLkjYg5z0nGTU2/byvaIG86fo0X5dtwUawTPKHD36+1BLGAEG8FA6Lu+e41I1dkQm+OBFpu4UlbzBS32r9fwecfor4Tfijlm1Nyi+/0dXeBPGeNy6XRhrSnaPHwjTxGFSvIjDhcwOOboaB5iMwUir86QzKqzaI174r2xqHy0sR4t3CvgHjweFny5Qs4OPD4hiUehLCsHcPmzQ9dPoyRMIvp8Gre2zLztl+WSEjg6IUzkbj9wyTNG4R3XPsBSOnYjHQQlDX670FZ/TnOm+No+zRHZJRh0NkQiQq14sIhVLZv2pa/U5U0Yy95wvMHA4IJrkoONxWOJlkdqtHy5E5KQAtfzX60vaUiLqIzAB2+a1NgS6brk5jw51xrJKBbkGmRvPfNyfkOnGXEgBQJU72Ljn+v+EzsXQjeeqLYidcCW1+wj/TCnefHUqcgpD+eongqNT/sXVYiR653QSJEbeO0wMN8gHAW52WQm8LjsI0LlKJzFW1hHnaMawIYTZhGNC+hSafMh+f3gQRzBTMRQUChASxW6tb+oJRqlO4sN+fIhABmiBIvaIRGgrbvFwRNXMlfObYuGdWHXm3ulq+9yjF0Cnso960bCWF+aIQGBJ4331Af3fY+fA/PNM9Rl9S4tOuWF77lDyygkXl3wewGhQ2IvfSimxUWOyKFcLtvKjGwxUhzsmVCP4gLuHvkcd0yVxIuzziH4WLN1g7Du1Pp1CIoGOn+4AorISDeCuEb1xoxAwucP9HYIHKioW6WLQ98W0LezALWhlhE471/7N0vc/U4Yd5w2jZTd2uurYBc+vQFjHEbHsR/M316vL1Tu7hQk7bhNxxsOdskWFpKgnJPMx5Sge0qek/SLUGIG3r5QW62MipSaAp+4MdFQEuLVsBrqKtTVe94/uc6VcsMYezzgNs0Wx/H90RSK5daGEB0yMl/Y+SyqtfCr33qOa8CrSEc+1jg/LtoMYbEnM89M8iAtUFeOAHBJAcspygpIleLLUrTHoayHgav2XO6JVpMHr4A/ocweM/sHnaOBOXmBqggEA0R9zzhguWWaMlYxMx2I/pLYZHQ81EfGyiKmue0biKYqWMc3H8zVNU7EfAYClHmBtuGQcrEhQW91Sp2iKulDE7WYUPpyKHf8UPpLDs8lIwoRLRaSBY8OploknlW5UFCOzD9T3bPULnM4RGR0hTkPHaGFSSGIQpbGs6/ZlP27h4MeX7y8my2cKZK8vKrEjgAqHyWDuww+lnBWF2V3L+aZH9chMGxM1dTKwxLlDqDr+3GcZF9Oyb8pI1BQ72BZ1UqCzu0BuOP7ioEMPrxAlAXYe2MFNifto2auLw9Q5cM1SCdW0Is7NmGOMVnkDnG0sXqmjPpei3SrfC7kkKY53+MG5KQJvGi4pSLpfsPDpoA6NEZgww0QnxQ46zYqp7o1ifkjEVVH4PNRUIPMBLh18fpF/ppSvjCjb1KtMcKZaAQSg0GDlKOooaHIIp1ljYvSP2ZnZy65cQE9TDgrLNxVIBZy309ys0lwNp8N3K+5leIncv9ejl28QBIBrx/0lrSJA7lMPWYH4h7dugBB6q+uETrFq0L8vHzm+piKa+cHEIoCrbr1tI3X2nckaLToEUfODyW2GSGiUej8PQplDYjfYO/cl1gqRCgjqx0qSPhQ0uQGt4fYgsyweZFjTz9RIgqmoVwYtXWhk3IyfmJkG3ReVgUuO+0p8mYc8Ovr9XN4s1YLxkjIb0T3NgMUlwhHxh002YZTE2zB53TZyJgxO9F0Dcq4qVxwVxzgk9HTuJXjugxcpGbWLoBTozCgG0Xti4O7IIQKI9GPMXwPuZ8+SquOuosZgSoGHmy/qodg1d2wuorMTZlWMT6kI+4bzEIFRPmE+o6ilwjayUOUMJkGYcD1JP8N5ghKuPRsRBQ3iQRWbb5er/FT6HXzmJosVmitKY4VGLv57gJCAldtOV46UUKS72jPTdGy50K0zI+HlJoCGxrKR9v6eSRqLdaLlKtdAHHusDJib7iMHYdpZa1fWucSLXZ9N+39KDydlRG++q++73BWfTmbLz9MgkTmP6tAKuKaTfYnRz3LcmPyUd52EXCNglCZthZd7py3QJJ8A87Kcaiz+pzBnLxAoo2GAwBK6MHd8i1W2lcPILTLjZaB1nQ2YzS86qFqc+IUeOplqTjJI/DZNEoUFwdLSZE9+OuT3FADEtJULvM2RgQui1qWgC+mNfiFteihnXfuTQMUap5PQhhG7LRTIgvSJBp9z0AuQFJAszoiYpTQ5jMwbViEsjyHNBni7jY4bYoAABAASURBVGeSrtZl+o7KBX7BnXBCT2MxdAtoa15J6WkL6YZJFpcxBZcyC1QeYKpWXBRQa4z+fZLvGA7yC/sLsL4IShdsLEgmAlOnjjg6xGYW3I70TDpKOv/OxktYbGVFrAC7jh5/H1iib1l3GRzj7UEgspBBIH7GgZQKTH3kpDCUndpUkbuokAsYt6uq3A0NtSIaKXCduUE53UeT6T8M0Qq0yppRUMts0MO/bmY4C68IlFyLnIfRLwYAicEaK0Ij2yQV+nw0K3wmJpokKUB3FOgdG0RejG2PkgYWPdNX2KtjIB86U4cpkRIlh2EAJ4VI94bYPlo0xt0i1fHIIiBuj42WbFQEUSyE8LmEGBpyH05dBiQABCcwrAKg1vcE0CcYlY8K62r3Fjdpu6FwyqBFOrPF0SrPPSIcLwHXFFfqwShGqgAUW3YNNohZvHVtCGlgnQcXZJZrkDFWSZGXBq6+hIWo5CFs9MQvP9qAtEtz9UBPTcdx+Pb969dP7hQNkQL3VpdAQjKvYbb5UhC2S9co3ll+Vh/yyhINJ7t5yww9+bK3gG1q0Ml2oYhVuT08QMVTXkQId86/kLZcWhVyjg/o3mSi3ubQ3PZ2BcG1o2Q7YhdBMWItp6oXwp4UA8T98b9dwnCn984u3Sj4YjF77wCg8wcPzCf8gvy8T08pJHouivNO7w7mTaF/9T9//UnCEXetLJKL9MoPozLIm5ShfTT3uySXoC28k6JnpGZKeB1TKOmsp/CqraYpE97afgLE1hTYeEcNd0E12yjVcEw2qG+XLHeKS8jhlHetlocH6YHEcRiMx/4AOnzhZ7I1WXMVJFmj63pJYaG8YbRRTcgPeS4Xis2fYCNP84zgpkiFssCoVDEN0BCN/NDfI1tWPBniRAnIVtgbGo3V142V5BnmnxuP6M0sSsEAWA/jx27tqcreMZ64l/oq4xXUEDyAxde+GzaOfabGy2Ra5543o4+QP+Uwq2+GkClbgwJPYgQ67nWnhG8MNu4SryViej98hv63H4QtgM42/HzCTXmEsBxdQLHqLwbbQCtbMWLi587d3zB2RywmWUAUSCK48KhnEQrxxfVkhMAY4KpKw88nNwJmJMTNdpZ0+4y8wXRtPySZ+EEou2I/gggIq5k8t5+fYetqAhWlOupQk0WdW/O0UscblGFkYD37b3NldU2ycv0qzWHY99er/7zfpFRUpiiQoqgU54hLfZ1XP+H1er/fhd7bfQ/UV28E0ie82qxNhjikwCKnPLXMw+pApF0PeODO0jnqZAUSeae58MTHqZWL7qXnL0+QfIYBRnbuv5K6DcstDlUkeBiGEfmdCyCkhwn67nEY3vJx2EO+bpf6SMzKK5xAr1fqu24Nt2MvzJCdzZqpkNuHOR6z2fwwf/FEmvy1A6dCwjH/FTG6Mp4a+Edpvjk4YotGBS9QFXAyOOQGlFeWexiKBTycKXSppezKbaORGKhgi62A/RPujBPBnPHXVkyhO5XN5WwqSDHNKN7oeHwDSY/F0co9EbH133xO2PYiM2OfJ2FZdAeqX2T/I8y6QxASKBwWDpYB4bz4wLC+faVFwLKcYRjHAck4LY2G4aOOguyRj6zDW10gWnzBsHLxg31RunsbYGMu47wZYhdaKo6hhQ9PG4o80xPSUq7LQtz8BPvm4s/19SZaDEAIu0C+R9Yx2PTZse4WSbfp4sZgy+CbY4bjyK830Xq9DqKyFjlWHWAV7jGJGOwjpXgc8R6DzqyA8HKg84eAoOazAteNOWGwDB+W7TZ0GPQ1B9r2zl+vF9UisNcjANqXvBUNeUI0pRxUgPlK3zYkernS60WvcBrLpIqlyjK8RuYUNTmlzD4fNAu+Z1IeVAANMRFKClz3tKCoWvaE7YKGJGhVoxIIbVvVQCzJsq4hrstfxGGgEoZu3Skmj8d8zWoNwGlzaFzKN9kybwrm472yDSqLqSyZavZus6eEyKmB03p7UVLItr5Yd7a7oACYkG2RtHlkEoCUisW9Jl2xxR1yPFwsn8XzAsj54BIr3mmLoSoiL3ATQHYcE6KT/CF67uzeFNsxExnla2rbdJuaZBzCLhi6jTvqQPeGGD16agyjxm7eGF86u+FwUABXQGwjQ5OimjoLO6C8rXhX+OwwmjDnCWxDaFiBhrcGB0TIOh3nrYByQbXhebxgO1HHU5+X97dYkc19PVqGYg8PXiCefUY6j7+guCIG6eAVWlnBADZEIT1STCLUpZKqNKH6DtxetNzL2TGRF2lCvuPowjmIUMTP9qn/nURf08Pg7/fc86/tSmGD+GSycMzZfqv3sDzvGIFkt1Qbz9QwIFmvV0XFRyK3K9x9KQc+8aHCyqoWcLjSPH3dXwpnRqAzwBwmb4Zfr9fn/bFy7RlomE3pDP/+C3kaph2Kr/71xvdAKZqXpe+K/M6vC/yRjMCGhjC0mpwMka4PLms/4mG7Iw2tQBsazpH/FrGL96Khrj1iuKKIrwUXxKFSfnZ9VgRVfxzx8xkA9td+zKRALmYQadZd9hE0OQbo+1ffSzm8DW7bsjb3Ke+/bp27R0RzBaLSv81Gf4HtwbaabrZMU+3/aiJzkrE5ojEMAwp9mPfsxU9jrGNCLk84fj5vsc+QOwt0gV1yFBY/wwdG4A0a9vLVVYGgKXLxI25THgmza1ZBYVktXGtP+TMJ1DwTl73omiZMTVJWHcKLHJ2MU6LI6nuVDh7Fcwz/IjjjyxJ7T/HwQIxxgvd7+P792+///ePEIrftOXHS8QIDMjxTTcHdb5Anca2qHSeawLi5u46YSD2hBwDZun6a81/R0cUOEZWPD0WaxLLlDFrZCwgiGAmLV5yJO7W3PQkt6eZbL0+RPq9K/UQoTHGfMwl11tcndWB48Ju/4E4mZXEpMs7/7wz11otAhJZw3S2r6PwhWojuIZRR4n6MQPu4q4S+B/k2P+CF+P78ImUjftUudXBFFxFMwkhYGGUJtwpUmW4MTnet1aXehN8bQaRAmNe7ZZR+o449DxHKtFULhto0bGyXKUUjbjQv0AB0aT7PWpaqgCNP4BGgBaz8cHXNmyOxwDU2VE3hIWniVPI4Dhk67PXss8hjQRDkG2a7MYO/qgcSDxUIQI+L89+u6+nffhy3vm93lAy+r5EvD/pqikTcvwBhh4mjRIbk5InRaEzlPAwj54NuC/opMKeIbibgMOKiNaEM4BVTCHqL1FQRug6IMUpo9MUZYGlmDjVB85i2sYQa2CZZ2cA9Q4qYJcQCKk3AZKF6PDhL/CkFez0112dS9hiYaGlEeSwmXYBJvE4T3l4hykmPjPKM3ryLt/j0eb//+ts3bmYhtvIeJIH5jurYuMPl0jxnr49PeRAWnv3GsUs4aSkWUXJ47wm/FoBuMA7ZFnppvfQOYJE5nPlQwMC9OysZ339LppJb+DFiq/UD9MagtreXDeHmjK9FrQKDCWzDATjYinhdkFQddj2yWweNZNYsZnZRQAvYI3A8QKKT5l6F9LHh17k4uSDXwlWOe3DPU2zjDZhDXvi/3398++//928SjtjCACa/5GLzfeQDZ5Ol47oY7pYgGSLSgVzK5ZeNCo3bFh0YwcYlyDDqkQxodTIBImkKvB7Pkfs3xAe0ClIlIEBinAmtXgZhuVmV1AAQh2PrmQuBuN9Wk2hLGWIm7GLjH49M+iBxo6rQKNfciW5B+8kaXdd/ffWEFfHX64svuodhXFbdy79Vero5tk3mTTg0ipZK6GDV1ZQefn2PAJmpvu5tBhPxAlnA0M06W/A8Jk+ClKsAoqar7OXPEF09TBwT0KvvOWkavhGLU7Htm61VYEi75Q/rDpMO9p5ECnI/ZOhX2zS+TFw7Uy54cy8aFcrgb5nYbeKrbHArSc7kJCfruH7WQsnHUxE5dEbedIdxHD/D2L/64TPMBE1wjekZlvknCS/qNJX+nDTi41ssexH88grKztHlLECNLTzvfZJGIJL3IYzADnraYMcx0zk4byTXacZP/Si/EH9PSTjUfkir1eVFiC6WTyuLh8iPGwzj4NhAd8RtnBdua78PDh6Ew3b8O/Gg7Op/QLz2erH25TPTuCG6nhUoeNGwg+HKYJsSPki5VbNNZue3Hz8+vz6s3ygOXde9vl7TTLXM6NnBo87h/P8VyB4svTH562uSyw1DtlIuZ3hIPno25EQrgAYDfEiB5TFtmkT+SWjaAeODNtjKbh6dJcWF9VUbxC+RS8r4UjZHRSowYT0NW3KtjgeeWmcFfEp/8gP9AhZ0kDzA8brGw/YFmJJCenkoVY44zvfJbk7or/cVy1xB+dGUBFRRLGFa5INOwdLGS9T92YfiA35/DnAdEkU36DSkLOEadhzTmniBPPlcWeJFZDxrJC8a32lqQMTw1MAIt2Bt4zn1CoDYd93iLEl0fBDSSfnHjl4BhkIaqyWOnnpC0uGmAtzCe9oIuaob5EtHjsgqJzO3yiUB3P3G9NPBQYqsgzCPE0RJ0feivCBVTGVFCuRF624Bu1/P/np/6A3Cnz8IsTnzFygE8B5SFmC0yVGS9ndFoxa9C5o+23kSyVZsp64hofxTPCKxAI9YdcPbBJwTqPpJGdx6uNJnFIbd40rF02rzg134XAKzGhgx93DsV7yIZxS+iyf+yjsA9XlNfsMuMQR7lgPbYSZLpUHnDya/RHdw/FAY4kyu2KFfwPRM2wOiSev8gpNajYfr3HAQNRg6GnI+zEk9ltkO9wz//PzUfz+8ZFvYcj2B9KKPQdYhFziXzAsvWcpFFXXb66ebpOzBrjPqAHLVq/JQ3LjU0NCQAAGaAkuhJdTbTTecoFWNBaW01gtQV9KrIYwxUAEjVtXMK+vTuAQ5tErjhbxAGRaR4KIWIXApthm7p+uAcRjF5bkUH7FVwEmB59JpJ+xjCx28Xr18VymTNcwCBy7MxsMjl3ej+LN8EBJx31gBgQibkqFQBm5drAHtCxRqEsMic0MYr4827zdnzhbHzSoXcEWBs1qgwDauCyE2nGu+bbpmqqhbPmDR7cQ/dkyp6meSvZd00XaB8Gg1xdaX8PEQ172nWs4NuSHuhVcXIc6mdSASar2KPBn2w55+EfskHm4SAuT969dffvxtWiXMk6OznkpNC3TZ4w5TGUgZPhg8b4mQpw5eJK46W73uPh5EtOVrPao/CUahNGWYWonfouKfkFIGnewLcFyIc4ovp4DjRbmymr5FhCRbWO0wDDgSHTWNaONMltohFR8QhzqzLvDw3tOyQJHkHaZb0SZXk8yt7/txGFiteypQY5ZkJIsOy/BP6IB8LkTObkw+5VfhQnDG7z++/ef/+z8SDQnWvHcVT/pPY67pu9H5Q6bwbxdIQ3LUWY6t9t4bbqRAkHYyGyOwIQFCCxQUTw31AcfPZ9bzXCi7JoGawFU5Irn2wFG2xgdMuRCpAUio6vKR0YcKrdLxAbHqEuoDKAyMDUJuBfTKR1mKzOv0cqQ29objzmDEqSlRRuKS0bgNdSeyxY0cHCMqLCk8AAAQAElEQVSISqHrha5C6LpX30+xERcTyEoSj+Hs7iLB/feocCnWEwmg6VsE1u/Nca4c1CQLu+aMtB4YFImEfZ+t0Js4IW69ldV/ULm601wOSOnNKGgfDbCbh4jFn9qXefOoCb496DO73WmSTIf4DjPtO1+Wi1Gok+UgOkfKE9J8MGUFsiL8xQn/rH+wpKfgblaKJg/8BcbjOP58f77/+PHzz5/EThHgwZJHvi1UG05ZIY6wdlFAm8sRBYycIcV0VR41gzec6FTa4nyyCQtB0qp0LcJW0AddVaC1IH3tqISnW84U4sxHZtc22DLrVkkvcNV8NFfZj/ij6XIRtl5EKQd/akmwN4mBzh+MAMqOUynMKyvpuPuNgfn453XsncQh67ynev+Jh7u8sKPwnSy3O64P8qx338p41DZh/vPbjx9//vlTOkC+t3Qp+JhunAU7eZYVQdIYcjVQ+Zg6wALHqFPEGeGjpPyO2afCbdNx+wJ4Sg0qFl6aAhsjsCEJ4hVoqxoHVJUldE/o8+FKoUg1WAQNNVEsWFqrSDCOlDYE8/XBpIpCTn2VLubsGY/lpdcAdrNbsR2SpgNLcoaWTEWyw4fJmLYy+3wA0vf9q+8JlaN1PWMFfpiwWEge+KbkujWJywvXjLra4t6RRLodIhSr8EbjzpoCa0jeI4Z4/0QciBRX1eoVJxJm7Yciej28skbtig+aCGQDMFb3arEoxCMNDFNGfIYBhrF78gIwfFOnqAqDhrfEgW0QRAyLhrw8HfP74ZN75JTu9it3+e3Xr1//89e/MFIgmZV9gt5nZiuawm1G4XGrB4gnI1F0poWVR3krsBwam7sUtXd8gXPJoyAOVvJ8zFhQWN5cZaXsOS+kV6fLz34BtvQm/HVa+3evfhxGen3vvOafngcwBY46M1QyG09TUUbLLKoWWCAwvtMKlyrMQ6YyL/6IEAWJYsOZYhnpO6dGiUPcfi66oisjZ0kE3DqZqveLHsfCAbV2ZD9RG6HZyrfv3/75r3+QKHCXSRu/rh1Y4eUbGyEzmWjBq99yhtzghpZ7DZHQqlIyOJACxTKuFBFrk4A/DBEqlvskthJAne0Flj/FpT1BHUUsRzniLvCELRLqa+5l1uiUSFudPRksqXB6O8NNgK6pEDd4kYxA+UkV20TlwLR+TrsA02PX9V84idCGz/tzlOqvf8hO8oTSqWufPOv6rmesxP2pdUlUPz9KVymTXfRcLg1Sg6nJC2rieOv2AiIH4gEVT+qQySU5pxUXr3toF49ursEnKD65cGyj4xJtOHkvFAraaIa6UnzmrEvfJhXRIF/GVFsE6GR8BeyjEsAuQ89v2XFWXqj6hEpFMKjxjRlquyX5w44eCNN8eEL/eonjncRGjRbE4wXKkZR5PvPc+LAzCfJeafJyLpwRuBh4XlEeKealMAKTeBcCNLwlDxlsVygeOHL0Dp/lB9gsgihJz7X7kNfLPHDcixUU7QAIFQBM4a1WXRmBIcheE3f1DeQ8KWpM5EDtS6iHyNQEooPkJCtSxWpJdkqg84eU4QK7DmRkfYqLu3yQwz8wmUN81dYiS0agrCbw/es9/X/0iVyMVSpLRGsOKM4SuwIT8l/8Lg2z14D1YBkiEdX/YM9Eiu9WP69Gy6+Gu+KcFLjZrytF5uwzIWg9W8EIneFFm9A2NNwTyG7MIkUqR9x1vNHiB4uewGoAItGVjGVAZsWIV809MOmYom4Zd7s+WAendg9Xp/pYvdJFiGv9ZE8dLe5xmK8PzoWuo7TAXU8y32hEyKyYBXHe7hT3ls+6DAU1eavMzK2F0hLv6Hg1xQW0d6xot69Qa0kKgpQPEMRAkhtLyZIiAJexFIORIBO5EiXMdt3SPQDXDI7lNBI9KpoV2kN0cRkzptoiKCLh6P0xRwyKJQXFcG13x69TyH/+en//9vUHJQWy6YHVvqs6HoZtecdzheo1Gl+X68cm7/wOIv+lHLROIsZGap69W0cWcfIabl1yOH8jFVNbtE5XYvrMvvZmArDLc2lLGdSnH3H36+z93sfZaK/3SjZbDCYRanBWaEiw0s+IAKPAxglo+TLRY3UxgK88sTBJFyqNImY+v/jE+nqEzEhYSXiS6YiQKuEmRuAl4+Ak1Or7brIwjHhRaauDRfPnGFBmyla8o803uRP/9v3rX//6l97e8ZFkX6oXy2w2404RvpwRuOB2xRyOxpzZ47bZcftybBUxPVyuD4ZCiuSOm0YNBsQr0FY1DKgwc+pL8i3oRDFX6VUWcSX3Jc+AS1mBZ8HGrIG4Pcr+sFK2a/cFJRrPN3HCS58TwoQkzCnlQSzG4TNtSfw6eqaWiysP/6LWhU3Euh5er/7r9a3ve7pJ1A3r7ckLLXH92RvK0uWjqkPV80l8rgP6FX+UoJc/eoDHF1/IHFP7zCihNJ2KDqzswHzkIUW1wJN3L0QqCNCbXzY6FDsQo/FViXjtJU6uJMvbzXKoCRR1wMDvVyBlnNBVG+mtqpa9SpOVX6c8i+GWam3PDfKmH8rW3r9+ff/6+v7jO7tE+IQViNtoK2OscYhzRCw7xuNcGdbkaRNp7a3G4XWV7CRiGtDRGo1rqHgpMi4tHYLBVJNJXMgOljXhdnNasqRQYbhQ8YCqxudmSxuVTwMhcv15/slX9Nxr97I5wqaZBEfKeatVVepSzsD/sQv/YD5ndSFVnexiEqNrUmY+o8WhCz04ORYhQNooYcIgopedTYgchhTRssZdS79uFM8SPpomQHDOCJQGSqom8NfPX79+/SQx4VwDDw4Oo0ag3rwLqkRYfHNo/dwF6fyhoTA8paQaI/CqQFpbzwItKZAPhMuirZjyKGcm3RCI0KKEk/eGBs6gKm04SVtTBWmsbK0htyBrFAoovXAjYkSEkRSNyFLNSSqOYo+poHlXLJh4bAAFJvhsP8wcX+uKEenmVIe6SOtZVtWECjB9AazCk3moZvoaeNUXebF2d7AVxR62Zs/KSsKaUWDW0rfZW0adhfBaywWhgBG8yofAuILKpIqRzaKdQkG7RtaINBZq6kAJ/IjSMHWe4zjgcvdcyxk16s4XDLZwBdDjSwzf547GcmgvJe9OiYwRIsrokvPQZDNan9rhszvUyJrhz58//+dvfxnoTcKDYem7N/S6RhgFM+J0F/gQ1pPlFuhsRWhNXD6hjSMXoJOxmyfXIGlkQGe02eXZAL0WImiWysPWYF2AxYKK43fWKUaFfU0/kK0TROyKGn7O3uDdJWApQky0MgrxcDOgkWJ6nkiSC8cA0/mYMSnuQV1d5tnCV9Yqe0agNEbgt+9f//jnP0gsxJ6j8VmwfoJj4wW5AuGhYpaLdHlI21fDW9Jo+E6J3MMp1LMGa7R8T4nsuQvxh46i4aIp8HpUVTTPRryibJWiQYsrVYtokKG+3nhrHV0yCIh0+rqWmRhwsVod3Akcpq2g6/Ro2cImYrZKKPAzDOJiHTCIHB4z7M2bgSAIYHeAidq4t2iRIlHBffYxlUFqArkSilhRRYXv9/vzWW5EH7dyF7Ty7yzH0MALpOi6/vU6roNwt2uDy39k+w9lKaj041qSjJu46EosCRF7t4PHoPXLJRvs7RamnsGEzW3KUrUovItMUX1XLQuMv9uWfCuGqRt9v0Ewii1Rl9TyQdXFq+C0LKp5hLusOlxXD22ofug3kIfDJ0SbmaNmCYVOkUErP49h426OJHln8uDz/vz58/3t27f3548lvKMXqhDJTmGgJWTvbSgcXQfTfyM/3GJTr0I+J4dPfu0wZXw3ZQq7IpVEZ9gEWbw4d6X6kXKatIjF2CPIx+5UFg9O6NJsGP1OjB2ZyWJ9NAsz+C/MN+fOtnQvDiHbdQvpELBiiRfXS2u43UqRdg6sAhSw1lWOSRE81Bkgin/kYuDyJ2+QqfzLkhTXQLCMss4HPpvbTxHlocWYG7LFH99//PH7H5/3W2dR/ZIW6ulzkVI7HWJFtJSuO1doODfnhGGQiIjmWV09WDBaXjXcGwpSYKmb720nIApKKNt4OgJbpbADCLFMdagw4XdXJGcnWZKeGJvobkqW/FGTosCpcEfOl/HhihQF+2rNVAUCO1Ctr9P4vMGPVeybJgpNvECzyxGHYaB8uLQNu7wKg8sdFDBtqxJe8ZMERMyx2G5Q7b8en3fUP9wTBR1jh7QCyAGxHdVu+T4/SHLVY7+g3P5eduSSw7d2SVGjBTHlA5nHdI9Yn0fhZt3mzJeVzR7Y858BLUyi4yb8dAZGwmgCycxIlt05yjEKI9DWccIEJfEaZxZbES0q2axw6jLc1LALHc6W2YKHp3V0V8VF4+sfv//59//966vvP8PguNK3O2iDDl9U2o3p9BUGvL8A4nStYvUFSGLlid6ssXzYKB+fRuf1Q6c5oiQWQyGRXGeGy0pkqf9cDf92AbPIzug/JFIzTdDjLH5Piy2HPsTCR+ktbwNE5w+SFSTxo5u9/0GfzyDIqRfqCkTtS5hXp8aEa9olF+FCwbGSL+brkfolLXyCEj36RbleQrD2jMB5+KL/fvvxo3t1//f//qm1DM4f3LHzChVPvBdD97nfNWUTjymWvicpREdgLjwvRTIekLo4k9ZHo+XOE6DXFFiWSLwJvMOBZXRqTUfgJai2BdWWcEelIY/ATCeqItWrBqFqCpmrRnz+lBzXQY1tZ53a3uHuIyKt0zM17napU5aWBU2JanpCygHtIHEf5hnDDBD7UrATBeWI2zgwnQXXYQodx7eoAEjr/+v16rp+/i5t5M2PsxZDnCXt2w+LxE7k57JTiNlrlxKabdERP+NAzLc5n0bBihfohAsbCMxJ2sU5sBTvPUzk0pKMd8+ohpS4NSMwSlh3mY27xxNTHM/wpTL5RyRRAaHWUK3afH1VHnvB82DGP/74869//e333/9glwgTF53aZ7zA4M1cMQdb5mJqW+5I27wi+n5QDsfvmIblW9SUWHmWpWvi6t2PxisNQsxkqSZyoPPb6T81IRboKmAYzMr5UGcECjswLxGWL6gnaVmEZBsjC8COm+iJBIsZFw+t7Sp6DMqtjkKruMsQvIFXF3lGJ/KKwwVAvjy/ZcEZYSWsLOeghSO84oykto0YgpsJoBMjULJMLw7+v3/9q6Q1+APKMSIjcP17BarrPG+Ou6cOGgHJAi1/HoI9KbDIut9E85HwCEbg4QaEBgs0TmAlYMcwAR++GF1IEJ/PekONIcnP6S1gYQXWBKhGPaIQ88N6st+BHVeODMUZSNvyvCkCuh2Qh1Z8XO7FPNsreGrLFwLB43ZylgQ7dy1gaWYbvvAA2I4ZMsWRhzgtY97mdX9m1/wago6i1w2zx65KY7K+Lb/rxiWlYyy3SRMfpBskLmp6jCgdN12x/MqeI7nXftVsXz0bcLo+cMG9M9iCguXuOA4KiIILAsh6ORKRLAyc/98YyY+74co0eiE5s8/efv1696/X92/fP5/fuakDLxBnflrKLCHEixF4n87EmcSDkXVthfcGKAAAEABJREFUHgb/wzRgy0GQzBSgJ4ECKwSb325rKtkeaUO+sEPKBQQeIg90GyvKkjNoK18C0xmhnX0Hrz0tnQCYUk1Biiqo5ttFJe4M/KZnmK2oX6d20OL2Hgz8nsZpBD/W7iEP0oZn4TM97djFavJ524wvF5D/AnI1ciQvru1WZsW0ZDsU2zMC+cXBv//89WfMlX6Q6GAnctt/tGX5XlkwccMO12ps9n37SopA/obsjxvOLB6BQvP9CdWhVelcUGkKLGu10shfj0H0GV5DwzkAahtQ7ilvcgflT3w+7KqainoEVp/r6gGFBrl6cNw4cHGpQdkZSC8P/ZD5JlmdJY15sUlzKA6r8o5PkzsdKTLlrSb55uhdVe6abbgQySPMd64hGYYzpSFXoOu6r68vIgn3cf4j8xX5P/bf5hMSoSJE3qTgPmzmK0BgvbqxhHYtxdUhOjFiXroU8oICEozRhgNarqih1l7mizuvq1DzXH5HMyNXNGPPvL3sJfHCXTRwrCnL/8Tsmf7b7gJgPNhVOP3j9z/6//nb9+/ff/78yT1xvBqYq22LuLWHpwZXI25S3XyLEvaR90eWixJgZ2E3NZAt7C1PlWDE6LeXcpLg3k9EGAZ6xm+a07tspaP2JT8iBd9B1/XdMIx+OR+JSJgwL+299o3EpRUhVvZjbvll7FwL8y+3osCLO4+p6+v7fhzHQaMn1R7FDbBHmOc1ecO/BJwaj/bD154R+H2SAP/n3/82h6B+SdKtoM3nsmvmDdqNDjeO+lVoWXYNWr4nRsvgLDiQAotjBLaK8Aw0HYEN2QGkJA1j17Irngy6P0BMe1slVIH8xfKMsRM4X4ZJEgPb8o1ahonKbJ8Jt+sKpCskHFyVwh9yAu62tLiKVyt3TgjNmBx5C0I1pisKK3dcfpxjBUI7KBR7tdAwjvj+tb7j6RMqTYhiw1MyAK4V1qMTINOWY//qtz5vAsJ9yBuD3RRCOaPYWY/RRysB9DJlfuCh6GVwuniB+VuTC+xR27TflVxxpxqTJ65R97OsvCm5DGjcpvF3GkMAOnrR5zTezebnjougmnj4fMpsg81IB2Q7Zmr12J76qzBRqAjc4L//+e/f//63aUz8888/mQfgfglnLGrgbvN/yUrU2soNm7DVW+oHZXxci/m5N8tv39NpGNWNR8wK8E4JAzv/lykbHrJbirVZUszUUJet9+X+3C+j5x4hPItGhV5z2DIZRnFjhR5ffC26IshjOrXouulhmlhkaGKJpw2uDnizR79Y5a33XqFpHGUbZEoYzCTlDNYrC9zQ9X/78aN/df/8x/87cZVvqWsjh7JTm3dZCSUJ+KLp07XVPFHoUb2NHkckBL29LXmO7Y5npSYqWtY8B5QU6LP9kgNN8v8YhE7iQPHU0GADqK/S+BEsGtIiymAGMje6WP5IbLALsUk4isoui12W4DSj7AcaQioGMO/aEUfcInU7rHGGOeW4LbMyoCuMaPEEoe7VgxKXPG5ecN+RJaWz+XEch/FsizdCMIT398Qd0EHf9Qf/1n3I3TPgMqwgF08jWRWLwdwQUfqXCIcJG32d9tQn867vyNjBcXNdHR08t3IPaLtBrorgNtrNGq4DKp7KR54mzDeycubLHVg4QLq+7wDwMy772Pau08BXEHriDi3NZN+EjqdDvcGtNdXH+QPIVC/UOFNHfdqJ/O9//vjb//yFkB+CF0hPi42zv/awoQY65fkxIfNmN8oDWbCKLLQy8oG8OX+8hxd2VnZK+eQfdr6l65BEWbIzzDQXGwLhqb14cK0hqHFS0pwtZfBrMVoWZJzYOHpiZ90vZjCv8uxIFWWOmKGxYmsrxysircMsd5IxTS06tqwdUs67kjMCvVFuyaRE2lQXkqfLfAFVbVsLnNfyDL/9+PH6ev3rX/+kB3IIuVqCx+e55u8ElpPc5iTjVWmJX0HE1DnZLAsPD4/GDVJZZ8fdYI3EFaTVv7yQNAVCUblf9v5YgwPiFWWrFL4QkrzqttLq1JpHKgOAh8qAW4MtpleCw7MB3iyRGyNaK8bTz2p1EVch6iCF95k08LtjzSd0vNLimpkOgUSKJxAPR2fwoeXlxT6GYqMVd7vjLnjA0A+2GjOPGIfh17HvUHMUJBrI+q4hESXeaOm67vV6bXr8OTJ0d72jaqtGTsdk5sfdbznu8u3OQJQWiDMjxAMRqiKemaSbE9ysIXlGt4nbFKguUyymW/fKk3ixvWtdsGdcgHqs09rGg74ftIoDMYZq4wGrpp/P+7//+f1v//OXz7v/fD7ML7ZiQI+pPheVjMSTowHSAwDZK6iTCHaSTTg8Kb3cR1Q80GMZvgczUBHann+10rb49EGyqvRGGV8AkaMjosqRB+7OcZmqJ2i6WYfWFxlXZCoWyO9yD8c7ZvSQD7vVhN9fHcnXeLgmy4MWIzfakRarsBQxTrxEDfIcnaN3UUtwDNbCetJdicv7C5D+rbAs6+2twZMA5Nv3b//65z8+n1+nYapfzqd/TvPD85LroHv1r2mqMwyD0SdyEeIHzEVV43iWZF+IHlLz5UIgiv/rRK3pvj1awTW44kVKxAO2tho4gorSMAFsaLBDU5r3dPAzW1AHbQwnUTupiwEpthme1o4NRbgmlW94kWgAh4hckOEAM8WXxEJBqTPDYqDCHNF2ynrQeeG8QSv2SXNvi5VSDbiA9FAHHGMYK/euyxVZYY0rKDXAWVhZSAWA3WIH16PosKrJheOmvKnItyTH8524iGC7n1Y27QXBIIFoxfZRtnYK6hmsMBOKmxTwWuQevnL4cWNGoPPlssKH0to+eDIn0Movm0wChx6d29/+SrnKgwPA43YywGpBOgkG6zdChuHz+3///Ntf//Lz1/vnnz/ncFB1HOB07YS861yCRaesWROE6i8K0xMuoO7q28AaiSqD83171aPGxvouNvuBnOqEOw+3FARFierXXKVTNjmfAKVkKu6npUTzFhSE58dg6ycAdspnHMXN9MnCscYlNC3eyR7v3MzIzrzMY9Vg4emN5iU24niOAV/LglVcV9UM0UX113MBNVOUbnt5sAlbRuBvP35QRuC//jlN6E6d+syE3J1YTYnpNQ79OAzaac6VRZUkbDZ+9XQOnoATGO0ISRIgXjRxs0WaqBVTJlfsRs23N0FHYLzB/nKKPGLL/o4eZdHusCcumquFMfRcftejfMiNQsdIx6MRyHovltFznSLwasa3wACFRALEecK5DnLxtxg4YfkqpOLi62K/W21OtXf+Si9TQqF+BEQgnXCCQh8DeZUn+i4uQg2+iMEIbNWhIQRQVxWaB5+6mk09mgKnZH7en5kH2e7QezAEzRV1O4JeON/w1EnsVxz2+6IiFwH0LHV5sc7qT4rbapcyH9DACzTgsOUJV5H3i8lPWATJuwpgt2UfF3hVO6A4Xl6XEt5da7QYTjuE7/d77x+L1ySNwB5HHIfPsPmwe1Ii8r6RQ3onIdLX60XFDUrg4Wcvepw/yVaQ9JMMvqeejj3ilGtCTIuLC85JkEPSCHJtRJ13m1qJ3qPNCFfApjN9Vs7ErLpPY+EIL/xIBsg52aS8bHGmUCB4kgkPFrGbNkC/pm53GopG+ZPqHln5TTEErJvKy0qC6/lj7Pet+jrYdupzZ4/jH3/+/Mtvv03DwZ9//jrElr/hMIxI7PXqcRm65NV4Ri/C2S49jjDiuB2aj/sEqA/XEJSUhehTmrmq8SaV9rcHl93K4ni45IZmPpIa5eQxKh9JvCii98fMuH6IuY6ICEpTO7c3RpIzO7dgBJpSfnWZxg9/mkVMK1W6QKVqfe9dZ8k8QVkelegApsnYSCdBxhkXLr6tjEB6a/A//7FlBF4ifpIFE05CKDSWcv60pK1ys1QlT8Uucu5SqIeJ4H37NSieViM3X8H5gz+4l4wN1k2l1HUjkFG1+ALDW34cwncjMiqj/3q9Jrkr4u7Enq93jriECrpD1/U0D4ZuewnjadGvQ+ZBSAKc5McNkMikQDJvBVG+Hpsrd2wnuOMPzBqlaZLlf0bVJtAz9l+PjMRJuh6ok566oozGfrbTzw4nC+Ir86RnX6dA+9I0BcIDplDVI0JDPpuCNjgCWlbWgdr4gNWB7j+sxwiqGS7Fjk0lLMhpL2u+JSp6ooM9m4W6jh7ZSVk4O+7CUsbrph0gPfjlwBWR94kpKgeq8rqz/Pnppy4xQTxTlIR1HO8wXY2Y5+z2Q1WGj5MwADtGgPO8NDAeXNLLKBJUknbw4vC0vCm2i9dfTtIYx8/ng5yFQVY1UHvP0BzcRX0MUxKz7fX2MfHsSgnSo6yT6KfHDWHHzu3e4NyJ/+fMQK9PmWJweZCrwp7SECdK9qPN8jufumazbtgIgUERN9j9BuB03b5swqkiMhvRSynVveIuMJss3liZsmKSH9Md3/0OP6zcPdy4E736LPrmHMGluslLiPkHCVF03rBJEQseya9f72EY//rX3759+/r18+caZx45pmz8nIOh/S4IjYq83o9VPDrg4rnCHhocuBmnB9pbcLD6MCwFCoLyehhrUwZcKJjoiqjaeIin3h8D7HoCOcztPWHwSazaewh8X1MMUUWptU4flfAOIN8qJrbnqvXt1YWfsGuYtdnjGCOV2TJKtevqMrXlE2aDoOLACPzx/Xv36v71r398Pm9iHUHFS4wpONr7tjnvgUpxxnVIHTwKgVVEH6NOCMywLdrtgmy5oULSlq62qfd1V3vxaMMAyi8+6he+NdBJ+YN+Tyi28BvWhSyuUxX15dGocHYRjuH7ROeQk1w2Pc9bj9AH4pkbsPMDMo+Ah8AQqDCbn/szulQDdeOWLFTYdSqCHMicIvJ7ceg6EkQU6ZKSqhRErliQLaz4M4rKSvhSC2fFMuwHKbdQhMZ84KZEaLLny1QsihR4datqiIB43XPUjr5qVJyTsPypB1Bbitcb5eoBu1uppuFy3qapIdXT9PPzRn6XLikR5g1HrRuwWL/l1ROmhC51iWM1HxYKq+A+RXMFcLdaAvlTQVG1KYw4sQ1r7vaV5rq8tSvY+wzl3g3VNoGiLywlQ6xpDlSfsVHkp/YJzDaGYXx/Ph0TzTKe5OVESQd0Xff19aUXICM53d/WbT0g9v2r7zokimurZGsK5zo/iYpbSRRlitoXI9DVQUxkChUdTHMDpb+pfM8P00ahvhMFyQ7nLczX5XRcmrrcMKt2rTzfoLBvGtiMg94qqzbJnmmv+3mPg03mo+b51MF+d59TtImyQXOK8qYbGWUP2XfUhQciONmF/E4T++vXr7/+7a/96/Xz559SATMKPYbOpCXA7nG3Xyh+wDXnbYEncSL5Wpzl3JxpfLS/TvAiRIyYgiq7PosKkkV0UczcWTGzYNNZIOTSU39LbPZImXMiQME4x+tz4BL0bGxl2sTGUzFPxjLKURbifjYs/8Bb7NwAFGNjQSKetCXOL76IUtbJMiquryhPUtXZu70y+Our//bt+ziO/3ona4MAABAASURBVPzH/zuceDRMk4kvTl16Vgk8ec+MGocVZxya5XF+vzOh5znpoU48blAcb9Pe2ThaWN81n/bW2IXNv8b3fQQmds3CwV/0/uiK7RKWKggcGYxE2ELbXXi0+C18w+fDrwzPnE6wEIymRscYgeMwfj7ypelKWZN6CXhyfTARF/rOhou+wI7/ne8F7pjyP2CaAkFoAYQOhaZA5H+ZYU9GzhHsqTn2VBrCXtk0rBOMQ+4r4hogMyyHFFj6TLnBAhEKsdWDhiciZ72GuBLxhgIBcP1sKRPYPVDiuaJqzdefXHj8kDSf1th51izt/8XrOMsV0LErRD/vNz2KVNWl4HNCpwXnOG+dzYfyjFld1jQxQsWYhA7vz2fWD/rcbs4yWSu3iTjjBksIhwpz2wWRxxY4nlugF/F1szrNRG0kSZZPffvwGWC7MWbvmv/RiVYBqLhqnARX8+WeqPFja2AlacWjkclJwo7L1Ws5s9ElHRVAxwpMkjWBMxrrBokGL/RxwGWDhjHVqHbWEcUJ+aVKo9bfXTta6S+E7KXEQI5mh8/qYMjpvggS1Vl2ON2gAat2zafkOD+fF6jtSH+wKTJwYTXv2EWbvMbh3//+v7/85S9///v//Pz1+fnnn9xP4NoNSBag1d6eh68eMcgcsN4TwO3OaHnwyjSfMWTZEMqZGxePcKpuiP8FXF+j+B2wUrgAi4agLJXBLU8041KUsHGuAEI4DS6OE2EJJFfDFLN4v+mMptpHQ7LcQBBaa64fDhzT6FsLZyU84H3x5j06M4rtiKi88uCgIPD1ev3lL7/98fvv//nPv68VhODyx8/xRrm10qdHDvqgYbrBhvdCNlZMTDw9RibUIHGBihURrEvAnWQEWTQEO0osseRBHHSrM13CHbA4Zbdya8o3dbHHl+PdBkJKUvLt9xrEi5bo5lD9KSWWbL82j2dViYVuzB2FSmQrVkHJzm5TVWVSCCmwZNlBQ3a06tAQC0XUpdyRkOe3NaAA7WKZAVxBQQ0lzM+pAED5Z2xjgyf5XroRDXG1Kr59OWO0lh3DJ3NJ+HuP4/AZCdd5mozQferpRe2LKsYcCFfQQxQqrlRONkLGAmBTYKbYTrKmz/jhN7AkXnva+35R9gIETWCwpHqhhcOeMhAM71efhaRJTlKBaCf3SabaEEjHpkljGu2J1awkGtQIqgDBtSdC9cPzz6zZUzpgN1JlRkS+rgmd/EWzq4BNSO+vAeDb25tU4fJh+3CKzaC+m+rodx2QGPP0999//7w/v/3lN/z+/dfPPwUBCxSEzTTAw96/bZiOccuRlBjugd0Tq9ysuAQx4+Bz1iGtZrjS+H9mq66xtbNf0J7taS+dlYJ2Ec4yQUXLqAG+w9G9sweL2E3PONjO9/LVjgMdkCsInN7+71///PnzJ3ECKB9JovPDFu620+CHFzcrxflSrk6W0a/bb6vWdFnz+fK8VYcOs9P19Zjpn/c7LilQV0ponpxQzVvjMIwjRhGwPLiutF6vISpahcqLoq4PbrgvIix0K9zaakiKOmvUPNcuRyabFouGqYoA4twSqQnAL+CpKdGME/iYm2acBOIQJG0BbQxSwiGBSntc4lJbu17AKjvY0sGWfXzvwHLjPLbAd8qhkHHbNRJx8nTRKeHf11+ee/Fq13qzgF6eSWLiBhOp9FG8Xw8s5UnBkc8cNQibRdwAsVJl8qey+QgydVZbulq8HHD3yYN75+Kr1+eUzQn2u62bj7DV2yAs//r16+evX6vKwD+EykDCj9hkrcA2h1r8vS3QM6WnXLfCjYEGlqq7Z6WqmciMOD1puTmJFjYSVATfWkmiAU8NVvMrZ2SXVR3kRY9GGxZGUZHQ/8XreR/i2kZrHfp10bzb+IAmE/a4Uyf3248f375//fH7H//+z/9tv8jIJH/A5Y9rBOSVNlodYT7xb3O8ea9sT3UXLWydgy6SOI6fz4fEAee5CqznpUBoxVzfyZKIfZz29ySg7uv6IdEpR3cg6tSlOfpD7oY2b21QodWLZ+Iltl6YfhImb2E8cKaaQOxPivuGgX1iMhauzARQKHVBdhAOlnuJxcCFbA+f6zMCvtMF874YLoMbiNnyYY7gNVxrwentguVeG0RWsvIkXEqWAsHepi0ZEBuud9j0SolauGIccItNzrior4KLUaauecq9qnZ4yfAN3umP9yrxbg0D+KbWkyq1Li1r0QhxA0+7t/wcryrt8wQu9tSyHHtWXHyYA02foT5EMN84X1NDzhIn1lFVr7cVdyA25MNlXaclZMFBJbCiSJfPCswfLZy3fmplBKKVuXGaVV9njJsdQ/9MjoEYfqv6Svf+c80OpWcKD4Vw2MZPVJhvfQR5H1GToj9+//3Xr1+//fjt7//7N0YN/GOOCErBxBrdVtoDHrYMA4otfXsLDeFkyj2L2Atcwjh4E4nFIu84xMqQy3pk74BP9nUsvpltXTpGuQRuPaakQYpwHcoDTxjfD4ejNOvGOSQxAheNsRcm54Kg0W7V8aBWMDfrVTvg+vN6vb5/+xrH8R//+H+f9y9wnoMFztl03ENAxWflHbhKXznzzlCKcB4rkP0DyZjTLtaAJBMgsrEqUhwDEhL15pGFFEgkZvduLakyPPizWjRZaThH4nxqxWBEtdnT6sVj8eqg47vOI99tBxhHyg/EcRpQsGP8v5GSBAdO7GPfR4ABkVmbnNMLN6ghdh3dz5l2crvpK9KrwKb5wbTBg2PX0b9C8+r0S4UoIxE3VSNjmrMrm8l6jAq3GphBjCNSXTzVQC5Z6Puu719TmAMbRC0X/OHSo+ubzpKB7HI2yvFPT4v0T3WyqHUUU2Xt1HFLW05RfXf3bKbCTv86iCOWuMmQwPkVF6vNS97cGkh9uQxwoyRHanehWtTwdtVEnKZ4PkTRTNPO9wdn0cgVY1SqzFZIn44RhJkTWI5WCReqSWjeJaDA2mxJh0U7aoXhYr+dMhyD3cLgWnaKJEyC4/f7LTjB9xU9RI14/G3lE6iCiVndQkX8s/bEp8OhAUgZ0uR1ReB6ogLaWCI37mXdgbvfA7a9CkaheemjkQioM0FrB0pbfKf7hDC1zWI0WSFnH9cZmmwqv+4fhs/73/95f/v69uPHj7//7//8/PWLaQ0UW8BsjSEJlU9gxWDCeW/ZpVCzV4BcXjMxK9A9gQvWMO4hJu78aGZ0Hb2HPFpuXNZZhwTMdh86dM2H4gam0AhFk0D5RCRFbp6Mp4qByLmrDERJdWjhwuwNTe8JED8IpY/TMq3rO/r1mmN+lrMakgQYxUqB0O6g8r59qx0QmXbAb+9f7//+/p+fP//c9H46qp4SYGPJ6GoRo8Ahmiv7TibqdXDwB8hu+xwDilF0hetMEteo7CcmcpzPsNjDBAqKw2cyyl5w973BCjmyyimMqsqu3MS2JtTgDXp9MMxrFZAWLbg1J4dXcrBMVGse0DzPgpRToMq1YofVjJUWxZKRjVABl7fP5dQmkO3piPRhloRlUge6zwlzZR9mdvkyrNco5d5fTASh+dNsqZuWpF2POEwSKWYQd5W4sWecKsPRfiJM0RgGFMpbyRWC2SsAC/uzljtalIfELkGuDBcaigPT7B3bS/IaCBAoopQzgMkKpj/DMMkSpx57q3sjVy54VBCHqKHZFyhv7oT5oiTNUrIiLImxIrxKJS0jg+VVFleokoCEHh4DurvcZBsUvGOgTePS1WRRZRF7Qv2UigakKoqXJSC/IMY3MFQ+psCDqonXgl37ma2d5w27FPChLjEEVmLz5PPMZ379i+hfTqNhTRJRG87x2cZr8wY7mcvm46/3r1/vn19fX9+///j7//79z5+/pomVuFMYll7SzA603rdEctn5heSBOgdA6V/QjVRrAEkcPwfP0a7pR8d8N5F3y72sl44bMDB+5IC7Q53oEfDdZ8CevvgHHjfDwiYodGzNU4JlTW8EpWcZJRSxyxDh2PSgUxtsLGC8pELuAJWQenqtvyu6rKrpBlQawLIFM4swqWrA799er/7PP3/+85//+PXrFxfgz84kqfbMwzOw/ownDGyFYBp5mRwnERP2p5tjJVMJJb/m36g7TptZqeWX/BUqSDGDlHX3QoyCzr7zf7eQCgJWmu4DrthlaDl/HV4jP9NHtfjRf+ws18D+joT+DuPUGVKayfR5oNr+uM1xWFxxTYHseWAaANkzswp8g4d5zU6L8GsWxlkpIBHDPV8q4IbYLmQKa098nI7sTVBvgfIJejJ8hnEYTuvb3bfaDmBZSRkVPLdjTdBBHZKHR+lzfIAp1R2tt6Mm+bm6oQu6O9rmRINyoYmV2zFPFaafFhy9pt7MEe/7/uv1NUAHRzGu1gT3fiHZz2Nly/PzVpuLMutg6ygJpur9+dQ5osrc9YcDpH/pUUh+wqX0OPtMiBnLcrifWSEIoHKuo9bq5cAoseDSteW2qd1+55WwrvpBM+u1T8tI7V6O1DrYTQSURjDbQeyaTikq1EkAgaNgvb7OkKEQvYmRYhDkzUxLwXgZUmmlehD00wOrWUQZaIROB5xsLoV1MR6bfcmKLspMwG5GgcZPouMFHS8QFUHJ5/Qk051z/eiGxlc1Ft/fDL9D933aoP72/e//+z+cHTi8PxMI18Gu2m11Kkt61407rTAConkfnTakytNQPwMcHyV9uYF+FCqSBfmCQQs7Qd/jIkVoXk2jlGkBKh81Nuz8SYJS8mtBx/YqhmnvSd0KMkQ4chAOBY3lNdscEUIH03tg3/zFpGc+zvrqviZxzdeP14TP+/3z5x//+tefI46cEb6S7uYfyYf1KOxGyi8eu+HzHuZ9W/e1+jrLEwlA3LIS95bZzyCiY/CXqQE2h5seuStULWo3FAhMeb0Zdz+0strgOgFpK4jseM2sFk7Jm55HcWc8Z++tn0bOKKI0P0bvQ0HvY1Q/bii+CvdcZzSnIzHnXHW8+EavsZ1JgnMUyMJdYu9ESP437xJcSIFzdOcrjI14ZD3s+OScUzIjIIh8s5uGZZhnIK71mlQHnP/iM2q36JLGk7EKeA8ltNdLK4LZG8lHo5TDxAvcWtZItjNkOrArOnjb6th5bWQsb5ObY7q2X4nhaxHCVhYw4ufDB5dqVAUKFXL3kyWFAa4lBubGcr64Oiz6FU6BpfAC/aCI+0X68i7HFbW9nHyeJZdEiEdjxey2/WVVPb0O06xm+AxVrllMiF01yhhEGjyhbx2wWIi98kVLs6KxHs69HG6RwKDPcQIpx/88yTXqCER/fzWiRBtlgaBTFsiexOskA/njzz+m/3vovr59e319+/Hbj0lC8hnGz+fNOYKTtTelCVrF94gkNeXOY356NYGqQEmJmSZkr1YRe+w0D/cS05NR53kZARu+y3lf64sUObctuhN7Fh7Fj+Mt6stxXX8/+a2rd+K6jxwr2BgVNB4we0nLUDLe1EcX9H3SuNuLl5x8fX3xx6/Xayrb/tW/XpPJ+P71/uOP33/9+jnMTpdOAAAQAElEQVSMw6JhD4XuPXF/Fe7nbCyzhC1eU+YbcsTFQOPpAk/3Ub9KU28DHi3jwc/FPoxUTH3p+ulO4yQeHoy2yoJQH1/OuFxiPj1v1jan6T5bMo8qgydWqPLxIrlR6Y7nsxBjB6XtwjT4Y9or/ZxxAsk49oReRzl+3m9Cns4HBXi9en50iXECYeTKXA8WV4mtLO1Bsi6Bts/yskfKQ9zqtMqhB1EJHPEzftbDZpUMLxCrC71Nft2EJmKfn2ecZkIAKh0oXcranOF3yj5QJ9xmW/UWMCcEyybAWkbNsyykre6oYyhKfEMrFFGXYKYFH3LCO2Pu2Y2O42cc+XyuzvNMR3DycAJe4K0hi9xbNdkgest/Uju8NCm4+zVaygTc6A9OFritx2hh4ub+zJqR9qfcIzm4sBby4sEJGn1ylR6DXIjDJDT6+QeZ/qdnpLtpY7vvpv/61/dvXQc/4DfNtvlZGMCP8dQ0POt31KccnURPwzj6aNuMEiP7LxED0aCbsgPIMPK7Wkgy+PcmedDB1M66YeBKGVQN/UIs4tAUHs+YJvA9k81SlVdjuoYR3WNtYXmE1DH172qptD9u0O32XFPgMJ5fn10wXKdp03A6JZxeNTeO1589yRm+uHYW884JYPtnMQbQfD6q5Vvex2Ec1kvVtgTH+UJAnGZU1Nrnz5+/D5/3iBulM+vkXprliRfVWWiF6aqKMFY2WsmKwdqDRaXRFbgq4HTLoqdOoGtYGNSz+GloZf1kZCYFQqtP90eQjL1KhkNDCpwvuIRcclZQmrHzuaKa02veRy5umeSy2AG9K/uoTlWVD/usVLL7dmu9vZ/RQHWyd/0uBKVNefnJxE0dW6wiQauYI5o8Lxwg/g88qXYzRuD85xmzCLTsKAq5OzIbAMT/MdKMpORJh1qUCvxg7YnbB86llptFKuU/8YofuWSdWQTWwaergYz5FdX/svsBDRYOhqz6qHqs9w+17Nggxozw9jDsuqLhrTrE37B0HmgiWYqJZXnsFXLk6Cq9c+j20Nrd3G2gyYtlm1e9FaoJQD2bg3lERoNTlcdb706UBc7j50HqMZLx56+fc6KOHLfdrzJyyLj6HS7XkNjcQnwaFNEGR+xNiYXdCHVV4UXf04OpA+N/uYeBVh8u67jRyXhC/+qnOjIywZytm2SwCzJixNaazWpFP04ZMQwqG3mBJ+8pMPUUr66f+oqZGXZZJT6D1ejnF/sI/Onk2YZWRi4A2g900wg7CK50agQE4ezU5AAoFRimFE8Jv6zC593zAbp9AXzGsU6TYG+NKKUbEi1vHD0IhXD4AenL5sJc6RkOgVNMOylTRwXGgMjW5ZRyNMUMlK4lHCef3B1u/dG87TyCnZ3M1S+1rOmikTNkVYRWtkpDB5TZzPSrnF8ymQk5s6rkqUoilCmZqAQtX69GTlJgk+E3MNxvb+7+qDbPoZa0s5vmxA04jFfXUYZgORNZa0wx//ZtJQUqaI3LIkPam2AsoinJpENcWaAb+7DhhiKRb/O43cjE1r38OKLNwPqEkZdxpeBZ9IjzVIBDKT8G9tcH28AoqioMvLQdC/vU7p2GQABiZPAXnhabcgPTF14BruRFWgeMW9FzPMDcEKLCO0OvrnIiOypne82AmTjdsMWzjkwogI42YPuptZ4VKP2N4JGVV5fmv2XgYMmK8A/B0Wo8x2GLRNF8bFWjgKLBWU6N8MxE4ac5LCNzYbO22rMUwXQN4CSpePU9U5YzqMKAoxNpk1oKir7i2fb1bsBDfRh7O1b+nbi2r3RA/JuQxaBuxxsMRhzf2K1zSq9Cpi+uw2AMiz6AJQRc/8LBhhKpx4rI/tsUydKxzCKsTCGXFAxbMZbLCFQjQlFh5FJPAjw1cPaRD2t3WpOElRBVCPqi3N9xWAd3WFZm6wsBIh3/hC1tcGoinw8ObmPuAonKJ0/O5Qtz5TaIKj8M+2agfEMqn1ATiCx6fKNArGCojoLkCJZchqAUo8eXqzFN8r++vgZxruM23VhDSrRqkBgtg69DNlLgk0XV1SBoglb27K7hwYCM/U+r5qGYJt+/fn1MNlAhdKan9jvqdnOgRy/XjrSUoyIAejTQ5O1BD6NEeTno2ldGcu8pvTH5MzB/a2EEMtQ1i8Bx/EyyIUH/rEh3GvCDrcm7Uiytu+ZaBObT5Ge1PbxCFJV6nPq0zyw/NdT34krNHaYkCCH6XSDGshS8wEXevDG9AlG63sDVU5tYLliLo4kVtigvM+LFyMunVjssgbvfZAGU55nBb7dwslU2j24PDW/2PuBC6QDd/i/K9hXGephswbbXF5NDaSFtdkDvrERjwAZe4G7A2YTJOJLsj7gvcOszKpzI36Q4LLOdU3agHJPlRSV3MM0ZXNu7mpKo8TmSEt9tDcoIx2ZvQ2lIl4DShrhMrM0AwDUxoYva0dBl2SNB/I9nr0lMTDLSruuQ3jkacEw9VSPKUiCY9GBvnNmxuy/2RRK38NAY0oaEJ5mq+mNZ4DKP1eM4+lGfBGWK+cD2KVAc5pOLXoz1eIiNtI9gdcE2nBoc4ufE9LOyN/3p+p72qmLnBc8dWn0CS3syUOHCshwPZXD0d/sN8ZKjiSUMo7ZxQDfrxSIkAVUnvqGh4V7IfH1wQ6UwTrgaGpKjtu3D+2pSmdaWg7uCQ6a1n2RWjjhlMpd2qT4up/NA4jCiWEmi2EGA7QYHbrUXSjsFW69xHD4j0yEHQE7uQdYrXVPbtxOGXNCYhJimmpY8l3IHXNvAScE8anDN1X2VlaVIL5qiXVlsFuipV9dXHipNHQam77U7tWv8eouGoKU84mbX/S4MSKe6ClZ2QGXzLvmhgH/UeU7UNoM1Yt6OaDnCgYxMzp5IMajoHMP9oOK+WZfXpQX7TEZgmHs718ucQv3RVRUtOn5S9tdH7t3GmqZqop3n0mcTL3Cneh6lzWQ4fCWbsLazFNVtxqgOUR9RyZZrDm99Mjl2EAg4+r1QNUE2iIrU3c9Z6k4QkV+Fp9/D8sJvRupFl/H+GB9BSwjvQRL9Cytx/mxaa5KRiN4k2/UDDmTMXdgWSL6kxEUKXDAS8hV3A+aCcxKbMla62YX0sxrDTA7cHKxbbs0FhVMc/eVvfBLFx8D173ZiGciVcucCivAgwDOtPWD3q9IzvaN6WrbnXNoDlI8KAzR9DMBuLie/sYqjnUqnwvV9iDNZ1nlxWSb8op8g0TfPx4abo9W/hyMDKbBJ7h+AoFlO8iVXgxXA8ejMs5C2HyqwjlfY7LKTeJB8PgOAgoaIqp/DZ8W745HdpVrrrE3SuFffd4sVOSR57wWJTE7cWTq6BJdIRgCO4/vzmcWXlfVgViIqfFCTB+l/cl1xX5KlXIx2otwkDuT275rSRBkTocxtXBbaUoYPpbXTp3WLPs5ObUmwTBFITDipfpbZ91vlvXfUl7uUn9TJN0QDv91m051fjSb0SYME5ApUPmbAFXXkdDnFLKHYzQ2NYYwUooO5zSrBK1wkTrOR+dybhdX9vj8SE3kGV//3T/uFofzK1o3mVdTBS4muSA6EyW1Y3OvVtrQTqs6FjS1tpGwJgmdAdfAnlty8nM1xp4jtzFufZEWcAsVJtc6K0BXlD7kCkJPATpCgs3Xy0mQ57pz2imFFhyUuQVKr2HN+dGqiDv4avuA6iDwCaP8NQrsB24B8HKUokQ0LjNHuQHdZLiFko9lv8zStaSQFAeaYHgZTnuMrA08anpVR3pDYvXNFVHSMnK+2VD2tczx3rj94eMYcZNWb5veotwWaiBEncwVOJ4ue0LueavPrRbkTdN1NsqGUvtNhKoq7X6OlYlHOuFViVj1nSLdDoenNEq3ayrpGpCYFQqtGd0aEdYxipt/QkAVM9xBVoZH4+s3iajbMqKnzBfnQXy6sl33mDHR+4NQhYt5WWEUwkuiFaykUUhPkHBTgIv29b0CI5Y1GdgARp4NcgZgN6JUM4pZo0yUkj6vyTB2k3Q6b1YZn+aBdNhUFYgG3JuuCT5iZxkOo6eBYecLjp5ESzn1aUmCZzYEOJwPVDVr90gnJvW7MTVxW841DpEECkOibL/cEu7QKWb9BfE/yNxQADPrsHd6960Dk2CNGGnkiMwKvnwlvO1un2blMtNunaT/VUeksBI1dm1DxLMpHz+Xobu2sUQciFPsj4N7bebieCYXCyTFcbmZIkhT+LnSlNSWO1Tl4hq1bD/AMYUWIahtnHiUGBph5WfFLoGeUAqx7eOWSNFEdohe3XS2L47eNdYMbwBBtgTGg6ExSEWd2AFx6hnDProQDF3BrniR1Xs0JVG+g+saBbrV2x/BbDTUfOGlwedx+XSqMB/VLNbk1WI5cQOECHPD4sgfaeuLPCCRkox5xb8u3xwfl494AtQ6d8h8s/JVsUxEd1bMwTP9l6raK6ByRdwZ2kUHdtHfvZelAkXBSK6pJeegWW0MYWu4WgKSkwNzL/YaoiFd8rSI0XAEcx8/nPdc/SDPmFFq573t9sB/4VbpQ/iUNPtDKZAFOFDJMK5nhMwwwWHqpELL6SMGMgO7r6yWzHGThDf+jVFXIbl6m10SPI7+ERJbjLE4SNfMLAfoLoJ1gky1F9Bo4Du83Z30WW5qnsQrKyfL43I6UQUsvQe1XllIvtznwQ/XonAvOMtCSsciU5338kBpx98mQTKNP2jLukFFsnwgqm+DajTdsZyeDitkGE3xzP9P+/M5yYF25uqqlGiLT++LkjYHK5gQI2Px2cwrzLvGOS3fmB8yksvM5527Jh2T964ozXuCRWcAJ2GIZijpPiRivNr9k80s0RWnel97ZVY6Geh+CRk9FAjb76QiMReIaRIaeREu18xNkWNlxYMMpM1b2yx5xMxMCw0CREbGL+NAyI/vthhPhI+sr7CU50dNl6qN8Ye+ak4RBe9QLFU+xkKFnOY3AVRPzDd1JOje/V8+3uV53tccUK4xOEV86VFhSjOsgqfFIN4AhycQp8m4HioHbXXRjEQfnCOq7IwXJLoARuAK1zsEuHifm9ojdzrQD4HFMC4+8MqAygLbps4txMemygmts75W6hoaGhoSkwBRDY0M2RCi+VgMargbVvAPQJaDItdpdHqorExu6GGICYWwYkEGO9m5fZXuxMRenMkOQuRGosu4IduSvOxjLZEOV+U6CqZV2Rcj3R7Nd1WA1VvTbQKqjOETigN4BKiki2LMCk2cSXlMQYJsBvsDCK9jU5j+fD+J+H71arJs51YPXjXHMeG9PQ4MZKbe03cK/OxKmxMprtsoQDA5/X5wiU0zhRZt1GLb/1cr64Jwjp+ftEYl7dZoIvX5DOGzxCquHDzNRkNMmxBPiSdDLBjlufwla7cd7VJjEk6c5gnIAaCIjXA4IW6V78MR0akfR8OaFHHnuHwbvVcPjiCfvMf2O7ubkUtFMLMCrgCd1vhxyp7d7RUunQizOHye4nvUErTvQ+8bFpsQRvP8BlLjzMH+RXtYxjpPd5+/e2dexlFNPzyh+EQAAEABJREFUVwE0GuOpAzjZzghUGiGxjB4Efj9xZjOnEKImB9tKsGMAeLDoxwjcf9RFAk0OffLO6K8CiDVqj7PZTVqaQH3ZkwyFZuWTS5gS4keuTqX0ZDb5T0MsJCIFQivbBoq2j9VQAGJfQ9mqdYl4kO4Ya6n/DZOMI75/vXcxt2yeI0vyOFKyL3dHwtD1VG2hYgUrCTnEYVfFz0xtZHI04EthPN/dckXGUj6NbcYKx+9NxptOJkNycrkJ/S4Jj1pt7JWAYR5e4CliRkIQQpO3edeqlXWkGYeR9vCsJsRoA95+FDG+cppsli4hZ4fjmbesboysboSovYqPJvIoHvcoolyxxMPD7RA55mIdgPKruwelIEVktoskKlgZ7e07Qd+9o9JEPzbuv2jFQWKtoVjAHTxf+YDcJcrmltQfYXc9HmfMLD1H0Ma1JzCCjViOwuEwXYgTQ8aFQ6meaBBhmhlxpook8ryK5cIpadYHnqmOtqZwCR/dnQQBE4Xk1+Jx/UuiVwNVgCQGgn3pGOgRplHq6Oc7c1fuFKxCHyIZypgWPsMwEGfQNIxEN91DKTyde+dcmFIzSVanBA3DGL+si5hkoeHLQZxs1xKD2utOnn7yfTaLwQgU3fo6pQpjBIb3Wq5iwSKEPHfB6VymoRo8vB7Q48fvDxM0ni7rrkRrjg0RkYIUCK2W3hllyScaGmIgSqd0o3rNr2moqiECeUiSnRiBd9Qhx/l0xA9wvu/igHHEz0fe1tptCxKy01SHW7kmbhweEuUWSSpIO6gt7Pvu9aLztI+U8Dmgg/QpRjSKQV36ETn4CrS2y99XALipyYtSP0rL7fVqn3pXUpRw7VgXUsSiFF7g/Lctrcmy117h8GDG5c3ljigsv7IzAu8bWnxGYJK+/rIKpukMjH2E9PFob1364MHMwsPFyFtZ4PzthA1+dAy7tdJq47B62hP7hFVFpGFW9of7JanLElWa6wPq8/WQiYfPysobWPmM2nNQYwSngUZvZ3hqkBnTQp6quseRadYZcyQ5xKtk2TXN4Xvocc4I53woS5ThEzoVSk6VgfdZ464Picy9TIZQrzlp6EAoyV2aoH2Xb8891zY2jqN91KnHO6ViM2+M/+WLfdycf93FhdserVoPKh/tHR3h3ndJPHdHJiwGfk8PXQzkcZycJznagHDwCE++EyJVdmv+oAHyVMqCEWjAxjXRMBP1E0NUO7KEi9CRK+08uIg+ypMSajzFNI6zvYlxNG3d4ObHjDLSZQ3H6N4sdbUDTV9StOqGhjIRnRTYhNINDK0fbXgU7lahK2uA96cEeoyb28OlFQCIuDI51iQDx+Ezepy+TYK+71+vfn4T9MPXZPZ6zUbyJ/kvl76Jfa85g2xv1FLBXKnQ16FLDB5etz12U+8L221CUeY3K3bLcrJNFdugKC0LXDZB4qEAbXBxttWDsRzzeEynEJqxe6JHwlDv0R/lGjAfJOFJnJT0OXWHsrCNY8Gkhlh+3CoCcu+KCxJGQ0F80/bwsCPhITlhNO5JfZIbZYq2nhFypP4xI5nTt3w/emiXaRqC4Bq47JWVl6fjQdzSZAQYQW5JN1ex8BacjAMs6twDfL36z4eMOIA0VfHKkdQN38i0sILWdQdd/+qHcSRUyZl7lYAkafctXebOXZTSd/1UB4ZhGAEhlQI/jpIvtLSjH0Xz/TiagPQjjNjf+RgmyBbkvhjkX6S8GNubfMEwKsgd+d63c+bZKXxrQpQaJClBjIgiKjecfkNb6wnigCe2YGMagRFIOOPVgRFo9O48d5PAzeuF+5a8QpbSnXcAr9cX0iua3jaDTPncXhegY4TvlbqGhoYGgUTXBzfcERGmXEnXuw0NF+Fm9Rr2Uo0KwHdEq+uAauN+cmrEM1M9SY1Xih8RMgdu8qEYtuJDXP4QyUS1YHdbo3Z933W97Hx/vH0j4ZQvWt7EahNPH0ABqsIuADy3htvgAkJcxAoWHnW4JAsiAmONSrD+u28XEC/mbXG1gc9k79J9stQwb/Y8CPaJ223F5s2Ve+yLeMTCyklBNdAlKst2384V6u3mQb7A1OrqdJpltHfxLs5QMX67KQtUMfw0JmpeoMaf2Q3o04yGENjqTNoNlx/JMSiFqcFsN95LSnGFOcIpDcYGUsx3T0cY/e866PueqdAaEZPO2aLPhKJHlWq5FpWFQDBTK0F6z3u3mPBlHd52iNwCNh5FTRSqfuIjQg0UjeBAoj6+LPy8E44R0Bt1x50KPkMENt33yu9kN1tLl1vDLpC9Cbpdr81HicRn21R+O5ZZguixTLWm9aLHl3SwDXOfyyCqR+Q++8w7Ny7g0Y3WmSXwtLWefVBkJVGEog0fdI7M8CunPNzrMoa/FSgIoGYrVv7cBnxsuJJrf3luYYRNpYYGE0qvTZBgFVYoIpICa8myBh08Z2UN2QBVDuVsiz1ASnnLCl0jq+SuSfZvkxWW8oOTjOMwHNQWDgBdRw+Z4zBsuHbJMAXY98stxvxWk+Vl+YviP0rdE7zAVTK9bIh4ikIpHXDaZJr+H8fOLFZE712sgiFJolH3/VnA9WFmxW25p+QeqUZDNG1q43bz96711yneYPjSLkRlmFU01ZEZVu1k7iJb5ZABBFqD2SB2XkTyr5Ai2g+xEb3Ng7CQ1Lw0likJCBzOkUmGuY9QLih0vLpIWgLx8GCCvjc7KhHesfZkPh/qfVHwAo/f1zdCVpWBYqcAYd+OQHwlytwlmw++65fjNj/qFkqofVF56/eNLRvpWbJprTrZGyMperercA4VM1ErQ71Joj7WHng0iN1t6gHimkWvMK9a8cUtLtr7iKlqZHJB5Krlw+SZI4Ln3uKxK12fNvr5Nnr7uAHsXHEfwZmvcex2Z7GVTYfsDOQjQckKHCniRw+dl2fg8SUv0MJGjuZ4DNVgXXN4zkKwZp/tFvRC84cdpVBpIV0TOqmo6lgddYXGraaF9xh7WE/rb5au2oHKet0KsSE2Wp0qA7FIgU0QfWtEmM2UMm9vaFDAo3revUbX2CLhfkNRKCOQicvU+w/PgxAWVkiFzFi1x2F440hkkp8CSvEXRhF+TptLL3Zrcgd9172HoZt9JxthLi4h4v4ryna2RncA05AIeiI7Prt7nwWEu8QbZZ/lIKiiIWfCbfs43Xb1M6DNL+AdPhCNVqFaMA7jG3/xPIA4Gw9BuVdKT3rD2V5alNwmCi6mGrcxZqaGapf8aPVKuAcfOADP248xN/Ivz0MFMcjTpyPUjLrNLqGinw5VFqjgdSyvquDISR6YeIHkEKuFSYK709C4c6VbmuPpBM8ZOt25W7KgZpAIr+2weJOythfaGa/EJ/G770O8GRbxkfYCW0Vg/PDg8RMpEtF1uiE/6xVHe+ZmuA4tyCMzj0jdyLIIhaPtta9hjJpxHMSZ1UMQAPSIKRJ6hfQS8W3nDTx/2AsuHw+s4g2fmr+MwbwcqxIJKbaUjMBQj5NHrNAmfoag2ZJnOw9oy250QHLOCHSMi4bt6+gpmGyjIXCi6KHssB+1GxrC0GpSQ1a0CtcQF+364IYIEgJQPDWUg8Pyui5IAg8H+/cG1FfigkAA5Z/LjIYK+XEzCbIWOsC07TTSO5nyqYmaAsSBXIGdCJhqCoRR1HF6FQkIiZtgh9GGzvUUwrzTAet1XuGbXJSax/mIJyKp3QuG7a+zEmcRENvT6OLVvTuEKevGYeQ7rUBcry14VGc47yZjTGLovXKIj+bVyz3omfRh6um6eMWH3lWhkMKocH6bDzU1uIczAi2jHzZjSYeEwaPePHLPcmkeut11KHDKoDsP1eyZS1TEnF6x1w4Ls/VofmAXkp2+QEWc+IriJO3SJjTKzJiVvSgsrdQVVWhWnEArS3psoqT+dmLr3PMFCwUhbAGGp2ZhzSm8baPdGwjdzufRjd4/nHgYnAXOnBEiVY/FZPcUjjC/Ut3vKloCwLZD0FrWvOwNFRxLDEoDLH/4K6i+wG6vB9aOUN3ikSsQZYxA1C9lda1eIV45kAq9kJwLuPiB/Ihn5NoVx7eUSygqlpsrzZlVUgyC6J8AdjyztCtXOPH/jKfuNRHA5cyij6dwxghMWlGJBxAx+fmHIoEGk2dmxsXLt4a0uHMOt9rREB3hpMC2Z3NrxJtspZ3oNjT4w4U69ZR6DITUePfeIoaoId2MtlRXxwvb5+eXMo7D+z2yxsz2rJ6c4lneK5JMRhzf788wDNvvCifLY9he5gaTNPvrqz+KfqQ7lGeD2c5ysfIauuQcLc4QU/7PZxA0fp8KbnZQemeB4/j5IOvZwL2un9q/HSfOnCab/IG9i1vlgVCZqfji167vP1i69Ano/TEaUmZ4W3JuAVFy5B4TjLNhVPzC1rCyxRBqXzZsqkvnlHE6s2ShXuKdXwRUs+PwiMHquUnfoFdANsoCVyN0CWXPC5yJSWd9wMoeRJMNiZqCKvPDaZ4jO9D4URvuDmht6GTqY2mpbQHLcvVEr6Reex+XU617ZxYSJC6+JsCgSOJx5EmQ6lAfU1YyOKvEQHaSrd2VGLC3s9HhJ56HSXAwuiXjID1ZCUM7uQcYI42oW6wD2ZD5/GsmnhoE+OVtydqj2LLKW6x9lvHA9NnW+DpYRWiaW/RdNzVMcaiVm2WE3erPWCTu8RWTnkBGYCBg8+OGU74hGB0nQXENgLCRAXkvr4vdeaxLTJcNnr3pYgbGHXkbGhrKRiApEFoHcWdEmLPeYm3SUD0g2MI9UY3avGni/vmMdPpuIfl/BhDHKcnjiPXoRmTXlIz8DGotSWbLcaY0D6pKMqvYI63f4t6ZCyIyHoTsW/6fMFvMl1vF5C+EuNXVKensgD2Irc3pqevk79vIHMxVhvepOVRPJVOK1tW5vqC6Esdxvjo6QQ6ky9HYc6j5zvSIwBvP9BgtvGYB5QZA4L5FGQIjWQXAaOchsGQEPjQbauwAvNLsn1FOLgsoj0jKAB0DkWlt5vXYnqKnC0C2r/qm9APUU17JHE3W1fFlE7BTauDBP9xSA+UXrQ8qdiAxuSQnDoCoXaPS1AKGcfboXYgGndNjMKeI3hi9PUQ7GmusOUyKS2/j+CKU+2/Xy1F8joKZUiLpdFSWCefpHZzJBjiD7CJqs+xAshJ72F3D61wfeIuC+XQUkwSJtqLp5ayA2pcj+ZWoXDssRkLrJyz+hMDWdcy2JCR4JCaid3PRwaq8YdB3M84Afch2RceW5xPGlQaaAy6rYIxOB5Tapa6oLRiBoHVwlpMh1QVCXB/kMJmKu3CU3y/5wS5d9xHVNjgAW+tOiFbJC0O7PrghGK3DbLg3nlqDYf77/IGXns8bhUK1SiYaLMm/iGBO1JHkccR3XUmWUF2qYSUGmfdXknTgc5cSwqjzdAkSAajru6+v146DuMQKjxoLZ3OxB8jMpAw60oo2W4lFAEjXwYDRK3u2LboQUFWR7CKaLkZzt3cfnPbowhM+mIvNuFhVwcOf5LXCJk6LFP5WRx4yRJwgNBAAABAASURBVDUwiLZ81aHEala9CPGWGVDcDrAtCokhmt6Tx3GeHwoWSNTw9mxCJRdQtnjCC0SVOWyYgoYhFHdOrQ4Y4jZAcqQGKuO2c6OyYuIIon2kNN65ONUCts8oCZ38vXWJQfTa7+ahNk+RUbgw60UOhfanuFtBB2VJsjQiI/XMbytVkGz4gEKH30pmAYkeM8kLprUbqrpr4NcEgC7s7S+RM+0sxSp2sR0S1c19YcfjSN1v8jPFuJtESaQ+oEFj6f3K0RLaGUpUiH4qVnuPwAgkKRiBZz7I/Yp7GkIYgfxvklJ+bNN4OlrBPRLYJIQNVaGRAmvBtm+L0M21nrLh5nhsFR7H8f0exrEqWQTTEsiWyxZKCcpBSFxFkrlgshqNkLUlmYEdQq1q3TkOw4cdsrbQCplo5XalWi6++YC0M6c6UHl8lq+7DQOUf3FvSbyc7IOe5CF0FAYLqw5F6X0byDH+xChMrHaOiURcFk5yyJilQEkg0sV053PWqlGKYIgNAU34SFFW11BEmWDUivqEakbVhw8fyNeFBsAqgo0RGNMDk6fR2W/hwOVP5lCXMznGwJ2UBap5gCa2H9HwAi0oMzs3ePBYHdxMIATm5jibnel+oJ+c4OYdzqNtogFKH5GcPGqQvPZEGH3iX37rBlXwPvm2aArcMETjYT8TLKs/XdsIY7dZlOlKvCNkRzsBrQ2Fv/Qkn/YWXVQaLdwW3r3AajqfsJvDpAf11vYOh+aqu0YX0VJ6oyjTs7xzK7dIpYwn7/IHoNr/w8ONEXPbviVeH7SqezT27ef+7H5Lx0YSdfhib5wGYBeyU5wS9fPM6yO3PEo4XtVc7pq7nt6YPDVv1dzPstN3crAgMP2w+TmxpQg8QB3yc7CbzKOF3Ya7Ackt5CceuHmaskQ/Vx617qEYNFJgQwAuFt80NFhBdVz3yXV3Eot9xpFzp+obbitMc0vyw8Hvpqgq0eNIac30Fl2ru6J1Fm7az4OgANHOfPiMA8kBUx52Xfft22snCpNEY7jVUCikwtKmirRdgmS9ClvD4IZryu20mmWMFmM+5yWB2YSVMQfmPTFQbkLl5gVqXk4QLZaw6E1sAhSOOFn7mNyUs+OuiYob72nIYVpXp0lEIdOAEjZEU+FW29a6ggByGe0aTUaecTKOFmqOXloAOeynuoxo+qWAzhdc/u5taHmB5Bg9rg9sVzUo0weM51v2nsmUJpuy1SVK6s1AU4Rn7vSWPME5cEh0DDAwOHMLx8Zbfw+dv6vBF2+0fqQ5movhRwRlD2CXk17ZKjWFJXb0Hlz2wVgrVqIJ5/rB/CLp5BPn5JZ3+Z/kxzAMI36IKZpmA42GPiTWVeHQzHA2dmC8ii7rAVhS7+FKQurMSDQIiqueFWxPe+QbnyNC12CeUakVEJ1cjMIC84IlPIhgOiD7hb7vp9XVGz+4H+ZOA7C59xjsvl9So3ajZ3Q/SwMimg7J37KLsgU+PH0nQM1zw7PRyrpGeJMC29bEfRE6g7nzpL5V2joBh4dKsNxCWQcsGURl4bAP4eaa6ZC7lXbEUFSYZEJK2dfODcGG9G3UeNM+H1be3OWgeTiOw69fh53Hw2arYkflYIJnDCsAUey6DOj6np5RJpoNHvmf/Lrbh1VY2/t0IUAoqSkN+RrUtLs3ckmksqf3Kp+EhQq6AGNlF1Q7BlDsS45z5BeWSQNDW5yngm/s6qicqRiBSXKvwCLRzY4uwzLkAt36fQFTwXUiStCtvXHnpVMKlWO/8rAEKIk88ic7XuD2w4YfCIL0tk4ZYevq4EZr7EoQVGNPwXPzKeZowTKHD8oWC/NNrtojS9vAUwMbP7BDGGNO/5Y1Syj23A4y8+8ONnbmIH0D6R/HtEIcxr1KezI3Ek3EVyIN8FeeSlxeYFbctwmVKOPEfRzNXVAsOJQES8GZGFazCo2E2N7CyfsmbJ5yu8VLEHnuzLsQS64AoFKKcV7C+geUamqVCuxKCeAJJ2UjJsdJTG2cudqQc1EfENRx1BBPeFQT6MMI3BkgSZctYsIFZ7b0YDKpyNX7Fu37Lp1QTFhojU+QLSXmdI2l39BQFfxIgdB6hwoRfpCwoeECwPK3ulpbX08NxFIq/SAAqetiWUJIbXfpgui+6uvBIojMlDXlBjkJAMVQnOkNQIPiPvpE2cjvgdd6Dl3Xd/38tpW4C7WEsCUosnufpMyUN09h/kESKP0B++qqCQslr1ikSuS420coqHrgtK8w0rIO5c0vHpKUQAMvMBxAoL7ef4EmC9k0oIkjBFaaZNm4YWlVzggsjC9/jqJpf6GW3OBHxZPcM30wlKDzcdV5pibyK/pr0H6RP8vuD0qUdXRARRibz9qZhfqDMOXct3lX3NLtlruk/gAHQpUZoLUNBm5UAiDhajbF/2d2HbxNgRM2SIRQUa0D3W1wNsrcZa6ptb5F1Hi1pXyA9J/6q+RuJljQRjnK9ublEC5WzmN2MDm2cpuUwgU1RxMPOkflPYVpIZd6wEoxKXRaBl4x/KXOVCO6jo6bUySGddx0L4UoPVFedFQ407ETBJcWQHaI44sqZGX+qWNAvAG7X6I5CqF51/pnMrKILljbjIzrC/MSBLTmZ/cDdfVyDQ3R0JpOefAgBTYRfENDw22wCLLq67YqpMfdV5mOJ+/hFtvAcVHlRYq1XgZeJ/PjNhpP1ZtMgWBV3SR6Gz/DW2IoqvZRt3mHGrvaHPbJekpVfPWw7ciR7LeyJGLiuuM136k3ExQ7EKxA33GhDFhGG86/wzZLy0TCmOGmDvsH9KC5QpWieSOgqEwpoJ3KwxNGjtGN5yMoPVgxxpLTqZPZzgj3iMViIB09PTGxgs+QK6atuoTpp/FGXuB+/r/nBWopgDpDOLLy5DZx9qFjWqCmlA6jIWdA6eP+I9HOTonMvxKfddPakxDMtmPVQO10urgma8obr8iijZFCG9+GXrec/ZOtaM6CSIYj1dE3kADgrqHPfMYDne/YrKR4bG+Q7JiqNB49j6VsnCpzNcuMaU3rp/IZdTmApOARzQDbOIszehYVwKFrswo4go1wYMhazXn01bjPDpz/t7V9T+xEVCCRoUk6OGVXcERg97t9RA8dgQdbPnH0ZwTaudR+htck4uu6YfhUeEEBatYWxpyoL5sanoBWbxOjZXCR8L4+uOFeCJobguKpoaF8CMFbpbeuVUecmlmBN061OwUEoD6+GNQ2FEGV7E8y1+4EsNnMuxK3GrN0memfBnPymd5CUiBgEQ0LlS/sOhnWdBcK4EL3ZBcEa+7BIzGnLdP2nJShFuMEqm0eZILRdpNNVUV0fJo4VYM1g4KyAB8zirTFqB7XTweLYQSyB6Gqhzigoo4mFyPwPlnqye9zt5WeEUgsqHgWnpo3+RGtPQei1qFmDP1oADJV8IQCqDTUTikWQpTBLVC6z0gZgR8k82wVT6fBqEgI0REElR6Bbmqmd3Se014j6TEGgGtXu7flW89jDvImOoCC83C0hyif49GkCRZ94YhyiR2tHY32JEGVkZVXWgCxa/EbO3rSqulqvWnVMa07KFUQPSYkEepkAeMWsKtUqd56doZNkSiphKOOBfE8c+hqFGCr3fMKENpPaLwzIvUCIsz/qLUhP8CtT7oG4PFFD6ocFstYlcaIhZkOSPg0bmMUhxFocXGwd9sIzRc+8aNzvwFGoRe3jBLPAZT+rnPkm3dUJ7ggiYVm6LPK+eapeU5hPLv7uCGcSIH1DH4Pw/ZMYogfDQ23QauypEJi4CMIoG5FBvvF+cMhNAVW1cBhER/X1ZwZMhe0cjvwKrizhAvC6S6pHpzefavajuP4+ahiq07Bdt9tfWOZ0y1mGJgD9Pq/V8eVdohw5R0YacNv1la4McflC+H7m5vtm8PeoXNUzbtBsFICF50Ltc7rZuWZh5sTXZGuQbUpdxG4pNNMxaMKht/+3g3hGulcXEA37y7PejODISB6MfeXLsgl5IOwhqTnCkUWCyPQbzji0X4oL1AReYNe8mU2zqenI4opCovw+SWhSt/IJjDYx+VgQ2VNnEFBYygRgWpvcTtDc56mRKzV2yM1MrFuexvuzBTcUx9gtr7YmWbBn89wqvOMKsh79Tgi1ZBHNsrzUNw7LZ65p5vP/oVlcJisr7CY8PO2ecFFojEDDGxBMHdQOxi4loG4fAyVgS73PMTorDCCjQjg6hH9gooQwcvqgGjshdDjcgL5GdCLEC+/4exRAGVpURxGoIU/yyDpn+DgrEKPyc0jUF+aMUzba0NDbOSZvpCGKmFPCoRWS+6JoPlPffP6hruj1dkFVDBaVa8NgkfyAKg2DJT2gNRX5x9Tyk5YSFK1TMZAaF24vKwxd31DMgz6vc7b4yQ/R8Rh2n4bkakZuFEWUA2GJAhLYiFW2SOXaomIHTai5u06eYNvZ4S7zzt56Nnelu12EEW33culemf6vpuMPoN8VY3mau1dklZz3Hy/M8puDPn6SaRX5tGSpZfLV3iRz+1xaZE9c0gtxru7Zy86fwi06wgPr/XjhnFEgU2g2zeb4NSen0ZGx3qHaLzAeT6zsPy2TmYmD+pjiSJHcONspgaS4zTEkGWgtQaSkTnPs7LCFHv7AEKrOy4iCdiQ8c58oUCOCDHGjc5CUXk3p1q2OvxwjfJa8ijVLnKIlTrH+Sx25GoTD9YOCdvVT9T8eiBZB3Q24V8hTvNg0t5wG57i0QsRI4yikxLP6TIjKbfQ2XOa4q4LPsLkCAz6HBGMFIfOLDE8NXD3IjN4wi+PRnYgIbk5gbFX27Z0wAWIdmoYYjECVxY/cYaYS527PLPBRWpWVm1xg8ZStZil4qRXiVbeDZWiXR/ccIbY886GhmRolVVClZmhWH3eG6c0gBpvx64vyTBXbKhqxSL2l65PtG6TMk1gOA4ftrnG9tmeKI3RJYlJlIfxQ9VsVFfbZeLdKvzc7mQSZ1CG5Qjq65ZdqpZPQdi7mSr666vvuk52PFX+vuup9pVuGHGU5ZKI283b9dg6rJv2wuvVQ/kn7Q5dAtzhyEOm7ByGccKsOpFst6DaKsCMOGXU5KYpcU3uJg71XlUmPiEnlCCQGyj9Jbtx8wznMzdQUiDAzOGPwgvEUxurv0QXEdyqgVudiTAMbk3YD15omqbY+e4zHioIbQqawDL8EtKxQx3dlO5uUbC3dwFb53Dwlx0H+kTafj7egYuqDyrocswqXoJfqK+QO8smM9+pTLKuQ8pGK8tzLtjYfR7gLMPuk2rnmjj1A33/osvPYWAtTutDtHVYSbkJ4q9jvm2teyXo4uUPLGtzOOv9HtfmcyQoTfHuhmblmxJz00aT33A0Ulk7hX/aL24URtyBEcj/PnKQDkLLkeehlWlDvWikwAcjaBpU8hyqoWELCPr8UAC53QWMDUrsSQ0KG0DqUSDHQVUEVZPkcRg+XINCdc25UjbkvLfkubV4W+AiVRacyJpFUUJ3Sfip+6ynfP2CmqLImV6yIRUnv+ifz9R67vYKAAAQAElEQVT/jcddXkIUFILNHtPxReFHEKDrqUKMc591sdBoPdxtlYEEkrlESwTvIkDD+ah7/WoaKqthBG45wUDaOigZbLky5WNHg/Ny7fYlnosTuM6fFYOlTNkLC1ZpurD6Nz/nbq14gWQtXFR7ShT+EuE12VO1tmagJBoSQQ2Eo9fchnonnpCduuStFVC5kK1K7/Qghfo0iB02I6nk+3xkRVLjPSLpeIDjEsdN9qxWd2mR/cV9ah1ja2Xl3B4qnhzAk4FWAdh/MQdJ8mCpz6eYrxtnrhLNx1JM6GPmJBKuPAzWi6QTFlS8TEbtixv4eR3MQg3za27pwHVkitL3hKPLK5J5AG3z4rBWEfExIFb8oKPaYRGLWpXbzve86YAzjHRAQqIyAkOmB3YujTaQV+8KRZJiLJfnanbObo+wJaFHUA1JcedMbhWkITUaKbBBj0QL+YaGmLBcTtSJulLOrht13v24D1R7DyDfIPzcpEuYkyzeakjyOFK+DNPB8EzFcVqAtAVXHHR7lrEAjPla200sy1YizHeDYr1DOLju0FycUd5VFZmSmJ0hr//TX6rscBxJcrjrwwDS993r1e/MV67igZYof2L/LZcOSXsK6/658GFlBPITAKuIvFrWLAhihWIKUGuOiNqBiXLgltmaUaqvD75oBEUxkEBzAcy7mOi5pvBP/dX5dn7wAiU6lX3mGGwehjc3H1x5gdthVUUA1IenpQZqnOLRMTWVVunyt+WP9F3sfINsbdm6X63sFfAcQ/gMVOe2ZGBf004mQrj7pY/jiHS6TlmB+Wq0S0gOC6mwBDAOmCq0M2/9g80z7XeMH3JiUC4RTdHjj4YZHAfpUh7iM8Dab6aHNpxrqsXMCXTMgLvMoQxAUtuRtb7r+r7/fAZMLaMA8wzEzSfFI7H0Rp7XgMlOLEYgC8vFssL/QEbgHAWc+a65erZS4CpkeUgfUP3524aGhlo6ATMpEOrJiGchaLJS20yn4Z5o9fQc1eURF4s/Odm7tGHJnKlkAFLhBcIUQjVSJavUKZmfz4dfoMv/3GFGihHb45zqOsE5kVUC8UMZcmI8q40WKgMEzz8PnBvv1EcdFRzuvdz8Htwr7OPR/ofRIqctd+Es5RhAtzj6jthEi8gJVKRFI0hGex9MXrZFgBpJBsoS+yCrOIH0NzOe2G+jg2l5iBdPO59K2jnTdQtoMqN7/DDvjHnFVnWWbQkDyGaOBwsHDmWbW3fSNu9WFxmqrSkVty171vOHD73mclxjRlQRngOmhA9QMmLVHhzX7ZKVkXsoG/GUrfRAPPqkm3KsQSGOuk/H6HgC2T2hXY+IGj1/ZfQMEh3UAiGDBXA15z6z1tlFJvKiPdQzPyNYFmD8uw3QydgdMecJopeAFMc0UhZ9rGU3ir7XmKkxMhwNHzJP/HYDQR6ZVRl9LAM+WwCvBszKc6MWdwQWm8GBFV+PGC1x1jfqrEVkBIKLZYMH0RCrlAtquWYsU4DbxDgtWjY0PBLpK3ZrOgWjaQps2AAUTw0NpaHVznPMSlQqQ5UpBlKVCjkha6xOax7nCFWEaVdrQM4LyiRdjYJjPL1KjSsQgUoPKopCh9MdqQe2CGSX6dJ633WOVNgnZtQsYc7SEJwCoZEah5Ab+mxBL1ceSNd18zn1hOjYNr8cONEwR3DP7ttsEeDCaF4+ADFoz5ApGkRncdceclVqyHkMwY1JtPJ3WH5Dir342zICZ0QrvQpH4zsmuZQ4L+0QtN+J65eoYJ2G1bkDme5gmb2LTSU5A5bLNbdOFqdIduQqPiXmHrIDMx2gmCVu2AiwEOlowjraK3bqhKxvnTSSG6mBR2a7YcKvZgPJSd7vtOLeEFX0vxgHRYJ9YJHoYZotdCMiZVXK33IgIs0v9nC5rSxGq54hZMLJ+kvrDA/tJAZUBRkUQrqcZG2fEwNvtoiPQtRjtGY1mwdjB6aOAcmN3cT8OLqFeHcbIC584NvBN8vFVCLIeUR7Rpd+dECVPUQEUFsrhREYcYZAget0voAJWD4gqfd0ekNDQ2zcdHLzdDRS4MMQadhuo39DifCplyAYU1XW6Zboh2Neft+MNRWEgalmmgVuVU0tmdY8Uh/EPuB9k46egxelBNY7G7Pj4eBzu3xxG2gk5MioFD3yMsiV19v7xSekFCBDToyf8df4trKK2helNbSzZmM5gWYGog8LqO7ErfZEJCf75WjSX2LyROEQd/GRP4g3qq6Sq3jpoDte4YhnUTHaAxtLSeEdJBhOjzTBJAd6f7wU2WKm2pYEg12FRT0PmihO44LSiilIQx9hMGOnD6b11HD0IB5QMPwUm8pwoNgpaeaKj7B8J4ePKuL4Gjaqu8aj8l1Vti5eHO77VUNmB57Y2A54qLIhmenXBdbUhLDBE4UXfE6yZB7sfmOifALdHJxlkOWPPyKGXqWJUh2JEQmPj9eBy6eSKAm8xbwF7aec4SFZm6bEbi1ECVO5biwvSQAi2IAFrtb3iBhFTv4lp+G5IUKxgvJRY2DljQQ6pdukG3R2bc20toLKKnLzuEHvmwiPmdY0NCjRqm5D1VCSAkuaXzY4oDECGx6MKGekasJxe6ECCPVSFV2xipQgt6b2fJvi7qAJFrdK1qUqkKUYbiFui40HJHkXf5tuWdTxOjGn3Sb9x7rxiFxjanIw5hXKeBJeDMRtq8uuc43d3h6ZzraMOJIc2g/vAxCNcTEQDBdA7X6JoI0cOS5Ersrz9tnhDk3ckl0UdJ7Fg5lVMzLFWlxJlvincHCGAppZpvCb/FeDe2RM3ljy0Gy7XyW9DDTbsmrTpW9QWiEHKwqLFtMnuwRx1T87d7r8R21IJ4s1VLs3G6+Pezbd+osnISrfFhzZh4R0W9Ies4L2kyslz/AYirV/+y9gTZQJmFweEoTnV4X6IYi5iKc2ooJNCALu2rZFlomgA73xCLZyiSCfScQITFo6S581TcI6JR06DGlKP64wjStr3fuZZ9TOP4PZzt87NvVHvCAi14HJJm+W8NDVzkKBR4Cgi5Pjt+ikdEAAvtAk0kgHOuu2Zr62Iri3n9gjIVBTq57Lep0L1JV6JRJkQcvVglGAUCwbQCm+YKaRssF2WyceXELb2eW93zSjg87ajeEjHB5Q2uOD+SzRYgHEPFo88DEW5iIh84PO5GjB/L+KFFhT5X8U8raxhoasCKjecv9YGWollEA9A9nI1Oaxx3nzQjw/PfkzY6gqsVuFHdlCjHtWQVtxBOu7MFoGBFzZqaws98tJsLzZLw7sd7VPAO6+mzzj5EjyGPglZeWHtCU6R7bukerT+gwjjC5uzGbBZYgKA5ohTHSFiJjgvESOiucQhr3eAnCx/ySgs4XiMilrhBiXFxWmm1+zFzqzKJQpODyhhV1VdObH844CzYVwmilWQ9Yy09nbBnIwRm0ouHknYieDGCeEqHw7Ro/sAthZXSaraJMhZOPPpn7E2nch+1AMFh3DVOYCWBA/3XEnRiDhjECh3jL6zCRv17yyAPycI2MFppyuFsoIJGurQtwwZnT2HJAuM5MQHbY8YVuqcmioF0Aalzt49S8cccBh98nP00Ss2OiArnv1PRVI0/NJFhF7imQLicUkKn1qtwFgGBfwxHbf91Nx0xt7hmG1aRugKyPQL+tg8xMNU0l3pCJA/3p1AJ/PZ4wpv7gNcD82Jhkoy0M9JSxD32MVcGVTrhhIPa+E3afwQDIlJyyYjmGaz4xdp/FUmRI4fAbJWNZ4wfMWxJFubkCfO2aNnS+ZRhxOSwTxPI3AzN1sTqa/PS6v279TF74zROFq+sNNQHgL3UuTyIZ7IULZteJvKA+tVjY4YFqjDgPM6/Mqds+5BJrPIg57KRuL5FngkyesopApODeuUm5znbcmV8h6PaJNAWrOAiTTFkPHVI5kpUeWCISlS2iYke1oQCKaXQIAQZIopqky2sdTVzd1D6N7HFg9hWZP/mihDd2OeNsITRAqnnSe4rkn1vE5rrTglC24x1n3YccLRIc4rl4ZwnamBrKQcNTtEjmwA8mWETgHcrTjDzu39pMK1f7onIKIrTXYqwtoKQHMyhj2CgEwehBXWEzGkJnImdNQtlVcbGLbcXVxnHIdOm3KUAHSTOtEp03y1uHMC6TDiMP0ymCySXixYAnvYBwJ4u16LUccCHhdIiK4Uzw0X5wjde6AFXXHLu3RuriUEegClxCOSrOfjWkY7wQlCLbzvQRh+Vq0Pjy+rVUWrkQ9F/e17MeyWFVzqlQju/CLNKTD/XN3l4IEPSMqTcRwHksT/NyUchSI+9z7eGJPHPKyEac4YiexQIW3y19k1mFmKaMkD0GyKmXnhACyzMFAfJrNyWpTjGSiWLk4A1+koWFB7gltVrTxtqEqLOpm66n54zAiVZtXW7r5ZgWQyi7TrY0qBmQmBtYmbZxnrM+FYrkHhLTrg4FE1Dah9KTk/C3q/ujTIgDvz6g1x5FqaAOost9TABwYKwrHzwI03nR2xMtt3P02uCMOW6iAFlReJYjE5kuTt4FewsrjcgkMLKlWhhDPs2NDANyGbwRuA1KHTYzUQNS9KUKzOaSgZQe61i2PqZPNV3egqd5EPbMRNldRRyVpJ7O2Eqt8KJ8RGEC5o3qkAIZhmDei0sTAM29SZOnez67r+tdroGrTBnRRMP0g0K1KXLtlLWIPkTmbDHp9ejJul2xpWuDZVWWTvNuwmOYHj47X2UEKRuBhHuYH2PycW2woCmCsVEpun2R4JA2Cyp+tKaiqDCcFTs17xFFBRlRFxwPjOL7f70YKLADHImBEKiTXjmxobRg3KHa2gR2H5upnSHCoaXnFuuBCXMAII4dsuLVy9EbuFGA1WboM6c5gEIyFmbIBjHkOZN7ynZ7G2QCYUsBxdtQhGZkjmA07xgLkz5OUYmT2RuB3TlF/OjY3GBH4tiqziYxWyHxopMC7I8KMpk2KGspD3FpZcR2vK+nTzAWq40IunEBTqg/nH26OeYZVV0nXmWrCqWFQD+kVtw22suJeAdJDohzAosdIqLboBaiOQFwkdrXnhlj+V54LHEKK0tavByTOEmnfyQvZBaytvZzg4twprHAwGiOQo1DSg3L742goTpyHT71DeIHyi8o97pwbjMCBF0gMUaV5orpTWOmx1CPjdsIZuhMImrgZvvpi3c5ReTsrMo4SRgI/0i0f9u+AoVxNyD9GEk1EvF067pQv/FkbyyEzjwRQebtc7HBGzkHvjxGR4swlLlvpyeZfaGWUHSB1lQ6O3FFCYmXwhPMTvNbpKS0R7jDrEfKGXQ6eshPcPbG0r5kVetMBV6uwTNUWOGWvit4VD5Gk0FF82dDk9lUBjvaImTy3f2cCllf/YndNrtrsuGa7YVSy3aOkS3+qY6sLQponSYa4EwvJk2ypboBhITA/gSBFJWXslXcNxf07ZWdUmOQj0PlDzEDKBO/xSr2mSCmmkGfcKNlByYnGpJECGxgSzZ4aGhquAtTaritMNRBHzNRsDAAAEABJREFUtXlwu6nZHlDfbbp1tmgmmKhvxbZsgTIpSD33ZK+AmQMFiSUmyu3x6yHUBN6G9mQoo5MkmD/zfKCSvupuZIqLiJlXUp2ssGvUQxz7jJ8lyahIGXC/iVPGbLJkasUKqXCspJ6YsfXN3mQ55jSfXO6f0V4ibIlzXqA0xKPCNVHQBTVeKcKQgl+cnfOzVKGAyA9hBWYrOt9Q4SF3cJzd+cxxMrRdNO+gov8SLWrk92WQkQc2z9TPg4QINhJC2mn3AZuvCxUjpFrATDrAU3to+pgaqYqIEyLZbzZNiWVUt9hqhTS9Snltizf3ezZ6265bB6++zr15w6lBkG9OTsD82cLYZHE7T3KAS6LcM4AuriNIo4Mqy55wL22ESGw4mD+KP7ImPICd4c6tbBO+vmZSYDcsUX//eqtIgUE5Y+XYqqFFY/Aw1VsjVb2FMssmHiqeITUUhlYXG1ZSYBOr3w4RlouXCh4aGo5IWCWr7OMq1aPClQXWI5Jc1nhOjlSG98gyWM5h1wVezLO4tSZU2JEhvVPgQ584LbCyIqdXL+F4UbKxmNkxJ3vfffISnJ/QGIGC+l9GT1hEA6lyDmCJuG1Fy7sxfT73IBtaNTlH4jHmBp03htJhTChoCHeIh6Kfj5MQEy9wZQ7qmX3zF3QLQ9r7h+0heosIbywqZmUadqDKc0PclQN82XMfFCVSAODkPR26af+47wlXqEP0S9aTklw/33vQ4lqGHOotKp4iI3qOot5bNH7dAAx9REIk9L9/9VQAO0zLdytGoOeYssnaS3pIY+E6LdUesbitc4WuWwwHijycjCP4bOmK/fJTIqg57KB2aB1CpkQCOb9XdkecA+i7jv504+agh3L/ZV0eI71GfgzkRkvjI+6/4ByNrbxUySPcfDJ2USxVnbid8v15M02B4tuUIlIj6uzhbo5WaA0NdnhtZ+MwDxUgDSewfb0S4ZEoIhkXAg4ac2vPkYZykKouwsymqW1yUGnjrrGwK7xGbyYGVlPO9G5sItSnpdy+LA51EoImeToO4yR/gq5DxG1xP7+14zggS/1Fxa/WBULyQqzHnqAq0hz5k4xlHR4QiwJ4ej8xHw2//jaDzOGn2yO5F3x22VOjvqVVOErMMAeWpwl3qQvHeIJ+hzcCLJpJ+qw7GYetxhXY676zj7ZkGbQ6yax5gcRuXrHfRD2Y2nglWSRcb/GIWltrrNHomW3GgY54xH8TTYsOOaS3ZDU5UyNqc0u+LtZ7ThcrjBRIVaO5DolPGj9xvrXCKVEpet2LasL62XaafqgueetD1Lyn2pW6bpJIfsYPWg+nPnPIHSU7K/DkW+wCtB6i7oaSEuZdh9ZBMEdofvAODna/DDbk9dMQQX6EvZlMQkA5ZH2vevDj+B1nEco2oA31D5YoyeQ5zo6jZt3Y7XwAfciT8HYYE1HocBuQ9qu3ABVG+LDbWj6fD02FGNUqAiofGxoaGh6H1yxdAUChigG47nc2Ck6GYhd6/sTel898uw5QjJR8rEVxkoBZA8EyZyPxKgOCrQxBZiXujaJAXMO1RK4+1EmKargPEjfMOts91JjwWtXHQIwufpd15Q4YxehMyoRpAjYMn5FUeJEuBzxYLnqGY0XHanp2KEnta/5sB6hi7n6esZb5bl88t8xQzgiPM9bfCxjJzrMhtjfyZ4Ri4lhvaRSccju2hl3n8iySepax3Zixl+cnakzRgnvnxwvUbu/ueIHkyAAR+/A2U0M5evvNbB9qIKM9WSYYNmJtBb9x4y+xxyHiJruhNfs8Yvb0Hzv/nCFxTS8C3+Pg+TCq2AHEA1k7hX3j8AEIyqzM3HUIOB6uZQQC69v8hJGpyxxPDYIg+tGlt7PNAl/5TmHzEKofE51j5baeK3TqZakY8mlQl0aagch53R8SDSUdUIBWcjDIozkfYBHSg/qmWrFgFaZkFxRsPnEM4yQIH1B9pIcQc4Kldak0gWOmuNy3q7qeRMQTxpERJNQkv2NkeUB433tekIjskHKuoaEhH1qza8iG1wVbC6CSvqVex4P0vwce1iivk5o0NGyRpS4uc/Xu6qp/drxQ+822C9pJ9QQnuzY9W5y4XglS0uOU/haVtfXQI6jmOCpr7rpaUsyBhF/HVFeqF7ATN6ggeuzenzmrU1/McSW0ssj4ISERF3Ysu41PhiF54lhZ3B7gtt1JuzRXhjjOf73mxDIAYkvy6mjUK8p8SLrPSvBeyUSr71nStJyFvjoHeQmj2lg20GzAhsX/3DVsw9eGeCLgQM3zJhQvaqA09dtuMOutw2IFVZZ1AzsqH+3hMGHwIAwBsY3WlTyt5D4DBvQjYPiQt6MIDo1TLM7n6yY6ia+g1M2SL+xigB5z0jxFnUfqXukccCYEumeyRYa5DE65wWlDN1+IOZYaCN7a3NjjtSwwfjqtJ9sbcDeOQWG6w0pjA50Fc/xEJDQfFURBUKnd23siYg6GQAMKANVzsvkj1xFIM4YK5arp2XD/UEnK6fSl6xZ+exKUSu0mT8L108UgPKcwapwM3g+veRikMxqcH/n8hv/ZfuK08fkvrmeBlufVcH7lXhFCdp6AZGHxgSyq/E4X16c1TJaj4JyMigXVII/uWVaFDQ1G5K2FQHoKu0DR8Lb/YPEVdd/24aCC+4FiZXSUDBtl9fKCqyZaYFUK5GYItfZZBrhChH1CulDVkC60M9/+LlEH0MsXPh9xUlN9ivPhsLsa/JkcQa4nEItu6MqIRcj/Sfj4+SDv2yus9itAbDABMS/hnPPc3kEhuQ+WnUEtAIsNjupQRHZsL2W4sPlAzBXBzTthx+gvDKZbJds9snjyHgkKBljujN0XZsTwXQlAs30rJoQHL9AwKwunBnJxzME6sZVL497ZiWMwWshQi044BIuMymwrMZIFYDt+LPRZ2A+ASjx2Ss9qQzIhxcXzG6s0zQs2hwywqzOByFTlROq9BM/mnndv9Zo2hKdfk+41Fr7g8Tm1VpCAR7u5ckTXda/Xa6TK6wbnNEQpRZnjJ3Hm5Ntsjxy7/T/JHf83TCJXmiJlgByo4gVuTVCebsoSLDmGO3dKPze5igopkGNWeuU82z3s6CW6NcviTHhUtkyt5uv1mhI1lThLWiWF3hiBFaLlQIPAa/uKEhfP/nn3v+wb0Vg4PqwRQEV8yDzPJgf/9e9EISS6PyvQcyJZ+CqioT5kr5KMFjyO4eGufQieCQfw4ORgAZ1dKb9qRFDrki9210epCl1H/IDbP0Zruq5dORyAWAVDiiQ3zChiw3cReFRWzIwjROoBIr/aoVK2L+vOoN6+rGIWFFUOOo2yZPq/9uGsjeYraF60/NhtJbTaUcIy/8mlcOe0ecZ9XlVV1bySJFVDZstH09j8nIS/MdYu0w+OXVMTwAtUSDpcbvQlSi+UKdrYZJPxbj6bpIq3PFvVxAdPImZwobRwfjewRb6gk/EBUxRGH/9jQVSN+J46Wd9sV5itugA83FyLE9HeeVICkpw6n6yqmdjKcqiWUueWCnlqEK4dUgYxFeTf00MLG6ljVaRMZFYo44lSZplg2RiBkQL7rpukNDvm3fJnfjfyJJEJepwSL/WPbCKy+8PnJx2RFAWI8NllM7Nbfsk5/4rLvAqJ9ui1nrznVCF3MzjYzzY3L2hRDocnK+tOAL7hBTDUpGGjXgAXuzO08m5oiIDWkIrHizTcCTFWAkWuJhoqQ/5aSEMcB3qki8RGrjWCWzBsXSeiliKC0wLp6+sFejk2KqJEiMR4RM0n7fPijB3U307YQeIFQm3dnLR+uSDwy+Z6cHUELsCVJX0pmL40ghUVtQB4XaErZ9OtK8xNO3NlNfVKCFBOIGJNndwRPOcEN1aXEacZ5F+R7F1mKaVar+Y6Auoa/ouGNdulpPJqdYfYszQcHORA/Fgse6bhPlnaA1cHbojiq7cnNiOyOy8Qo1AsQccLJGpqIDWe5uKvVz+FPw4WV8iBihzjEEknjqPJH4saDQGRwPk2INC7TjeHx81PbG/twXkf916ixiulVSwXF84jVdaw9/bd56YPmc2yZVpIQuzy4ZKsOqtgTPvAIqdOgxLrCIoL1AOqcKmSHtj9zs8zUWzsYNa0NxMAQdJivxXhbTyZvozsRgjHuyBmIh0uf5bXRUfpoHWrNjMd9d/P/yn1F/17eUciXwaP7EKJstd3sw5+3oN7wrjkiYqT3tDQUA8aKfBGKHW+3NDghstq8oaU9nSwpWbC2zbptZ7D6GJf/O6MyWGlpbapl/1uRO6w/g0H0HOAdieDVVVLkRBdKmLIki9n522RMC5Txg5T5RuZcgggVelNmq8Prg5MQWKVCZ8pUbUJJ/hl2Q8iwXruE0D1k/8b5UDCVkpHvRFGMlekukWVc24wzSRw5634mBC82fy1wyW46utuRjw2oyMlrJj8uahRnAe723c2OpYN4tNhLO4RXkJen0z+aexomJrztr/r5vDKDuSviuV/SujmTsECB8qI6AghVwy+qHyM73lEhOmdMVE2YmFtOIH+4HxcQ0kmtw3Cpg0fPE8Ed899ub8JBoI8zVPq+WPcbBBCZU4GY7IYQ4z27zguM/HrYpMbwM9UZNEPeeCCwfoJDtFSVRRK63duogsJDuadC6rjT7BAZyuzJVylFiB3rHthBveBaJGCWA0q700TIY0neCkjUOVlHHsa1E2NqxGJirvQWtQqd1lo5dGQGY0U2NDQkBP5l/GVgqlFHNNdpIvj+BkdSIG5ESPRfd99ffXL61baIfP4Npy+hQso2UfBGhTWQGIRijOlG5U3+99zVKYeEcfhw4VwaWp3yaguwTO4ssC6AJwbF8QLxIOXN8Is031IwR+TcVocfqoin4U4qbesQ6GB2bt3qtTTRGEYPlDpqLdHyw0Fruok3DM//TkSdDR/NiKnWsOaSooEQcX0MoJfMXI1UpI2Paqln+ho/xCSMy8Qz7y0GRhM1CPpG7fQkZUT4JjVKKdz+0G5MZ+qaUXzl+pN7LvJPyoIkmkRCaHyPOvk8MQLUTV1nwkpfiYfIx+AAKn9mAYSf3rUPeezK+l16gxmclai2l5i9rD+kG6qvj9UmSzxgGNumYauC6AZ3wJ82rLXYGPKxSLiEVZT2H7axGZ+Q3zjZxIiEyN02bt0bZwPOI44HovboVRStBQ4kTWdhXYaG099EzEZgXtC6Ln1uoekEJxdDP7cnK2lzrS20dBQOxop8BYImjxt5mCt22+4EoWLw56IwsQGGRBRs9QwDOalr0b94SI2wJ3h8Wl5iyFDBb5lAl3/enWHyGzD3MV8p6pQoblw+/1cInDY+YgNrkUMa1ITSBb5V5YDuQUB6ksyB2f7xhw58UYD8awpEJ47fz0pDtHcoaY+TgumLfRBGeFTp0VTeHCLcEHLjctRfK4Dad1nKty41aHO1GN2VEge+EUDtFwrFL6im2PXSuHCC0TOC5ww2rH5LCUg554tL2wKAkH3JOq9l4wL2IQFl49XrSriZEVw7Cb0aG4AABAASURBVDkH5YT5FzOuBbKke3q1Rsd4MioujRcsEpudh6rHlPy+7xlVaLBwq7UQtTHlaZmbtPBOMsq868SLooQZfHQIFLEUOaOC5fdAtuu6SeLM6/y4nHZf7G2AZKQ6+s4Yk9LcQ3KKi4f0Dw8JlwWgPIdQeSjtDCBT8UfCgeTsjp/La6cDEdDdissUKCYdkPgwAsMCYoz/GiXQnONttkAaGkqDVa1sVbflQMOKRgp8OBznTQ0N6XB1LYQ2/FUCiMULpIK9krUhrpiXbaySU7ls1ymtzbYXE5BUGMLiF9t4ESoZZimPuDeJeyPJVyxblfrkoqaozryc5UMwnwZVrVqf2NrrvUkUAKK16xsBhYw5Lidy51Hh2fp4SpwycZIMtfoJPG8EuWjB9mFEKJjzE/kqJwhtPtugQ8b+ImoVPGwg6t+8PH96e7kmfdJSIBbSJ0TPCMQrCSgC1llqF5nwKKPJNB8vcLMDDwvp74RZg5uns2iQrU2Nk8gTkZMZoMK+ZR+P2pdoAJ4bcrmkAKb3PBAgRfKOQ02EOHNKHL3FAYe4PuvzNHVWu1U56KDvulFQAk+5FBfQ9XKEhzEFFsU0J/tYZI2vmn6ngcehunkbETbBiSf63PXdq/+aqjziop+PbCIljaujpURdV+qLTFoyia2VFI4v2s5HHErPLqM5n9HA7tfCqrWVmfppi7syAmXgbUf2Bk+0wn40WvFmyYGWzfdBNaRAvGm9DJrLZJ+lNjTo0CrjZeCqpuo84lQDppL9fAZZh9I4jG8rBYdEMS7qPwVXof2eb/+aBMi9HDQuT5vXOXzcfAJ6c2A3mQ5UFIUbB7j82fhAHgAhb7Pc5XoO6rxEFcfx/eatuVKB1Koqr67Uy4JmqHkGhSN+3gMjhkJhrSDHZgAcX+fB3kiiqgWcItnAwYjzuSpCaDgn7uOkBJ7XfeaigjkiUs0ruRvLHbeTDWkbWNnSFB0YfMEz9yl4gah0Ajab40hcFk2LTYnOILnFmAswDz9sujM8WHTvBM9ZlDAvyy+emF0+L2TUFFALHghJsXqJmuRY/C12chSSbLmAk3EEeKYA6Yla/kPCEeaHnevQLFRK2iKln0HqbJVhZcB5MCs7GlLVflj+k00XI5C5V1uuIPtEuarDx7Urws2P4MHxNIoDqwOM3WdgnsvulEeYg/UoZoB1BoE4Ql8c7JaBdhHX2bK7tQEUT2Fw9CfWLjqSJKNa8UCs+lgyVljkDQ0NVaIyTYE369sjzWUqHs4brsb1lY9yhobxUXfOOeNyeWlDUiCObOHWic1P+j6Q4gH7/kE6gsopD+x1OQfKqRCLbAyXq0VnwhC/PHn2m0So9VOeHhbEp0LJ7SnWkzi0hmmHzYSmokzjbZnVw3TpXvwtbrLIrqThj5Ga9J0gEjt3dIthbXP6qRIMVAVHB1ic0khX3kMEzPxIhe9VsoYLoCRUiMSMQI6zuZcLHlJFik6De3kVmBw0vl4AEyUiZiA6XqDMh0MX9x68QLJhsyE582HlBZJo1EDUuV+mYcsZFTC6MSJ1vQqeMFswAkWlTNW1unnqmOD4MUbQLPiTFXWkRVG0+InjGbi7aDHRgiVpC/L3HGRyc7D/AW0rT1PYssMBHro+1WypyS9UBEuXqDB2oCJEsltriW1QqtF0F9z2k/RdPMtK/bgxSEJSf+yGZar+j90dPP3IVp4x4eZQlwkyYtzlh9IcSVvWtlVChvnGFtyoBz517ZNFhzzXtMFTLzyRolhv1yJYW69dp0jU5Feelw12eFo1adX+DmjXBxeLGNORRy7NGm6DIuof07S0EIUqHJdq7AU4i6KqwuaiOLxVHR+H4XCXBO5+D5BFBB3nCeJoZv3650jX969Xt3iDkpdLRGW1i9JdzLPkDA4uNz74FBiTuwLUtFIH0ajng9FV9uTpi3zn+8VjByX0fwYyy7frXFWqrs0+ZkQdo/zt64Bf7MHKyGgeEnzxqE+L6BmA6FUWRQEqnjIAlFF4JlKyeXJhS5kqJlp49vV0vzMf1mikH/0UIaDQhGO1xx8phpI3DvpuYlEDT8Kb+U77GuLeNSnH6oLaCJ5bkX+qh+g3dEg4RQ/zGsl8+jIOljOcKWpGJrFe8OCLMftrL59cXPhHde+so9dH95/PZ5LKkdjgB4LxaJp+XFyDJ0IaMb/PdDuadui7nsbm9eKa3OWF++RooKr0Bk9OniRU3MwJWJtAY8SXX7SlJbrGLY1k6rL1vn3AXB1mzliC4c3amb/FbmrhX6/xM0yw8yNkdFIzyy+SdoW3nZtOlfCyLH8eSqwCbQZfHFqRNFyCRgosE8WdbmhocEQp1ZAd5EKYGSW1jbUV6/2OcybyNhBEMXKjJOP+QLnCiuEbrIS8VHIZSVGZbLY+k42ITvq0Ph632UhAhOgNIFM5T4JXZFcnC9OtHZRfFI+4/bN1XC5ux3qNB8YMw9ypv14YNLU/YAfwsdaS5xA0dxNV+ukjPZvBIdRbBxaIftC9QTyyCcFMvW9YkXTui4qn/Hj0eJA6Zap5YwNFUSNpMP8hrISnDWAuNbEneBxiGNxMl3nPOSORLHQ/F7vEZf0IqmfUWdr1lKC0rfV/B6dszNSBILEpmpAgnG1ZZLJsMQI4H0gcUEQsne4pgIa3GN4mSm+GdWCo9yttWPfdHY6pzlbZ9lV9PsMGiCTRSApE4uetRvJXU7jsBLHPKAooOKl0Fbp28QgzpXacpHNcJDiKjlG+eRMFqSgir0jb+6LmNxGMtT0MhfECYV8ASyFEDz2zR9aq95g6zJFotMdFowNq/XXwNOpGet3nDtHrU0PDFbCqkq3eNjTs0UiBBSLGRKptkTRciVb/CkJtOvOqxRML2igTEkSZhL3NOAz05koVfGUEQUU0CWI+70//en37RidvTPi4+ilTBFFYFya47OLg/MZUGIIszyuaTwrrvyq7M4BL+FC7MK8Z2cXONKkU871A4Cube8h8DCpt/TuWBXDKFyxb8uewFanfNW/bgsMZvkVdUhXZFfutau/lkZUmi/G93QPMny9DEdMbCefZ45CTYSsUevTo1XddR5UbwWDvPoAXqLE28wLtmF4brp8prI0l15mFbP+cHUikEx2+vdYpXzBD20KFAXIWVNzQb9WXA+m7fmovwzjUftEeMplC4jxIuQqI5HEaopAnT/YCRI7DQgQkW9qfIAcuRkKrPsjfN3YJeb/fJiVnWqwjkO7kdQfdBz9IbycalRbcGkZALc+/TMb9CBAvCiWv+Vf1jR4Inm1q5h2O/kaa9KaiAxJ78YXGUVCIMuoc22Vm8/EjaWi4H1q9bWhQoJECS0OCiUxDQ1YUXA2r3FKuq2NATuSCza1HteCpmoBkHLfx0GoPyBOlCflpbEakFy8Tduh5zwiUrMlSzOOfxWaUBEJHtw93EThEbBGp7k308ZlTN46fzyDuZKlPOCPO31c6fnFUOr2dNhimXQyqq4eXf8XSDJC3hipGOjVwt+tggAiKZMMCixbyBEbgEYbaW1ivkTIfnf2OGBkrTtuVlQi1Lx2bwaa6Xy8BTnLSPxE7uhuIOblLyQXwAq29NNkk1tRA2eNz62JJBafdDJo+ko0tXdfkyB9xhV9xwN4PILNXUbpYueIFAUyeR8dyEwmnmqY8p3gG9LMSKcaz3CGF7uajrCBNEOG+8F5CC/+ssegEMdFkR1p7wcGEvbJnenlw1419Dxoiycg09RFHLDkqWtemy0FuRFOOxzPC+3ev8d3KyXLvSXXMYCaWO6Q63lzv4lmjFlz7IyZrdALg/TGBO9PRB5IgH0phBHJUygskDcFomdhQFlqNbNijkQIfhwulEQ0Nrf4VBkhfIqXtt430GChTIkeWix00VsnTAJVdF10pTWREzpDTaTHMj0kU/PXq5wYl8xRlLYWb11l2ijvzTZud1Q7QpH5GdnMFzBsPNlDWjfu2+8urujLrUseK9eS1En9YxR+mms86O79MSLJBlR2y1ocGYsl5sLaz8dTRo2tLpdQtI0+EpEW+XA8jZ8sd8ljJyrmidl6UWVmD9QxMWUZZYAqw6/vXq/t8RhxyTqqD8kDb8XmRLjQeo9r4DBa8QMdYup0GUlIDz4YvJBbVE8g5cdQup4yrE0OvhYY3W4C1DePskRNhMOSWgoTdwG5BmgjzwUR2EFXJCCt/1hovhzBLatPM+eLEHDck480XEoysk12Qf/fq93Y0QU6M7Sm3Hl79a+xG2e3cC+N7El15jrAo/9s0s4KoolgIb8h+cRgOcTNyEemOCDCYxk8rRLGS2IOZmosKL1N0+wUxAhFJjOu/G+6HVuQNDQ01oJECy0H5YoOGBjNaHS4PQnLzsH1TC+QUihQBqkusgiOqoHmuCwBQ1HnkSc673lU8Q6O8cGNCbOzIsNsaBOi6zWl1Zay2wa35iXsX5iilx6KIokhg6pbIbwmvUUXkAuDde33juASAqpMv46reQFMAeN1YjMD34R9SNaKkAcSpmCjd5YMaXK460hiBVsjaZG3bQs5tv0Ly0MWDoPB8HS/zcec+bQ3RKuyN0EAnQfAZ7BwibUEGhKORybojXJxdzwSx0KKUI4oIS63ZB6diCaaDMcnpo8F4kbM+t5j+HnM2auHGzBlUdxpB2BDyiHQcdsO5UzcHWQgiCWossBOIrD2f8GNehsx1H+BDSDd2wzjQK3SP6xREbu4OBc/26q7nAKxPR+AKJSvw1hJaU1F2HfR9j6I+GyujYx5EyjKM7+XssUo3YiJGoFjZuzlSwqpdnp6IvHV99gZeqvv4KlTSk1c7YDWkR6tcd0MjBT4Hdc5WGopBq4CFwm/7uIbijJLGoqY9FSpSEoLRqmaf/MrEkgqbXWicXsMK48ZZMaNgEttNkOXhMv9PiLnpFgbMEm+JVIuS+Jt/iLH9BVsRudY/RJVLTvPYSPjLwS4ykWtmuyKUkETKEi0aUllo88yZGnHRqKfRf3JR89wPgnX3EmihxMrRw5sCVCZP5kimilfa9Cbrw/x9TZngJH67zwhtLK4NaO5QJEqaXUgqi5OZIylkN7p48gLX3WUvaiDZEmQMfqCVkR+kMiEWgXtOlcBlrcNUuXvpCUzdGWfsqIEH1xFtqNfOWjFxNKREQ4p8Tz3BtPUaTB9m1h4/vrXnw8EsgnBPBszEP+E/mf1e+IDLd5k6KMdWmI+I4/QnhC0s/s1Dgio52FPqoS/5Txty4YCTa2miheNhO0P2zUrUki3HClv3dwD960WlniNLuHX0cqUjXTi4reiJAlp7sjgHKmI4ro3yK7XnipP+ZDyuUOuqpTdBK5T7oJECHwLY/DQ0ZEareQ0lIZ6elBuhUn1aQkha1aq1Wp1Z/NYaC/ENvWH5sz+mTohSjYPakBDV5ph/pnc9vaHu6JVKc6FcmeljR/UeduPYzbe0IKKGnPM8cL1XdS8sOSX0Ch5YKdIxriyz2lukt+DtoZQxQFk/ssUMismHyzGNCp9PDGr+87LTqg+7YbJpp8heAAAQAElEQVQLoEoEIkHrRcPbdcjBF1BNcb2jIfPhUBWSdZQ2obsUuHJ67rbExTkixIcaSPbsQOPxoJSMQBsEztSUuW0ILRvlRImTcEF+yhJHnYa84oeViBGk7Tuu+kirYg4IEE89Z0+LLEEi+63cvI1ZB3SdPnbdziscx0ko4RxV3LZLlsPIybhEEd2DoWRAj4yMyiAcYnNuJXqFB4NpytYljx0mTGuQV99NJU/ZkNKJ0lCALkqlAWhl5G0/HcpKOhNFiNlAHYrU9gSxtHRA4keADQ5UB3aAnPii+DmAEjj/vU1HFBdYRzJrQ9Fl2ipcw4VopMBCEGM6U8W0tKFA3KLmteahwKMzBcS9cqmDIT6IHzEhnqxpSomCQcXZkKtpDYCCr5NNCetUT9LvobCqsCsypl9CVlUotheQU3tngeOihgNWfhxGYcHO6gc3OKVBbt7P4iB/9q+vWxWJdQKuG67NZZw9VpWNcgrADbYh8pZSu1iaAtmox7iznXOGPDj71rZiSGSVZyw2XIMSouGBkgsue9zQwdTOOzFN3cO2zJR6ve0cb7gwOw+4thrUOlPDnRpIiEpX4I7a6EISjINUw50jn8tPL22MmDv6kWF6gLM8Ymd6CcDYeiJBTYGNywlcj3zM/Du1te3X/Zp2mhbti8YvjiAHuWUE0ph2klwGlLEMrogz7VtoZpON01c2K0YgB6kKU8F23fQ/GYYC5yMOg507OnZaEcueh6UBmwYUlGy5y4kXLdXJ6pQTm8OTm7ugQI2o8W5wXNYAFbZvhjjJrjTzCkQriYYGLRopsAQ0RmDDfXGjmlfnviHU2TvMRLGKSrw2lhjVi/P+HE9G84/k0QCjiPypmLWF3bJ0cRzeb6dj+ii5paoBmJrAw+6Gb2ZM2di/Xn2vuC1MDkKShOFGiyGXDoL0zJ82vp1unTrV4SqathIK9mYpsCmOeIoT1pukqxbu8AwtXCvwGd04cjB1zu81cMyMGjKOb93jOlbdG85p2DgA/adL4EATc0I+zlIBdQoVT6FeGgaY8zJDvcUzxzZjvGL8s5+NrNRAS2eSsFXaKr2s3F3nVJbxdPAWxToUt3mZHhYrpszgZLh9rX7KUKOCJl1KFfbukMQbAOvTwr5bLs1d7MH6qCAFju/PB0NGD3nRi/so8ieg+vxfU2MYhkFJjItLltv2PhlaH9qEgmKKFTE+FllWyNKYJRyja8sruAvpACYZ0hTDzzDWsYoQQPE/XpHqLNUdNO9GVcmxgnRjoeVgBNaMSIP6PSBqHeLayB+KirrrhoYGGzRS4OVojMCG++JONa/CLUPOJJALqaauougdc6eCcElFVYMBstUqVYtD2Umb0nbb7rkZQP5TVa8GO1n8jcAofZ6FNYwj82HhFEYodBYdHMf98eLNzcW4dYHHD5KEMBLfgt2/BPIr2w/C/tUzSuQS+DYo1Y74Lv7k9qh3rj+VOr2aacQqp3ISkEz5AFUee9BBjAktJxac8lVqySt1Om9cWe5LWTuDFU3MEt7JbYxABcD05UB9sbVo6KRsGIHCD759PBJnbEI/7S8XIKe8rGQ4kkpDT2SYp45+G/08820yL0O2nDFI00Vi1vGu+HABDEzcPeDEFMDWkNKDqKY0uomO3bRQm6A4wGaDZZEpWPxLMLTpAWddoRQD5L8gO921ScTw7lHVz2087VB0WzTpWv5f9BVcjDoWM1Kg6BT9cZ46IInkvI5iV1bnErPEgnxOIjvgl2XPqa5IPLF2POnK+4rshDOjJO0NtC8O7kLD1VqiI1tHSJU6UIl0m41kRipAtERWV2UaykerlA0KNFLgtYh1pK6hIT9azbsJQKxc6yuw6lJc6+54XWnmjJBZOF9Z2qscdsZhwHFYu/I4wOHzGQ/5GSD18nCpcNL18PX1kjeGWaF3fbfeAzUrblh+lxexH7RcLL7du72vTO/W14XbZ7o2kdM24/DGWU9I0RrykoJeEPtGKFh1pA6JePoQ+cK6B+DsMuXb51aEBDx02nTvNIE0WvsjEusjhs08SKi8RfhvgHXvq+GOgfJ0x5mX2++m24RtIkV2nAYtUVFosMG9a7KjF8r0pPKhPGST0F0CXBwHRle7bd8rzhdule+JywgW4/W2XOnf6vir719fX5/PZ2A6w8aRK+fzZOvKbLtD74Ybq8f3IzCz+DObvDVSlYtXc1lhxZpb2XpSwlxulT2kox4XiipFcmg3T1GgyOw65QJKiD3ZVJLMndyFhmtG3/dfbGj7DB9SJ1D70tDQcDe0JtygRiMFXoigGU2V0/CGcnC3ChiXTXFD1NZjPKm0wc4OyBsXlRHF9PtBiagIlwMIqU5PFN+XqJIXSHViCiZoTD5UiSS5ccTPZ7eZRMXtHcCeFChvSyLZtIadIodIyaRnhvvOYAFN4R7FyMr8R23gwPeaHtzo0SSMRsbyhK5eSqAAYzDw49s3zIn4NVjsXzdyoAxBYGkgt17+OJTgAwo7IAlxUo9nHpWUyVnigtKZiuNH7RcNwMwL9N1pZ97MrdyfHYjyCzGwA3Ue7L+DrfPc2E2V3aI1jbU9VQ0H44nqnASJLXZ/Go2vDAv77mB45NmpTMj+bXkacBhHVNgltnHGve4rPrtEcbQKhNmahC3t7TPVhmGYIjH9YTrtecVwGnj1pQnnDkxVAc6txAAs1wHk6ZhJPpyHRS9Phm6kK/QxRszc/Ig9wXNMwWK97Is2U9SYfOrTcks+zCW5XFlxZ3EknLwfwfq3WCtt0L64OQ0N2ta2Z6JLmqXYgdfsvusmeSe9Tma8XxKioNJkPxall2erbw3XopECr0KMeeSd56INd0areUUDDG+1AJZN87oAy589npsXMNNlTq09hyYqFEU9KU12qFNToMDMh3x2meM4fKhaxA0AuoGxwRCXTxdUBejg66vfBy3pspBJgfN90ZtPKBMYUcHcUd4JOyuG4+E+nheoB7CuHoi08V/vDOe+1SAJL7BJ1BjmOeAtsiNfJG85dOLJ+50RNS2RM8aWbZIdQVyuYExtaNR+CecFmlLkktBIigMV72hBFSCWQWyd5QA6f9BgyuCup7RAHIYDIyRlWnDzY4SL7iNVGA4fjl9RNoC9WEYymNezsJDtlin+fAZu44bICv3kAN84koE4AlUvhzzGo12dVwNTFRh0a7Avrp/xZD2qVFxYHXRfX1/vz7R291AP6RNiWcBsZNCSkDnBJS1rbrz2tjDSwmo0cI5EyYzAGXjJuHYh+gmv/v3+EPepRUPZqG6kKh+tSBouRyMFXoKgGU2dO2ANxaBVwDsBoNYC45rUqtkqnhaskzh23cqoZ4IJjP5ptV5/SL7gOE4LdZbk2qgQMPOjZsUFNWG50KnO5aMg/l6adhzx/VYIyHC/hSYb7jfy5RdrTYGC+nwKqsqw77nVY6yM8TxGadfIlBHOXR5z268dTGdo7bPxaRCctiFpn0jrRK094y7RC1+09MyoeEfRDHQwrRoVZoluNpEmrERBKJrilum/j4dPGN7UQHKMIMjKYo5e3rQeBiyiZMLa1o9kcxI0xUU8aZXwaQyIVLTyuRsVPqNWZQ6u1XdR5Q7yZ7IllC4Gs7Ip7pR7szje6OIzZ+voV8+tysrSZ1i1BzpXAfT4Esf/aJiSDhjUpOxC2SK0sWEEG6tVFKoSw2J1OfXG2TO+FIO0U8wI/Wr06PGOaz7G+JjV6HkmiUHjLlcWgIPpKcIUQ4bRAT0cxCii9B17iagrtRRobRjm5cV4YsHWV1mLRiuOe6KRAu+Jx8y9G26GVvOKRtSl391RGXkAcRwGmmrN5ZYXKihIDXDgvj6BN4BMlxrTFthBoIjmZsD1yo4aVx02GjEfC0Z0Q5c98fgjH2965AIIseTp9dFTLvX0gmPYut1zBOWNG0mFId/qRVUuM0/EzldkYTgIrac7oMpm13XAdmB2KbLH4ubuEyNGhidVg2kOHaj6SDoUNkmUQK6suEV+Z7veLAQuw9qdkDIxMf0ulueFx7e8McPtg75rcex0YH/cgDOKUBV0AE4nTBuYp1ZknjPgMfIW7l3CSgKVhjnDN7Nf8qSN38qgJOQZgZKObYsg7XNsq3JvNZ3/yUTAowa+RWufHNWp0Ec0xAG5xAlNKUeNgfSDZgemb05FGJUNJju5sAlA+iA0wPXvLJ/Ig8TJc+zQSSzq2s0wFz+mjHycoo69NGD+1Xc+GZMXdwhQH68wlTSzoD0KA90YFc1QUmX3cgmeuiLVo6Luq6EhB1qTuhsaKbChocESbTLdcBu47QU8BkLsXVXKNZQSvf3HkCHZLkRFxT0O4xvfaEWOeiAA5kumKlxsCYWglU5ChmGgWkrwvOJzNaLqT3t3pxuQqHFocuMO6PpX32tJfrJ4eLLWdVQP4pQdZOUySjbXXWYk219CHtRlwL17wCYsckZxWXaPMpz6w8/aH8Keh3E5NJtfj0CadMX3tdj8VwxhV8CetuVII8E95XBh3ZGICFIZuPrCFTCPYh626AoiMq1tdxSjRKg2e3WzarXiPXY2Y5qHATuiITzq9pZg86QOYZrWfkbLfLKyhmRfKpKzhc6AUvxOvJV1+xm45YgEjgEmREAoiSLICJ7RCLgkSjwzlgVT8jgfP0gRbv7uxDFEfvgi/5oEL8iaI7BK2QTO/z93EquBlPLrsaOvGz97YxrrX6/XSE/huV4m60QHJOpsjZOIAF98yvoxjeIwT29oaGhoeBYaKTA//CcljZPVcB1a7SsUrWAUqDhTmC4xW77AE9QHgkdxP4RWVZuqKMQRB7ojJa4qqinti04OUik82jmeeXgbIL23jGtDO+m7uO40ch8ArNe2wUG6jVxBDEjWQSbHLlcqIy5XlwGGaRD0A4uVU/NEW1NVcnhot+wNUnTbJdwtHoR8Ma9LrD/rkuyYVuXZkGQDnhrcH+mTFDOEE78umlGj2ThXpM5Y+RTGGYglqe9I5TfYiAI1NdA2lMl1R5UUwzQRm+8gEG5BsycPu4Ckd3CczcLy54BpFTSii+5qGyqcys1G5d5m5iFlgJwXW1bg3jvhzbSU00ceFU9me0araGnPCZ3QnsQ8z6RD3LrSElcEZAoIfWE+hI9gXDfKrj2BWKcgQhLJRIKpPpq/uYXIM0LwbT1RwtzINw5Y60n0nOeSC8pdLHXBmUomwM4A9GQcBvQfgjwjd0sFgbfsCpSVuvYLKfzQMq0stPJoaDhBIwVmRox5yS23gRpujWfUufMN9aeiwmT//+ydh6KsqBJFKe37/v975yj1BLOigpKr1tzp020gg4RtQVc88zm3yyotMMlKXPO7/DoxSlAo1u3FaBwtVaCr6KgyfKug7AtPPok+WUWtaZJuiEvf9T3cChnn+DZtO3x2XS8n4SNeuXnvp/DPsDbS/Pv3u1JF4Ppn/mqYe90sg29nZ7er4/r7aKYHQI41AjensiVw6Ip9HODujxdm28k8DWrAX6K4u5RLhuD8z/76GFjLpF+6dH+LtnOElmcPXwAAEABJREFUKTIJnQ4Hw6wIfBOK+8Z4/1i76M5cPEc/snQgX2Y0HCsOGK7Y+rUK4w691/kNhsVV2L/6YL7yEGZQfSfZhxKjbTNq6zFi30jVB1EGrG0kifDgwcUpz7kfoh/fQtM2TSd7lDKQF3sc0gStDvkBZ0tx4jse3IgzZNPKuTW0gCOefQ+TZ/jy3BUwqSKLnqH4lNQhOw859+Qx0nREfmmQbB5ma8A2LtNUw7PH+cgBv7viOlwqGRqxPEE02mTg/GWYZ1gUGI1PnRIwfGOYOHCZyxSwuwYE2TykGG0vNtTSzTm8g6AyTmxUgdQAAJqDPJhm3WlGPllJx0xqGdT5LHdYTFRmOLBRFkMxklUWFy4jctJ96RXve1HgxRXL173lo6gtwrh1oP31k/gDz8fuDlyuuZyOjrYjMbeq8W35/iM8bDMStZ5U8pgOHg18+B2N1IvbNo2iN/D5vNK3GBuScx8U7i8B01VbS3J4PL8fg140Z3BzTj9Ppeoq4M6p9U7ntytQP8WutR+wk2Jv9pSdrEjh5kIcLzXbWdKbke4GOXgp2XQuI2hx5OFW1Q1TPbBNYqDNfS7+lNB66vqhukOyf06Ejz59vAHdLndGF1kPUrMCsh0Pf9cT/lVC3xPU/s6vgf827+h+r+fEfulcM4+GMJQ6LusqgZdtdQkN+FtwruzBI2k7kAvzEsWRWfv9HJLr349evL3zwjEPQ+FYutdcQMM3UXeNJkN1mVhFhCJGgmsxcwmLAouCp/mZ2HCZKx/OQ0LA/MquN+eK6EICyb07aNqN09s1EdX7krUUCIkNJdq3LGGDSFUOuwDZKiNRYvf3d3eBv5zTsshmsyoRr1AMGdD+2rZtnsUtR43j+msrZcTzPfP3Y/fjsDvZRmQBo/HYi/5KVLFNLB8Y33jNs2IKAKYNq6N45eWliXAJYUBLr28cHovF9YN219San8mqTT4c1y007G7b6gW3W87uT12KBo86w81vlPLv7+/u/YGd4cAHllX38RF1CpAwZOH5kXd56fVxMF21+Qp3pw287Tzh+RdOq+7eW06fDoaqVmsxGDfODTr94JZpSVrGRf8qIoLGr3E8PAHaWKCI4ld2ikBcTO2+uVsk5n0A1Fioafu+G22F0uIyy/Pvm30DtWFQ+2jGsHiXNs3B6tADXp8hY9/kuzO4flJkP0FDCawu1mQLcdawIpDJBBYFxsGHmcC3bqjFkkZtuZVoYxSmXKoSIJQibwoDUE8AIqw7q3p0ciLb0rNZHiJUwkdtHEmR0CgQI9iewfxJ1TTm9E/QfJYBUcugK6MicNYF5lYGSLxPPsRR7Vd4txiLh6OGC/B06c1SpUGNMAdFA4Anh294lUk+clbZFNGD8e8+XUip1J9mWKX8tdA/rU+j7VF0vP7yCts0DFeL8NUpzzflRH4RWNv1rS7sDN4+Ch+ekmdnm0Zb/Bk+8F72YfMEtuqigJWYC/bnUVpu2OqNm1jArm2Yv8Lh5m1gAXGbOlr1jRuXYPlYfBBXv54zAp+t2ixOXasDcfsFr04GrEomf++Be8deArtvoMwFbqvqV3bRzLyXu4u4qeB78iW4Gx4LLYhtTX7hvm+ZWwDuq7svU3Eho/O2F2cDRFMEem52v7qxtxDrl2hl+yW62Y4SyEjPhKdum7IM2wxf5OEVNc9k9wTU68fnnPaiBTze76k8eUtD9wKee7U9c6HtpSuGZBiGIQWLAiPgo1/yxQ1ofr92eLZ3fcePd8aaytaea1tKd4kPORkBLJP8RJVDxHJ8zm9tI5FOfudrNCsoAKTVUYS3Ti7CIOi7wNkW5lz1cPHYNHrU0yGR4UyUfSf7zW+RGJg3Mcz86Q9N+7//mWddHlWNNxfMooTpb9O0v/YnoRcXm0ujyZ2zuufoiTlgcJ/qG+mWu9jRq2Jh1tKTajEKiOzFouL8Miw43DefeDYkfe45NxN4n2ggdsHbO7hecrrecMp0waWfI4jY4Z/SZF/iN8fxSeq0PIJX6dzShByk37svVn67HPa2jryJLx5354XJo0OUI/CpqxMioIjo2167/2CGyqHzIzibnkeoB+izx4h0Hq+XsaxxbGrr+NaCqsNtIjGeAoBF9LY88yrHc+Y5LsPc4+/3T4ml/v4uWv26ZybHKJvj+F0O6A+i88NeodeiMQzDUIVFgaFJaSOQYd7CZY6pAyubDTURwoZazsmHcpic6XGyQEFtEEtXGEeNoYD3XaeMYuldMhFpKqJqtZKIFsaNcNaB8VQdI2JWhPwLHNg8C1NHA2X/338vA2Gx2L+IAlUr0fey6/rr66+duF7wFu5E1ihc+QAWDayzo4wjLsvHXyRQaGe1a+cFNHKoNVL2su+FI3DSAfpmcROljKYItATulMqbS164Kwz3BR7RH8I9+Ta2ixgmc0tFV7Nvr+HdPm8yA6/U8sLb1gxek8Lrc9yGofk8qYCf+BSWOHIkfDwwoGwzA2gT2l8CZXvv567Yw9F3zrtYSsxRQ/vBFcRwwmCvzxyPQfy17dD+K8vFiM5WfF3J7SmBowo0XX8gfoLg/C9EZnue1wLfz1IeBNZKgJzlwsJQhst/sbAoMCipbQQyzBu4zGXNy+yhqSEhBpz2X/pCEeUFtd0iWOwmudujKRSYBaD0oGktbVgP7vWLyrUK426ZtoLDsY2r0SDFY5Rma1fH+BNqA/Tai5qZzt5gZGhWS1qh06GEZC6jCihBjwy/9SeKvhF9jy/kTfnhS0cGdT0yy4sKvhIlvG3cnG9DJbcD9WGuoZ8THJcPX8QoA2h98mHd9G31u73Pdwpc5dE60JpkL2nUSEmcuHP9+2M3VAD9ufugcwMP0hBfyqSrH5eHvKBH41rTMQ7QglcO3P2JjMnXYUjeDv81w+NDPUZEgiBYELKPDOO8hMOGqn5C860MeBN5r4MxvyD6zTafqquhzDeqzMs/xF04K+plG1lHEnRm4TbvRpyO+nF7k5Kf09RzNUSxvBNifUdp4OmL6STDZAaXzTzhfCkTFgUyDLOl3gVmwlpHkoLAOdLEIu9rYqq4NCO2d/CY0yDWjXSpxB22kSYIrdyeGBZb/v464pvnzsrngyoU6VSGYcntb12EoD7x4Ks6ZJ2OdoEDkq2iGUi4tbRf/Bo7Ao9ulU7ASD+oaEyX5s6rcFpZmHpNLFkaXKh8DGrNpybYvy7QU6OPxq8Xl41tK4bXdmfOl15nQe9z4PN5iGIc7ptjARMcmubXNMqSvezDCyeiFR13dYQ2UevnUeHl0qBubGig+f1+6p1F9RZKvFeUPisCPYGnbeY9uSvyBkWIVx1S4VYHo6if7QkXkv0zfjYF6lUOuPdBBHD0IyhczICWqQjEixN4c7p2qoo0yRxUkI04wzjDosBw+Ng4mGGiworASiEW/WEEJ/VOJuSEAx8MBRaeUGC9p2o9JWI0YEFV8ksx6jrHoZ6ZWGv0xHs/LECBWn9iQdiB76lRRhcBUapSAA1xTSBqw1bjtk0fDWd6SMVcMoLHzQuzAaNkWZNN5cT9ZwUC2EywUk2U1UbjxXfHW++OvSBhHUbYCu/wcNYIPJx0js00kBdeHbWIC5580Qcne9Xzs8aPSMlzFkcqMS83Cw0VOs/VzdI5xFeFwE9gcffHcCY8ymh307ay70cb3rb3uXXW4reBYPAc7q8dNxh3ipibxuZNKuD5t+d+sjaU2PTDuFw+7qTtTcjnzaHPqH42BpiT8F3kA1WhGDUzWQ/IgA6L581u3wUiJHDpLXp63SzIYN1+syA3Kt+VAi8PL/+IQjfmTCS4iDExWJZMb4+wKDBveI2DiQeXtoohpwrs/jqiW6uCqMNKjDPPG8RV1/2G2V4grZHFZCBr/k5sVAWkt04dYk94FB2uYfeeqKGfQaogkK0GKGX3h3rPrtFOjWHpL0o4RCas5mN5jm3GMTGyS7ha5KpZlsiPgcLbbyWCH4z91KgI3MlpncWe4EnCh9aOCgd3nRWB+tB22LH6fDSlI1ITJwSjYNSqzpj6J7niqAgcl8ydxHDeqVqckswzR19xrBAhw+hJERgEtHp+VqgIFLNOnCJjwx66A5ib6nBq8fPJco8hgduj4OdRfvTEV/iDzjjRrOGCcMQZpia4In+BypI6iwJD4MlGIGu0mHhwaasRtaMHNtOkheO8edmM+3jQXCh+jm+FyQHTf3SyGlF2nUQpqRVwKSWMi1IkxXFa+0r1eQ2jqUQgOMLV5m8ljFvGFlDyMWCvEopIAW8YVQsDjWgENILsotQO1gN+oUBlQRm5XXKZxMczJcYO707gwzU3RjW+kUlKbiSAuqex2EFzD98LXeCzJ08mAy/cuTtgq/qx6tGc38ezejbDhZcOxC5AagCG9xecv4XDs07IpeuKlmXjtQdXnh5dQo/u33t+9GXsgaphGTzc8cYXEX6C+rnFsCPUVhXf2oLAFXAajN2PyutUBE6O+n0N+93z9t497+DyTnLsJ49vnMM/qX9TxRsvf7wCLE989empinxzP+wDwnqCpeC6cBN098S9u+NbY3mtW/VaBJqBth36Ner/SubXnGPRtu2QDAC9XnJJyjD7jZInOhkmKCwKzBXWaDHx4NJWK1o3BNOuk8UP3t2xfZe9LqYBErF4K3WEPB+uNhVkP4yS/ptn5giNltRGRbKnuX3w2JQjYWN5F9WcAth3HUyNexES/6DBO6dAnf3Y+0QkqY+9pLrngZfYZJ0kRSkCqylcaLGq6XtpOhKfgowWi70ZihJecSlvnDSB+sW68fnyNtA3usBP4/Jr9d/2/E65ur/ynd+vBlmGJVBLhYtVfwYtj4UgaEVJ5bQjShsTcfCdY4OM06PiVm39xfnouHo5tTD+y0F4/aAPJlOZNx57C1OmRQn9Zn4Z3a6XLwsUD36yKp0F8Oacti7xppgHn5iJoQi0iHjFdQGWjy+XbqR7YLrLfN/kINz7+CwMPJ2/u7hpml/7E+O28GPeeyhl/gtq0KLfti0ANE2rbE8kBYe1rr8OsRcMkwAq/RwWBfqFbQQyDJMV4zYvgihFaCf8AWK3rSqdCRsYd02mtbUo4rSBZKnrt28ZIg50N4vUpZxq1MVY1wnGXaNLfkMy7/f4KQMRkzGIV0/ToPSoqV30YgQifWpYhaCATKuxzcXN58VJioSKeWYparPM+dUo9a29QOHHPsyF6Zz1JJrvE07ea/mXeMX1beBwrZ27kcqYHnzeXgHZ9kzw8PdjJwrVa1rGhPedF+hw1De3ZdioFfGhaAscN28VCANYwiog/R788Cbh8xGNYA91PSj347rvibyQ2Y96hhnOjalPH4Lj5gfOE+s2b48EAS9/XGP1dHs2gnw/Wri454mPaQg+Hbv15Pjm/aUSDXZ3GU+JyUFxfVa4dKCkRrzidpVoea7j8vHsoLhch9k0b4YH1dU65Sy5Xw7cCAr9qc/HNQYUfd87iwIvQ/G+n4mf3Ho9bsEGmiEFZHJRoKjGXiPDpGDpsMDdERYF5gcv8YdxYr8AABAASURBVDAMwzDvgGU0SUs4tB9C09GBjltp0sprxbxdNLWRos5popZfRc5LjfGgaQB3BcZdpI84pojDPKcvArwozNVhxLnbU339yaJk5JPKRPuHR86LimWZPQkaVNx/fHAkF/DraT9qh3tFkfjIVv2Hlv7ubhXWgcDPF3wioQpwAZL5nK1eJnhCZN5AB9JDJlAEvnUIJ73QzSXObhZEDu3SLYGbZW+zUMVkO069A3ehWLEsUcXpv6x4M9xzvce2nL8aerr3BGOPcGGjPjt8zDt4iFWiBttT842GuzZnDxdfTu8cj3bd3xfZFt4dH7W/bu69bQ4jV6o7zxrZCB2TruscgpVjQ/g+TL2UTdNoWSTR3XkYhhQsCmQY4vCiYv1QFZBsVgsqBW9/UoVWMtA0nDaZCiTYtAHZ5lwc5t2sqCyp1slH4rpA/aewFMAA/W3uwE/MCcGdoEjgy3PJoVFCbpQaXEUEsUR4G9nPibS8in6rCxTuPqHZGfEyzBZ3j7spey83pZXDtm0baJRpmmGlsIzA4/LhkRZgSIohEYaEmEUyvjEEPFqK23qkrluM9LxWA1z98E8YAZtZJhRFC4hWhwJz2D/3WwDQ+NWHcwHwowhEUZhOWeiYLxXfs8siPG5+HFqoBJMvczv7Di/TBA+9nwfLwcL0Jiescjo4Xb4/uLkd9vb4xOYJJGSvEB7Bhen3/mOIw6EN2Cj7blV9t690OuRYGM1WaR1TN+qOnR+ynlu0ykDOZYZxgEWBucALO0wKuNwR4Wj7nAZQegl/kWV6eIr1yyFPzANscopAqs04yW1kCW8FP+JmGi3IamBKJoNoCGXZd/LL/A51iZvFew0yLBpR6pNfk1hY/+F9RsRsQViIUP3+DBSB77ypr2yg84lMiRjeTx2D3NIVbc6/CrSTiv3eh6cRqbum70osBXeXPQI3Xu37XDH0Kp7lMT5omqZtWvWQDWw95EOEY6TVkA6/36/rOin6IMKYmEq5bx693dotCzmbHwIpht+QIAyYZUulCRsYGEVN+H1zw/IKPqppiHKno1xEV+cD6NQ18gm4XgIOLmht6vWAAjfaX6vYm6R9+0m8sQLNl1l/F4cAjGNdoY1Xqj1fhVduJ9vOdR8350S23OqQS30O21F37HxS8nKDt1zOpGNXAJxMhcOiQF94ajmJr/cyUeHSRgOgbSqQUsRRyr+/8SutmI/auMl6nIJY3OlV8FkNSTDmQojw5TzLRB1nBcu0EucHLfUZpuKJD76578oY4ek7D6RRI7hBO5fR8O2jQ6mJrV3F8298vEkUUPDQ8pi1az5jbNE+X12C1r9O7omvkZh094DfUjL4HVGYNKaFvJYSeISE3tf9UybrO2kfLmnxwq8okUWnw6880GOyW53F9b0vvbz/HY2NHa1vYbBv09+56Ju2aX+/n7JLJr+JkPw3IVEYC713zzJ7qpzrWZy3zuD8eydEhP0b4Xvjc9tThhfHYfduLax/sO+7rjfLtXFxXFiDc29hc0RMisrRGYnbgBgFf+shm3eipQyh0BcVUmWkEsLpWSM8pcjQgUWBXvi0QAWGbyWiBRmQaRzatmkaQGwlvdVE/V5vMwxjhr8IkqYRDZ3/Kutl4Jeb/fPqxd3dLxjr5oeZB6sb8ytY0ygy3xLvfzploO9VfusqL+pnjSPk+vQJyigSEiShmOHDJJvUizDboWrs9fSUzO8VA2b9Fm5Isn6mReI8z00UTgSh+j3DSsDc4SE/iTemxmGoc1ybSQXPrz5hJ5YoKh1DBhY/nl8vHBUdVsrABODjAYszbj7qVeBLIyhveWqfr7u1XwQIH6SB82NFaSAOB+1udfTJ/Csb0J8k+cL9b3eETbat67MaDj/rI9GlevvkrS/b+8Cyc4FWh7zhVxx9CcBsLS7OgBQdjkbDoyIwfy3gAjQwrCxI2b/PeRR+QxuzHPgv7lk+8Q5TDUt9b6Y3BcRiwu7qbiHG1uHV4pNlmmyDsJkK386KH5SAxulTvNrvtlHR9ZnjpuS46H0/9d0CFpsx3tqTTLtjn6hpkJkYTivGnQpLDVeEkmFR4Hd8rMmUv64z9CTb369tsxUF/pqhd9d0sjxR2FeGaP/7/dOv5vx5GLqXiRJGDgVA9g8DM/sFBPEBpzlMPH6FzVG0ugG0Inb4Jrdrg3jr426WcjeNf3XfxcgtaXGjuWuymHZWrXh1/BwvqobjYDEVSAgthKSohhye4F3XzRbzBM3n+ZzvRNU/Q+Ouok1Z+wTrJDjtKQggvH38yjCs65SFZOACIXRq4N8fbA0Iv9cs8AxfXOyGK6wItHT7rcAo+wSOtUJ6P1Xwlutmei822h7xYpIITP5Yo1WBeHBJWMWlLnxLWfYup7zf3cPv+4ZGFst95zCBic6pED56aHnsO22rbA50sh/+c/LjTXCyVAROTIPS1/du/34MR7wBEU7/XvuIZQ7fpifAbCiwrCgcStnBiN5GXze/gLp+GecetVCsaaY+yXJcHG9cj6ghaueuCzzXh7Wd3RrhgzVHwHzfHjh/nXpb5ylFFb3m9/sNh7u+i7uekrhcDQtn//79hrzr+/4iUavs5K1ljIZpiYrh7MsXzhsmN1gU+BFPNgLLB7VJbSkzjVPTKIvSw1oJPU3ggLIbMZn4J2oocBgpDRGXiBEKwHMCu+XBaboEl1dzrTzbvOG+7eCbvl26iQ9e2F0XHmUPshFzSJSNzF87NEqHrR2sVZi3iXyfA86J6JXFRCKl2k5WFUhUElJZtG0LrZ6mUaZA18k/OuV9eIT3nbKCNe3nRrA3s5tuJo0SR1JV/U+MixFcGvQYR7WJqvtXY3lwW+NGbRgedGp8qR/1pCTA+hkdt+cUC/6cfHgr+7s5lSQHHGu4CMrQeqihNK6LggF0gdMq9t7jw1/xVcd37b1jiovRcCKaHXMf76PLxfmB3+2ifbjdUEyCgRYnHcNhGLXFLABv/XpojnLQTLjWaQ/egbYYB5/VPu5X59No4EvxCBq/fiF6mmRgIzB+nIe+AWhDAz40Q6b32q7edbt9B06v7zzWQ7w9sqyWIIyPdX1AL6MMsw3jqArEscTPgjwh1vUZ2D2l8Ls12WNQzced3yq6epbujCOKZur6oKfidu+IyzgtZOnXWy41b1u3fGGln2c4PRmGKR8WBaamnuWcYbG2y1UTKKT8DX27vu8IqgKHXq0Qk4UhlEQ7L33f6ALQ59kddgqUcyWD0UygHjD7mIvKlrZV5kr111EU2LZNO8RaWYC/nn46D/h2B8Ypgd2p/WBfCIN7IE6jbTgPxcMJ2KoTClikE0lV4KT/pDcsBTHtil5DzB2jsLGSRivbse//ZL8xguUa/RqaxdkKLGlYCScWK7HMDECNDeLlSvfTyspqP4LxUlOCp2SsrLpXemVTYGwEOfY35As6nwiI8lNZv2p/sut62YsQTO0XPC3Sb/CtDnzhnstEzaV0QaQUhPkAPVgo9xDn5MmGb56upa7H38tln2QTUSKd7oGAwlLy81E593g0DahNxr2Sxp6+fgxHXMZS/7JKF9wQqN5B2w4rSr1z3DeqvtX83myMb/o6n4JldnN78f77hqGvgn/3LdFjaHHzgds7UAdo3HNsiLgyx75r/U+Pe9gfffGoMIYtNBAhAPjCb4bxRKENL8O8hss8YwWLAhmP5Ps6BW4Q1Bhf50JBNPozSyKIwhkj4Dh+WgawNRcAbaJ/XWZoGxwecfrgw57RFxN6h2mB2+vR8O3kUiBAbY69WfNU25koSw+yv9ZAz/UArY5fXHyVQr55dn/I5b+/nuDu8GI2F0VNDTmTccRdAuUUgVEMhAjU8nt6aRt0c4cvTKFiFTOPqsBPu70Ihma7t4OcWWATizW4LPr4wRp/5i2+W37O4i/YpUi0NJ6EDWHBm19PV3vnznnwpTbHmzP4fJERP+pAPLh341jbtNA0qLeaeLj03iczhXXlXg/538YQD3+D4T6asFFHmtMrYXbb1WyLACoLUtM753J2Gc9+xWrHwHAsko9LHvvT1KCl1/HZtJzakpZY134souhfCxjAMVsvQcf8hWEzn6G19h4Oe8XutryF/ZnTLRtXsGnbaebN+fXEQ/aP49ZpZQImu3wHRR1urOHjJlxHn8cdscDGa9sg7lgki+OG6Q83vX5MXjsZEMtc9BCkKa/d/b5yLCyzSeSLFaKSsQx9XYvGVUWGKFZ5yBm9wEnB2MKiQIZhmNqhsW6OvWL5KZt2GM/0WhUo/JFbQg7zJdpEYrMcaUC9x9k3fbOK5Oa5qI14ETeLMrj5hqfT81fYfMd5FmcDHv764s7owvRN9p0yIdbo+SNK4me9fLeZ6yMT8zniOUcYX598AMbdTARNPllIKz7R1ml76oN9skroAzDLRDkpYoKfTjNp8JQt5YlwL3Qp361+vcB5xTRCCC+X/lwdCXX1G76uSn+8325E+FYVZ3uflcs3UkM1nB4G1F2nZhds+/Su0YEH9zLiWQDkP9z5pQTOqsCrs9UzzLWorTkQ/3pDSlSaAmh16PZ4yezipApAq2ZZu75znXQrXRH4xmMUL276ynbL3dX4HqynYL1iZ7fPJBQc/x83DvYRDdw+TA596iQlBJ/Ovu2sOBLag3fzZ1/nGPDkHJMb2yUiUkspTDVwoWWYN7Ao8DWfejPcFWIY5gvo1oxQXTB+8Q5naSjhY78zkte2jUTsu/5sKfDKQKBxUuZ0IZpu8Qw0zbwHtHbfONV89Hr6DWqjaCGxwfFdzkPgTT/vI1wCsMzWEavhqcVRPmfHHBn3Tka6HUltKJDw2H+a2idqHk72vd4mCHMxC5cU3kF4w7e0+FaW8iuJXDKsqbwZiRg9O68yUwQGAD+eT8lWzOdJdPfIN2mg8JagW+NmWydtOlv3De6HuL0gYPkKtueIKd1D4UXTgkaHi5xVeBfGaQ/lUVoeSbptfzi4v2OsT5LIl8FBh6NxedBK4aOWyvD1O+lT5kHtDgdZ3Xb/2/nIzU/9Vao3nj+81r43dIab/+c9RgxB2gf76KQynQsw6aJfhkpExGcXJsy0t8GPx0NmAoz5ELztM6ad8BHEuFW/mlmmp4jUEk+GYRjGERYFJuCqn80wDBMMoi1OpBf7UjJMGvW739gK9fJufzieMWv+NM20I8nVlWhYqJnNFo7bivZKGahn5Ha7mmw0VKh+TNNzs0zyaxGB44Te4tcT1l7jxd3zTAulET0u+7aki3iqBYqDfUhqwCyEJcn8+u5kHI7ahul6mURKJf1u2FLgtBpbjjgybCgBPqzZxFjtiYnuC1XVTobNnNKy/kt4UcowDYZzJSor1d1CGyVugTyZRT6PxcTWHKAlr8fr6G2oj8fQTIlwaR7J1suIxgCjjEE2vngUZAYLOxr8+ubeVl0zzyPs/njz6zEosR0YbxjzC9SmnSiTdTUSP0NglF1txcl1jU4flG9iM4326FDClFlt4VlgJYHC6REJR4+2m3dsZYCw+W88AJtOsE9cAAAQAElEQVSj8zXiuAELrlOZ3wr78T1pIaycPZ6EH7Rt+36nimIVgTGwVwRGq0ueeng8Gs2EgoOeIfmmJuczwzAOsCjwBWwjkGGYwgAg20PkRjdzdgVT9vIP/x4vR9PRBtULrHJY8JTy0pcw77OPBg5h85YtnlZMdkf2a2mnbZ03YdzqGo/e4mgkclEJCRpo65idFDDLIUXBi2uvuFCgUoFs9Ie63v11hHMeN/W9GcWxZI0FaouJclyWBiGzTwYfAXxwI6iqgEmIdabih7PF8CkaQ58Rhz62a7tZe7UaV/jtr/523guxsiR21n/o0m+7Ro8OOPgwi78ECq/p4UMpGFdkgWcj/B9dFCUylgMb3Wxg3r8C8dFHvJqW8A/e/Irk6dVF3xUz6HA0Og/BmGxE3t4aICY7J7cCu/nIKrvbfCy75sLu3sONs3E+G12g8Zr97B5uJMPjkZO9wC1nw+++rLS9xBzB9yEqWREYPB/w4lDiCZ8vsd6KpUvE2L4VGhfihH4QZQUXUYZh3GBRYCJYpsIwzDc27+o+ULFc6CZehG1pFbGl4MVUKEp8a99QTbc1jbaCksCAFuwT/TDxqOzawaIOhHHzz/Gw2Jl6Gg0cnmZSLpbJVGT1XrJOlRygORWRh4ld4+90mxGoYqIifmdU0sk91zNJG9TDTDYxYPtePTmGGt+rCt80VPVwc8dnavOQ7PyXWpnpVSM4P3rySIf46yYzwJrAHPmQIb4ED/ObFVmWjdiBQmVbXK7thjch3LfLU7ItGbsF/Nt74hA3GfdKjkX0k6LqXOn77Mc5T5ffKgjPB+YXtoInhUvvNonIAraJ4NYXjxfeUGvA80h9KgmJOh3uPnqVreEccf3F+0AELY/5xtkPWPZq8ONJJg9Nq2Cc21ej3u0gwRNXXkqb95rwOiDHA6sKcPtnGiuB4WO5e94c9zksxsw3SFj3zy88X/XgTyLMPsMU/phN0AusMtAJ2FmFDcCxIGfSGgh808LvtuYRHkmcKrlkiivu0/VY9eIhwySDKxWTISwKZJi6Yf0pQxigWQO0AaXsYh6+G7zEO3qPe5jQ/Pv7e7rI6oTN+8nHA/PqrmW8m7b9/ZrD+t/W+XUtcLNWuqyI4f66adFw49IicAyaEzDaCfu+JOF8d/oBXY71Ox6ENYETiZq53ABOh5FsTCZyVmRDHrLxDBSBWZM0vAFbjOIaAjws3D9dXR2n6E+C+yyktIv+JFhYbgWCQX22JotCN5mJeheWkhWBiFdHKlcE4o2jKAKYzypAEXjUfflReGXyVLEJxtJc6jEYwGKFb/+xuXirzzu916jeb+q6XsoXATuL7MYiud+S9yYOx7+WtvlwtJp6KguGCz+QmyJwPhmzCXqBTfa9cvL9w++df9ngMNFi98L5OyKmCs41PI33Xnk3oCG7CwfDhINrFZMnLAp05dMsO+z+MAzDMGY8dZsoKgZgnZ3Lhzi5kFAqpWzXiURMM6zWhX2Y1zrNvm71fNvvmwtwPXHUBR6d8cJoywauT0PTNENQJOyCvQ/GVtV4cOBqitnlcEqmifhM7R+FBOb/CMZ9RGvASI8lgLCxzC3PZmLjVpF0FXJMCC4UIy/e8g+TdbFlganIKbBWy/o4/u8S7hKftlYdOlxswOD9bSGI5dXzwiAev2YnewK/PXSz/mgvEKRmjRgfT9s8Y0vW/5mHksdjMV/DiKoCtL8Qna2e3Tp3/SskL9VB03e9Y4FN22p/9JFVxXaWvR33xj2e3yLVrhqbNt+BuQqMRWBqJKdBKe5aaf3m5va26UELeEzHR+/cwKdnOV78dfHjptB+KsGpnzf32lWXhi9BTAIoAse7psoegbz6G3p61TJIcLzRczhiklcufOLlc7qiFGBKhwtjtnDWVAGLAp3w0RfkBQuGYaJC2prONC9GLPYZyCUSpDjA7vVkQmjtnH2Ky75HebdJ89vFDr+SQPFrf207TSEfPEEd6bZVosC+B9xv7TV+LErBcUoL9vevbsLO5fwbCxiFQGTbdRBi2X+b7qNtTgCy0GzqzeSSDolLJIni4JrGSfOkVEVgyU2rZdjxpIOrjWd1k/M9nslqkROPP5OVi3uPwXCNR0XgyTd4vMk/mSb9eIV/23A5YRs3RCnyMM985lugXO4uXTFrndvXx+GxDPhIn+3rkct3WH5sp/xgfi94d9XeNf1/p7ibCLoHZyTijQU1MPwGg1uiPNDuR2lYBN7SXl5FisDXuqqXHmWFVYgCD7/TpErNXR2GqQ6usAzzEhYF2uPDRiDDxIMLHQmWFzbvyFI/ECFEhOsATTGkIJznThEvYApWqf2kRMP08dzowfiGPvb98r773nDB8TVuFOLw0rrBW2HN0Kw2bQPQGN05e3RSI4rzPCPuf5iPb4NAUhU4tW5UBYGQzW6xqYByNYEBcm1ShGNMP/MDNp/k8WwuulRt34pLShSv87C5tvyKgk6HLa4KlO+xipOtNCXcqrkr7v4cX+WxcsFDXo/PVzB3zj+QuKl54b02CpZCJxnUvwe9x+5Mo23UjyqoYFF/UT79eOfk0retND3oev14/cC6E8N6ZNkHt2n0PADA2XL7bn9cJSIdZipex3PeElc5i5uNq6dB8OK7HhlOxzeiwOnUHjW/8lEiNW+xiQ8XHn5bepq4ebxCvY/aNLiYWjTF8AV5xNaie6CeABZVPzNF4MfgjLWM6vYMiHfV9ipR/JWARHWjkr2DHwJearxcoBDHBVKRZW6IWxK43BUOiwItYRuBDMMUDkEJBRBteCGZKjBtCQOaO0pu3givqYYPk+jdjUFDpcbDnxIFdp1xgeH96rAdQ7K37a/9HUWB6/TZZgObjWpx2W3n9FNZHYA19LCZ+zf6/yQGmq47/DVQ2iw2+e4075R6XKcrh8K1J/mS4umfb6r7VQQWVbrw6UiRdcU60JYX5tx4fsogbzoVnxfHwF72Z+faN83P4owvDC7tpIGfVKJP/h7Twu0lLIejgfDi2djpBDS88lQWX9b6G4Dfv5/sZdf3YeJfRsHAqRK8cyD/cjMNL2BraW9vhE/JAfUoRGmFYPOeEsDeDYXsGin/0MOjbV9473awtXDvSy9AWxpGEUgplW8JaZrm9/vXD00AytPJosdhdoGHWXZ671LsDmbwlEfw+i5iYSXlHNxYGZxFQhVdr21feKgUCnFcIBVZhmG8waLA4OQz7UrZrAgxWH9KjrFyZ5LxmbU0cFg5oALVBXKC2lfSashZbBefoU/V9Z2UjTBqEndfz6to52v2M/43szjD2sJfNxsOeI65smvRtsPyxezsKQTjS9DCFGA0BHE5u7ecEikPZN//4TAbj9oALtV+baGCOF9Mq9PfWvtayg7Nxv8Kkh2AW/yoYkomWyuS/lO2grKfYgEr/2TDj+fd/Eo5Yejs9bgNdsAQf7asXsMTqdXjiGH0gaOBsRhx8u3Hboh1cdrBte+J4H7/Nx+fh5durrlWjIv324Rhg1tYzuzPGn4aHu2oNFvSdnbAdAXCprTMA941vm3bNk0jdXXAbQNxMTRDxGyGq2+DcYwA7mPuhZKaylOWvgl8NhG2DoiNIjA2+PKcoyfoa9MldD6RkE0ltxxEVbLg/GQFtWaGePPM0iVECwXDMNXCosAoZCQMFAzD1IrruO27R6VAbp040kMnr0QlazsLfL6+WhSbSQuXGU0/qPkitSFQL+KiXk/vZAONslmBFsI4EM2wfgHj0umejRxwmvyajmi9JYpFdzfLAMcrNmfF5uxXwFSST0EeFmF6bScS5mA8U1nzD0BcFYifreFuFvzKRlUCUpO3+HB83lBNMKLEch4msLkqAvHxirD+R+aDnxg8OfB8KCf8CnqefUvSs3qpfcSH8x/4Wu4iFqKgXg1DiN+v7TohZSdCESL73p58uue9tOo1/pIHHs8/XjH1PO3DhAZf9iFZBX+zKHA5stsEF7ZhNMoCQVtx+5Reu/b29LBuhdo7GKXs+w6TPscd8fMWFTiMvt/5UByfGpPU2AZknKO5E7jmpAj0GxatCQQPjkYKrx9wtQ5sO4gquhrvKTsqHydC2JYQwzAMEVgUaANL5RmGKR1v7ViRwwRyqkAR3kRifgk6mY8CUvkN69x5vRgzc92iJ4EiMAcsTeWhxO6vu3wC4PXvdVXkeDDE8nnTNO2vNUTKtCijNJFCKDsNGzHjbg4Mt99AHNZ4SqcmHfCLDIHNp6gkS19DVxS+o9JUeFm2QdB9SyIR7jlVjpIgMOnjetZ1xA3TSzFcIEL6FlYTFWDMi+Pq6GMO1b4Ujps/QeLqOdcC5ge+zm7Hu3zHAVYh3U57J/bW97aG+Lbflx7FeEPTgNQW+S5SA41fDxfg/jeMr6ThrpwdfN7F6BTk0aVhbBhefXPfNGTVIHzQAp5uHdL61yjLoX1v3EL3pT+iCHSea1Uczr/fuJEHbgFp1QzNz5zpyaIUuo7vXPTwVIkY3g9smlM3a3n16YQxs6xxoaI+KcMwDBMOFgU+8n5KnSfjGYZJwu6FzunDanBQ0whiGJtOihE1w0hobITafpmOuPcczT8ZYfOFTqZ/30ozJ+ym2GG7TFDGRJtXQL20jRaZrub0ZGxzhu+As9mzWdE3PciWSdmNVUFtsWBJiHVVeD4EYrsRlLegNs9KXHwuy7ePpotz2k5g8CFGxKrj6hWcvpKd/FzWdG8hkTz5Drq/Jf+7Vce4itlKC5hPCUdeSYTe6stz/8OHK37B6+PJ9HAZv7TwKkhv44EvzhzxKg0EvWng0sG8ljfFIYZPcOc9bp8uLwkh2DDMfBmv+sr6hpEhHa40a+azFj23eQ9cV853HZR/O8HfVhAIpnsO8WgA1gsPA7b9X9M14incaDi41aSabzOJ166ufQEef8E8vnwIW0q+Nt3m+5UedCgCTQ/950gX0nXcpgmMDwW//cMCGKp927Rqw+we8bmURCDSwxiW5u6jLjDricqb94bBcgnFZzSyqC2lV9nyI/AV8glQB5yNDBMYFgXe42PKNN9lCqY+uLQxBoBkh2qYTP37o9iR3ETclxyylGRU8zakdlIcqSrW6HT4/qFXefWvrKhLKbu/P8OJ0yysbtfa4VP2/e4lZuOC0sEtTzRt82tbg7s7C4WH74YzgOs92+A/NNwQuLtXUtWh2cFZmRYrLiGVOPnZCU4SFnhnSfcdpRSwO1HP5eU+vaZH/KXE3Hyz8xMtr4sCbv7/4ERyjsbDxEtwdSr164UJvfdQKoIRNVu0cngZd+xHYbCR2e3e14Dl4Cyxg805EGeBnfqmBjjQ2cQOb35tD+4HKoY44CkgW2bzgr9h/KMNxfW4NROYsBmLJA/auq2FUZhV073nTZBcqtKhRL3xTRQBHn/OlgJdEysf/AUnM0VgCNqBptUmEj+8XpujItBqFglzfe4HZazi9UabQoaSK7R1wtnIMOFhUSDDVAMrAplrntaNawRRIkGZ2DhdBdB4Wh8vrtQAMdOQYl1xKFEfwD1fCQAAEABJREFUg48HLm/slx2Csn5ZPwxjy1ZV42ZrFWNo3lr96jK67WziE2WJFg1l9/AC/VbsZ3q3fjmPaDx1y7TVsksCqB2/mtsys3XtHKj1B5pvurhDCOFxfhV13W9wWl/9vjZVPODVNlK5+G0OPSVnyly56wsRLC1ujRA6Ha4Kb9L6+gV/dj5nrB0ZQdNPb8XA+r5w6XNr/u72mO5mYvxRZX5lBd07W86RcDKnB8vYF2+uXYZJc9966L2b+u/WoPHrvPfteBjF9M6P/ruz3Dv9v5i5xuW8vmlzndUDy/6pdiGdQ+sr1cdkM0tNsKEcB2DJJlwC+3vv/Bjr7CabXoXHcXiG66Ty6+hn34/yEcAsI/ml4dtX98wUgYGCA2pjCGUX08sTw/LEVVhERLRBUBi3y77HuV9QADXGiflOvkWCeGEtIPrcnDDZwqJAhmGYqilTKeQRehKxBah5wu4OiiWeWpzVnrgdLiYXan6l8wIgaBVzYWtdIwXKhse6KfNxjTCCmgjEsmO4g2/DHO+/f/+Ma4C4+YabQ9PCF4qzyHG5GcR+FRQNkkCvoOyGyj/qYmlPtMDBugz1SSdvSZDRiuALZ/D2JyMe06T2JLtRfT1Hvbqlble7P2ZHPFyShkjNhdXKcgJ2iq357yIgw42kKxI5F5SgYdua1wNxsLS3PT5/X3/Awfje1tWtU0JbJf8bOpBCilfgVSd/elNp4/F6yujQ+br975MYI5OCgUtH63u76ZV4QTnKo0rm1exJ8KdlWvD+ZLkZ/zXguHtKJiGRx/5n021cTDfNBdD+1I4cfSctFPRVtIRHqowU8wFWBGYKKwIZ5hMsCrziUycMDN8YJihc1BjmCpIr5fBFDVlkcknZD/P8ahadUoYro1l9r97mnPSvGUcenQ5bOKbtMsDGsgIl4CAIogOk1wSK/XqdY9n7uJwiZdd1uqqryu60sIkSu+6wA87+KbHVBh4PHteO0HBh8AWDtmmhadQ3GP422iKwNC/Q3fzeBfPp+CkuyVdFmAOolvn74XN6+mck6WN842E5mmbeGvUqeHlJXoQMmepJPqgAHhywvC4ZLgHbvBcQxr9sUgnvtVpRgiDeAE+nwXAt7oV2u7MGB/cvHf1+bfP7/RsqSqfdQhwet5c9o7dsit1ue4vl+MEyNKC4nHQH0x+NxI8bAy63PziClz9urhNPzqatPmPy4/gm0EY9G9H3F+c8OL+7btpCVmTCm4B807VNI66oQ98IWJUvFLeGYzOO5Pegze1eNorAOAHREbawmGe60/WEJv3M3jTD+PTusf/0z76RyB906ZjcXEPVoIaCl9UZhqEDiwJDws8ThmGYxICeRCapC3Sm7CSSfS97qTfHJJXdymKenrrJO+I+l+JXZ0DMW+gSq98gBCTXxSXFIvZ1ChxQKtQ2wENb5ygC7nUrKUqmadvfv1Z/hbZpUNt9OU7WozCYPtwKOeeDIPYaiPG3GDdm3ru3+REF28oNcytIeQJXDs9+2atdntSDEF+aAPpEXqlf96MBb349XV1RX8F3RNIs9ZaRHXj4myP+wobifv3bwqfc20NEcdFMHt8ymlPiRZuKuz+BWcznHUSBsxIQ1gX+6ZKt0b3jfQdX2p+iG460upM0dCT/pJcux4UbtwXwqLaLV9heevY2gJk2N/MOwnE7nZk8yOdKnVEfyzkoH5NuEoMiElzrGgWh14+PakGc8zxZxFOWN5yfmE73XJ8oovDAJLwnOblQeqS/vnBCeEKJlwwZhiEFiwLPfO2lXb90yTCB4NLGMMwRtTYuCEJVIXFcyUpNrJAQVcPA5pMasFgLvCllwcpERoWN4syV7Pv/xnUJADmKAvveoGZBw7eTNBkvjh+vipnKygBi2zbNYollDsQZFP/+/dpWjeU7aHa2S843XqWR0brjfYKEwIfz6XaT5gnkD3xKPLIp7xjxw+VLd5FL7hZ0Olw+1UXMZCFPGI3drFq5050bfR0OD+PhWSz7obMhxfIuytV+r5ublS29vpcyiEAdL2WOYv9KhICjiuNsQM9kX+/0Q715IbHvuq7Xb5Wg9GkmztmZJAV39HSRwnluLBKMZay46P7GG3Xj5Q+fDrtdPe4UXdDMA+7+xHcr+5Ry0cCjzUV54Sd0eNvyBQatDoXy2X0WoI7OFdo09am6AeHA/KbUI9Go+aefetVWpni50hvkMo5hGOY1LAoMA2u0mHhwaWNsoFpOZvkItQHCbDfuMeYVLgpRfccru3j7C829S/Cw9VulQOWN+l2ewmLIxOPCpDVZlLZR+kyvsVOWDrWxQ7VnetsO0TeLAotlyNa2bQCa/eHTupQu+cMErrq0gRYbXESBekJ7Vvwtxg+nV/6PrsL6DTdSgp0llNDpa7fSBE97GanTQ3LgMe0WPxxi4RZhy7aYsjHHCyLuQJj3+wMhQ3aqX7A7E9jjQsAX2yF+AyyPKWwC5t4jNIdg3DUOTK3toiUzhwez2lTzGL+DDPBw5CgSHL8PD1ihrTI3qHoc681bo3smhnQY+irh0sLS5ZOA59QBsHMJsRs+lCTwg6lpdDhqezow5pcxwgcqk0p0Vc3H+YYIgQymCHTj7PMoCSzjAec/lGr/aJLTLpqzHJRQUlBTBL7zkEaBsBu4F0psQ7i++Bjoocf779/v7++vK1gTSPbRxDAM8wYWBTJM0bAikGEeISoSy3w72UAYzThUD0zGESGvafMI7tLeN1PHHmqcmHuKjse9k8tMuWk7OEEZXfirW5mSEru/7jlrdbyHJXq9X66WYsjN7siby/Deic3X90n5ORNsHFD2E3/tzQVaIalMOiHuk+IY0auvZ8HE81e0umu8EJ7EWFUU5mDSy29U1yHOfY0ym6TGx/OIIraY7VkRuN8E9nTt4yPifMV+u9gL2t9PNaQNXFgKGcdYRrHUV9HYS/ZNLmyO4u4o7o/C9tvKPn1G1b2ym7LTAOGTIUJdqGRNnRPcpt0XZ8Jd7Ruj73jzxP/irsP5gNh0BG2u+RYA448gPry/NP83ka6UwD5cttk8OfvWD99csXmYXF+UET5Ch9NnojKPVodCeu82x4gvz5VF0MdALpQWP37vMCCctgzDVAqLAg98Wl9jfRbDMExuEG6Zb6Je8eAGyO6bDBB9QuDr4oi109eAT4FYMQwrlGqZclybpGqt4KF1t/awyOZCG/JB6rLAKh9lQ9W21lWoK6HRTaCU+DI5/C0b+bzQxH1TDzObNUvY6EQQt00Gbpb2xq94Niy1OX+ecJ+Kn2EjR2GIZ5mF1SrI+OamDeoh3rx+jj/4Btqc5vA/YqM0xBhzyc7ePfe4fwgraPks7qyDJkCi9LAFI9pcgg8uFFM1YffH4TyIa8uAcOfU/tKrc8JKJ+KBJ4UAut91d//QxQbcFlS0cHqDrRFZkRFGxSc4aUIuEtfhvhTYqYRQfJHHoOWxmDg1wqhfQvFsKO6pVnt2+/MNoxmpzC0PhwndWgUK5VWfdkR1nKaTBOQ3x/k9zCHfU3lv62/9xULhP5YZpdvUdpb7wunTaIdxh5MtCZzsL+GEY9xgUeAWH7NZLAxkGCY/SLdMhHdOPlF/N3Ha86lStcgNsQ3mhfXLZSkdKNZxlLL7+9Nfiyjq/kMI0+eFoUQCtZ+4IFA8ScQIMVmAevUEKEcRqHZj/LszvtTItmka2ffyYOPKbcn7+pfpan8tje82C8bm8YOzURSBQstaf9o+mfCSCvv18MHl//3+Ka1oB4hhRIHJHjcvPZ5EgdKHJk+874D1f13Xd+ILVorAUjgvwl9e455vti+JtVIONbEfWlG8tBSYzDbevmpHIJYG4smGbHrQfqf3t4rAMnCN03MfIi0vHwGFyEJCKAJnGXmGpTtO1bNoCYqu+ReKQGh+2lT58HAsQRLoO4hZaALTYBvtiioFLo98WrNrdZdvkrW3cjhPmQNcJBhnCIkCn+oH2whkioPLHWMFOXnUEYo1xSSVIlIKKO+pGTjmweeG3rgHJMVRqBnNK+U0TxsjIMMcpRwWrGHeKhzzNL4RAVb701SAH8BRIPpiyd78O1eGFu9+La6BRiq9tJTmjS+pgBK7vhfyZEfWkHh5rGLhZPt2/uVy5+MVqM18yfEPOj4tqxKdreiyIX3ZOnrrxnNe2J4vpg0zfHO+9d1NaHlhI4dWVLehmK4VRecT3v1X2waPMmX0VU+uvEqFg9ejOgCNx80/rJxMhxeRR/gABPH5k9fjW1jowS5oaNma/0uFnmAam4UMTcVZDwE+e6QmH+BFfzIxFr3Fm3NDjIchxtiJzJ5vQby4O0XMXwwKvAcBrSZb8hhLhca6S/nS0VzA0VRgJbnGMPXClZRhvsKWAv3BAi0mKlzgGGu4sBAEDgYdSHWaCZZ4GLcPFuEIqAj85BJcGi6pn0kWB5FVgUkbE73u0XfduE/ofMR0VeWM0eftgwtNAU8lVDkDmw0gS1qWDwH3doU2qSj/el0qNvYjMd+yMaw1dn9dqMxTex2Kwf2+62dRYLLXGRLVuKO3jXqdoNGboqaUz9oUST+XlM5XRaDDhXob9aTtaDRty43/QrRt+/v3b+hqKmOWPoNTanH1qghMyydFIIoHWVD1TZav0JeYCk3T/Pv9pHrv4puNW0+kqoOPCuG6yVsYGCRs42M5brQzUASOr50+ZnelisDr4VL9lZ1Qc1YVnG+k4OxmGA+wKJBhGIapmMWcFE1w81k/ANM/gujF/wAxD/JaqD9GReAsiiG3tQlE3zY6Dvh4chRDASBgjQnwDGw+aTLvmSsqwEMkxgaQPKRqxHXLh6Opq/1l2RYPXBv1AI4viK2lwACefZKaBAVPv1FZC0xu9CaYPSd3MhC6vL01d0nqDUn1f7Yeewtgbunv8rBE0Gq4zZtnX0XmMR/VaOX1bYxgNMwO8EoRaBeAQByf/199x+WFNOf7tj+8JoJz3XqdGjDNNkxqmRBZ6dgyRWxXGs1kdVkYwpIjVkHDxxPrw6piReDN3Xp3iohxz2rYcjvTkHNxeA0u7Xxwj7JhmlfUtmBBtXKiGJJ2pfOBk4BhGMYZFgUyDMMwVUNVNgGvTAeVD0ybJ9OTh6l1G79TdiFX6oUPYDGTRS/HNRB4/9S812uJm8kjbxXtmyQwm/bim5aZsKXUE1NaFJEcn4vfU7GB+fFN48FoGUsM16OJns7fPUxfNDJ5kSNjM5quXnoIG0Zf+M/Xm08BLLXpRcMR3A0H6Y22AOD37zdE/K+bTMQVlQZeA6usib58kgZJtPeKwJe+jS1kqgKQsOD92oGm67CTMo8QPeG54BNs+ZKQkyJwsg1rp/euCVplfYqtetD//g0//7qi3jgOOF3PMAzD1AyLAsXHxQNeiGFSwOWOYawYtxatxZqQA5OBRLWhLFG1FDk8PhaKKy9kH4kwWS3IWbgZyJN162S6rHow4qmQS/SThQPotoF7ilfKeixCMHYBIRPdVUjuIihl//ffN51TjulX2GIVM0EwNVLqZ66VzBcAABAASURBVL7jFPJKc3c0GYROy85pk8LOd/cw4lSav24nGZywagYcLUcmDkdcLeDRLc8xQ7crkpYvajYCd8fy3Tk4mI3A5ZJIUc9JETg1dm+My1pekTG4nV1FYfr60fmcqWoXEh6GfYATj/lGnSWI60VFsCjQE7wYw8SDSxvDOEDSnJLqqW0iTkgXWIqZIM94tBYV9nVD7w7Dso8R0eGJf1VgxIT8VNgg1JbZJbCYiKyr6DvHZJMCmdgUiA6wtcDIhH08+nO93CLhM4WlRu/9+CpBwvaIrr2shGya5jtwX1mShTemOcCIRA2tX8tQi1WwqN5G5yb0c+cCnpbIc0gBlzC8CO/0LDDK7EkMQMfXbPXX1HoJYgP+bARSh2+lKwLdHCRrKXDpPIev9jkWLHMfoPKioLvuBpOoNGtA1pQzY88w5CDwoGCKh0WBDMMwDFMTtDtosN1DkFBSfBW/xkiqcH7AZDSOXNkH8Kx6DpmCvt0mLwgdqz1xW4HjFuK+lypKS07eS1oTQR35xrhQEsj1gV4Qyp4UJXI3mWWJ1+X+kkvMp250RZZVnqj3VYz97wag/f0QlbRaZI3/lgjP3/HxwkScxRsBaNTmsdBLHP4Td2HJTaXgsW3XW4n6jCA6nEtf0PRGqpjiXQkn/NsIHNXAecb7c4BuHWiaRj0CpOz7PnDkb1vZVKBpVPkcxOJ7CENVB6ozC7m3bzEoLvoE84snJxiG8QCLAn3sHcwrMQzDMEwWbEcI/HBiLMDD32AehHBaLVXpOfoAuqD8gVX/+pEwSYePBz5Cd/tgXfKlnrSNsxpoDoVIB46Vf/plLX+q1BaTgiVgD6pA36mTf1nKpQ+YtFyOnsP+p/lXaMoWi10dLTNWaH3wlUsebkqUros5NLsrExJYnoDT38PhknFTwWgAoG0bKYVWhFjcEI+wRRQNR3BvJjAHLWDUMDQATdtK2V34W68WcO+iJ3fR7XRGbQ9mFZojb4OGFhfku3vwOyxiox4BTaP0gLtHQChyS18UmHNhD0rI2VuRObh85E+IYFIt8wzDMNQgLgpkRSBTHFzgGIa54qgIJNleVLejpgPuZsOCJ1NYD3BYnfj7G23GARI0FejlPd5IikDPgNZEUp23klL+qZIv0rV2iZN+WJvpum6qAJZpUGlpATYUODI8AfJTBJInXUr5Nx1FFXxxhgbxZIQxsZFbpe4AiMDgpAITlhLJcrHqOxWYAp7r5rR7KOaTFkkCYtpENax+IhtF4OSuH4fLVASOpT/nxsA2bF/ikE/8Y4YE4zx1M4VHCx6TIK/ERMtjmYNOhxmGYRhGw5YCGaYgeNWPYZwhU22OAz8tjqPYaIwRp6UXQiF7bTTLPtp4+BuCCBOIiBIbUPYLqL7MCx/auAAphsavgVilz9TyXu9hhU3TfDORWXSyaROhCEMi2Jurqrec1KqGd4rQwWxqMIMhDlel48uT4ZLMIm0t+1s2Uw77zCsdvDxUWiQdwouP48RvkcfXJ9NwSo/rUhGNRMk09iwKruDocNTCHfueln9Sv+qGcQc3F2HY/knEQQEYTJmYmRZw9WDaQfiTG7anc+xwZSkQdnvgWxwy3olZmY0L2C85XYyBes9bP0RmDBPJanpBb5iNbnOmBfcZFlRHsDbDmC4UFfNtYP0M/NWAedqJxCuBlqXQyeUbsxmg0e/awvfp5ccwfUtf+HT6+qKmHSaXm1YtsIjEJAqAbvxBb0jjUmJr2Z2jbdtf2w6Rf3Aw10ZS9VakzKD4FgOLAhmGYZiqIaGLM/V7Vnu2xHpF9CI+G80ah7MOU7ZFKwJXYLPmTwl4byKs+JQa53Qo2wWdCaZ1KYKx1bOIf80JpNsBmKdFa4lp2nV3L1clx2/3t+C14DDjgLoaleNqd7mxcwx5sPVua81qXmjp13YJPGU4o/tdT6X2pQjc3Jd94rzWO1pdmoMmKAfvUZRSHrzjwVAe2p7IMnUx9RPBQMTgZKMJjBeM2TpkUB9zLOtt0/z7/ev6rnPbN7miITiJBZR6udG+Xd2xzikPXxFdlXa+rnIGHI7enRBaDdeML12Pmtgv5jXg8fyn9ECDg1c/roNwpm1/Q/RV6OSn8MGLMyJYGXHxAbQqELUqUDjxOtGD8cKz4cHXtu2QCs3w7MtRGf4QJIn499ehdHpwk4ayKJD3DmbKgksbw7xgkQtVzF3f6JsdqcIYYtr3vXqtZxzJIh250BhNmD/x4cLjV+9ETnY1fEO6T8nUishEUgIdZ/ctsyuDSKm/yt657FPNfsU8Jk3dDhhIEJi7VKhK8GfBc4nIO66JRVWVNiq4eWaWPTzwFfjN4ucHJxOX1s8Mi0CtXgWRMrFBqBQem8xHFVg50OqQgzMoUu0YGuNpjQ6XwPwrblLg7k9adEEIrBB66XCk9MHpsfnauyxe2XyLbgqgKkWg091bg3EF4xoF3HwGIX6ragfMxsIqyPQ3DOUd0jyATgvtYL7GckEe7HVdQydYmcjCxSKs21sDfR9VhoJWp52isPnqWC+3l8JFhkUuSNYC/M0ZFGoEpOVg34cAz6NCz+mxc+61Pg1AScGkRoTi4+T1+4Sz8VivKuEbUaDJA3y8wifuZeAE6B14OqWH789umvzJi7H6CsYasqJAH1WRNVoMwxQEHX0ULThTt6Dsu9HstyDKgyKw1kV0ALp9Mpi0v49NfOA53fiQtQI7A5tZ0ZrB5eOIXp+C7JapEuC9GBSZpIH3askfNB0pONK5SQ9KA88H8O50hsQJo5vQBV+cyZ62aX7//vVdJ2Un4pI01S48x8TKSBui1Y1My/XbUL26z1kiUCW6MBBVBM6+BVEEou2FqRibgcxkcTHDMm0jS5GQsS4gRQk3+mGiDhd/NxcYTun5roNOcHsh7K8/XApnG2pg8KCB5vf74dTcyd314iYqiq4fOs8yeSOBN7+s78ZvT3r09HqKk5/CC7JBnYn6I/OqH7Anhg12fT8kg0gCerjiE8M6IjSjKlB8I3oZ8uIhyFb+/f1pUeDVGHnzyRQOTVEg2whkGIYhwTgIrFcvdNkX63VXnur8FV0JLMD1+k3wBEmX4utWsrSQQzWfpi0SlfjEtUyVd6UIA7KW4gAcdwzPlOfXaS8Au82D62U3LOV3PxTaPh7Zzs/M5XJLblQpsEoLJ5wNSyqRtTV8GC1QSQF77WeZKfIm1Hh/clwgDp8cdj4E1wJe25eJViIuR/KpmA0EhgtUEYpA36UvgXbiDd90JrnwVXgZVhHrQHyZQdhoZ1ugcPtOolUog0Xl8h3QgxruJI5bD18NBs3n1P6heh/GYaaxu5GGOGFuSK5eXppnNMYYmavfQRt4yVFOePR6OjjumjqU97+uE456IInRZWRUOu33EB28MQzDeIGgKJBtBDIlwmWOYV5CUBGozg2DeDlufEBWH0cw3nD5sLCf0XpJenUYQbRhf7Szkhgqg1JlPIp5K5/iVYGfQg43tb4UPrRO0wvghA2Fziu1aZTgebGfka8i8h8jkX3F8N8zuXGsPvEXOp/IlNzfpcfHA8VxUh1Nr/1Hefs//1dYxgdrntmML8+9uhqnDkbpJeKj3jD4GProWaYtDAYKWSGKQCGWbSXdbrI9mrki0H1LzTrIaRvZFGVeBCSfwnR4kwo22NweQDN9sJgHpjNis1XKXt4HO4XgTjh3lhiejjR6yx1AqTYi6fuUfba7p+90zpdWG7FpGrVxaN91ycykuUCuLWYYhmG8Qnb7YIYpCFYEMgxzwG4YSNIAxigRsdhNtULMNsNqTwaYdtAl+qycJqv9rRNakbpQocT+rys/z7+KfgpLAXQ6bANxQ4Gq5vddD9APqVB5UjzFTRlIlhKvnoPl8TkO+TQO+OKMb6rsIPCKkCWcUNkojQoxpRJFHemOtbzopUtvL/uClTYxmNO210bqVOTUdzlpLVAZZ/fqQaqb3/qJ7q9a1KII1D8yegPPIRz48PuWYZjdtm0zjLL6XiaO/DfvX92tOw4hFPIxkvKsqdvr5M4f67tUv6b9tQ3K37JgbnJtZSgdXdd5jRde6uIQcAnAlUgZNv8/YLAvOEoN1faZw39kOtA4F/YqoszDHoZhGOaBH4yLKeoPDJ1dHF+KaJphUh0a0UiQQh0Gtbs6KIu6Q7+ggeE4NvqU6oU0UtnaVV9Uv2E4N4wXUMimGcX20yTUcESZ8hgOSRz7MTha5516meoZDM3S45yOrZ2c8zu6xyNwfcEQo6YBbQYZqUmsGr0nulA51shG5w09dO6DVPEX1FAVWlXt4ctQpbN97TkszfieVwNDMySIMb/ipq1JJYw9Hv6G9ONIfZnOw7xHhvJOr7EbrWYdIn6cSaoTwpbCRm7kQAEzP2G5GnozvewbPWYpRAwVIIiQtyoQLY99hELlvzNgg7JXSng1yIVwllzi8VZAphWBargnsm4RYgUsSbV4m3efnK4ZvPl1fSxPIobUySu8OlB+kcPLHzf3BLIKV4gW0KsT/vChBcwnQh6leh+xd31ezwhEdjMWZtGaz1C+dCtZQjVvrJLXowgcD+SilfkQCudbQbSNWk/rpRSyAONh3nlOsclo/+Nl22vw/O2VGc5rz27ObS6B0+V7E3oXOsIjGHceEp9nd3HzvwvjypHUa/TSo7W87Jq42wFV8d3/8scvDMMwTHh+LTS6C6MEe3LSjcD4ORxQf5UIUFnc0XrAXikChx5xo/rEsumFEhsNk/DqSqX2E8OHOqU7Eb0Q01fUlofHXsVwtRb7yXH4i0ohiNP3jQpw7BEu/ULAU5/mcgpv+b0e+P1rG2hVePpGeCX/5+0wivm1v3HjB4kNZjfpYMRzINu20ZJQIelpwoaIt22r6im2B5v/dCQz+gU/NZcj6SlHpgKAarVUbbFowK4cPK9M3d4LxqMXF9tcZsCwDDzO4I16SJLDo2kDYWr6uFoMBTmTKOKp03qcqKerCwQBV1kfJmse5yLjMRqJJDz5la0qMFqeWL4JXzBWSakH8eV3dLyEP19ZYNQwxa4VARWBnynSknBNisCIuCdKnXZQ8jI5VppXOP/LAB+KwC/e+y1JMRSB/tNG2cijowhUXAwoPb1eXpoicJhN0+spoh9WuGxTwDq0hTx/cJzPTR7aJAGgOas4MsV9v48u7Ha3NX7f3XC8RpzHKEPl6tS2rV6SGo3rCWNnb27L1/CYUCPJbghR3+0Pnu9Ylq1rKCTKLmbb9F3f11zm8fYUD60YhmEYEvzmLsxsrm/6PRnNHY+PxvymNzfmi3GeIcD51Pau5T2P5YRY3vzA5ebZPbG6eyUK3Hbjtke2P25EgSibURDld1qjDHmdmsNYs5CmKBA3SSCK5P1axrbGGqJfiX3sB+bmrdwC8J614q9WWV+7dfNL+Km2+PD7fAYfHZymMjJqstUsibZm84HHR6BiGNcPvmk9/tXT88JNvL3w5saMoKkR24vjYuRMRrk/qn/JtfJ6pjWSYMCy4Y3JJIbKikjJA+v7+RkL5+ycAAAQAElEQVQ84YL0CZ6A5b9YPn4lTBinclBa6xek2crMRF6VoNPhb47Wj21q0m3fQvqpd8Sc5spEBbyPhM9JkuhJGaK7m7g8+NACfo0CznoH8ZUYWkDru99K0rDCYrYBDd/2F6CX/lVpikAxWs9SdjLsW8nSnya78Guj/E2ZM+l4+cPRiQhxP4jmTqeOUroLcd0OZb3lU+9mnGPGuama38PDcQ9bEGKznKT6UnqL6fGq484lm+tBnEesyw5yocGLv1skjqZu9Pa5p1uL7J7boZu6pgfpMy/qSZ4soDfTzTAMwwThJ2WPowkpOXZ6hl5jrz+lUH971R1Q7wkMp3ttE1BfublLWQAcbxwOivmgvhSUaTo5WhJUdsqmgZS2Rizk/E4FjgNMxF1H8MX2wXeiQCFaxO6vk/SMfmPTdHrz0K7rdeIT7UQMEVcpUGoBeD8FIxvU2wcP9bgnKYqbaBro+8O4jgRqZ3e1xzuO77ZmVgCCh+Zq7J4YgH+/9lIWeDdHMZ4wZKMxZ0cv9IayuJOEmub4d1sR6PkeWC8+fhO7+aXcbPLAGGlBDjBubhMyITJTBFZiLMuN+FvIZlbbAfOq7BEDs9MA51Xy4wUF5jWKAup9wCBqSWBRUvggikAF4eZwS9jngtdoU17fuFMEFr36XrGf+bId6L13wUcoouLfQ5z/pSKnzhwrAvVtX9+sNTsq8uMqTPOKTRjXw9yWCHQ+kTdt2/77/ZTNtGE1oaRI5B7USdN3sFg3WdjbnNza3INp19v5NtjcKA5HhlbrD/96vYHbS6Yl2un7rpPxxrTEPFY3DU/oLlNlCGcFwzAMw9TOb9OlE6slwK1VsdXW32LjbzH8N5uf2pkLnN+03To33yFWS4PjWyS49DIPokBhEgXuXzZxEAUKXG3FCXfA8K0YcO6xz4bCKHbxcLWRVlz0v1s/wXnIRlcSiGIp+wRTAIXYNOE0yc6MFPa9dNzNfPtwvF1FnHwYxWGtmF8SNesAj/eZXXsx6/MZaNSu3831BZfBG25rfy0e7Q9f3mtw+TKR869Bx0JFQREIKYRxGTFFPpIqKq86EC/ejyQJBIiEijh8PBAcWC0nfO8tfyF5EVyXkHLkscviEW+JQLXDbARvfr1yghzoej779EoUQE+alMWZsvuOYWY2uOxpT9IkA1odcrj7Ix8mT93vC6gIfOk0qBcsW/3Shb9ptByn40yTJVcXffUk0m2ewTAZV0jPaJ5mSRpcZ88XCdpONXc2yLeo8bZ3zsfgN7QADUxGT8QuOL0ynvI+Tabpxlkmh7OBPVz3aYZx/hZ2EToEFC4XK9+ufh7d8Jbv83pMEcUeE0x/ZwPdmJcCvjhTG1xK64Lzk2Gi8xOMPWTXm5lkcJljmM/kV42GCZq+64Qzrj1lwFZNFMlvM1ZJGILdtr/fbyMKRJOUDzffxj+oRYHtD9dZp/WUuD548mLe4uLoYcZMZgJhf8xAdWMuworAkZha0JyYjIIC3Q1D9+sEEcHlIzUQ9ClfRlWa7EZkvH4RLWCzCY0g+oCC8FktrMoVT+WKj4mQcQoWmrl4f6KKjqPnrJnfpHJ2trr6/zIdPnkpsgQjbekYUhH4AYBf20DTqB2Hqn231koROHUFXqdB2YrAMJYVyilQ29myAjiK5rY29GD3ZTtxNpvo22oEh0nF37/faIwdm3bbaxiFwmovJh+g2KXydpoyYdLjKEsk2MGfqjzdoQ3NmEfr7zCf4XxiGIb5CosCGYZhmOrJyJxUTOaZrvLiPgzI+76T8spS4E4feIhbo/bQnbaMP70hizcurb8jrgVB0w6IQwAMwTmdPQkiG+WUSjEp2+k07GYXl5thf//Jw8KQsv/vvyGrZd6qmCDoDaMhjSguCyjHfQaiN/IRW0gbiD7gN0xmJnLYRztxEJC22djPVFyLcmsmUoakwGwOEORGd5qHUYKUUpRF2EXLDItHkiClTgdb/8OG09F198D4CD46HX7jwfcql1m/eeU5TO3QVDatnJrKV3EoWhE4YZODFXeh7vfc2hmsA7Hd/1Y8GbZbP/YeKjt8El89nXeTXuu35c3grezvKmxiefMQcfjseoMsuIDOw9siCeoV62nDGUEPtG31Kc892JFXCuGHswyTFi6fDMN4hkWBz8DuD8MwDFMoxGUDZYFSvXr75u1bbBroG/X2rizARKK2a7hoH3Hb2ziHfbVriMvOIrhsKjLEG6DRdtMOW7zgbD5pvR2NChKH1DJcCvs3rm/ufbDf4oBOETlMGku12XTaHURTAvoldkGS+LLAXBLa53ZmDr4uH+kZZ+2H9kwt24jXkuAqak4OHZwMysZGE8j9vTdNY3B1RfF407BkpjnKOIutguYs1mia5vfv13ddYUveAR/6b8plyHKTrkzGNc+EVoecr/CDbS8zplbs0Y0QiYM1PgetYtRA8/v9/v46sj0BXGdgMk2Bg+zO5pbrmn0TRzz4efBtngbaiP2mMfo6PzT30fc2+sQx1JNe38uwDvFwFPfHbxgny5QosOuK23flC6MoEJUokPA2upTizcM8Te7JwIYMGYZhGF9QEAV+WitkKSCTCC56DMNseTcEZCtauTPMeP79/ZnPmZfn7g40jZT6Xf6N+O/qPv+TCmoC8feDBkwh3E1i4DZYazRNH/Pt+8uXH9upaCFIKuMACNfzMe5U4y/7vtNGFGIUfDR+TczQ1nVqnVJBXvWfrhZkVza44zMbxrNJiSyrtl/SPySfe3LMiZhplH9+kOvcZiaaJeL1HmsNVBpFYBwJO37tUpgH8xlwPUPweANJYkYfDD+2luxAnER563uZJrXe+m18QxSx63uTETijyNa4fTKK/QzNeKUAQEOZ3wb8yFZEuHUJMQfBftpSn7zO4WHq7bNr5UBSfoWY5oVTxgbOF4Y8xdQBrqxMEbClQDt4cYFhGIZJxodeJUm5TEFxHmY88Y09RKNToFwbplAR8SwKjINp60Yc37Jefo4zxsu5cSpYzXPoo+PHdBuObq7iv8P+wDvTgOM2up92EIZpL941sA834POi1O0Mjpf8gaKKvHfWlY/wpT2vAb6yhtpD0zQQWhaY65qm1DvNN6AS4WkOm8DkDESRh47gza9wPPrDI3Y7zNlXdx1xKhv+kiK7xMWL79mAHq6wv3q1wJ0n8YLm7JPvoGWUCzjLYOL4dfvb9lwoAvWsgkQlVPp8GFdm27Y4BGweAeDLbZRfpkGypDvo7sQyOTBMXzSNQDwq7HbsXrOQ3mRtB5HfqhCEG8ng3hqf6Y8VYwFAy2ezuYycjPUVwhheyiIpHOs+NaYeAN18Z7IFX59kmLLh4s0wnmFRIMMwDMMwdUFYGDCp8jCB2axh/qz/63pH00TnE+hw/YbjhPkbANR2crBRMBrWgnBnt3D5tZs93BwHXO9ZPxbHeHj7mSnnqabkFP1wKXAutdkBT1W//sKh5YCxnnxpFIGMJzj7HvCvCGRsSaJ6ErkSc00aJymcYDRpEiK75McgI+qyStn00tqLulGDInC6IbYqMlLSnW3ULTMAW7t7w+RA2wxl4CSog7OAcAUl/vV/HoSUePhfiOldyYexz13g9Eupwj48hJ8MQw4C2R0ZSPcIuD9EjsJznAsswzAM40D1okAfewcT1hYwDMNUAj3JCADxxxfEMx+WB0qT16PebCVNccfxvdpE6Q2jLOZr1Le7Zpgc2ioCxV40iOeP8ynTz8+M9gEaaERzVenR+PV8DaLpxuUDBDxpNiPn/2bVJrTPubYkPuSwl/guq0EYUwDoTuBDNGEsHv6G9OMFwMP2FZhsRx62cts+mZgwKYGPB2JSQm7jp9NB7kxOgprqohERXsguf0DZAtPGyk37ZXrHrvecIJWGJGjGeQSz57llXLjwvLZwZjPsSsK70LzpXq89U9OyypXlOhv9lZTSk/G2uXc0+7oowMY3/fRblqAFfps3/PZ3Tw6cakvQCZFlDuLpGk+PEtr6KNLbqZKMOgphMaVZcdJgjbFDu0tIt3WFwHnEMAe4UjBvqFsU6GNZgJcWGIZhmGR87N6RfbM1lkwoJ9RGxPi32gokNzTwoAdRqwx/fw8X4fLxjlAZM6xk/n6/Q53fKBFxq0rE3Z/l+3TNxuohLss5MLoAYq+FFGtNS1LkdHkft3WiumihlT8h2rt0uerErAkkPWaLFvnA5eG78xCoNpSNzQIy44Ua9B9ZQXVFmmtrCpoG/v37J6Xsuk4Exk4RmIbhOfr7p1YKhnQwvyxEBPw8nK5HEWiVEFuje5stbMV2f1vYHpqOb+3zzfdf/BgGo39d1/e9+Mx2jLz5eoyoHmSqo0PLcJ0Mp9fmqpGSTTupEn0k4WiGnVj0tSgMedRwTZ0pg9UOFbkkVwNnJcMc4ErBvIS3D2YYhmEoQHKJGGjKAslKQ9Ssrc7whmBp91TYC5vCH0Lb91LCpNNTaySGRECjugsPq87nRehjYpwNTnmmHdZjm3bn4903AY1WKoJo2p/6InEXUHFtJwFvXC0OuuLvJd/MJiwZX/hP3KDZxa/0nZOX/DZYkz4he1Fryd6/Aa0O0eLcGYviZ8T1/6yzGOJbmUfnExGYrMweS+N3k2PCE9mWorABW7V124Nne3vi1j7fBT1KpXs7Y92DwNWL7ZgRjAI8Hcjxoo3Z911QzeGNPVaftkK49/d5i+lC5yLRJm4Vo61HCoLUKxCzgXCB9xR3npfxR4phAUMSDzYWGIYpBhYFMgzDMEzVkNNDzvPPRBlfaKengp0WE6hlPMq+0+o4FXFt2gTDZv26xuMfaNp///udfcTNt1nOtxg1VDs9/X6NsvLYyHHhYrYZiKtmbFhx2tyrrth74TkiFuUQX5/ceXRaRquZy2ShrIucCGcp8f3yAE9gRwBtLiGWE6foxtEMo+WxkP4VSaqIYI5pyEt/qcHNZzz/8uSoCcxHERiZdOGG7d/FnN52s9291T1YjGdvj13/2fsi/vuT4igKRMe28uYVLIvNmPMsInrc6IMiZ2dGSSDl5xLB/YPZSCBpOPMzI+TsK8McALK77zAMMSoWBX4acJleq2OYaHDJYxg/SCn/+69bNr3kzi0JELtu2lOG6pCGaGEnKwxaVWERsl0XrkC+Sdn//bf8wmsTQvszAE0DUqKY7VucVjAxqATwwLDW1vzaBpr9YTyvq27FjicOezSfzT2OzzVQqLIPSPYpt1kCpQ3MFhP9FYPiChTMW4oL4CUtwTspR+A2eaM9mcsjl0TJKXNqVgSWEy+MmBFodSgJePPLh4vR3IKrwwdLdEcTfNPQqm1b0D34Bi+M153M9A3zTv0wA4VSfGc3XsDNUVj82gV3mvHaHBFi3w/YHD7RX4WZ8PpwOwzoBMghoaWPDN1SSPdsNJFYVAvuh6HuN02jq7LvrC8Ak6HYL64VQgMw5Luu7pLeKHK0iUp6yFJm7HmUWT2cxQzD+KdWUaCPdSFeW2LSwCWP8Q/d7VSlVFtrjpKJwvDQ9SdoYv+/+gAAEABJREFUNk2ME5fadho0JAu+LuyLoUA6egAgWt41EHfDs2ClS8qLjatuUVP2w2rdq3uDACpIw5yy+o4GBeD0d513XL/O8+/aKMWk8Dqn8XjFstanDYWsa4FBysCoPlx8v+LBb4egGS8F4yr1mAKsClT4lcI5CAxzec7MmsDxe2W6QJf6Q2tdJ11Mo/pcWYZmE51Maoq/5fcvISjBzQhQVwTuMYfKussFU8/U+oanh9frVIKzabyt3b3taZjPjTTjI9Voo08cLe4pQUnI3bjR1FZsjhk9fg4NXvs3jUvoMWRyC23TCNn1gQZXJbSRuPkkRKvG8r8//CMoCdRQ3DUamubX/nrZDysIRIr8cX6KYYiTXVXguskwTBB4+2CGYRiGBnTkUQuwvBBOLvKbl/kJjqM2qxN0rIeN0l+6uqC4+ZxZqYJI20PagaLvOtnL3SHT19OxSYR1d8l6lQYOa61ek2HTgChTGaPM8TYu263BcH9InM+cLsD1fzBesC93R9snjKoIvoRw22LGFITOs77vR1UCwZ6viTDtA6fsO3hTojObJyOTnDgSmFPjnGsBAFh62AYd3OnbaePa9RyIQ2MMQhia577TggwzVx3CS3Z9VsMbTajesZnt7sH+HhX14TRAP6v87J4l+vEr8slSq3DcpSftxsnvI6vEySnixsMSkUmaU816LvL1wHnJPIE8lcgwDDmqFAVyW84wDMMwtCEsDgPq4jigt+YMeqfsJdOj6EBmxZhIPdm2bKEr8kC9WS+HJKnCsgBs5YdHYy+4+Tp+LLuooZjNHAJspH6bHc6WwqPKrrgrRADLUu71JZNVl4+FUdmDOe77bMAQmidvDevD1iF9XFtWi9V6Cdqw3v2OOy8zb1zrePZ9SmRVEvS+V0NphtwU3J/4EhHfBcMlLG/zgNexvlKOGab0wXQKwW3C1lBuLePwollZ3+E4dlvh5uIDqosZfKCzfctDB+akAzwdGLt4x014BRzlguJN0hni+66CGzpwaD4FatvgZujFSuzRVTFXlCLw/v73lodLVMAZIbmrJizbboS0fBkN1+ZiGgmhSDGrlEGXgJWg9Kgxy90rPQ++qMHZzjCu1DS/SBi2FMgwDMMwueGrh0VXGTZKWOraOtCW8vbK9sdsMY6iXVDYGcuLpQsUeaQ06aYuRp2XfYey3x4xZ/utdO3px3NJMqvqYJsIn0p+A83v32+Xnmj6hofzKM5H1h9ocGBWV+LhmoNb65lbGy6IXddFaflLaFfJtga7kseEJEYq17o2xyV0TyZpgqmkDyUB9wcBjiK/vVRu811/w9NdIExCO7MtPdn3Iig4dVVMirlzp23ba0LT0fkGiwd0bmIUFDfTCSSqDLcL3lMArHr3iWka+P3+SZRdoN2TnUiRUHR3ztbQ1AXiw3Cq7jTR6mfSLT4/7nKGc4dhsoF1geXDosAjlFcVGYZhKqWspp37Vp4YF1eIJSfMVhq2c83VvKh/AyyraSTHJ3tLgdF915/JUh2m/4J7k2nB2poGDRJIbXsTI5ilEd/wUg6HaMJR4Seu5IjCJAo03mfSDl4vOjjHYZzEB23Rxi+Te82AhQ3F082X6WY8ipdnnq4fxeAwtQWj9dDtpoCH23OqyZ7CYipN+dhPfYufxCkkFWrvuORW83JZ6k8QCJNJumX0cLjObL4OL07AhfMGJ2aVHJqVZWbkQNgUQ9disSaF3mh2e2Z5Hi/7uK9/V18Ql4TGycby3mXDSDawVmMMB87f16PXd1g/rd8EPGVFHbcPFi/IYtDgFgJzkFUJxUyayxRgoE5EAbpAZSgQcGq/Mgji54RydoCwuTzKURf198gv8NLakS04YeC3dWZiJQTJpYSUcGqXBYWVRTKwKNBE6fPnDMMwzJFSeveeA0lVIkWa4+IFlRJQvv7hA+MekWmyOoeRYaSsz7ouhQpcpPz14cHnJFCCg79X+z6HTR871yeZhcfZ49Wltm1/v9/dRaY1FDxqAs8qwYOWzXTB4cjRCpH+PUonJqYvBufGmxCzqck+Q2F0C7gXqKFsQTkbsiyFuPtTLWD8ujk41JAGQM6bRW6uPdur21vAE8K0r+xBXHixU+7+KotK+vfXyb4T4RifGY8St4vjsL8Rd9/QdNv6/LrGdDrgKvGsBURxayEvF4J2UXF+K0a8o8CHrzHIlHsQxAUZeYgBfeJQKUfBNuESQDHqY5zJxZz8KJFhgKUgTKGwTI95CYsCGSYruBvCMEEgvSRKdS3UrziiHGDzSYhe9tghZqT2iMe6bJs08unGo9o+WKQyn1f5Gpo42fcSZus8IYOW8XwDzJKDr0lQxBL4NbON2I9pYEJKtX2YcL3RoILAm2se0//iglnXM1SHTlWH0XDizUJ+ukz26XPbtNA0V26rWtG0Q51oeumuaUDD7/dhR6tDV4e/pZlSdTQTBwmqs0ML7k8bfDwQ7BF2cFcb/dTNJd5c9YKXMXrp8Qsd1Z729/v3+7dce9dcIPZSBrGaE22Ucu8P6OZSnlvNo0Z7SqvjeVw1fmaPzgYIb8Jydx3KV6r9WDhoTfa3PTz34oG775/7E0XTqrYSVM3HRzloVSz1eIh+M/QixF0SVM4SbdLaQLo248hupIqTbVCK0adc1YmTbUOXTReRYRiGqQcWBTIMwzBMvcBWIkZOKwVAcRqTpgpU9j0qNQhJs0hRds99DENKPSLdVyqwV1Zz1AZPsG73FoC8nyGQQxVIDSwfb3jI2l4jcgdlJ0dDgdPv9EU2YAAabb/x6ixoLdzwR7ajnsksS7NdaUALGR+eD5kuu77o/korZ013NY1Wdwyfj3fd8OD9g5vweCAMZ290UqiNxiVuL3ILDzyfA7d7wfZCS7ceb/4N/Gt1PYF7PfLQt8S/v977eCJR42SU6GrVDxr1TyaV4EEWyEuSX8l13FJMzoZIwOGx0f7a7q/r6c0lwPTobP79+w3j67+P3b+Cx+U4SuICBX8dWtGcqMsb3HzSAykXR7IxH9s7mlrYMm1E8jODYRiGeUllosBPs6vUl5IYhmFqpRiZUKggUrSZB0QtBW5FoLujSEYrR08TOAHG3xHTYi5mInIOjAIAoL2kEqvY55zIZKv+Chysf1lSXbLRKApKCo/XijkQWhQI2F+IAp0SyV7Dd3/59mT4PBqTRza9soUme+ld2IrOp5MUzMPWrc1o+m40ugYXV5mJFnwL03LfJu/GutN1Xd9193aQtFouawN16cAK+13BrWJdWFNMnIz48DsNDqEIUhRxksYQ7Fsur1boT/w6pVJsrwwdHjUvI5lz2swCoapqgG2C07WQOUFQHKYLO+WXHfBr3zovqE8LMQzDMMwVbCnwBGsDGYZhmASEGLUSn8wCmg/1y9VTCoXBxxaiRZJJpOdgxAwOTIbiovmaXQGDUQwG4WfvAy26fnZBjponVgW6qQKrTSytEU7Y/4nkcS97Ifuzh+OvIQnaVokC1Q7jefUFYwcGZYNDOkjpQdrlHHZ8eS4c2pjmmhpxApFNCdyGAwC6v7+u7ygufRt4/+yo7tkbLjZ3LqdLRpO31PUwM3jVfBFJHn/loGx7gZbU1RZOO8jmFCNP41DrfCL6minhHRg0ZLIdLY8xKUDBucEwDMOEohEMwzAMwyTG/4BvmMfrNGRn9YlOZ81W06gCVLWgYpbGZbCPcBp/IaIOOLMSBltTiZE8zAfZy+6/Pykl9T2EgbdR1sCiDmc4EbKGSvbkNAzhKnEBbj5trjzCCWvBc/KmSEazQdMMVqNfGl3zlYZW9m4fqaJi+NQFFsVoNixCPchz6gJpa4MnPTC5BIDfr/39+3kSuJaXgnSKPFodIkVm8WdF4EqwtMg9kbkQMAwTippEgT72DubZLIZhGCY2gfr6iFLKXlLcQ1cxmg8jyXWfpn69HGFNzIUMJkVqwPQRWaQWN6q5FbOIBd9b/vpZKpAou17L36lrAoVFnuDmX7VELwiYVcJu62aCpvEI5pY+4XGILE8+xYfT3IjdYPHB0F3pBBPDOTR9cZMRb84ktRCWxZPCTwrU0OL4m0sqUxco4pBn4pDVJCCdXuvKMHnaDECrLc8TzXti0d5F92trxxImr5BrgJgdnPkMwwSkGlEgKwIZhmGYEuG+fjDqV8DdAJvPzbHaE4S0ncRR/ZGPLjCuJDCFlcR8ChrMhhLjeZiftcQ8LGWmBIB4AjAHuDB4hFdmGOrQELlm8CpdrGSstkXz0xXCURdJ2lRadEtpOTYh0RIgwy48jtWAKrTtJBLt9OJdd7++FPEaIx4lMQwTBG5cGMY/vH0wwzAMw6QiSu+Wqr08skAMM4nZFirIwDBSbIY5a6nJMN6w+RcIRNl3cvikrIhKVezzSnJ+1l0mgaO5iwqa0eChL8D0XdJszC9x4hUJN1jKG585wXmNwZ48Dd15x7sI6qV74ZMRny/wmBBu8cmnYnITMWnC4r51lBHT/rkxhYFMHowZT9dOIuXWDx2OVkglEa0+v7h/wjAMw7znJxiGYRimfsZFt6zGThEDk1vUowCj+TC60Mx1QTDThxWL7q8DgOwEwEt4QpZE2Usp/2sIq58n6Q9Er+9jkmfSzFBv8G94lUP6AVLiU2QyHIrUC0PS+GdWaiDC2zG8NsMwEwUPP1DEt412RchkRA9XuBK9WHzvonreM7e0WnFQBXnLwNJSA+O2CUN3JZ0SbZ83mKuhTB9l8bkYqownPJSg2avNtsxHoaKYsyKQYRiGYe5gS4EMwzBM/eQ3oxN5IEduSovsHJ6U8q/rJdX5LBD5CeNiMBsouhQGpk6U2WJViHCo6dvRkkOCzIdMGpu0W+fmkAqQSTiyg+CzAELuIT83toUAIdveE5kmDsyfAdLBW5Sjtl7cTm5JUGDzqykoTLtEvreHWnYR85MzHrI4XTKSthI1gsKYgSV1AL6DeNQFkgMvCkJIMknnqfUnrJGiqbwhvme0hq0kUoR0U8cwDMMQgy0FMgzDMNWT2xxmxLeNidqLU9DUh6CUnZRKHDX8T21KD3Z/mLwI3BLBKvkg2+Alin0uNj+CSsHKYG8fl/TctleBcJkpCevfkBEgWMx41YipEC7WeZKmU4vK4zrkb18SkCuFOCWCty5mLmOHB7QkkLDlMJbJFN0MfGj+iBoKFMubpgzDMAzDMNVSgSjw65Q/ryAzDMMwEYm+dw5NkQxsPikC03aiaD4nKi0UQFMKOqHMBGY9jxl4Q1IAwgt4GQji0ovRIIdkSMe0b67wRuAKGxCy2uAjuyciebko5N/92VZfLsIxiVUySslVP8YvRYHF2FOAfcbb9wPNyrFEGRfE25dFkbgcTHNjJq/6flbbtg2ARCll9IhyJzYpTdP82nbKemIZcV3jmZoZynzb/lSRl1K8g4uNP1iWyjAMw4SGtw/WsCKQyQIuiAxTPTzCiwjlNhWu7SRVLpsD2rqg7OMebi/LnY00YuSQ7Zu9OdMEhrgicEx+2OaDJ0eJ8n7fzIyAy7vLcdkAABAASURBVMOfM7a4xPlelGNHmecFKiL3+qJDtqxCeha0FYYHI0FPDrgnir9kfI7caGteMMJ3la1uAO4hNnB1NH1KNdD8fq2qC25Ngp/AJ6+CoHed0BvJ1jx7acwtJQr8/QAa0pYSqcacSLwP0RzK/L/2Bw2IdynASxwB4ESdCZYSnMQMwxCGRYEMkwk89cYwIcmihqUadlCe2vcskCgKkhEnm9vTMp4ogGCBTGcnMoN0h0UWmXwdafmI7jF3pZkJwk+CDVOTwDAGeCXEAFeXEAWDWKqGqlk+ktFCESjEr2m1Fkr4j0vSovCqW1C5IuoexOeNNOuu3ZhUy50wbQHgN7QCv3b4RrmvQDHu0ysChb8T5Z+qUgOnDzyf4FwvAVK5xIpAhmGYIJQuCuSJO4ZhGOYJ0opADVFZIGnTYYHzPMdh9KwAXQxmEeRmzSunBAliLxCStnQpk3cs9pDP7tlB8tfGW9YFiqkseHaxwHR9GejyrQOe8WYvsArriUVRZNUrHN9pnnt9GR4XTQMNwM0+oR58EWXwLf4ueZ1tigA0ijbU/qV3Ec+rpiBpK2EbnlKhcl1g0nKZKm2HWaS2UU8G8t09krJAsg3fNMThYU7pfMk+znqGYRiGBEWLAnmOlGEYhimClMNLqnYCQdBWBdK1j5h2D9OUwJMoLDtdoF8HgW6Fzy/WKSSBPDQMQnEJW4rN1BhwQjBneMWLWWmg+ffvX9sGnxYuRxdI2jjcBC6WhCJ6GQW3Hk2IQEWtCd89s0qCT95wP+WKDFImpFb8G4ETB1GkexCkTXFfvpcmrdsElrsAJcOKQIZhGIZ55icIw8NPhmEYJjw8vEwDrH/JZcFqNIxo6QOqcS9KDKPzaAzw97zKQAiavsyB2uYpr61fbvPXV+ZPbi0WE+nN56voSsS+7xFxSAHe/8eFutMKbE7fJgGXpcT4bCjjk29jjEFt45VSq4ZuAzRNHNM4ZXTM3wQxnqDtrU+u90XXBGYJP/zsU+BT7c62aUj+/EqXMnPUMx5PBU6cfAWR4SE7itQGYokvFJem5mSYaonfAwj6KvD11hV4d16fjtQsg0asaxRv3RHx8eBnM1mLbxClQMCwvvnBb0BGY/lCHEwmw5OXsPkG6xFYjs0XIMxmPADHg6AXL6DRlzXqGDb6SzMu6A5fUJ1tdNmcjoM+Mi36Ng3MVw7/6XuHvNPTO2N51kfHK6cjYjwOpEWBChYGMgzDMAFJPqgmLA2bdxMlGX8g38Upexn9HeWZyvNZOUNvmZ0944gyq4n8ZLWQYquPUnYopzH/8End0AEP8ndzUG/hlSHmAzm3Qrj5ZGJRwrM57+2ew4cPCTw+bTqnShsCvHuqg+HMynreOubp+9IJU3XRBQqGEqi0ADyGogpXd4YIZXRZ4hqXXjfesfLXMXBwdyb8Zkc2rugX5UB1fmTj7tbLcPqIHnoJRTvQNFLtHtBGqh2fI2/ngK03TdP8fq2UcHe7URQIp2/TlcM4Yjshu9hugensLApUGsxJzzeKAsfLRhXg/E+XUAGtFgW2OGoEmxbULa26Syka2/Ga8ZbxdhD6ZzN+H10YOnoNeVEgwzAMw4SCR9XJQJRd16OkmwUEBVLD+K3ve1CdeKSoCdq+j0QUWMZhpHJ/WLnshpI//cqx7EfJlHl0Tavy4+ab+g9mcSzt/sf0FBB36UAmhcDqkn1yVJg4n9qGDMRtXK8DcJmcH1IbvVwShUUXifsjFBlyfFgIEZNtgJp0gW8tH8ZLg3xTO1TIsu+m6mVRZVgCKc+kiLFjnZ6U5gLJZj/GbQUD8S4CKAhqAsdGTy3fE2jzdlOGs62iiQaWaVTbmcXlEoQLP6wDdRlKJ97k4FgAcMbgqN6QQQSGt66OR+5JnSB8uP618t0liE8dmWyyQ78Lg696P28nmYRXPoRCSjm0g1Li8K+6xsjmYaLiPMS/11zee3YJniwFrvdMhvpQzErBSRSIsK5koTYjqDskyrSgzgjQX0ZTgrOTOFobRLHY/hsFiPPP0VbAcJEE/Zbb9BukvmxwX7IokGEYhmH8kp8gg6A+TMpOSphfd6K2zuX0jlc1DJ3mvu9gVcWQA8jl+QoAxYZuZBi5i06OJuNFhsRaziJWAK7lLOStBF6XBJ5rv4FA4rxri3iJhmFqZ+hB/f79hvbhr/vLv8ZnLyqrhmAK0byzUFWHnzIT0vWx1gWzlL1zLSPCoTqOcgCyikgKxmLPDHMo//791GuWw3/1Zb2eGb4ybqWNFDWzJrDRm0ZOU8nnsmDelgRmlwwHNz/Mp0wXXF52e70dV3c2+s0QKaXxbNcPawsyTtngRw+ThpdiOCunX5xxvei7E0o3JUdxsLy/7smd+Hjws5et6PtZEmf3lmNdrZUyEi90GnQuokDxJArcWAqcbRjMJgMne4E4fsKk8kOYtH5CawFHI4KjChCF2FgbBG34b3Rts1GwumT6Dlo+qHWCQ6mexIJyvKZcUeCnYTTVRUOGYRgmNDyIyw1eOvEOL5dlyzRRV1Lsx4GP/uoh2KM2kOg8/jgEzGr/4Jk5l8MHDXLbQjkFQVI6yxVbxluWkMlfLsKMLY6VoqCihYdvk02kWOKfjFPKNWjJohIwGTFwccimBFwFpG0atX+WspInBW1cl4erGn+r3YMJdxgmm6lUhXHE3wYpNvp783cXZwH2FysatW1iO4pBoWk2KbDvCe4MAlkERDMaHhIJ0U91vDiFyjyiHI1jSW0hanN6FxG3lXTYf7zg8majg58K7aiJFNeiQBlQL2UPj2EZhmEYPxC2FMjCQIZhGMYzPE7LDYinRcmMu27Op8QoIiWJ6oKgSFWgvwBv3sEiXOVzHeEEbotR5DBXG43rmML8CiJF6zaKzXLNVh/M3bMrdilTszSwiskfis+23ClSC2g6R75kTQLJYtIhZIdKhC3YeesCG202svvrlDaAbLXApUKk0gUmLiWYSWMwymIiN9BIWA9Im4vtNm5svl26dChBgQfpZwN2cJazwfW1jbaSp3fnU5LwjSB42dHP4PCj+aAZTCwK3GBsS5ZtcyUeqv4+Ey9czIOP4Rhy/k4UyDAMwzA1wdsHMwzDMIwXMp06m5UYDCngMs+rn+IdlXFIdel83UKYWvRPM7wEGWa0c17PDqkLlH3fqZls5M1zQ1NG20p2N/EDnAwfya81KaMCUmmF3aOZYcKw+mMG3ZQ3+afamxCioGUfzdyiTtYSj4fCe5wTiV+1ySF1kOqIAiNog/MFp/9qYxLGbcV9x8kTJY1rmtFsmmoADreMV9w7uzm4gFJ2XdBtefHUZqsja1Rx+liuPTvQNO3w2XedMpa3ObG/bp8Ywoq9g5lCtrFjcoXLI8MwTEB+01BUW1TR3T6YNhoe9x3WSyvjLsSoD6l9jUFvYTzuzzXuaTy+TwLzS0z6L8LsyviBs9EC7ei+97l5CUMcD22xfg/jfOf0Mgjs33Ehwpr8ALQfrEB7bWQa2RFkNRBPu2NJNgFiFYAvzUvQ1/FpSyQoR/+iSBKQBQIS3PEHxbj3x9jjKzH+XxrpeccTwo/6qasvsiZY9oz73aiVjMoNhT5GDMiPd+aZjUmDWvUb/0/FQRcFOFU7nmdnmO9UYiMwPuX30+qUA073YcweRL4pedaY+KcEXaAgixpRk5xNmJsBwlvo3kV8bybuoa1cRWmWjepkqs0jYP4BxiMHi3g7+du6kmpQCh6OHKOA0zursUsUbv/i3XVSb6Er9GzSrSiwbhwjy6NJhmEYhimT39TPg0ZMcj+QotHvBurfynKylA0Iqb4OvaSmAYnq5REYjyvpX6P6TPqNEtWD0iZ3hy9iWJVBbGSje4Y4drOUJEnqAQZM798oseE84EaQy1rWdGy/6c/pxY9bNudHW9Bj4AUx9Es+47KIxailAN50PBcJK8E1Mph0vDj9IjizoZmEwUQLwJj9oyyaC4B/fEzd0NWxhIamGH566vkvVSXYhxK1i4IuGDrm3d/U2CsuDF9kymWYbZF9h3Ic1NDVAY/vdwni0H6czm/BMZq6C4NV1GD+5E4mcDow/uCC9IkMq2LU8GSsheOyvcAJ8Y73tTundkEviVErAmhxpE4MRc9kUgTWd80P3zc/jh/CtBIHhm/qNSapNi5Hj68z4fYrHg8fijjoiVNd9p02Ud1NtJtmoDQie2ov7vhwhp95DMMwDEODeftgfPt5eIPi/E8cv+P+vvnAchA3IdpfuP5wXunQN9NbH8bT93ISIUQwkaZF7H09JWwpcGoGyMEFYPPMYJv4IVCKe2isL3fJg4dH1vNJ9UKDemNhayoIjVdaB6vwMvQp+KXEfXoTQpBjmL9F/SZIQ3BaX6I2Xd5M1snJ9fmLUoJ9loDeOV2vIs42wSD81n8Bc9AjdC2kn4D9VAoxpFra7N+UBS4+76g53b5FLUHCWHrJRX0GP5324UV612OVhlxKHRgmzqcPshXj48R5NbpAsiD630F3q5C7OHsU4e1OGe+bg6jMu/nT0uG0cDa2A6vXOJnamCSj8yrD9C7qVHgvxki4psDx+MbblCt2ak5Xm5PQ9grd5mw3Pb/S6s12zfmY+lW1AXaRKTTKxecU4WF6dDidGYZhhPjhhMSVcfMxtQmZsvy3HpPTtmRyvmY8p6/TP9W2TepTfxk65TBOwk7beY2OjpeJyWCgmI4JGAVb69jTaClw9/3UST39Xg/o0LRjhKZD53d1amPpk8P0Ws40rqt6E6ULtvYoRdYEKZPzgL6M17MCQXrvi/l/LgB+nRSMpm3b3681nzNPq+DVxXjtAh4PovH4zg0UTdto+8Wi31+0u1FP7cGF+6f7SlYbESqzEVQx2bJsIksxBaY31elaCixhcBNSUAazKpD0E5qgIpphrun7XusCHSsGKwLfwel2BScM45sQvR2kaCDNqAukTf4T56Eh/yz7GP+DmT3DvrNb+3kAh1tAwP2NB/66v757v9R1rP7btcnD/KJpDvLMlV3A264oCv9STAeGSd22abu+62UvKIL8HCiTKnLqYaWEYRiGYXzyO70UgZsvOIvvltdkcP63/b5cvJxaVXvL2c3ndC/MXw4B2AQP929tLOvxZp6fnU8ywlrB9ZM7GAxFptfyuPhThQsAhNTJqE1LO/ulVrw5jHY3XkYEURwckUPEG/1+gzS5ZHZ//JVTeYGmbcBm9+s5GX9qVq8d0qOfdgHBwwWnG6+ju56C2Y1jWt2GKEFCzsbiKAKzKpCwLI4yLAcTosJNQl3iMj4q/FaEYtJyWsiTHYHVLPtMId8qjMXCsHvb3T08aHxFOem2mR+zvLYs3MOc18AnPijm/Q3vRqoU0PMm4WObd3qyHo48b5Mg3DtP4tCH2WxAezq+7/CYDNQZjvVyfINCcdcW2rF9DVdPzMBxHkqb3ZuXA3Hd52H5gKNJvV2UD9NR0o8icAzMThPowU28OnF3kz/vHZiNH4bwmJsVhrmH6wjDMAwTh5+gCS+ZMQzDMC+94x78AAAQAElEQVQpbLAG+zk078h+mELMdAFe6jlDqW0Yi2IZoqA1fk97NG/Ef7/fv1/bilEfgusrzXiclLw4pc/Mp+BwCk5W6DDuChrYXKK2kvVmLrCkOg96nrwyTZQTlDv5NW+ea0dtsXeuxuM7AD6ToYCWZP8uwPC876TaRh2eHprlgjaneb7jiO2DsWo9BIR7SPBaVrEg594MpwPjJBmuktmWA7I6MHUKbKR7i5W87bGjzb31wvm63QsRB/Xg4V0J/EMpH1+jfcN2zklYvelr4+LzIeYFSY0VMgzDMEzZpFiKCbkXD1MpVEWBDMMwDEMEoKwPEhWsiyuDf10vbXSNuGgB/hDlX9f1fT+96r2zFSg2P/DOuc35y3ec4xauYTm7+bUXag8VFGia369F9cY57PdMN89Gn35tfuDiqXiyj5jVskmZZd5LCs5LJFSbPJYBWdlUrR1OglEdDXWuaznGiUvDis2zgTUQ7ygx3dDDFZ488shrz8oIZQq8BjZgzH05jUFfJiwi70ejkcQfBvVFfyutOx1cNXeNnmmQqBRy2DST8czDbedfK7g1ufcN3E/G6O/LC52maEy/rmwDng5sWcOMm7dD6YGj5VhBGUqWcee/6853dfL4PplLzHmoFBtOcYZh8oO1iCXDokCGYRiGeaTYbg751eAqBCLDrHQvXOaWO1B6OC0l7Kd3/V8W4vxKPoimac52E5e52wagbZQoULa4i/jeMuL8V0+pLxPuYJh8Hy/c2NbR0+TbchU2kRxFTjAkD0iE9bYpEb7UhPDFwJzsLwCIsetZpsD6l2QagGHJq2ReZiINXaRF4oyGMyurCmh/FCdhA5JtEfbY1IvsV4EzDV+pxQsdj+dMSWHm5igA3hIVY+wezEUgez5kEWxldNMB5765N03a5PlePrf5s7Oxp3/9fs3v3//6rhPrmH9rlk9sXDSpBIcpCPS/Q8VxCuPw4/VMz96T5Y+3cXlpAPDbZSTBw9+qeH4fSuxfImcYhmGYe1gRWDhliQK5b84wDMMwDPNA3/fDfPQ8kV1XP13ZTez6/rJP2Kh3+tUkfvfXXawo4OMBcZgXS5eEza/9jQrI+4m6efK+bZViEqDppdrUe5MCaHIEd+sJhxWAeWngQlCYo2B0/kNSAwPz3rHTj1xTIHS4eLzoC57iyYcXeaFtDANIwapAS9hG4Ds43W6IlDYfvKncNI4TxoTIOmlCyRjCRjp/7fVoMaqCWvE+Cuc7tyK6zdGDUu60Q624PX8hFxxSv+s7P8b2jMNfseoWcfP/iBpFN32vQtAbZxKMFge3/nkyExgTPP4syVKgt5A2aruJH6IcJtJEVLJJbLr9gW3MSSYB9wMZhmEYhgzELAXC5pOhBk93MgzzEm47imWctaX33FfvqPfrm85vS3COJR915G6vwL5plKVA2Vew9w1sPq4L8rSaMUrCxnfcx60zpzKAs7BvcmRJl+0GmzALR3Drt7YYEikVGxXy88bQ+PB7PgTaiuTgBDZy+G88cXXxNRbeWdyVBL1lagHv7IVaxl4oXgL1PfRhC0LS1LX2vBolnIN1wO1ptayp2oSmER+9qhvWtL2mqpRz7yw4uxeIjz4hT5MpcJsKwVKjiAeyGjyIYIlQSknD25/OwN0JeLgLDMeuQERPY99ntfBOELj5cVL6wSGWe13gXkU4jkNDTt3gwa8T48bBvZpI6B2TMlTxjlltYLGVl21lDTd81NtNKEEgyoKfislC/vj6av7wiIBJAI9EGYZhmMjQ2z6YFYEMwzDMMzwyq4FJI0U2Oz9pQopPszryXS1IWNobGFc0ZTv8UbYU+/4iAfD8yz2hvCbtHIamaX//fpend7+ntZzt96G2/36t2j4YW4RJOgpiv+qD83bR4rS59EXAyoH67sFilkWSBjaCwC+UX4S2kueC8RQDwq3CLbwO844LLQUzUYwiMDZZBzd04ArKq1Ay0WKSYP9kcA72sQtm2I8UNu96wVEvd6Wf252FvWMTXSe7vhOfOY8Ot2On+evyVpn+eVb3PfZGDwmzHdRlYGwvE0VgTEANpX+NAG0lsTh7h94o2Fboh1DPRlLf3v3uXDZwp7ZMON/qg/OUYRgmOPREgQzDMAzDMCR4rQoseyg+LY4odZgo3mKYo8kHic1wudo6eprKzzv6ePx7MgN5Ldo7igLFqIsc17EOJ3brTCcX0fDNiTe3NaD+E/ZbM1/oFpfDoPa7ggYbtYO2KgBr9cc7FxbnoxSVGJ5Ma6bkFnMmRiX8B014pgn3KlilS0TR6tAd03sRzxWi+gn4k+0iUZYiMKOwlt+z2hBA/RQjbaqvr4kIl64BXK5if1sD5m1qDxccpHPn242/TkiU5kHWt6TFg8fbrJpNtguEWTY3d9iXJ/WstTs9uRGNUULzmOYbDqNPg17w9OXKE6NDIjmZdA9ShKIZLUzLXhDA1MuOn+i5teQ0OhhXDX+dsedOY+5wDjEMwzAxYVEgwzAMw2ypbURG3WwSTXD6nHRxzncWjWHpnxalxX0pc7KXUv4nXqCdAIBeb58su8EdS/MGyQo8NPDv37/dqud+Nc0gXjwexnUhELFt2uHf8LWRLU6v+k+bwE3LirC97+C0iMHO1zBewmodtlhdoCeCxT9Fqr7zE8p+EnxXBI4AlKV+iwSnyXtIJF3EdwSYTMCCnpqBChrO3acwHAdoYDovNpbvtjfA7oJVNQj7a09+mNSF86HuT5lWP7+N9L0o4NUv3HSDr/2w2DHYfBR9PtqotoJjIibvJCRPR7KPs6hZn1Mq4+aTIFirKpA7pgzDMAzD7GBRIMMwDMMwtQIUBWLzzM8SeXJTQYsGqordI92YjSTmjkkahuJrfs1SsAKmdYclp2ElcrPllzFJjMq984XqW99Pzk7WJfX/pyQw2fFIgJIwKkMUT5fd/NqemKytALRtO3yClM1sKPQivqbicaHBKrMJgTdtP3q5xCMffINiH35odSi4nxVTmhwwi+BWtVD6vO6dpRYmmOuxesqZFyBzH8yfu7bAnWpuf+LemN75qzDetPxuNMrSuJTYu9kpfwbvnm2TyO8kl1O9esD1pRacLj42SCrRLkILd0MieRXH9XjAemd7Et3v/xxsjP+gzOsp4xqSop+Px+IG0wgyv0iF7yHPTU81HR5X3kU8QIcqARVmukuU7K4lWzNSwonOMAwTDSrLxywKZJisQHLiFYbJhXrHWsQbFWrRn2dwt3YTbO+shkkRSHEKBYpQBGpCZA7MKRAr59/7I6W9OUNL+q77U3s+NSDlsn90hqhEa9r29+9mHHpajjysTu2tJo6ntCiw0ZrAVur6jyj2i8wGieX2d/jFphuOPoGPpxe4PQOeYwuGu/zi073ynv8WQoCAHtZOKQ/HhZxyh1BJyVIRWDwFJE8ICYzRxQvDb3B11dY83uapvrOWN5+CzS/TqYPTu6v//fvX/n7dwN9f30ufmfaksMHra/CidxYQROIWdofeMwBEjX/ZiV2PInA5VMhblUECSflh/irudSgCR7gnx+QGl0mGYRjGP6WIAlkmxXymXIsRDMMEh0LTMD5JuRGslMuMJdeDQpTDepb+JpgcCZYve8MoRPt8s/GY/BYzcfyYwiX7/u8ujPh0AHffRuMxALJpABq9D3W/UwHaSAAzSzJlsadtLS9e0vL37/dPqS2HZACUuIkVPiXq8QLE41XGpXkQ4jZ9L5M1aHqDH1FlLAKXvYg66SwZFR7MO4zVvjxso+Ac1eBpEyHxPXsB9sfB9Ecc+nMm9+Bpe9ULBdx9Q6Afmv5Ap+ObLhEYr4e5G4Wb69B4x6FDfOS6PZQSO7WlbkfH0LoxnsH70AHd/+p02/6GnrQcKsOrN5feeJ9ZWUNdAFIG6uYNpnA+EeN6cIIR7WRGeeI4OECj4Uenw1QgHn2GyQaui0xp8FJzmbClQIZhGIY4dBSBTKXg8rFH7aNpU76rqgLDRG7fd6A1MfT2D9b20rLXxIUNWKRts3NN3Tyzf68IHOhlL2QvvNJA0/dy3vtOlrO4YQ7k0IK1v/YpDsfWXxmKVBYTAbFB2G3/Z7DEszt5sK6Ks7b0qjBtbz5OBamWF+6C/OKcK6r999H3geW/T6Dh2+1lXnpuAOPWieqRCKauQtLeYaTquTUYqnnQBYlsCJc7Y/fIEvTxREk9Djm1UQBjtRjrB+6us9mUdcJ3cUG0bCp8+ysCM5q1O2vXzglu2O4V9hI/EEfRn1FcaBQTXvxQOhC/xpu/pKh5WIcniS7eu+DK0HsYyp/SBPrunmULfjwfxteEqA5ko0yOy46oIpASnPQnsKrH7guIzZvt4QpRHpxnjCNcZBjGLzkvOzG3sCiQYRiGoQz3X2pmNppVNVdFeF0To7qNLukBSpb5zs1tJLJp83Zr11GzvwJBsOxlh3/Cctl//tr3/d8fiNHOBeLB2sVzhlxqEc4uGM9XiFoj//3gU1fCzuqIte1MvDu5Qwmfmnabr+jq+N1Rw2l8vni5Aq6dcT92DUxypFmVhPe61Op7DqBT5C6aB+HUvU7u+v6vT6K99OvuQnh26Eir+B3EgEK4R/b6euvwr6CUXdfLwvctvbHAdG674PaOidukdD9hvhagEb4IkoF2jasHb3x7lGt5vn3iIkFF4MK7MH6LWV7p4lJmQ4U8XYpgjlUWrQ4F8YcOvpu94hKzutx3ePsn3EMvGKQrK/MGLjJM5bBAj3GARYEMkxuY0Wouw1QLd5WoQEEReCMLtIh+nXVhXUAkVNc3Uc1YCxouUDiuY/i19WL2J2dAWwTLoOXbtU4xEk2L4KSUTVG1/jKsaue23r0wawM/DTRCmfyRdyt7aSzkRPXHWzWAs/GqJ6Hk7trt3deCGXFjXHGnnDlb25qFHNurpnNaBQeTUNb8ZIDD0+Pku41mBy9un524+nVw5nzsnbwXjS7zEPsZH1I+1zNXFz3d4aLgg8NfrZidPuH68u1v96RxvQMhds813CqwpbNWl9k0Qua7bM8NhaBtPCVGyYpA/xSlCFQtQtOMj9tg2RgUXx7o8hZBGYe7P5mgI46WL3MI76RODJw7lXnzKXx4e7zMllYwnyk4/434jwkXM98U/hIQwzAMUyosCmSYDEFetGCYkPDYiwxgq4wrEg8FueK6kLEsLgh3mo4suBWw+vKi7/pp92CliBIEW3vYfKYEL38E9VQXAC2kK6P2hwviuDvodSpQqBnvVDwn1Jb0f53ciQJdFIGG694rNW19mNFqRLW03ff9/X34wnVbIpa2CwWheh6g/vMsMSRQN7TiwXR8/PiWAteVw8rdl1XWXD1vaPVl/fDM6HPaKVVp20O/2HD21LNd3eyrEDqf8OB2tg6H9KI0G4FN0/x+rTLYKUsUe/nzAOM+tvMjWcmNKgi/OYwV94Xw4WyciGf60EW3sl9dIalIokVgMMMwDMMwzEtYFMgwDMNUzn6BiQfINKlIH4bGryYedlSrvC7M5pHq5rTojrLrd77EOQAAEABJREFUlHmwpz0SY2FfXD14pew6wBD1JlC+l1FlJoNgSTBkd8wFLl0AxJD/TQnbB4cMHkyqwFeqnAgJFyNrfFWEsVx9DXISmayimfeRxuxrxAeen3bOorFoRA8NLiLJ5f+MeG9vys2oFUhsGpQSrfbqLUjNwzyAd6de50PADIxaS30OHArcNVjoDqSEALsHF9eGhM4+3P3JD/R0zUs/E6aL6i0C5JUx7wYzNi6ZLyrqiexVEQiepkzzTcEgr2XRgBMoDJyuDMMwTHxYFMgwDMPUz7zvGo+5aLIYzyq/ALjGAA6Te6SqQEpxVHjMUZP9sMT9H0y7Xaae1U60vBFGEFZOWcpl62CRKtFyUcTeETZ8kMBP5prkKV+3PJ73XnoPxaTj4hKCQlIVn869ikfJ1gHP/vnRjxepCJyvKW8A4dkDV+fqa1TTxih9emaVoz5FbxbXIOE+Jfp6AOQK9/8YhmEYhmEKEQXyPqoMwzAMw7ynEjuBjkKbindOfgaKEAaFYHzDf9xDN1G5T2vqYIq6R11gUcUIfG2a6oihdUqYbpCbkYuZiKECN58jhiyKVzk8/JJZB1z9y2U/cb9U8WjPYNW/gmR0iwIef2FSozG8Oh0Nu6R+lyEBFYHxSwj6iU+pisBt9NFb1hanCBxGkY6GVx09EJmDs4Hlm0uEZy+NXwNxr43G0V5cLsS2ESjCk3UFcAlcTX0YXdsp60EV3CllGIbxQ0X7lFkzdh35SVIO+YsCWRHIMAzDfIF7JRqK3VLFJIyrIPovTFgAbHYQ5opQDTZZCfO/6Pn+oqB6x1u8i6w1kGjw5ChaDkWuDX7cAB2UoQl1L5H92QBpdfG4+xPPwxNUe38nks4qcRakglM+KBUlL4oX1sUDKgLTQNhGYBgVf7k1JKSSNn8KroCfUU1hJhmbIBRYuam8R2zjXmkacZeRYRiG8QGhKTiWA5YJbx/MMHmCrIhlGIb5TPnG8nz0rWn20tlQYoKFuVwKWd07R98D8co+j/zzh3oewWg6M94SX4YJXseUJO8R/BHcyLbL7hsFLglhnc+wGGujWOINJdRJpzBaXxy8DKZL2o8+59dQu2vb0FsOlGYjMLjHYYSXIbg2GVatjcDdZRmZCkxCIR3OLIOZb9pZCcMrGWu8iAt+Oh0ZOkNCgoNfHu8zDMPEoH5RIOuqmGJhXSDDvIbHEgtpdpJkPPK1NFNWxlUVedeCED3ueUymghgFkV+iX/YTJKalQLz5lYysdkxNlSZ3rV/cMPF0dg4+cTcwDbkY2ym7Fr4JPb67JlRCZZwBOP7Lx0aeF0KVmaDg4W+yALy+v9CG5ihVw/PRr66WwyyJvHls1N2rg0Tm1jNK1RpXIazlkAIJ7yFbsxqUXKbyakgF8BQKwzCu8B4hjC1kLAXyTDjDMAzDMAXhYw8nwh0gqCvqzqVhNJAVY0SY3agTvlkKLHwUPerAgxb+AlKIsKlIHW+YtKE8AA5PEdWhxGYtwLIsofpA27Ci2/Z3PHPuQnXWAY+3pjKWk1wRKF4HAHd/8sHdRuB84LuOuuRW5X7u4H3M0PAtN5qm+bUtIvayj2AR1PQ1C7J4kwAffr93KRnZtwu2qsCauk2bZy+bJGcYhskRFro5wcnFWEFDFMgLIgzDMCTgrg9TBT6WhkBP61HuAUE9ukD3ggAwKcOCNorZrGEeeS8Jq+IhAssfr9HBp6/5oKKevPJHT5mjh/BwPiyJCwZsv4UIS0QjYyl9ik/YNTkI+lTMIl/qWdSMYrsuYGoVkxH2Aa1VEdjYjBdCRj4XY57aRJZbUFCU/ETC64OfpKVRCOQN3sgCfQytsi4tANA2TS+lwMAhzVsRqBrEtMHy57urSxU+uSM6m2nq1Txq8genUlzK7j0xDMMwhUPGUiDDFMnYSWRZK8M8wiMq5gYo6XUZP8HE2V6aoEslhrJeFoiwdsLyrkxTbXeu9DU9R5YtdD1FKuPlqzNaFIq0XpI8xxQezoek9nQvTRFYzIOQrXR8oar1pbAKLGYPOp+oiKHD0P7aBqDr+8t9I8MkRI7J69QIZ1k+rANlVgR+fQqVrQgM7WUBLcr4IEWzDUmPfpy/BsVxPOwuD/ZJchuB+ZfTLLtI3Lcql89aeMYdTm6GYRgmHSwKZBiGYRimTlDKrpeIUhSBN7trBwfoCgPLj/lbReDy4Re8+ZUZYB/92ubkwKMO+m7hKntlaAKSWwdcgYfz4cikYMCyl7Y3I0yJtIAe/Mj2zYgqVIAp41CbjDKkkB9vf3qjwBzJxU7da74Gv4GBBkQv/bv9SJEF5vwtE74pAqdTb2JVlRbQoIys3kbgFq0LjPHAyFMROL5Ymiy3gmgvnW4LJIjMfNYEmqbBqTdwH9TKup07KohbzdlTI5xfDMNURbo5aMYVFgUyDMMw5cJ9DeYOKSX+/VeWNsy3InCEYt+8ZEXg55wKv3V0voUJ1NS29aJevZXiuwaoUEUgjFuEEhBD32VCqujnVTB8Gsstt6kgZTIzOqwITAKX6HCQTdtIeiuRL1h4o+JDERjW4/y9wUkStv7053BJRAhutimitg9OFbgMFIEIIWKfe/lv2ubf71/f913f3wa24g4CYiXvUXMHmWEYholOJVOOSOcxmrkokOewGYZhmCv4AcE8ol52VwIRAMjWEsad8uaDWzOTPIZadSl47+D8sspnEc2KCmsFSvzrOkT53kDaQ3YXkWhJmrwsTH5sTipxbCw9eHalQkrZq4oQ4qFalOWoPB+DqYQnKjW+ep2+rLN1QG83+ErJgnMEd3+KI1i4I+mvMgOfGslnI1LJ8KIIxBdRrEgRuPHsc06XaSNQg/sA+9epRUwON68ajZSYZpMNdDj6xqVbRlN5oKcOcy+vAcKnX6jUA4a3sS+zEzGFum3bIfq64BeyvUxMssvaygZBDMMwtcAyrqJgS4EMkz9jm0p3/0eG2cO9DKYi/EgVL90oWBr3HSgx7r7aNwBfcS9xX7mHyNf8EJGyH/6pjfA+bJuKTodJEz1N8ObXBhAQo/XLt0jIYWGnkwDLKpf4TNjIhnQ9swdhaZq2vIJLzzqgP2EKY2JWBVJOqo0yEje/A3hRAHW3z+jlkpcXl4J+n5Jqg1DUWx+++bWKv67rOxGbpIpAoedN/v1+Q9lXkc/5eRgyaK+nfIpWBA5Z37a/pgH1UqVgMoeziGEYhmE8wKJAhmEYpiB4HMi8ADJ9acVPiC6mUfW0JkhASdFQ4MxkKqsQYZvfQH4TgpRfYijumb3Dpd7Xl0zViKG51/MBePEI4AT3Dmm50WeqTb0w8YqXWtXkS4klLESQMZYisLT0ztLk26twWN6EtlfWaCNw8m9oFdBLGpfXumzi7dlGYNy0eCunyyjH0gRFGQr07LPngpSIooV/DFMcXHYZpnjYcB6TMywKZJhSQDYWyBCGu1JMdfiZIMbrE4h9v+4GQgxYDAUWMBTzH76vRhITrF54Y4071LA6FQ18cSZXQGd9MFVo+gRxCYH3FrDqSuTPVMlLr0JCe17SLer8qAgDergiMVUVjWl2Kf/dEneENZQU2LHsByR3ZYGAIlBr4awu5YfEmQrSpOTxrzfIxh+Xvx6ToDBFIDds5cJ5xzAMkxusC2SyhUWBDMMwTOZwJ4rxQSb9cZ9hsHOLssE04lsnwysbmXUUFdqvUUwZ/5j5FSg0LoGC2z4vQYZlH22ejHqi7uSB6SNqLPNTGUFBj4XMzPXkDieVC4Wnlu/gb966RU+ul/uKBW4byVxfqgk8pMGP572SwDMQ4+7BwplcC4wTOHVe0Fv4S1MZoosy1qevubjEr1E5h7meLlgNMeEOMcMwDEN+zyTGAhYFMkxBIBsLZIjBnRjGD7loInxODds7Q1URkkQJ4UbQoMHmi4VHaPxaJlOMwee6Tlncy0Gf87rgRIPtN//xCJwy/iwLwbiq6zMRiiwVAHBp+uguQp4jmzDt4j0ES97oNjP7n5U9tgLIz32kkLUbvOSdnAABx/13T3NspfepJjXQGt68Qh5YEbjck0M2plAEjrx4mFehCFzxFfy7whSUctIfnU+8cczp9jy7spX1CuPgnmiczAzDMAzzFX4nvQRYFMgwZeFvzpJhsoZ7EEx1xLcRSBrY/c0xweIoAu2osECBlam8mrkQBlatCFwJ0llOoAj8CE/IXJYEfor6pQBFYMa2AkvWUz6RsSIQSTQD5cfRdwzQ+uA3JwtEzzTmpwh8FY63gX/zFoF30njWNm3bNL2UiL2wpzZFoKfncYmKQJz/JSaBItCjI6VymfVlpgp+Os0wDMMwDFMxNYsCWTnFVArrAhmGYVyADJQRfqaG3R2A5Q+tyS9E2Q/LGhKzjHuM8IBNwX/Wh5XHsJozZL2YYkRUEwX6v4k7WeCZOhSByjrckAQIXkQfsbWAmeVByUVirAfbZiDuKlH9rU+xarYswk1VC/gy2rFTi0TnIQsFyB1RFIGhKKoIrVOMuPlMT0xFoCHmCZIhWRltAJoGpHS/8+loIeD8VPYzYVOYItCbCx/9SaYI9O2UJ5fiFSPnUltsbUfH41Th9AgDCk5bhmHy5dMKymKSo0TdCkxW0/eB3/5Ah3jB6cv57PK5Xb2DzbvMxu+mIzBaxYD1E5dTm8/t7bVbCmTpFFMnhbavDHMPj42YcCQVBnp85fwFQLFuKTMHf387aVQWRM4JIJj9ShTYjVkPJMv+xDjuO0e/fkXgMkRWqsDsoxRWEfi9BSBVgapWBIZoDcvRtB1EoawITEghisCCcU4qtWVsnumbda7jx/NZsbSMO11gSr6ZO0vm92ci+f11LFChInAh7axNSj/RlybySxDi3HPpki/HCqsLY9bTsJ5sZIg+sFSLiQQe/jIMUzPp1qNe+wzBw5ylpAU2bA/vvhtCDqfTsDkMa3Li6PKk0cPRy+F70+gjjb6w0V+aUcSnvzT6oPo+Hof1iLprdESfHR0BnFybLoDJx/kWAeNiGW8fzDAMwzBM3STqctZohq0c9PY/uotNMPll33dDAqA0CEHw5lcN4DinrTIe6NY72LylV9nS9RNaFbpsfPZaCRUsTdDp8EuklF3XmVsAK2oqEromBDBbFtAhf4TZRrvA4rF5KTZx6ElaB3wf57CpVaG1mCqKl+9IPLuHvtUAheTDHMymgRYaqUZOpZeg77qo87do5KFX1x1p905T0SXHq66sTEXg4kzwwHv1oOq3efKl5HTKL+yTTfv9gXfOvB32DX2AZmCYN8Dm4GJVXKfRogKBsGKY+cUL3B86+hm7lP4G2t/45MfEA9XAvptexx1mzgXDBCNpjXo5Ex68M4vxHjEO/oxDoPUVkc2CShDmmXpcXs4T0zsauzeacTZ1gOtrfOoILK/z6P2R5vc7lMOoIwLz7eMl0704RQtZFMgwhbJtoRimaHj2hakRn/3oT84A6Tqm34rBtGmQwGsp1d7JV7NaNZYHfo4cmKzef7UFUiASpezk+K6ccCZemgT1qZ69uXEAABAASURBVO/7oQ0Yk8DaowrLA0wGI69Kgj/1AB0K0bQdQrl9gZcfF3HwkMwxFIGVlAYu1B9Ap4UJ9HJJDmyC2UDz73//uoHUK6OpRdt6HaXe+pR9s5yaZdGtMGp+ueUGv0Lumms+ExSTqms9Y3W7OIxUrO9af79cGtS3KUWglgVujl1c+hF4PPDBLev7jHeO0R9mUEVALsMc3jDXHb/29/v308GA1KLA2Azx/Q+RWqwzIrTsijQvk9XPSiZ+vsAT9v4o3ZwyrKHerL+81b6tBtMtuD8I+gDMSj6YZXyjom/c+Uj/0/b/llPzP6E1fvpi3AoHh49mVRDi6cj4hUWBDMMwTEK498fEIPYqcF7lGihbTCPOWvKJFYHRIvq8vEOGbWSvZ6jJkI38hxvgyHCCH/mwkTTPkn+k/gT0HcE0CVZwNr0LOqhVwFZNIst8FsMSmZDyo50vqgih8ViyzUN9ePntDTqAtmlBv1iSQhYWwz8Py3P48r5SwM3ni5urSIhi3qL03/P4lP0bd3zhN4aw/DVMDihBmHqbrpGNvDSmdrzz8sL9FfuL3s5MSPWym51mPX4Rvn5mWIdlN0azueswufuu+dnmRq/kcOq1YpEvx3muN1yX76ZRcQ8sCpwwdLqTTtoNo4ChF/TX/f39dakHrqvnrkmCL88N4yCZWJXJMEFIOhnOcs/syVkUmM1CDsMwDOMZbt6ZyvFUxH04M5nKI0rq3mRKz+dZL/T0tle23MSMUsk/5jI8XFo1qyTSNq5ZrMj6ZW0BnqmoSByjAh435Sk3mXQ5qHx2Jce4Va4IxMsfJVFqwD+GW6mgfu3gSic7kZgAWRB7GFZ0TcfN3wQC0RzSbqgOv7YZ4i57rLLdtozS6zX1WhgV0m+iypOb30irCBx3D9Xubu2L+5pFCN2sPlmpOxuVA8MB2FjZPyqn4OnI7q9BBHhtIO3xgKbDzlYUWByvdOh4/P6t1VK7C0ipRPHSdDoHQocGxi0VI4gC7V6/iJr6oA0ldpqkY9dgPj853LAoMHcKnsVKqo5LlG6sCCyBbEWB3BwzjA3IlYUpEO4aMPWSWenWE3Z6HwBBkXFiEpJNbaRO9XF2o/K8v44ekYKPxq/MuIEyWUnwzAcLcYXBpf+aN2NFNhD4BU49VzjBXPCbWqnTPpF1wNvbHJ0ppPjeWTJKEIXk1gHzIGwUHJVWOP2zdYjTf3KjjsEGIobdXAKdT1yxjGxsLdqBMIvk5uNq59SmVUnQrvn5JHTb/rhW4AnR933XhxTfP1XP0xMON+8Lq9kiZSKu0Ybi5OGJsHx5VPcZ8GgpEGXgSoa7PwzDMExmEJnTZJhI8PbBDFM6rAtkSoE7cEw64rz79fo9TaNDniA9eAItDINiV7s8oEp+jQXALk7V94+u25xxmQP2FmBo8WwkNUya5CPThPsnXy1F4jYecxJQtA74hqLUbNmFlcSaoj/rgMnFaKVlVDgDGsUbBUk59CqhGFlocSK3XhkNlg/ORK0NOSkCjXeh7YVlYogCuu6mXqwiEM5G3mZzccbRA5hutQHl/ZbczlE43QA3vw5HZgnfXhM3n0IxWgrcXSqOwj8Ql/btLuLyYjoidKnatP04FfsJ40Xb6YSsaz5+OF13590VTo2UcOozDMMwYWFRIMNUAOsCmTzhwQxDCX/vaQvGI2kej5kYXoFKewdWyTtvl1kvNypkbSZv2QGIapuSIuo5pfVJGFod/LR04dlqLtu3+wKnnhOcWtZwUj3gRV9206EK7Xdo/GlxfJGjIhA3fyM15jkqAnf30lMEztPq1rHLSxF4s13s7sdW5rYVuDXQtE2jXqjaHT7vEnu2lHc54YCIneiwD7Ujp6HlxnMYpr+bAdExwA1gp3vJfd8bZaGXEwprUl03ta5NShbVCx2OlgF+OEsMToyUkE19LnYMwzDxYFEgw9QB6wIf4fRhGKr4qP3qpWk1T3qLh5Hsq4WI63tUqNtG7QXU4vNWqk/rRmh7/aM/0cb8sPmMQB5zGZXPqNhFD2wkMGWCxq874LjcQW+WDeZ/BgKkhkWmJOKQBFWUBLdIOLf/ddaWm/aQrQN+4dYATkVYqEQcnEnF1nueGUjL56LgSxWmt0t1NChfSJV3EnVhQVI434rA/aEo6ZCpIhB36sjrq2pg98rMNGia1HBwccNOGbdyfLBYtSZDhZPyi1QOb46guAqr9nmI4Sx/HEv8fBFKnOzGTfbyFokkLsI3OGwxfC+kRIEey9LHkrcbq+3dGnKi0RYNUZr3qb2dJMP7S4ogcwuAVlDojDMMwzBMKTy8NMGkhEWBDFMNyLPbTB7wA5+pEIDm3+9ns2hkWwHQ8thyAu8uQ9PXYeK2gZ8SBQ7HWjxM4aLpVoM7uGzBCQcvwRzUh1nFuC0ExHsw5qcIhEkWVVGjbB8VqCviM8aafkOdqWDFldEK4Z18U5j4uEBnjGMakKsubN/uK1QS0MdrL4KxhJMqOqSS/FIgHi4VstRz3x+I6Hc+rj+rm2qoKbNyb33bE2Z7d8PMiVK9yaUDCddbx+5M7p1Pb10++9/38g//3tY5tL4CTZdPWsBzwKARUvZntSIYv15ccQgHcj8ze3CaauScYhiGYZiaYF0eY4ZFgQxTE6wLZJLDXQ0mO8BHy6h2P+kl+LO95abtQfcD+hhgI7V5oGF6Fw+qQvwYwGuzMXk1A3eZ3zTtMPsvnEDjL3y+52mJBR/XYOw820lhoCZZoEMsbiw9FIlbezHDXcIjXisC3vzKhaOSu2he2ROxrAS1dl6VKZq+19+OJ0Qh+A0oeJkZvVhOrxRPZSVxgvH41EzcsuzJJ38Bdp87K6EgofOJ0HjNsWAOaJuRIWUxMdLfix9ws/ssXA6uwHTzed/au3s1SpImQ+02u7Z5816ys4wPhjkBoXtNOJoPHa9b9lnAdefc+Tb9B08R2csEL8MhZW5qORwVfGj78unVFSGIkFLjXMxbjzJq5D77m98jhLnAdmqweLjoMQzDlEY1y1CVwqJAhqmMpcXlpWAmJvyoZypHLax3+xlqb+sGAatPA00HPx36nuaL2vfPwqZt/v1r19+PeYpmEaTh8PEl/NNFx/xAwOP1G84jKry8cPkasSMQ0quX5fZsraFoXFJBL1dxNzD8a5GZN6mbMlB+428Vg1eywaoZ1pxl14FSwDeiHAJkDWy+fHeeRG/KZyR5mGhHknQimDnnKNczQkovaQnr5ifqLevvYnaxSy4clH+7X4cfW6fAIAs8aAgNkkJYxXYj+PcXTBSI5+/jcH0IWNs0QzvQyU77fie2qXpChfTTmroiEJ8vYfKDc4ZhGIZhGDdYFMgwDMN8hAeiZcDvaXijqHQkne+jLuxaHSV7+Z/T1P5B1nd/qZ3DV1v43LiGp5MGItrKG5K4+bUNNNehObJ/HR0Nx6ffaL77IKg8O9WoHaAabHD4WC4xLu3c/EqLh7DoPbBINgAwVXzfNaC4tCxdHPotwcet3Vggu8KbuH2BUOrl/86LlxDkZqWpYkIaePvsEiqjYY/PiRLy57WBJ1xEId6i6Tu9IhShORX2I+cb229wOn7qeILh2/oTLHupvWlHV7EJ9ztOb5shIpxtxR0GqrD/2B8fv12oDYVVpzSKIvDtZVmMqcp5VuDLc2mg3UPmvYMr74UxGbB/ljIMw9Ag+Kv6zBtYFMgwtTI2t7wOxoSDH+lMKYD3xrCw9VLKj4LbuEvZi09LD1ksDVxqArd/gwLKDFXbtoYEMYvx8PT3cN2yWxPsL1xMOuzWqM6RhJlpxU3ZYVw3fToHJB22iqXDVbf6ximeq7GPUNHMev1ECSIDFP861uLKwCEGl5fCtEQ/VgqyHdcyOgFZZ0/tq8U37x2UicW7FlaXBSdlCCitT1rI4j7cnQOvFYHuF94zaupMO9B+fhK9NnpvpQhc/4JJBXiW/plFgUIY9G97e3gAuxOX6TJ24RHldXfWY9HUuyfrZ53h3av9OOxidFcDt61i5YpAmptKbOE3ZxiGCUe9T06GYe4hqotjOWDGsCiQYeqGm14mEFy0mKKA43v/Lymx4APX10CkS1Z7n+NIQVDITpmxcE4TvDtq1ijgvWPT6UYCapMXw0qa+BaaoLRN0/zauyuu1H/7VSvc/x2WG9USIjRNC3ha35sS6nzkwsfz9TM5Ny7oufAX2YqWqQfnB5ZfELUAgfLLAZp3aUBuhfhzfLn+ukBDk/jBjzjvYGkJ20PvMlue42YBbD5NyrXNCYO473Df8gtMHpkvFhdCvB2ohxq9cMUuDcbO8ng9Pt+pCg2i4bKTQtDcVb6yt2fkyniet6K5G0/g1TkK4KtTsQgbBDS9PfferVfnvl79gbce+QtgxlWtgFbgQ5HjfivDMAzDMKRgUSDDMAxjCY+XGaa0mT8vhhkKRluKC5ICidtDB+/DC7eG5bM3q3T3Tn53Abc7YOX6/IK9qcCzIA8M5wCXqj1pA2FWA45/pFJE9s1oK3HcDgw2t4/uwnTvLJ+bjTLChf4PzGrB5IDeKXpzQAUL2qZtmiHqw19xOHfkoYysSYvT35urDM68TKXXzswXQpgNlIPinFbWNxAUx2evZoscPreaYJJ6VAne/PrmVjrKyLUcQhm+g5RLibqp/pNV6VEWaH5oAlgFxa2NMV6N561b7/EpdXi4+EK/BicN3JUWEMTxSrgyxAfmIIFbEhvd+HDtqZ+HdpcF2gw3kCKw1kmDr6k1D5kSEtD7pRnM7fkZLzjUxghnyPR7D+DpC3U4IRiGiQzbk2OY6LAokGEYhrmHu2YM470exKtWlCWBiiDxT9cquvgM79bPqgFE/gkgpcS/v+mHk+jOZnmqUVI5iXJ7MZqdKpi2adt/v4MEqm3b3+/Xts3fvgxsUuGkurtb7z0JJfEiA/aHzb9OHonnvLbkeCn4spIbGu5p+uWkKiGoinwPGeuAPuPJxcsFTq1n7tPIonMH1wf2WrQJnPbONKrcDjbwTDb04MJHsAnbxNAl7PrOVhborxhp09ri+BrNPhi4P7Lo+nA9e3TWUSZ5vvzcT3OMs9vl+OIeOzczdvEoDMcamyerKCFeFrCLHn89NE3z7/ev77u+D6VhfUHcJEfePZlhGIZJDc/Z3MDiwddwuWKOsCiQYRiGuYH7DQzj3ZgGV6tCSZ1xb8rhavakkGLnLZiw2TIz27iv1gzXDzcHrk4oy36jcM3R7kxxqGUcvbHaNpI68mrvaLmL+10qG5STdzJBw1mzI5d3Gb3+Qha53Ci7jQDucmx0SAU8/zLeCcpeZAutbLAxq0D9pNlZ7vnJqfenLxgfA5BNM5AuIBbFsvZFYTx+8RHfjNPsOstHCZKlETiTw3aN3HIVmg4+3uXM2ul7oBkax7YdHpXq/+nlAQPDM1S6VYooJcrCEy3wuzLItzJvAau1UFvh29pmHmwxX7YSpyxGZxOl9knt/1nxRkAnjBvoHq6xdRG/3P3V+yCNWGmKQDw3iBU8EF2jgIabFOcSAAAQAElEQVTf6ZMhbAi0zXXoR2102KpXWRernqnB5RHIlMLdpMY3RxmGSQrrt5gaYUlnZrAokGGogV/mmRkC8COaYcxUvnBaI7D5/EwueecQDph2EC2n2HkM6WYbs/zj/3IF5vkmIDCnJPtennavRtkOH8OZbjLEaJcKuP+aLOmCL+eHY1hZ/P3+newoPQfvQQuBD4pOYx36KVqcljjxKM/ES4nm5SmzkEpVs4MUB6/vvb7m8YQ16+6L3OtwgZPrBdmlmX7sXdpoWy8ajbshmC25wYMXp2/GC+D6gnsv4MbQMTx4bGcjWZmG+t8/1Tze9hO6rpNdJ2LyoUSd5Tx4fXJEvT2i3yuQuzcoXnXL4OH3M5aqwACV7p2T+baYjiHDpfn3FqXCFIHTIXy4ojS+RiHpWCA6XmJarCLQPXDcY2TSwiWQYRimJIjqPVnmmiUsCmQYhmEYhrnArABgCgHsbabckzr/X5VD2P3JHMI1zDnq1jd4Kv2Zs7Xsszuq13jRdZn3UUGQIzchhfmfiBMhZXKq78WjKNDVJhE+3GRUcEgJUrZqk24pTVoLC3NPJh9eLxw+yT0+amGebk/dGGQsH6HyAPJpAiqjNEPLY7vzMBpEMrUccNGgnFy3meLG3Z/N4SfZ4sU5i+e6nShwaBKbrlEtdtffSNGktN9NstQSNURfG0j7bCILH35/Jahg0L0ZDJZjnx2Olwa+QxDNRXw8TOWxODF1ok464vTJECkEfrzxF9g0CU/1zRDDm1PbU5nzfWyVR1VnGIZhmDphXWB+sCiQYQiytMT1LxUzFvCTmamfL42dpxqSrqIRb+krUARq6m2paT+DnJegHXWhk36g7kT2vAZVSGI9BxPAUhziE6W/6yxEJF7lB1fnhgRomk72Xd93iAJrrQhWq5hp2gEeY+RA9vqUUNzJpUfFOKKLDU/7Cy10wKnTsNGPhyEB/v7+6tC9fHGjfN2DF9cd/MhY5C1eknEhiB40co9uPFnp5N6LM6UnGWVb0c5PgFKwjBKqURLXeYZhGIZhaMCiQIahDLIukDxkxr7AryYwjnBpYRSpy8Fb/2H3lWrzpzbgg3yVQIHDtWyfTbgxmzbQtjevU19aRbUTaEOCcFTdBvKOt1+gm3ofzVJmQtbZR9DQVvxbvbmBeWeYfSfmg/P299dnI1B46wOWaiPQ6YpCcI0I8d4Uou3+5S/dF7ny+/2GCQOpsbujvqKS+SOQIQsXS4ZhGC/kMR3K6/LZwKJAhiEO6wKpwY9fhrElh1Uqj9DsfsOnh1z5NgIh50d80OQdzf9gZnqoDc7Lj/z4PmORJpYNn6fV4FiQKgzf94Xi6afYCcCtVSZkr0/5Qo7yHVFY4fcV2MIVgTXgQRXp/crY+JAU5ha7aOGB2XSoqIR3EWFrgYFwS8qYCT+U/LZpABq0VQQyDMMwDMMUR9Ip0WzXZajCokCGYVgXyDAU4DcyrPGWTvkk+GgvTZAtA69Kf6k2AjfQfbirLUz//nQaZjn6jFMbp72DmSfqbBwhu9znPohf7BfvyVvLNtQEtrD4gqoUgcz46kRSbaUPFdd3sp4LC2wjcONGNJ/COFxjkxAtTm3b/Nq2Hy2l1fBwfBkF3H5JnwxJQvDWU3+BTZTwtLw9w50qhkkN10KGYRgmEiwKZBhGbHqfvHjMMEytWLRvePj7hVxG9bD8oTzPAOC4yFG+jUANjB/Z5X7w0Mghu/seQL37n13Bj2cjEOrt1j1Zj0McljaHz+f9o52zIy3uIc3aXOg96HzicBli38uKLN9syDVSuac1gZEuvjjzzd3ocOGvgjzSa6MI5Ax8oGIbgZ5cyb4IXQRwGC61bYsSqzCV9lERWNiogPGFVoISzni0PMbUC+c3wzAMQ5UMDcYHhUWBDMNsYXVgBfBgjmFe4bPqcDXMCpg/bZUkIi2+/SdrJ3K0lPckCotLtJxYBaEUUYrAvz9tI1WoZLha5qm3YsxycNfWLxgp/O9lj3+TvdCqcvnNsmV+liPTQd1K4IuCwIpAxi/VKFRrAT9fkAxPIfvcHyxVEcgsoC/zqcWB+vUZlsQxGzhJGIZhmPwoexva1NOSvIkvM8GiQIZhjCAvHZUJP9oZ5ggsH1fg4e9HcquGvHO0E7lIZz6GY5jY15bScsv9+IHJKQXi2QisGMsd7tQCVyMa0Ko4vHapZhuBixAsbSV44/VXG4HTxYg99g2MxaCW2sQ2ApkLrGwEvjCey1n7BNUUehvvjBSB05RXya2qr8ErhvcjgPPeQqYlUe9d859Cnl1Eq0uweNPKH2Wd+cQ+akhw8xnM+XxxXPmo74GP80CxtKjhp9Plwr1yhmEqhIxcjfr6HOsS84BFgQzDXHFooVkjmCf8IGWYJ+zs4/ioSxnWx2dJZOWUaR3JS2nsuw5GS2m5jDujBwJERtF3Nlj4PdDcc7vO/cIUgZ9gYbiijlR4u17PdgKrJ1Tp5rbjCU4hN7JLL8y0dYypCFxFIeZzIclBEfiRGhSBzP/ZOxMFWVFlixKY/f7/e++pNJ5MTukQKCjKXn26KstUZB43QUkgwYrllYpAVW47eJx3FyJUEQAAAAA4DkSBAAAAAKiVxDYCiwR6EMMTYiFpbvSSJzam0upO/zLmuO9IA2Mcjd40xX/MVN7S8dEPUwQeMrXH3H6/3LZ3BvM+G4G/vKElPGPBJ2dN8KCIrU8ZWZBNthSgO1sI99gITIrxSkNaa2oLNI92qSLwxneUlCGK8cs9HkHlWnkM8P21+o0pYF59fTtQUpZDBQAAAACAvMBMYDFAFAgAENLX2bA0cRdoNgFIT6pTlxQoGCLhXPfN6Zjn9eLQvxB3aOjd/Ra+LWPdf3RsMhIvOr2+RHSZ7u/7R10RIK0eQxZFYEHGUs9wvhbPUBE+K1Yp/HxZ8YeNwLt4dgxd3zMpzyR70+jm8/n79+/LrSqHyzNW17zw0lChojqgGDtZd8U56nt2BaHWiEAGuBrEOAAAAAAAuAOIAgEAsRQzZ1YXmDYAICkoUhXAbfu///25jd8CHcB9eSLfm18ihzkIjX7exsHIT5Fm6KwZprFQhyJwwi01QFFR7Exm8pOrwrPL1HXXBeVZAXsAb7cRyLCjbTgQAU8zPvs4IAoTksXDDysRIqSb4p6uiDttFhc9hfQgSgEAwIAW5k4w5AOFcXeWLKBIwGTg3UAUCAA4wKzaxrJzWtAqAnAFrzjtBGzRtm33P1n27n2ljcByuC18Rguk7uOgBC2dl72pwEdz5shUCoKwwaVHlbUEnjVTPk+2Fgp5bCLSR8LDstQbN7Xl2upQR6/2TChfEkP8JMVsUo+WGuoIf6WXyV7OiXcm9S4Fq9p3dtczEevBiqc03AGyCtQK0n4MYgOA5KBY3Ql0gaAwqtYFojwWAESBAIDzvHGZBQDwVl6wjBKNtRdHXHXPmzIdTfkIah513dc/uV0RaKm58KNvegNFZrQH5wQsUSemHvO5yDl7IIaupKDY5t+/ub4NA3e/o5T47tqDRn+0Vt+WuS3pFOmL4MmvqikkDu7xRt0mlYVhf3UU8eJHAO4C2RAAAADIBUSBAIAk/HbZsRS7DQY5ANxJohL4nIJc9Rmy2+3R3fFywfvvbJBvt0t/U+ALUAQ6OaBL/WfqAlPYyaPndkdTpdcj7ARm9mDdg5KqQ4/x1uNBEpbDe21P1jtEUqS1/TiJgorig6jR1EVC2/6pqhmZ1K6PbohkB0q3c5MX3CjhVluZtY9TbqOr/Pwo4Xn2vwEAAADwXHCI8H1oBQAAWeClfxXCiAoACuKgUmfdLfAM1kQRL1cEvuHw2IpAlZKTlJX/BSTyKaEGcFQfC6kj4BlFiTHmigcRBgojbzGuu5IgrT+fT6MftS6QOr1Geqgop9Pnm9sOM2C7b6hWW3EwlniQ1ygC6xXEsu6agP/+a5rmXdZyUZgBAODdZJncQ+NxHZijvhuIAgEAV1JbC4seBQAlAUVgnazKYopQBOZfjrxrvFXAQivdJIs8Eu4ccYWhtvKRUKci0HJpJjiY8znui1hQDjzJIgIdoNvZKx1IIglJK6z3845wc+T1CxF5gVP3EEhr/WSbymkooZN4x+sncrgnl/AEfn/YQCEpI11salfBIsXETVf3azJNAFLrEVTcBQUAXMH920MiRiTQBT4cTNLeCo4PBgBczHYL+6A2AV0FAJ5HinL71LJf8QHCixShCLyKisdbd54efCcUftU+1qaqqz7yP6vOBbCWCCagMwRApfDv36gMHIgHQ12xwKt/PIxUfq+6ENSsCLzar+XFDer/R4HkAuD13DFbgUHR5dx9di7O7q0aiAIBAO8Hy4EA1AsP+9+rPBWE//6+pgKsu6v/M6ouJTry+4NIUZ1530JUbxegN5L4RFlcqsNzycdAvVwYASXnMXqmFCzlZu36SsE49lh9vy2xQdXOek4oLm6yeoihD72I0uMYi2CW66rHImObq88HFTeOjW6MpTRuu//UnaAiuhfEPwAAAADAtUCdeAcQBQIAiiL37D8aGQBqIrEY6nkVSDe9rf5aUkS6clnMWBJSXUNwx7Fg5ZyLo4onU1w5Z8n9V60w9Gln4mVIpnJ1L5d565nK4NQr9HV1AnhmA4n/vn/0rbwv1INIUIgEAzSywIBsAOqFiD6NEQX+fbtJE5SFOkG6AwAAAABcC+SA9wFRIAAAAADeCHqWoFiuzJw3SIIqLnvFBJ2NZay/tqW77V7cDs5PrtlW6EDlJyibdgAiqCrYKezIBZqoaT5srUKpuonZLolG5L2w4rmKGmzzwhiCQrhy4gyFvim3iHaMVlQ8UBMAAAB4CLD6fx7EYaVAFAgAAACA18H9j6QuPht098sgfeYUcF3il5XHrhdAFBL+bpH3+/0aK6EPs5WXJf4q34L4NHOJmVKqbjVUotA/vRARTo2tHtK6+TRtx1/tokDwNDLWW/zzoVDy+e9lrUJUcES6qLfDqt4oqDwDcJ1DBP698IosgA4+AAAA8DQwQ3ctbxcFhoOzAAAAAFAL6buSD++ckqq9i21ioIwJ78vfb+2E1Uz1huKo3nUul/aPk8Sl5pLwF57BMBsAAABVwxtfPKGLhHWSfHFwf9wm9kEtmSVlOGsvYPeFv5jddG96zS68e6Fc+OB3AAAAAABAvVsUCEEgAAAAUB0pzbBhXukVeE2kKkQReIMn0Bu+huikzZ8XbOan12z+j8cbSnyAKDqb/0oM+7UeGpoAcJbKjW6CC0EuAwlBdtrjouNjS0wInv2+zQO3YccIXO1IYeDOCLj33bdlgLoUgeA8SCoAAHg3lc03FRDcu+eLMcN4B1oBAAAAALwD7BgHS1AJkpBbMtTVIS+s1NCFMVBshQE1FADAUb3ZTFSIDwE9cHAJHP5VzIWhLzWia8wD8wBzraWgjHC/yVbl44oT+hsAAAAAqBlMkVXH248PBgAAAEAlwEYgWIOKMJd11/uvGuGVWGpsytM1u88iXUcl80umOLkoXKex/AAAEABJREFUA4AywRQXAADMuN06WhlULwkEyAAVw5MuInJCpdhswJvfA3AzufpsyN0AAAAKAXP2FwJLgQAAAAB4PrARCJapPTWp/5GR0ldVazaPRTVroq40FVkuiAKCgTxgQFEAYAbOC1UAKGSEmsNvzs1FRVA5HP0FAJeTLTcimwMAwK1gjgpcDCwFAgAAAOCx8OLHRC4CkIo7s1UBNhJv4yoNSNkRXLEiiqrWRDoo/Ky6ccM8G3g96L6COFiUZ5Cv3o3RQ41zQr2dBVGwXxw3KOlVw9BF1g7s5taLmykqbL4ohW/EblDYQdj9zH1uxeYtl9K/T3eQ+dE0us62wIa96cLetgl2CVwQg2nyytSVLga6bNAVgZZbVQjSqEwU5WSKAdt8oLLROf/t3Een65feTCDsBV5CsaJApDwAAAAANkl5XvDIxddRqxpivMR1q4EgvlsTCLISXRFdlx3I5X0uPxNUbaNE5YOqVwMCAAAAYINpL6GubgP7YRp6SrWDHAAAKJXp0R/paiuavuCiGaOrJqZo46+fe4MoMJfnSP16qJAZukZ7nDBupMq5h5g0SONPTfqjP0YN9lmVyF+rmr3iZbMs2ehGG1UctbXq1UzxJ83cZpXGtt+2/fc/7MRYBZPXVwFLgQAAAAB4IOl7iuh7ggwgW90PYXBZI6M1XiT/s8Du0ByEdQ7iuqP2HbUByshdIObfBtKyem5e/S4AHv18Dgn9ywp20uTwwe/uheZ/UPhIDt0a00C09hwtuET7bxI/tca6a6drLZNYTfP5779P89W+b/wjU/i27ff7VYVQcRFNvxd+5O7wgoti+KqE5I2/JnQjZHZqOM6q1SkrB/d1yFe3TWvoCnu1lgJNHlD89/dXVQyMlY6tbrt4+DN5oBhLgXGV0tmEo2ApsM1sKRCKQFACEAUCAAAA4GnARiDYYWwm8D5yTeBJodHZoSrvVGKR2I1+KN01MktzqAIL4raUqPokdUIJAGACSgRAHkAXuQQu75z8vM2tTz5pkRLZdpkty1Mr3/T2sdQhRmvb9yQKLf9Ngke88TU/W2KjgHaeWXL95xrFPTj5W5wMspv37mgaYxusi4N2RabA6q8gUSDIA1+qCNzlBn8wU2gGc72d9/fk3ZYARhLNThTY3poRMr953fku3bU2eaA8WeR1nmHNBYoCLz1B2FsK7MpqSTFQLZjAzwxEgQAAAAB4FLARCHb4SdA7hYHgNrq5rb9//8w8n/2z1nJOxjRY1dRtKhK1nzED4ndCY3IJAGBg6KEew+l6m098C8AVXNg5WXlPtWZLLlTD7Oj11m3ZrTiy8NSiUoxWfnc0pJtPY5UQ7TE5zN/3r/0eXD5PEuu8/LfEnqH57fRwpgAaWVzL8xhkte+eY0WNeP7EVxK/S8TEH23bdBe61P/3/beYAbooUc8ATTkAAIAHg4nKOYiRnNQhCkQGAgAAAN4BbAQeoyJVFBSBS2QZUJWen7rJ/W6am8icB5HVs2K374gxE/aSy0DOM1rCKpeqmOkaYI1RgRYgOZigA+ANPKcY56tzHhIHqHEzgwjOzIJQLbJzRucenzE+vs2fH33vYEGkCFzRDtK6SwuPuAvBeU3N52NGy9a0vt9Ethu3vODUQ7E2gdyxAs5QmJqfqCp2SS0+c8yxjMz90WWBrzk1tNJjQwEAAIBCwCSbod5560upxlIgchIAAADwdOpTNSWibkNZiu6Zrk4vYAWHyZb/i09gayeQ66wAukUO/sdOFMlVT7FAFwcs6abYMGX5QpCo9cFIcgAhiImC2rtJxzIBrVulm1+jmUW7H3tqv1fW/1oVzYmTsRsg/P39BT2guqbx441rPL+4JDELe9xO59ZeKsjcEP37fvnv+4/d8Zbbjv+E4QVKspVAo2IEAAAAHgF0ZADEYUSBptxorVtF2p6arc0XLRNx2y0ite56t57kBgjcfSDz0yyukLmuzI1K21N5uG3Jmd7urpE9rqv7wlw0Xyn7Wxnz0/aEcrcRx23IcQMQ6qck/G+ebKuZTFr9jkbmfw8XmqbRje4GPG19g32tu9A3ykZxq6nO3T8mA3Q5UTUtVZcDXAbo0r0x+Z/rbCNt+nd1VNPWVwUgAyjUAG9qAg55v/l0GcD0AeiryqTrIrV88OCVGKT5nwz6d3Y+Mvrvymzz95oyoKnlRhoBCTy+pQfknb/3nBU+6vf6h1Mz7cLN3imyHHHVubl7SxnkkjpspTO4H2MpkL/amYoslIuyD+bJgjhe1R0N9ci+1kNK74mE9Bm6iLh5QOq8Jw9V3oPpLUMVzTsSqdxQ7OqgHDT9kfz++aM/H1dhO5GgjmAG/Fqr49KutadodtMsHMw8U/PNPGA380xOcZ0f6XouQw2vc0binqEKHdk2POlQ+NEt7ZlJKJODWh8nvP/kG8FoHgAAAACgJDB9mw1rKZCo0Yq79fKWWCuyCj/zk3TL3+6DWafuLhjxX6vN/91/324QZ2R+RmGgzSD02xqdn7lkdAdGVWg+WvEf6258YQSD3F9hb6PbDf3MgNCJAnk0zHGKQf8nufkaOiwK/M8oArpQpJMEPSVDat3833//mc2PRp7Z1ioK/Ggz3dFlgAtUF2XRZYD/Pv+Z0mYyAFerCevqNc1fZIBaM0DVNcAtTUBRE6uf5j9tlcFtc4W/DkTxv39/6q+gzNmtEHz++1gpbTZS5MR90Z39+PkYWajpyn61zAW1ZjaD9y7xyqWfh3jdhY2+7vxvWrlhsCJg1Z1sOvVdFRAeWLUMQ4Lu9fMYbEncHBaMZW+kHi3UCrVHQH37AivH2RH6acqJYBULpOEFdSqKggGxcEUcFB/LtKjEm1yihYd+b1i463dfytJOldltO68e083w/LM7DFU83QTZf59PN0X09/1T8ayPi38XZ6LzwJF+m/iZiX/YSA7rrglQDwIAAHg1UBeBJ1BGPi3AF9XP3+fGHR/sdXpOLsDmp9knZHV9rTNfo/zOoe7S15qzGe6xD7grXzOyatl96H4aq4AtBwlgsIJj7hwsBZrx12ApcCQK5Kko0F1UB0WBSv2xav6+NUqCumj4o24VnP/+XLrUWaS+rNmmf40ZQJPuyo4NPldap7IimwGYkQFQA9TF45uAJP6lP+36AN9CMwC3haULK1Nh2n0UJ3x2S6AWBHlGD+fqwO938+4j7nPM7ZIv1m9ZWmbhnWeU34Vjv5mV/wpaAyMGN4pgown+TlTRssALo2g3FRbVoqv3rtwcq2C1j1irn04dQyu3VJAPrLlMqvSUxMrPjgcOgiwygOIAepATnkS2olt+NjgUdN/320EH4/Csg1lxqZcEt4qOlh1wiw3qWvrlBzWaJxv/9kHltQ47TZ0a7goaQV4ZFcyUgbO75hLFjahrz83wUKnWcznpN2CHs1H36KjnqSXKF4MSAgAA4DlAylkzmLfLiREFGiHf1wr92q8X/9kP/DVaPyv++3KvCDTXgwrQ/VNWOGi++Vqxn1UJmg9m5XWQFarWWwV0mkB2Rwk7vaDfyO3Eid5r7vf8+OARvLcEN7qhe4tu+e/vz/mqKrrVUPOL1b+/PyfSVPXRhbtbEf5+/7g+SdAoA/zjWjVhrTEUxyYD1CcKRAZQqAHUY5uAVR1NpDNdH6Bp//79tfX1AY5hdnH8PSuyePu7ttEXZYDCyljD3Jvn9ttvzvKkOqSrAP/777/Grnk2k7O1RKLMBYXp8g2LXx2/SKzW1YI/wk7eHCtTsD1Ci67dyykfrMsch9+zJe4iF3y8p3Yy20vApM69QBcIALicdMs5FS8NLJiuW/p6fImWvppfJL10euzcaB0tPkwrbtP6C7cbob+/f9975mrMmQqr36mF7vfw1fpQINoTCtwIor9iuJIOMjI5AAAAAADwlgIBAAAAAEoC01YApIP2xGOvhL/ff0p9j1kKlMQVS27lSC2iWlcELl7eMphBxiB7kIO+KPXNKnbT0NIBbD+xzTb9tdvSpnZhgZOyW1h85/C3KEf9OLn+lBeE2v9GNcAzskLijcFQxKWW1GDvLgDvJtLQ2+bdtH+T6HWLajWRDxa+bLqOhLEmvXWeTNeH+pt0IG9hR3m25jla2XIwXPzqllqHf0AJD1kndchY4AYVbt8tB7eBTFXJfZKwgiJctG/wvRkkb8jQVz5PxXG4OjUEAHg/mG6JAtGVlmLiEwmbgcJFgUhwAAAAoFLQCQAChNmkaj1If/TVOZ5XIp3NS2MplMyaZ+Llxgi7i7dFHYeZZPZHo70FcmdDa8GtrMnIB40+kjaORN+ZcneKPZrdP/rq9zotXRwdQkcR6/iTv+cfnSyCFx2kcC5cvQcoK2f1aLsNoP6/4ySL3eBQMlVkF3xnOZMoRQAflI18yPu/3IGac5Hso+GJDbH9ELlcQBtZ4f7uUl4f2PCb41JX4+Bu/VdhnNJ90bowkJYubD+yqghckBPS2lfjh3TTODt5qzaV7dE31N7bgzr0ap72TdbuIntUkD0hKLxqse9ykrKLFFc+TPRUXe/dEPja2xm0swAAAMAe0ENF8ZLoSjYP+HT6iECMpAaWAgEAAABQEujngSeCfFs0SZf7npXWb1zp7Javv39/q0aCJgnEpFutqf0aVeh+0kUkrtwooPQ7XrvhcJaDumXElgyT6PP5KL1eWkT6ikjOZEfevTzSpxptnJFANV0Y3Vny0W/NqAhkgQXOJHQxoDeUxLzz96Vkq7f1p+kwIuJTCtGIU0wPuJKVLvj//d9/368mbcXyP/mv/X7/vl+JU89fdpBUBbybSr9q9OEr3rzx59uod4myz+ZNn7btaoXv99tubBrhV1uw43ftGDmEXWniCgZy8X3VWmDIQi+meJkweBBIr0Mg2gAAAIBagSgQAAAAAGWQZdEZEx4vRpS4dNVMf4FZzaz1tf702Kr3GKbOATExiSrol/NWK/nbfte+U9MXNOZv+poDpIta178iYxj9V/sd6dlqzo20UwlOLAUuqlx26hFB5E41e4ctcPGuJmt+hzk7m6zFzIkNy0W3eevMzp1Nukfy2abNOpFLEfpb66SJB94QMo1ufQY0+bV9qzeXqKR2MeNaz/i7l58Qxvyhpt3GgP+x6MY5ueT7iC8GvHtB/GT0DUsPbKmrteZvW1r34Fq2o6gOXhX+2MDUvXmERz8BAAAAAEBZwErcbZQxIYYMkAGIAgEAAABwN7m6d+g2vphiErfgXMbMf//+Kl/gpvAP1UHFVFoGQg1Q8dHBHgo/VyzlhIjqL6h4OPb7a9OEnCiQRRYzf2DRpcKYSR188rLRAL3UhqYgUKRYN8YU3qau+iJusRTYGvlXlwn+/f1btKVakX1V2Igz1GAibhUoojyvyQWHQlG5UWnmiqXgXHkV2INYAAAAAEBBFKPIQwfphUAUCAAAANRBsX259AYC0Wd9PQeSOI8wLH3uTYk9GY8p2AY67syjSbvSExcZ90ddEEOZ3/UKAGqVhfoagM2pqbemfulR7yKqLG+mXkIZtvUAABAASURBVKR3Z+daOVxim1jlpu48Dq2BQCuLfFdlGGHpyx4f3UWAyQjrjl3FHadZGmls68EB65sgbkAlsLpFoQzuhVf/qIzzYX9F7L08C6BBBwAAAB4GFHkTYDIwHVoBAAAA4O2UP9UNRSCQcXInd5ai8Oo894LAUbJ0/zmadvPWcqKOal7uLDLoF9uIUwDQ6GetIA4EIHpAwSB7gjzgAOW6mO4MqFoRyGf3jD0+9iL2VTwVzI4CAACoBMJ48RBFrV+A7JQvCsxl0AUAAACoiDJ7xRwlsgHHwagoPY/KvXRwbPyWoplYFvgYqtPDPSN50OJdStu2379/sAgG3g26ebeAaC+bFyxvvKDlKj4I+6O5CvoPz+gj5SrRl4f+aTkKK8WHQbwBAAAA4MGUMeFBow+ZfFRTn+0Rxwdz4nU8xuwdAAAAUARJO12YdXs3xaXv2zPce8JXdccfox7sFq2bv+8ffcmdoY5eAnhxZYAcfguI9kcDuTiy756dMGSRt3P1ChFyVDUgqQEAAIAkYMh9J2XEPo4PTscjRIEAAAAAeAvowIGLSX5gIPLwIzmdAx6Z7oTpEwNVfYJyF/buH2fKBg/KXCgKAAAP6gIADDWXhKbRmnTL3LatejObmkeGFThwHWVmNZwlXS5IEABA7WAOC5QA8uGrKP/4YAAAAAC8Ch79S+okeCun0ze1HOhZGY5UrK209xWoNIpAWaQUF3vFGMq7ImYW3lGQIvC+vGGEgbdEQinFgXw9WDFkYwFGM0G5oDMPLiWiZwfeSEP682l0ze0i79lJBKAiUBQAAOAuLumMPfUEEczg1EtJaQ+/vAeIAgEAAABwCVjsA08Hefih1D5iJFW1pTwAADCEWhANOQAKnVoAVBllAOXwbiquDI+HGy0IuB3kQADeBOYrQSpelZdQMJZBvJwAokAAAAAAXEfSmRupwUH0FZ9MWZN9mP9+HonkcCy6pdTcUcP5uStxj/ofAEflZQFVAQBj0Jt1VB8P7MzFVQgPv++MAZREGUlPmPj9q8pkEAUaGfQYxcfb8xP2/VkThQ8AAIDCRNaYsb1PxMtRahUFomMFAAAAXEn6I5rQltdAMan8bDEg+cMzRaBk/YAoKZ/tNKp+sgCGIpWrBBENoHoIpQA4bM8WHRwAQPHkUgT6a9fVg8XVuDuNQBUtRIZAFhRvvHEVHYDiwX5kAAAIYBLjfpAGL+GjKsN1ppB/AQAAgCvgxY9J3QWvJVUqn1aC8Oz3Q5FEAkrWlIcnPTO336+6n5vjr4Ch3905iPJ44UkFAxMA4H28eyUb3MjT84HU/wXbyLvIZzkVBw8Y+u9ZiXtUQeCIq/vfvRdeuIAuYuWg6wMAAAAUT8SsJqFxz0MZEet67jz6AGJ4iiiQMU4DAAAAHkYWRSD6ejVQYipXkPPeGsRTVtLEkVJkpmX++/vrwl+3aSgMIfOA1vhxoCgAAPapp3LHJPNDQH9jl3hFoL8DcWtALAAAAAAAvIlX6QIhfgMJqc5SIAAAAACuIP15wQBczktsBEqGwy8vrNGrvnHxUWjssf3PqiL1m5N4v7kxssjap1GuVj4UGNPPEX9glT4TXUWAuC0RJMp1dPWg1l2bSNwyX1AckLa7IIpuBJFfMdpi6kFuFchPsaNlOz5AXQDA7aAYAgAAEAOl5FG0AgAAAABIC6c9jYhH/8C7yZLKZ84Pfk+224qCN5esw6kvTnrUSxvkL0C7zhtLiepWSsghRA+SxFnSZh0a/SwdqNYAADn5NJ//Ph/SMJJXPYzBNaiXT9N0NaFGTXgJRVc0jHoQgNtBKQRgA3rKVFZ2EBP3gwR4PBVbCnSdDeRhAAAAIC0YzoMX8K5svGkoECUWgFdDLzs64xB1H6FtccLQauLh/dpKtN2gOpDpU0FEjTY2AtrqdYHQRRYf/pT7THn1m9wUHMtHvIbKGGQGWQwAAMBZMA2aicIiFiYDI6nUUiCG/QAAAEAW0p8ajBb7LA+JweJ6Z+/qLq4JQSopX5l0MM/II6Ru2U95XeRgZFceRSaILwkgGeUWPVhbBAAIKbG2yO4nIwr8NB1oFtepoh1hLtxKWkpF4Np1dBkiQXw9BaQUAAD8AFNzdfGqxC4p85bnEZRrMc+yFMhIWwDAQWAlBYCs5CpcKLTgcirKdChfS7wwVpyFsNcFDPn3LhDz+cDSdEZeHrfIOnJYJTsuEC1rYbwgQYoIwjlP5BdypXwBr1y/gjSv4YirR297A2gll+DlxhCRdZhSog5JCFZA1gAAAPBKoP2Q8bjjg6ELBAAAAAojvXXAkbugCoqzEfgqlvvOlZWvmAEEJ7mlOK4cQ5UXP3TL7pAi4oEwfLY8IBZyKgJp9LNm3hoDOZUlWbmtkoQicMn7tfQMiUjbyuD+ABfpA4zAnwRSC5zgmuyDTFoUSI6qQfIDAAB4GePjg6ELFFDp8cEAAAAASANsBIKzFJPW/N58N9dB1FS+5Bb2X5wB3kdUSlHtJwrQpedMoBSVSvWSQGgit0DBBdXQEP33fx+txwsId1BIoavYQi2qPQByg1IGMoBsBcArwcm+2yBygKGkg3uLzJMoKHtULwpENxIAAAA4TLARmLo5RfNcDyUpAie/XwzK1xK5arMyeNmomBc/rnLHXEVpWSldBPCpr4VvyBN3ZReD/LKMWibH3t/EQcAOzrJ0gHJFNt+NpUDdEBVoSeAGe8ZVj+JPHbwLcnPFOdS8/XXu1z8PlI5ng/QDAADweKqXj0L2tgBExWIed3xwBnAiMQAAAHCA9FNKmKSqhHIT+sWGAisSPR5FHDUPPTv4Mm9fFz/IzYVRcIJgvF8RqBgA2Cd7OUFBjOYFUfakIHgp/tzLNWVcrkhiXr1FUAAAAACACrnbNvzLQfQ+j6pFgf0x0wAAAMA7Yf5+W6WSGqCJNNF0xF0AruTtcrlRX7fSUkb+x4owLi5WHhuHF4158sfP0QJLVPMReV36n84Bl9gIzASG/JaU0VBiYXp/Cc8WwBtiDt3+W3lg9HOSW0APL1eZBUXi29MzW7cpwmFrK7LMiE7pq5sNBT4Ojv7iucBOCAAAAADAqyjwPICSeKIoEFo+AAAAQARz+/1rjRZCJ2o3c02corNWCYUmdAX5Dz1nx/LQ8NU2Ai8DBgIdZfoONQCiALyTotW47wVxdjFQBGaCN/+8EygCwUVUnBQc/s0uVgYKIwAAAPA86jZRB9nbMjBcKADHB1uwMwgAAADYJVenCp01cBPIejVBZ48Ie7KNwHdMGBwMAoZ51kqiOsE7qspiM0LNFiwBuA2Uu57UUYGolYBYKoKqk2H5/GQA0lFX7kJZAgAAAArlhSK6koJUXvRCHbgORIFBEAhdIAAAALAHzgsGJyjysEEFqmFplAobgSlA5DiqjYc0Ac8cfdUP9Wn08xzPzugPzghvqmHQaoC6gUU+cB4knRBE1CrMiB0AAAAVAjNrNQJdYFYK84saKb5Q2KdAFAgAAACAdWAdEKShsBSvKAPaoGLry4xKbAQGqP/xUBKkwGvsJYLDlFcEYCMwFcKYNHUAPbMmyONjZMBDPD3anrUhWhbb8WnCpclh7vfLaR+kC8KFkcGLH697aVonXlOnJwvIrf2slzWx7+sxuBC9b5YEfTsAAHgrkDiBksGU+zOAKBAAAAAAW2To0KGPWBuwEXgXo1BCFzilMhuBmQbnV0fOkfcxt22bf+n/vTUKH/wuzRtAQk63AoWmlNBbpF42TfnMkDw+/lFfFcbZBCkjQe/zBc9+n3boUdzi6bJiquLNCajMQW08Js+jcAIAABACHRpYg6YbQJBPAs8VBaZMQ5wgDAAAAMyBjUCQBtgIvAuUtSUqsxH4eE6nwPf7bds2c1LWqQgEoABgbfEwiLl43hhnScOETCUBsVQOSIu6MT0I5IExiA0AAABVwaN/4P3gBOHKQOwsAUuBHugCAQAAAANv/JXadfB+nm1X6MmgrI2x/ftoaygviUN67vAmxaFuLbfE1JFtOqD4fHI4/fnU12CHG9RsmOl4Iiy6lMBVAM6BTLVLSUe+FqoGvTQyxgsAj8q+D41vKS8PXiUg7sFBkHUQB28EZqoAAPkoSflWngoPusAfIAoEAAAAwDKYkQUnKHeVoUJFIJQgNg5IsVyG86psQl3QK88EVPdUAMXXAlcpAq9JlOKy/22KQLQGAICeoltFjB4vo+Ko5tHPi15WhivFgvknAABA/fUu9uehIBocg9gAkUD1VRZIj9J5tCgwj1k/xlQ5AACAKok2owXA86hQEVg53LZ//Nf9ihmZvi8OcwxvcsZSXpu11RGd/O9SBHpNZDlj/AeeeFuq1d/X1w1vCuDjw4KWaIsbYuf4K8MWoduT9F4PJIkBFItyQFrMuTVG0HwDkAPkRvA8HiGQMbuIp74sUh+R1FPWMXuiCPkPJ9Pp6ihL9j7SuvunuZs7V7k55endhw+nICkbAV0UZEjF4rVGTfNpmqZt621hu9T/mBhoXW0QmKbcQjrS6BNNL8/moO3hRYrY30iu6unK3vBZ6e7PUCNp+5W7Eq6rhqhh/2cz/dn8XNRMDVlHSPsrnQvGcdJPtxSYUsHncj0EgQAA8D5QtwvJ0AHErE2FINFvZCPyK60Iv9+vUq0bQsmyJjLwLtdFUdI3JZ+PfWlWuSRY98RdCVPyT9Oxlevd+Jh8RyuIJuoWXhbtrIoO0gVeq74coSJ5WRQcDU3Xkr5UXg9FIACP5MLBGpYJABiRxj4fpROqiS+efI8T6wTRTgL3VH4SHwGhDcSs6f5qkXa+y+NDK8si0yfW6VsgUjm9noLP59Pohm0OiA1/hpDdEFFdAWi0bplJa7Xmk1hRIFNfHXAQBdpvyec4dqJA5TR/bCSA3XfaiQKtOrCxDy6JArvbtP+Tuuudt6npLhohoG7s4/aK+9klrgpiQeN+g+ODAQAAgLrBpCUALwGFeYm4fT+Iw7vJkwLDVr2KU1g00fva+CljDu79lu2uolYbgc8MNmwEvp3nRtBlNUmBUVSaGOwOz3D/46J33e4EGIMIXYF2/pY8RGnNeKy95rTJIbM8apoCKi47nI67XwdmQWya5vNp6GtkEP6/1BSuuuuW2D+fj1UEUXuBgaw4uP/FzN/vlzGKBHlJY0I7XT696kgJYoctaucqQlvlXVhSk73J6o10a1H5Od40CJ88EDGDpcB889HlYhRpDf/9/VmTCjmQx+o9MdWlfmstBU5j4JwoUNFpS4Ht1FIgm/qqtxTYmj/tZ1Zt07ltZX9MrbKf2YoSTczbl7AXKFovQBQIAAAAVEzGuXDMWdQJ0v0uEPNbyJYlEIe7PHCKK5B0duGhWeX8/u9HL2oXvjKVnQM7v3FqcFGgiboFRDvIA3JWAVQsCvXQRSvYsg4IHXtszS3eucGtuwXTQHlEUU+AQzRT4oMZnT0UlZR0okC3JqutjRarkeb1+yKc3L903LHDTy+71VCjG90FvOFmQXCWKOVKHX35FftyaLv7AAAQAElEQVSmseZ5WnfEnoQbagmj0/m2tVZQ4CJ+64AiM1x6T7Ezmcy9NPCMW+pa0gkwWyMd6moa5itEgcf9zYnu+b3PSKhcZihNIH6E2BjWZoOEUZ/nEQUWVpfwz4cu8zdameOz2+/fSVHguO9LoxlYJ/ujcLGXBjpRoNP8tcGSn9P/tcqJ/Iy8r3W9FKsCbLzCT3MvPhzL/kh//WdyXXyrDOxViPbWF4gCZWt8sU4qrBoAAAB4O5hVAIkpsq9fRT5HYV4iLlZeHYePGNcgF+dlLxMg/rNSio7t+ckMReA9z1cKom2HDBHESW4pHQQBpGUigRP0+skvDrm1pKVNAxun6K1/Qetv23xOCdk8VC5ysPP5fHTTkPqn7UlhX7MQ+FepKnD0/8YtR9yNP4du383Nv6Mc6jKmOyiQW06huKKIq1ngqDu4YfpH3/b77+9fDlFs+dMP7rDILhv8+/5xSZYCZ2mRQKsEAHghpBLV26xUfVXM+f3SADyVd1gKTKkLhCAQAADAy+HFjxlcB3VRYtLXkR1R6FYRd+xfHocphjYPthFoSTW8e3JW2Zg2jFtFOk6teq7nhRs2Au+DRZcew4P9/sbcxoVPdr5TEfi6nBQEXscCJrFgFe9ivDvmNCZNzFoJ7UNZbhNn8Kmv5+xFF20r7Db0ggekhOvf/6TspihQxWUDbyMwWAr0x3XVpLyxajjOUesODxQanxx+sW5N+W9PWgbiya/lL6+Ao7740rdpG3deZEGas7R13Tbk+f59uSTrUDAKCACQQQrVBQBR9HLQinWhOD4YAAAAqIm83R2MRqqlVHvg70cW1Nr2uyzHytqMSSXZpeBMgKbjXq6KfygCwSlgI/Ce55/6brCOmQUv0CbEO7PLE0JFkXeQ2n7u54DPTV0XLd20cPe6L4m2nhv/Nb7aNA3pjm87MxC1GR1/f9FHayXIAhz3nWCjx1i1tSBz7K5sRAPHGuWTMvfGtn1BtXS3c0YS59xy03z/hbPS0sk9a2/40PADAAA4DeRuAByksMKDslwcH+1MeXdD4S5t7MnE5rBhbTdIaNatM6ht9s51V7rr1Cqzi8Z8a37YEROZv+yj5uRlZ3nbfGi6X+YcZDNeNPaYW+LOpc5RY5XbXVP+1Hbl7JSOcoi/NgzJ/D0Dv6PW+d/DBTPS12RtwleXBX3Au4jXXXqaxFT1YSOBukxZoRFIs/+1K+buyHDNda6mhN1fyACVZgBtY0G3uq0vA3j8PnhWLWfYnF86ujGdgKaJMQKQiZuiu6v+Gt2YDdC5PFBkxRI81Xy6RR/dth8VNsSryuiKgFn3UhcbP7g1nn9ebsY6pir8jYS9AUUGz6R9hlf/8JAbDHRjAYqqBmdGD2j3zsW/RFi3WfAmGYuxoBZXjSM9+8baAzYCs1JMi+NW1iWFCzYC7+OQtqNcSvU7JqXjWas6xlO4m2a6RA27rPXfk44JsENDS8sxLzlyY2smx3d6ntczmmeXeWa3o0fjjzyLGFazb2eu0Yarw+QFT66vub91bXYH2xWKXynYk6qIg34lu0pijnblONNi4bvkcbRhYk38LvY/hQ+Y2cHuv++PKrQmZoO9jVsAAACAa4GWCMSzOqqoC+gCd+h9VKVU4NMtDpkRkzEX3ZgoaJX72RqxYNtN8bgVZDNY7q7Y605fY7aNkfJjyLa7+Wv3inVrzi1bC/zd0Kp7gZn+MCtQRlFIzhRza0WB7CWFdv+Z+9390v3Y0g1N+wGqk7JNtqr9ZKQNUWC3HmzXwpi+u+l8UQa9rBwYJYRu7C44ps0x/8OICYeNBM2Nausr6CbkjVHotrphkwuinn5JG9qYCsDonevNAF0N0DbctnkrgFJjt2lcEyBcDL2ZHF60mlg76U3TOfm7PHQJvcc/n6ahxu5HuFUXeF9M9oqgbtL799sXVovTIP33MVnA6MG+FPah1EWX+v81n2/TGkmckAxGLfLG+57rdmuQPRtoT0MnuyT0EY//kD8qWKGZvWtr1axrAxsbfLv4LfTSsKDL4jvdH5t1Cs8+Ttok2rx/2YFF5jMOZszqDjSj/Yfr4qp4uD++6Y7Wrqxx96PVZbVqShVIDSthT/ClkU/9T9cybuhnJPvIxkJAYRVLat1U3PzC+t8bluFo7wvq5oc7/uOpQ3ObZILwSIL89/fXtmPDckUoAskXhWPjoh0N3kKXdKQcnQsk915/Qk+682g3N9Z1De3BmRGasHfMqHdTA10Z6BLj7/tXQHjSeSHGJUYjuw9iCAAAAKiBOlv8N0sICbrAbcrz0WV8rEKk+8Gt/c9sYmxbFX6yHR6z+9d+3bf+ovnT7nlkt/WxtbYEW+vGVznxkf2CnA7F3kNK+b96O4N+W54TBfJIFDj+FebueGshyF4YDftHN7fWPJTzu9phKS/kWUK4JtdZdWerfFq17Qsye3wIjI1Lm3ujpntegiuXdiE83YEID8PXALYiU7XRZ4A2fwYoVWLftppUaKrKJn2HxDWNRgthRYFtvChw+cYn1ST6S9SortvybePO+kmOzNBW+iLkzv/pCkBSUWCJeWCxErKqcPU1hz21465mPbCRRHbZv+0iQfqIOs+18bw1RHAbnMwaqOsLRfvtVFCOPhy3rLV1d9cLcoM9do3gvss8+bQvCjwIH3U5uhCT8ovgWAAcI4qKZAJho05vNN3RTez6QN3it+kK+Y7QMZVu3ENJbjl07/LTZv2/+XQR0KhL4OgvjjgWg9kg0TQmBooeEef1WGN2SZgI6HoF6jjCUnxDJLsJzfPp+8aGog9TP9xkjgjo4p20e8euY72AjOadj5UH1Mx83KK/NjSDBk3UkjbjooVzYCNEjvu3sJqaCSwmZ93kEd75W/BIxE28/YAdIFPuKbJkvajUkLPZSPSyoTG6+dHUNzWiQLEgceqlYnUGAABUAXSBpfBxcrFundxKpr7Ky/7MB/46naC57sV/3XKiue5EgeGfk5x8rUxQBYmgstJAK0OxbnrpoerVgtySW5h1M1GkvPnAfjjq1qDijg+ezsmMbiC7INothbaRgoCfLavPo0sVrbsEVd1iuLPcqOrja4wDaZeTVWV0Af5aLagNfqVroa21Y4oMUG0G+Jo2Rnd1YPkZIH3yeJGUWfpQB4yF7jv9AJwg8sdOQ0V0615tq+2ujYQxUGQGWO7lEH/4379/XfD9FpTHExeE5tswf7q++t/fP/V6+uXlEWRP0CUjjey1AjW1hl0fQJNd+46qAfJHEc9+533R0YR/aVaJ0YYmeYnW+vPff3TWZjMvftyB6L//Pu7Vbosg7zouuCwgnbB1z8GF+6b3WsNYzUoLmDqTZ1MSn8GoUo1hJK5je8Dc6pnDmk42ZwiQvtV4thB5bdG3Jm3b9fdOSnwq6R/w4Rt4/xa5s0fU0adTyGYQ+vevGxzmHBseUMBlZjqjrg5sk3kXHP5lfAEAoCRQKAEoFugCATjAm23dHScuVm45VeQKysscReoC6+OjAAAAAPBKMCgA9bCf2+kt00wo2OsgbhZxZ/UVNdZFSl0IDR9o+6TprLRt+/fv3+mMeMjrVg6oiYxa6FJR4CZHtDAnn6C/v7/v35/KDwv0RBejNbsi8P37FmYp8ELPmAM8zD6Z7/ed+2QERr92ZEBvbJ2ShumeCEr+1uxqsAJzUiIfpQvY3VHEmUeGmcP3mrrqTZUuhjf1gTQHAAAAAJAC/ff9vEwU6A0iKQAAAGBOja1DhnYRXTegyswGdWRNFMAdEEG/kNVExTQE18XihelFwXCW/J0vyU3OSn/UE+o0v06YIwb+7jHYTJaW6GtsBm+IAhNRpBW6Lut/u0gwYrC5GqzQjJ46GrtSoLUxHW1shxcsCkzms0XLyaYidKLATIXx2dUmuhA7IIKEvDaikAOkZK3JXwRyFAAAAAAAAPVQsC6wDsubsBQogyE1BAA8HkjxqyDzQrcCoLRsgFwJVNyhmsg0d3JX3Fc8lGNu//6NjMMh++ej5ENpafSzfN5/vO8yaYKNMn6IimwEFhPUGz1y+ZGxKJaF8KiEyO/ZV5npS3CeOehBbAIAwMVg1Q4AkJ4iaxZUd3cCUeAOg40l6AIBAAA8gWy9KnTXKqfcDICsucvL+7CSA1FpejdY5pU2Ag2RReBVmaQ1pgK/zlreXsggSTpB6To2op9igNrwbjLYCLwtUWEjsDRKD5PYf09XcRXh/+IiEc3PKRIe4oyUAAA8BdRX4LFYAYzABBWEMgCkA+UpAF2gFBrJwN6bebR6IZBDAAAAqA++wegBqIYiMwDXljFRDJeQxgo299xNdQW2UgpM5CsKP5bVwTkgyL0RRJuIpNFUjSKwCBJZjEwoRFPvJnP4EjvP6MAA8AZeX5BRU4EHg7nIoyDmhCCiwA4bWYQZ0/V1AUuBIgZ7gU8H+mgAAHgZvPFXnneA6ihVETj5/XpQDJeQ2AjsbyGFrvA6r7UROKLmI4TNj01DgWeT5QnlihTlyQMPXFAv2sdVCBTushFI4V9CYCOwQFIHC4rAx5IiEu9J/gxc8e5k73h/9n9ZCFFfgRtB9gOgdMxUDEoqAOA+sBwigqZqsDdG2SstBYJloBgHAIB3k2H9B1tFQNnKAVUJKIZLSBWBBhr9BKAuek0sioAhdRxgdj8t9cXnhYpAMAfRJgKKwMfCh77KSHGKwIdZdwSlggQDAAAAACiM6Mk/zJheCRUa4W/PBW+1FMi5km6sEn0cEAMDAMCbyGspDQ0GULARWAYojEvEKAKBY32fW/6ILKHYSkdw78pWk9BkGQ1WXQyhCEwLbAQmcPJiUAQKpFy7bm/OLiy6VBAou4iD18DHkxJ5oCZqTG3kcAAAqAMoP1bYjhiiRmtlDHky5vbAwKvtBb7YUmCWBQ/UDAAAAMohW8OE5g6okrNBNV0y9D1XiFAEIg5H3LWvKaRX8SnxutwyDg2R3YdJe/fFOQ9FIEjGRfFZ0P7O5ysCwduBIlAIiiF4WqfoTXn2uCIQJRcAAAAAjlLNlomBlbtoNNGno/lUEnuwyxfB4yuEVd5qKdABe4EAAABeR/a5S0yOAlW4jUBQNcgGB6F79rghve4CMZ8VrCSnBTYCEzgJwGtsBF5nwLgsp5LCp29IGbabY+kddSVqfHANR3IarPABAADIAAzggYt5eZYrMnjFx/m7lGDvFgWqHLpACAIBAADcRoR9rENOA2Ao2kZgNaBIriKOGsThLldE0ROSodqscjzgT4yy6ofw5H+UlnhQBD4StLClAUXgHW95piIQpddQeSwwsgFYBIpAGSg/AABwEdAFgnNE746HLvB6So3zPvO86Bzh14sCcwJ5IADgSaAP/WSQdGegN9t8zgBsBJYAyvwScbGCOLwbpMBdIObBg6jP5iJsBN7Ie6PtNSGDRbfnv75KksX5lYl3W0ZJaYHy7tz+2NLGmB8DAAAAXgYWf1MBXeD13Cm745pKDkSBB8HoCQAAwEVktA44egEABtgILAEUySXiakLEijiM9QAAEABJREFU4S6Zoyh7yxXL2tCtoqwynfepy0agCjkgzeTXo3RsRfsVisA7XXnq6w+DnkEAMZGV15TPEl164usTgWK7ACLlIDz6CQAAAID3AF3gCrAXOAUZJQIK8fUKe4FachPRdBGFVu9Tovs8TPObyPy36vre69b8g7wNAADgsWRvxNBKVoJkL0OpNgLryqQokkvARmAyLomcQlMAW7oUSkcC6tOx5QKKwDtdqQ5EWwTlHkScBk41vHh6ruKD36V7ywVAEQgAAAAAAAAAE2j0sxgKOeuN4m+gleeI6ECIpo8wrdzEW0+tILYUSLQ8CF27vnivIu5/EXH8LPBcvmrezqvfDjdktq+EBSYAAABpSWLMR/4OAIpVBE5+vx6UyiVgIzAxtdkIXJtVeGlW2QrW2S1zb4iyk/thYSMwFTfG5NV7onnyK41jdwEbgWVSrn4rxr1HpRJHfwFKI+HBs+U5VDIoIwAAAAAoFdhPAzUBZdMStHyhrxycyI/7Lw/FonPECwZJ7p/V17HUIxHHB4/lf7+Cvl6eZ8R+P9dpdnXGmawn0QW6n+R+Jsvngxqw8KLThzpp8B+GC3udMeBDzb4U1AkygEIN8KgMwKlbliHskyZaVULNNYDDh30jBrjk/HB2PJ6hE5iHbKnw6CLAC1ufdu5egIZsUGFn6MoMUGZdYsNuxtqaVPvqDMCbRv274LN22/TqYlwEzpQCO6+hHkpRDcEtMTkZE6mLSaYIPOnzcTaodL8Fjf69g9hscV0MFJzF3pcNPBF79su0DXEpaTLAMxWB4wxwZR4oapzw2npADOoBVXcMoAgQIgExUF5NSNd2CJAB0BSqurPBdpf4dy31lRSYAS6O+c0YoOlnPhFLollQEl8nwVMLRIgCf19jTf4tJMxUpyeDV15H403kPspXzAEON6mr8osfznp9qAIAAACOwxt/AZCPwvJapQUBJX6JxDYC0VnPzJNMe76xxO2F6UwBeHR8MXP7/TK1p4zTwUZgKio6NTipjcCbQS+lTGAjsCieZMmTD38ZxZ1Rgnz1cgroTbwvaY6ECOO+u0EVAcCTqERklBpCnIE0oAQCObR0iSZ6MOKRqpi2njwwJb+6m5lmX8W5HCsKXIZZqHD8kfONZIVzKeF6Vb+rC7ySUQYAAAAAToFOKbiQcrNbZQUB5X6FCEWg4C501nMTkV43wq8tcdmC9YL46oLw9/1aU6FaHeM5OrbSPVqRItCDNh5k43jmYpU3ayLbX887dHzgYh6c2FAEAgAAeBT+wEm0HgeBLlAOhG97/OYmjrobXMOVMS95EU1+s9o6gmRuFJAWP67fv+mBc8RPi0dZR+RDkrlZ+GlRkLnz1Iqpx8zzXqgcAAAAHAAtCLiaIjMcCgLoQU7IQEZhJNLrXhD/WXnRzD3dK5Cuy0ZgatkVivkhEG0gMRitCKkjop55dnARLy6AWgszarDzIA6Tg7YVAFAO2FIOQCncVBoXZk5//6alyztPSd+++hXtX9nj6F75JX5ihUS3j28jIiV7SqALvBL0XQEAAJwhWzvCaKPAD0XbCISZQOAQZwbEoQzKKwhCS3MbLLkDiXMUnBqcCtgILMWt573+MKj4FmG0CVlAnD6TE+n2hiRHtgUAAAAAmAFdYD2I0hoZ4kZKiPwlRWC/wkK0sdpiJG/869Te8syeJPEMmhbFeYdZcIRm3y5oGdXRt6kdDyxFbeYhL+bXAAAASOALBHtokMAvsBFYDiihS6Av/Swek14vncRBYckKTvdJBRSBpbhVEW+PtqSnxd7m2H19iAOv3fLsa3S77yg3GEsUCBIFgEtBkQMAgLqBji0t74/PgkNI1/lObiMw1cvIn5JM1OsFf29LB6lP+ETdRG33Vj78gokJv4Tdzl/XJlcWXmbDMntg/M8+kTEPlVZ4aKQ+5fK8dw10ac1RFuMMUC3IAKruGkCXlgF44WMG703aSjQB1VYCapIByrYilCeNSs0Al6bFY4oA9z+EvhVFI0m3Yr0PHz8hA1DijBedXvcwqgQofSTcSEw47AEBpCMD/6aeA9lIiAj+A20Ebp0ycWMRKCMmL2wFOGXBSRp540hgkRdfZyPwDaOC04ny+BhIAdlofEUkHMkQbmb8xArAoyFL+EOVTZ5KeDw0eiIsbMI2eUNzcA7EgKo+7CgCKAKIBPXwBvEkyABP7xHtIJv5qTMPuPDqumsAx3jGvM4dBVs1If38Pb3iBpX9DCCrxJmJpi866AT53xa9dMv8pk0HlzLJAf/R5sW5g7Tz6L4HYC8QAACqoaiuLS9+zPkaAApnpCuqBpTQJRArV5CuOXxYeo1VOq+Y7zkQ/5HhrrpEvtKy3S394epsBKYXXoNYEG1S7rQRCMBtaK3/+++jyS2IHMy2l+R2FKklGPECAAAAVEiFyjVQFFXkwIJDeH387ykC1co2s0V9WjLVnEi35+9culmr1Yj0usBjAkS/6278c+k9k61dPHle7b1h9Q+pC7lGkRidAgAAmDM6KZgzrprkdBuA5DAUgWBC/KlzYB9m/n6/3LYqNc9pb16XVaQB4pnZ4PRveBbCKHiajUChdzGDnh8oAu8H0fYcHpVWWwcH48jdJcduY//d3UKH1g0dN7eQNHyYvHkkSDMDMi8AAGQAo3YAwJ2gDrKIFYFqaoKg/ze5XyZ4IxpedMo0oFp+o3VTKxEzBR4tOTX3Je246M31j10zF4iWI3chCuavW/EWAAAAcCvZp8qgBQTblH5qcE2gnCYBNV4E3LZ/f//a71eBd5A/77+5dO3vHETdAk6RJgMhGx4C0fYcbk6ruNeXmrEK7Q2XrQgEAAAAQJEQtCgBxEMBvCQ/Ii+BIxSc/a/x2lwRt68IpKUHu+d48eY4o3hT63sbtykJHyWDZucEm8Dw7xHT9GPFvQs2M7vbrWVA8pEwnm0PXy++eHNQPxzUvPL3yH4j/dpLzJ97Sig6NMqX1QollzNAHdCorqm2G4AMoFAD3BcD9sTCm+enh8xfZR6ouQYwcKj/QwyUsFzCs99ZmezTuRW+yQ/lxMA6ebMCPSMSUuIilPwnHu+8ShEDj1l17eOh3gwQkMbAq1fUXfDTW828hciUurwIhKpHlUK/XTdUjCnxJa744jPKBqKa4FEVJgu+cMMBot2pxoI5nShEw9DgHu6uGfzAUFXTJfjBBZ9rHR33RaDa+QEfcK7amELfHNQTCbOGfVwQntjoJ6HqadK+O1T7WhEiATEQPlz61jLGIcgA92SAwqg5G0wWzsWPvGzSFPXAaj2wNGtGq395N2i9Wz171mv9/J+8PEdHu+6s37eInjqz/dhkpDT+qE4zm40htaTeWw3VPL+K82+ufZWDu69eVAEAALBD9qNRGS0N2KTc7FFZ3kVR3SSiqkRM7pI/irI3bamY7BSrZsnveAaooHTVPNV7PXXV1WicQLUg8wMAAAAAALBLvfYKAHgPtZThgnWC2f21Yh2Q1v4Kl/rf08d/1W4nmdrw23dz5AE909vR3k5Bmp8RTLMPv48H04a/gkK7RXt8O/sThKfPj35t+e2wNDAzmB4DAIDawHG+oAgmppRL6cejaIAZj1GYAQuS6l4Q/1nB2cFJYMTkOe4/WPVpyWe9zKvfLV9CHk3C+6NxywLlOw7KTReQp1Uex/ybLIhcbu5KDapbcBeYewIAgJeReHGjgkYCKtQcIFZvJ1cSHJIDqlUBGy3eHUwzEi04MoL3gymPB2/JcOX44G3z0UTuUODRDb9e5+mHcJ0WJojJahG3Jo7HzmycNexvVbNVcPcK4rUg8ejGF2LDTjb77MTdi+nCrtmcFFVh8EcZwFBtBqCFA8+rYFwDPHyB7ngt3Z8Lwuqeqj71W6cNq8gDSU+NfBqjg2GqCj6P9lX0R4OQKqAmvM8Dd2UAvrvo9cW/vCIQZyNQHQ0CTf+9mI3MRup8QxCRXvcyPx/rJRngTNSbRkArahdjoJoesj8tb/lLvr2ulnIovUazTtnTu8yYTFEHLuCOSU7nZt7UGWpCrV6FMM9pE3DiUa+4NlxLQDYeVAriM+z99UOfDfY9X2rreDISR2emln/oeXpcBuizQdSzj+kobBLCrvQVGSB9nCXxc58H3j42XIVCNjgcAy+oPXSWnmER7KaOy/9tddOkY8YTxfXWA1XOlo/xYa91XPDQDECpmqCwXLieAV6yoL4VYzXXhDSqAcgvnsc8/YqZ1Cc3BGmSYLZsOv9y/a+fe5du5jADx2sRzD+Tc/TzYeV1RFtfrbxxZyaQ+h9b96wL7WYuLfiNfu9wxgJ/ThAe3bIR2uHOknIwNiYBAMDr4dE/AG6myFxYaelAjbDOYxRmwIKkuhfEf1Zg2S4JsBF4EkTeIRBtzwFpVQivTAjkrvfDjGQGAAAAAAAlUK2cuhzyKcGmLu+8Z/odU1C+LT1DQg/T5sVdexCrGEuBvKentJpCdmf78sI72N+kpqbo3Ge/4b631tA68bWyv9xojmlqWJBm7+bRe0Z+Hcfd8tTzcIPZA7pt/nB6fxb4rlrChV0Vp5W8FEkGeCvjDFAtIQM46X9VDJvASdzkFMmpyT8rjc+X9JdOTGIW9AAuA9TAtillHj7exw05uO+j3hDwMgqs3/bGZTWAtmMcYyPwHO/vCu3F0slmMCK9yoOm//ylRyEdSK7fR7r7T7XOWGCt9F3iGcwP6iQfLIZ0zQZgLrdwTcZEKgV+DitZxXhB5I2zwW2eSAxvnb+pfoIzbwweQtrmt4+Bs87GP19ItFOaXtEbSBeKh/URbQYoV8V+Ze6qZJ5kg9gYeFnxf1yDmJb4OYL3zMgGUzCPXik4w6RXXEck/Hb99ocGr4dWpwhieWTlgIaAVj7XSeUxgAxAa1ffvhq9XhOKMsW0EZmtQfd9DD8BQ/11UsOryWvv6GfNwhv8o9nrlryw713rlF55eIMQQeO51Hkwew3SKIS04Zqa2AXkkbHAiSP9r/G/8KIEPZhLrOYDAAB4E1AEglIoO3vUaBMOBXadGvPDk0FS3Ys0/pFOh3iUZTukMcjJA/MXisQR0tjufn/cF3x2cHGOoSSCWkBerxukPwDgIipXbO+CyIkFOQocp/iskzR7/6jPNu9YUATSzEabvTZybcldppkQbuss47CfgSUB/5HMfYJj1qDfYJXPOGe1iTsWIcjZ3zIGAW1IWfHMnKC7bN3tPrI7xph5eJe5yMG1udlCb09w5DMDT70w0Nss7C/E9tbz7/d6zY4y8DwI41cAkgEtICiLmExycT8kGGq5LR/v9+ZzUFKxvScG1omzOZcoJmn0823IouhcBnhOO7Tk05D/+x1kb2xWZaYil7JBRZ2Mh9cDZ1KqVe3f92unVrLFQOETHeRmihLHwJPMBKppPcC/PngaHP3FM8FIMAOnIhUpUhpvqr4ue/81WyJQWIqBD36X8hmQntPpUM4c0RZ5sltps2TXMBsC1BkJM948VbgHMgDVnQEcNecBH3Aejn+g2DaHHsr1vsAAABAASURBVN8nktUDzw/nOqIYWPluokYbKwKnN1BwRI/0gn5+Uk9fQxueI7V77Im3z0ejKcZwxT/5USK25g6X73dvMHI/q/Qzor6FZ73mz+kgmexPf2OQJPJcF6hW4p/VhkDQrgBFmRLMXAteWclSsNNYsy3o6AzwInwGIHNY2E/wK4kO6mm1qgwKx+aaD08+QfVMt0N2gnyci5fQv+a8t6se5aTPAMWxu5Lc7x3x/cLruVUqQMH+9GWdgLKUETTqBs2+uIGgCCTRrSqJL8kPilyXqNLOMPUjgvpigKaYS48yDidgPzhrsxyF67gSQnb6hQs7R/0y+Nt+23/dB3OItMpE0cVqNIuWhmRN1IXMJhSfDR8a2q5VheWS2ipc7OTuKxHGwOtbi0p7xMfrwZQq8EPfpYNGS0VZ31hyJntYY3AKXrt0MANAEVgG59PhEetkGbNbTbXAMs/rF2cg1RzZI9fc+uFxzX3CIQvw1m0vaflcYPnnYrWDQ1rIANEx8fSok7YDi7mnJM54cDERZ4tom1E0VwQ6QU7IXSKv0eTB3zRZ84CX40l7dJ+RnT4R5n73mtYL/gbNnv3aXp/Csw0ILTnlLSlvoJDUoie2dIELd4/fqFYysbyJy9wSJlR6xFFtC++os49DkwplSiVNvZ3rIvaymLrorWGwj4FqkRnU3YYXP2Yi7TI92RhQtS6FK1VrDRAYKgF1ZUPIs9+3c03QC9TYrHQDrk8Y7n9cjJPF259P1sefwQ8R2e3UiuExXYcNiY5Jdx5ngKcESuRPociWhn+jJx9G2p7s27ShW7DdsKkzLfw9JSaTzdam1mkBcAHIthMOh2DxwetHV+eh0c9zPLAz4ccFVU8OpMsAW6TLHJw8o9W8BK5GwVd1LxXVHAM0qgzrZNwWIBLQIN6zSH93C4QMIM4AL+kvLM6a1lwThiJAROOuZqG6wDwJZCzVaatmE1lTKjSXnJjn1roLfqN1O1KpBeeEM6gczHFMHifls1UwVqJDKSNN7rxg81MHk172c5cK9oO90vlMK/uv82H41nxm/5Q218j+NO/Q7HbD28ct2qatTVxvLUR/ghe5jzDnE7eJnlpfFmyhWIJ6BR73Zv+8QpB5dD6TPzU4xIXqTxDeMBYYok6sCxz7akiPhWsAAABAHBdpWbAwCKIoPcNUlqFRfjeJqEURk0IiZykoXrrDj0gMsR8xIAygjD0LpBcA4BRQBL4CxDyoFmR+AAAAr6E/viLVBBVaSSCjDDFqWdBgUGhm3Czanfxk2OXrz1Yy6rEjGaOoWfZwcG7sU0YV2BpxYK+ajXJkpghU3jiRk/9ZNZ7/2B9kFw4069V79isj6TP3K6cU1EEv6D+wE/k5lZ/7yiWc/1N34QhiQfKPmyD5OyloDT9jj+80Q+SPOLanAVsfmN3mFIrLIH60gj9n48+pBYM20CYJB1ODQUw4GAtcPER49KT9vJ0cvytd5P3en6FaDrTwKQf8/X79e2pdCZsfGVYTvS14VxvMv66jD9BXt1WeHz1Uz88O/gm/B0m9OjLamu4QyByDnOkNvvbj3Ub0nfQZgKq1EOa6gnxVDPzsq7kXGs7OrbobZHPANAau7APcvEuH+n/VHh/cdwgiYuB4Dimrfzk+O9vPgZWfCxZ38J7hJbt/T/qe/JQfJ4/fp5Bpb7F6AqNBUbXtgBrPQvY8sDisjpl2whLOVXnKvFD6sSH5OZE658Y8RNXHQJgZqjMChnGhjuixpuzasviLTB3WfnXkQWUgzxqocuY0RDy568hLV7xVkkdlg2hos+z6MSK1+rp9cCkjmzb+pr1aS1ND/SryaCfgPbnhjkxIxi7Qxxx613DbTs0j5RgrHM5iyb0y8knTNFp3OUF/vyIDUavQgW8KgbQ2vYG2bdVJjq047WcMUdbp/P/XflUkQcny0D4xqdNVN/UrBZLOwGuW0XkadUPPuL6RgZ8qdlbMlqr+I4meL6NQDrfZ10UHu0KlFAsnJJv7RuQ73TUBZpKYwyG4P5MwmyOyIPKejhT86bi2lmX2GsHeaB4Phvmsfk7b51pr6s/Z3bPp4VR41IaquvuqtZmWmVprO9Ar8ewVtsq81t1pHLBXnK6OvWbP/Pv42pN+61DyvvPKPb+W6GZOproK/xIVjGxyMDZI/nDi7s92mII3P9v+Se5NKK7oAodoHUkDF/GmBCeXDufJKwZ71wwou4i0okCjd1UAAAAK5TVjC3ANpWaYi2xqFgiK8DoRcYNoFHKR4VqkR9kgfaJ45FgYaVweNR07XSbPMGELXgmyXpnErQqHlW9SwUKB6Cl1kpEDqwsbJLiSgH75/0kigJjhJAoqGEGyL0kJyttJme7F5Y32vg6maSYL1eqUP9MFMdKlAy8mrwYzZ+8p3W7dGPtFgrulT1HsA7O7tZEFdonfqHM8WRRoDS9xggbx1qD+/f2peFHg86FLO+f0pqHAqwJzFqu/esIcQx4fMofhULT7BUUZiy4t0nZNALfm8OB+DPEjLtxoI/h3zzl5W3hW/TdWBLKzWmT/0OEA3e6W1rTD3c0tWwmgNpI+c5yxM7xndXZe0mf9ayWHSs+82z3ePdt4jWDXsrWDiNAOP9mZ8/uo4DXrVy/4o58RqpX58VRA7M7zDbuL2J3xa79wisruYtur9ILv7d3+ThcvioMfFnSBXvw6kgYaDSEvx/1MyjvRCIZebuTWk2sb87xvI9kA56UMGUBdSlFK6chvXsVdGaAE+nrv6cE/4/nYDMCJ3rviG7X8ypzJM7eRVBkUCsKb90BvMux88tssclH6ACpfBuCyC1fojc88eY2X3f6gyWvvyCg0+lknpOLawVNxVVhEezP7D7EY+jOfkMZVGwn89KbwVOXhJ0KKyJ+3NZcUdmymIk9+zYLducrK/6wTJhUqglobxNAW1jMomJVRPys4NqF7xL00T9xmttcWgsXwbwXv5t5+6nrLjQpXbeVFBPXXwsD2SyMRKB4kQRhpf6gh3WjNTevtGJzx0P1VybQ2k/hHd3w+dlmIOLuCLp37Mpe+LX/bb8xbb03Dazoka0XELdO9s0Mgi1nbDPUL4fvPnEuvDKm9Nnm9X7V1Rf/r7AO1Uy3EqW7y0Uf51NeW6Gzc1X/aaAHp+23bltfd45RvFdBnyKMIPBWcb5ou6T/f718XCeoMiRcerxyqeTM691gKlAZ0/z6Th4/0q8PIqNaDlVQ/SVpVDNDv34UNkC+rA5hWV0yOEy+4vHl6yp36+r56wAVH2IWYn7AnVopP5llGhWi0Fk/jbOb+p0EgGGbpzQM65MnBseHx0VU9Ka0088kQhnnGth8//Wdr3u83grzv+rhztv1G73BmAlu1oCJU5A0jKvZx2Fv/I2ML0VlJdA46KaCa6wKNS1NpoFLLtdP8UMipRpBUvwZyrHXMzgXvCHrUTP3VoquMkQ3cl1Vt+9DEDO6cm1uc6xhVnZVlgf5cHKIKs7+HRt3bnVvX9gPk4qL3UEw/6H08RAYi5Ega0mjGV+VrsMdbR1RBWOvaTOGEqAx+K71gdQF39sdnJ4Jc4e8woylbPsvVnxztDSIuK3se40hE9R1CljWFz2kvJLHR6wF9Bii8SbD77ba9GK3E0ma+QbuNh0q9oRjEYqxB+N2RdH/2FidAWq/qoI6tsEOow5hIk8sGB+DxZtUEXJ4MFA6KM8eKDFNsz6sP6PBG/jAxSuVPeaeqqmnWRSe3fZxUQ+rI8ift/H3GrYvQZv3XRAI7y0A8NguwwZ15JkNtkSg4cTLK/ZfSke9p8Zt1r2lrFsiemTlRwuRjvMKkEjOtKyTOkykD2qy9aJ3TrN49TYw1atHulpnhFPF7u0Q31SvelkdoEtX7WRkwEm19WzrL3hbugLL9oP6EuJIjQFhEo0uyscbD/Xo4/34tcyQ9p61Vsfz71pxV2Fr7SOckcXzgm6MuJsbVgylEgfGIj+sU3XVM9tDPlKoq6a2lanl34PkzKT9CHk+F2lAa6bGWS0HfTYh0OO4ZacRnaa1phIqE3lAg+hjYFQLS1sWxHHC4PFUEEg0/rRiO3OGuvWU9r14h20Obbfzqqyt/MytaGmuvrIGPOvyf5YTrBVTDEG74R27+0J8Z3CsGnelA8uMKa4fQGQf0rrdtCJIJ7thYIHnd31wXaKfq1FwaqJYy2k9IF5a7SK3GSFHk8mDIIlnGu1Ty6MFCI933pa+9n77eIV/CVIX0FW75WTU50gxww+AnkhMpNxYDbHBD+bjqfRQawZLJ2Iscdb+ezZk8OprqowzlveDmxe775dA35M2sdiAMTxj+kLpHDsdKlWOP6R11gOFojNJ6h51XPh/mulQXv4nDHrPyi6wfYGdYNCY/s6Ceyxm/h/k+Iwp8ThykzbCcfDT0nCnAfucz0ytmLg/B4x3gD5/0p9XLvPmUs5mqyW+UyLYbIU6is+iE6NLyF7O/x1HSzb82H6uDocbPAOzqB+jANzNoI8VOcOxpYyXuo+lPa7sA3A0U/r5/NZ04aufkXXu4HmppdOzknOgkWprv3/5+/5sZLbffrzkjqkv/sRyUY3y15DcV78DenbvPRa5xuO6wtmssXdj//r7ZzkpL7GxEAZWJfHm3waiAmoK/Vh29Z44gnrBoXWfo1XS5+wIiyhvFPgDKoPyyxOKLDwLl5TAF94MuK0yzBcPS81HyFstPk5+h+O60KGlXxg60f2UyFqPpLQuKwPClNRM4vodGj3D43Bu+mykO7Xfca15U7zINvmJa6/n2xwdbQbSx+Od2iTl9nhOHdleMRQFNuvWCEk0+t5jDjVt2VgfsPiyz4dLssmiN0M8KrK0WkIxhQG0NtLTsjyfQ9jxjbXWF7M8ENlJA7cwH+mEcqd5goP0xTFctJNMo6WbiB2MWgOwWuFPr4Jlro5zOh3xxd+/kphpCe0XQ1XsAi6gQ+4bNlt1ZDVfJ0I/GGaCy4e5gKHIpA4zQ6r24xmxf7z/qxWTMJnesNxjrOESTIyEKJG2kj1zruibGGoC+4HCc3ByMIxMDxhoIsV8AblQO7opdWazY3TddDLRpJYGPoNFaN43tZJuk72PgtvAupUFm9SB9zECEvtZooqoSuwOtG821mn9a/BAna/MBbJS1MYOoi+KYhW/qbYGofu9jsblAFKZDhWW8KfGxnKkmhpmWEmJAtlydB0oWBUeOXbyR2Yzv3dzTaxrWP59aFfDB7zxeFsuzK+mhsa/i3rAy3ymeb1+Yux7PjXp1vNuWvfJABKcePl0KDtZBZs56tE+Az+aCB44w0zUE+dnb1hnvoBPEeQuR+y4cEAvGP3A0Ex2a32iNsQe2hqH4GXLYuHksWYEedg6rO7kg+peH3oqGjeOx0tL3TJuU1C+8GlJQBdL0X/63xdx4UdU81IT3ZYObW6GbR4iXJveywOWqIlAo8RmAbs+0Z6H5n37VtJxscGEE00Q8Qet3qZzeui1HjcJ+IgO8okz81gPT2JAYEaTRnzSOz5EikKw6jkc72CYLAAAQAElEQVTLE0G7MdgL1M6gXpi4G7/Cw+EEYTe5NbTjFERgPPf88K6PWRwy4jxjNYbJWtDvhgStV1CwO2/S/sH2kAUzc6KNKrBttXHhq3TTLRN13jQrTGa5qLHqu8413Y0sW+VUgtz5seH2a97fWBuC3aIsN1ZSqOwghI0Y0K42ufizduzH27vmdgLD4tVk06taEQuSORtCe1HE6xhF0kbWXMoNFUHBamV1XRwK1jxJDfO+teFqWXVzBrhz5ccpx+vZ/e7ru+FP8dEgF2SQO4qhbcxNn4N0+SYhUzLqTGnb/1Ara2xXeONGuo6btv2zbLnv1n0Hsvdq26Xt2sG1mvCQ95OGOZsPtG4+zX+ml399K7Dov5RJsOHexO1P05iq8Ps9ezDKY7HSaLcEuBUDi5H59+9P/ZUWb7WOaQwna54rK+uC1g15sJJY6YDIQtZQok6wTeJhikA1muY+fHxwOu6c9iX2/54Kr17ez5DBbHJvNDvXloRp/B57B2/+edQZMyzspmG7DpG1k3bUmeCaOsVNubAxJgKNsbhv648Ptpc3AnO1R393sqb2gRcDVdonDutej64Jz7G49JWWZFGbbRqzj4GIFzxvl/lW4LwiMipQLysyHB8Dr4GvqAcKh9SQASqNBA6tYc3Z4M4pArq9VqXRvxpBTahsJFC92WCcAdIG//7iLSZBPZBbNnmaPmi88m3IBiKJPK3/5dRtcweD5o+CIlDT+ChhUv0mft85ZxrOtfZfj+8frk/8/Ouv8anQ3nYgfexHZ5LP7rxyx6uxFQQaXZ4/acneQ2bGwJ0L3Fodn7MmYYfRbnsZhdFacM1tvnRnII1eMk4B9scGcy9bMhftWcPsjxp2d00CxL9RPrthZSdUAoqrHCUZlWh8wHNqiq/f2K0DXa6KKiKv0FD1EP3sr3xAW58gycgfE9RN/7c19m9cY/T0eY7YjDC+X/sloHdOe0vS1bbCKoWhwGyyJZWxdXJWAFrXa6mvBvARwC3vL3kdf4O6D9m7bem3isAVzx4KQ/IVulNfr9O25hDl7gencW+b0Y6eSKsO+bD7kJjaoRxUB6lvN+y0MbB8A6stqYURV4vJH8Ucl1/I77Rj7Q2mlpgJxhU0S26NdZ7u6Awmfp3cud+Q0uLHu9jzQrYVcLdP6nQMMIc5CC4iPiUMG3EPmAV6SR+yN58fgvKoENlSsbK/RZoP3QnaTLJJtBOcKMLjXtTaDTLPL/X7+64ZK39ES6y3YihgP94SrZ08b/ujtEfH+EzZTYtc0I8/kvqgt1SQ2WRo9s7WwYgJKzP2x54n7+0xZnq7D7itBTb6/oWQ2yti9/MUlrvaYT8soFefGTNiLZkf37NbQJqlR4vLZZPNfyMbeRd08sVVjW/arqmFR2aGYsbZiT2h7sUd4ZggVFn6yo6MpUD1g6NXVoi7uNaQU1YCZZ/SZaHJJ6JeiVPjovnEWNvezZFpS4mLeLaBwTUzJGWwkCjOJJ+5Oo8B2vhr4c5RZvIfBgOBFERzozznzum1h/iGp/wI1Vjmc7YASY2EgO47rX7V/MP8nutCzLt3NLivPhyUgE66193dWh2eMSLv9IG9NQlyy2jewH5L7oMKKkKvtXDawSAFdBesgLCvDsmtTis1U/yN5Qo0WrX1ykTqNYRqI+5/xIJe1ej9Vn6V7EneEPMsS6eNiPKrizDjVWP3hpwaUnlN5GbN9lZ4ormujO0M0FN+5Xgm6WyVOpwLxP2Pd0CSO5zM/3z/Pl+85XPZaYHb+0ShKdYFz+LOzW1dFzeVq7d3qyKm8N2al/SUqDRvLQcz4f/9Goso38n1HE1idPRcNNvpXmN0kc+zFHg8isZPGkuB2hwDvBADQSCw+aZCelBLGod9aDLALp9VPx4LvntotO5RBbRwQduZnrbCAWEgSepPbAQ+KDLH9UC10PDvgdGQoMfwhprwtM9pOjHyolGxmFFB6Ck1HrL5K38RyPsGPv4CGtlXqK1BGBZm0CAu1QPVUU02WAsiVVwQJmZmqqXADHCxZ1ATpmsQy4/ChT4lMoBT2MTuOrY/3zOGqjkP5O4SU8qMktyPk3FBgjzwkJLxmyjTbCCKhrEg7zcLDbsuyN/gXqqDRFD3j3ilnxqZCXTfezNv9DP76ozszV47vY0oCMLoN5N/rGfIvUh5NaTbK0RBGhm+mGQO8nts7VHAyk8pkZOd+K1mzlNeZ85B1kdGT9iFyR41bLU65CWB3ooZh4gK2gXmXsZo3V8oSL1ScGnfcIhRtzc8wdwfJbgj042bgsmQ80Ji3sFtNQKF1KdrN8HdFM8TdFfg3DbQvpczQOlFMsnDnMJBe3q4tcuqbuO23K9Dw2LPfE96cOaV0AnbTqHw07hpj1ATHYdFl/JDg2WYcjtm+fKgqQTtuZnLmSh5lJQXx77HptgfH51GE6DuJ6Ib1RvCKL6yy4EzTM40MweS/jhp24u/IWvsh8TveuOHijrToJeGviPS5YcMxexUJNhxgC0AL5TESYNjm0I7tXDlaCh5eTs8ejY9AO1mXijvaYGisdV9g2LbB2A+ZeE3r73VbCVUB1XokRKQNNOwuq0zoq3ZVG3n4aq0m6u7zjAntQUhoqB2h9xudHvcS9tf2uNQnt1/SJgFk3ctxdLQ/us9D6RN4YxFc7Ty42b76dh8YAlZ+oQf7OSA/dkWnnjpI9q6aNpDYzxb6dUdQecnwZL5PVNjZWfKTTQIrKGPfJB6/HxfS8wUDCdUOT/i+V3FXeV1naawWK199/he+OB3p95FNNomkT0KyixoNBDxkEpKhqiP8mHoDp4O1pmCxElu2eUnjLZD5P/lHuTvc27O79jzfe6ndBVhhh0nOebux673tWExTd1VNeYoA1C2tnA/Yu+cHhzVA6maYlnqCTtfVyRK3wyuqctGf9HmDTS6J9Qsw+t0UL75eA+1ReiRqf6KHpyl0ZHBzqnhz952YO+t0RzH0sYP98Wnv5e9LtCKBthalrLzxSMVAfvlFPfJagf9OcT2C2PRsKUQi/7sYHt/y8qdXOvepv3pwNQLM3pdoA25N+LibbqofrpypA50Dg3GB32oV8WCSdkf34rfKroxaR3ILxzHCOHJr5rgwQLMTwaoxiywD3iFyT90aCiBgSzrjLqJM3nVrnzwxafmlZXd3pP540PC21VA+qg5n82GaSqVht6sdCIHuf9RG89uSnjn7wSuxzt5jUQ1dIQeZDZ8g+NxxtFflMLJfOJVoSmrwavZH4FuPzn9dJ7HFST2NUD/ORdnM1jmmH1uEbgRfmPReU0nLjIg5vZkvWsFLiH5EJ69LJKqmQ1bZDK7DhKxGZ/l1Lvk8r8azxceckc9macPDU4yDjtqwprzQJWzehPOp/6j80/lNWFajsehoChmKq3jibKncyyK6mwK6efPauuBcQYQBH9ZhSR5rOTWNksGSBTgfHmSpsuv03pgR/y35Nqg//PSv+EtHCSAKtgIHCR92j8Rdu+b7UpBKdgrBq1e0D2rw7vCv9F5xIPAn6fi5GngPk74533ntXxBIhgOW6SWwsmTzhwgeTN+zkPWWiF7S4busF9njUFbOaDzcdvHhg8Yt05/bH9zUGzwIA1Ug6ZvFJ+TGdkfbco8YdyZmfYLp3jX6QwDXFdFOm1k+LR76+p35JI0QwUkd/GuhsWrndsuVxZb/+bymMv57oOixx2ZlwZnEoG6uuzGzs1Nbw7mINyHFDXATQE56O9+M7xXul9mHYfXYuqe+DPNstkHfoOmM3kLER+DNBgD4CQOZoaT+8ltgzddtyQHp3LeSMu1PjdsIKGV9+7CN2eX4+W3K/46bEsqh3T1Ee1+P2z+e+ACcJqIosFgvV74TiUlYxwf2v7bdYG03dPWjWq17RSl3zl2wsGfgV6WttobTeZdy0hC5xLelReX1j74bv4lqyhQxH2DYgp7oI/GAE+zUMlzm1MGE3lKu/kuGXc3/YnxpgK7f1xUj2Abt+vgcPdtTNcEaLMPWekCwy+b9ROGeD3ncjCfq3LRd7lF911PMIoyioOd8cG1Pr2mE+VN56qDyAZOheIWVPyyyhYXBmHlVZkyQ5fwriZsc/SI0jmYdTNXNz9GoT9A2239uOCoxL5QmVmPQdsUaLuqlyKaiyvwvPrHGHpQZ+iXc5E+1IG67A59ar/1pc4ND0cr8XkRlvaI4KaoP/zJWlykBYhrvDQYirsH8gGl/QBniBDSo3mSu+uBBElwYJd6CHsJMXAXPhuoKjEHCdiUt+tleSNhvTOizj1/kn5ktNEQ3OzFfLj6t68H1gLwE36aa+5ocp0GyxnUHxlM/q5gI5D8acL9wcH9uo1W/amn3T8em/ZmGiy/qF5cOC7C1M9tjE0GDneqj/+GzMkR/iRgb9nPnyqsvO5POd2f/URuTc1e0XZRxUkIu4nFrzMWaGR/+msOCmYvE7RPDALAoAvspuTYOOQnpkfSQPfmoA5U/WQMzaJ+nk6zJR4rPOQ+4JT+pLQTDooLSZJe3tgGatriWX6T4ctFygyQvIbLFYv9mYnUVxbPIkVMe0UY19jBGR0JQRuq6PKb7OiUCxP43GeAK9L/jogsPPHkcZ4tdSi0AlxWBbDoG84SET77+7WvcxJbX6yKIGa+bCQFW35MEO/5MpAsJEffP2oGVElc55sweqKcJwLkgA99tXxXr46fxADL3bqdE94kHiqBwVZcGZwUq4tLdT9LQIVVBLn4iVg3FlB+TFQp/dESZ3sCIxcfQz8LZvauqkqh/nSgh1UEqfrH/ZzAg+uBcx4npWYHxWVrDguO4X6u3kUCrw/LCiClwKpfrQg/jm2VET6TMwecihXfGfDrFFtTZImDQAufdl6VOhJ9J7hflFrrEz1otHQc8mteqrh5opRsJaUbGqpLg39TTK+91ouBDnjr+WWE3Bot06N682np50VKioSLPdL3BeTvvS7zz8asmaJm1CCedujgU3TRwb0LL+HQE665HvC/42PAS3R+rj+vgaDRv9qgUNXEBH8t6fcfOzeEUYnhicMpMgBNPrLg3XczS32S2Aj8+XvciIy0gOGrkRyQ/H6MuSLQywTZr+AaOWDfOyUKGkHVWJ9q1R97PSm8zhihsdYXzAeObuNecUgfp5PyXUBvSs4fDRwWj/uTgpX/TP4rd2CwtxFonLVHCJsh9df6N5gl80pG7g0E9rpAt0nVxYI/qXiUBmN1oP0xCATHUT7bObaUat2jjY2oJs/ej59XCvN0TCkjwSO87YCb/6db2/m7hn/eTCQJMkABE1xJMWHWjUn5trVlaJpNXqMF2839tnp1shh1B3fFtLMQZou+a0sOq2FuJvo4+EmQtG90Ket4Mq+s5wy2CGgbiSUndbYdL7YUUGv2IaiFt+aZaz/4ZJYEso1fY/tsR7tBabyWOomj+lFurmOnE7T2Ve4qPHPB1NYgiv6xi5MwWD6HyJYUbilzWvtp32vm29KQ1KtkjeR1o7M+lbj/kZzUrg4bxI4QjMWStQyke6IksAAAEABJREFUCiKiaj0RfPtTdwNhanSwo38akSN3FrafpXeb/nb+oR3Pdt3UB7hrUOw3CQl8ubiV6FxJvBfdYUZCtjnUiwOLZWVEys4Z35b0Dq0a0wzopouA9kmt4QZRoaBgHqzr/jeqOJI3nWsO9rPGmeYGxQG5qyZUjT1Po6sP2+37bqnxeOXz0q2x+X/8l5tnPzI2zJRvYt5/7vXaWU3tGrom8UkKRxzbCk5yy9b9epebGvM2Hool514uu9pmGsPpSt4O6f0jnfFOv5th2ED+zv1C+2u6Sqnj+4XSx9nVG1bsIonW3CY8VS0PieOaJ6PExu8avaAURJfiKwqmXfvX1gqQuD+Q3F9bDmbNm77yDx2i06KB7GOrs1G/JJqwjaH51948TE2W2LGrh058o2QmFMpd+ItjGg6vQurlSu9kOVWcZMiKlNqNdfOknNwXnhI/V6z8uunGwPBYvGxFaArJRypCEVAL4iGBRnCyuDLSAio1kwP6zzQx3TcoAs0ANdgwdveZlGGvHezNfahB/+fFf9Tr/3pbEMPraGjsvOfp47o94Vxg9nezkU85td9wgvBgL9AdGkPuFDq3u47dJbbTx90kK7V2YOUWYJU7StisRs91ge704mCgdSINVGqiDgzx+rOzfcH+2U8b3O+FpVz7n2jjr/OwbNpj8wbqkyMLt7V2ovAM54O8ZO47gqlVDPr9+h6Sp8NO7neLwXd2cO96sW8PXBWQRBImS7vkc4u2i77/1t+PpNwAp+vetEYWlp7xqwqltwaRshGUuRRT1tO7GNDjpa9Db43hoIucLwv1xjLDhG9kJPJ8Rv6oR2+sgcdh5437pqzceVNX4nhpomGwsXHXcYbMu+tilrgThINoGG6V3BUcB2W9TjgUgrDwM5nsylbvpHaVTvk0DATIn5Nlh6fqdrbDROP7VIIo1TYL6ETWUO4RAMcz7vrabOD2yGWsB04sKSVK6S2C2WBRtbl0bZ5r7yxIse/mviuol9ZslmuFxCOaItofbxboSSKAZZ/Glhh2845kq0E6v/h+kzYkQpG9lsR+r3mb8o0nn7jYwX56bE9zp+6ARq/fS6GDpZh8+PM30yWt9/SE6cHu5zfxq9fCe/QtmY75NtIHt01Ea04/SU6iSxLyqkF0OJMrQgSQPj2kYTw0k7nlODu7I25JT53mtg4Oi68uJt5o5+jdHEjik952J2ir4g/NzKKNtp/chkG7TeBMHpBuCRMlMS9+zEEvX/AHqd+XB27PfanqgTNN9uKj8ymXDDHVN4UF1AOJWliKCggNG8Zkt7+DWTjIdwvdhhF1gJLbkB3CQokXHcUk8aEVtrO5KEce9DWA3nD88JCOTuaOa8aSfV+I9pz+nQmfyP76azR4fSQHVN5AoArD8aAINOjhzv4Dj1dynHqfhpk8Gr20lyH+5uPhZuckfWbeZy/s89b9nAxQualjpxl0Kj7ljew76aI7SNjHidlawKp1d9oxttEzcutDGHSBYTKaXYBddI6kgSrMVk497uP+p5mey5uV37s4xAUFWYw6Q9IKTu4YRVw95tZpZM5meLnUST/vV+zcd762k0aN2uEppYcPDTi07sTF5oB89Ku/lKYI3lXYd10ctXg/jV+Q+6f01uG8mThuZMro/me6t8sioIQS57VAo17BUTJVhdlrWDfXOzpANyYerq//xW+U3tj3tqP9QesO3sDh13pJKOfpBP1oRjdvvQc/EOCfrUVbT9zLpjfFvhu7wj+HBx9ID7onZvhkinC/US2E4L4lvaP3H3JnIuZ2Y3jmNx+RNmdm9WE+XXInnLypExKmYA4seyzb1uMCKkwZo60RpyxmPrkA+S3E9sN94/sYUiq4/XCoZUozLr5pXLlf6Da/91nAF4f99x4p4TfJJWOcIz882nK5cBP7lggP/qSKnyIrQPOprlrvmbyPuIjegLqlUel3jK8VgVKEvVmbKrt9np2NtPtaxIzJvx8oGk8UnuS20rTw4pWGa/EabRWEDSKyTLn9LV8TKn5KpzA5xP0i+ZksnDT3n2nYD73OzZKRvBS8LrOkrAmPI13aybBP5jfxK5ov8uMipc4Z0eCNv57AoEBSeSkwaiislTFdmPN598K1hNbwvDR67+KZ9YiM+PUSNVSzXpX20z2YDx+Hanmk1BvfGVyg8dK0syaoBxte/uRe3U/WBDGDHqppcgYFexFhrxYc92RCUvYTPoOJkMHnHxVWyOzZooq83M4dMWuNAZrXtDScIOz2EhldnjP/11Lr5hU52A90kWgPESYTQt1yS5rb1gkh3TnC3fftyP/GORWsWDlB4UgdSP0ctPupg4KfR7GvRjf0V8LhOEHzntksRFzFccYr8VVUkIb5FFa3kPhoBjlhx8PVHjgr/ExA2PGg3IneMx9JezyP7w1a+TI9YF43+dYsf+q8tdiqaP0FL+jwb3RdhlYzYfwW03uRDh1d8NOdSfGgPGM3MPiln3MOqSzkz0suBlQr3Jw6EKH3SkeWaA7TXC3LIpxfUS0GKByhPtuAfn4Fjne+FzuUmy4fu4ag7PmZwXc5sh+FDMDzci1+W/rokzZhpyA36ia//id3M8JyRsYKgw58+etvO6gn3xt8LlFLcPNhTz/XWUI9MEkGlt54/rXOWiSnEgU+gGF+SLOfEdOytiBpeO+PPDcLRKM+4dP7OYfitO8RbXSJb0isS1/JMxvqKTNCyGaFY8yk6aEXe14W9YDa8VcU6FYj1JMwvk0wRmM/M3CfXRxe/SM7wyqSM8pw2Yml5WU1nw3YjYzWyTstcNPYisNyo6sHpL54SEcwyps5DpOZUmz26edIK7MUOKJfXC9zgLwX8JN+9mvstkfEHBHPF3das9PbCVNP4GSp/72y1CNKHhVXqwxjYslMEejhHMtj0GMayGV8NlBu86jKhzwjXBaffnJARa+XzYjz8O+4TN2DHxfowWrsQznp8b4vxMG56YTG0vQG/XwY30cqqP16SeD4ourFfHa1wurqdBACev/Yg4OtC17Y4Ne0vBlCTd644LDhk8JMV5j69m+dHCjc/f8hpcLRwWaGmI3Czxn606ptwwnCbhHNnSBsRSXuMbL3m9dYmwNeu+ctArpDhLufRv/X9S5ardk6aBy3ej7T52i9r/oc2E/T0xBnTm44Hon5W8apsZDw3Me3tgdGaWOjcKl4J1ZuSUvP+cLu89Lk71VM8NnrLMUIgyIfJN9Tw2l7LnqXI9X24aHJ670Cmjptj0tzH0wGmL2p+C5vEg82Wjcm/3dV0n2Nm1B+mTpFuvTvAm/n/k3wL+xUqbSw4OraO11L2u/+2XRRTimFR5JnfKeCC53qyI07FKJrBvTievY1eXXrxuyJYjpmphOgKEoVGhSBxWYaucdcB7n7wHo9gbgPa8mBPoLtB5hutz7YxqzKjnjr6+mtwhuPQbvfkws7XzDvfwadcWXOnZTmjEaqIk7PtcgyxUnf9ocHa7/4J1Y33aZsSJ8+tg7UZDuDl+E3Q97DXPxn0r+xsx48mvBNHdPH3LsukrzR2GOzvc+cIgyRS2HRq/vAv3sVfwLHfjbpNbgZtGHhRz8kbPvZjiIaEtcfMJOYG/P+N8TMpQpU3xVw84Mxjgl8+ZRaQtstAtuFIGbmNPlwMv3y9DxpSLsNE/Ed4yh1foaFZXUaMzncLX9oMqYL1n14wOtSz9GRhxLCYW1pbQk8Qy14KJhZ44ZGy2vb963/JX3qSkjcxbUbRdge6KVkPKTjsORNXqmOvKXA6JqwDNt6ywkiHubampDcwu3dabvu6azWPSgYT1YlThNdkccGU0JiQcy1EyQ5I8G77fUFms7mgUsqhfRL13ZuxMk5soXgatUARfTI/AypSiiPftwEgp8nnsTA3W1c2khcD409P17bE1nPzY5QbJwdi2HOk7/c4Yp6q2+T6LWxq26HxlbRLvrlgskhm8v3bb6YJi72V1xP81cOGP70FgG9fEF5gSbTYONGBVWDO+VZeaGDIhptfe91h8MM6ODnwT/m38f8bJ2pPv9Af4Jw692xZw319gJZhS6TNrYAraHB1kyoOKVB6yKsa05Yf6ntdYHK2gt029LtJKxraYjCkcO2f27W69kqFH0gpmbtaDH+ecH0XVh6HNKuXwk6JQiQ5cIMvSMSXN55q0s1ntpcPPrig7dlQJgk1jqOrd54+77EyCcS862Jamfv0815UlyuyUe8auYUFGxC6PuWd2/CieHsVJdtYE4b+ZA+n7r3SOvOCia7vBDCWoqauRjFdgWSNswp+3l25csajEy4PSuxnl5OvHNa+16UvmKiR1ydX6nLcKPcMNGTtgtwcVgOEewEKm8MYOUmy35w7qoGTwxyrA1vPa0DTy5qPCDZB8iPgLoS8CUu2N8sqqMO5iw7XDR9gbZsZeScBLqcMMCmYaJHZ+qm7NGPw/YGbio5ZpuI7lKfUoRdvm/sNvjnYEAa7OIMHitRrpAT2x9obSxEPBV2ZK64qR4Ba91Yr7a6sVtYZ1+rn79PBWwuvb4/Y5jgmJ6AWQJuhc3Nzawe3xqm+w5gp1ztpNBZFX7SJI0My9rtgoixQjDbL25DPbB+fyn1WfIW2028t65vrApEuK4k8/tCtiAnCzNT85EFIa5qTDzVngy2Cyrcm0fK6Z2tUnmiKjuHs5pg12faM6Hl3QvDN/HBTDPY3HBCYhblYOzcKrGi2e8lOKwTOjsdKUzn3hRi6QzxaifWhJ1ZUBP+TrDcw7hgnKqrTCtgxoZmu0w5GwYvxa0RuBEiH+8Wpp9eippYOIddMbQna6XPA0kqcZo6mJReb+CniM4ODU4OHdVILjO+KHj0+ExxsCmlL7QcfA3yOHGCGycMPpGGhyVedzALpzNRRpM8EBcVGcJx1VBbkx8O6JjjgxP4rqRJNN8fjj9ebMEplZb07SGtXPTTAnrkonik5neYjF4wXAg97n5dcrjBGQjs7XZrv6neKgJHhgP74+/6+3szz15fSP0Zib2lQGcmbDAfSEE6aK5+/N/DCcLd/Jg9Rtjp5zjYDjQHABtZYDAWaA0IGrWfsybY3fb1hwhbUaIR/XHTel3g1wWDdGvlCK23S2jc4BDB7nWql2YP5xj3AkGlZsN1v3t7R6Hpot1bUCS6bPZTkl1UKkI3hrduCXLP8ROFknzYKc8AaRux1E3JgWSjcNx2UO7y9NvEcOqQJNHw2WrUVEFUeM7PgWsA2H1YH5KJc/4pEUkKOP5VQRTe0sH8xLJXlZu7KFgMTShcFHeV+faY6U1E3TbemmPj5EK/2N2/2s7zRI/zL+3NWDh5H8De6pe/2+1nRNn19mow+tV+hK9ndeBxD4YsTKJblbq9ElB++KSEOoAbqopNzc2UY6uxoS/UvalV2ZMkifPxmWct4UzmHx+QlL4Kjqi4JHeSSr82E6YL9rJZ6kwoJPHGioVNENTbLaSc2T+yhbi4svGTUaJ1n9EdXL5oaB9yXQGTNb4LayfDhTTNVkmjzrEIVtNTFjbi/OMAABAASURBVH54slN7/t0B/BysZj/vf3ZiMF0CRwbnXKFzBYHGFkF49T0nR85l0wX/u1dSyx3dO2T+48UH3dAorj08kCeSTg9u5dcotLWQ2P383js/cOOr3YmZbsPYooJK5MrPXSy/dQdOpLPZ8JGbI7JHZqXz97NwWqjtU6Tn3aMnELM0bGvCI0ErImtwxNUf/K45t3H0lkOVpO/M5rfJyvoJZ1RafPWXajZg1ZV+rdCqIZjKLOJjX2UqdV6ocfPeYfd2Xro4gdceFcG/kgkdztUY+gPPqe23EYWDvVEuVidtJZJ48XD2lITMuZN7NdIkBs7qrBZepORcVCA5HB/MUQ3Bou9YfFH89UXYUsAXHh9Mt1e5M8gZ1Zp1iWk6kzZfaVv6iyZfTbSAqm937fq8PceoP+rX/+dUHEER6OewG+Utm1M/gvNt91TzZyd6x9P+wQXWoz/N74+1nMR+kcxLA63uz+6ttxJAZ8dP/RgLNLso2KsVbb1pD6e1+45b776xF9haXaDTCgahoXmOe5GKMUVI3pI3e4+z85Afoig1aATVoNOUz7SaPXAuMq+b/Lx+GV1t7g2wegDm83bCTpF0SkhOELzrfQ9kXSXaeK3KhTkxUzdmBdgcDP7zIuGmE3GTcNLUbi60M5PWZPCevE4RvTp5ASXVBBWI+8Br990Hy77vG854TPNpzlE+9DTfGzu7iLKM6S00abNX0ZHiaCdZZ90O9sVB4etfazdmdF2wxh8Ttt0Z4tlv0RtEd8lczNEO95YCeUsKIS3s11mEToSxD6Ybu/OtmXwh7AP8XqKNFeT9p9OznyTUn5NFVGbtZYc36Xvpo8C62S5FqtAY+IVHn4TVx8plN6ymoIKIWINIP8l/dJ1Vet9K0FrymwXbyzNA2gALYLfR8GfKW7nJbveqG9rio6T0onZzPaptpRO3rtuwfgOJV6zSzwPExYztC5nOsBkT03ZnIClpRIbnfWAYTlJnXdhE7A+0MTA+nkbuGHl25wSddV0cgTs3Rva8z0/We0uBOeRQcfO0d+F2SWzaCeSNzu4l5I1DCsn0k1inulun7pQ6Jp3B3PhSm/5AY0wFUrPYhp1IedkKdMzNOTAHyNuVP9JrZ4kcS7n1EMWOcfLHzbBzmDemifn3MVU2vPBp7a4wR7JhPPgB8x587hXu5gLMJx9RX/D21zuu0OhMrVvWCqUJlW2GxNQBjSkEi1sm710/tT5QKdiOZu0sx9r1eum6lRKSKgJzJwSFHlECp2S38fYXAleOxsmP01YNqMmfEsm0fNdZ0o+t0k1AhC1zbkn79lK/QvLl7HlAwyzRUVGgkFu7ULRy1QwKTOb3lnTSL8wLuNlcL4VDVq/cIUAllTfy5wisb0pdq55nwaChEiU1als4XFPuGDfl7f8pFcQ0IxMGFJR/JkW8IlD5Ppsa7WcYmQl0dgS9icHwVW8XIKyMe/mvUp9+KsDqAG3Rd6JCDl7x7ipvLPDbGwu0t7PV+VmxkTtEmN1vJyo01UnD1hy9NUpBzkILaf+wtVgTlqYGdSCrXhmovAqQKGgEf0VNvL4AScPv3lScWr07OXTy+xEy1cdk5W/+ZcZFUHkM3tWt8KUh2caX9IsaqeGhEFBY9aCFdZvDS46PggJDrZIIls8dpJ5flRIEEDSorpdvu4+9KTgaPqpDPqW+nRlXgzspwsPDMu7qykj8R2HTzw1zmHxj1PSh1edMRabF++HSLr/v/3hhOO0dECOeiYj3xk1Q3wva6t/f5r/c840ctgQlfJGgLcmVj34RnJdBw9CsYBmEsI6KScafXt+dOT2WwaMnD332I2Z26vCYLWJp40oa+REpPIuY9Sf9JILa3STXFp0/ZFPky7U99VMMxzoDd3VmklZZFPaepguO2HvSJUqVCd8PCOLw4xFQzuRlPOTmfN3UXOFtAW+MwqQV35KrFNrC1c7whREz7SlFzMyckEUqpaZHRCXN0dNx+9VEzUvqhKOx1PVg2s4aL/qj7xf/fHPIxeuQRQztfktDLCRE1mTfXvvawGu7CHTKcEKMiummQG95UYd/Ijt5EhdLQF5C+gVg4uvsZ2SIvpNpRD+P3JRXo197Oi4HAzb3lM8yytJ60EustTK8yE0RqAhhaPI+z96d3mOcyr25w/0DpZwuKEiJhLnE7RNzO4XuVsIe0UafdnFUBBIMDJ45UUBBGfu7E0LdxLUv7gew4rFB4oTmhDn6EEbgZZVaZ6vBkhfHHbzqAE2Om6H1Rxe6B/3Ysn+QJk0MeS2g6oegg4FA1ZtvMBt3SQ2SPL+CpYeDg90Irrf4roaVfnLZKNwTvKS92s85GUL68RPjRqTn3GV3Wq99a2tFekEuaKYl7Pmb7BR/5O8xLjVKf3VrbASaN5nLrXnK7j0ld2Jnd3PLfg5OW/2fqWx7w0XsTg+2HnNF0NstdHYMXXzx0o4nHxyeJ8Pkb+1174sdiNtkzxECNVGB3H6t9tqwmEq1fO2b7NXGRJJJ/6/Wl/Xw4uDUS9R97WTzvrEUaEx0Gtnu7D5VPKJcuH2TO2OdfBWQdGkty60SpBPF2ux70+6Dr1Gv4fx7Zi6ciECixjVrcxvAW++Ofl/Jhcm3/6aL16iLoRyZPw5tbYWaboC+d3yWLk9HYjWRjbYdsK37eDQUykByZ+OaTho6mb8uhZ/3lOMM842TYJoiEPrCk7ukw04au8rCt146GNx9F5nRinL2cos/M3GPiOnQieEHc2iiMRj5gM7fT4Ke679rUwisGQDVuODz9ROeERXMQb9tP9bYMUFjmoHNnoAsqqVe5Mvr1fWUDdMXfLChkw7w1T0Idx9ZM2mK9e6cP09+JeHmRVangbDzXnaf4GrTm652mCq+7mM8H9m4aUQiLropYJ9gS1+Irq1hO0ONmRna6hJfFjXpCthSZlt0nXw9QM4ogloPLYsuLX2XPP5SO2j6xbqxWWAtSHeOGf2kvOROyU2rax/OcvKRXvHjhRL2HAkma0T/p8pf7rgIR2u/nShhqbkWNyw0JzqdO01CUOWIvkz0xBIbgh9zkAi5aVKV2RfnifCHeB3H7hNprFmUCyem1AWsTfgsvFz7mlDgLxK85AQJ3ZNmAWsizNrIE9UCd7ftGQoj9XZ6VEF7ZQaPZK5/rPOmFTBrpm6KRBWJ91ZECsUFxA2PD/aIJq89v+bMm38KvojFjA3NkhnTlh39DW8kLTiZJ8YXsctFJgY07YsCCy0iB5hGdRgbtktBFPcqJJQXgxRUoV02YHklkKXnKNGwqixQ49YNz6dPRGOaNGedxM+QKN7pEC4sKYYQT2Zj3PojhXN5/R+j4SSpqbFA5U41GisCvQFLpwjUXiNoU8ru8FR+s7P/U7OXvwyGkUYWkqg/d9i94uOkiKy+7shfqwLsnPh6m1JOw8jOMmF35asonC7sbAQaWntr91Trzg7WqmmdLlCzF5u77qWJWApLcU4aaEUKTvfHTmFopz96JaAaNIKqH4azj9nJcs72lKE25wNYk/BLo3slJrVwS2WDJr/sJ7sBzKfFTaXuth0HzkqU2QZ5aS9fHl7pIDze+2Qzv/ILw/kXwmVS15gZDVGYaedb7Wr2W083vklrom0e6KpU/ro4WL5PniTCbl6Kwp6qwrAdPE1GFqtlLzySWNSWOzqwJ6bZtrj9qkQkD6040uNTR+twVtoVxXDF2DTfVQlYdFBFLx2cOcr4x5L1rqxPEZmGQv3PS+Enf5fUuVNrcBcwX+q3AgCzV+dgIzhIKlh032QwdAppHNLe18FguLAfcGnaDdEV8VphW0yDo7ZDaK2/t8d7g/llUekyz4TeZHTrSoe49kjsExZ9f+SlvH+DPVDAjPmFfaEt7orAHd9tKb3saMv2hUw0DB5LXNqjnLtBcefmQwSVgK+S7jKSISHSa/bAWHdiRftb4e7MKx147739vsETarK66A4W0TnOjc2AUJUWE8/WzD+5+lCdpKjCsZyetHgj9cZzF/ZXbz5M0T5IQnKnneg0bKb//VLdrFWQj0j279yoiVx3KObgi2x5XjqySrgIbhdOeGN+LN2rVhBFaK71cSY1LBmdgxY+Lbw29jUXtFGuQewWgFcnCU9k+tT+P7JutStI9dZEttYjcuiwpDdK162WFmjl+HvjuwSpC+cNfQq7b9oOjkXBv23SL9f8gM/+YQ0+uw2R+ABcok9yykhiRcVuHeXZ79T0ygl1kgSn07m6edxWb9w3vFhFuT991s0R+eOD1QvZC5Q1oG5uEgyQpZPJ4ogsJsb708OPigKTzxRfdsKP01Qp3xTKZ3rWHdy944irufANrLbWA/hS7Q7NfZHKtUOPu9Wibq6w3XScFsQDPg7tFOOgAnS/Z0JA8uK3od2xuY51MObnMuFYEdhwbzXQineDq43VoY9MBg7/tDv41wtevcuK+0/h+GD2nvG+bsfGApVy5wUrWz9a2azREBoJoKkvzdkj2ni7bbXWbTvRBVqbVM6Miy1b3DofWzEfc9AhOnVgOBfK1sLuexupTiM4aVj7pUk/hbWfbUxYtPYhOIMse62vmWauznjjnfaE6F71n3qFS2qt56b+pd39Rvupn3zcLg9vvpjRTgzkOjcq93HtnELDd/TWdexGWFPVlG8eKP3kUWMbAGstj9u1F3DqNb/b1hCXuy+a+mZzi3OevskOqSTLkDsykZOKdm9K4gNFxAa/Ufqqzi0v/nHr/Iod5YYTAaZ+SbHAc2vYRPS9cn924ADn8/6Np9TOizo3du+jaxEOOOczjiyykkZpIpfswKZxAwJJPZj+7JTNt6V1bu0dQRanaXUJPOn7Ln9y42Gy2+bGKhDO0N86e0Pm9/s9hbrZMwZxT82Vpszxymd3wSz96rD3MN+qghRpXZlgYnLsmi0CZl5kV6HKwho/Mdm6ajY8dorKbl2dfUshQZK1YSTWuWTsns6D4nYS2xm221b+zvWOzsSVSdtwgoR0VJSZzMsFaxJKdpaxOFfeK39gYI1nm+C3m2oSefTIgix0L12qrNZnYZJecdZjQxPnr3T2TY31aHI9ImGHMHVZ5cSZRo5XAtqdQp3jXy6jMszGRuDcClw3OnalgKIe3iN1NZhjqOZnybargdGLL67axb2Fk70K8er94TTIEnEpcoRdLbYn6rC6ox4Q1uk5FWEUZkpPdQszR96q64mWXfzpUnLXLs8r4YW56iBvzGlrTeeyMJOw1uWNvzb4LXTmEIlgkmq4qnO0ObcgqOGJfPATlmRxXpXO9OSOQOr3Sq29KZEP0islTnenB5Oxbeq37rz50BPJJqs8zjE7Ubx/tlg2xF2xPSeOP06z3VKbWYZ/Xk2qf3jSmg7FKmgB9eh6MB+o/bot+VnJxt79qwjU4bZw3DD5n9zP8lGvgKDgOf/Pe9N+/SFvElC7saDdJeVEkV+nXLQusjldwx4DbKfRwyHC5oWtPSzY3GYskGj7fGtUfrptrFFANiXKh93aYXUNENkNeb2WzHtDed0aTe3S9GEUAAAQAElEQVQFhiXs6aQV91E7T5lw22iRTdtg6IvOirpNDjNh6glyk/9R4ZefZ05lBHkNZyTKHI2+bxsjQ8V6Dz6ptT8Z3K7+0I9OQCXmrhBvv9cfHUpOFVi0lCnC2LhUiWszgJcDrO56uS2rshp7aeY5mt8pYSEo2hmHcZL3SNKXEakXxNURSW6xZoCFdbW0Ry1fpk6Zv470vJ0hdLViC+Hk2tovtPrHXYRNIop9DKxOMxzxrvh0yNvmAVj1u2GsL3j4IqdAMMKtE/WbBFcAnDr+4Gsp5eJVTDCEbafae6M/MlP19jL3HkiNaG4lYjZPqNbh4W474W2sASy9J3WAY8x4jjhbBtce1uSOy6TW9AXtKrhwDfi6asu9iUZ/xkXFrk/Jnyagd/qayZfwkyrf1u/j+bcLd3q74ePdbHyffDuiP5juPncihVZtKhmIvHFI39AJXQwOWi0Y9RNc6ZXBM+Qd+QsnUrShm6oz02J3mTiX2O1eqXtPthFuPOyPkNjqDFyRILM6P4KIHtnKXa4o+GOy1j0ndk/Nk0acte4bJrlNInp7x2xE+3AqQX7ey5wobtaVBGvj4rRQ2rFVzKB9e/3X9out1VipXZzEeZVuLiSj44NX9k1G9D1I8oC4D+DXgJL1ztbdsa2BnSP0xoF+bz0TM1KEAY2Ijz5BtvrM1LeIrV1M3HEtPJaAK/J+RCPmjg1tc/cJBUTOA2zdLs5U2q0UKdJ0Rwykrd4iZON9WMORmXaAfCIGUk2TDTeORQlbTfl5jMVcZz1avByVflEjUQNyFL9suqkBUSnZrnGlpfFItPyGw06UudGRHnpP0jZYPA9wX49/F2tCg/xE2S6SiiJDYJM7yfOFKwrHB9P8xv6Wi7nqhX6pRLmmMN1eqdAZiw/H9hOcI2pCY6jLFvhscs7nQV7HC/XA6nFwKz4IZ90G0dr4hIpBqzeRA4bpejU+8NefGkxhRUuPThl2EsDpwcGsgjkYGm5TFMSH2h4i6tzXH3bivBVjgcrKAJUZJFglQWvPnPKHCLu9JJq8rfXWqAnZHkhkbAXavgT7o/r89jtyZwXTRBroFmXsW4wekPtBYLAg6KOUXbSNhIH7w+jwnNsSbQ8sXr1PiLBqoBPfLhE55b3wTW+uMqqbm7obct+qS0MuDrb9mnrWLwPSxmmwiukthapgCXwSBen3M0lHn5fGoDeKYMY4H+kzqWNGvO3s2Dr6+l1hE7DRduskdoBlmfDQJDqJ7orG2ArV1jrOcI2FHbOIyRFZrk5e6CTuOS2QaWNFR6gLY0ZEzNRM4qjp9ww4gyh2pLdtBVrgZAT7MiWxS2drD7e/pOukkTfHPEx5JIj0iPo8dTUYQZjnGdrBM0FPrZpJfbT9vOLS5qxAm/aTIiCqjtj11CWp4kan+zfGhFY2NUmC793JUPyVvD29pcCFG1l01zKympWnogM/Gloc5yfOgTHVedrSRCvv0GGrXBOsRueeXJ68fvQ5YplKBEmPM7eTPI0Zvm8WK3H3LXl9fi4TCvKc3SNkd4G3Y0HYhTlhhFwHlnbx1M4r2Skf3r9V/F5hvzF54x43VUF+QoT9jqmFx0UOsrw9lJIvE/LP3272z0zlXSlGjIIjh0sc2a3wh+MkMAdyJuGEk8trz9LCtYiH3exymG/9ie6TqxcX6ukP4vbMdhGQyqfiBVzpDI6SIprf5C2/HKoHktceyecBdqbkwyK4bmMau3149Y8Z4kXH9KXJBUS3qt8ryKt37SOtgGOnUQT3y1JkKwIbdr2CVUN5JLx2/LYIUlULwTlnFCgsCqqrSD7vsbUuu3/naAly865zCPvJyVyTdiasDkh97fKuLNcoEWnHLhmg0Qezmu520Msz0lGkA5erBolee+AXDWNkW4nnASSTefZ34mpwpA6108QXbJbw79u7YZioIOF96rhnKFhK43xjUpJlr4g9e8K04smv5Vv602MlG0XusqiZujaau2cXzUnND9YZDZj3wpN8+Je2mtm4TY9NxFHiuHaORUtJVx/g5FnBOesaArVpLzN1F2DtDbx8Od2LF91zxvbYmrdTSjBd23/vNvPR/LprUII9POemcpVhb5t2kAO6zxT+0+6QkwVFYG8skH7ODvbql9FBiUx9rnaTH67G76Lq45Vi7BR79teSsUD7oXVTqOEQ4a/ZVme1e4MusOvdt62xcGi+VW7dRZM1GUh2V76LBPvRHSjs/MjOOuVQfdhN+34gSKMY7uOQ1WaO4KmOmXzcrbTvEaUpScGLd+R0verzkDXPKHfvoJmPK5FOq9k87LY97NypbkLYYRVv3BmKgM38rHy9MHtR+vAmHhukwW966Wo1+SPploWceyo5wqhm/rpJru0FQLkHZadPirtlrXSK5ETW0lYZ2bXruvf8jZZh5BW6MGYkN2lymxDUfhkQm9SVzxslX/+Q0a91UEM2DyzHvTxFInINJyz0CTKrNRNnulbszpGnlB6MyNEps5ZzUXgX9T167UK+EH6OyIOytjhCWZa3QrI1oPFzS83sxTv4eEqdcKllRwJ3nJXErhD0mrAkyKeEZLPMciGCTNA5eZ/b+cct/+wCj5hZEDfuYnjl8/pd8S+2uz8bqwNyVmGkWzXoYECml2nqF8HjzMmrBasIVL0ucP2+29R+sttWRZX7Ai/bD7ATXTScHhvTwqZMkYjKTSr7FN0V6gG9U4kwU0R/NSUxb41cDWD193Xr/ysnBMlyv+iuuMjLsQS15oPGjIa69LU/1TXvnENHb+Gjzg23+lMU7BEnq7dJuwnShGPhNZU8RRbixs8IW9u5Pg+cHWnwzyvuqT0i8oLZ5N4Ni2mv7ZB3y5JzvsXhkVsLHgyGEMS9Ylp0e9MH6TsziWLamjkwBlHot0u8qZ7YdZiFT6TueMsHYW6VxW4UsW19cy5WefQzBTHdI9FNtPGVdgcKeXMVdMo38ydTByTq5XuuuhtI+UMzrdXUq4ioE473Unjx0mJmIL9GSuNLMlej5gbTkc4xu2u6cQODhIONgx7cj85dSYq8Xg1OEflTZcarz/mQTl4Ot3L/YxlZivB2a+TlBXnWSESO7s3McIRbMe+l/rfLAVvzhKkb4z1XwmKG8IkTMzPmGMmP1Z+ooRTdtL9H3kCIT3vYD4jVx/vJgevawvH7ReRNEX+8ljkadHp9Okm54ULJxiA9az4Molhvqk0IJ6+Q5i9I6djee8htnyZOMAX4zJzgjGWq31pItCQQYq3PFTR8oKBO8zW7ptDOU7DJR37Zkv323aAIdN5pyGdR8mbvjE+b3vnxwcFK+X8LZgKHFs9c/9jpAbcnog3etWNjs9pkN4uYv75WhWed0+Z0YGMJ0HQcnbZgpAtsvdaPzGxjaz6w7VW4TRdeGmg+EFFQIHrxolUkumxo++oc+gSDtolHEb2ZHszBEGMfWLMColm3pwzjq9vytXCVZL0+YmcTnMNIN2k4KE99JEI2E2vkQNYuvmoT+TS9sa+oDmvMrf34xlUIKjcRoxwR4gnHzdc5PaTdBpc0DmLcSjjKdveJ1yGsZt0elNScP0JdOm28ETXTdUjpWvGZDqY1DmNsZbXfyNfmQDgqJpVuZsZZRXEN7f7NlLoUp0WehUd9AHs2DK3sS049Kb/bS4kk4rVrLvgTtEPjRUMxTLnitI+0uCsh4uVnvwKqjGWctQSSNw9Rr03I8eqbKOwWimy1aH9V4ZB/Ut+4V1v644NNT7htBQejpJ9xIdlSqnjrh+iumehFm8MzrVfaQ85lIbRKexXSycLZn4Sg7aA1wsXT0OafBl58SD73ILrTjbgbE3yttco9rTh9ubqABV3HPGLs6WiN7WGNpRLn29jZa0Tu5J5EXMWmvpvZWcVllzsrhrQM62ru5Giz+Klm3eyY1SZ6RMwse9JLIFrZAUlp3hkJb1w9/QI3v2oFgVvy6PRxw0teUbKL8W7vuWfmRs3I4Es/ep5D9TUJrpwjeZlz2+sXrMRNxwhcfEBOvNjvmJ/GwGqHmnfdW3qrPLw7d7LwPunbmkY1Rg3D05mpzdVOJXNa+EjiWiY6q2q7ZVSp1TO04zo9kgkpJSfhdPuWS422SoCuTWxX/Hd8/ejWnoJ9976Ays0SN2xaQ9Hu+e0wpbdeczwSY8ZW5DvGKV6yRsqY4aFXe/a95iiJLpK7IsAyMX/ydau0REwijtoUYzjg9DppejmMbM0kRVtsZklMg9imNsPn6oQDbeeGg4kZmVOh4ecZB1ViWNY7OhUz2lkQ0Hb/fOySIctnJgtg2RNmRNDYkxS42d97LZ+WFPaPpJkm7+KCHRbZFSMWKXSTvXgLeVyfw2iqGiur4Yi9UvKOPIt6ZYtP/l6i5PHirdb5E/YubcNXvEg73+fBzhLagSENVyIeNp6lkRZw8rXfh+OvT48VZjc76eWA9pjLcJefuvJCQNXbCLSKQHt8MBspp1ME6vHNbjrXvkg7HaLfBeGWw8iIwb3luPDwl5040CgCv60TMZrrrTWu0lqRX0uujjBHsn7to+EcYR9gO6Ay+j9XlVhpoA8xO+E1O2uB/khhpTgYUByWhn76pH1bLRrbhBRxvxtnJGWlbr9J/+5yi/RGCRsdxXBIDs+Ugxf31oUhST4Pa9dBrUH0XadTdlgjyNZztBbyGlvumFVC6zgnEWvfhDGzPcjRWi1Nem49kr7vcXFh8/S1IYcqYPk+se/0+emSy60HkDOTqQ8tgIn9mrYl8Q22BEGYyB2RE6wg71DEaG2VI/MtdsLX/Fx2USVGOKd4YZXgNIF2XGo7Qjx0QhM4rm5DbtQybJpRe2Ug5UQnU+K8FRHVs3LSkF36UtsWwn7fx3fP8aTrK3RjEVsPmEHMfj2YYSFHukiYhiCfGJcRvw1e6zNrNskb8OCVVLNlKzN9fnhsjgoMksDEAWHRpbWJnbQvVovvcPMFdvyegvQSDdFdC9X+6DCBbQfN/kg74WsfiM4AtzV2ScemthYgO6uz8gBzdA2YNGqyrqo59/sZsPW7Tr8yqorJMv2wVhlai6GqaYkzSN9SdBl47+M57IhYK97spOXNhSnCMi6kke6RW/ixRmFSjF6Pi2buwfpNu/2SNNs0/tPtlVeGiUpxfMt0MK57BQTPFi0W72bBlbykWPaeuGenB00JaDjfyJ03vkhcy8SO7O1qkT1MiVguh1snf6f6KBuFWNsl8K4WaFft5B2v3+6vBXnnO1LBerTeNKMvXYjL0E9OLZ1VG3L87VaVhxuHazfOgtn3b3wnXUUx57w13dovKZnF0OTilbgJkmSlavRaWwtQOFbnKJkzQ14VjhkasNs+q6QIR53yW0VwxCxWXK+MwvHBZ9dME3UGo18Yo12hnwtNv4F65HDqRix57SFlPyBWbmNENgnPSRjqhJtbilVm/vJWBNzC8Q7nYkkeIanz4Jp71miusxnMnCPB9Obre1jaF00bMUGeZieKiYvKsZQ+F6y/y3WJxwvncaJAZUfVPyV/ogJ0H8mHzHU9GMm8rQAAEABJREFU7AkOTL0EcHSP1/+59cxmuOIFf5qdLUBWP/JB8kNd99EJCt0fwZrgxwbZmvpTrdXhaafwM+HncIiw+dLpAsmoAs2GSuthM4PS2HOE9UgXqL01Iiuvpl5B6KwGslGUmPOJjbjQaQbd9iQ/ITXSCJrYYZ53Ipj5p/3in3SgaYooqwizZ8cuZiW6qpqZv3fy67x7G7d5Y5HkpZahwI9/nYDFhTTH2TgCGrPtxZRpvdnDs1oJ4ZmA6h4iumU+Xa1ZGLsOauZ9iY95PaLjnbgPnKQxsueFGaulbUxIykZ+LKUv7r52XVsiSh/esRJh/l2+PsbivJ1t/FwPb3RZOtyTx3TEyDjhfaJBjkn+xp8du+tc+uRJmb1idFHhEbZdAGce54yLW+WER59Sz18mMIxvO4jciydSprGdPkmZxDHtnCwgfieMddwcoClKx01Et1HyTo84ambrW+T3DKlg5Hv4ZuV5/+PQhG7K26Vt016WtrJY7cZNkp6ePKbFN459mKIA7hU6v3gxtojG5Eyl/c52xYx2RbmaIyxzp7Xbt1LNO4v6zmq0q7RS9/Pmxy6tOj8L6daK8f5LVYTZ6KAKJb9RUJ1DvGtHGtUsrFd/L61pGOj32W4OhZ0t5vGNQqQ3ppYXpG2ynaFIe8DD8h396m9EEUnbcUxdNtVc8uJ77Hx0glUaXHFApAOIBEMDOzHQ2EmhDMcHJ8kJEzeSlia2s5vK2Q7eXv1NPRY6EKgU8Op12wzYQ17U2dBe83SGaoH27eJELIwkCsgwkS0McauPv8tvmm2jngoPi+6KSTaSuESJai3bGSJ/mEzqqt+TSBEole6KuwphFUB7q7m0sm1YPAZTiUnQ0glv8sdhmVtihCCyqI6R11zXKMxebNcNG1pYZRuImBtM3qk4Pi+5mKX1og/DwHBy6femhQf5pgbMO0nbX4vwq87a7x/ef+1teVV2V/xQzcySWsM8Zo9A8tosAW7Eos6xHTJ2pyq5AwATzDwfQvTaGOGmMDNwWB532oP1ma60AZbo1GT3RftrKWKcIJAojAvsNeEcU3yhuxoS+MKuGJKbKE7Uz0x9b8Ts5bGazJsoa5em0GTcJiQVwRvtJgWDba5BzMRuodbbTwbylKV+ZHS+JUw/iXhJ9cFBh6f6yfKoaYAgqJ22U+RcHozgOYGWuVG719lnwjm/aiQHVHokDXQ3B9mfClYDVbAR6BY7xgYFewf9PfYhDvcYS4HBfJQdDDp/2MkyCn51pgH9GoqZRW5bc9xIN/vAZmWRVNAFkj9CmL3J2daNrMwuZLJiQjYLRGztCTZsI8Beod5wYKvC6bbWI+Nt6n3q/3S7t7vC7BPVxc5K6bptCBaBbNi5+Z09PpjPSiKWn2b5ZPYt2OlvvW8FNkaJcA8H3ktNMBDVFdX2aFUqf+oe4ed294i1G+U6G7B35dU803lSyNUA6zuh09WDYc5WJeXoEN36xp6RZM+NHH0jXc5WQsRJJxydqqRxqO3ohiSWHsWrEPLVAOEgR4j4xn7Pt936xu7YwB9i5jlJ4iXxcoW4sJ/OWtrujLC7Omy/KGkSszyvisUrSkpEhel2RyhzQA6dfW3qQYlw0VGuDKH5n2RLQVcOPvM3L/nmp2O309Ne//M0ifro3mq63cQiKaHymQ/pjWn7Hrw/YdsP5EaXnBqMl9YwUnd6kncGTy7ZekGcm+ZguYsx9j6FkzWzecnLqiM/O2D3Pm4/kjKvMsun7+Nv2yzLtLAP3ppDsTXuEVGgtHju3BfbTU7bO7JnOVCY+N5yJ71d79TVzPGZ536ma/gZ45pUM3NbPbiF3ylqp+CoMB/261DhwmhxLkluZOuitjqgRp/uYGQ4KlE+SBx9XvcFrVx0p4ho3ZsKJIFj/S27V3Ico5c6r5I9PJdm3p+HJUaSnSDMw+s3NTri19L2faEibNQuLLq07YNz97LorvED26VJ2yMjtd07Ku0QyKc+tstSRC9UjeYz0uEWusifnkzL++XEOzqUlPTTnKczoXbrRPY0LJa/QthPTt2JimDXhz4TUm8biPfHLanGzxms0IgaJstiTeiOD273nxa4tnJfyrWAkFYSN2nva23WZ83arkwKQ8nTTjjhlHp+dXBZ2b3T5tjQhRigxNXRAbj/sYxwsXjLe+bkVK+RT11RRyxqCCNQPmyPmtDwlgKdEaSVG6OK55VMevL7LEwENm6u+Mi5YBEJkjYnHGbBfaePV8FAlYp34RLyVkfkrUVSxHlMP06oklkPFjmtlXL7ZDIfsUiHvsqPP1UmhTdIlZ0T1rA21GksR9vtQ43gQcM26jgHO03KDwu0m4kJcnQ9qhq9pUAbfb0csP+s/fTNYCOwUf4OHcSCWqmRIlD5pxSNjhKm3lKg+gwWE1gFSaP7zi0JmkOE7c/WmgY0UydeF6jd9MHXBrWxJteVdlUHkTtK2MRky7Zf0XgzhKatsbqUXh3Iyp/qayse6i2ZsdvEH2al+6I7tWO5V1ORSwpnI6gNRhh/70rM8eHzKa9sVSxuBxwtHBxHG07IdyUWXt5Dxt+eXUvffhWw08iYyLMJZFZBW/pNY5kziadwkq91bmdBHQTv8jm15Ekn7QHLJyAiRxuhZl/xxvncP9TS5kfyblSMB8cxYx4zTUC37NG2rGWTDsdIO3kkGo1Ise2+lhpDPd6ELb6bM9St0jf7D33PZ2lJSe65VWtEMzdSB1ca1atHASoXB94OtFKUdBk4YmOAkNSjbA4roN6zay+4r8XO3YsiKwv9dj/aSd280CJwiKRj3NTt2X9rmOQwu2ME43zxHumbGpK1HPMzbTy+0XQIjY2wtv2NgHsSzvlUVh2dq7R6O/l+l13UgwdYrxSnfTfaePHuG2Lpjw31VtLUFcjHiNJB5wmPuw2Syk9/TLutQgdEd636cK6+SfpacVGyQ6J27fjg8SxY2pFLeo55sJ9gs9/4sspuFjhJW5wxQhJ4z5+lbncM3tfrWYVXr6UIuzsSyEjEGzNFSQIt1LaD6hjrVcRVIyZ7VJxSfo/3+Lrg0YH1pEm+bpUwYryv3Xy62TWW5DXiwZrsm7M5YXvOt8et/ez1iherxtT9xs0K6VjlvDnxa0ylaquKU+PoShAq4Rlh4lelb1LYvV6H0xLXfCLs84wcTYLznuTlsky4Wa9q5feKLGbA5YwnziSpkzh9VnCnR9sTtC+UMGZo5xZqKOmNyi3KTiJgeYbkFCmjN5h+SeEmBdvJmkUjMelE8dHh8xqp8+f4fDk3NPaT5XMvJR6tRQSDfrtb2TDvMuv7Sp3tGP+4LL1RmrPkMRHXvQzHB5/v26St4EjY0p3LIU5NQi70kU6l7vATpY3BjaHl6G8a25HZRTgBQZvvHLsnipqYeBFWRzT7086QyNdyr+s2JIG2RTNGEmdETzIbAqdh8cVFMnSk+npg6xYlIrnkQ10yfd2rhlioaKCZwCA0J96jdv2d1aALpH5IQmquBTT/tBcC2jHJRBpIXtEWTAN6RSA5E6fa2xG0upfgWi8H1KOj0/rbzM/P4HGn47Mm/kyjw3aTgFk56krF150vrOzJwW3QBdqf3eqCWVqyr2+9BQ5Tj/qTCOz2MycNZHtWsOIwCz+oA8MZPjxMyHoj+TSIAvux5qTWco22WoOdJQBTqsltgGnPKVXiehXHODPsXHfUZQXu6zbZxMdhozRnEY+fhb0Kba3ldTkhs+D7983SG1NnraEK68qf2/Lkxc6zN6U+5jLxfWmwNaSRg7X9Ibq7j6h7iEjhOFkPudMS1no3fL7Rpskd6TUuUtsJ/BuLprl0h2cmP8Bx/Oa0837mLtkpjQL3yNsllp0/oxPXR6kLnTiz9p2srtuiG3siwvfcmxcmipYelyWcEnM+aznDKKZX5rpnd9VwokBHTCO20qzlerp991edfXPqJE6thpmFhLTbHTNvOOjnMRWn8fy5N/mKgnDKReCMOUHdjQpEjiZ68YCoA0p8Vvs2Y+xBaxSK3Pk4auvGTWS1R9RCYkrWeihmGGQ3QHfV4DfT20fvXnd7NNHJO47RzvcLHzexmz/NCvj2gnVipZC4fymeAtYHHB/e4bRQWg2rCvKjpqQ3Jh5bJbbfbCcF2sVuOvOBcsGaE49jk68u/PwZzoganKH+m5OMopBj8+c+KaLGjoqJG6uQu9GHoqfTRiH7JLYmEnWKBJK7IB8zie4atcSHotydMKO+2k299hlBNKYc4PWb7omZiARxU+jKbZpV6nRZoLT1W2oBym/LHkZGv0vgvOnS+HmZR84m8ZGGaf9lrghoV5jcCtAewkTZz4VxwckQePuDvAZC06ogLgbJ7alzv7S+XP/KnJxL64Zhll/AxzofG3DS2kN0f1ho65fy9HrfleVlOHGn4mhWiBviOPMlPFtn/HlUCS8uk/ggzlQEqzONXSaQdAFkk28xqxrjP9aRqa0P9OvcrlG/1v5TD1DyMZ0IjhiNn64H3VShaQk0JTeR5Rb2BchqD+Lkk43ee34b41bWlQ52U/pQvLIW0zz8eDAoS/jQbn/pI8KWJMMqyf5LKKwXqsnG0XPQ5p8T7+TpA+y7N10ycLIJa+hrfD39scXp0/j0IM6NCkxCGDWUdN/pjXag0r6ZnZNeFHi+DovwXUxAKHMnyRvPdlbt9g9mogUHpr9H1veUmsx2U/iW1EgLaC6ya4kW5YCkvI1A7XpvXiM4P1nYXewVgeG8YNbOAe8Poo+vA+zpIWQXV/1JIt5AIFsTgKZItN7ITnehdbpA/rZWSG2OJDVdFt3YoymtNJBaO83mrXCbiUcrtXUivYk6kNwhViZZW/YtEPO8Q8BDfK4f+/bb/wtn2nV+M1bhW8Unje8nzX25DcNMX+ZLto8lmYokd5OzhjyahVVVlwHsqQC7GUDe2KVus2Wjl4iYCVt8rH2gj3J25fig4l0+aU7JY0bGTnWtG2cts6u+Li13E1LGTLyGz+8nXMviEdtxaOrwz5uUrzzkCgOVkMWcwNYevg1kO7ksQjwLJnNPnHbSmQBJ2lmjIK6Dr/ZJ3c+Kz1vbRItXtLEIop2RpPW7BCSdIIyoiw7bbw8XtD0kSQVZsHiWKXnSpY4Z0V5WDq66vq9ePx8oca2VfCwkr6jnYeyKQNcR6rrBzfpSH/vHft/B8iXBmyzn7eYZO92rg7VIwcKftIhEV0d7DqqT8Lp72iqizDjuZ2VCXugSFZLRt5Q8zyy9z23/9RtDTE9Ay2a9OTZmortnKyxs41l5Up61TCQ01H634zzxFFPqodDk/p3MM/+W/ASKEgoA5o/LtkwshmPpWuKcL6203EnarV6bORn9qWTvFVtWVUKS9z3a+UN+2t/1iA6kBEm+IbneVHpfik68tjulzGmJTXodv9Buk/iqSye1T0yHS7spb9pMIGHul+fVEzGzdqPk7tWqx+0vD9vFhr3qUS4myT8pY2a/lh5NK/uDePwj4o7u+stFdwkn/c4OIXj3Jgp9v3lBoG2X+k8gtwoAABAASURBVOuXdfhZctMSWz60Sx4fWw98WShbiArxbg8uQmtyvO+xTG+mwm6TUCvzo+LgJhaRBJ2u6F7RTRsxTdpZ3OCFMfaq45S0sDsX097HwjbCj/21XZFrT79W3iamXXT5rY4ip3oOb5o9W1H/EJdnEjTBdqnU2mthli36pO43xs0A7918oMU2U0TadocWBzSpq6P4JYh0Yd52xB1iqMUzovL5B9GN4oliOUey1sZ0a+KsLx1lJ68ul27tZgeaj9FmNOOvUvc9CuLH06ZP2MyOrFx9+FiZ23A1dR/gWG41xd8smbYZNg0eJXHMrIfLLJd9rIkzVuJd+jHy99gvEhEVMdoeH6xVVG1ymri026kST8anU9F142IjgutfOL9p5dmJM6OrPHw3GCjxZgCHZcpwnLCTLrDqjzlyRv7CccCmjXbaxSAE9AaAgl1A1kFk6Jt1rwj0H/TIQfVxmyF8f9KtlHgpYrds+LV/uuUjf+SYtjYEdesWV4JhVfu3McHj+hBGeOSkiy3744GVN8Pq7PaN1YEWV+OYc5vtlASN9mvOTAZurL+NLC/Mb9F240NrJEFX5Ox0hTrWtxsDVzv7bexAuiRTaV8sRNq7jJjREN3lzGuyEQTtrR4lXpuUT/KL3nvAc0SN1fB2NUNjjk+lQ+s9qZdsI1SGpxt3ZZc+3NHhMb23pGMh+VulKcLiV4emRbuJf966S0Q/lbklPpB3pC4w36nt0Zld5v8eMN8iH+WIu47JbnJ3CnxI/ghxWWhSZ2rpfVJlg3yyrM+rYdPL4l2nArz0rMyDMTuujtul8xettVQzxHGRTMnrt9SrpzIE4eChDrR97g1L4DETKVHV7z5xy8CiF88sAoY9RjMd5dBz9u3jchlZtpG5/GIJEf3kRHnGh17Z3SGSOlMJEQaFOe1G8yXtzu5kuR9i0lIMyPWmaTI1jz5dMTTrB8R29ZPCtX2II2Nm73YeLDHsurzgw4Unxf1kN2VASifaAJ24M8NRDZOgF/z7vVn5tTsau0mB0cviOxXRb1biOnSRlE22tjoYM72z6yd5gyMlxaAu3jkz5TV/kpQfxxwrCyz6hlLHjCgH7jhFzl6mEYdrnb7HL1zSo4UnFzshfppy98VR3Qo7v2n2PW9JRZQE+Xul+z+TN4jL7yXqp0Ym8S7wpd51PBJZnhHqTWN8ZOwH2/nmDW/EpId4gTzZXRv3yhpoZyhu3qVc6GGeQ5Z2q7dNfEAxvYqNL+0Z4k04oGnIB9suqgQM6xoqKTENjiv1dt1IqWAc6Oeu9CdEy4hJY8lNmyMjbU9M7Oo1Oz/A0XqIzReLJ8Fkt8nnrKT9fLf01y0Dt1vjVF5fGl24V0CEcR3pjAtJvEGbr9lZ8lhy8qaNFf5e2W37g81udkjTV0eowZK81zN5KW3dN/51/r3jO7XdOq7VHy8MveWDxLT3Ja49tjFNQdcj6obI1lKQ6JEc85cSt3KVumA8iVPMFctfK0I6FlIyfqs6py/p7QeP3ytzTdhFT512p9Jk6hk7PDaTUZKJ4mNLH7SaRMnj5Vg9Q9TngSgfRXufU3fzxNBazDgbIsrLltKvUa8rmVQReJ2YFU+19rDYNTJk1lhGS1ipXXb5f3GjUNTU82RhYPAvqcFKn78wenOQDLojjPs7fdp4E37+Xh1sBKpe0D9VBOrh+GC/EqpH+d+7/FG++mZy9vnsgMhZ6rP7R7/2GJlBF2i35FsDE+xGz61bZLPLrOYoYeuIVTUGaWCreh2C82xQB7IVOAaBoBomA3129ErBXjgYytD+CbDGlbb/ZH4ZO3Fa88pUQ/JOhUpFZPWw3nr1FbsekiLmxTv3S4cP6Sc6Ze81hgLJdvTbNJW7dBFYSUnfEITMYHc9ucPIyZe/yYtvWgyQLz+nKE5WE2b01O2hg7G2iPDe0WWSc4Ra1R2cTKtiiF3fRSaE/Hap/VYWXVqMP+3Oj9Y8tQwkm7SSKznEk29ihAPyfVw3wYoh9oMjHq0ln7EVNiRybU3I/aYGaFp/PsqPewerahbdteFWxGuFEbiAV5DYAqAa3w2StsUR43Zhohwv7cvO7TQloQPpdtO4uqalFDOeiTuOqafGf9BNMBe61AvivbaHRJc2rx+5S87+hk67AdYPelJOJkr7g9KlNWkRkc/DDi7aCV97jPgFo/kdHw7fpu32rAnLTPlvnCSuoW+rVHrjZtKW7pw89NfX4ha7DTMITNsdr+T7o6S9I7H8XdaXX8jn5HYt2mMOhm/l3byUrXtMFyppilgh2HxFNsyyTC4m1/HL5ljlq8XSOWWa/0VuQiqcGjl2UolYyjO+v/VzRcSJ987ZcaqbEjFVgP7Q9y99Z0a4ieU31pdTUmrAK+p8N9t1DP2BVYRzTNL3Dluh925UciT3LsWMLQLWUqAOlgJDzRoJrXtN3rFNmgm3a4+x9kDb8OudRlTeXxLft5bX9y5IWXmQFud33Q8+4N4zbcMMkFu2YGcyNPXQXdRLEbd0eeLarhrZJXBnIusXaT9ZZLc/wsHUg8StVzlLgaxUzKmJGYzoyKYl5VHz2yFZvsOtExl7H5vrJMkn/eTOHcsNcQnkJpSOFLTblA3KLeNufy15r1tIZiuGEFVxqXdxT+YBNh7Su3cE92RMHHIbR519oPl98iSWTd3LN5jNk5B37ttkL3c79UAjWG4fvVkEq4Ol+MxL7YspKq8GTeB5NXzqsi6PaGlTsnBXV8CasHGVJzGSDrGDqTveoqedYkb71ZJMrFTbwpjJ0PeYDhKdrsgdBhpHZJsrvvPCoQaxPUHb1oFJN/N75ze/7cMpnqHOEzOmHjBD3ySmo2WcWQhbKE8n85YZF7oNEjxcEkL97/UJ1Un69kJA5deoyF20wxJ/WLCbrHHf9gb//BnBNGj+wqnBc0VgbxhBB0Ui+Sv26mfwH1tdoD9EWIdJ27kukKxk1Jjyc/pAO5A2cWW2FrG1t2w3F0ykgdal1tshdiuP7N4/EgjakHpRdtCtuc8/s9TTUyFW+lSTMqzp4zZFq3OWAtNulovIWcLyvlVxeTNhca2Iy5Jqx6+shGdSpt/UIV13sdbyTOD1TkiEqSLsKaeuLWOaxL4+MjXKx0luTenMfHywFvbzUqthtiPbSEK1HeTJawCpyT4lJXHExA6unDacOWkhpM33SZEuhPHPA7Tk2NKLu6UvIwzuzdBGoCMOcUhb4sVjIUnLFGwDSVZkKUWhO4Awpo+c7NHVgcascrNYeVPUFP/oOXUOVqkLCS/Mqfk+prMUzd4iiBZnLuF9KvE4Nr6p277JdaddD3jLZLQ8JwjDK3cvdaGbumdNwmhv9Pv3vjiN2Pa9wl5URNxIbtK7ggAz523OkWf9TXk4zn5OCO6IlQOiu8Zdc95c+hldtceGait155+3Ji50m0zfxWm7JWvR0FWAJgO0XiHPYs2HuLoUdTAS53wl7ngzN3aHzIfNJr/tYyFSV0fCOJTmfRKvnv7cZgYDdiw02QOdupv3Uy2czOLioZWsQXSTRbNm5+zoQJgZRNIBiuh4qwPYaTCz27b9rQilLiy9mAVXVkh0VlfMrEjrZGEpq1/nvOw2Hn9cN1QszwnCJrZf5+o6A02KYYzUjTDWSBfhfFxRT14H4CTSbhlRum9yVM9shSVmTJx0+Lf94tGXXUtgbGV+7V6hjddGpFjU8rPgYXHmmv655uPFdRNXcCZjA+nEc+rFXakL8s2Bm30PbzWgaexOmdTdHhHyFifxjV5t7dRgbuFmeZla5lzEtKSskZJvDDi/v8cvrdkY0LMbV5+6MPPPnEs4ld2vsrnTxzb3CyWvBnXimBEeH7yKM3W1HWnimjvq+WN32TfvjIbEw0htpsqV3TEoqQlTGxDN0BGVMZ4hMVZjycrheOO2NMRHoHuA+x/L3+85stnVIWtEoYsCTeLT0dNHjRCSTg/GZa1wkMR6RHHa+k0+SPTztTvEpMdPh1B3Y8PGGI2139LiTVuOyTKhkhHR6RFOgu0Hxe4bta2gJJlP9gGO1nnivofiY+9wdtJaOjQvlKUml0b0afPDtkfsz4/OoFwREDNPwH4WQHJ3TMVAXlW2tckzdf/3ZENCh3MeLV7zkrwNk7H7jOz/Tdz29cz4CgXVlTdR6LzQn3L0Iwe0Axa7qKOUv80fimf/XFQE+oMR3KBPKa8IdMcHm7kgU+1bR1p7tO+CLtCeAuzP2WgUfbuhOLtV1W59pZtQNXaGvzbY5HSAzjgg+7faAto4k4DdC+ypwzQXCFqPcRig2mh0LV/foPLPB7V2YY7t4pAT/i4lmBJzV79HxrrvqE+cmOJCwi/SryTKi5/s8C9tqzbN2+Wac69CbDknXAqLH0KQPzWT2sYeHz1xQZghSLwPXixskGeaBCJ90r5yDCvBomdktykhUpFhaq1JLwIjN8/Fq50gtecQx71b7EcdFeQdZxcj0DZE2tWCC05uO0ip01i4mM3i08wld1E4OFGkWpBlfnGHVQkRisvjRRW+A6VJsotg+92yt8qyVkT1EZMT/IrnxBOhBxkU/LJCJ2wS5UksNgR1vtDx/M3KW8y1I8aNuR4Zqeey6fyqxtzF6V92f0DXf58VMrbWHfYdncQzy9+7ipa37GmimoadWFq2Bzpd9etIfjy60A+j99ryb/Mu/a4Np1642grv9F3SEzhEd6291830jTaAqpjEEyGWRgvrVVq5fhQ7EmJr7N+LQNbu5JSZ3w/30zkYcaDzj4vkt0UqRaMzlFMP7jNs3RV2KoS47nCwGMqRT/8wzN0kIqbjrQ7QTzvRfP1fPtUe8abkt550xE4kOnSGvCpk8uItfyctnjaJmbUO9mBOnyARcb48xUhn9l7LfKbQ2fkAbQ+ZaWNrAFr8uPySeCdTOCfEZIOuR7RrKTCimye8T9pXSJ376ecVoTc+LQfzIJ/1xfkxHW38deLVdtXE1AriPaPCabqdu/pgyhvt1P1VDs76XtGa+/K8Knyx7LaIelWdxTeG/sgrJZwqTF4fCSfBUlZHpPr+m1ty4+17kxLRk09532oQF2I29cyMVLmVukHk3e+dqVQKJrL2SH94q3B6MEYxISKE1lnIc6PGhfXC1PXbqa3UtHirDL3zrV007CuGXaQlhNM3YWIiVxL9qTLr9YR8HUeCPFpIvBgmzQ0/MWOtyPvKYKS9UELvyUhghfHYq7fWdkddMuqnSVPVM6lnvCMW1sTnb0wfszNt7VHxN2doOkWcN7XIXkplm0RObjBV7QeZRj//n7krUZBdRaFi+v+/eCpMCZqYxOVg6NuPmXe7u4qgcUE2YU4Mx7ZMZS5KO0wb/Efs/N+YVznH3jEgmXQH4lyNl2WZp6xcy6ZwDwQsc6oZDKTWpcbZhbyjc5xfjvxLlYJL4sAcEXh4u+gMK9Tw+DMisOQOlN9/zntRmigwlF81oX7uejzyBaZqO7ukFObvmfGJak/RSsCpv3sVGrintGwpDTmXtw3ZF3K66cMRICijH3Rw77WTAAAQAElEQVRA+Dp6+eilbgBTN5KXq9FPzqD4ch15e8xgzHPRLEIe2lZ2kAE0OSE9/rB0a1VGeUlv0yUy0XPozZ3rJhhy4Thz1lO0iVRC+vYUknvdRNFdQPdW8H0u7kb5L2pMpGu0HywtwHk+MGo4bj7MSppYNpi3nmE11Y9Zs94uvRgwNthqdxNjXw5YtwLsMQNfGR4Z2LcAvFSURFopUSSw/H0tHzSxMt5RAbDW6vqugBgkW2z79Q3RnNArx+A8xbDx6PLL9bBO1/9STufwueJOGoaQfBOQwu0m4N6ndweSpMpNUidtI6cTHG7iPMW/cNf26nHXqigpHC7WKHHD5u5yX5SGrXouLQPmbBdTUbtEGgZ4CHpk8+jLihA8xb/IPSRpekqZ3HjYcDhiluJ2DqbmEgL5DLhU29TkYoBGR6tUzP6JSyG3MuEn2K1l7uLhc/cdhA0QQzzzoVsWFmx6XldeYpIH0pB9Vo4tbJtEB+5xBfCeEjh+IhF/kpVG7S9v/cCGKXbPxrTKVklzZ1+7I5zxxVn8eNQ/AyvjX4+nVW8V7/hi9YULH+zb58dfP1Hn7eYwqJQ9PtJnp22M6goEdRO9RPhKiCI1LqsHfPFNp74NXFnDhIr3JqZrOyltMsXZlWELvAjmeLfaCCHWvBiX78veLuqgrklveTViz3rJq/ni9JfcBvJq0IZDPB6bF6eMF2QPE6V3Fw9o058K+u/pF06If0ZQcgfkZHkPHj1gJn+k7eIwVtYPrHxzeks+uwg94gPeWif4FHUYV/YBEShE3UiC4MkwCcjkVTldRyAZ1LddyrwhC9vboHEd9v5DEU1etrKVRB7S8+C+DfwleRyrYQdodcbDuVBsZFJZAU0QgB0QuJD5Xsy7ge3m0xF/8F4vdmaY6shDb5UuNqE3yK9JZPDEzLgNxxXPg08XJyepSFzCYjzAXZP87aBKrb0jkXHLfXf26PlCDsBqf1WSZ0tgmHvGBhRWzABjScCwaMRgrprR6xf7K+bxElFlgS+3PfPTBRio+rc2sOTPKStfZ0u3homPXIDS7DU7YMhhdZQTBJ6ZzmNGOyICqYoIDNeIwyvZH2kopkBg+UUcGuIVPf9USHWENWpPLtRpyqlScSL9P6cMlE+q0MAgbvi0onbJDUhlHJTJSCgilyjUUjtEXvPkQtVAjmeX2zMSclwU7x+iV6zHXTNA4T3FM9zVYGBtWor93+4NoL3ZVM8PbmY/DLyTCRk0kmNkvm+uDrDv4t/5HijgfoaBALfrIvdI4dhIehkeJLivnMYDwL3KEJZ4NRDEoxKExgX3X985eIXwiFiwCDiaY6xFLW6SFOaaJ881F45ggloiBobdPkcVASOJd+zIA3EXHHkK/QummUO6bY6+xYljstPNKBq0XdA/c7zvHdL619IwGqSJb3cEInqUwELUm1AJDj1rrwrhzKOOgKvhN5zFEBp+dj4a+Jp89yoCII8T9MLFDQawGtCvZq/kPmt46p9OMQDStqZInwE60rBxy9WyUG5TAah1wylVnrDDRxlpi3D/Rhl6s3PesV9Sj5+IAnIQgjdKoU2nKBHSUhlfWs5CSqqHUaJjh3j0EzzBfGQPiZmslA8+mGOClf0Vkw0+hKgsA0paf2UPJS0EcQ7AW4DXtK3GK4C3yqiZWt4V8hiMmp5BSXSRzqnz+7UtyZMnJ+EPge16X/RqmPlarco/mLYbQJD2xF7K/fzhQZFQcpam54C9L7+6S6LSH1X3sQ13+fKLuElxIFtA63ng/YobU0ciusCy4N2G59He1lsMlhkM7RECS0VxfJyUyPZEgarTdgyt8FBuk4TbHsLGck1Co+IggRqPgRh76OofEIAhGrYJ0yAAkQ3bobmEVvNw3iMW7oZS7H+ltbckUWACgh7zT5bmqiVOWPpJRByPVJD7y4zhRYsaNAIMGCpP/p4Q1BEY7yC3Q28E3uYHoMUocWCfWDy705ZBtgBDvZumMqFry4UwSWS81rR7noe4JP+aHd3wGrv4DecZvkjyFGxFD/I1QPyTndMCi2QbDqWNXw2yEPJX8KFZMRydzyMsiYgxCYp1eLxhz3luTwv3wKQyQCQTrK2MovcRf+/Qcgu/LB1pFoXwOAvImw3+90C8RboAon8CbFNHFoEdCJY6kw5bwN3bA+C4qK2ceSD3Wxn1hc6gv/OzsoOo+iJ/KAroGQtYSFSRfHU4oJqyjwSB6UOJCLzGAoZHRCAdX1GJIJTYvh+pJLTf4wJZS2sxX+MCOcUFpuDxkNeIKLyiQ+WUgd8v9jM0UPLSfW2Nu5ibIml0YOISXB8ydCy4HK2gHutzIZ5yWB4geK2f7H1LfqAYmrnv8HXzN8b74LCdNBgzBYTkgADQojEle8AbH+EiVkirC2p3izld3h5fD2Vu2NsuiYGh+8ceSy+uK3fbn9e//khE3+Fth+bcGgp6UQqIpxhlcQQHrGEELHUzMQCv4xBZ507zI53zf+140xbYbAGtNYVnCGi/iKs0KepNPgHtD6N4vuWD9dT3opfyQ6VZBsvGIkigPdRiKQY7Z3YGRNo2ipIpkgZozT5d/niXqmpMfACTpVWbdjsQk4iWKsjn6YiuPWRYIQ/OUK2uU+Br4TGdYncYAfkuQoPZL/jC9T0pnYLJ0pdlei7jBLLzp2rTxw0IbDhbADG3yffq/BRROCLnLHap4xfCQyGKpIhIDGaF8X1xuQP8pjQOukceQ/N0tp0UA9QuhNUdwKQGioYsdn/PqTt5zziw4FBmzSf7rKuoCpZuyMSNdhofUmBoLxr+HvAZnrYrDpJ9XR1PF8SkxME1GsidUW/VIwPwLk0C9i5KOYi9bILxWvAF++Kf0Vu1PySVgO8aDRu0teav83Z75Gh2hJmhLxBKXpjvAiBDZJnzSqgnrjN+Q6GugW6QZuRqtdwWjca4gScSzjxQ+wOAxsFyaLcJxpiLyOhcWEJcGNQ8AwZoAtH4eq0+2UCM/Nn9rq4tqgbUQwKXzOUsZrzdIElBkgPgLhXGUc9Ocs4SsHvU+BjSjdGULj3Sh4KrDScBYN0yGDTQPWLLRP21DXDcWHfgC6FYUox5SimGa5OMbpLeN8lNlFNuPNWWAXHXgwmmh8Nk756/Soq0lD5jmBjGOwjSPe7zIV0yjhpEOZSf+4hAm+Tbs3gFCWuWMVQJjd9kI6B5eyGktSUz2nOQ6YpXNh2xyoR7eFP+BJf4QbyAwqoqVH+XRmATf4nzzd2pqnnHdcIKdoOthl3EUSwI3LIzSGzEjGrpOWAdbMmDWuZDc4gHa+9c39j5eICblezhKg3M2CYq8sBHsfMZC8O1g8lAFkQkXu0QWoHgz1IsDAiIpVSKJ+Nq+2+FD64MT/sZ+EwTC0kUGxFP78uB9LwxYUq4x/1OoWQN5iPm52k9CNP2Hx/mmL5rS/mrUCFcs/qJXnwJByx3OsMZ7ZfDBBciAr///uRwvbSSB3GBaUXI0bClhH9ywz5R3XUD8JEyUMoul9BArdWbbp5FJaoJA0XO4jNAMNT8YDtH7JbQ7sIyolVciNsW9QYcN6fI+8wGd51DGjkCG1YLaCgFdJl9XrlQYX9/NgZgxBjFnB0kTlmbt80FBLgaRUCBKtFWT+ZdIt6Xpt6gkaAlYNABRP09PFVy0gqweBJd9faAK2vY+QU3ftRjLyERHVkBvvzhrsX6jkzTnqWVovaNyJ4p0JCZi1Y2V7ddHBWqhBnzyQm9Nbjp0Owd+BAiSCu50lJEnFTNHAhq7acfkhvUMCoEYGi4cbxfGJekaOSexSeYETrL8juaQBTWXbIfHXJPykko8TBdH7S7UgfjudsHr/T0ZkSsorqLkI2shVepudq9Y9xxBcF8b5I4ABPex9W14S79Yp0z3HA4CeaYQApPYcg7D9STbb2NvYCh3VDUqsGi5YsmAIfxT9/4ND/8vKJzJ8vPFjoAXibRKmlRlsQw3gCV5EE5GR/oseW0mOfg2x1P1w4fITBbLZvAKonN/CCPjBDxjIyYaoCdsFIcSlJizCaaDcnLXQVgg/1yMZ0bUWu9rUneg8565wXtSwoW9kIiEKUSUTyPpzcCu0lHTRvggJ5h8uSm7LbTJ/SzooKLnwztOkkeygilKgv8QOtT8fwEKvc08Vtz3uFToFHIOwePthvVmj7EM1jfEKTn+PV0koA2WztBCG/4OFDv27amN4J/GsNnb3fa9BbUD5LKW4AOXuBdGP6OnDedZaBz6nQKwzLiuNDjdB/S7iYG2x3sC7ESEvM9uJbW6K3hveTny4jFpBwlDODTxXM1cgZY5vEH7p0k2p8hb2kbEb1lAINhHDSyTpXImOxEH3UYIgQxdkRLi/+1RE0La5Wyy1zEgbvsZxSv3bAsjXtwDypRBf5JL3DwHkD0TWKmS5PHfBn/WljUeBbnKBnx3sXsMb+lSDP00E+IsrTrtwZZQm3QTIFo8TT4a5BxuSdmvvWR9QJ9eHF/3JdpGeA1GywMMGBJcwt4qSS3ziwjMYTVeE4jsSSJfiB3qW8E3vJvAMWjnlCnpcXIFhZJxz8KXBG8faWfnFk36kBAxaT8/ZnGm8IlHDCoBSOEqmRwThZYkghyGEUEkuqAX2N0zh2lwdBHXKB0hOMxCpLnbw85gnDPFn7tn/6S7hZpddrka+Atl+JOBmrSOBQpKyw+mDpAUAiwemZ2rs8wDjXLa04pbE5MoxAJjofoAuyF8Ddf9khc/hp53EgtPmQRPaZHzrnOm2Oz+n54iCGMJzCNIeQ/K3Ppkg/vhlpIR8rxxSxbbkX2NERKEOqbhNvG0MZ2G0kNojfhw58BWKEJrKGDDkxZWiLeEVOVp3VJDYEB9wtFUOoCtavmpz965WfBTMD+S8a+i1+T00yZ6LoBTzCDquHJ3/AZOdqVRLGUEgI0e8LOM4IuVdztPY1mL4jUbStdAg7ZB4zCjt4UhWluHvrzpWWaG+4FL4vRkmYqvG+YPUWFBGheOrjd+6pOasBeIgAmwtuVEKhVnegIFnyzwpEBk1bRDjln9gxQPogCKswAFDnZrFRUhrBP2lpGm57rDS/ojPswr7/QS5Iwu+whft85HQESSiEK4fs7J3f37uBFTjYFBwB7H0yiBUrCfxpvfEZDNGBw0YvJSK09LqSh5F/f5yHDWCzemEcq2zemeAEEFBHjqyS5EkPeDDxsFwtbNDAFD6WuJgga7K67Ti1kb640XuIpR7zN2VLcFGE733S7RfEnJ4SI+G5yPyByx/sCXPnYN2Is01R76egQQBe/IULO6UUetuUZxCaNr06kTIAzw0IHkFFLhbNPDw4igY34WkZlbhqwSz2zZuHnQNXgpD3Cazs/Ig8enNAD1V1GX8TdGjrsodwZTlxACuiCpihXeRUHT/NDgpwmWHOmprfv5FyYv0mlUCLgnXDuvT+FozrJ1Ed1WLemZJ2nxH/NgEJFLqWSyumMLs8b7lH90Uq4W0jY1m72bJ7fNthR81HDQQeOjJvxraidPEOLIhNyUhAd3pEYIAAAEABJREFUDd9rWuxIoq6dxSC5IVy4l1TOTeLQtkruN3YxtAphmzxwIEqlvz87w1DA5VVbu5SLGL4UylBphmhlkwy3wYuZE3mAryzcjxtVrSD0VpJATBqeY5CmG2Bc35iDxXHlh/UCNHCCX7RUDp4xVoQbcOZG3H23Iyo0LQPYRvR3BwQ8STaDt+SUynFb/wr+KrdO83EVi+vhXZm5ionQnXsXg+1N9KGQzyBpmkQ5y3ToDBzMf8YjI2BOEJh/v0QEUv3VSUQjAjX/IP0IEktqxCCO0hQXKM4iyUHBsdQ3TmVNJMuObg7WUsIiO2pmUbllyFKJREMDNQ1/Poc5JxHM8YFqfmGllX87st1WlvTanNSSZuETQKqHcscV/AtVz/89Rwdo5StweRFhsCbL/xssA5SIWZoZt8h5VnAZAOTUCzNC2QGmeQJvBBgznBpqrqKCo8Fii2DNhI4tsbUY4v7xPTsNeBFKxoB7Z0Bh9UASnnxJR3V9Hp0Rr+LjN3QnnPZekp3N8aqEwOk5cWMPZvL2cgudzSIvEuWQDjvy1iijdnfUoakHUShzp3JTNxLiPiYDc7CDzaUCWNSOXcW/7utgb1IWMeP5JNJsxPkR7hnCCIIA6qz7edMmSmLrAcUAAGqq8FYTLZeu4/WvTULjv3zwf5e25jMiMnn0jmzwDniav0YOh5OswYgEgrJBAnvBXnuEm00P4KqIElHLGkIRF3qs7fooWbCc3OuexISKmWsvijdG0COM+DYLSLt4wA6eZzQnQsje3y5xmB4KZF6ro5ZepLWUSDAqhp7T+oUCKObJjBCAFzCAXYkQlry9REFMX8dwhIEqCcbP8aXFWKI7vv2mQsu9OI6sDlDH8TmYKlQDNwEp9r+iHA7FZFn9rsDHPz6Ae3C4xEDQPtzRqLiK7jqYT8/w+Pjxji0oC4xHDMw6X+3Q95aA0ZCxiLag90SSC3zYAcNJ56rjUFgPW+4QbHymLvBnPA3yKuiM0Go4OENYI+BJc2oexaUtBIlcWZulZYv6rP/muFhm7swmru362FezQQN+kfdsK/vPNIFFrrcVph3FjYMonrfleRh7UYtE+SiZ7Ga8yM8fhRMxbrNqE5QP6xzt3EZ5fOhs0LA4A5xUA9JygbtEBc1b518I33600aYYXjzcwKPTX5ad9NQ8/OAXwbW6dXKIKXsJvqchxTN+AAFsJVjKa1qXFs8QwR4eK+HyY9j0mOJLu0cbsRj8u09e3UzjrvLjb7GQE3QCtrrnyt/wO3WuYnKiRxoR5XSSYZe9z3/nBAMKS0KZ1vkM94yRwdAwsw1/Cr5TPAj5KFlUchVUf1F+9U0GAizyGFpwT/5N5YNTgcVBHg3/MqHe9ECq3F8JJl2O2hRa31+yBh6G6GpNJlM1HRw/2xspFvRYRQdSJsfhSO5I4YgCDPeIQCoRgemBkmUw0I8mCRSnKud0gPnCqHIB+VXTAuZSwiWVhMZQC0p2tUtooAythAaGoPF/2n0uGof4oliDBPPqLDGCksWMaq2kyhRYnasn05zNcvley6aJuts4XbwF+V9g6FAE1cjPrd5QJrfT7QItmtT6A73Q76DgXyCmmnFRUuL78BtcV8MQcT0WhmPryKUf+XPLntAKXBMjKkUwZwNergj0Mw2/lfLBtEc8URxYNoi9TSSG+Et0GRZjf8oPw3vnKTwBFTyEOJ6fHTZBKyOCnAG8f0qxUaUIhsTCZS5Rn6hBLIMwgbVFKuITpBv7Wj7Im5+z4Sjm0oefYVg4rvM4W6NQ6NG7Du5gb0a5G7HvxeQF3tLD7ZK+9kH3iLGNiwCt+6VLH60F4Gz184sY67WcdISN9o8YfOsvIYIRDuOHBwYXPnw2XcmYThIJ4yf6+FeHhFQbRpSgjF/1UGIi+TudjfJ1+JGNvch5wpILwZdYoghLCACdF94QYOrLq3xHBZBMphkspyVewS+nBCGayJo+upIVGPvCEsN3R01uH82TFyuVGOer4DbxPiDAd4ZTDpTiDlr8wQV8hSNv5bTKiVhsnkls+WpF9w79zdIPb/gbG3D1i8QEU+Zgsfl7vzHq70Ff2T9SIoRiFQ0Dk7e7wdtNMfDomWqFKk3s4xjxOxhkBUt3ECRM9ug83PyM9NbY2Objbfjgx59duSWAgDnI+XkgKi/82v1vI4Apie5OW++bYxN6VPJjcXA2kXe3++Vzg6EYxUQJlvyQkhGkuHBa9KbDcnAPHyGAiyMsOEPfp5qSJ38Fgrhn9SoLCWEM5LxWDXZTEEYJ4KvQN42Tl0CAER/0vz9g8IQhSPQMcQER9dNHpsBGB/HTpQ2wdOQKc2te8uTGbCkFmLDBnQLiPcUKyGDbA7wYRTEUSw0FORB56tgcAGzNC2tAhk+bzY70BWUDshZQuy5ZDBrDb21gOK+jYUZyiIVYCHgxCqfQey3y0+y7dgO4K/ExxdtXN/z5CZ/PVSR2FY0MewnEMyeDHEBMRqJNImTinGsG6GUsbk4fIcoOl8UaY84ltdtKpy4AbCy7TvG+MzfduK8HhnJmtSPxmTPQMvfADMyNBu2gmYMn6bT8L7JisG4rMzVCJf/SfnwEPPbkyxRaz9MlLrA8W5ICqocnZ7LQbmRec0sWqBs1lE/UqFXKBB+e7xxNGIvtS82hsRzKicBPSR6XD0DWY1BLSZSQPeJj9ebav9mCppF8iYDU5byFBuYowCM6UHMJaqk3eVIDBKVN1lwvO5UTTls+6jnwZch4LFfUkGcx6XpRBJw2b/NWwrxt2WisyfA4qQvlgIIUXBViNDQ0+OufgRZHmNm++fhnSi9AYHhbb8Z6mWLNB6rZP+/RL96cFTQQWoYGQxtLztnm9TX4gGEuYGI/98uBBrVujFtWQE5YompuPyyYovebtMeZoY/aT2JLq91ulIMsXiTIaM0vMgPQa4u/MdgsMDJ0svN5J1/5XRp4MCJ8LRFDq1QIYQA0UZQRstjIoEY/7003MnmTyPd8SlVQqyYv6xzQXUzea0ZDqDRl6NjoHTB4wwWb9JztnE+hIkpIcNQr0JX/EJN5oic7CoiF+qToIx1J9fiNssa1Q09AgFu3QMx9QCJcDEfgKjzRyh2x2Bh/9yQVenkMQ8WQLIa1JoGkC0gYUFrPaDTMKKvlfZMhSHjCKDxGGRtnLRibaiiz3sx5ubUMwYhvF/9iT5/jUmxcegvYTt9Z/TMoVxga3j+SkuHbHBEAnqokNS4APky/RZHzXyoMPTrDxhMH8Rk4kepg9Ud+0DZHyf67W6r3wADmUGRcEAXbxdC0aAapODR8yntk4B3yLywLstKjXJP4FBtBAIAt1kGDT88PKxh8J6Tm8n28aPH5gKHtNGhhYSMT25SRfuRLYljhzRu4q7EM9gM/sceYYh8OuVzeSwnzhuSsQRC6P2HxshiF8r0X6mTJdbqkV+khjFCxpCF5u0GT3poqIxCdJlO/Vg0ZWL3XzEhE5/o3EYxj2KRgWPcJWEuMKy8yNAusnXR9gs2zpGEgwzad4Zaj8xSjNOdJwWOKA/sEDZIOLo02+PmgA+3nH5/8xgDmpiQs9uErMVJCxTz/2MGXvl1lfXJx8ssFsp0EIGioVBAcgbjerWP5bfgix6Mxh1FoNESyEPUWGyodgTIP/Dx6hw0e6MfupLhJSNxl8sdliKrf5nMRQIzfAWTTSfVgLaSwA7Y10Hr5d7CkP6uteOd9u66QX4iRQ+H2Hl+9td2Z12z1yBsdcqpImL85A5zwHmUzhhdJFWJpYh36G75vaLkLT/9HA+fIz8eWGmuC8khBRe2/uCofrBF45cEjgV/29egX+b8zR6AkOan+DGfJYKGRYwH136LbUG6goKl/9CfkUDHW20FqH81xfNlnJobTXRvby/fiVpTMdKwl10toIKcSjczM5Q56Hh4q0YGKmrtQqgnkH/GcBfnJ1fBWY20IuSt90Dxh1HZg4CsLlXv8ef9rRqOZIbiEPPsmiPsF2wcIqHkwz38M44h3Q/If0OSN23ogNNyPXrGVmLKj5RSc++pScvbfGwICMK/jhFy68iD1QXYCE7+hS8u/ZACWofBIKjtrjQrzz2y4O/KwGXF9r7clEgoGx/IcmvObbL6R6LrFHSvFaMvBFaZTXCPO4Jz/AIRCYiODOgOI4NUFDrbZ+iaeL8pqTgMIFJfRtY/em4RfpJ4Rvv2sv+kSZK0jT+UIQDP2+afrgdAMiUjARSi3Z4r42/fAodsdXQnwfU24nC6cuJQuaybf/dEuVd/A3l14ZOCzM4AAeyGmGCksOOrAAK2DXmpDuCQGvU3HXb1yQq8aalmQUiusyT8wIGd+Hgwhba8g69iUrwe8Ez24+RmoJOJsEDtKwMyvqS5QTOcA55IQPGoaaBc2jaPQXvzrM/9kM8IEopopqhYMlgAEicFE1Dj42h+iMAK9MeYBxz3WKbzPnXAnaMQ9dCP99y6tMXtbMGFqhnwbww8KjDxhSSGiFBe4oxPiPG1yVQtOu+k6I6wmVdLAUHp/64BRjF/IsLfe+WIgDodmjJ3sXB7+A1gsQcsjvLwSwpAc/eILj5o2HJ2HyX38DD3/Lq9/OXz5N9XYQRcbuX2bxCxDM/iuJMnTKOGmhep3Ab9y4mxpF6NwEOlx28RA+rUOtXrjVcbXNpKmtI3zgCel2V2rKX10Eo4/Ox6rftKdwDGoU2yJVg8AeJ3GhzlJ/CTpSP76AgfV4pxHptYgJCkRd70DixyYux9Ts5Hnp+CL4IApazY5GbBezqx52U2WZh+tbARhGUJnWwyvMSHHSTds1cI+qg6oZrTBlc1GBGdIuPrcOwTNULj+gF4ZjcDOVzW8z9LCK2s7yVITfP7C+kM141GiQE8jWPeEBSKSGP20zwmvkC4LfiTgai+jEUYsoeLgRwETBibCVZgJuAN/jnfYBL7nEaTcQWqTTV4F3sZHAO6haebgnddT5XXG5Ult0Usi1V5apeHeG6jrTIHeMo8FfG1HNqsCZXBxAnqPjCf37dM7QqeKsdD4Ii0LM12+5SphTxGAqFrC6rej/DMUYUAl9UD3cMAcmReqiMAaQT/P1eIoP6tVwhPOD+XYvJDD+Kji5az1lVIQjZSaSl4EjZkVfK1GuwtZPkIDi8VVHE4H3vGpnBjaMS6joQ+nzVddTuKDmVQ2w/OsgYCPQzuKtieK3rt1uYMCnPdqNWj47Y/oV8sHE5xvo/FbC9xTyEhMmESujrgbaa5MpNngDHA4AKylHEGB37Wfbjzo/+geeeAdGsK+W8RAcGj1E2MPBy0MAXohoKFeDOsZYAUsQ+HciH3ilkdC4K6wZIk3hVdroT3D9DQ9t5P+J3Pf1wkeF3YuvlbRW+buBwTAfsvoMSE8BAztBYVFZmcTCQ4H40opjzWpcrMncAU9S146hFwAge6/NxsYBJZFqRPGnEOiwIsBljwfEBbMtCLYGJz2WECF4cE9eFjoRze7uzppKFjPNXGtHx327R5sDIoA+JUJ98WPspkJwcPem65RIeQCGxcAAAJKSURBVJ0EpcHTFztHDQj0272YbBmmd2UfSRbeNcH7BXbXE0eaQvmq75HY4wmkdwM0DEgsPrjQAyPSvS8twLcIKPbgK0HsBNue9PkY+iMKpwDEZ25Zt2o8+y4gIBYhrIqPdhbkDYwabhhDI3zHacJQv+BFeDu5opmcxae1vUQxNmy+vgq+Rah1Ni3Q+EsJkCdY7LZ0znkphN/oo/JCl5jA+V7P/af377GmJHWeStHhajHOF4YDAGqbBqWjgIIvvzS0q6WDN5oEAeCmZ1BJPH+dPQCKW6CJqfVhTodwdQoGrFlYLKvPxOECx3S6vAKBbg7D7ihutMXD64K8NbvqONRBbFn0UW0tYMCHryum7NFyV4hbPQGXNHCY0OXHBNcg5WE+9P7IpOxI6UD8mon5xWZv08dvj4NDjfNV1IajNybj9jV9x4GjxOCdMUeMpZjAz6fvaFvTEqlPjHpfTMaXDZ92m5gi+TEZVPiQFHEcD8F4StddKlub4g6tBbmOcg4RsXjFR6tvtM5Oeygxan98a4jAxTDWDFIpddb3dZ1igz0ZnDzDhJi0xKwf8wgHBIfiaTwk2JyilsG25/xr4EloR6r/GI5l78zeAv+DkOJVesf07wxcm0Stb5YRRLivu8H23ok0DPvz/vh7hXkV7hz4XU9KDdbWVzl/vI4CL15F+1Xg+ldeSJUyBNkAUXOoX6KzWoi+8I9csZCIIzJxuMfFmvgMNR6q0zRkO2StGVH+nK6PN1MDhjMcMJwaMVVZBo8/VSYvn3AmyCEciu//AQAA///UINWOAAAABklEQVQDALbxSAVyt1JNAAAAAElFTkSuQmCC'] {
    errno: -63,
    code: 'ENAMETOOLONG',
    syscall: 'open',
    path: 'data:image;base64,iVBORw0KGgoAAAANSUhEUgAADVwAAAccCAIAAABt5jzqAAABLGlDQ1BfAAB4nJWQPUsDQRCGH0NA1DSiooXFlWnUJGI+UAsTNWiZKES7y+UIYhKPy4n2af0R1naCjQipbawEKxEbe0Gwje/dFReQFJlhdp59d9jdGYgtIYunoN3x3Eq5aNROTo3JTybkgZlW12G0qer3Lax9XWF8m2rYXUv5W+G5elxXNsTzzZCvfa6HfOPzled44luf3aNKSfwgTjaHuD7EluP69e/irXbr0or+TcLuHFeVa4plylzIm7SwWaPKOWeYohR7FMizrrwj31CkyUgpkNUuRYkiOa059qXkdZZmN2BV+PMMn+x9wHZ/MBg8RdphH+6zMP0YaclNmE3A80ukRTN2TNcMpLgiZhfhZ0Gt3MHcF8z0pC76xyN6Nf71anBAB4tVUUbdpMn+AQyUTdocuQPoAAAQAElEQVR4nOz9y7LrvA4uhhIaI+//HuchzmmdShq7Ko200k9l555Udm6NaSImAF5FyaAMWfKQsP7l6SFTBAmCN/Aj8Pv/+c//F3AO4PnxJHz+/3/53/7T/+///x+8Q/ThCaD3iBh+en6E/+iv5zP3/ME57/g3DG+EFzz9hfHz+S9Qcgi/ucDo+SalJHaRLeVOXygFFp/8xFEWnD49iy8v0NpvkSZwPwAPKXYoYPgs+A7n+JIk61yhl0lZ/L0ClSlflI7kCVGqwO3+8/PzLIgPjez4f05KBdLi+iqlEtblbNoRXlbFLf1WvB0bCQFVjbIs6mmannLwUc07CRu1kGewULYVWq096nKjdiuKhlK0ud5SB16nZ8Wnn9/QzI8H5uZ/T8u1KqPlougmnJ8uHfWC8u+f5xAwAT5oUKtTOgXhgLS0JdQkgvTxOjtczgSm39Bzn+rvB2qiTKms75AMLYnGLBf6P0wkgKVxR1sRY8no+4iW7SwdwG+YAp5z8oPm7pShpa4ONC+vAV4y1zeIIulEaZDXNhYZEukqrRYNglLUatFQZWkN8Pt87eH/LVRfN8h8YvSAJd5OxXWxIjDBUwe8KACqJahLCK8nYiZt25nOOM8p4OcnrKIe/xDfXk7vRdo20Yoa6iHmOf4/H9AiuK4lbtbVPhkvekayXKTpuQT6CZu65y5IKz8tmevMgGB0BLLrDIuAuGXtc17KoE2nLCJYy6bMb7kIc42egvpPYcPg/ZYymc6HA2SU4XMD+JwB/ePhnX4JrNwaGI8e8PZM1+UMQfsnRxqwuPM2JVMxE70xLDyV/7kGfrY/FlsA62HGuCZoneFzBUS7ALsJwFj3d9gkxgx/fp5DQBgBHv6xXdXtZ2z9ouJdWQMNg7g8ACzwVZJ1Z9KRfkvy+1wAhRHgaQXzZjZes1QjKwX1TDJ/EEaAYMivDZG7WMDNyKo0U1SApxXEdqBBe903zlGOXYicwRSgXn3gMTNdt31/SAOeO6BgB0trALAtob7hrJtYkQboIOyZUrELMJ+zrWc6UKtgWgM8m3/68bQH7tkBzTc5StXartKjfJ8yozVAUABnbgfQz2FoK+rhGZHtAIqEL8l0Hhlgvd2++uwDdLLvq0zMdVBH5jOnqjcFU6DAGJwVLao0Lv7xgnYZjug4+CeMAI9Htzk/tPibswH1BKHUwhU8QDgMgDAPUDnA1CaPO+i0dX6CDMF1Yep7O5jX2Zia8k3BGjqFvUCbTjllq+ldVZ1nZ1TCYA18pQBVetPt7pABU0Vja4CnNSiMAH6jObzIKVe5qVEeVbLooHoR+P9inwXJCuIzkCMLyYxyIRPuc4iJ2xbgrkw9Glz9EARHlJgCv/n88guuQgQ+v//v/+n/YHRQWBr5jOuTI3PGBRJcDAh2BPw9/yK/xk86aw1gNP7NMysUjsUgGWdh/tETxAldLdicuD9jQf0JczVM+KnUFGQLcxEQgJg5dXjo18plUbplDc3lF2owLzXw7/M6yifOa9vJjWXL9RTc5SSgTpeOw2RsWZkP2oyj4BowZ52g97nGgthk0JuLehg/+xnhguQnv9gYIbMpaCYPAd15u1QLIf+yEkQwK5/rFhrXEWm5Xq3RalG2ayMhutzOHlgdkFuOO22HvzHpczTdbUAaaHL2AB562wDVXALqmhifOMYGVBCs/UKDEC8BnDGpIRq6imgN9vqlNw8kE40xXokJW81PqwxDE4mGsU5nZpKBKC181KXXIZlo8FAldFoCVeoB+b1OisEQMKFDDWfUGs2tJfPQZQhjqoU8+scJvEO6+oJ6KY/bJbMgK+22c7EikIDitOJQt4lO1NYAr5Etk+piAOLEi+510Amo+XqwHqi1op5Uqdzs5C/0Guh0baUmDJi8LdMNTFfLouabQkEez8EczCcm4wyVuKhx8xtvODcsANpXtMitAVbKcVWrrPNXYeG505Ae86zUmdGmUzBe/VU2wM8NoFIDlE2sHDDRHvQxOhzFei/dirEu4JiVTkHvLN1BLDHhcmQhOktRjwzUzppe5xjWALCmADuS9fGz3kKdu2c0bMIb0re/FKMm5fp3dYJ4Sm0YD6cVl340Asu9lX4aYetHMJ+vHgOY92LtxgXU6xltg8wXuuCmh+sMpF0DZi9LLenmxA+PQz6awha3wS1Z43X0U52t/SENmHx0tJK/OsOBBaFZqkDvjB6AwIdrub208FAwXSroE+rXjWpkAyXzL1OrG/hty0xD6ororJfoXLkGcPl4c0bWnU6rDNYr73WVDpMgwtAF36NMPfb2h2A7AnC9w76SrfGCdcQcairqWUXoYpinYbDyj6C95agdLZ3tDt8WNc7IeHDKHaVyMWM+ZZsPRz6m5wPShdPtAevlVkNAl605mG4lw7gVdrjDatB+e28smWjaguL7ZrY4kNTaHDpC0P4lI0D1GK1NFba3wg3lB4KSUueqTGW+BrAyI+LsT4Tk5+4NygYS6P1IvPi8GwpTLBQpIJYI+BeQ6W5i925sxALk80uPKQUD/EI7TmTbnYKysUs+FHMvzXOTy6wFbfVbIgIn2hL9N//xf5TlsSyQfVwqh5M+T5KiSQ7oUiUZUTw9CUk9W9flfJ1/lFwwrsEToit55hFxoAjIyaTiRTMQausTumrnVv/SfLqUW3rQNLQPcvMF/nFZxROmbp5oPqzAi+WKSCBivVxqrOYJCQ7hdc9b55UzQBqOqC2CizxqKHEVWKrwustEPe+SPSx6DWwelT6r2k+sXPbNu9us+cNfD8iyTX71GAH383xKN4Q9ytNe+aEWBLyqrXxH31Y1p2rfarNoJM+Vf2DNPCdqpUrw4RdNF4aagAYSP3FJH7GbVEWv1HSclHhtXQH9PCmyPbDFhCkXAXqohHKqG5g7396gPhfAkyNHce6h95PyxvHzEllucvSrt1Thp8zJVaZfSKZffViqv+12l3KcGQKmuPKnG9IlWt5p8lte2IKrxsGxEr6ut1YyXgNbnCYEngMVmqM9gjMfCHUZ6m+3UEUmD3IW6n1X3/a8qa8fH9bz042rK7+FdXDyFOhsd/jwSa9v4xkiTjhBXPCv56Webg466Vdb32adk29Gdn5Rriq0DbfDVdG35+KApOTb0X7AW7C9PzxdSm2qsa40yWagsQUXdcSxcVVBxuNqZcIbqT0CyLBXT5bWuoq2vcnsOulzBpx8mP5oDahjrUymnLKdMek3EPRJ1+LIU+DC+KnOb7TbvcrOeunRT/esdVCAR9hPReuBbU2GuqNZIjUFh/GekVHmumhG6ilWmwyzMYcuQJO7/M2mjx1cgikJ9VVeIboc4nDocrz5RGc6ueuXHp5s33Qt2MZTII5Yo1T5OUv1mlcx+Ml2ERPzIm2H3oaHzn5QNp7eDcmL/imowAHbkel6daCTWKNwYouHEyZSgPdAgdZePkaye2MrxF5S6RigeKbjqmVrvIMAtJ4S5cb8wyS3XcjYjVzWVpQ7gXxcudF4h+ayGchPOQavJGJP+eGQd6ATe+Mqq89TjHFRSe1h9WYYHqX9ehO6tovM0gULKIWMaJfBtqczw33zFVfLXSL7XOothN6h7pny/JG18U1PzHliSLAzAMRoDbYwe9JP6JRs3x49gC+Wx0lAOxIqj2IPnB/Gps6pc3O+Iv3C+91paRsNHLrUyy0kWOhzOmg3QnodVHN2diQ+nWwInNvDHGRuIrE4ip1Zzanbc3zbNxuoKR5Wo5PsuuicPDccyKAYEV8VRhB5cILodgOYBXKsO4EGAg9ZhPCb2HEfwbxAXGZEkBD5/fN16NGwAvwVxiAYwv/uf/if/+P/8D+lGMC04mNsX3L/J2eHmNF/Xn5ymI0KgrELlhaCnYq047Gjz2Ff80f+mQHaGXAgAzRUqTuEM/AZvgCfuTD6gZ+Cw2TsZo69v3CBe8urDO26Uuj6E0uYcnzvVedklh13eNj8G4mVSdrUi5+8lLgWdV2zrlQBND2PHNJl1Fldx/IPaCqGvdyIpNjQSZkfsz9oyLKt2FOv8PGOGOZXV0oADcc6UVUIbB/VZXPlcr+ScvosMva4Jo1Kl2RNs0ThFwLEssNwcDjrAGWTWruQsceaDARprBcBOAFGT6hVOmV+D6clS8kIxFrFdjHDEDaX5pdgCAA1JEDrH848bqbyAsHYsgx5iHDL4YMHrG9DK29NQuWJ1NZ9e1hQEGq/6QBKUQ9AUsyHBSUpMkS6S6Gzb6HXAo9UqQZONXTDglMTxhKQCchT5KTlZGaErcfsPplj6dbMFM9JENjj9YhlRpnMuom1w76S5+QJEID+Zei0gRnbWlf1rgRUNOPsaQ/kZ82vHX7NlcYp6f35BmK4GHRDpkCLDfmWhNbZiW/+CAusIMtlJvqKmK4B5qne7P3QecB7hXYVgcZNrKzywGpLSav1oDuHdOFxIHTguwvvugTuKJIVH0RMmNfvZZbIdG6yT9pJR4YuGvrS+K8/gdNyNV8DmFLoAWQx9LZWYFuybJHSxhPUPhhIOWoe9lK+JntnweYWkhVOkCIoGMXP3VgOZ0gDne5Bd3cpdORasgEx2850ztkuHDuAgLBDD3awJnwwmE6ITm9YcLb0Cu3HN4P9wDGY6VIB7Yd9dYuIj9gQRJm+vAcKHKiLcnnptLQViCBMgG6GZDOY8fCrt6Bru7rKLb46R0wnlHY4L90OAgY3a6/ZOh1hvb8Lx0QP7B8G6yri1GRuWLDhS+d44ZDJPH6wNiFozWXWJiY5Soe48cfFRKY0UkLT7WRnnQsBC+RC+Nj6V+VuVz+zK3uTsVcOzcSEE2WotANrHQTMQwL2s3Na2uceoQf2JQMLDgLUM6x2fFsoh/rxPN3bpyTiZctHFyFqN+y6ZGpd1eaoX+aN2NDxlVMr/SZWm9J6ZNXPI00J/RRK3YRQH1j+OmtSLqLs7I3AFgG1Eh5lMbDtm4me658JnH8PGM1la06Tip/lA/OfMpExXC6H9xUTrWNMocyefDpKc1Uu5ITRayAKOtDLegrZKeAjugx0AnxInsNyAeGXCi/N/3/+X//Pf/iv/uvoMYSgfg4Fn0e3qAQ3gQIIZCBdBAV6wQu6CK+JmCQGErqYncvAq5yGy8MwQgZt5U8qs8e5aBcaLNaZpPfoAOywfttPOGE6FivaqZM1rMHO5FF04Sh/uPmwiK7CDK5RTKrc1OGs8LmELE+G9LG60AKANT/shVhkWOnrgjQw1TQ2YccBYKcQM6ePRRXXRT+vTFy641JKjMhT8gcMlcgzqyANiiDegsKw+MYiq9B5hYtNSYJJtlkYrSDR1QraUeZWtrVQeNveFrMnee/ncpvRNCFjjvHhO/FzN9Hby7IZ6U6qBoLGtn8HXyns7nQ8vxEwvarSymroY92txXidPGvys/1HLkcp1wr67JQpdbIZxa/S1MkGwYV06ooYX+FSL6iVNqae6ssUsPFiBKp+QGt4qCkJItCjoYdwrTD1Mt/HFclz/YtTuvLRrb56c6UjqlUi9QAAEABJREFUyMPR+ivWQWpwtUziMFz+dm9mWKYaOGfSJTM9f36uWB4QHX6vvgDmw6D9YYCySVzbxHRzqVd/W2y0NWJMP2Diyq4GBBIwWwIZkN5m5SxpFFFM21ioIRHYSacgbdDYzWue5Y2viuZHfiBho2d4d9ODq3mne48AbPrIFPR+IusDxU90Kt5ORVVm71de3cROSxI4OriLxeUXdzibNN8kvjWuogACHnnLbWwD3rw5XUqll43OpgzR4meRmxsroSkNLCqKl8SW5N/I0Hx9btxHVtdvIXwmGYL8QEXM8V22qyN9nwMvRu9VTKR5xAB7jVEbj+avineQeqhX43WMhyPt9plsV+5tyt0f0XoEPkgT9GLBVAIvYlhLpyFlbZQO/vXd+K0WIe8XjAqNNnhT08fA5UBlhqbDUToVerkHVJpvqqSrJBcSNClxHzQM9Zfo1CQe1NSMNXkNNLEWQTWugahO2fmR6zl0MUCZ1LiJd1hc0gYVCgc2HyFzPwIDQcUbBhIxEptJUOlxwD4iii6V8S2WpymA3CSoamMaF3jg9MFcN8XxlMSjRFg4DFJ6A1GvyqqT7LU39PZVXTJYzYNuidaug16S5ZrHDVR4l1MhwVas7YXcUWRrSZknQtnzzF3kWB9qaMlytCR6XZEYPdhyh3/I2a7rzHOLKaOPPZkAV85M3EuahbyrbztA/hUEuxPxZ3n8ZCQZ+/8THJN4EYSqzIBpn568BgYUIH0S6gmSy8CMC6TUGdokjPG39BH4H/6r//r/+j//7+wJ0KVFspcjs4gAj+s2QQQ68jOHEN/0XtiRmZne4Zv4IixeechZDMle7FEo8ZBdnOkTTq2Sb/KHB/XapX4MnHGrizkV5xhgwd5nSETT3NhBdVU/Z4+E5cP5uz01gnVe6WnDrwM+4w1silXbZhs/MUk16oE4CvbJ3SP9DjWqsSpcr5yv+0hsQ1lf1pXsvB63arW3xYjo6+7b5q9DLp33pY/ASm149mv8ZNVVLP32yUuzEmDvc0BC60kqQSy/jZntywGYasROQdlLhmvbt+ldOlKfUjslqRNunMCAwrJ79BtvSOoXKbr8R+IR62hlU0cX42iYf6A+fPAOJkwdGZsRgeCmnmZNvwIKHKivqibbwSuLtNVYFuCw7Cn6UdoCBm40qTlpEhneUk5Zvk5BnpVpnaMRo/6CtiWZW6lkWfjsA7ykxMeCqPSGD9PzHmOE8qq1DOM6GHGHXba64awjU6NCVwMgxHHdDT0EKAdq/SLAtlWw1VWIPiK39TI0Hgb1jLXpltn6AIlmG9hjxOWhriJqnVJj6ZQ01unkcp7FGGs9UKtn9q0uFor1kl94PpTfYjrU64Ix49Wff9hi4iM0fozzqnkZFl5qMrOeIAaILgcyIJr+7Bdl652T5aTK0wXr1WDXS5CYuerDMNPznm1INZN0mgEEZQWoKefojStDMm0RVxh8nobQsPr1IYTc/Cigr6vzh/omVi6AVRUBdb9bHc/lRJKvhzlbUo9aaAuVGLiKNhEa7kX02IHByLYXS+fUpNSlmjsZYyMyzjfguhxN3TtJeTTZiQn8bdZIeyUJcKSs8uhKYT2dfrRUZjnoR+7VxDfi48Zy5Ld1BLX4rug/hQ/mfGofGgZk7yVIz1qRBtLh5Is92xzDt5heu/s7zC+dyydTk3iH6trBrYc3/bjgtGSxWUPgA9/BMwiFidW974N8E+nHInGYCtAOiPvSyBbHehfW5J7P3317sq7LQJVq4FDDuglAl8Q7p10GbDidWczWXBNG4fQU8C85jH9D+CMV0aT9tHmVncTsMA/rydxDt34DQR30VfjgHfZC6vxMj5nm2SNy9Nim+vbn8rbjue2iW3BNpnucEf4qQv2MM0Q/UQEs16WFLKH45GG3fcKeAuNUWfkITOjA6EmXty4MDXQMj6Mlugd2c0BQ7xBKmFSpwAUKAqzBBf7+r//b//6//qf/47/9j//jf/vf/08ZGIXpzhxi3Ccn4jhjwRWhj6eojKegc+V435wwgbS7YAygXEN+Mn48SidrmWG1G6U/V7pDtmDj/LG8DE68P6xbA5BE5LlSKEa2ASrwYhkCpu/GWCKwYOGz4gbFpzyTt6kRdOXnJCCuD4OnxP7+basJeEmQOewu9uoof1X+OrD4dPmz4tKvdPHzYlgcDGeiHgqn8eBcwwtz6OEoYKWKSEcuy+nK7DNVi4B+vdhU0dzkzkkxYmBjMaHORoCkJVMP08SePj2dipmMgcqBWt/JlKsZ0LdJfVZHoLCOo7ihYUDDWDuF6SWoOzZYrkg4B388ZBvotVGB1S3i1GS5BNZHo4ijdRw8l140V1btclAtalTl3fnluUaYggIEV5HYjEGvCbQLdFBOJfbWAk3S6YGPCZWIMG0Ma1Uq65o4PSI2mr4nTzYgAoV2PUUpFzPmF4Esj70DrfTixySnAuFcEtAYsqAfVs1dr7w2xYZ7QQ8e/V74CrWeD4eytNWt+WIBIiYMm8e6/JyaTPfusuB/j+vkxQzq/cDUORn3dq89NgDVc31FqLNz869dOh84XNCp0FFAq1l+4bUfGnma4zCwROGYVwSNpk70/8gI/BBDhxvIcH2zbX4/CrRg60FTMQZn+WHsWzoPth/fdBXx+oooqVeT0GMnuhZVdACtb1pbpJparU1bhO4jMyz+8TqtksY2YRqy7k2xiSMiFOPNgG1s1G96yz5C9HaGz2Xvj7gLdmrSrj3UQcnVqy3rZRk7yUFcD58NAxnqUmkjgBr3EYR5iwBEYNQWzrhDi6hIf2WiZdCyi0FzNtlcVtiar450yfTRatnOxDHzcHlG02oCDswRCvLWDvb6pQtjP4WOfVY/OhMwvqdkj/vUZ6dhLUP/S89biGqAl73JQDm+6RdR5ZGMT/4CZymNazLiVk2ZY/zyqvVe5BCU3o9Ud8RIqCHt4anxjCNGP4DoPWTpLMAdRlrBbJUMAREIFjpgCCrf1yTSH2po5xHTwCmEtgBxjWSRIRHo3tFvXVSpBi64SycO+AxeA3SrP3K0oEqrBY3r1wBvb59p7pjCUYhPmJt38vsywuw8aV2UxosZ87XRSIvUeAAkzNXcFGZ9WW4HnbEZMDm0JtsDnYKOcgHozBdRceEfDMLDoMA1qVa+/RoIYDtQQ5GeTA6QwgGj/MS+nOhh3Kfw5n0Cly5lAUcTJpeBrgglTFFBHDnCYVY1LvD3//tf/JcBC+R9BxFIiwOU9RHKP5h+IinQn5730siVE3hgRFrTO1N0NEhyE69tAsKLf0fXgsU9rbLVS1RYFB4f4UF6jBkg5bhjV2i9nLD8CwkT5hMqtmlaLL/iLKP4g8Aw5UdcjabbEtbfBHxWgv9mydsfpEFfQiBT+iixwMZz6MSypEnsUHOIsm1rhx2QH/brik1Ne3MPzhuqiBhcfXKI4G7D5ETzWmSCGIxdtNBjL5uy1G4lt7YizY8dcSaRZ9kmEcy0lyALfRXFzK796hZ1iSHFgaV3OGvBsqr6TYJ2neeUpGU8cIDkmz8ofvQcEqFcejs16ZLas11M68Np4C+N1//SePxOhlUqe6cSxroVJ5Ufx5CwhSOBAYvte8cV0Emm1+ripQWaVw9ALgh692gvxigIBq4CvyWZWSLLFglnM8Dx4xUqi5ZKaG8oHgWwhir/OPYV2uOhXfHrh1+dEWfkYpZyzbOYIV+c8XEFbIAyrJINmmbsSFNAHya/By3TX56HGZfvY+NqL6/aEEAbKDdfW2lRmtYVUa4BQM95MUfyPQ9y3UtfEfOb//BmL26eaysi4xvEzScuptNSmcXy/mAkmpiS70Z8EhkYfpyjjWCV4bvj6layBlqt79GceAp0ng3imnzTLm2dzCuipMGVdzAd/RS7xhkNbDZUpA5zab6F6K5wyEcUH4RAsow4S776c3TrYUG1cw9Hgb8EinqZ2NwOsHHbvshW69gvD5g8FAeTpX8nFpneoqFShpFhVamEi3UjRNDkZBGo3j6bO/LUsjYeV0OtgTDBL5Zy5ss83bAw0Oe2agIC27DdRiOY9YGZ5TK5z6HNKa'... 1382558 more characters
  }
}
